============================================================
                        SERVER
============================================================
num clients:                  1
TCP port:                     1238
IB device:                    <auto>
IB port:                      1
max outstanding CQEs:         64
max send work requests:       4096
max receive work requests:    4096
============================================================
index prefix:                     "/data/xjs/index/dvstor_sift100m/index/sift100m_R96_bw128_metis_pmd32_pq32_schema16"
storage shard:                    "/data/xjs/index/dvstor_sift100m/index/sift100m_R96_bw128_metis_pmd32_pq32_schema16_node5_of5.dat"
storage id:                       4
base vectors:                     100000000
vector ID namespace [0,N):        4294967295
registered memory GiB:            24
====================================================================
1 device(s) found
Selected device: ibp86s0
Selected port state: 4, lid: 8
interleaved policy
num_cores: 112
physical cores per socket: 28
hyperthreading enabled
local process CPU partition: rank 4/5 logical_cpus=22
pairing: 46801 -- 118920
[STATUS]: loaded index metadata from /data/xjs/index/dvstor_sift100m/index/sift100m_R96_bw128_metis_pmd32_pq32_schema16 (layout=plain, vector_data_type=uint8)
[STATUS]: storage-owner stage2 candidate width L=128 per shard
allocation size: 25769803776
allocated ALIGNED MEM (no hugepage) at 131487473074240 with buffer size 25769803776
[STATUS]: loading index (19261201856 Bytes) from /data/xjs/index/dvstor_sift100m/index/sift100m_R96_bw128_metis_pmd32_pq32_schema16_node5_of5.dat
[STATUS]: loaded GPU PQ codes (621329088 Bytes) at remote offset 19261205952
[STATUS]: storage-owner idmap loaded entries=20000000 format=owner_sharded_v2_bound immutable_base=true dynamic_shards=256 dynamic_reserved=65536
[STATUS]: compensated physical centroid restored on shard 4: vectors=19416534 entries=4
[STATUS]: register memory and distribute access token
[STATUS]: connect QPs of compute threads
[STATUS]: reserving 64 GPU/bootstrap QPs per compute node
pairing: 46805 -- 118925
pairing: 46811 -- 118930
pairing: 46816 -- 118935
pairing: 46821 -- 118940
pairing: 46826 -- 118945
pairing: 46831 -- 118950
pairing: 46836 -- 118955
pairing: 46841 -- 118960
pairing: 46846 -- 118965
pairing: 46851 -- 118970
pairing: 46856 -- 118975
pairing: 46861 -- 118980
pairing: 46866 -- 118985
pairing: 46871 -- 118990
pairing: 46876 -- 118995
pairing: 46881 -- 119000
pairing: 46886 -- 119005
pairing: 46891 -- 119010
pairing: 46896 -- 119015
pairing: 46901 -- 119020
pairing: 46906 -- 119025
pairing: 46911 -- 119030
pairing: 46916 -- 119035
pairing: 46921 -- 119040
pairing: 46926 -- 119045
pairing: 46931 -- 119050
pairing: 46936 -- 119055
pairing: 46941 -- 119060
pairing: 46946 -- 119065
pairing: 46951 -- 119070
pairing: 46956 -- 119075
pairing: 46961 -- 119080
pairing: 46966 -- 119209
pairing: 47091 -- 119210
pairing: 47092 -- 119211
pairing: 47093 -- 119212
pairing: 47094 -- 119213
pairing: 47095 -- 119214
pairing: 47096 -- 119215
pairing: 47097 -- 119216
pairing: 47098 -- 119217
pairing: 47099 -- 119218
pairing: 47100 -- 119219
pairing: 47101 -- 119220
pairing: 47102 -- 119221
pairing: 47103 -- 119222
pairing: 47104 -- 119223
pairing: 47105 -- 119224
pairing: 47106 -- 119225
pairing: 47107 -- 119226
pairing: 47108 -- 119227
pairing: 47109 -- 119228
pairing: 47110 -- 119229
pairing: 47111 -- 119230
pairing: 47112 -- 119231
pairing: 47113 -- 119232
pairing: 47114 -- 119233
pairing: 47115 -- 119234
pairing: 47116 -- 119235
pairing: 47117 -- 119236
pairing: 47118 -- 119237
pairing: 47119 -- 119238
pairing: 47120 -- 119239
pairing: 47121 -- 119240
[STATUS]: waiting for compute-node startup barrier
1 device(s) found
Selected device: ibp86s0
Selected port state: 4, lid: 8
pairing: 47126 -- 47131
pairing: 47133 -- 47139
pairing: 47142 -- 47148
pairing: 47150 -- 47155
pairing: 47158 -- 47163
pairing: 47166 -- 47171
pairing: 47174 -- 47179
pairing: 47182 -- 47187
pairing: 47191 -- 47194
pairing: 47197 -- 47200
pairing: 47203 -- 47206
pairing: 47209 -- 47212
pairing: 47215 -- 47218
pairing: 47221 -- 47224
pairing: 47227 -- 47231
pairing: 47233 -- 47234
pairing: 47236 -- 47238
pairing: 47240 -- 47241
pairing: 47244 -- 47245
pairing: 47248 -- 47249
pairing: 47252 -- 47253
pairing: 47256 -- 47257
pairing: 47260 -- 47261
pairing: 47264 -- 47266
pairing: 47267 -- 47265
pairing: 47269 -- 47268
pairing: 47271 -- 47270
pairing: 47273 -- 47272
pairing: 47275 -- 47274
pairing: 47277 -- 47276
pairing: 47278 -- 47279
pairing: 47281 -- 47280
[STATUS]: storage-owner peer RDMA QPs per peer: 8
[STATUS]: storage-owner peer QP0 reserved for RPC; data RDMA uses QP1..7
allocated ALIGNED MEM (no hugepage) at 131486405623872 with buffer size 67108864
allocated ALIGNED MEM (no hugepage) at 131486365777984 with buffer size 39839040
[STATUS]: storage-owner peer RPC receive slots per peer: 64 (requested=64)
[STATUS]: storage-owner peer RPC concurrent sends per peer: 16
[STATUS]: storage-owner peer RPC send credits: Stage1/graph are split at depth >= 2; responses use a dedicated sync buffer
[STATUS]: storage-owner peer async response capacity: 32768
[STATUS]: storage-owner Stage2 home RPC combining: enabled logical_capacity=18432 aggregate_capacity=4608 byte_budget=33593392
allocated ALIGNED MEM (no hugepage) at 106389263727872 with buffer size 110592
allocated ALIGNED MEM (no hugepage) at 131486636613696 with buffer size 212992
allocated ALIGNED MEM (no hugepage) at 131486632943680 with buffer size 212992
[STATUS]: storage-owner peer reverse-update workers: 2
[STATUS]: storage-owner peer Stage1 workers: 3; Stage2-home workers: 1 (one reserved; shared lanes borrow authoritative work only)
[STATUS]: storage-owner physical control workers: cleanup=1 placement=1 (separate blocking domains)
[STATUS]: storage-owner peer progress threads: cq=1 response_dispatch=1
[STATUS]: storage-owner Stage1 artifact capacity: 67584 (64-way, per shard=1056) cleanup replay per shard=2048 active migration receipts=131072
[STATUS]: storage-owner peer reverse-update tuning: queue_depth=65536 coalesce_max=256
allocated ALIGNED MEM (no hugepage) at 131486623916096 with buffer size 855296
allocated ALIGNED MEM (no hugepage) at 131486620774464 with buffer size 855296
allocated ALIGNED MEM (no hugepage) at 131486619717696 with buffer size 855296
allocated ALIGNED MEM (no hugepage) at 131486616379456 with buffer size 855296
allocated ALIGNED MEM (no hugepage) at 131486612385856 with buffer size 855296
allocated ALIGNED MEM (no hugepage) at 131486611529792 with buffer size 855296
allocated ALIGNED MEM (no hugepage) at 131486608191552 with buffer size 855296
allocated ALIGNED MEM (no hugepage) at 131486607335488 with buffer size 855296
[STATUS]: storage-owner peer scratch: snapshot_slot=192 graph_slot=832 batch=256 lane_peak_rdma_wrs=56 lane_useful_wave_rdma_wrs=56 global_read_window=224 search_lanes_global=32 search_lanes_credit_derived=16 search_lane_lease_cap=32 search_lanes_physical_per_worker=4 ready_context_runtime_epoch=1 bytes_per_lane=213824 bytes_total=6842368
[STATUS]: storage-owner maintenance workers: 8 (configured=8, admission_baseline_workers=2, context_limit=32, semantic_execution_batch=8, work_conserving=true)
[STATUS]: storage-owner stage2 reverse outbox descriptors: 128 aggregates=128 wire_max_ops=3072 (shared per-peer work-conserving aggregation)
[STATUS]: storage-owner maintenance tuning: protocol=centroid-home-two-stage compaction_batch_target=32 packing_policy=deterministic_b8 packing_tail_wait_us=arrival_adaptive_capped_25000 packing_context_limit=8 backlog_limit=65536 admission_credit=bounded_accepted_backlog admission_window=65536 physical_completion_capacity=65536
[STATUS]: storage-owner peer RDMA read credits: per_data_qp=8 data_qps_per_peer=7 per_peer=56 global=224 shared_cq_read_budget=8095 ordered_snapshot_pairs_per_chain=4 (requested_per_data_qp=16)
[STATUS]: storage-owner online insert tuning: construction_beam=128 snapshot_batch=256 protocol=centroid-home-two-stage
[STATUS]: storage-owner stage1=physical-home local search and backlinks; stage2=generation-fenced home expand+score continuation
[STATUS]: storage-owner responses=foreground direct post; completion=repost by service poller
[STATUS]: storage-owner foreground pipeline: coordinators=12 cpu_lanes=3 (assigned_cpus=22, rpc_parallelism=16)
[STATUS]: storage-owner CPU plan: foreground_cpu=3 foreground_coordinators=12 maintenance=8 peer_stage1=4 (split into isolated Stage1/Stage2-home domains) peer_reverse=2 peer_cleanup=1 peer_placement=1 peer_progress=2 foreground_progress=1
[STATUS]: storage-owner insert runtime enabled on shard 4
[STATUS]: storage-owner maintenance observation: enqueued=220 stage2_enqueued=220 cleanup_enqueued=0 stage2_tasks_done=220 stage2_finalized_live=220 cleanup_processed=0 stale=0 stage2_completion_ratio=1.000000 live_stage2_completion_ratio=1.000000 avg_stage2_delay_ms=135.201104 p99_stage2_delay_upper_ms=512.000000 p99_stage2_delay_over_30s=false stage2_delay_histogram=0,0,0,0,0,11,6,120,67,16,0,0,0,0,0,0,0,0 max_stage2_delay_ms=386.334076 compaction_batch_target=32 compaction_max_delay_ms=25.000000 stage2_rate_per_sec=43.798219 stage1_search_budget_exhausted=0 stage2_search_budget_exhausted=0 stage2_continuations=220 stage2_remote_frontier_items=151207 avg_stage2_remote_frontier=687.304545 stage2_remote_expansions=3692 avg_stage2_remote_expansions=16.781818 stage2_scored_candidates=258434 avg_stage2_scored_candidates=1174.700000 stage2_graph_read_waves=596 avg_stage2_expansions_per_graph_wave=6.194631 stage2_graph_unique_reads=3748 stage2_graph_prefetch_issued=2904 stage2_graph_prefetch_hits=2848 stage2_graph_prefetch_wasted=56 stage2_graph_prefetch_promotion_ratio=0.980716 stage2_graph_issue_width_current=16 stage2_vector_read_waves=1637 avg_stage2_scores_per_vector_wave=157.870495 stage2_vector_unique_reads=159735 stage2_home_rpc_batches=1254 stage2_home_rpc_items=150486 avg_stage2_home_rpc_batch=120.004785 stage2_home_score_rpc_batches=586 stage2_home_score_rpc_items=146738 stage2_home_score_rpc_queries=2514 stage2_home_score_rpc_request_bytes=3871624 stage2_home_score_rpc_response_bytes=4719064 avg_stage2_home_score_queries_per_rpc=4.290102 avg_stage2_home_score_rpc_batch=250.406143 stage2_home_scored_neighbors=245427 home_scores_per_expansion=1.630896 stage2_migrations=12 home_match_rate=0.945455 stage2_final_edges=11431 stage2_cross_edges_stage1_home=1657 stage2_cross_edges_final_home=1513 cross_edge_reduction_ratio=0.086904 failed=0 rpc_timeouts=0 reverse_aggregate_batches=0 reverse_aggregate_logical_requests=0 reverse_aggregate_ops=0 avg_reverse_aggregate_logicals=0.000000 avg_reverse_aggregate_ops=0.000000 max_backlog=9 admission_window=65536 completion_outstanding=0 completion_incomplete=0 completed_behind_hole=0 completion_logical_full_failures=0 completion_physical_full_failures=0 pressure_yields=14 stage2_batches=35 avg_stage2_batch_size=6.285714 packing_target_batch=8 packing_admit_queue_avg=6.314286 packing_admit_queue_max=9 packing_batch_1_7=19 packing_batch_8=16 packing_assembly_batches=35 packing_assembly_wait_ms=442.250794 packing_arrival_interval_us=5795 packing_waited_batches=19 packing_wait_ms=260.367000 packing_target_flushes=16 packing_deadline_flushes=19 packing_cleanup_flushes=0 stage2_phase_search_attempts=35 stage2_phase_search_task_attempts=220 stage2_phase_search_elapsed_ms=2115.740252 avg_stage2_phase_search_us_per_task=9617.001145 stage2_phase_freeze_prune_attempts=36 stage2_phase_freeze_prune_task_attempts=227 stage2_phase_freeze_prune_elapsed_ms=159.890024 avg_stage2_phase_freeze_prune_us_per_task=704.361339 stage2_phase_reverse_prepare_attempts=35 stage2_phase_reverse_prepare_task_attempts=220 stage2_phase_reverse_prepare_elapsed_ms=1302.817956 avg_stage2_phase_reverse_prepare_us_per_task=5921.899800 stage2_phase_placement_authority_attempts=35 stage2_phase_placement_authority_task_attempts=220 stage2_phase_placement_authority_elapsed_ms=241.379037 avg_stage2_phase_placement_authority_us_per_task=1097.177441 stage2_phase_completion_handoff_attempts=35 stage2_phase_completion_handoff_task_attempts=220 stage2_phase_completion_handoff_elapsed_ms=0.071981 avg_stage2_phase_completion_handoff_us_per_task=0.327186 stage2_phase_finalize_attempts=35 stage2_phase_finalize_task_attempts=220 stage2_phase_finalize_elapsed_ms=0.272198 avg_stage2_phase_finalize_us_per_task=1.237264 maintenance_worker_idle_waits=5952 maintenance_worker_idle_ms=35776.445125 maintenance_lost_wake_avoided=145 maintenance_targeted_wakes=3815 maintenance_generic_wakes=218 maintenance_broadcast_wakes=0 maintenance_context_slots_scanned=62240 maintenance_ready_notifications=3273 maintenance_ready_stale_notifications=1 maintenance_ready_tickets_drained=2482 maintenance_ready_overflow_scans=0 maintenance_ready_fallback_scans=4196 stage2_search_lane_lease_limit=32 stage2_search_lane_lease_peak=9 stage2_search_lane_lease_blocked=0 maintenance_worker_observed_idle_ratio=0.890309 maintenance_worker_observed_busy_ratio=0.109691 physical_stage1_items=220 physical_stage1_total_ns=1141814657 physical_stage1_search_ns=1020024531 physical_stage1_prune_ns=72881071 physical_stage1_allocate_write_ns=42750491 physical_stage1_backlink_ns=5451561 physical_stage1_candidates=28156 physical_stage1_remote_frontier_items=151207 physical_stage1_neighbors=10734 peer_stage1_enqueued=331 peer_stage1_processed=331 peer_stage1_items=326 avg_peer_stage1_items=0.984894 peer_stage1_rate_per_sec=64.900997 peer_stage1_max_queue=8 peer_stage1_active_workers=0 peer_stage2_home_enqueued=1602 peer_stage2_home_processed=1602 peer_stage2_home_items=200697 avg_peer_stage2_home_items=125.279026 peer_stage2_home_max_queue=13 peer_stage2_home_response_queue_drops=0 peer_stage2_home_response_send_wait_ms=13.546855 avg_peer_stage2_home_queue_wait_us=68.241150 avg_peer_stage2_home_execution_us=100.815117 peer_stage1_release_deferred_batches=7 peer_stage1_release_deferred_items=7 peer_stage1_duplicate_retry_responses=0 peer_stage1_admission_retry_responses=0 peer_stage1_retry_response_drops=0 peer_stage1_admission_waiters=0 peer_stage1_admission_waiter_items=0 peer_stage1_admission_owned_items=0 peer_stage1_admission_wake_coverage=0 peer_stage1_admission_parked=0 peer_stage1_admission_woken=0 peer_stage1_admission_reparked=0 peer_stage1_max_admission_waiters=0 peer_stage1_duplicate_coalesced=0 peer_reverse_enqueued=86 peer_reverse_processed=86 peer_reverse_remaining=0 peer_reverse_items_enqueued=2900 peer_reverse_items_processed=2900 peer_reverse_rate_per_sec=577.340156 peer_reverse_failed=0 peer_reverse_max_queue=4 reclaim_pending=0 reclaim_reused=12 dynamic_high_watermark=19882789056 stage2_remaining=0 cleanup_remaining=0 active_contexts=0 active_context_limit=32 repair_remaining=0 remaining=0
[STATUS]: storage-owner maintenance observation: enqueued=220 stage2_enqueued=220 cleanup_enqueued=0 stage2_tasks_done=220 stage2_finalized_live=220 cleanup_processed=0 stale=0 stage2_completion_ratio=1.000000 live_stage2_completion_ratio=1.000000 avg_stage2_delay_ms=135.201104 p99_stage2_delay_upper_ms=512.000000 p99_stage2_delay_over_30s=false stage2_delay_histogram=0,0,0,0,0,11,6,120,67,16,0,0,0,0,0,0,0,0 max_stage2_delay_ms=386.334076 compaction_batch_target=32 compaction_max_delay_ms=25.000000 stage2_rate_per_sec=21.948790 stage1_search_budget_exhausted=0 stage2_search_budget_exhausted=0 stage2_continuations=220 stage2_remote_frontier_items=151207 avg_stage2_remote_frontier=687.304545 stage2_remote_expansions=3692 avg_stage2_remote_expansions=16.781818 stage2_scored_candidates=258434 avg_stage2_scored_candidates=1174.700000 stage2_graph_read_waves=596 avg_stage2_expansions_per_graph_wave=6.194631 stage2_graph_unique_reads=3748 stage2_graph_prefetch_issued=2904 stage2_graph_prefetch_hits=2848 stage2_graph_prefetch_wasted=56 stage2_graph_prefetch_promotion_ratio=0.980716 stage2_graph_issue_width_current=16 stage2_vector_read_waves=1637 avg_stage2_scores_per_vector_wave=157.870495 stage2_vector_unique_reads=159735 stage2_home_rpc_batches=1254 stage2_home_rpc_items=150486 avg_stage2_home_rpc_batch=120.004785 stage2_home_score_rpc_batches=586 stage2_home_score_rpc_items=146738 stage2_home_score_rpc_queries=2514 stage2_home_score_rpc_request_bytes=3871624 stage2_home_score_rpc_response_bytes=4719064 avg_stage2_home_score_queries_per_rpc=4.290102 avg_stage2_home_score_rpc_batch=250.406143 stage2_home_scored_neighbors=245427 home_scores_per_expansion=1.630896 stage2_migrations=12 home_match_rate=0.945455 stage2_final_edges=11431 stage2_cross_edges_stage1_home=1657 stage2_cross_edges_final_home=1513 cross_edge_reduction_ratio=0.086904 failed=0 rpc_timeouts=0 reverse_aggregate_batches=0 reverse_aggregate_logical_requests=0 reverse_aggregate_ops=0 avg_reverse_aggregate_logicals=0.000000 avg_reverse_aggregate_ops=0.000000 max_backlog=9 admission_window=65536 completion_outstanding=0 completion_incomplete=0 completed_behind_hole=0 completion_logical_full_failures=0 completion_physical_full_failures=0 pressure_yields=14 stage2_batches=35 avg_stage2_batch_size=6.285714 packing_target_batch=8 packing_admit_queue_avg=6.314286 packing_admit_queue_max=9 packing_batch_1_7=19 packing_batch_8=16 packing_assembly_batches=35 packing_assembly_wait_ms=442.250794 packing_arrival_interval_us=5795 packing_waited_batches=19 packing_wait_ms=260.367000 packing_target_flushes=16 packing_deadline_flushes=19 packing_cleanup_flushes=0 stage2_phase_search_attempts=35 stage2_phase_search_task_attempts=220 stage2_phase_search_elapsed_ms=2115.740252 avg_stage2_phase_search_us_per_task=9617.001145 stage2_phase_freeze_prune_attempts=36 stage2_phase_freeze_prune_task_attempts=227 stage2_phase_freeze_prune_elapsed_ms=159.890024 avg_stage2_phase_freeze_prune_us_per_task=704.361339 stage2_phase_reverse_prepare_attempts=35 stage2_phase_reverse_prepare_task_attempts=220 stage2_phase_reverse_prepare_elapsed_ms=1302.817956 avg_stage2_phase_reverse_prepare_us_per_task=5921.899800 stage2_phase_placement_authority_attempts=35 stage2_phase_placement_authority_task_attempts=220 stage2_phase_placement_authority_elapsed_ms=241.379037 avg_stage2_phase_placement_authority_us_per_task=1097.177441 stage2_phase_completion_handoff_attempts=35 stage2_phase_completion_handoff_task_attempts=220 stage2_phase_completion_handoff_elapsed_ms=0.071981 avg_stage2_phase_completion_handoff_us_per_task=0.327186 stage2_phase_finalize_attempts=35 stage2_phase_finalize_task_attempts=220 stage2_phase_finalize_elapsed_ms=0.272198 avg_stage2_phase_finalize_us_per_task=1.237264 maintenance_worker_idle_waits=9920 maintenance_worker_idle_ms=75701.464923 maintenance_lost_wake_avoided=145 maintenance_targeted_wakes=3815 maintenance_generic_wakes=218 maintenance_broadcast_wakes=0 maintenance_context_slots_scanned=125728 maintenance_ready_notifications=3273 maintenance_ready_stale_notifications=1 maintenance_ready_tickets_drained=2482 maintenance_ready_overflow_scans=0 maintenance_ready_fallback_scans=8171 stage2_search_lane_lease_limit=32 stage2_search_lane_lease_peak=9 stage2_search_lane_lease_blocked=0 maintenance_worker_observed_idle_ratio=0.944066 maintenance_worker_observed_busy_ratio=0.055934 physical_stage1_items=220 physical_stage1_total_ns=1141814657 physical_stage1_search_ns=1020024531 physical_stage1_prune_ns=72881071 physical_stage1_allocate_write_ns=42750491 physical_stage1_backlink_ns=5451561 physical_stage1_candidates=28156 physical_stage1_remote_frontier_items=151207 physical_stage1_neighbors=10734 peer_stage1_enqueued=331 peer_stage1_processed=331 peer_stage1_items=326 avg_peer_stage1_items=0.984894 peer_stage1_rate_per_sec=32.524115 peer_stage1_max_queue=8 peer_stage1_active_workers=0 peer_stage2_home_enqueued=1602 peer_stage2_home_processed=1602 peer_stage2_home_items=200697 avg_peer_stage2_home_items=125.279026 peer_stage2_home_max_queue=13 peer_stage2_home_response_queue_drops=0 peer_stage2_home_response_send_wait_ms=13.546855 avg_peer_stage2_home_queue_wait_us=68.241150 avg_peer_stage2_home_execution_us=100.815117 peer_stage1_release_deferred_batches=7 peer_stage1_release_deferred_items=7 peer_stage1_duplicate_retry_responses=0 peer_stage1_admission_retry_responses=0 peer_stage1_retry_response_drops=0 peer_stage1_admission_waiters=0 peer_stage1_admission_waiter_items=0 peer_stage1_admission_owned_items=0 peer_stage1_admission_wake_coverage=0 peer_stage1_admission_parked=0 peer_stage1_admission_woken=0 peer_stage1_admission_reparked=0 peer_stage1_max_admission_waiters=0 peer_stage1_duplicate_coalesced=0 peer_reverse_enqueued=86 peer_reverse_processed=86 peer_reverse_remaining=0 peer_reverse_items_enqueued=2900 peer_reverse_items_processed=2900 peer_reverse_rate_per_sec=289.324953 peer_reverse_failed=0 peer_reverse_max_queue=4 reclaim_pending=0 reclaim_reused=12 dynamic_high_watermark=19882789056 stage2_remaining=0 cleanup_remaining=0 active_contexts=0 active_context_limit=32 repair_remaining=0 remaining=0
[STATUS]: storage-owner maintenance observation: enqueued=220 stage2_enqueued=220 cleanup_enqueued=0 stage2_tasks_done=220 stage2_finalized_live=220 cleanup_processed=0 stale=0 stage2_completion_ratio=1.000000 live_stage2_completion_ratio=1.000000 avg_stage2_delay_ms=135.201104 p99_stage2_delay_upper_ms=512.000000 p99_stage2_delay_over_30s=false stage2_delay_histogram=0,0,0,0,0,11,6,120,67,16,0,0,0,0,0,0,0,0 max_stage2_delay_ms=386.334076 compaction_batch_target=32 compaction_max_delay_ms=25.000000 stage2_rate_per_sec=14.642537 stage1_search_budget_exhausted=0 stage2_search_budget_exhausted=0 stage2_continuations=220 stage2_remote_frontier_items=151207 avg_stage2_remote_frontier=687.304545 stage2_remote_expansions=3692 avg_stage2_remote_expansions=16.781818 stage2_scored_candidates=258434 avg_stage2_scored_candidates=1174.700000 stage2_graph_read_waves=596 avg_stage2_expansions_per_graph_wave=6.194631 stage2_graph_unique_reads=3748 stage2_graph_prefetch_issued=2904 stage2_graph_prefetch_hits=2848 stage2_graph_prefetch_wasted=56 stage2_graph_prefetch_promotion_ratio=0.980716 stage2_graph_issue_width_current=16 stage2_vector_read_waves=1637 avg_stage2_scores_per_vector_wave=157.870495 stage2_vector_unique_reads=159735 stage2_home_rpc_batches=1254 stage2_home_rpc_items=150486 avg_stage2_home_rpc_batch=120.004785 stage2_home_score_rpc_batches=586 stage2_home_score_rpc_items=146738 stage2_home_score_rpc_queries=2514 stage2_home_score_rpc_request_bytes=3871624 stage2_home_score_rpc_response_bytes=4719064 avg_stage2_home_score_queries_per_rpc=4.290102 avg_stage2_home_score_rpc_batch=250.406143 stage2_home_scored_neighbors=245427 home_scores_per_expansion=1.630896 stage2_migrations=12 home_match_rate=0.945455 stage2_final_edges=11431 stage2_cross_edges_stage1_home=1657 stage2_cross_edges_final_home=1513 cross_edge_reduction_ratio=0.086904 failed=0 rpc_timeouts=0 reverse_aggregate_batches=0 reverse_aggregate_logical_requests=0 reverse_aggregate_ops=0 avg_reverse_aggregate_logicals=0.000000 avg_reverse_aggregate_ops=0.000000 max_backlog=9 admission_window=65536 completion_outstanding=0 completion_incomplete=0 completed_behind_hole=0 completion_logical_full_failures=0 completion_physical_full_failures=0 pressure_yields=14 stage2_batches=35 avg_stage2_batch_size=6.285714 packing_target_batch=8 packing_admit_queue_avg=6.314286 packing_admit_queue_max=9 packing_batch_1_7=19 packing_batch_8=16 packing_assembly_batches=35 packing_assembly_wait_ms=442.250794 packing_arrival_interval_us=5795 packing_waited_batches=19 packing_wait_ms=260.367000 packing_target_flushes=16 packing_deadline_flushes=19 packing_cleanup_flushes=0 stage2_phase_search_attempts=35 stage2_phase_search_task_attempts=220 stage2_phase_search_elapsed_ms=2115.740252 avg_stage2_phase_search_us_per_task=9617.001145 stage2_phase_freeze_prune_attempts=36 stage2_phase_freeze_prune_task_attempts=227 stage2_phase_freeze_prune_elapsed_ms=159.890024 avg_stage2_phase_freeze_prune_us_per_task=704.361339 stage2_phase_reverse_prepare_attempts=35 stage2_phase_reverse_prepare_task_attempts=220 stage2_phase_reverse_prepare_elapsed_ms=1302.817956 avg_stage2_phase_reverse_prepare_us_per_task=5921.899800 stage2_phase_placement_authority_attempts=35 stage2_phase_placement_authority_task_attempts=220 stage2_phase_placement_authority_elapsed_ms=241.379037 avg_stage2_phase_placement_authority_us_per_task=1097.177441 stage2_phase_completion_handoff_attempts=35 stage2_phase_completion_handoff_task_attempts=220 stage2_phase_completion_handoff_elapsed_ms=0.071981 avg_stage2_phase_completion_handoff_us_per_task=0.327186 stage2_phase_finalize_attempts=35 stage2_phase_finalize_task_attempts=220 stage2_phase_finalize_elapsed_ms=0.272198 avg_stage2_phase_finalize_us_per_task=1.237264 maintenance_worker_idle_waits=14016 maintenance_worker_idle_ms=116909.203039 maintenance_lost_wake_avoided=145 maintenance_targeted_wakes=3815 maintenance_generic_wakes=218 maintenance_broadcast_wakes=0 maintenance_context_slots_scanned=191264 maintenance_ready_notifications=3273 maintenance_ready_stale_notifications=1 maintenance_ready_tickets_drained=2482 maintenance_ready_overflow_scans=0 maintenance_ready_fallback_scans=12146 stage2_search_lane_lease_limit=32 stage2_search_lane_lease_peak=9 stage2_search_lane_lease_blocked=0 maintenance_worker_observed_idle_ratio=0.972641 maintenance_worker_observed_busy_ratio=0.027359 physical_stage1_items=220 physical_stage1_total_ns=1141814657 physical_stage1_search_ns=1020024531 physical_stage1_prune_ns=72881071 physical_stage1_allocate_write_ns=42750491 physical_stage1_backlink_ns=5451561 physical_stage1_candidates=28156 physical_stage1_remote_frontier_items=151207 physical_stage1_neighbors=10734 peer_stage1_enqueued=331 peer_stage1_processed=331 peer_stage1_items=326 avg_peer_stage1_items=0.984894 peer_stage1_rate_per_sec=21.697578 peer_stage1_max_queue=8 peer_stage1_active_workers=0 peer_stage2_home_enqueued=1602 peer_stage2_home_processed=1602 peer_stage2_home_items=200697 avg_peer_stage2_home_items=125.279026 peer_stage2_home_max_queue=13 peer_stage2_home_response_queue_drops=0 peer_stage2_home_response_send_wait_ms=13.546855 avg_peer_stage2_home_queue_wait_us=68.241150 avg_peer_stage2_home_execution_us=100.815117 peer_stage1_release_deferred_batches=7 peer_stage1_release_deferred_items=7 peer_stage1_duplicate_retry_responses=0 peer_stage1_admission_retry_responses=0 peer_stage1_retry_response_drops=0 peer_stage1_admission_waiters=0 peer_stage1_admission_waiter_items=0 peer_stage1_admission_owned_items=0 peer_stage1_admission_wake_coverage=0 peer_stage1_admission_parked=0 peer_stage1_admission_woken=0 peer_stage1_admission_reparked=0 peer_stage1_max_admission_waiters=0 peer_stage1_duplicate_coalesced=0 peer_reverse_enqueued=86 peer_reverse_processed=86 peer_reverse_remaining=0 peer_reverse_items_enqueued=2900 peer_reverse_items_processed=2900 peer_reverse_rate_per_sec=193.015267 peer_reverse_failed=0 peer_reverse_max_queue=4 reclaim_pending=0 reclaim_reused=12 dynamic_high_watermark=19882789056 stage2_remaining=0 cleanup_remaining=0 active_contexts=0 active_context_limit=32 repair_remaining=0 remaining=0
[STATUS]: storage-owner maintenance observation: enqueued=220 stage2_enqueued=220 cleanup_enqueued=0 stage2_tasks_done=220 stage2_finalized_live=220 cleanup_processed=0 stale=0 stage2_completion_ratio=1.000000 live_stage2_completion_ratio=1.000000 avg_stage2_delay_ms=135.201104 p99_stage2_delay_upper_ms=512.000000 p99_stage2_delay_over_30s=false stage2_delay_histogram=0,0,0,0,0,11,6,120,67,16,0,0,0,0,0,0,0,0 max_stage2_delay_ms=386.334076 compaction_batch_target=32 compaction_max_delay_ms=25.000000 stage2_rate_per_sec=10.984985 stage1_search_budget_exhausted=0 stage2_search_budget_exhausted=0 stage2_continuations=220 stage2_remote_frontier_items=151207 avg_stage2_remote_frontier=687.304545 stage2_remote_expansions=3692 avg_stage2_remote_expansions=16.781818 stage2_scored_candidates=258434 avg_stage2_scored_candidates=1174.700000 stage2_graph_read_waves=596 avg_stage2_expansions_per_graph_wave=6.194631 stage2_graph_unique_reads=3748 stage2_graph_prefetch_issued=2904 stage2_graph_prefetch_hits=2848 stage2_graph_prefetch_wasted=56 stage2_graph_prefetch_promotion_ratio=0.980716 stage2_graph_issue_width_current=16 stage2_vector_read_waves=1637 avg_stage2_scores_per_vector_wave=157.870495 stage2_vector_unique_reads=159735 stage2_home_rpc_batches=1254 stage2_home_rpc_items=150486 avg_stage2_home_rpc_batch=120.004785 stage2_home_score_rpc_batches=586 stage2_home_score_rpc_items=146738 stage2_home_score_rpc_queries=2514 stage2_home_score_rpc_request_bytes=3871624 stage2_home_score_rpc_response_bytes=4719064 avg_stage2_home_score_queries_per_rpc=4.290102 avg_stage2_home_score_rpc_batch=250.406143 stage2_home_scored_neighbors=245427 home_scores_per_expansion=1.630896 stage2_migrations=12 home_match_rate=0.945455 stage2_final_edges=11431 stage2_cross_edges_stage1_home=1657 stage2_cross_edges_final_home=1513 cross_edge_reduction_ratio=0.086904 failed=0 rpc_timeouts=0 reverse_aggregate_batches=0 reverse_aggregate_logical_requests=0 reverse_aggregate_ops=0 avg_reverse_aggregate_logicals=0.000000 avg_reverse_aggregate_ops=0.000000 max_backlog=9 admission_window=65536 completion_outstanding=0 completion_incomplete=0 completed_behind_hole=0 completion_logical_full_failures=0 completion_physical_full_failures=0 pressure_yields=14 stage2_batches=35 avg_stage2_batch_size=6.285714 packing_target_batch=8 packing_admit_queue_avg=6.314286 packing_admit_queue_max=9 packing_batch_1_7=19 packing_batch_8=16 packing_assembly_batches=35 packing_assembly_wait_ms=442.250794 packing_arrival_interval_us=5795 packing_waited_batches=19 packing_wait_ms=260.367000 packing_target_flushes=16 packing_deadline_flushes=19 packing_cleanup_flushes=0 stage2_phase_search_attempts=35 stage2_phase_search_task_attempts=220 stage2_phase_search_elapsed_ms=2115.740252 avg_stage2_phase_search_us_per_task=9617.001145 stage2_phase_freeze_prune_attempts=36 stage2_phase_freeze_prune_task_attempts=227 stage2_phase_freeze_prune_elapsed_ms=159.890024 avg_stage2_phase_freeze_prune_us_per_task=704.361339 stage2_phase_reverse_prepare_attempts=35 stage2_phase_reverse_prepare_task_attempts=220 stage2_phase_reverse_prepare_elapsed_ms=1302.817956 avg_stage2_phase_reverse_prepare_us_per_task=5921.899800 stage2_phase_placement_authority_attempts=35 stage2_phase_placement_authority_task_attempts=220 stage2_phase_placement_authority_elapsed_ms=241.379037 avg_stage2_phase_placement_authority_us_per_task=1097.177441 stage2_phase_completion_handoff_attempts=35 stage2_phase_completion_handoff_task_attempts=220 stage2_phase_completion_handoff_elapsed_ms=0.071981 avg_stage2_phase_completion_handoff_us_per_task=0.327186 stage2_phase_finalize_attempts=35 stage2_phase_finalize_task_attempts=220 stage2_phase_finalize_elapsed_ms=0.272198 avg_stage2_phase_finalize_us_per_task=1.237264 maintenance_worker_idle_waits=17984 maintenance_worker_idle_ms=156831.406021 maintenance_lost_wake_avoided=145 maintenance_targeted_wakes=3815 maintenance_generic_wakes=218 maintenance_broadcast_wakes=0 maintenance_context_slots_scanned=254752 maintenance_ready_notifications=3273 maintenance_ready_stale_notifications=1 maintenance_ready_tickets_drained=2482 maintenance_ready_overflow_scans=0 maintenance_ready_fallback_scans=16122 stage2_search_lane_lease_limit=32 stage2_search_lane_lease_peak=9 stage2_search_lane_lease_blocked=0 maintenance_worker_observed_idle_ratio=0.978858 maintenance_worker_observed_busy_ratio=0.021142 physical_stage1_items=220 physical_stage1_total_ns=1141814657 physical_stage1_search_ns=1020024531 physical_stage1_prune_ns=72881071 physical_stage1_allocate_write_ns=42750491 physical_stage1_backlink_ns=5451561 physical_stage1_candidates=28156 physical_stage1_remote_frontier_items=151207 physical_stage1_neighbors=10734 peer_stage1_enqueued=331 peer_stage1_processed=331 peer_stage1_items=326 avg_peer_stage1_items=0.984894 peer_stage1_rate_per_sec=16.277751 peer_stage1_max_queue=8 peer_stage1_active_workers=0 peer_stage2_home_enqueued=1602 peer_stage2_home_processed=1602 peer_stage2_home_items=200697 avg_peer_stage2_home_items=125.279026 peer_stage2_home_max_queue=13 peer_stage2_home_response_queue_drops=0 peer_stage2_home_response_send_wait_ms=13.546855 avg_peer_stage2_home_queue_wait_us=68.241150 avg_peer_stage2_home_execution_us=100.815117 peer_stage1_release_deferred_batches=7 peer_stage1_release_deferred_items=7 peer_stage1_duplicate_retry_responses=0 peer_stage1_admission_retry_responses=0 peer_stage1_retry_response_drops=0 peer_stage1_admission_waiters=0 peer_stage1_admission_waiter_items=0 peer_stage1_admission_owned_items=0 peer_stage1_admission_wake_coverage=0 peer_stage1_admission_parked=0 peer_stage1_admission_woken=0 peer_stage1_admission_reparked=0 peer_stage1_max_admission_waiters=0 peer_stage1_duplicate_coalesced=0 peer_reverse_enqueued=86 peer_reverse_processed=86 peer_reverse_remaining=0 peer_reverse_items_enqueued=2900 peer_reverse_items_processed=2900 peer_reverse_rate_per_sec=144.802079 peer_reverse_failed=0 peer_reverse_max_queue=4 reclaim_pending=0 reclaim_reused=12 dynamic_high_watermark=19882789056 stage2_remaining=0 cleanup_remaining=0 active_contexts=0 active_context_limit=32 repair_remaining=0 remaining=0
[STATUS]: storage-owner maintenance observation: enqueued=220 stage2_enqueued=220 cleanup_enqueued=0 stage2_tasks_done=220 stage2_finalized_live=220 cleanup_processed=0 stale=0 stage2_completion_ratio=1.000000 live_stage2_completion_ratio=1.000000 avg_stage2_delay_ms=135.201104 p99_stage2_delay_upper_ms=512.000000 p99_stage2_delay_over_30s=false stage2_delay_histogram=0,0,0,0,0,11,6,120,67,16,0,0,0,0,0,0,0,0 max_stage2_delay_ms=386.334076 compaction_batch_target=32 compaction_max_delay_ms=25.000000 stage2_rate_per_sec=8.789285 stage1_search_budget_exhausted=0 stage2_search_budget_exhausted=0 stage2_continuations=220 stage2_remote_frontier_items=151207 avg_stage2_remote_frontier=687.304545 stage2_remote_expansions=3692 avg_stage2_remote_expansions=16.781818 stage2_scored_candidates=258434 avg_stage2_scored_candidates=1174.700000 stage2_graph_read_waves=596 avg_stage2_expansions_per_graph_wave=6.194631 stage2_graph_unique_reads=3748 stage2_graph_prefetch_issued=2904 stage2_graph_prefetch_hits=2848 stage2_graph_prefetch_wasted=56 stage2_graph_prefetch_promotion_ratio=0.980716 stage2_graph_issue_width_current=16 stage2_vector_read_waves=1637 avg_stage2_scores_per_vector_wave=157.870495 stage2_vector_unique_reads=159735 stage2_home_rpc_batches=1254 stage2_home_rpc_items=150486 avg_stage2_home_rpc_batch=120.004785 stage2_home_score_rpc_batches=586 stage2_home_score_rpc_items=146738 stage2_home_score_rpc_queries=2514 stage2_home_score_rpc_request_bytes=3871624 stage2_home_score_rpc_response_bytes=4719064 avg_stage2_home_score_queries_per_rpc=4.290102 avg_stage2_home_score_rpc_batch=250.406143 stage2_home_scored_neighbors=245427 home_scores_per_expansion=1.630896 stage2_migrations=12 home_match_rate=0.945455 stage2_final_edges=11431 stage2_cross_edges_stage1_home=1657 stage2_cross_edges_final_home=1513 cross_edge_reduction_ratio=0.086904 failed=0 rpc_timeouts=0 reverse_aggregate_batches=0 reverse_aggregate_logical_requests=0 reverse_aggregate_ops=0 avg_reverse_aggregate_logicals=0.000000 avg_reverse_aggregate_ops=0.000000 max_backlog=9 admission_window=65536 completion_outstanding=0 completion_incomplete=0 completed_behind_hole=0 completion_logical_full_failures=0 completion_physical_full_failures=0 pressure_yields=14 stage2_batches=35 avg_stage2_batch_size=6.285714 packing_target_batch=8 packing_admit_queue_avg=6.314286 packing_admit_queue_max=9 packing_batch_1_7=19 packing_batch_8=16 packing_assembly_batches=35 packing_assembly_wait_ms=442.250794 packing_arrival_interval_us=5795 packing_waited_batches=19 packing_wait_ms=260.367000 packing_target_flushes=16 packing_deadline_flushes=19 packing_cleanup_flushes=0 stage2_phase_search_attempts=35 stage2_phase_search_task_attempts=220 stage2_phase_search_elapsed_ms=2115.740252 avg_stage2_phase_search_us_per_task=9617.001145 stage2_phase_freeze_prune_attempts=36 stage2_phase_freeze_prune_task_attempts=227 stage2_phase_freeze_prune_elapsed_ms=159.890024 avg_stage2_phase_freeze_prune_us_per_task=704.361339 stage2_phase_reverse_prepare_attempts=35 stage2_phase_reverse_prepare_task_attempts=220 stage2_phase_reverse_prepare_elapsed_ms=1302.817956 avg_stage2_phase_reverse_prepare_us_per_task=5921.899800 stage2_phase_placement_authority_attempts=35 stage2_phase_placement_authority_task_attempts=220 stage2_phase_placement_authority_elapsed_ms=241.379037 avg_stage2_phase_placement_authority_us_per_task=1097.177441 stage2_phase_completion_handoff_attempts=35 stage2_phase_completion_handoff_task_attempts=220 stage2_phase_completion_handoff_elapsed_ms=0.071981 avg_stage2_phase_completion_handoff_us_per_task=0.327186 stage2_phase_finalize_attempts=35 stage2_phase_finalize_task_attempts=220 stage2_phase_finalize_elapsed_ms=0.272198 avg_stage2_phase_finalize_us_per_task=1.237264 maintenance_worker_idle_waits=21824 maintenance_worker_idle_ms=195469.752031 maintenance_lost_wake_avoided=145 maintenance_targeted_wakes=3815 maintenance_generic_wakes=218 maintenance_broadcast_wakes=0 maintenance_context_slots_scanned=316192 maintenance_ready_notifications=3273 maintenance_ready_stale_notifications=1 maintenance_ready_tickets_drained=2482 maintenance_ready_overflow_scans=0 maintenance_ready_fallback_scans=20099 stage2_search_lane_lease_limit=32 stage2_search_lane_lease_peak=9 stage2_search_lane_lease_blocked=0 maintenance_worker_observed_idle_ratio=0.976159 maintenance_worker_observed_busy_ratio=0.023841 physical_stage1_items=220 physical_stage1_total_ns=1141814657 physical_stage1_search_ns=1020024531 physical_stage1_prune_ns=72881071 physical_stage1_allocate_write_ns=42750491 physical_stage1_backlink_ns=5451561 physical_stage1_candidates=28156 physical_stage1_remote_frontier_items=151207 physical_stage1_neighbors=10734 peer_stage1_enqueued=331 peer_stage1_processed=331 peer_stage1_items=326 avg_peer_stage1_items=0.984894 peer_stage1_rate_per_sec=13.024122 peer_stage1_max_queue=8 peer_stage1_active_workers=0 peer_stage2_home_enqueued=1602 peer_stage2_home_processed=1602 peer_stage2_home_items=200697 avg_peer_stage2_home_items=125.279026 peer_stage2_home_max_queue=13 peer_stage2_home_response_queue_drops=0 peer_stage2_home_response_send_wait_ms=13.546855 avg_peer_stage2_home_queue_wait_us=68.241150 avg_peer_stage2_home_execution_us=100.815117 peer_stage1_release_deferred_batches=7 peer_stage1_release_deferred_items=7 peer_stage1_duplicate_retry_responses=0 peer_stage1_admission_retry_responses=0 peer_stage1_retry_response_drops=0 peer_stage1_admission_waiters=0 peer_stage1_admission_waiter_items=0 peer_stage1_admission_owned_items=0 peer_stage1_admission_wake_coverage=0 peer_stage1_admission_parked=0 peer_stage1_admission_woken=0 peer_stage1_admission_reparked=0 peer_stage1_max_admission_waiters=0 peer_stage1_duplicate_coalesced=0 peer_reverse_enqueued=86 peer_reverse_processed=86 peer_reverse_remaining=0 peer_reverse_items_enqueued=2900 peer_reverse_items_processed=2900 peer_reverse_rate_per_sec=115.858755 peer_reverse_failed=0 peer_reverse_max_queue=4 reclaim_pending=0 reclaim_reused=12 dynamic_high_watermark=19882789056 stage2_remaining=0 cleanup_remaining=0 active_contexts=0 active_context_limit=32 repair_remaining=0 remaining=0
[STATUS]: storage-owner maintenance observation: enqueued=220 stage2_enqueued=220 cleanup_enqueued=0 stage2_tasks_done=220 stage2_finalized_live=220 cleanup_processed=0 stale=0 stage2_completion_ratio=1.000000 live_stage2_completion_ratio=1.000000 avg_stage2_delay_ms=135.201104 p99_stage2_delay_upper_ms=512.000000 p99_stage2_delay_over_30s=false stage2_delay_histogram=0,0,0,0,0,11,6,120,67,16,0,0,0,0,0,0,0,0 max_stage2_delay_ms=386.334076 compaction_batch_target=32 compaction_max_delay_ms=25.000000 stage2_rate_per_sec=7.325360 stage1_search_budget_exhausted=0 stage2_search_budget_exhausted=0 stage2_continuations=220 stage2_remote_frontier_items=151207 avg_stage2_remote_frontier=687.304545 stage2_remote_expansions=3692 avg_stage2_remote_expansions=16.781818 stage2_scored_candidates=258434 avg_stage2_scored_candidates=1174.700000 stage2_graph_read_waves=596 avg_stage2_expansions_per_graph_wave=6.194631 stage2_graph_unique_reads=3748 stage2_graph_prefetch_issued=2904 stage2_graph_prefetch_hits=2848 stage2_graph_prefetch_wasted=56 stage2_graph_prefetch_promotion_ratio=0.980716 stage2_graph_issue_width_current=16 stage2_vector_read_waves=1637 avg_stage2_scores_per_vector_wave=157.870495 stage2_vector_unique_reads=159735 stage2_home_rpc_batches=1254 stage2_home_rpc_items=150486 avg_stage2_home_rpc_batch=120.004785 stage2_home_score_rpc_batches=586 stage2_home_score_rpc_items=146738 stage2_home_score_rpc_queries=2514 stage2_home_score_rpc_request_bytes=3871624 stage2_home_score_rpc_response_bytes=4719064 avg_stage2_home_score_queries_per_rpc=4.290102 avg_stage2_home_score_rpc_batch=250.406143 stage2_home_scored_neighbors=245427 home_scores_per_expansion=1.630896 stage2_migrations=12 home_match_rate=0.945455 stage2_final_edges=11431 stage2_cross_edges_stage1_home=1657 stage2_cross_edges_final_home=1513 cross_edge_reduction_ratio=0.086904 failed=0 rpc_timeouts=0 reverse_aggregate_batches=0 reverse_aggregate_logical_requests=0 reverse_aggregate_ops=0 avg_reverse_aggregate_logicals=0.000000 avg_reverse_aggregate_ops=0.000000 max_backlog=9 admission_window=65536 completion_outstanding=0 completion_incomplete=0 completed_behind_hole=0 completion_logical_full_failures=0 completion_physical_full_failures=0 pressure_yields=14 stage2_batches=35 avg_stage2_batch_size=6.285714 packing_target_batch=8 packing_admit_queue_avg=6.314286 packing_admit_queue_max=9 packing_batch_1_7=19 packing_batch_8=16 packing_assembly_batches=35 packing_assembly_wait_ms=442.250794 packing_arrival_interval_us=5795 packing_waited_batches=19 packing_wait_ms=260.367000 packing_target_flushes=16 packing_deadline_flushes=19 packing_cleanup_flushes=0 stage2_phase_search_attempts=35 stage2_phase_search_task_attempts=220 stage2_phase_search_elapsed_ms=2115.740252 avg_stage2_phase_search_us_per_task=9617.001145 stage2_phase_freeze_prune_attempts=36 stage2_phase_freeze_prune_task_attempts=227 stage2_phase_freeze_prune_elapsed_ms=159.890024 avg_stage2_phase_freeze_prune_us_per_task=704.361339 stage2_phase_reverse_prepare_attempts=35 stage2_phase_reverse_prepare_task_attempts=220 stage2_phase_reverse_prepare_elapsed_ms=1302.817956 avg_stage2_phase_reverse_prepare_us_per_task=5921.899800 stage2_phase_placement_authority_attempts=35 stage2_phase_placement_authority_task_attempts=220 stage2_phase_placement_authority_elapsed_ms=241.379037 avg_stage2_phase_placement_authority_us_per_task=1097.177441 stage2_phase_completion_handoff_attempts=35 stage2_phase_completion_handoff_task_attempts=220 stage2_phase_completion_handoff_elapsed_ms=0.071981 avg_stage2_phase_completion_handoff_us_per_task=0.327186 stage2_phase_finalize_attempts=35 stage2_phase_finalize_task_attempts=220 stage2_phase_finalize_elapsed_ms=0.272198 avg_stage2_phase_finalize_us_per_task=1.237264 maintenance_worker_idle_waits=25792 maintenance_worker_idle_ms=235387.019278 maintenance_lost_wake_avoided=145 maintenance_targeted_wakes=3815 maintenance_generic_wakes=218 maintenance_broadcast_wakes=0 maintenance_context_slots_scanned=379680 maintenance_ready_notifications=3273 maintenance_ready_stale_notifications=1 maintenance_ready_tickets_drained=2482 maintenance_ready_overflow_scans=0 maintenance_ready_fallback_scans=24075 stage2_search_lane_lease_limit=32 stage2_search_lane_lease_peak=9 stage2_search_lane_lease_blocked=0 maintenance_worker_observed_idle_ratio=0.979713 maintenance_worker_observed_busy_ratio=0.020287 physical_stage1_items=220 physical_stage1_total_ns=1141814657 physical_stage1_search_ns=1020024531 physical_stage1_prune_ns=72881071 physical_stage1_allocate_write_ns=42750491 physical_stage1_backlink_ns=5451561 physical_stage1_candidates=28156 physical_stage1_remote_frontier_items=151207 physical_stage1_neighbors=10734 peer_stage1_enqueued=331 peer_stage1_processed=331 peer_stage1_items=326 avg_peer_stage1_items=0.984894 peer_stage1_rate_per_sec=10.854851 peer_stage1_max_queue=8 peer_stage1_active_workers=0 peer_stage2_home_enqueued=1602 peer_stage2_home_processed=1602 peer_stage2_home_items=200697 avg_peer_stage2_home_items=125.279026 peer_stage2_home_max_queue=13 peer_stage2_home_response_queue_drops=0 peer_stage2_home_response_send_wait_ms=13.546855 avg_peer_stage2_home_queue_wait_us=68.241150 avg_peer_stage2_home_execution_us=100.815117 peer_stage1_release_deferred_batches=7 peer_stage1_release_deferred_items=7 peer_stage1_duplicate_retry_responses=0 peer_stage1_admission_retry_responses=0 peer_stage1_retry_response_drops=0 peer_stage1_admission_waiters=0 peer_stage1_admission_waiter_items=0 peer_stage1_admission_owned_items=0 peer_stage1_admission_wake_coverage=0 peer_stage1_admission_parked=0 peer_stage1_admission_woken=0 peer_stage1_admission_reparked=0 peer_stage1_max_admission_waiters=0 peer_stage1_duplicate_coalesced=0 peer_reverse_enqueued=86 peer_reverse_processed=86 peer_reverse_remaining=0 peer_reverse_items_enqueued=2900 peer_reverse_items_processed=2900 peer_reverse_rate_per_sec=96.561558 peer_reverse_failed=0 peer_reverse_max_queue=4 reclaim_pending=0 reclaim_reused=12 dynamic_high_watermark=19882789056 stage2_remaining=0 cleanup_remaining=0 active_contexts=0 active_context_limit=32 repair_remaining=0 remaining=0
[STATUS]: storage-owner maintenance observation: enqueued=220 stage2_enqueued=220 cleanup_enqueued=0 stage2_tasks_done=220 stage2_finalized_live=220 cleanup_processed=0 stale=0 stage2_completion_ratio=1.000000 live_stage2_completion_ratio=1.000000 avg_stage2_delay_ms=135.201104 p99_stage2_delay_upper_ms=512.000000 p99_stage2_delay_over_30s=false stage2_delay_histogram=0,0,0,0,0,11,6,120,67,16,0,0,0,0,0,0,0,0 max_stage2_delay_ms=386.334076 compaction_batch_target=32 compaction_max_delay_ms=25.000000 stage2_rate_per_sec=6.279380 stage1_search_budget_exhausted=0 stage2_search_budget_exhausted=0 stage2_continuations=220 stage2_remote_frontier_items=151207 avg_stage2_remote_frontier=687.304545 stage2_remote_expansions=3692 avg_stage2_remote_expansions=16.781818 stage2_scored_candidates=258434 avg_stage2_scored_candidates=1174.700000 stage2_graph_read_waves=596 avg_stage2_expansions_per_graph_wave=6.194631 stage2_graph_unique_reads=3748 stage2_graph_prefetch_issued=2904 stage2_graph_prefetch_hits=2848 stage2_graph_prefetch_wasted=56 stage2_graph_prefetch_promotion_ratio=0.980716 stage2_graph_issue_width_current=16 stage2_vector_read_waves=1637 avg_stage2_scores_per_vector_wave=157.870495 stage2_vector_unique_reads=159735 stage2_home_rpc_batches=1254 stage2_home_rpc_items=150486 avg_stage2_home_rpc_batch=120.004785 stage2_home_score_rpc_batches=586 stage2_home_score_rpc_items=146738 stage2_home_score_rpc_queries=2514 stage2_home_score_rpc_request_bytes=3871624 stage2_home_score_rpc_response_bytes=4719064 avg_stage2_home_score_queries_per_rpc=4.290102 avg_stage2_home_score_rpc_batch=250.406143 stage2_home_scored_neighbors=245427 home_scores_per_expansion=1.630896 stage2_migrations=12 home_match_rate=0.945455 stage2_final_edges=11431 stage2_cross_edges_stage1_home=1657 stage2_cross_edges_final_home=1513 cross_edge_reduction_ratio=0.086904 failed=0 rpc_timeouts=0 reverse_aggregate_batches=0 reverse_aggregate_logical_requests=0 reverse_aggregate_ops=0 avg_reverse_aggregate_logicals=0.000000 avg_reverse_aggregate_ops=0.000000 max_backlog=9 admission_window=65536 completion_outstanding=0 completion_incomplete=0 completed_behind_hole=0 completion_logical_full_failures=0 completion_physical_full_failures=0 pressure_yields=14 stage2_batches=35 avg_stage2_batch_size=6.285714 packing_target_batch=8 packing_admit_queue_avg=6.314286 packing_admit_queue_max=9 packing_batch_1_7=19 packing_batch_8=16 packing_assembly_batches=35 packing_assembly_wait_ms=442.250794 packing_arrival_interval_us=5795 packing_waited_batches=19 packing_wait_ms=260.367000 packing_target_flushes=16 packing_deadline_flushes=19 packing_cleanup_flushes=0 stage2_phase_search_attempts=35 stage2_phase_search_task_attempts=220 stage2_phase_search_elapsed_ms=2115.740252 avg_stage2_phase_search_us_per_task=9617.001145 stage2_phase_freeze_prune_attempts=36 stage2_phase_freeze_prune_task_attempts=227 stage2_phase_freeze_prune_elapsed_ms=159.890024 avg_stage2_phase_freeze_prune_us_per_task=704.361339 stage2_phase_reverse_prepare_attempts=35 stage2_phase_reverse_prepare_task_attempts=220 stage2_phase_reverse_prepare_elapsed_ms=1302.817956 avg_stage2_phase_reverse_prepare_us_per_task=5921.899800 stage2_phase_placement_authority_attempts=35 stage2_phase_placement_authority_task_attempts=220 stage2_phase_placement_authority_elapsed_ms=241.379037 avg_stage2_phase_placement_authority_us_per_task=1097.177441 stage2_phase_completion_handoff_attempts=35 stage2_phase_completion_handoff_task_attempts=220 stage2_phase_completion_handoff_elapsed_ms=0.071981 avg_stage2_phase_completion_handoff_us_per_task=0.327186 stage2_phase_finalize_attempts=35 stage2_phase_finalize_task_attempts=220 stage2_phase_finalize_elapsed_ms=0.272198 avg_stage2_phase_finalize_us_per_task=1.237264 maintenance_worker_idle_waits=29888 maintenance_worker_idle_ms=276591.344010 maintenance_lost_wake_avoided=145 maintenance_targeted_wakes=3815 maintenance_generic_wakes=218 maintenance_broadcast_wakes=0 maintenance_context_slots_scanned=445216 maintenance_ready_notifications=3273 maintenance_ready_stale_notifications=1 maintenance_ready_tickets_drained=2482 maintenance_ready_overflow_scans=0 maintenance_ready_fallback_scans=28052 stage2_search_lane_lease_limit=32 stage2_search_lane_lease_peak=9 stage2_search_lane_lease_blocked=0 maintenance_worker_observed_idle_ratio=0.986831 maintenance_worker_observed_busy_ratio=0.013169 physical_stage1_items=220 physical_stage1_total_ns=1141814657 physical_stage1_search_ns=1020024531 physical_stage1_prune_ns=72881071 physical_stage1_allocate_write_ns=42750491 physical_stage1_backlink_ns=5451561 physical_stage1_candidates=28156 physical_stage1_remote_frontier_items=151207 physical_stage1_neighbors=10734 peer_stage1_enqueued=331 peer_stage1_processed=331 peer_stage1_items=326 avg_peer_stage1_items=0.984894 peer_stage1_rate_per_sec=9.304900 peer_stage1_max_queue=8 peer_stage1_active_workers=0 peer_stage2_home_enqueued=1602 peer_stage2_home_processed=1602 peer_stage2_home_items=200697 avg_peer_stage2_home_items=125.279026 peer_stage2_home_max_queue=13 peer_stage2_home_response_queue_drops=0 peer_stage2_home_response_send_wait_ms=13.546855 avg_peer_stage2_home_queue_wait_us=68.241150 avg_peer_stage2_home_execution_us=100.815117 peer_stage1_release_deferred_batches=7 peer_stage1_release_deferred_items=7 peer_stage1_duplicate_retry_responses=0 peer_stage1_admission_retry_responses=0 peer_stage1_retry_response_drops=0 peer_stage1_admission_waiters=0 peer_stage1_admission_waiter_items=0 peer_stage1_admission_owned_items=0 peer_stage1_admission_wake_coverage=0 peer_stage1_admission_parked=0 peer_stage1_admission_woken=0 peer_stage1_admission_reparked=0 peer_stage1_max_admission_waiters=0 peer_stage1_duplicate_coalesced=0 peer_reverse_enqueued=86 peer_reverse_processed=86 peer_reverse_remaining=0 peer_reverse_items_enqueued=2900 peer_reverse_items_processed=2900 peer_reverse_rate_per_sec=82.773651 peer_reverse_failed=0 peer_reverse_max_queue=4 reclaim_pending=0 reclaim_reused=12 dynamic_high_watermark=19882789056 stage2_remaining=0 cleanup_remaining=0 active_contexts=0 active_context_limit=32 repair_remaining=0 remaining=0
