============================================================
                        SERVER
============================================================
num clients:                  1
TCP port:                     1238
QP handshake timeout (ms):    10000
IB device:                    <auto>
IB port:                      1
max outstanding CQEs:         64
max send work requests:       4096
max receive work requests:    4096
============================================================
index prefix:                     "/data/xjs/index/dvstor_spacev100m/index/spacev100m_R96_bw128_metis_pmd32_pq20_schema16"
storage shard:                    "/data/xjs/index/dvstor_spacev100m/index/spacev100m_R96_bw128_metis_pmd32_pq20_schema16_node5_of5.dat"
storage id:                       4
base vectors:                     100000000
vector ID namespace [0,N):        4294967295
registered memory GiB:            23
====================================================================
1 device(s) found
Selected device: ibp86s0
Selected port state: 4, lid: 8, active_mtu: 5
interleaved policy
num_cores: 112
physical cores per socket: 28
hyperthreading enabled
local process CPU partition: rank 4/5 logical_cpus=22
pairing: 83319 -- 11618
[STATUS]: loaded index metadata from /data/xjs/index/dvstor_spacev100m/index/spacev100m_R96_bw128_metis_pmd32_pq20_schema16 (layout=plain, vector_data_type=int8)
[STATUS]: storage-owner stage2 candidate width L=128 per shard
allocation size: 24696061952
allocated ALIGNED MEM (no hugepage) at 138299538669632 with buffer size 24696061952
[STATUS]: loading index (19573326848 Bytes) from /data/xjs/index/dvstor_spacev100m/index/spacev100m_R96_bw128_metis_pmd32_pq20_schema16_node5_of5.dat
[STATUS]: loaded GPU PQ codes (407777640 Bytes) at remote offset 19573330944
[STATUS]: storage-owner idmap loaded entries=20000000 format=owner_sharded_v2_bound immutable_base=true dynamic_shards=256 dynamic_reserved=65536
[STATUS]: compensated physical centroid restored on shard 4: vectors=20388882 entries=4
[STATUS]: register memory and distribute access token
[STATUS]: connect QPs of compute threads
[STATUS]: reserving 64 GPU/bootstrap QPs per compute node
pairing: 83324 -- 11623
pairing: 83329 -- 11628
pairing: 83334 -- 11633
pairing: 83339 -- 11638
pairing: 83344 -- 11643
pairing: 83349 -- 11648
pairing: 83354 -- 11653
pairing: 83359 -- 11658
pairing: 83364 -- 11663
pairing: 83369 -- 11668
pairing: 83374 -- 11673
pairing: 83379 -- 11678
pairing: 83384 -- 11683
pairing: 83389 -- 11688
pairing: 83394 -- 11693
pairing: 83399 -- 11698
pairing: 83404 -- 11703
pairing: 83409 -- 11708
pairing: 83414 -- 11713
pairing: 83419 -- 11718
pairing: 83424 -- 11723
pairing: 83429 -- 11728
pairing: 83434 -- 11733
pairing: 83439 -- 11738
pairing: 83444 -- 11743
pairing: 83449 -- 11748
pairing: 83454 -- 11753
pairing: 83459 -- 11758
pairing: 83465 -- 11763
pairing: 83469 -- 11768
pairing: 83474 -- 11773
pairing: 83479 -- 11778
pairing: 83484 -- 11907
pairing: 83609 -- 11908
pairing: 83610 -- 11909
pairing: 83611 -- 11910
pairing: 83612 -- 11911
pairing: 83613 -- 11912
pairing: 83614 -- 11913
pairing: 83615 -- 11914
pairing: 83616 -- 11915
pairing: 83617 -- 11916
pairing: 83618 -- 11917
pairing: 83619 -- 11918
pairing: 83620 -- 11919
pairing: 83621 -- 11920
pairing: 83622 -- 11921
pairing: 83623 -- 11922
pairing: 83624 -- 11923
pairing: 83625 -- 11924
pairing: 83626 -- 11925
pairing: 83627 -- 11926
pairing: 83628 -- 11927
pairing: 83629 -- 11928
pairing: 83630 -- 11929
pairing: 83631 -- 11930
pairing: 83632 -- 11931
pairing: 83633 -- 11932
pairing: 83634 -- 11933
pairing: 83635 -- 11934
pairing: 83636 -- 11935
pairing: 83637 -- 11936
pairing: 83638 -- 11937
pairing: 83639 -- 11938
[STATUS]: waiting for compute-node startup barrier
1 device(s) found
Selected device: ibp86s0
Selected port state: 4, lid: 8, active_mtu: 5
pairing: 83644 -- 83649
pairing: 83651 -- 83657
pairing: 83660 -- 83665
pairing: 83666 -- 83670
pairing: 83673 -- 83676
pairing: 83679 -- 83682
pairing: 83685 -- 83689
pairing: 83692 -- 83697
pairing: 83700 -- 83702
pairing: 83706 -- 83708
pairing: 83712 -- 83715
pairing: 83718 -- 83722
pairing: 83725 -- 83728
pairing: 83731 -- 83734
pairing: 83737 -- 83740
pairing: 83743 -- 83746
pairing: 83749 -- 83745
pairing: 83751 -- 83753
pairing: 83754 -- 83756
pairing: 83758 -- 83759
pairing: 83761 -- 83763
pairing: 83766 -- 83767
pairing: 83770 -- 83771
pairing: 83773 -- 83776
pairing: 83778 -- 83785
pairing: 83786 -- 83787
pairing: 83788 -- 83789
pairing: 83790 -- 83791
pairing: 83792 -- 83793
pairing: 83794 -- 83795
pairing: 83796 -- 83797
pairing: 83798 -- 83799
[STATUS]: storage-owner peer RDMA QPs per peer: 8
[STATUS]: storage-owner peer QP0 reserved for RPC; data RDMA uses QP1..7
allocated ALIGNED MEM (no hugepage) at 138298471219264 with buffer size 67108864
allocated ALIGNED MEM (no hugepage) at 138298431373376 with buffer size 39839040
[STATUS]: storage-owner peer RPC receive slots per peer: 64 (requested=64)
[STATUS]: storage-owner peer RPC concurrent sends per peer: 16
[STATUS]: storage-owner peer RPC send credits: Stage1/graph are split at depth >= 2; responses use a dedicated sync buffer
[STATUS]: storage-owner peer async response capacity: 32768
[STATUS]: storage-owner Stage2 home RPC combining: enabled logical_capacity=18432 aggregate_capacity=4608 byte_budget=33586224
allocated ALIGNED MEM (no hugepage) at 102612745101824 with buffer size 96256
allocated ALIGNED MEM (no hugepage) at 138298706411584 with buffer size 212992
allocated ALIGNED MEM (no hugepage) at 138298702209088 with buffer size 212992
[STATUS]: storage-owner peer reverse-update workers: 2
[STATUS]: storage-owner peer Stage1 workers: 3; Stage2-home workers: 1 (one reserved; shared lanes borrow authoritative work only)
[STATUS]: storage-owner physical control workers: cleanup=1 placement=1 (separate blocking domains)
[STATUS]: storage-owner peer progress threads: cq=1 response_dispatch=1
[STATUS]: storage-owner Stage1 artifact capacity: 67584 (64-way, per shard=1056) cleanup replay per shard=2048 active migration receipts=131072
[STATUS]: storage-owner peer reverse-update tuning: queue_depth=65536 coalesce_max=256
allocated ALIGNED MEM (no hugepage) at 138298689511488 with buffer size 855296
allocated ALIGNED MEM (no hugepage) at 138298686369856 with buffer size 855296
allocated ALIGNED MEM (no hugepage) at 138298685513792 with buffer size 855296
allocated ALIGNED MEM (no hugepage) at 138298682175552 with buffer size 855296
allocated ALIGNED MEM (no hugepage) at 138298681319488 with buffer size 855296
allocated ALIGNED MEM (no hugepage) at 138298677981248 with buffer size 855296
allocated ALIGNED MEM (no hugepage) at 138298676924480 with buffer size 855296
allocated ALIGNED MEM (no hugepage) at 138298673586240 with buffer size 855296
[STATUS]: storage-owner peer scratch: snapshot_slot=192 graph_slot=832 batch=256 lane_peak_rdma_wrs=56 lane_useful_wave_rdma_wrs=56 global_read_window=224 search_lanes_global=32 search_lanes_credit_derived=16 search_lane_lease_cap=32 search_lanes_physical_per_worker=4 ready_context_runtime_epoch=1 bytes_per_lane=213824 bytes_total=6842368
[STATUS]: storage-owner maintenance workers: 8 (configured=8, admission_baseline_workers=2, context_limit=32, semantic_execution_batch=8, work_conserving=true)
[STATUS]: storage-owner stage2 reverse outbox descriptors: 128 aggregates=128 wire_max_ops=3072 (shared per-peer work-conserving aggregation)
[STATUS]: storage-owner maintenance tuning: protocol=centroid-home-two-stage compaction_batch_target=32 packing_policy=deterministic_b8 packing_tail_wait_us=arrival_adaptive_capped_25000 packing_context_limit=8 backlog_limit=65536 admission_credit=bounded_accepted_backlog admission_window=65536 physical_completion_capacity=65536
[STATUS]: storage-owner peer RDMA read credits: per_data_qp=8 data_qps_per_peer=7 per_peer=56 global=224 shared_cq_read_budget=8095 ordered_snapshot_pairs_per_chain=4 (requested_per_data_qp=16)
[STATUS]: storage-owner online insert tuning: construction_beam=128 snapshot_batch=256 protocol=centroid-home-two-stage
[STATUS]: storage-owner stage1=physical-home local search and backlinks; stage2=generation-fenced home expand+score continuation
[STATUS]: storage-owner responses=foreground direct post; completion=repost by service poller
[STATUS]: storage-owner foreground pipeline: coordinators=12 cpu_lanes=3 (assigned_cpus=22, rpc_parallelism=16)
[STATUS]: storage-owner CPU plan: foreground_cpu=3 foreground_coordinators=12 maintenance=8 peer_stage1=4 (split into isolated Stage1/Stage2-home domains) peer_reverse=2 peer_cleanup=1 peer_placement=1 peer_progress=2 foreground_progress=1
[STATUS]: storage-owner insert runtime enabled on shard 4
