============================================================
                        SERVER
============================================================
num clients:                  1
TCP port:                     1237
QP handshake timeout (ms):    10000
IB device:                    <auto>
IB port:                      1
max outstanding CQEs:         64
max send work requests:       4096
max receive work requests:    4096
============================================================
index prefix:                     "/data/xjs/index/dvstor_spacev100m/index/spacev100m_R96_bw128_metis_pmd32_pq20_schema16"
storage shard:                    "/data/xjs/index/dvstor_spacev100m/index/spacev100m_R96_bw128_metis_pmd32_pq20_schema16_node4_of5.dat"
storage id:                       3
base vectors:                     100000000
vector ID namespace [0,N):        4294967295
registered memory GiB:            23
====================================================================
1 device(s) found
Selected device: ibp86s0
Selected port state: 4, lid: 8, active_mtu: 5
interleaved policy
num_cores: 112
physical cores per socket: 28
hyperthreading enabled
local process CPU partition: rank 3/5 logical_cpus=22
pairing: 79923 -- 9342
[STATUS]: loaded index metadata from /data/xjs/index/dvstor_spacev100m/index/spacev100m_R96_bw128_metis_pmd32_pq20_schema16 (layout=plain, vector_data_type=int8)
[STATUS]: storage-owner stage2 candidate width L=128 per shard
allocation size: 24696061952
allocated ALIGNED MEM (no hugepage) at 132869141823552 with buffer size 24696061952
[STATUS]: loading index (19573328768 Bytes) from /data/xjs/index/dvstor_spacev100m/index/spacev100m_R96_bw128_metis_pmd32_pq20_schema16_node4_of5.dat
[STATUS]: loaded GPU PQ codes (407777680 Bytes) at remote offset 19573332864
[STATUS]: storage-owner idmap loaded entries=20000000 format=owner_sharded_v2_bound immutable_base=true dynamic_shards=256 dynamic_reserved=65536
[STATUS]: compensated physical centroid restored on shard 3: vectors=20388884 entries=4
[STATUS]: register memory and distribute access token
[STATUS]: connect QPs of compute threads
[STATUS]: reserving 64 GPU/bootstrap QPs per compute node
pairing: 79928 -- 9347
pairing: 79933 -- 9352
pairing: 79938 -- 9357
pairing: 79943 -- 9362
pairing: 79948 -- 9367
pairing: 79953 -- 9372
pairing: 79958 -- 9377
pairing: 79963 -- 9382
pairing: 79967 -- 9387
pairing: 79973 -- 9392
pairing: 79978 -- 9397
pairing: 79983 -- 9402
pairing: 79988 -- 9407
pairing: 79993 -- 9412
pairing: 79998 -- 9417
pairing: 80003 -- 9422
pairing: 80008 -- 9427
pairing: 80013 -- 9432
pairing: 80018 -- 9437
pairing: 80023 -- 9442
pairing: 80028 -- 9447
pairing: 80033 -- 9452
pairing: 80038 -- 9457
pairing: 80043 -- 9462
pairing: 80048 -- 9467
pairing: 80053 -- 9472
pairing: 80058 -- 9477
pairing: 80063 -- 9482
pairing: 80068 -- 9487
pairing: 80072 -- 9492
pairing: 80078 -- 9497
pairing: 80083 -- 9502
pairing: 80088 -- 9600
pairing: 80183 -- 9601
pairing: 80184 -- 9602
pairing: 80185 -- 9603
pairing: 80186 -- 9604
pairing: 80187 -- 9605
pairing: 80188 -- 9606
pairing: 80189 -- 9607
pairing: 80190 -- 9608
pairing: 80191 -- 9609
pairing: 80192 -- 9610
pairing: 80193 -- 9611
pairing: 80194 -- 9612
pairing: 80195 -- 9613
pairing: 80196 -- 9614
pairing: 80197 -- 9615
pairing: 80198 -- 9616
pairing: 80199 -- 9617
pairing: 80200 -- 9618
pairing: 80201 -- 9619
pairing: 80202 -- 9620
pairing: 80203 -- 9621
pairing: 80204 -- 9622
pairing: 80205 -- 9623
pairing: 80206 -- 9624
pairing: 80207 -- 9625
pairing: 80208 -- 9626
pairing: 80209 -- 9627
pairing: 80210 -- 9628
pairing: 80211 -- 9629
pairing: 80212 -- 9630
pairing: 80213 -- 9631
[STATUS]: waiting for compute-node startup barrier
1 device(s) found
Selected device: ibp86s0
Selected port state: 4, lid: 8, active_mtu: 5
pairing: 80248 -- 80253
pairing: 80255 -- 80260
pairing: 80262 -- 80269
pairing: 80270 -- 80276
pairing: 80279 -- 80284
pairing: 80287 -- 80292
pairing: 80295 -- 80300
pairing: 80303 -- 80308
pairing: 80311 -- 80313
pairing: 80316 -- 80319
pairing: 80321 -- 80325
pairing: 80327 -- 80332
pairing: 80334 -- 80338
pairing: 80340 -- 80343
pairing: 80345 -- 80349
pairing: 80352 -- 80355
pairing: 80357 -- 80354
pairing: 80360 -- 80362
pairing: 80364 -- 80367
pairing: 80369 -- 80371
pairing: 80373 -- 80374
pairing: 80376 -- 80378
pairing: 80381 -- 80382
pairing: 80385 -- 80386
pairing: 80389 -- 80390
pairing: 80392 -- 80391
pairing: 80394 -- 80393
pairing: 80395 -- 80396
pairing: 80397 -- 80398
pairing: 80400 -- 80399
pairing: 80402 -- 80401
pairing: 80404 -- 80403
[STATUS]: storage-owner peer RDMA QPs per peer: 8
[STATUS]: storage-owner peer QP0 reserved for RPC; data RDMA uses QP1..7
allocated ALIGNED MEM (no hugepage) at 132868074373184 with buffer size 67108864
allocated ALIGNED MEM (no hugepage) at 106930571233280 with buffer size 25920
[STATUS]: storage-owner peer RPC receive slots per peer: 64 (requested=64)
[STATUS]: storage-owner peer RPC concurrent sends per peer: 16
[STATUS]: storage-owner peer RPC send credits: Stage1/graph are split at depth >= 2; responses use a dedicated sync buffer
[STATUS]: storage-owner peer async response capacity: 32768
[STATUS]: storage-owner peer update RPC payloads: disabled by append-only synchronous-exact mode
allocated ALIGNED MEM (no hugepage) at 106930571336832 with buffer size 96256
[STATUS]: storage-owner peer reverse-update workers: 0
[STATUS]: storage-owner peer Stage1 workers: 0; Stage2-home workers: 0 (disabled by synchronous-exact mode)
[STATUS]: storage-owner physical control workers: cleanup=0 placement=0 (separate blocking domains)
[STATUS]: storage-owner peer progress threads: cq=0 response_dispatch=0
[STATUS]: storage-owner target-side update workers and Stage1/cleanup/migration artifacts: disabled by append-only synchronous-exact mode
[STATUS]: storage-owner peer reverse-update tuning: queue_depth=65536 coalesce_max=256
[STATUS]: storage-owner Stage2 maintenance executor: disabled (synchronous-exact; no descriptor ring or public debt)
[STATUS]: storage-owner peer RDMA read credits: per_data_qp=8 data_qps_per_peer=7 per_peer=56 global=224 shared_cq_read_budget=8095 ordered_snapshot_pairs_per_chain=4 (requested_per_data_qp=16)
[STATUS]: storage-owner online insert tuning: construction_beam=128 snapshot_batch=256 protocol=single-owner-synchronous-exact
[STATUS]: storage-owner exact=append-only global search+prune+stable write+one-sided backlinks before token completion; upsert/erase/stage1/stage2/migration=disabled
[STATUS]: storage-owner responses=foreground direct post; completion=repost by service poller
[STATUS]: storage-owner foreground pipeline: coordinators=16 cpu_lanes=16 (assigned_cpus=22, rpc_parallelism=16)
[STATUS]: storage-owner CPU plan: foreground_cpu=16 foreground_coordinators=16 maintenance=0 peer_stage1=0 (split into isolated Stage1/Stage2-home domains) peer_reverse=0 peer_cleanup=0 peer_placement=0 peer_progress=0 foreground_progress=1
allocated ALIGNED MEM (no hugepage) at 132868310462528 with buffer size 213824
allocated ALIGNED MEM (no hugepage) at 132868310044736 with buffer size 213824
allocated ALIGNED MEM (no hugepage) at 132868309626944 with buffer size 213824
allocated ALIGNED MEM (no hugepage) at 132868305363008 with buffer size 213824
allocated ALIGNED MEM (no hugepage) at 132868302745664 with buffer size 213824
allocated ALIGNED MEM (no hugepage) at 132868302327872 with buffer size 213824
allocated ALIGNED MEM (no hugepage) at 132868301910080 with buffer size 213824
allocated ALIGNED MEM (no hugepage) at 132868301492288 with buffer size 213824
allocated ALIGNED MEM (no hugepage) at 132868301074496 with buffer size 213824
allocated ALIGNED MEM (no hugepage) at 132868298350656 with buffer size 213824
allocated ALIGNED MEM (no hugepage) at 132868297932864 with buffer size 213824
allocated ALIGNED MEM (no hugepage) at 132868297515072 with buffer size 213824
allocated ALIGNED MEM (no hugepage) at 132868297097280 with buffer size 213824
allocated ALIGNED MEM (no hugepage) at 132868294357056 with buffer size 213824
allocated ALIGNED MEM (no hugepage) at 132868293939264 with buffer size 213824
allocated ALIGNED MEM (no hugepage) at 132868293521472 with buffer size 213824
[STATUS]: storage-owner insert runtime enabled on shard 3
