============================================================
                        SERVER
============================================================
num clients:                  1
TCP port:                     1235
QP handshake timeout (ms):    10000
IB device:                    <auto>
IB port:                      1
max outstanding CQEs:         64
max send work requests:       4096
max receive work requests:    4096
============================================================
index prefix:                     "/data/xjs/index/dvstor_spacev100m/index/spacev100m_R96_bw128_balanced_pmd32_pq20_schema16"
storage shard:                    "/data/xjs/index/dvstor_spacev100m/index/spacev100m_R96_bw128_balanced_pmd32_pq20_schema16_node2_of5.dat"
storage id:                       1
base vectors:                     100000000
vector ID namespace [0,N):        4294967295
registered memory GiB:            22
====================================================================
1 device(s) found
Selected device: ibp86s0
Selected port state: 4, lid: 8, active_mtu: 5
interleaved policy
num_cores: 112
physical cores per socket: 28
hyperthreading enabled
local process CPU partition: rank 1/5 logical_cpus=22
pairing: 77011 -- 7390
[STATUS]: loaded index metadata from /data/xjs/index/dvstor_spacev100m/index/spacev100m_R96_bw128_balanced_pmd32_pq20_schema16 (layout=plain, vector_data_type=int8)
[STATUS]: storage-owner stage2 candidate width L=128 per shard
allocation size: 23622320128
allocated ALIGNED MEM (no hugepage) at 132332371574848 with buffer size 23622320128
[STATUS]: loading index (19200000128 Bytes) from /data/xjs/index/dvstor_spacev100m/index/spacev100m_R96_bw128_balanced_pmd32_pq20_schema16_node2_of5.dat
[STATUS]: loaded GPU PQ codes (400000000 Bytes) at remote offset 19200004224
[STATUS]: storage-owner idmap loaded entries=20000000 format=owner_sharded_v2_bound immutable_base=true dynamic_shards=256 dynamic_reserved=65536
[STATUS]: compensated physical centroid restored on shard 1: vectors=20000000 entries=4
[STATUS]: register memory and distribute access token
[STATUS]: connect QPs of compute threads
[STATUS]: reserving 64 GPU/bootstrap QPs per compute node
pairing: 77016 -- 7395
pairing: 77021 -- 7400
pairing: 77026 -- 7405
pairing: 77031 -- 7410
pairing: 77036 -- 7415
pairing: 77041 -- 7420
pairing: 77046 -- 7425
pairing: 77051 -- 7430
pairing: 77056 -- 7435
pairing: 77061 -- 7440
pairing: 77066 -- 7445
pairing: 77071 -- 7450
pairing: 77076 -- 7455
pairing: 77081 -- 7460
pairing: 77086 -- 7465
pairing: 77091 -- 7470
pairing: 77096 -- 7475
pairing: 77101 -- 7480
pairing: 77106 -- 7485
pairing: 77111 -- 7490
pairing: 77116 -- 7495
pairing: 77121 -- 7500
pairing: 77126 -- 7505
pairing: 77131 -- 7510
pairing: 77136 -- 7515
pairing: 77141 -- 7520
pairing: 77147 -- 7525
pairing: 77151 -- 7530
pairing: 77156 -- 7535
pairing: 77161 -- 7540
pairing: 77166 -- 7545
pairing: 77171 -- 7550
pairing: 77176 -- 7586
pairing: 77211 -- 7587
pairing: 77212 -- 7588
pairing: 77213 -- 7589
pairing: 77214 -- 7590
pairing: 77215 -- 7591
pairing: 77216 -- 7592
pairing: 77217 -- 7593
pairing: 77218 -- 7594
pairing: 77219 -- 7595
pairing: 77220 -- 7596
pairing: 77221 -- 7597
pairing: 77222 -- 7598
pairing: 77223 -- 7599
pairing: 77224 -- 7600
pairing: 77225 -- 7601
pairing: 77226 -- 7602
pairing: 77227 -- 7603
pairing: 77228 -- 7604
pairing: 77229 -- 7605
pairing: 77230 -- 7606
pairing: 77231 -- 7607
pairing: 77232 -- 7608
pairing: 77233 -- 7609
pairing: 77234 -- 7610
pairing: 77235 -- 7611
pairing: 77236 -- 7612
pairing: 77237 -- 7613
pairing: 77238 -- 7614
pairing: 77239 -- 7615
pairing: 77240 -- 7616
pairing: 77241 -- 7617
[STATUS]: waiting for compute-node startup barrier
1 device(s) found
Selected device: ibp86s0
Selected port state: 4, lid: 8, active_mtu: 5
pairing: 77335 -- 77340
pairing: 77342 -- 77349
pairing: 77351 -- 77356
pairing: 77359 -- 77364
pairing: 77367 -- 77372
pairing: 77375 -- 77380
pairing: 77383 -- 77388
pairing: 77391 -- 77396
pairing: 77399 -- 77395
pairing: 77403 -- 77401
pairing: 77405 -- 77402
pairing: 77407 -- 77404
pairing: 77409 -- 77406
pairing: 77411 -- 77408
pairing: 77413 -- 77410
pairing: 77415 -- 77412
pairing: 77417 -- 77414
pairing: 77419 -- 77416
pairing: 77421 -- 77418
pairing: 77423 -- 77420
pairing: 77426 -- 77422
pairing: 77427 -- 77424
pairing: 77430 -- 77425
pairing: 77432 -- 77428
pairing: 77433 -- 77429
pairing: 77436 -- 77431
pairing: 77437 -- 77434
pairing: 77440 -- 77435
pairing: 77441 -- 77438
pairing: 77443 -- 77439
pairing: 77445 -- 77442
pairing: 77448 -- 77446
[STATUS]: storage-owner peer RDMA QPs per peer: 8
[STATUS]: storage-owner peer QP0 reserved for RPC; data RDMA uses QP1..7
allocated ALIGNED MEM (no hugepage) at 132331304124480 with buffer size 67108864
allocated ALIGNED MEM (no hugepage) at 132331264278592 with buffer size 39839040
[STATUS]: storage-owner peer RPC receive slots per peer: 64 (requested=64)
[STATUS]: storage-owner peer RPC concurrent sends per peer: 16
[STATUS]: storage-owner peer RPC send credits: Stage1/graph are split at depth >= 2; responses use a dedicated sync buffer
[STATUS]: storage-owner peer async response capacity: 32768
[STATUS]: storage-owner Stage2 home RPC combining: enabled logical_capacity=18432 aggregate_capacity=4608 byte_budget=33586224
allocated ALIGNED MEM (no hugepage) at 102295780197888 with buffer size 96256
allocated ALIGNED MEM (no hugepage) at 132331539308608 with buffer size 212992
allocated ALIGNED MEM (no hugepage) at 132331535638592 with buffer size 212992
[STATUS]: storage-owner peer reverse-update workers: 2
[STATUS]: storage-owner peer Stage1 workers: 3; Stage2-home workers: 1 (one reserved; shared lanes borrow authoritative work only)
[STATUS]: storage-owner physical control workers: cleanup=1 placement=1 (separate blocking domains)
[STATUS]: storage-owner peer progress threads: cq=1 response_dispatch=1
[STATUS]: storage-owner Stage1 artifact capacity: 67584 (64-way, per shard=1056) cleanup replay per shard=2048 active migration receipts=131072
[STATUS]: storage-owner peer reverse-update tuning: queue_depth=65536 coalesce_max=256
allocated ALIGNED MEM (no hugepage) at 132331526611008 with buffer size 855296
allocated ALIGNED MEM (no hugepage) at 132331523469376 with buffer size 855296
allocated ALIGNED MEM (no hugepage) at 132331522412608 with buffer size 855296
allocated ALIGNED MEM (no hugepage) at 132331519074368 with buffer size 855296
allocated ALIGNED MEM (no hugepage) at 132331515080768 with buffer size 855296
allocated ALIGNED MEM (no hugepage) at 132331514224704 with buffer size 855296
allocated ALIGNED MEM (no hugepage) at 132331510886464 with buffer size 855296
allocated ALIGNED MEM (no hugepage) at 132331510030400 with buffer size 855296
[STATUS]: storage-owner peer scratch: snapshot_slot=192 graph_slot=832 batch=256 lane_peak_rdma_wrs=56 lane_useful_wave_rdma_wrs=56 global_read_window=224 search_lanes_global=32 search_lanes_credit_derived=16 search_lane_lease_cap=32 search_lanes_physical_per_worker=4 ready_context_runtime_epoch=1 bytes_per_lane=213824 bytes_total=6842368
[STATUS]: storage-owner maintenance workers: 8 (configured=8, admission_baseline_workers=2, context_limit=32, semantic_execution_batch=8, work_conserving=true)
[STATUS]: storage-owner stage2 reverse outbox descriptors: 128 aggregates=128 wire_max_ops=3072 (shared per-peer work-conserving aggregation)
[STATUS]: storage-owner maintenance tuning: protocol=centroid-home-two-stage compaction_batch_target=32 packing_policy=deterministic_b8 packing_tail_wait_us=arrival_adaptive_capped_25000 packing_context_limit=8 backlog_limit=65536 admission_credit=bounded_accepted_backlog admission_window=65536 physical_completion_capacity=65536
[STATUS]: storage-owner peer RDMA read credits: per_data_qp=8 data_qps_per_peer=7 per_peer=56 global=224 shared_cq_read_budget=8095 ordered_snapshot_pairs_per_chain=4 (requested_per_data_qp=16)
[STATUS]: storage-owner online insert tuning: construction_beam=128 snapshot_batch=256 protocol=centroid-home-two-stage
[STATUS]: storage-owner stage1=physical-home local search and backlinks; stage2=generation-fenced home expand+score continuation
[STATUS]: storage-owner responses=foreground direct post; completion=repost by service poller
[STATUS]: storage-owner foreground pipeline: coordinators=12 cpu_lanes=3 (assigned_cpus=22, rpc_parallelism=16)
[STATUS]: storage-owner CPU plan: foreground_cpu=3 foreground_coordinators=12 maintenance=8 peer_stage1=4 (split into isolated Stage1/Stage2-home domains) peer_reverse=2 peer_cleanup=1 peer_placement=1 peer_progress=2 foreground_progress=1
[STATUS]: storage-owner insert runtime enabled on shard 1
