[breakdown] concurrency clients=272 source=auto auto_required=272 auto_cap=512 gpu_query_slots=256 storage_rpc_inflight=80 (5x16) derivation=gpu_query_slots+dedicated_paced_write_threads
[breakdown] write-rate-limited split reads=256 writes=16 target_write_qps=500
[breakdown] performance query: /data/xjs/datasets/spacev1b/spacev100m/spacev100m_to_110m_query.i8bin [100000000,110000000)
[breakdown] insert: /data/xjs/datasets/spacev1b/spacev100m/spacev110m_to_120m_insert.i8bin [110000000,120000000)
[breakdown] unique performance-query budget rows=10000000 total_timed_seconds=25 max_average_query_qps_without_reuse=400000.0
[ 17%] Built target rdma_library
[ 23%] Built target dvstor_gpu_kernels
[ 82%] Built target dvstor_runtime
[ 88%] Built target dvstor_breakdown_support
[100%] Built target dvstor_breakdown_benchmark
[mn-memory] required=23 GiB source=metadata policy=20% of base nodes limiting_shard=4 dynamic_slots=4077777 record_bytes=992
[breakdown] profile=04_gpu_persistent_gpunetio command: /home/xjs/experiment/dvstor/build/dvstor_breakdown_benchmark --service-config /home/xjs/experiment/dvstor/experiment/spacev100m/program2/results/program2_20260830_220752/header/04_gpu_persistent_gpunetio/service_04_gpu_persistent_gpunetio_20260830_221018.ini --profile-name 04_gpu_persistent_gpunetio --system-variant-label full --workload mixed --warmup-ops 100 --measure-ops 1000 --warmup-seconds 5 --measure-seconds 20 --client-threads 272 --read-ratio 0.5 --mixed-mode write_rate_limited --write-threads 16 --target-query-qps 0 --target-write-qps 500 --write-insert-ratio 1 --write-upsert-ratio 0 --write-delete-ratio 0 --report-json /home/xjs/experiment/dvstor/experiment/spacev100m/program2/results/program2_20260830_220752/header/04_gpu_persistent_gpunetio/spacev100m_04_gpu_persistent_gpunetio_20260830_221018.json --report-text /home/xjs/experiment/dvstor/experiment/spacev100m/program2/results/program2_20260830_220752/header/04_gpu_persistent_gpunetio/spacev100m_04_gpu_persistent_gpunetio_20260830_221018.txt --recall-query-file /data/xjs/index/dvstor_spacev100m/prepared/recall_query.i8bin --groundtruth-file /data/xjs/index/dvstor_spacev100m/prepared/recall_groundtruth.bin --recall-queries 1000 --recall-k 10 --recall-mode all --recall-base-id-limit 0 --performance-query-file /data/xjs/datasets/spacev1b/spacev100m/spacev100m_to_110m_query.i8bin --insert-start-id 111000000 --insert-file /data/xjs/datasets/spacev1b/spacev100m/spacev110m_to_120m_insert.i8bin --storage-maintenance-log /home/xjs/experiment/dvstor/experiment/spacev100m/logs/memory_node_1_04_gpu_persistent_gpunetio.log --storage-maintenance-log /home/xjs/experiment/dvstor/experiment/spacev100m/logs/memory_node_2_04_gpu_persistent_gpunetio.log --storage-maintenance-log /home/xjs/experiment/dvstor/experiment/spacev100m/logs/memory_node_3_04_gpu_persistent_gpunetio.log --storage-maintenance-log /home/xjs/experiment/dvstor/experiment/spacev100m/logs/memory_node_4_04_gpu_persistent_gpunetio.log --storage-maintenance-log /home/xjs/experiment/dvstor/experiment/spacev100m/logs/memory_node_5_04_gpu_persistent_gpunetio.log
============================================================
                        CLIENT
============================================================
connect to:                   [192.168.6.202:1234, 192.168.6.202:1235, 192.168.6.202:1236, 192.168.6.202:1237, 192.168.6.202:1238, ]
is initiator:                 true
TCP port:                     2234
QP handshake timeout (ms):    10000
IB device:                    <auto>
IB port:                      1
max outstanding CQEs:         64
max send work requests:       4096
max receive work requests:    4096
============================================================
index prefix:                     "/data/xjs/index/dvstor_spacev100m/index/spacev100m_R96_bw128_metis_pmd32_pq20_schema16"
threads:                          64
dimension:                        100
max vectors:                      100000000
vector ID namespace [0,N):        4294967295
K / R:                            10 / 96
vector data type:                 int8
--------------------------------------------------------------------
query engine:                     persistent_gpu_opq_pq
remote transport:                 GPU-initiated GPUNetIO
GPU device:                       1
GPU concurrent query slots:       256
GPU memory limit/reserve GiB:     40/4
GPU traversal/rerank width:       128/128
GPU max expansions:               384
GPU device stack bytes/thread:    4096
GPU graph commit/issue width:     16/32
dynamic graph access mode:        manual
GPU graph read policy:            header-neighbor
GPU dynamic graph extent:         true
GPU-RDMA progression mode:        decoupled
GPU Beam merge policy:            stable-run
query RDMA trace mode/rate:       off/1000
query RDMA trace output:          ""
GPU RDMA QPs per storage node:    32
GPU direct CQ timeout ms:         250
GPU persistent blocks/SM cap:     4
compute updates enabled:          true
storage update completion mode:   decoupled
storage update protocol:          centroid-home two-stage
storage RPC depth/batch:          16/32
storage batch max wait us:        10000
storage Stage2 batch max wait us: 25000
storage Stage2 initial delay ms:  0
Stage2 exact score-many:          true
Stage2 home RPC combining:        true
Stage2 graph issue width:         16
storage peer QPs per peer:        8
storage stage2 maintenance:       8 workers, backlog 65536
====================================================================
[breakdown] workload input preflight passed before service startup
1 device(s) found
Selected device: mlx5_0
Selected port state: 4, lid: 1, active_mtu: 5
interleaved policy
num_cores: 112
physical cores per socket: 28
hyperthreading enabled
local process CPU partition: rank 0/1 logical_cpus=112
[STATUS]: loaded schema-16 GPU index metadata from /data/xjs/index/dvstor_spacev100m/index/spacev100m_R96_bw128_metis_pmd32_pq20_schema16 (OPQ/PQ20, vector_data_type=int8)
client id: 0
number of clients: 1
connect to server 192.168.6.202:1234
pairing: 10639 -- 81860
connect to server 192.168.6.202:1235
pairing: 10640 -- 81861
connect to server 192.168.6.202:1236
pairing: 10641 -- 81862
connect to server 192.168.6.202:1237
pairing: 10642 -- 81863
connect to server 192.168.6.202:1238
pairing: 10643 -- 81864
[STATUS]: receive access tokens of remote memory regions
[STATUS]: storage-owner authority: deterministic ID shard; physical placement: storage directory + centroid home
[STATUS]: search: GPU-persistent OPQ/PQ20 beam + final RDMA exact rerank
[gpu-search] ASFE device stack bytes/thread=4096 requested=4096
[gpu-search] synthesized navigation manifest in memory from metadata
[gpu-search] graph-read-policy=header-neighbor header_bytes=16 second_stage=exact_neighbor_body graph_record_bytes=832
[gpu-search] query routing=versioned centroid routes centroid_shards=5 live_entries_per_shard=4 start_shards=1
[gpu-search] device=NVIDIA A800 80GB PCIe cc=8.0 sm_count=108 global_memory=85119205376 gpudirect_rdma=1
[gpu-search] navigation budget codes=2000000000 dynamic_code_scratch=14680064 dynamic_code_arena=616458384 dynamic_code_arena_slots=25685766 dynamic_request_scratch=10485760 navigation_candidates=6291456 direct_queue_scratch=1866240 graph_scratch=16777216 graph_request_metadata=32768 speculative_graph_request_metadata=270336 graph_extent_classes=0 query_rdma_trace=0 centroid_route=528 shard_centroids=2000 explicit=3016937160 limit=38654705664 bytes
[STATUS]: exporting GPUNetIO QP resource=0 lane=0 server=0 qpn=10644 gpu_pci=0000:5C:00.0 ibdev=mlx5_0 handler=GPU_SM_DB
[STATUS]: exporting GPUNetIO QP resource=0 lane=0 server=1 qpn=10645 gpu_pci=0000:5C:00.0 ibdev=mlx5_0 handler=GPU_SM_DB
[STATUS]: exporting GPUNetIO QP resource=0 lane=0 server=2 qpn=10646 gpu_pci=0000:5C:00.0 ibdev=mlx5_0 handler=GPU_SM_DB
[STATUS]: exporting GPUNetIO QP resource=0 lane=0 server=3 qpn=10647 gpu_pci=0000:5C:00.0 ibdev=mlx5_0 handler=GPU_SM_DB
[STATUS]: exporting GPUNetIO QP resource=0 lane=0 server=4 qpn=10648 gpu_pci=0000:5C:00.0 ibdev=mlx5_0 handler=GPU_SM_DB
[STATUS]: exporting GPUNetIO QP resource=0 lane=1 server=0 qpn=10649 gpu_pci=0000:5C:00.0 ibdev=mlx5_0 handler=GPU_SM_DB
[STATUS]: exporting GPUNetIO QP resource=0 lane=1 server=1 qpn=10650 gpu_pci=0000:5C:00.0 ibdev=mlx5_0 handler=GPU_SM_DB
[STATUS]: exporting GPUNetIO QP resource=0 lane=1 server=2 qpn=10651 gpu_pci=0000:5C:00.0 ibdev=mlx5_0 handler=GPU_SM_DB
[STATUS]: exporting GPUNetIO QP resource=0 lane=1 server=3 qpn=10652 gpu_pci=0000:5C:00.0 ibdev=mlx5_0 handler=GPU_SM_DB
[STATUS]: exporting GPUNetIO QP resource=0 lane=1 server=4 qpn=10653 gpu_pci=0000:5C:00.0 ibdev=mlx5_0 handler=GPU_SM_DB
[STATUS]: exporting GPUNetIO QP resource=0 lane=2 server=0 qpn=10654 gpu_pci=0000:5C:00.0 ibdev=mlx5_0 handler=GPU_SM_DB
[STATUS]: exporting GPUNetIO QP resource=0 lane=2 server=1 qpn=10655 gpu_pci=0000:5C:00.0 ibdev=mlx5_0 handler=GPU_SM_DB
[STATUS]: exporting GPUNetIO QP resource=0 lane=2 server=2 qpn=10656 gpu_pci=0000:5C:00.0 ibdev=mlx5_0 handler=GPU_SM_DB
[STATUS]: exporting GPUNetIO QP resource=0 lane=2 server=3 qpn=10657 gpu_pci=0000:5C:00.0 ibdev=mlx5_0 handler=GPU_SM_DB
[STATUS]: exporting GPUNetIO QP resource=0 lane=2 server=4 qpn=10658 gpu_pci=0000:5C:00.0 ibdev=mlx5_0 handler=GPU_SM_DB
[STATUS]: exporting GPUNetIO QP resource=0 lane=3 server=0 qpn=10659 gpu_pci=0000:5C:00.0 ibdev=mlx5_0 handler=GPU_SM_DB
[STATUS]: exporting GPUNetIO QP resource=0 lane=3 server=1 qpn=10660 gpu_pci=0000:5C:00.0 ibdev=mlx5_0 handler=GPU_SM_DB
[STATUS]: exporting GPUNetIO QP resource=0 lane=3 server=2 qpn=10661 gpu_pci=0000:5C:00.0 ibdev=mlx5_0 handler=GPU_SM_DB
[STATUS]: exporting GPUNetIO QP resource=0 lane=3 server=3 qpn=10662 gpu_pci=0000:5C:00.0 ibdev=mlx5_0 handler=GPU_SM_DB
[STATUS]: exporting GPUNetIO QP resource=0 lane=3 server=4 qpn=10663 gpu_pci=0000:5C:00.0 ibdev=mlx5_0 handler=GPU_SM_DB
[STATUS]: exporting GPUNetIO QP resource=0 lane=4 server=0 qpn=10664 gpu_pci=0000:5C:00.0 ibdev=mlx5_0 handler=GPU_SM_DB
[STATUS]: exporting GPUNetIO QP resource=0 lane=4 server=1 qpn=10665 gpu_pci=0000:5C:00.0 ibdev=mlx5_0 handler=GPU_SM_DB
[STATUS]: exporting GPUNetIO QP resource=0 lane=4 server=2 qpn=10666 gpu_pci=0000:5C:00.0 ibdev=mlx5_0 handler=GPU_SM_DB
[STATUS]: exporting GPUNetIO QP resource=0 lane=4 server=3 qpn=10667 gpu_pci=0000:5C:00.0 ibdev=mlx5_0 handler=GPU_SM_DB
[STATUS]: exporting GPUNetIO QP resource=0 lane=4 server=4 qpn=10668 gpu_pci=0000:5C:00.0 ibdev=mlx5_0 handler=GPU_SM_DB
[STATUS]: exporting GPUNetIO QP resource=0 lane=5 server=0 qpn=10669 gpu_pci=0000:5C:00.0 ibdev=mlx5_0 handler=GPU_SM_DB
[STATUS]: exporting GPUNetIO QP resource=0 lane=5 server=1 qpn=10670 gpu_pci=0000:5C:00.0 ibdev=mlx5_0 handler=GPU_SM_DB
[STATUS]: exporting GPUNetIO QP resource=0 lane=5 server=2 qpn=10671 gpu_pci=0000:5C:00.0 ibdev=mlx5_0 handler=GPU_SM_DB
[STATUS]: exporting GPUNetIO QP resource=0 lane=5 server=3 qpn=10672 gpu_pci=0000:5C:00.0 ibdev=mlx5_0 handler=GPU_SM_DB
[STATUS]: exporting GPUNetIO QP resource=0 lane=5 server=4 qpn=10673 gpu_pci=0000:5C:00.0 ibdev=mlx5_0 handler=GPU_SM_DB
[STATUS]: exporting GPUNetIO QP resource=0 lane=6 server=0 qpn=10674 gpu_pci=0000:5C:00.0 ibdev=mlx5_0 handler=GPU_SM_DB
[STATUS]: exporting GPUNetIO QP resource=0 lane=6 server=1 qpn=10675 gpu_pci=0000:5C:00.0 ibdev=mlx5_0 handler=GPU_SM_DB
[STATUS]: exporting GPUNetIO QP resource=0 lane=6 server=2 qpn=10676 gpu_pci=0000:5C:00.0 ibdev=mlx5_0 handler=GPU_SM_DB
[STATUS]: exporting GPUNetIO QP resource=0 lane=6 server=3 qpn=10677 gpu_pci=0000:5C:00.0 ibdev=mlx5_0 handler=GPU_SM_DB
[STATUS]: exporting GPUNetIO QP resource=0 lane=6 server=4 qpn=10678 gpu_pci=0000:5C:00.0 ibdev=mlx5_0 handler=GPU_SM_DB
[STATUS]: exporting GPUNetIO QP resource=0 lane=7 server=0 qpn=10679 gpu_pci=0000:5C:00.0 ibdev=mlx5_0 handler=GPU_SM_DB
[STATUS]: exporting GPUNetIO QP resource=0 lane=7 server=1 qpn=10680 gpu_pci=0000:5C:00.0 ibdev=mlx5_0 handler=GPU_SM_DB
[STATUS]: exporting GPUNetIO QP resource=0 lane=7 server=2 qpn=10681 gpu_pci=0000:5C:00.0 ibdev=mlx5_0 handler=GPU_SM_DB
[STATUS]: exporting GPUNetIO QP resource=0 lane=7 server=3 qpn=10682 gpu_pci=0000:5C:00.0 ibdev=mlx5_0 handler=GPU_SM_DB
[STATUS]: exporting GPUNetIO QP resource=0 lane=7 server=4 qpn=10683 gpu_pci=0000:5C:00.0 ibdev=mlx5_0 handler=GPU_SM_DB
[STATUS]: exporting GPUNetIO QP resource=0 lane=8 server=0 qpn=10684 gpu_pci=0000:5C:00.0 ibdev=mlx5_0 handler=GPU_SM_DB
[STATUS]: exporting GPUNetIO QP resource=0 lane=8 server=1 qpn=10685 gpu_pci=0000:5C:00.0 ibdev=mlx5_0 handler=GPU_SM_DB
[STATUS]: exporting GPUNetIO QP resource=0 lane=8 server=2 qpn=10686 gpu_pci=0000:5C:00.0 ibdev=mlx5_0 handler=GPU_SM_DB
[STATUS]: exporting GPUNetIO QP resource=0 lane=8 server=3 qpn=10687 gpu_pci=0000:5C:00.0 ibdev=mlx5_0 handler=GPU_SM_DB
[STATUS]: exporting GPUNetIO QP resource=0 lane=8 server=4 qpn=10688 gpu_pci=0000:5C:00.0 ibdev=mlx5_0 handler=GPU_SM_DB
[STATUS]: exporting GPUNetIO QP resource=0 lane=9 server=0 qpn=10689 gpu_pci=0000:5C:00.0 ibdev=mlx5_0 handler=GPU_SM_DB
[STATUS]: exporting GPUNetIO QP resource=0 lane=9 server=1 qpn=10690 gpu_pci=0000:5C:00.0 ibdev=mlx5_0 handler=GPU_SM_DB
[STATUS]: exporting GPUNetIO QP resource=0 lane=9 server=2 qpn=10691 gpu_pci=0000:5C:00.0 ibdev=mlx5_0 handler=GPU_SM_DB
[STATUS]: exporting GPUNetIO QP resource=0 lane=9 server=3 qpn=10692 gpu_pci=0000:5C:00.0 ibdev=mlx5_0 handler=GPU_SM_DB
[STATUS]: exporting GPUNetIO QP resource=0 lane=9 server=4 qpn=10693 gpu_pci=0000:5C:00.0 ibdev=mlx5_0 handler=GPU_SM_DB
[STATUS]: exporting GPUNetIO QP resource=0 lane=10 server=0 qpn=10694 gpu_pci=0000:5C:00.0 ibdev=mlx5_0 handler=GPU_SM_DB
[STATUS]: exporting GPUNetIO QP resource=0 lane=10 server=1 qpn=10695 gpu_pci=0000:5C:00.0 ibdev=mlx5_0 handler=GPU_SM_DB
[STATUS]: exporting GPUNetIO QP resource=0 lane=10 server=2 qpn=10696 gpu_pci=0000:5C:00.0 ibdev=mlx5_0 handler=GPU_SM_DB
[STATUS]: exporting GPUNetIO QP resource=0 lane=10 server=3 qpn=10697 gpu_pci=0000:5C:00.0 ibdev=mlx5_0 handler=GPU_SM_DB
[STATUS]: exporting GPUNetIO QP resource=0 lane=10 server=4 qpn=10698 gpu_pci=0000:5C:00.0 ibdev=mlx5_0 handler=GPU_SM_DB
[STATUS]: exporting GPUNetIO QP resource=0 lane=11 server=0 qpn=10699 gpu_pci=0000:5C:00.0 ibdev=mlx5_0 handler=GPU_SM_DB
[STATUS]: exporting GPUNetIO QP resource=0 lane=11 server=1 qpn=10700 gpu_pci=0000:5C:00.0 ibdev=mlx5_0 handler=GPU_SM_DB
[STATUS]: exporting GPUNetIO QP resource=0 lane=11 server=2 qpn=10701 gpu_pci=0000:5C:00.0 ibdev=mlx5_0 handler=GPU_SM_DB
[STATUS]: exporting GPUNetIO QP resource=0 lane=11 server=3 qpn=10702 gpu_pci=0000:5C:00.0 ibdev=mlx5_0 handler=GPU_SM_DB
[STATUS]: exporting GPUNetIO QP resource=0 lane=11 server=4 qpn=10703 gpu_pci=0000:5C:00.0 ibdev=mlx5_0 handler=GPU_SM_DB
[STATUS]: exporting GPUNetIO QP resource=0 lane=12 server=0 qpn=10704 gpu_pci=0000:5C:00.0 ibdev=mlx5_0 handler=GPU_SM_DB
[STATUS]: exporting GPUNetIO QP resource=0 lane=12 server=1 qpn=10705 gpu_pci=0000:5C:00.0 ibdev=mlx5_0 handler=GPU_SM_DB
[STATUS]: exporting GPUNetIO QP resource=0 lane=12 server=2 qpn=10706 gpu_pci=0000:5C:00.0 ibdev=mlx5_0 handler=GPU_SM_DB
[STATUS]: exporting GPUNetIO QP resource=0 lane=12 server=3 qpn=10707 gpu_pci=0000:5C:00.0 ibdev=mlx5_0 handler=GPU_SM_DB
[STATUS]: exporting GPUNetIO QP resource=0 lane=12 server=4 qpn=10708 gpu_pci=0000:5C:00.0 ibdev=mlx5_0 handler=GPU_SM_DB
[STATUS]: exporting GPUNetIO QP resource=0 lane=13 server=0 qpn=10709 gpu_pci=0000:5C:00.0 ibdev=mlx5_0 handler=GPU_SM_DB
[STATUS]: exporting GPUNetIO QP resource=0 lane=13 server=1 qpn=10710 gpu_pci=0000:5C:00.0 ibdev=mlx5_0 handler=GPU_SM_DB
[STATUS]: exporting GPUNetIO QP resource=0 lane=13 server=2 qpn=10711 gpu_pci=0000:5C:00.0 ibdev=mlx5_0 handler=GPU_SM_DB
[STATUS]: exporting GPUNetIO QP resource=0 lane=13 server=3 qpn=10712 gpu_pci=0000:5C:00.0 ibdev=mlx5_0 handler=GPU_SM_DB
[STATUS]: exporting GPUNetIO QP resource=0 lane=13 server=4 qpn=10713 gpu_pci=0000:5C:00.0 ibdev=mlx5_0 handler=GPU_SM_DB
[STATUS]: exporting GPUNetIO QP resource=0 lane=14 server=0 qpn=10714 gpu_pci=0000:5C:00.0 ibdev=mlx5_0 handler=GPU_SM_DB
[STATUS]: exporting GPUNetIO QP resource=0 lane=14 server=1 qpn=10715 gpu_pci=0000:5C:00.0 ibdev=mlx5_0 handler=GPU_SM_DB
[STATUS]: exporting GPUNetIO QP resource=0 lane=14 server=2 qpn=10716 gpu_pci=0000:5C:00.0 ibdev=mlx5_0 handler=GPU_SM_DB
[STATUS]: exporting GPUNetIO QP resource=0 lane=14 server=3 qpn=10717 gpu_pci=0000:5C:00.0 ibdev=mlx5_0 handler=GPU_SM_DB
[STATUS]: exporting GPUNetIO QP resource=0 lane=14 server=4 qpn=10718 gpu_pci=0000:5C:00.0 ibdev=mlx5_0 handler=GPU_SM_DB
[STATUS]: exporting GPUNetIO QP resource=0 lane=15 server=0 qpn=10719 gpu_pci=0000:5C:00.0 ibdev=mlx5_0 handler=GPU_SM_DB
[STATUS]: exporting GPUNetIO QP resource=0 lane=15 server=1 qpn=10720 gpu_pci=0000:5C:00.0 ibdev=mlx5_0 handler=GPU_SM_DB
[STATUS]: exporting GPUNetIO QP resource=0 lane=15 server=2 qpn=10721 gpu_pci=0000:5C:00.0 ibdev=mlx5_0 handler=GPU_SM_DB
[STATUS]: exporting GPUNetIO QP resource=0 lane=15 server=3 qpn=10722 gpu_pci=0000:5C:00.0 ibdev=mlx5_0 handler=GPU_SM_DB
[STATUS]: exporting GPUNetIO QP resource=0 lane=15 server=4 qpn=10723 gpu_pci=0000:5C:00.0 ibdev=mlx5_0 handler=GPU_SM_DB
[STATUS]: exporting GPUNetIO QP resource=0 lane=16 server=0 qpn=10724 gpu_pci=0000:5C:00.0 ibdev=mlx5_0 handler=GPU_SM_DB
[STATUS]: exporting GPUNetIO QP resource=0 lane=16 server=1 qpn=10725 gpu_pci=0000:5C:00.0 ibdev=mlx5_0 handler=GPU_SM_DB
[STATUS]: exporting GPUNetIO QP resource=0 lane=16 server=2 qpn=10726 gpu_pci=0000:5C:00.0 ibdev=mlx5_0 handler=GPU_SM_DB
[STATUS]: exporting GPUNetIO QP resource=0 lane=16 server=3 qpn=10727 gpu_pci=0000:5C:00.0 ibdev=mlx5_0 handler=GPU_SM_DB
[STATUS]: exporting GPUNetIO QP resource=0 lane=16 server=4 qpn=10728 gpu_pci=0000:5C:00.0 ibdev=mlx5_0 handler=GPU_SM_DB
[STATUS]: exporting GPUNetIO QP resource=0 lane=17 server=0 qpn=10729 gpu_pci=0000:5C:00.0 ibdev=mlx5_0 handler=GPU_SM_DB
[STATUS]: exporting GPUNetIO QP resource=0 lane=17 server=1 qpn=10730 gpu_pci=0000:5C:00.0 ibdev=mlx5_0 handler=GPU_SM_DB
[STATUS]: exporting GPUNetIO QP resource=0 lane=17 server=2 qpn=10731 gpu_pci=0000:5C:00.0 ibdev=mlx5_0 handler=GPU_SM_DB
[STATUS]: exporting GPUNetIO QP resource=0 lane=17 server=3 qpn=10732 gpu_pci=0000:5C:00.0 ibdev=mlx5_0 handler=GPU_SM_DB
[STATUS]: exporting GPUNetIO QP resource=0 lane=17 server=4 qpn=10733 gpu_pci=0000:5C:00.0 ibdev=mlx5_0 handler=GPU_SM_DB
[STATUS]: exporting GPUNetIO QP resource=0 lane=18 server=0 qpn=10734 gpu_pci=0000:5C:00.0 ibdev=mlx5_0 handler=GPU_SM_DB
[STATUS]: exporting GPUNetIO QP resource=0 lane=18 server=1 qpn=10735 gpu_pci=0000:5C:00.0 ibdev=mlx5_0 handler=GPU_SM_DB
[STATUS]: exporting GPUNetIO QP resource=0 lane=18 server=2 qpn=10736 gpu_pci=0000:5C:00.0 ibdev=mlx5_0 handler=GPU_SM_DB
[STATUS]: exporting GPUNetIO QP resource=0 lane=18 server=3 qpn=10737 gpu_pci=0000:5C:00.0 ibdev=mlx5_0 handler=GPU_SM_DB
[STATUS]: exporting GPUNetIO QP resource=0 lane=18 server=4 qpn=10738 gpu_pci=0000:5C:00.0 ibdev=mlx5_0 handler=GPU_SM_DB
[STATUS]: exporting GPUNetIO QP resource=0 lane=19 server=0 qpn=10739 gpu_pci=0000:5C:00.0 ibdev=mlx5_0 handler=GPU_SM_DB
[STATUS]: exporting GPUNetIO QP resource=0 lane=19 server=1 qpn=10740 gpu_pci=0000:5C:00.0 ibdev=mlx5_0 handler=GPU_SM_DB
[STATUS]: exporting GPUNetIO QP resource=0 lane=19 server=2 qpn=10741 gpu_pci=0000:5C:00.0 ibdev=mlx5_0 handler=GPU_SM_DB
[STATUS]: exporting GPUNetIO QP resource=0 lane=19 server=3 qpn=10742 gpu_pci=0000:5C:00.0 ibdev=mlx5_0 handler=GPU_SM_DB
[STATUS]: exporting GPUNetIO QP resource=0 lane=19 server=4 qpn=10743 gpu_pci=0000:5C:00.0 ibdev=mlx5_0 handler=GPU_SM_DB
[STATUS]: exporting GPUNetIO QP resource=0 lane=20 server=0 qpn=10744 gpu_pci=0000:5C:00.0 ibdev=mlx5_0 handler=GPU_SM_DB
[STATUS]: exporting GPUNetIO QP resource=0 lane=20 server=1 qpn=10745 gpu_pci=0000:5C:00.0 ibdev=mlx5_0 handler=GPU_SM_DB
[STATUS]: exporting GPUNetIO QP resource=0 lane=20 server=2 qpn=10746 gpu_pci=0000:5C:00.0 ibdev=mlx5_0 handler=GPU_SM_DB
[STATUS]: exporting GPUNetIO QP resource=0 lane=20 server=3 qpn=10747 gpu_pci=0000:5C:00.0 ibdev=mlx5_0 handler=GPU_SM_DB
[STATUS]: exporting GPUNetIO QP resource=0 lane=20 server=4 qpn=10748 gpu_pci=0000:5C:00.0 ibdev=mlx5_0 handler=GPU_SM_DB
[STATUS]: exporting GPUNetIO QP resource=0 lane=21 server=0 qpn=10749 gpu_pci=0000:5C:00.0 ibdev=mlx5_0 handler=GPU_SM_DB
[STATUS]: exporting GPUNetIO QP resource=0 lane=21 server=1 qpn=10750 gpu_pci=0000:5C:00.0 ibdev=mlx5_0 handler=GPU_SM_DB
[STATUS]: exporting GPUNetIO QP resource=0 lane=21 server=2 qpn=10751 gpu_pci=0000:5C:00.0 ibdev=mlx5_0 handler=GPU_SM_DB
[STATUS]: exporting GPUNetIO QP resource=0 lane=21 server=3 qpn=10752 gpu_pci=0000:5C:00.0 ibdev=mlx5_0 handler=GPU_SM_DB
[STATUS]: exporting GPUNetIO QP resource=0 lane=21 server=4 qpn=10753 gpu_pci=0000:5C:00.0 ibdev=mlx5_0 handler=GPU_SM_DB
[STATUS]: exporting GPUNetIO QP resource=0 lane=22 server=0 qpn=10754 gpu_pci=0000:5C:00.0 ibdev=mlx5_0 handler=GPU_SM_DB
[STATUS]: exporting GPUNetIO QP resource=0 lane=22 server=1 qpn=10755 gpu_pci=0000:5C:00.0 ibdev=mlx5_0 handler=GPU_SM_DB
[STATUS]: exporting GPUNetIO QP resource=0 lane=22 server=2 qpn=10756 gpu_pci=0000:5C:00.0 ibdev=mlx5_0 handler=GPU_SM_DB
[STATUS]: exporting GPUNetIO QP resource=0 lane=22 server=3 qpn=10757 gpu_pci=0000:5C:00.0 ibdev=mlx5_0 handler=GPU_SM_DB
[STATUS]: exporting GPUNetIO QP resource=0 lane=22 server=4 qpn=10758 gpu_pci=0000:5C:00.0 ibdev=mlx5_0 handler=GPU_SM_DB
[STATUS]: exporting GPUNetIO QP resource=0 lane=23 server=0 qpn=10759 gpu_pci=0000:5C:00.0 ibdev=mlx5_0 handler=GPU_SM_DB
[STATUS]: exporting GPUNetIO QP resource=0 lane=23 server=1 qpn=10760 gpu_pci=0000:5C:00.0 ibdev=mlx5_0 handler=GPU_SM_DB
[STATUS]: exporting GPUNetIO QP resource=0 lane=23 server=2 qpn=10761 gpu_pci=0000:5C:00.0 ibdev=mlx5_0 handler=GPU_SM_DB
[STATUS]: exporting GPUNetIO QP resource=0 lane=23 server=3 qpn=10762 gpu_pci=0000:5C:00.0 ibdev=mlx5_0 handler=GPU_SM_DB
[STATUS]: exporting GPUNetIO QP resource=0 lane=23 server=4 qpn=10763 gpu_pci=0000:5C:00.0 ibdev=mlx5_0 handler=GPU_SM_DB
[STATUS]: exporting GPUNetIO QP resource=0 lane=24 server=0 qpn=10764 gpu_pci=0000:5C:00.0 ibdev=mlx5_0 handler=GPU_SM_DB
[STATUS]: exporting GPUNetIO QP resource=0 lane=24 server=1 qpn=10765 gpu_pci=0000:5C:00.0 ibdev=mlx5_0 handler=GPU_SM_DB
[STATUS]: exporting GPUNetIO QP resource=0 lane=24 server=2 qpn=10766 gpu_pci=0000:5C:00.0 ibdev=mlx5_0 handler=GPU_SM_DB
[STATUS]: exporting GPUNetIO QP resource=0 lane=24 server=3 qpn=10767 gpu_pci=0000:5C:00.0 ibdev=mlx5_0 handler=GPU_SM_DB
[STATUS]: exporting GPUNetIO QP resource=0 lane=24 server=4 qpn=10768 gpu_pci=0000:5C:00.0 ibdev=mlx5_0 handler=GPU_SM_DB
[STATUS]: exporting GPUNetIO QP resource=0 lane=25 server=0 qpn=10769 gpu_pci=0000:5C:00.0 ibdev=mlx5_0 handler=GPU_SM_DB
[STATUS]: exporting GPUNetIO QP resource=0 lane=25 server=1 qpn=10770 gpu_pci=0000:5C:00.0 ibdev=mlx5_0 handler=GPU_SM_DB
[STATUS]: exporting GPUNetIO QP resource=0 lane=25 server=2 qpn=10771 gpu_pci=0000:5C:00.0 ibdev=mlx5_0 handler=GPU_SM_DB
[STATUS]: exporting GPUNetIO QP resource=0 lane=25 server=3 qpn=10772 gpu_pci=0000:5C:00.0 ibdev=mlx5_0 handler=GPU_SM_DB
[STATUS]: exporting GPUNetIO QP resource=0 lane=25 server=4 qpn=10773 gpu_pci=0000:5C:00.0 ibdev=mlx5_0 handler=GPU_SM_DB
[STATUS]: exporting GPUNetIO QP resource=0 lane=26 server=0 qpn=10774 gpu_pci=0000:5C:00.0 ibdev=mlx5_0 handler=GPU_SM_DB
[STATUS]: exporting GPUNetIO QP resource=0 lane=26 server=1 qpn=10775 gpu_pci=0000:5C:00.0 ibdev=mlx5_0 handler=GPU_SM_DB
[STATUS]: exporting GPUNetIO QP resource=0 lane=26 server=2 qpn=10776 gpu_pci=0000:5C:00.0 ibdev=mlx5_0 handler=GPU_SM_DB
[STATUS]: exporting GPUNetIO QP resource=0 lane=26 server=3 qpn=10777 gpu_pci=0000:5C:00.0 ibdev=mlx5_0 handler=GPU_SM_DB
[STATUS]: exporting GPUNetIO QP resource=0 lane=26 server=4 qpn=10778 gpu_pci=0000:5C:00.0 ibdev=mlx5_0 handler=GPU_SM_DB
[STATUS]: exporting GPUNetIO QP resource=0 lane=27 server=0 qpn=10779 gpu_pci=0000:5C:00.0 ibdev=mlx5_0 handler=GPU_SM_DB
[STATUS]: exporting GPUNetIO QP resource=0 lane=27 server=1 qpn=10780 gpu_pci=0000:5C:00.0 ibdev=mlx5_0 handler=GPU_SM_DB
[STATUS]: exporting GPUNetIO QP resource=0 lane=27 server=2 qpn=10781 gpu_pci=0000:5C:00.0 ibdev=mlx5_0 handler=GPU_SM_DB
[STATUS]: exporting GPUNetIO QP resource=0 lane=27 server=3 qpn=10782 gpu_pci=0000:5C:00.0 ibdev=mlx5_0 handler=GPU_SM_DB
[STATUS]: exporting GPUNetIO QP resource=0 lane=27 server=4 qpn=10783 gpu_pci=0000:5C:00.0 ibdev=mlx5_0 handler=GPU_SM_DB
[STATUS]: exporting GPUNetIO QP resource=0 lane=28 server=0 qpn=10784 gpu_pci=0000:5C:00.0 ibdev=mlx5_0 handler=GPU_SM_DB
[STATUS]: exporting GPUNetIO QP resource=0 lane=28 server=1 qpn=10785 gpu_pci=0000:5C:00.0 ibdev=mlx5_0 handler=GPU_SM_DB
[STATUS]: exporting GPUNetIO QP resource=0 lane=28 server=2 qpn=10786 gpu_pci=0000:5C:00.0 ibdev=mlx5_0 handler=GPU_SM_DB
[STATUS]: exporting GPUNetIO QP resource=0 lane=28 server=3 qpn=10787 gpu_pci=0000:5C:00.0 ibdev=mlx5_0 handler=GPU_SM_DB
[STATUS]: exporting GPUNetIO QP resource=0 lane=28 server=4 qpn=10788 gpu_pci=0000:5C:00.0 ibdev=mlx5_0 handler=GPU_SM_DB
[STATUS]: exporting GPUNetIO QP resource=0 lane=29 server=0 qpn=10789 gpu_pci=0000:5C:00.0 ibdev=mlx5_0 handler=GPU_SM_DB
[STATUS]: exporting GPUNetIO QP resource=0 lane=29 server=1 qpn=10790 gpu_pci=0000:5C:00.0 ibdev=mlx5_0 handler=GPU_SM_DB
[STATUS]: exporting GPUNetIO QP resource=0 lane=29 server=2 qpn=10791 gpu_pci=0000:5C:00.0 ibdev=mlx5_0 handler=GPU_SM_DB
[STATUS]: exporting GPUNetIO QP resource=0 lane=29 server=3 qpn=10792 gpu_pci=0000:5C:00.0 ibdev=mlx5_0 handler=GPU_SM_DB
[STATUS]: exporting GPUNetIO QP resource=0 lane=29 server=4 qpn=10793 gpu_pci=0000:5C:00.0 ibdev=mlx5_0 handler=GPU_SM_DB
[STATUS]: exporting GPUNetIO QP resource=0 lane=30 server=0 qpn=10794 gpu_pci=0000:5C:00.0 ibdev=mlx5_0 handler=GPU_SM_DB
[STATUS]: exporting GPUNetIO QP resource=0 lane=30 server=1 qpn=10795 gpu_pci=0000:5C:00.0 ibdev=mlx5_0 handler=GPU_SM_DB
[STATUS]: exporting GPUNetIO QP resource=0 lane=30 server=2 qpn=10796 gpu_pci=0000:5C:00.0 ibdev=mlx5_0 handler=GPU_SM_DB
[STATUS]: exporting GPUNetIO QP resource=0 lane=30 server=3 qpn=10797 gpu_pci=0000:5C:00.0 ibdev=mlx5_0 handler=GPU_SM_DB
[STATUS]: exporting GPUNetIO QP resource=0 lane=30 server=4 qpn=10798 gpu_pci=0000:5C:00.0 ibdev=mlx5_0 handler=GPU_SM_DB
[STATUS]: exporting GPUNetIO QP resource=0 lane=31 server=0 qpn=10799 gpu_pci=0000:5C:00.0 ibdev=mlx5_0 handler=GPU_SM_DB
[STATUS]: exporting GPUNetIO QP resource=0 lane=31 server=1 qpn=10800 gpu_pci=0000:5C:00.0 ibdev=mlx5_0 handler=GPU_SM_DB
[STATUS]: exporting GPUNetIO QP resource=0 lane=31 server=2 qpn=10801 gpu_pci=0000:5C:00.0 ibdev=mlx5_0 handler=GPU_SM_DB
[STATUS]: exporting GPUNetIO QP resource=0 lane=31 server=3 qpn=10802 gpu_pci=0000:5C:00.0 ibdev=mlx5_0 handler=GPU_SM_DB
[STATUS]: exporting GPUNetIO QP resource=0 lane=31 server=4 qpn=10803 gpu_pci=0000:5C:00.0 ibdev=mlx5_0 handler=GPU_SM_DB
[STATUS]: GPUNetIO GPU MR registration=peer_memory bytes=2040528896
[STATUS]: GPUNetIO startup RDMA read probe passed for 160 QPs
[STATUS]: GPUNetIO RDMA Read implementation=manual_wqe_locked
1 device(s) found
Selected device: mlx5_0
Selected port state: 4, lid: 1, active_mtu: 5
pairing: 10804 -- 82025
pairing: 10805 -- 82030
pairing: 10806 -- 82031
pairing: 10807 -- 82032
pairing: 10808 -- 82033
pairing: 10809 -- 82034
pairing: 10810 -- 82035
pairing: 10811 -- 82036
pairing: 10812 -- 82037
pairing: 10813 -- 82038
pairing: 10814 -- 82039
pairing: 10815 -- 82040
pairing: 10816 -- 82041
pairing: 10817 -- 82042
pairing: 10818 -- 82043
pairing: 10819 -- 82044
pairing: 10820 -- 82045
pairing: 10821 -- 82046
pairing: 10822 -- 82047
pairing: 10823 -- 82048
pairing: 10824 -- 82049
pairing: 10825 -- 82050
pairing: 10826 -- 82051
pairing: 10827 -- 82052
pairing: 10828 -- 82053
pairing: 10829 -- 82054
pairing: 10830 -- 82055
pairing: 10831 -- 82056
pairing: 10832 -- 82057
pairing: 10833 -- 82058
pairing: 10834 -- 82059
pairing: 10835 -- 82060
pairing: 10836 -- 82026
pairing: 10837 -- 82061
pairing: 10838 -- 82062
pairing: 10839 -- 82063
pairing: 10840 -- 82064
pairing: 10841 -- 82065
pairing: 10842 -- 82066
pairing: 10843 -- 82067
pairing: 10844 -- 82068
pairing: 10845 -- 82069
pairing: 10846 -- 82070
pairing: 10847 -- 82071
pairing: 10848 -- 82072
pairing: 10849 -- 82073
pairing: 10850 -- 82074
pairing: 10851 -- 82075
pairing: 10852 -- 82076
pairing: 10853 -- 82077
pairing: 10854 -- 82078
pairing: 10855 -- 82079
pairing: 10856 -- 82080
pairing: 10857 -- 82081
pairing: 10858 -- 82082
pairing: 10859 -- 82083
pairing: 10860 -- 82084
pairing: 10861 -- 82085
pairing: 10862 -- 82086
pairing: 10863 -- 82087
pairing: 10864 -- 82088
pairing: 10865 -- 82089
pairing: 10866 -- 82090
pairing: 10867 -- 82091
pairing: 10868 -- 82027
pairing: 10869 -- 82092
pairing: 10870 -- 82093
pairing: 10871 -- 82094
pairing: 10872 -- 82095
pairing: 10873 -- 82096
pairing: 10874 -- 82097
pairing: 10875 -- 82098
pairing: 10876 -- 82099
pairing: 10877 -- 82100
pairing: 10878 -- 82101
pairing: 10879 -- 82102
pairing: 10880 -- 82103
pairing: 10881 -- 82104
pairing: 10882 -- 82105
pairing: 10883 -- 82106
pairing: 10884 -- 82107
pairing: 10885 -- 82108
pairing: 10886 -- 82109
pairing: 10887 -- 82110
pairing: 10888 -- 82111
pairing: 10889 -- 82112
pairing: 10890 -- 82113
pairing: 10891 -- 82114
pairing: 10892 -- 82115
pairing: 10893 -- 82116
pairing: 10894 -- 82117
pairing: 10895 -- 82118
pairing: 10896 -- 82119
pairing: 10897 -- 82120
pairing: 10898 -- 82121
pairing: 10899 -- 82122
pairing: 10900 -- 82028
pairing: 10901 -- 82123
pairing: 10902 -- 82124
pairing: 10903 -- 82125
pairing: 10904 -- 82126
pairing: 10905 -- 82127
pairing: 10906 -- 82128
pairing: 10907 -- 82129
pairing: 10908 -- 82130
pairing: 10909 -- 82131
pairing: 10910 -- 82132
pairing: 10911 -- 82133
pairing: 10912 -- 82134
pairing: 10913 -- 82135
pairing: 10914 -- 82136
pairing: 10915 -- 82137
pairing: 10916 -- 82138
pairing: 10917 -- 82139
pairing: 10918 -- 82140
pairing: 10919 -- 82141
pairing: 10920 -- 82142
pairing: 10921 -- 82143
pairing: 10922 -- 82144
pairing: 10923 -- 82145
pairing: 10924 -- 82146
pairing: 10925 -- 82147
pairing: 10926 -- 82148
pairing: 10927 -- 82149
pairing: 10928 -- 82150
pairing: 10929 -- 82151
pairing: 10930 -- 82152
pairing: 10931 -- 82153
pairing: 10932 -- 82029
pairing: 10933 -- 82154
pairing: 10934 -- 82155
pairing: 10935 -- 82156
pairing: 10936 -- 82157
pairing: 10937 -- 82158
pairing: 10938 -- 82159
pairing: 10939 -- 82160
pairing: 10940 -- 82161
pairing: 10941 -- 82162
pairing: 10942 -- 82163
pairing: 10943 -- 82164
pairing: 10944 -- 82165
pairing: 10945 -- 82166
pairing: 10946 -- 82167
pairing: 10947 -- 82168
pairing: 10948 -- 82169
pairing: 10949 -- 82170
pairing: 10950 -- 82171
pairing: 10951 -- 82172
pairing: 10952 -- 82173
pairing: 10953 -- 82174
pairing: 10954 -- 82175
pairing: 10955 -- 82176
pairing: 10956 -- 82177
pairing: 10957 -- 82178
pairing: 10958 -- 82179
pairing: 10959 -- 82180
pairing: 10960 -- 82181
pairing: 10961 -- 82182
pairing: 10962 -- 82183
pairing: 10963 -- 82184
[gpu-search] bootstrap=CPU-posted GPUDirect RDMA; queries=strict GPU-initiated GPUNetIO
[gpu-search] streamed 2000000000 PQ bytes directly into final GPU storage; ordinal audit passed for 15 entries
[gpu-search] persistent occupancy candidate threads=128 hardware_blocks_per_sm=3 configured_cap=4 effective_blocks_per_sm=3 grid_capacity=324 owner_blocks=40 query_blocks=256 resident_query_warps=1024 selected=true
[gpu-search] persistent occupancy candidate threads=256 hardware_blocks_per_sm=1 configured_cap=4 effective_blocks_per_sm=1 grid_capacity=108 owner_blocks=20 query_blocks=86 resident_query_warps=688 selected=false
[gpu-search] persistent kernel resources registers/thread=166 static_shared_bytes=49136 local_bytes/thread=1064 max_threads/block=128
[gpu-search] unified persistent CTAs=40-owner+256-query+1-dispatch+1-control QP-owner-warps=160 threads/CTA=128 query_slots=256 resident_capacity=324 launched=298
[STATUS]: query engine: persistent GPU + GPUNetIO slots=256
[STATUS]: storage-owner update cores: progress=28 response=0
[STATUS]: storage-owner acknowledgement=query-visible stage1 graph publication; submission=bounded authority rings; batching=authority-wide; progress=single work-conserving executor
[breakdown] mixed write-rate-limited thread split: reads=256, writes=16
[breakdown] preparing workload: workload=mixed
[breakdown] insert-file vectors: count=10000000 dim=100 dtype=int8
[breakdown] recall query data ready: count=10000 dtype=int8 vector_bytes=100
[breakdown] performance query data ready: count=10000000 dtype=int8 vector_bytes=100 policy=single_pass_no_reuse
[gpu-search] slow query e2e_us=10917 gpu_us=10864 prepare_us=87 graph_us=5258 score_us=1372 beam_us=740 exact_us=385 beam_select_us=95 rdma_issue_us=883 rdma_wait_us=5029 graph_validation_us=958 neighbor_decode_us=175 pq_score_us=975 visited_us=221 beam_merge_us=740 graph_reads=292 graph_rereads=4 graph_bytes=118720 graph_extent_reads=582 graph_full_reads=0 graph_extent_fallbacks=0 graph_extent_underhints=0 graph_extent_promotions=0 dynamic_graph_short_reads=0 dynamic_graph_full_reads=0 dynamic_graph_bytes=0 dynamic_graph_fallbacks=0 dynamic_graph_promotions=0 dynamic_graph_demotions=0 logical_expansions=290 critical_graph_reads=290 speculative_graph_reads=2 speculative_promoted=0 speculative_stale=2 speculative_wasted_bytes=32 rdma_completion_latency_ns=23104512 rdma_completion_groups=197 issue_width_max=17 commit_width_max=16 critical_misses=290 certificate_rejects=0 graph_batches=148 graph_rounds=24 route_hits=0 exact_reads=128 exact_snapshot_trains=4 exact_snapshot_fallbacks=0 terminal_exact_cache_attempted=1 terminal_exact_cache_issued=128 terminal_exact_cache_promoted=57 terminal_exact_cache_misses=0 terminal_exact_cache_wasted_bytes=8804 terminal_exact_cache_queue_rejects=0 dynamic_pq_reads=0 dynamic_pq_us=0 dynamic_pq_incarnation_rejects=0 dynamic_pq_arena_hits=0 dynamic_pq_batch_deduplicated=0
[breakdown][recall] done 1000/1000 ops, avg_rate=27751.6 ops/s
[breakdown][recall] before_performance recall@10=0.911 queries=1000
[breakdown] effective insert start id=111000000
[breakdown] starting warmup mixed
[gpu-search] slow query e2e_us=10034 gpu_us=7680 prepare_us=86 graph_us=3789 score_us=1251 beam_us=669 exact_us=291 beam_select_us=74 rdma_issue_us=676 rdma_wait_us=3012 graph_validation_us=739 neighbor_decode_us=143 pq_score_us=895 visited_us=212 beam_merge_us=669 graph_reads=253 graph_rereads=4 graph_bytes=124672 graph_extent_reads=506 graph_full_reads=0 graph_extent_fallbacks=0 graph_extent_underhints=0 graph_extent_promotions=0 dynamic_graph_short_reads=0 dynamic_graph_full_reads=0 dynamic_graph_bytes=0 dynamic_graph_fallbacks=0 dynamic_graph_promotions=0 dynamic_graph_demotions=0 logical_expansions=253 critical_graph_reads=253 speculative_graph_reads=0 speculative_promoted=0 speculative_stale=0 speculative_wasted_bytes=0 rdma_completion_latency_ns=13779968 rdma_completion_groups=135 issue_width_max=16 commit_width_max=16 critical_misses=253 certificate_rejects=0 graph_batches=52 graph_rounds=21 route_hits=0 exact_reads=128 exact_snapshot_trains=1 exact_snapshot_fallbacks=0 terminal_exact_cache_attempted=1 terminal_exact_cache_issued=128 terminal_exact_cache_promoted=86 terminal_exact_cache_misses=0 terminal_exact_cache_wasted_bytes=5208 terminal_exact_cache_queue_rejects=0 dynamic_pq_reads=0 dynamic_pq_us=0 dynamic_pq_incarnation_rejects=0 dynamic_pq_arena_hits=0 dynamic_pq_batch_deduplicated=0
[gpu-search] slow query e2e_us=10169 gpu_us=7634 prepare_us=91 graph_us=3315 score_us=1670 beam_us=763 exact_us=271 beam_select_us=67 rdma_issue_us=690 rdma_wait_us=2365 graph_validation_us=784 neighbor_decode_us=161 pq_score_us=1237 visited_us=271 beam_merge_us=763 graph_reads=225 graph_rereads=20 graph_bytes=140720 graph_extent_reads=450 graph_full_reads=0 graph_extent_fallbacks=0 graph_extent_underhints=0 graph_extent_promotions=0 dynamic_graph_short_reads=0 dynamic_graph_full_reads=0 dynamic_graph_bytes=0 dynamic_graph_fallbacks=0 dynamic_graph_promotions=0 dynamic_graph_demotions=0 logical_expansions=225 critical_graph_reads=225 speculative_graph_reads=0 speculative_promoted=0 speculative_stale=0 speculative_wasted_bytes=0 rdma_completion_latency_ns=11456512 rdma_completion_groups=137 issue_width_max=16 commit_width_max=16 critical_misses=225 certificate_rejects=0 graph_batches=58 graph_rounds=20 route_hits=0 exact_reads=128 exact_snapshot_trains=2 exact_snapshot_fallbacks=0 terminal_exact_cache_attempted=1 terminal_exact_cache_issued=128 terminal_exact_cache_promoted=111 terminal_exact_cache_misses=0 terminal_exact_cache_wasted_bytes=2108 terminal_exact_cache_queue_rejects=0 dynamic_pq_reads=0 dynamic_pq_us=0 dynamic_pq_incarnation_rejects=0 dynamic_pq_arena_hits=0 dynamic_pq_batch_deduplicated=0
[gpu-search] slow query e2e_us=10215 gpu_us=6690 prepare_us=88 graph_us=3225 score_us=1068 beam_us=516 exact_us=115 beam_select_us=22 rdma_issue_us=585 rdma_wait_us=2847 graph_validation_us=632 neighbor_decode_us=126 pq_score_us=757 visited_us=184 beam_merge_us=516 graph_reads=216 graph_rereads=20 graph_bytes=103928 graph_extent_reads=432 graph_full_reads=0 graph_extent_fallbacks=0 graph_extent_underhints=0 graph_extent_promotions=0 dynamic_graph_short_reads=0 dynamic_graph_full_reads=0 dynamic_graph_bytes=0 dynamic_graph_fallbacks=0 dynamic_graph_promotions=0 dynamic_graph_demotions=0 logical_expansions=216 critical_graph_reads=216 speculative_graph_reads=0 speculative_promoted=0 speculative_stale=0 speculative_wasted_bytes=0 rdma_completion_latency_ns=12318720 rdma_completion_groups=108 issue_width_max=16 commit_width_max=16 critical_misses=216 certificate_rejects=0 graph_batches=50 graph_rounds=15 route_hits=0 exact_reads=128 exact_snapshot_trains=0 exact_snapshot_fallbacks=0 terminal_exact_cache_attempted=1 terminal_exact_cache_issued=128 terminal_exact_cache_promoted=128 terminal_exact_cache_misses=0 terminal_exact_cache_wasted_bytes=0 terminal_exact_cache_queue_rejects=0 dynamic_pq_reads=0 dynamic_pq_us=0 dynamic_pq_incarnation_rejects=0 dynamic_pq_arena_hits=0 dynamic_pq_batch_deduplicated=0
[gpu-search] slow query e2e_us=10340 gpu_us=6626 prepare_us=86 graph_us=3385 score_us=968 beam_us=535 exact_us=93 beam_select_us=22 rdma_issue_us=529 rdma_wait_us=3000 graph_validation_us=595 neighbor_decode_us=132 pq_score_us=679 visited_us=156 beam_merge_us=535 graph_reads=197 graph_rereads=20 graph_bytes=87320 graph_extent_reads=394 graph_full_reads=0 graph_extent_fallbacks=0 graph_extent_underhints=0 graph_extent_promotions=0 dynamic_graph_short_reads=0 dynamic_graph_full_reads=0 dynamic_graph_bytes=0 dynamic_graph_fallbacks=0 dynamic_graph_promotions=0 dynamic_graph_demotions=0 logical_expansions=197 critical_graph_reads=197 speculative_graph_reads=0 speculative_promoted=0 speculative_stale=0 speculative_wasted_bytes=0 rdma_completion_latency_ns=13968384 rdma_completion_groups=112 issue_width_max=16 commit_width_max=16 critical_misses=197 certificate_rejects=0 graph_batches=70 graph_rounds=14 route_hits=0 exact_reads=128 exact_snapshot_trains=0 exact_snapshot_fallbacks=0 terminal_exact_cache_attempted=1 terminal_exact_cache_issued=128 terminal_exact_cache_promoted=128 terminal_exact_cache_misses=0 terminal_exact_cache_wasted_bytes=0 terminal_exact_cache_queue_rejects=0 dynamic_pq_reads=0 dynamic_pq_us=0 dynamic_pq_incarnation_rejects=0 dynamic_pq_arena_hits=0 dynamic_pq_batch_deduplicated=0
[gpu-search] slow query e2e_us=10482 gpu_us=6793 prepare_us=95 graph_us=3174 score_us=1083 beam_us=558 exact_us=226 beam_select_us=38 rdma_issue_us=592 rdma_wait_us=2845 graph_validation_us=526 neighbor_decode_us=121 pq_score_us=794 visited_us=167 beam_merge_us=558 graph_reads=224 graph_rereads=4 graph_bytes=94800 graph_extent_reads=448 graph_full_reads=0 graph_extent_fallbacks=0 graph_extent_underhints=0 graph_extent_promotions=0 dynamic_graph_short_reads=0 dynamic_graph_full_reads=0 dynamic_graph_bytes=0 dynamic_graph_fallbacks=0 dynamic_graph_promotions=0 dynamic_graph_demotions=0 logical_expansions=224 critical_graph_reads=224 speculative_graph_reads=0 speculative_promoted=0 speculative_stale=0 speculative_wasted_bytes=0 rdma_completion_latency_ns=11846656 rdma_completion_groups=107 issue_width_max=16 commit_width_max=16 critical_misses=224 certificate_rejects=0 graph_batches=36 graph_rounds=17 route_hits=0 exact_reads=128 exact_snapshot_trains=1 exact_snapshot_fallbacks=0 terminal_exact_cache_attempted=1 terminal_exact_cache_issued=128 terminal_exact_cache_promoted=124 terminal_exact_cache_misses=0 terminal_exact_cache_wasted_bytes=496 terminal_exact_cache_queue_rejects=0 dynamic_pq_reads=0 dynamic_pq_us=0 dynamic_pq_incarnation_rejects=0 dynamic_pq_arena_hits=0 dynamic_pq_batch_deduplicated=0
[gpu-search] slow query e2e_us=10589 gpu_us=6471 prepare_us=88 graph_us=2912 score_us=1220 beam_us=615 exact_us=357 beam_select_us=36 rdma_issue_us=594 rdma_wait_us=2058 graph_validation_us=618 neighbor_decode_us=140 pq_score_us=883 visited_us=196 beam_merge_us=615 graph_reads=196 graph_rereads=4 graph_bytes=113664 graph_extent_reads=392 graph_full_reads=0 graph_extent_fallbacks=0 graph_extent_underhints=0 graph_extent_promotions=0 dynamic_graph_short_reads=0 dynamic_graph_full_reads=0 dynamic_graph_bytes=0 dynamic_graph_fallbacks=0 dynamic_graph_promotions=0 dynamic_graph_demotions=0 logical_expansions=196 critical_graph_reads=196 speculative_graph_reads=0 speculative_promoted=0 speculative_stale=0 speculative_wasted_bytes=0 rdma_completion_latency_ns=10378240 rdma_completion_groups=109 issue_width_max=16 commit_width_max=16 critical_misses=196 certificate_rejects=0 graph_batches=60 graph_rounds=15 route_hits=0 exact_reads=128 exact_snapshot_trains=2 exact_snapshot_fallbacks=0 terminal_exact_cache_attempted=1 terminal_exact_cache_issued=128 terminal_exact_cache_promoted=125 terminal_exact_cache_misses=0 terminal_exact_cache_wasted_bytes=372 terminal_exact_cache_queue_rejects=0 dynamic_pq_reads=0 dynamic_pq_us=0 dynamic_pq_incarnation_rejects=0 dynamic_pq_arena_hits=0 dynamic_pq_batch_deduplicated=0
[gpu-search] slow query e2e_us=10805 gpu_us=7475 prepare_us=84 graph_us=3303 score_us=1188 beam_us=601 exact_us=532 beam_select_us=52 rdma_issue_us=574 rdma_wait_us=3016 graph_validation_us=588 neighbor_decode_us=119 pq_score_us=868 visited_us=200 beam_merge_us=601 graph_reads=216 graph_rereads=4 graph_bytes=114896 graph_extent_reads=432 graph_full_reads=0 graph_extent_fallbacks=0 graph_extent_underhints=0 graph_extent_promotions=0 dynamic_graph_short_reads=0 dynamic_graph_full_reads=0 dynamic_graph_bytes=0 dynamic_graph_fallbacks=0 dynamic_graph_promotions=0 dynamic_graph_demotions=0 logical_expansions=216 critical_graph_reads=216 speculative_graph_reads=0 speculative_promoted=0 speculative_stale=0 speculative_wasted_bytes=0 rdma_completion_latency_ns=13124608 rdma_completion_groups=123 issue_width_max=16 commit_width_max=16 critical_misses=216 certificate_rejects=0 graph_batches=58 graph_rounds=18 route_hits=0 exact_reads=128 exact_snapshot_trains=2 exact_snapshot_fallbacks=0 terminal_exact_cache_attempted=1 terminal_exact_cache_issued=128 terminal_exact_cache_promoted=116 terminal_exact_cache_misses=0 terminal_exact_cache_wasted_bytes=1488 terminal_exact_cache_queue_rejects=0 dynamic_pq_reads=0 dynamic_pq_us=0 dynamic_pq_incarnation_rejects=0 dynamic_pq_arena_hits=0 dynamic_pq_batch_deduplicated=0
[gpu-search] slow query e2e_us=11003 gpu_us=8194 prepare_us=87 graph_us=3955 score_us=1335 beam_us=618 exact_us=289 beam_select_us=38 rdma_issue_us=642 rdma_wait_us=3517 graph_validation_us=647 neighbor_decode_us=146 pq_score_us=975 visited_us=213 beam_merge_us=618 graph_reads=223 graph_rereads=4 graph_bytes=113648 graph_extent_reads=446 graph_full_reads=0 graph_extent_fallbacks=0 graph_extent_underhints=0 graph_extent_promotions=0 dynamic_graph_short_reads=0 dynamic_graph_full_reads=0 dynamic_graph_bytes=0 dynamic_graph_fallbacks=0 dynamic_graph_promotions=0 dynamic_graph_demotions=0 logical_expansions=223 critical_graph_reads=223 speculative_graph_reads=0 speculative_promoted=0 speculative_stale=0 speculative_wasted_bytes=0 rdma_completion_latency_ns=16492544 rdma_completion_groups=126 issue_width_max=16 commit_width_max=16 critical_misses=223 certificate_rejects=0 graph_batches=74 graph_rounds=17 route_hits=0 exact_reads=128 exact_snapshot_trains=2 exact_snapshot_fallbacks=0 terminal_exact_cache_attempted=1 terminal_exact_cache_issued=128 terminal_exact_cache_promoted=124 terminal_exact_cache_misses=0 terminal_exact_cache_wasted_bytes=496 terminal_exact_cache_queue_rejects=0 dynamic_pq_reads=0 dynamic_pq_us=0 dynamic_pq_incarnation_rejects=0 dynamic_pq_arena_hits=0 dynamic_pq_batch_deduplicated=0
[gpu-search] slow query e2e_us=11158 gpu_us=8495 prepare_us=87 graph_us=3679 score_us=1308 beam_us=808 exact_us=582 beam_select_us=129 rdma_issue_us=866 rdma_wait_us=2813 graph_validation_us=798 neighbor_decode_us=152 pq_score_us=939 visited_us=217 beam_merge_us=808 graph_reads=246 graph_rereads=4 graph_bytes=116192 graph_extent_reads=492 graph_full_reads=0 graph_extent_fallbacks=0 graph_extent_underhints=0 graph_extent_promotions=0 dynamic_graph_short_reads=0 dynamic_graph_full_reads=0 dynamic_graph_bytes=0 dynamic_graph_fallbacks=0 dynamic_graph_promotions=0 dynamic_graph_demotions=0 logical_expansions=246 critical_graph_reads=246 speculative_graph_reads=0 speculative_promoted=0 speculative_stale=0 speculative_wasted_bytes=0 rdma_completion_latency_ns=12194816 rdma_completion_groups=167 issue_width_max=16 commit_width_max=16 critical_misses=246 certificate_rejects=0 graph_batches=56 graph_rounds=27 route_hits=0 exact_reads=128 exact_snapshot_trains=1 exact_snapshot_fallbacks=0 terminal_exact_cache_attempted=1 terminal_exact_cache_issued=128 terminal_exact_cache_promoted=85 terminal_exact_cache_misses=0 terminal_exact_cache_wasted_bytes=5332 terminal_exact_cache_queue_rejects=0 dynamic_pq_reads=0 dynamic_pq_us=0 dynamic_pq_incarnation_rejects=0 dynamic_pq_arena_hits=0 dynamic_pq_batch_deduplicated=0
[gpu-search] slow query e2e_us=11142 gpu_us=7058 prepare_us=85 graph_us=3021 score_us=1098 beam_us=563 exact_us=205 beam_select_us=43 rdma_issue_us=554 rdma_wait_us=3114 graph_validation_us=630 neighbor_decode_us=130 pq_score_us=783 visited_us=184 beam_merge_us=563 graph_reads=219 graph_rereads=19 graph_bytes=109184 graph_extent_reads=438 graph_full_reads=0 graph_extent_fallbacks=0 graph_extent_underhints=0 graph_extent_promotions=0 dynamic_graph_short_reads=0 dynamic_graph_full_reads=0 dynamic_graph_bytes=0 dynamic_graph_fallbacks=0 dynamic_graph_promotions=0 dynamic_graph_demotions=0 logical_expansions=219 critical_graph_reads=219 speculative_graph_reads=0 speculative_promoted=0 speculative_stale=0 speculative_wasted_bytes=0 rdma_completion_latency_ns=11579392 rdma_completion_groups=114 issue_width_max=16 commit_width_max=16 critical_misses=219 certificate_rejects=0 graph_batches=44 graph_rounds=17 route_hits=0 exact_reads=128 exact_snapshot_trains=1 exact_snapshot_fallbacks=0 terminal_exact_cache_attempted=1 terminal_exact_cache_issued=128 terminal_exact_cache_promoted=120 terminal_exact_cache_misses=0 terminal_exact_cache_wasted_bytes=992 terminal_exact_cache_queue_rejects=0 dynamic_pq_reads=0 dynamic_pq_us=0 dynamic_pq_incarnation_rejects=0 dynamic_pq_arena_hits=0 dynamic_pq_batch_deduplicated=0
[gpu-search] slow query e2e_us=11282 gpu_us=7146 prepare_us=88 graph_us=3876 score_us=1128 beam_us=557 exact_us=234 beam_select_us=29 rdma_issue_us=631 rdma_wait_us=2937 graph_validation_us=627 neighbor_decode_us=135 pq_score_us=821 visited_us=171 beam_merge_us=557 graph_reads=218 graph_rereads=5 graph_bytes=98712 graph_extent_reads=436 graph_full_reads=0 graph_extent_fallbacks=0 graph_extent_underhints=0 graph_extent_promotions=0 dynamic_graph_short_reads=0 dynamic_graph_full_reads=0 dynamic_graph_bytes=0 dynamic_graph_fallbacks=0 dynamic_graph_promotions=0 dynamic_graph_demotions=0 logical_expansions=218 critical_graph_reads=218 speculative_graph_reads=0 speculative_promoted=0 speculative_stale=0 speculative_wasted_bytes=0 rdma_completion_latency_ns=15954944 rdma_completion_groups=133 issue_width_max=16 commit_width_max=16 critical_misses=218 certificate_rejects=0 graph_batches=90 graph_rounds=16 route_hits=0 exact_reads=128 exact_snapshot_trains=1 exact_snapshot_fallbacks=0 terminal_exact_cache_attempted=1 terminal_exact_cache_issued=128 terminal_exact_cache_promoted=127 terminal_exact_cache_misses=0 terminal_exact_cache_wasted_bytes=124 terminal_exact_cache_queue_rejects=0 dynamic_pq_reads=0 dynamic_pq_us=0 dynamic_pq_incarnation_rejects=0 dynamic_pq_arena_hits=0 dynamic_pq_batch_deduplicated=0
[gpu-search] slow query e2e_us=11346 gpu_us=6360 prepare_us=89 graph_us=2921 score_us=1073 beam_us=581 exact_us=237 beam_select_us=37 rdma_issue_us=601 rdma_wait_us=2284 graph_validation_us=639 neighbor_decode_us=133 pq_score_us=771 visited_us=169 beam_merge_us=581 graph_reads=222 graph_rereads=4 graph_bytes=91992 graph_extent_reads=444 graph_full_reads=0 graph_extent_fallbacks=0 graph_extent_underhints=0 graph_extent_promotions=0 dynamic_graph_short_reads=0 dynamic_graph_full_reads=0 dynamic_graph_bytes=0 dynamic_graph_fallbacks=0 dynamic_graph_promotions=0 dynamic_graph_demotions=0 logical_expansions=222 critical_graph_reads=222 speculative_graph_reads=0 speculative_promoted=0 speculative_stale=0 speculative_wasted_bytes=0 rdma_completion_latency_ns=10014720 rdma_completion_groups=111 issue_width_max=16 commit_width_max=16 critical_misses=222 certificate_rejects=0 graph_batches=44 graph_rounds=17 route_hits=0 exact_reads=128 exact_snapshot_trains=1 exact_snapshot_fallbacks=0 terminal_exact_cache_attempted=1 terminal_exact_cache_issued=128 terminal_exact_cache_promoted=118 terminal_exact_cache_misses=0 terminal_exact_cache_wasted_bytes=1240 terminal_exact_cache_queue_rejects=0 dynamic_pq_reads=0 dynamic_pq_us=0 dynamic_pq_incarnation_rejects=0 dynamic_pq_arena_hits=0 dynamic_pq_batch_deduplicated=0
[gpu-search] slow query e2e_us=11515 gpu_us=6765 prepare_us=93 graph_us=3240 score_us=1008 beam_us=529 exact_us=225 beam_select_us=37 rdma_issue_us=616 rdma_wait_us=2685 graph_validation_us=630 neighbor_decode_us=119 pq_score_us=717 visited_us=170 beam_merge_us=529 graph_reads=206 graph_rereads=4 graph_bytes=98400 graph_extent_reads=412 graph_full_reads=0 graph_extent_fallbacks=0 graph_extent_underhints=0 graph_extent_promotions=0 dynamic_graph_short_reads=0 dynamic_graph_full_reads=0 dynamic_graph_bytes=0 dynamic_graph_fallbacks=0 dynamic_graph_promotions=0 dynamic_graph_demotions=0 logical_expansions=206 critical_graph_reads=206 speculative_graph_reads=0 speculative_promoted=0 speculative_stale=0 speculative_wasted_bytes=0 rdma_completion_latency_ns=12588032 rdma_completion_groups=119 issue_width_max=16 commit_width_max=16 critical_misses=206 certificate_rejects=0 graph_batches=70 graph_rounds=16 route_hits=0 exact_reads=128 exact_snapshot_trains=1 exact_snapshot_fallbacks=0 terminal_exact_cache_attempted=1 terminal_exact_cache_issued=128 terminal_exact_cache_promoted=126 terminal_exact_cache_misses=0 terminal_exact_cache_wasted_bytes=248 terminal_exact_cache_queue_rejects=0 dynamic_pq_reads=0 dynamic_pq_us=0 dynamic_pq_incarnation_rejects=0 dynamic_pq_arena_hits=0 dynamic_pq_batch_deduplicated=0
[gpu-search] slow query e2e_us=11632 gpu_us=6668 prepare_us=90 graph_us=3542 score_us=1015 beam_us=528 exact_us=256 beam_select_us=36 rdma_issue_us=562 rdma_wait_us=2727 graph_validation_us=625 neighbor_decode_us=117 pq_score_us=731 visited_us=166 beam_merge_us=528 graph_reads=225 graph_rereads=4 graph_bytes=99000 graph_extent_reads=450 graph_full_reads=0 graph_extent_fallbacks=0 graph_extent_underhints=0 graph_extent_promotions=0 dynamic_graph_short_reads=0 dynamic_graph_full_reads=0 dynamic_graph_bytes=0 dynamic_graph_fallbacks=0 dynamic_graph_promotions=0 dynamic_graph_demotions=0 logical_expansions=225 critical_graph_reads=225 speculative_graph_reads=0 speculative_promoted=0 speculative_stale=0 speculative_wasted_bytes=0 rdma_completion_latency_ns=14018560 rdma_completion_groups=119 issue_width_max=16 commit_width_max=16 critical_misses=225 certificate_rejects=0 graph_batches=70 graph_rounds=16 route_hits=0 exact_reads=128 exact_snapshot_trains=3 exact_snapshot_fallbacks=0 terminal_exact_cache_attempted=1 terminal_exact_cache_issued=128 terminal_exact_cache_promoted=112 terminal_exact_cache_misses=0 terminal_exact_cache_wasted_bytes=1984 terminal_exact_cache_queue_rejects=0 dynamic_pq_reads=0 dynamic_pq_us=0 dynamic_pq_incarnation_rejects=0 dynamic_pq_arena_hits=0 dynamic_pq_batch_deduplicated=0
[gpu-search] slow query e2e_us=11723 gpu_us=6362 prepare_us=90 graph_us=3163 score_us=889 beam_us=473 exact_us=231 beam_select_us=35 rdma_issue_us=488 rdma_wait_us=2899 graph_validation_us=480 neighbor_decode_us=99 pq_score_us=652 visited_us=138 beam_merge_us=473 graph_reads=177 graph_rereads=4 graph_bytes=78640 graph_extent_reads=354 graph_full_reads=0 graph_extent_fallbacks=0 graph_extent_underhints=0 graph_extent_promotions=0 dynamic_graph_short_reads=0 dynamic_graph_full_reads=0 dynamic_graph_bytes=0 dynamic_graph_fallbacks=0 dynamic_graph_promotions=0 dynamic_graph_demotions=0 logical_expansions=177 critical_graph_reads=177 speculative_graph_reads=0 speculative_promoted=0 speculative_stale=0 speculative_wasted_bytes=0 rdma_completion_latency_ns=13225984 rdma_completion_groups=99 issue_width_max=16 commit_width_max=16 critical_misses=177 certificate_rejects=0 graph_batches=50 graph_rounds=14 route_hits=0 exact_reads=128 exact_snapshot_trains=1 exact_snapshot_fallbacks=0 terminal_exact_cache_attempted=1 terminal_exact_cache_issued=128 terminal_exact_cache_promoted=124 terminal_exact_cache_misses=0 terminal_exact_cache_wasted_bytes=496 terminal_exact_cache_queue_rejects=0 dynamic_pq_reads=0 dynamic_pq_us=0 dynamic_pq_incarnation_rejects=0 dynamic_pq_arena_hits=0 dynamic_pq_batch_deduplicated=0
[storage-owner] sender batch telemetry owner=0 batches=32 items=32 avg_batch=1 full_batches=0 tail_escape_batches=32 max_wait_flush_batches=0 queue_visibility_stalls=0 partial_visible_batches=0 published=0
[storage-owner] sender completion telemetry owner=0 batches=32 items=32 avg_batch=1 avg_rpc_wall_us=38.1572 max_rpc_wall_us=247.285 max_active_rpcs=1 max_published=1
[storage-owner] sender batch telemetry owner=1 batches=32 items=32 avg_batch=1 full_batches=0 tail_escape_batches=32 max_wait_flush_batches=0 queue_visibility_stalls=0 partial_visible_batches=0 published=0
[storage-owner] sender completion telemetry owner=1 batches=32 items=32 avg_batch=1 avg_rpc_wall_us=31.5457 max_rpc_wall_us=223.811 max_active_rpcs=1 max_published=1
[storage-owner] sender batch telemetry owner=2 batches=32 items=32 avg_batch=1 full_batches=0 tail_escape_batches=32 max_wait_flush_batches=0 queue_visibility_stalls=0 partial_visible_batches=0 published=0
[storage-owner] sender completion telemetry owner=2 batches=32 items=32 avg_batch=1 avg_rpc_wall_us=34.0917 max_rpc_wall_us=197.198 max_active_rpcs=1 max_published=1
[storage-owner] sender batch telemetry owner=3 batches=32 items=32 avg_batch=1 full_batches=0 tail_escape_batches=32 max_wait_flush_batches=0 queue_visibility_stalls=0 partial_visible_batches=0 published=0
[storage-owner] sender completion telemetry owner=3 batches=32 items=32 avg_batch=1 avg_rpc_wall_us=28.7297 max_rpc_wall_us=239.912 max_active_rpcs=1 max_published=1
[storage-owner] sender batch telemetry owner=4 batches=32 items=32 avg_batch=1 full_batches=0 tail_escape_batches=32 max_wait_flush_batches=0 queue_visibility_stalls=0 partial_visible_batches=0 published=0
[storage-owner] sender completion telemetry owner=4 batches=32 items=32 avg_batch=1 avg_rpc_wall_us=35.0363 max_rpc_wall_us=293.024 max_active_rpcs=1 max_published=1
[storage-owner] sender batch telemetry owner=0 batches=64 items=64 avg_batch=1 full_batches=0 tail_escape_batches=64 max_wait_flush_batches=0 queue_visibility_stalls=0 partial_visible_batches=0 published=0
[storage-owner] sender completion telemetry owner=0 batches=64 items=64 avg_batch=1 avg_rpc_wall_us=32.6073 max_rpc_wall_us=247.285 max_active_rpcs=1 max_published=1
[storage-owner] sender batch telemetry owner=1 batches=64 items=64 avg_batch=1 full_batches=0 tail_escape_batches=64 max_wait_flush_batches=0 queue_visibility_stalls=0 partial_visible_batches=0 published=0
[storage-owner] sender completion telemetry owner=1 batches=64 items=64 avg_batch=1 avg_rpc_wall_us=28.3362 max_rpc_wall_us=223.811 max_active_rpcs=1 max_published=1
[storage-owner] sender batch telemetry owner=2 batches=64 items=64 avg_batch=1 full_batches=0 tail_escape_batches=64 max_wait_flush_batches=0 queue_visibility_stalls=0 partial_visible_batches=0 published=0
[storage-owner] sender completion telemetry owner=2 batches=64 items=64 avg_batch=1 avg_rpc_wall_us=29.585 max_rpc_wall_us=197.198 max_active_rpcs=1 max_published=1
[storage-owner] sender batch telemetry owner=3 batches=64 items=64 avg_batch=1 full_batches=0 tail_escape_batches=64 max_wait_flush_batches=0 queue_visibility_stalls=0 partial_visible_batches=0 published=0
[storage-owner] sender completion telemetry owner=3 batches=64 items=64 avg_batch=1 avg_rpc_wall_us=26.4299 max_rpc_wall_us=239.912 max_active_rpcs=1 max_published=1
[storage-owner] sender batch telemetry owner=4 batches=64 items=64 avg_batch=1 full_batches=0 tail_escape_batches=64 max_wait_flush_batches=0 queue_visibility_stalls=0 partial_visible_batches=0 published=0
[storage-owner] sender completion telemetry owner=4 batches=64 items=64 avg_batch=1 avg_rpc_wall_us=30.1011 max_rpc_wall_us=293.024 max_active_rpcs=1 max_published=1
[storage-owner] sender batch telemetry owner=0 batches=128 items=128 avg_batch=1 full_batches=0 tail_escape_batches=128 max_wait_flush_batches=0 queue_visibility_stalls=0 partial_visible_batches=0 published=0
[storage-owner] sender completion telemetry owner=0 batches=128 items=128 avg_batch=1 avg_rpc_wall_us=28.6942 max_rpc_wall_us=247.285 max_active_rpcs=1 max_published=1
[storage-owner] sender batch telemetry owner=1 batches=128 items=128 avg_batch=1 full_batches=0 tail_escape_batches=128 max_wait_flush_batches=0 queue_visibility_stalls=0 partial_visible_batches=0 published=0
[storage-owner] sender completion telemetry owner=1 batches=128 items=128 avg_batch=1 avg_rpc_wall_us=26.8308 max_rpc_wall_us=223.811 max_active_rpcs=1 max_published=1
[storage-owner] sender batch telemetry owner=2 batches=128 items=128 avg_batch=1 full_batches=0 tail_escape_batches=128 max_wait_flush_batches=0 queue_visibility_stalls=0 partial_visible_batches=0 published=0
[storage-owner] sender completion telemetry owner=2 batches=128 items=128 avg_batch=1 avg_rpc_wall_us=27.5935 max_rpc_wall_us=197.198 max_active_rpcs=1 max_published=1
[storage-owner] sender batch telemetry owner=3 batches=128 items=128 avg_batch=1 full_batches=0 tail_escape_batches=128 max_wait_flush_batches=0 queue_visibility_stalls=0 partial_visible_batches=0 published=0
[storage-owner] sender completion telemetry owner=3 batches=128 items=128 avg_batch=1 avg_rpc_wall_us=25.2921 max_rpc_wall_us=239.912 max_active_rpcs=1 max_published=1
[storage-owner] sender batch telemetry owner=4 batches=128 items=128 avg_batch=1 full_batches=0 tail_escape_batches=128 max_wait_flush_batches=0 queue_visibility_stalls=0 partial_visible_batches=0 published=0
[storage-owner] sender completion telemetry owner=4 batches=128 items=128 avg_batch=1 avg_rpc_wall_us=28.1163 max_rpc_wall_us=293.024 max_active_rpcs=1 max_published=1
[storage-owner] sender batch telemetry owner=0 batches=256 items=256 avg_batch=1 full_batches=0 tail_escape_batches=256 max_wait_flush_batches=0 queue_visibility_stalls=0 partial_visible_batches=0 published=0
[storage-owner] sender completion telemetry owner=0 batches=256 items=256 avg_batch=1 avg_rpc_wall_us=88.9879 max_rpc_wall_us=10411.7 max_active_rpcs=1 max_published=1
[storage-owner] sender batch telemetry owner=1 batches=256 items=256 avg_batch=1 full_batches=0 tail_escape_batches=256 max_wait_flush_batches=0 queue_visibility_stalls=0 partial_visible_batches=0 published=0
[storage-owner] sender completion telemetry owner=1 batches=256 items=256 avg_batch=1 avg_rpc_wall_us=25.1994 max_rpc_wall_us=223.811 max_active_rpcs=1 max_published=1
[storage-owner] sender batch telemetry owner=2 batches=256 items=256 avg_batch=1 full_batches=0 tail_escape_batches=256 max_wait_flush_batches=0 queue_visibility_stalls=0 partial_visible_batches=0 published=0
[storage-owner] sender completion telemetry owner=2 batches=256 items=256 avg_batch=1 avg_rpc_wall_us=45.6233 max_rpc_wall_us=5107.5 max_active_rpcs=1 max_published=1
[storage-owner] sender batch telemetry owner=3 batches=256 items=256 avg_batch=1 full_batches=0 tail_escape_batches=256 max_wait_flush_batches=0 queue_visibility_stalls=0 partial_visible_batches=0 published=0
[storage-owner] sender completion telemetry owner=3 batches=256 items=256 avg_batch=1 avg_rpc_wall_us=23.8158 max_rpc_wall_us=239.912 max_active_rpcs=1 max_published=1
[storage-owner] sender batch telemetry owner=4 batches=256 items=256 avg_batch=1 full_batches=0 tail_escape_batches=256 max_wait_flush_batches=0 queue_visibility_stalls=0 partial_visible_batches=0 published=0
[storage-owner] sender completion telemetry owner=4 batches=256 items=256 avg_batch=1 avg_rpc_wall_us=29.9383 max_rpc_wall_us=1023.85 max_active_rpcs=1 max_published=1
[breakdown][warmup-mixed] progress elapsed=5s/5s, completed=195777 ops, rate=39155.4 ops/s, interval_rate=39155.4 ops/s, interval_read_qps=38655.8, interval_write_qps=499.6
[breakdown][warmup-mixed] done measurement_elapsed=5s/5s, measurement_completed=195777 ops, measurement_avg_rate=39155.4 ops/s, drain_elapsed=0.00849255s, drain_completed=257 ops
[breakdown][warmup] maintenance drain elapsed=0.0315161s complete=yes
[breakdown] starting measure phase
[storage-owner] sender batch telemetry owner=4 batches=512 items=512 avg_batch=1 full_batches=0 tail_escape_batches=512 max_wait_flush_batches=0 queue_visibility_stalls=0 partial_visible_batches=0 published=0
[storage-owner] sender completion telemetry owner=4 batches=512 items=512 avg_batch=1 avg_rpc_wall_us=88.4333 max_rpc_wall_us=15788.2 max_active_rpcs=1 max_published=1
[storage-owner] sender batch telemetry owner=0 batches=512 items=512 avg_batch=1 full_batches=0 tail_escape_batches=512 max_wait_flush_batches=0 queue_visibility_stalls=0 partial_visible_batches=0 published=0
[storage-owner] sender completion telemetry owner=0 batches=512 items=512 avg_batch=1 avg_rpc_wall_us=93.8968 max_rpc_wall_us=10411.7 max_active_rpcs=1 max_published=1
[storage-owner] sender batch telemetry owner=1 batches=512 items=512 avg_batch=1 full_batches=0 tail_escape_batches=512 max_wait_flush_batches=0 queue_visibility_stalls=0 partial_visible_batches=0 published=0
[storage-owner] sender completion telemetry owner=1 batches=512 items=512 avg_batch=1 avg_rpc_wall_us=46.5282 max_rpc_wall_us=11188.6 max_active_rpcs=1 max_published=1
[storage-owner] sender batch telemetry owner=2 batches=512 items=512 avg_batch=1 full_batches=0 tail_escape_batches=512 max_wait_flush_batches=0 queue_visibility_stalls=0 partial_visible_batches=0 published=0
[storage-owner] sender completion telemetry owner=2 batches=512 items=512 avg_batch=1 avg_rpc_wall_us=52.4344 max_rpc_wall_us=9293.82 max_active_rpcs=1 max_published=1
[storage-owner] sender batch telemetry owner=3 batches=512 items=512 avg_batch=1 full_batches=0 tail_escape_batches=512 max_wait_flush_batches=0 queue_visibility_stalls=0 partial_visible_batches=0 published=0
[storage-owner] sender completion telemetry owner=3 batches=512 items=512 avg_batch=1 avg_rpc_wall_us=58.0913 max_rpc_wall_us=17811.8 max_active_rpcs=1 max_published=1
[breakdown][measure-mixed] progress elapsed=5s/20s, completed=194925 ops, rate=38985 ops/s, interval_rate=38985 ops/s, interval_read_qps=38485.2, interval_write_qps=499.8
[storage-owner] sender batch telemetry owner=4 batches=1024 items=1024 avg_batch=1 full_batches=0 tail_escape_batches=1024 max_wait_flush_batches=0 queue_visibility_stalls=0 partial_visible_batches=0 published=0
[storage-owner] sender completion telemetry owner=4 batches=1024 items=1024 avg_batch=1 avg_rpc_wall_us=67.0055 max_rpc_wall_us=15788.2 max_active_rpcs=1 max_published=1
[storage-owner] sender batch telemetry owner=0 batches=1024 items=1024 avg_batch=1 full_batches=0 tail_escape_batches=1024 max_wait_flush_batches=0 queue_visibility_stalls=0 partial_visible_batches=0 published=0
[storage-owner] sender completion telemetry owner=0 batches=1024 items=1024 avg_batch=1 avg_rpc_wall_us=85.9008 max_rpc_wall_us=10411.7 max_active_rpcs=1 max_published=1
[storage-owner] sender batch telemetry owner=1 batches=1024 items=1024 avg_batch=1 full_batches=0 tail_escape_batches=1024 max_wait_flush_batches=0 queue_visibility_stalls=0 partial_visible_batches=0 published=0
[storage-owner] sender completion telemetry owner=1 batches=1024 items=1024 avg_batch=1 avg_rpc_wall_us=46.1013 max_rpc_wall_us=11258.7 max_active_rpcs=1 max_published=1
[storage-owner] sender batch telemetry owner=2 batches=1024 items=1024 avg_batch=1 full_batches=0 tail_escape_batches=1024 max_wait_flush_batches=0 queue_visibility_stalls=0 partial_visible_batches=0 published=0
[storage-owner] sender completion telemetry owner=2 batches=1024 items=1024 avg_batch=1 avg_rpc_wall_us=44.5054 max_rpc_wall_us=9293.82 max_active_rpcs=1 max_published=1
[storage-owner] sender batch telemetry owner=3 batches=1024 items=1024 avg_batch=1 full_batches=0 tail_escape_batches=1024 max_wait_flush_batches=0 queue_visibility_stalls=0 partial_visible_batches=0 published=0
[storage-owner] sender completion telemetry owner=3 batches=1024 items=1024 avg_batch=1 avg_rpc_wall_us=64.7629 max_rpc_wall_us=17811.8 max_active_rpcs=1 max_published=1
[breakdown][measure-mixed] progress elapsed=10s/20s, completed=394350 ops, rate=39435 ops/s, interval_rate=39885 ops/s, interval_read_qps=39385, interval_write_qps=500
[breakdown][measure-mixed] progress elapsed=15s/20s, completed=589344 ops, rate=39289.6 ops/s, interval_rate=38998.8 ops/s, interval_read_qps=38498.8, interval_write_qps=500
[storage-owner] sender batch telemetry owner=4 batches=2048 items=2048 avg_batch=1 full_batches=0 tail_escape_batches=2048 max_wait_flush_batches=0 queue_visibility_stalls=0 partial_visible_batches=0 published=0
[storage-owner] sender completion telemetry owner=4 batches=2048 items=2048 avg_batch=1 avg_rpc_wall_us=62.7526 max_rpc_wall_us=16767.6 max_active_rpcs=1 max_published=1
[storage-owner] sender batch telemetry owner=0 batches=2048 items=2048 avg_batch=1 full_batches=0 tail_escape_batches=2048 max_wait_flush_batches=0 queue_visibility_stalls=0 partial_visible_batches=0 published=0
[storage-owner] sender completion telemetry owner=0 batches=2048 items=2048 avg_batch=1 avg_rpc_wall_us=87.5214 max_rpc_wall_us=14193.3 max_active_rpcs=1 max_published=1
[storage-owner] sender batch telemetry owner=1 batches=2048 items=2048 avg_batch=1 full_batches=0 tail_escape_batches=2048 max_wait_flush_batches=0 queue_visibility_stalls=0 partial_visible_batches=0 published=0
[storage-owner] sender completion telemetry owner=1 batches=2048 items=2048 avg_batch=1 avg_rpc_wall_us=36.1133 max_rpc_wall_us=11258.7 max_active_rpcs=1 max_published=1
[storage-owner] sender batch telemetry owner=2 batches=2048 items=2048 avg_batch=1 full_batches=0 tail_escape_batches=2048 max_wait_flush_batches=0 queue_visibility_stalls=0 partial_visible_batches=0 published=0
[storage-owner] sender completion telemetry owner=2 batches=2048 items=2048 avg_batch=1 avg_rpc_wall_us=58.2685 max_rpc_wall_us=15432.7 max_active_rpcs=1 max_published=1
[storage-owner] sender batch telemetry owner=3 batches=2048 items=2048 avg_batch=1 full_batches=0 tail_escape_batches=2048 max_wait_flush_batches=0 queue_visibility_stalls=0 partial_visible_batches=0 published=0
[storage-owner] sender completion telemetry owner=3 batches=2048 items=2048 avg_batch=1 avg_rpc_wall_us=67.5995 max_rpc_wall_us=18913.8 max_active_rpcs=1 max_published=1
[breakdown][measure-mixed] progress elapsed=20s/20s, completed=786284 ops, rate=39314.2 ops/s, interval_rate=39388 ops/s, interval_read_qps=38888, interval_write_qps=500
[breakdown][measure-mixed] done measurement_elapsed=20s/20s, measurement_completed=786284 ops, measurement_avg_rate=39314.2 ops/s, drain_elapsed=0.00913716s, drain_completed=256 ops
[breakdown][measure] maintenance drain elapsed=0.0316404s complete=yes
[breakdown] Stage2 telemetry publication observed=11142 expected=10000
[breakdown][measure-mixed] reads issued/completed=776540/776540, writes issued/completed=10000/10000 (insert=10000, upsert=0, delete=0)
[breakdown][static_gt_post_recall] done 1000/1000 ops, avg_rate=31638.7 ops/s
[breakdown][recall] after_performance recall@10=0.9103 queries=1000
system_variant
  profile_name: 04_gpu_persistent_gpunetio
  label: full
  update_mutation_api: insert_upsert_erase
  storage_owner_update_completion_mode: decoupled
  gpu_dynamic_graph_access_mode: manual
  gpu_rdma_search_progression_mode: decoupled
  index_prefix: /data/xjs/index/dvstor_spacev100m/index/spacev100m_R96_bw128_metis_pmd32_pq20_schema16
  index_schema_version: 16
  index_build_fingerprint: 5346303778508711625
query_inputs
  recall_source: /data/xjs/index/dvstor_spacev100m/prepared/recall_query.i8bin
  recall_rows: 10000
  performance_source: /data/xjs/datasets/spacev1b/spacev100m/spacev100m_to_110m_query.i8bin
  performance_rows: 10000000
  performance_row_reuse_policy: single_pass_no_reuse
  performance_warmup/measure/total_rows_consumed: 193534/776540/970074
throughput
  duration_seconds: 20.0091
  total_ops_per_sec: 39309.1 (ops=786540)
  query_ops_per_sec: 38827 (ops=776540)
  effective_query_ops_per_sec: 38809.4
  write_ops_per_sec: 500 (ops=10000)
  effective_write_ops_per_sec: 499.773
  insert_ops_per_sec: 500 (ops=10000)
  client_drain_seconds: 0.00908492
  scheduled_query/write_ops: 0/10000
  query/write_rate_attainment_ratio: 1/1
  nominal/effective_rate_basis: configured_schedule_window/wall_clock_including_client_drain
  write_mix_completed: insert=10000 upsert=0 delete=0
  query_head/tail_qps: 38789.7/38923.9
  query_tail_to_head_ratio: 1.00346
  query_min_5s_qps: 38485.2
  write_head/tail_qps: 499.933/500
  write_tail_to_head_ratio: 1.00013
  write_min_5s_qps: 499.8
  zero_completion_windows: 0
  zero_query/write_windows: 0/0
stage2
  source: in_band_control_page
  shards observed/requested: 5/5
  p99_stage2_delay_upper_ms: 256 (samples=11142)
  remaining/max_backlog: 0/9
  completion_outstanding/admission_window: 0/327680 (max_per_shard=0)
  completion_incomplete/admission_window: 0/327680 (max_per_shard=0, completed_behind_hole=0)
  completion admission stalls logical/physical: 0/0
  backlog_slope_per_sec: -0.839843
  failures (hard): 0
  peer_reverse_retry_attempts: 1
  locality telemetry: home_match_rate=0.972806 cross_edge_reduction=0.517405 avg_frontier/expansions/scored=391.367/5.01115/514.604
  search budget exhausted (stage1/stage2): 0/0
  execution batching: contexts=1629 avg_items=6.82934 graph_reads/wave=3.71444 vector_reads/wave=136.178 pressure_yields=26
  ordered graph issue: issued/hit/wasted=35592/33720/1913 promotion_ratio=0.946314
  graph home RPC: batches/items/avg_items=17546/57377/3.27009
  executor service demand: stage1_total/search/prune_us=3513.01/3263.04/179.495 stage1_candidates/frontier/neighbors=127.972/391.344/36.9132 stage2_search/freeze/reverse_us=853.752/257.062/1051.96
recall
  recall@10: 0.911
  queries: 1000
  mode/base_id_limit/search_width/insufficient_queries: all/0/10/0
  query_file: /data/xjs/index/dvstor_spacev100m/prepared/recall_query.i8bin
  groundtruth_file: /data/xjs/index/dvstor_spacev100m/prepared/recall_groundtruth.bin
static_gt_post_recall
  recall@10: 0.9103
  queries: 1000
  mode/base_id_limit/search_width/insufficient_queries: all/0/10/0
  query_file: /data/xjs/index/dvstor_spacev100m/prepared/recall_query.i8bin
  groundtruth_file: /data/xjs/index/dvstor_spacev100m/prepared/recall_groundtruth.bin
gpu_persistent
  GPU memory explicit/base_pq/route GiB: 2.80974/1.86265/2.35438e-06
  average_batch_size: 1.18099
  average_submission_wait_us: 3.16189
  rdma_read_bytes: 83773412320
  owner WQE submitted/capacity/utilization: 552333683/28566461440/0.019335
  owner critical/speculative batches: 42977645/87384
  graph_route_hit_ratio/refreshes: 0/0
  graph snapshot reread records total/per_query: 5426138/6.98758
  graph RDMA bytes total/per_query/per_parent: 71447885464/92008/451.361
  graph live/full/fallback/underhint/promotions reads: 316501399/759/759/0/0
  expanded parents/neighbor sum/average degree: 158207094/8614318142/54.4496
  expanded degree histogram (ceil(degree/8), overflow=13): [0,2495249,1675289,8003217,16188795,21349158,22008626,19680819,16111641,12759397,10197771,8350125,19387007,0]
  dynamic expanded parents/neighbor sum/average degree/share: 2707612/99098086/36.5998/0.0171144
  dynamic expanded degree histogram (ceil(degree/8), overflow=13): [0,25224,111865,468126,623185,504352,399990,293477,138810,65557,27896,40451,8679,0]
  DynaExtent short/full/bytes/fallback/promotions/demotions: 5422508/0/836223024/0/0/0
  DynaExtent snapshot-attempts/nonfallback-full-attempts/short-physical-ratio/fallback-ratio/bytes-per-physical-read: 5422508/0/1/0/154.213
  ASFE logical expansions total/per_query: 158207094/203.733
  ASFE critical/speculative graph reads: 158206921/87384
  ASFE critical/speculative graph bytes: 71446487320/1398144
  ASFE core reads/bytes/arrived/promoted/stale: 152781542/2444504672/152781542/0/307882303
  ASFE core waves/ready waves/ready ratio: 11070196/664958/0.0600674
  terminal exact cache attempts/rate: 776540/1
  terminal exact cache issued/promoted/misses/rejects (total/per_query): 99397120/128, 94874159/122.175, 0/0, 0/0
  terminal exact cache promotion/waste ratio: 0.954496/0.0455039
  terminal exact cache wasted bytes total/per_query: 560847164/722.239
  ASFE completion scoring batches/candidates (total/per_query/candidates_per_batch): 11952723/15.3923, 8614318142/11093.2/720.699
  ASFE reusable exact certificates total/per_query: 11952704/15.3923
  ASFE streamed runs/ordered scoring batches/candidates (total/per_query/candidates_per_batch): 25608612/32.9778, 0/0, 0/0/0
  OOO ROB parents retired beyond an unresolved rank hole (total/per_query): 0/0
  ASFE reusable prefix ranks/full/issued certificates (total/per_query): 155217444/199.883, 0/0, 11070196/14.2558
  ASFE certificate rejects total/per_query: 0/0
  ASFE speculative wasted bytes/ratio: 1398144/1
  ASFE speculative arrived/promoted/stale/queue_rejects: 87384/0/87384/9702
  ASFE promotion/waste ratio: 0/1
  ASFE issue/commit epochs: 11176183/11952723
  ASFE average issue/commit width: 13.8865/13.2361
  ASFE issue capacity/utilization: 16.0104/0.867341
  ASFE max issue/commit width: 17/16
  ASFE critical ROB hits/speculative wait ns/us_per_query: 0/754100536540/971.103
  ASFE critical misses/ROB hit ratio: 158207094/0
  ASFE RDMA completion groups/avg us (critical/speculative): 83576735/111.211 (87384/98.0688)
  GPU occupancy threads/registers/static_shared: 128/166/49136
  GPU occupancy active/effective blocks per SM: 3/3
  GPU persistent query/owner/total blocks: 256/40/298
  centroid route publications/shard_updates/live/snapshot_skips: 1022/1029/20/2
  centroid route probe_reads/body_reads/unchanged_polls/poll_us: 11770/1031/1330/63669
  centroid route query snapshot retries/timeouts: 2968/0
  GPU query/prepare/graph/score/beam/exact us: 6524.16/96.7184/3037.88/994.061/527.215/249.349
  exact snapshot train batches/fallbacks/success ratio: 908771/0/1
  GPU graph commit/issue width: 16/32
  GPU graph read/dynamic extent: header-neighbor/0
  GPU Beam merge policy: stable-run
  Stage2 score-many/graph-issue/home-combining: 1/16/1
  GPU Beam merge total/prepare/sort/materialize us: 527.215/18.053/261.876/247.285
  dynamic PQ candidates/reads/bytes/incarnation_rejects: 68265509/10142/283976/0
  dynamic PQ reads/query and wait_us/query: 0.0130605/4.07481
  dynamic PQ arena hits/batch_dedup/authoritative_avoidance: 68255367/0/0.999851
  dynamic PQ arena publish success/race/capacity: 9294/848/25685766
storage_owner_runtime
  submitted/completed batches: 10000/10000
  submitted/completed items: 10000/10000
  average batch / average RPC wall us / max RPC wall us: 1/62.8608/18913.8
insert breakdown
  count: 10000
  latency_ms: mean=3.67979 p50=3.32652 p95=6.23149 p99=9.81332 p999=19.9644
  fine_grained_breakdown: disabled
query breakdown
  count: 776540
  latency_ms: mean=6.59267 p50=6.47708 p95=8.41864 p99=9.47229 p999=10.9781
  fine_grained_breakdown: disabled
json: /home/xjs/experiment/dvstor/experiment/spacev100m/program2/results/program2_20260830_220752/header/04_gpu_persistent_gpunetio/spacev100m_04_gpu_persistent_gpunetio_20260830_221018.json
text: /home/xjs/experiment/dvstor/experiment/spacev100m/program2/results/program2_20260830_220752/header/04_gpu_persistent_gpunetio/spacev100m_04_gpu_persistent_gpunetio_20260830_221018.txt
