============================================================
                        SERVER
============================================================
num clients:                  1
TCP port:                     1238
QP handshake timeout (ms):    10000
IB device:                    <auto>
IB port:                      1
max outstanding CQEs:         64
max send work requests:       4096
max receive work requests:    4096
============================================================
index prefix:                     "/data/xjs/index/dvstor_spacev100m/index/spacev100m_R96_bw128_metis_pmd32_pq20_schema16"
storage shard:                    "/data/xjs/index/dvstor_spacev100m/index/spacev100m_R96_bw128_metis_pmd32_pq20_schema16_node5_of5.dat"
storage id:                       4
base vectors:                     100000000
vector ID namespace [0,N):        4294967295
registered memory GiB:            23
====================================================================
1 device(s) found
Selected device: ibp86s0
Selected port state: 4, lid: 8, active_mtu: 5
interleaved policy
num_cores: 112
physical cores per socket: 28
hyperthreading enabled
local process CPU partition: rank 4/5 logical_cpus=22
pairing: 81864 -- 10643
[STATUS]: loaded index metadata from /data/xjs/index/dvstor_spacev100m/index/spacev100m_R96_bw128_metis_pmd32_pq20_schema16 (layout=plain, vector_data_type=int8)
[STATUS]: storage-owner stage2 candidate width L=128 per shard
allocation size: 24696061952
allocated ALIGNED MEM (no hugepage) at 123461523472448 with buffer size 24696061952
[STATUS]: loading index (19573326848 Bytes) from /data/xjs/index/dvstor_spacev100m/index/spacev100m_R96_bw128_metis_pmd32_pq20_schema16_node5_of5.dat
[STATUS]: loaded GPU PQ codes (407777640 Bytes) at remote offset 19573330944
[STATUS]: storage-owner idmap loaded entries=20000000 format=owner_sharded_v2_bound immutable_base=true dynamic_shards=256 dynamic_reserved=65536
[STATUS]: compensated physical centroid restored on shard 4: vectors=20388882 entries=4
[STATUS]: register memory and distribute access token
[STATUS]: connect QPs of compute threads
[STATUS]: reserving 64 GPU/bootstrap QPs per compute node
pairing: 81869 -- 10648
pairing: 81874 -- 10653
pairing: 81879 -- 10658
pairing: 81884 -- 10663
pairing: 81889 -- 10668
pairing: 81894 -- 10673
pairing: 81899 -- 10678
pairing: 81904 -- 10683
pairing: 81909 -- 10688
pairing: 81914 -- 10693
pairing: 81919 -- 10698
pairing: 81924 -- 10703
pairing: 81929 -- 10708
pairing: 81934 -- 10713
pairing: 81939 -- 10718
pairing: 81944 -- 10723
pairing: 81949 -- 10728
pairing: 81954 -- 10733
pairing: 81959 -- 10738
pairing: 81964 -- 10743
pairing: 81969 -- 10748
pairing: 81974 -- 10753
pairing: 81979 -- 10758
pairing: 81984 -- 10763
pairing: 81989 -- 10768
pairing: 81994 -- 10773
pairing: 81999 -- 10778
pairing: 82004 -- 10783
pairing: 82009 -- 10788
pairing: 82014 -- 10793
pairing: 82019 -- 10798
pairing: 82023 -- 10803
pairing: 82029 -- 10932
pairing: 82154 -- 10933
pairing: 82155 -- 10934
pairing: 82156 -- 10935
pairing: 82157 -- 10936
pairing: 82158 -- 10937
pairing: 82159 -- 10938
pairing: 82160 -- 10939
pairing: 82161 -- 10940
pairing: 82162 -- 10941
pairing: 82163 -- 10942
pairing: 82164 -- 10943
pairing: 82165 -- 10944
pairing: 82166 -- 10945
pairing: 82167 -- 10946
pairing: 82168 -- 10947
pairing: 82169 -- 10948
pairing: 82170 -- 10949
pairing: 82171 -- 10950
pairing: 82172 -- 10951
pairing: 82173 -- 10952
pairing: 82174 -- 10953
pairing: 82175 -- 10954
pairing: 82176 -- 10955
pairing: 82177 -- 10956
pairing: 82178 -- 10957
pairing: 82179 -- 10958
pairing: 82180 -- 10959
pairing: 82181 -- 10960
pairing: 82182 -- 10961
pairing: 82183 -- 10962
pairing: 82184 -- 10963
[STATUS]: waiting for compute-node startup barrier
1 device(s) found
Selected device: ibp86s0
Selected port state: 4, lid: 8, active_mtu: 5
pairing: 82191 -- 82197
pairing: 82198 -- 82205
pairing: 82206 -- 82212
pairing: 82215 -- 82220
pairing: 82223 -- 82228
pairing: 82231 -- 82236
pairing: 82239 -- 82244
pairing: 82247 -- 82250
pairing: 82254 -- 82257
pairing: 82260 -- 82264
pairing: 82266 -- 82270
pairing: 82272 -- 82275
pairing: 82278 -- 82282
pairing: 82284 -- 82288
pairing: 82290 -- 82293
pairing: 82296 -- 82297
pairing: 82299 -- 82300
pairing: 82303 -- 82304
pairing: 82306 -- 82308
pairing: 82311 -- 82312
pairing: 82315 -- 82317
pairing: 82319 -- 82320
pairing: 82323 -- 82324
pairing: 82327 -- 82328
pairing: 82330 -- 82329
pairing: 82331 -- 82332
pairing: 82333 -- 82334
pairing: 82335 -- 82336
pairing: 82338 -- 82337
pairing: 82339 -- 82340
pairing: 82341 -- 82342
pairing: 82344 -- 82343
[STATUS]: storage-owner peer RDMA QPs per peer: 8
[STATUS]: storage-owner peer QP0 reserved for RPC; data RDMA uses QP1..7
allocated ALIGNED MEM (no hugepage) at 123460456022080 with buffer size 67108864
allocated ALIGNED MEM (no hugepage) at 123460416176192 with buffer size 39839040
[STATUS]: storage-owner peer RPC receive slots per peer: 64 (requested=64)
[STATUS]: storage-owner peer RPC concurrent sends per peer: 16
[STATUS]: storage-owner peer RPC send credits: Stage1/graph are split at depth >= 2; responses use a dedicated sync buffer
[STATUS]: storage-owner peer async response capacity: 32768
[STATUS]: storage-owner Stage2 home RPC combining: enabled logical_capacity=18432 aggregate_capacity=4608 byte_budget=33586224
allocated ALIGNED MEM (no hugepage) at 99926494523904 with buffer size 96256
allocated ALIGNED MEM (no hugepage) at 123460683300928 with buffer size 212992
allocated ALIGNED MEM (no hugepage) at 123460682883136 with buffer size 212992
[STATUS]: storage-owner peer reverse-update workers: 2
[STATUS]: storage-owner peer Stage1 workers: 3; Stage2-home workers: 1 (one reserved; shared lanes borrow authoritative work only)
[STATUS]: storage-owner physical control workers: cleanup=1 placement=1 (separate blocking domains)
[STATUS]: storage-owner peer progress threads: cq=1 response_dispatch=1
[STATUS]: storage-owner Stage1 artifact capacity: 67584 (64-way, per shard=1056) cleanup replay per shard=2048 active migration receipts=131072
[STATUS]: storage-owner peer reverse-update tuning: queue_depth=65536 coalesce_max=256
allocated ALIGNED MEM (no hugepage) at 123460675166272 with buffer size 855296
allocated ALIGNED MEM (no hugepage) at 123460671172672 with buffer size 855296
allocated ALIGNED MEM (no hugepage) at 123460670316608 with buffer size 855296
allocated ALIGNED MEM (no hugepage) at 123460666978368 with buffer size 855296
allocated ALIGNED MEM (no hugepage) at 123460666122304 with buffer size 855296
allocated ALIGNED MEM (no hugepage) at 123460662784064 with buffer size 855296
allocated ALIGNED MEM (no hugepage) at 123460661928000 with buffer size 855296
allocated ALIGNED MEM (no hugepage) at 123460658589760 with buffer size 855296
[STATUS]: storage-owner peer scratch: snapshot_slot=192 graph_slot=832 batch=256 lane_peak_rdma_wrs=56 lane_useful_wave_rdma_wrs=56 global_read_window=224 search_lanes_global=32 search_lanes_credit_derived=16 search_lane_lease_cap=32 search_lanes_physical_per_worker=4 ready_context_runtime_epoch=1 bytes_per_lane=213824 bytes_total=6842368
[STATUS]: storage-owner maintenance workers: 8 (configured=8, admission_baseline_workers=2, context_limit=32, semantic_execution_batch=8, work_conserving=true)
[STATUS]: storage-owner stage2 reverse outbox descriptors: 128 aggregates=128 wire_max_ops=3072 (shared per-peer work-conserving aggregation)
[STATUS]: storage-owner maintenance tuning: protocol=centroid-home-two-stage compaction_batch_target=32 packing_policy=deterministic_b8 packing_tail_wait_us=arrival_adaptive_capped_25000 packing_context_limit=8 backlog_limit=65536 admission_credit=bounded_accepted_backlog admission_window=65536 physical_completion_capacity=65536
[STATUS]: storage-owner peer RDMA read credits: per_data_qp=8 data_qps_per_peer=7 per_peer=56 global=224 shared_cq_read_budget=8095 ordered_snapshot_pairs_per_chain=4 (requested_per_data_qp=16)
[STATUS]: storage-owner online insert tuning: construction_beam=128 snapshot_batch=256 protocol=centroid-home-two-stage
[STATUS]: storage-owner stage1=physical-home local search and backlinks; stage2=generation-fenced home expand+score continuation
[STATUS]: storage-owner responses=foreground direct post; completion=repost by service poller
[STATUS]: storage-owner foreground pipeline: coordinators=12 cpu_lanes=3 (assigned_cpus=22, rpc_parallelism=16)
[STATUS]: storage-owner CPU plan: foreground_cpu=3 foreground_coordinators=12 maintenance=8 peer_stage1=4 (split into isolated Stage1/Stage2-home domains) peer_reverse=2 peer_cleanup=1 peer_placement=1 peer_progress=2 foreground_progress=1
[STATUS]: storage-owner insert runtime enabled on shard 4
[STATUS]: storage-owner maintenance observation: enqueued=506 stage2_enqueued=506 cleanup_enqueued=0 stage2_tasks_done=504 stage2_finalized_live=504 cleanup_processed=0 stale=0 stage2_completion_ratio=0.996047 live_stage2_completion_ratio=0.996047 avg_stage2_delay_ms=55.248698 p99_stage2_delay_upper_ms=128.000000 p99_stage2_delay_over_30s=false stage2_delay_histogram=0,0,0,0,1,56,300,144,3,0,0,0,0,0,0,0,0,0 max_stage2_delay_ms=136.313138 compaction_batch_target=32 compaction_max_delay_ms=25.000000 stage2_rate_per_sec=100.364097 stage1_search_budget_exhausted=0 stage2_search_budget_exhausted=0 stage2_continuations=506 stage2_remote_frontier_items=590679 avg_stage2_remote_frontier=1167.349802 stage2_remote_expansions=16055 avg_stage2_remote_expansions=31.729249 stage2_scored_candidates=1020934 avg_stage2_scored_candidates=2017.656126 stage2_graph_read_waves=3986 avg_stage2_expansions_per_graph_wave=4.027847 stage2_graph_unique_reads=16868 stage2_graph_prefetch_issued=11234 stage2_graph_prefetch_hits=10528 stage2_graph_prefetch_wasted=682 stage2_graph_prefetch_promotion_ratio=0.939161 stage2_graph_issue_width_current=16 stage2_vector_read_waves=7767 avg_stage2_scores_per_vector_wave=131.445088 stage2_vector_unique_reads=680293 stage2_home_rpc_batches=7055 stage2_home_rpc_items=597460 avg_stage2_home_rpc_batch=84.686038 stage2_home_score_rpc_batches=2327 stage2_home_score_rpc_items=580592 stage2_home_score_rpc_queries=10862 stage2_home_score_rpc_request_bytes=15131976 stage2_home_score_rpc_response_bytes=18673080 avg_stage2_home_score_queries_per_rpc=4.667813 avg_stage2_home_score_rpc_batch=249.502364 stage2_home_scored_neighbors=921208 home_scores_per_expansion=1.541874 stage2_migrations=86 home_match_rate=0.829365 stage2_final_edges=16737 stage2_cross_edges_stage1_home=4011 stage2_cross_edges_final_home=2159 cross_edge_reduction_ratio=0.461730 failed=0 rpc_timeouts=0 reverse_aggregate_batches=0 reverse_aggregate_logical_requests=0 reverse_aggregate_ops=0 avg_reverse_aggregate_logicals=0.000000 avg_reverse_aggregate_ops=0.000000 max_backlog=8 admission_window=65536 completion_outstanding=2 completion_incomplete=2 completed_behind_hole=0 completion_logical_full_failures=0 completion_physical_full_failures=0 pressure_yields=1 stage2_batches=91 avg_stage2_batch_size=5.560440 packing_target_batch=8 packing_admit_queue_avg=5.560440 packing_admit_queue_max=8 packing_batch_1_7=64 packing_batch_8=27 packing_assembly_batches=91 packing_assembly_wait_ms=2125.332150 packing_arrival_interval_us=9861 packing_waited_batches=64 packing_wait_ms=1582.040000 packing_target_flushes=27 packing_deadline_flushes=64 packing_cleanup_flushes=0 stage2_phase_search_attempts=90 stage2_phase_search_task_attempts=504 stage2_phase_search_elapsed_ms=1840.116708 avg_stage2_phase_search_us_per_task=3651.025214 stage2_phase_freeze_prune_attempts=91 stage2_phase_freeze_prune_task_attempts=512 stage2_phase_freeze_prune_elapsed_ms=138.628302 avg_stage2_phase_freeze_prune_us_per_task=270.758402 stage2_phase_reverse_prepare_attempts=90 stage2_phase_reverse_prepare_task_attempts=504 stage2_phase_reverse_prepare_elapsed_ms=513.083999 avg_stage2_phase_reverse_prepare_us_per_task=1018.023808 stage2_phase_placement_authority_attempts=90 stage2_phase_placement_authority_task_attempts=504 stage2_phase_placement_authority_elapsed_ms=43.909074 avg_stage2_phase_placement_authority_us_per_task=87.121179 stage2_phase_completion_handoff_attempts=90 stage2_phase_completion_handoff_task_attempts=504 stage2_phase_completion_handoff_elapsed_ms=0.140785 avg_stage2_phase_completion_handoff_us_per_task=0.279335 stage2_phase_finalize_attempts=90 stage2_phase_finalize_task_attempts=504 stage2_phase_finalize_elapsed_ms=0.438131 avg_stage2_phase_finalize_us_per_task=0.869308 maintenance_worker_idle_waits=17024 maintenance_worker_idle_ms=37276.333961 maintenance_lost_wake_avoided=614 maintenance_targeted_wakes=18182 maintenance_generic_wakes=506 maintenance_broadcast_wakes=0 maintenance_context_slots_scanned=72528 maintenance_ready_notifications=16733 maintenance_ready_stale_notifications=0 maintenance_ready_tickets_drained=13351 maintenance_ready_overflow_scans=0 maintenance_ready_fallback_scans=4653 stage2_search_lane_lease_limit=32 stage2_search_lane_lease_peak=3 stage2_search_lane_lease_blocked=0 maintenance_worker_observed_idle_ratio=0.927878 maintenance_worker_observed_busy_ratio=0.072122 physical_stage1_items=506 physical_stage1_total_ns=2157452076 physical_stage1_search_ns=2031738321 physical_stage1_prune_ns=81457636 physical_stage1_allocate_write_ns=31727584 physical_stage1_backlink_ns=11099091 physical_stage1_candidates=64764 physical_stage1_remote_frontier_items=590679 physical_stage1_neighbors=15641 peer_stage1_enqueued=829 peer_stage1_processed=829 peer_stage1_items=826 avg_peer_stage1_items=0.996381 peer_stage1_rate_per_sec=164.485603 peer_stage1_max_queue=2 peer_stage1_active_workers=1 peer_stage2_home_enqueued=4927 peer_stage2_home_processed=4926 peer_stage2_home_items=392535 avg_peer_stage2_home_items=79.686358 peer_stage2_home_max_queue=3 peer_stage2_home_response_queue_drops=0 peer_stage2_home_response_send_wait_ms=25.350638 avg_peer_stage2_home_queue_wait_us=21.548041 avg_peer_stage2_home_execution_us=60.161087 peer_stage1_release_deferred_batches=4 peer_stage1_release_deferred_items=4 peer_stage1_duplicate_retry_responses=0 peer_stage1_admission_retry_responses=0 peer_stage1_retry_response_drops=0 peer_stage1_admission_waiters=0 peer_stage1_admission_waiter_items=0 peer_stage1_admission_owned_items=0 peer_stage1_admission_wake_coverage=0 peer_stage1_admission_parked=0 peer_stage1_admission_woken=0 peer_stage1_admission_reparked=0 peer_stage1_max_admission_waiters=0 peer_stage1_duplicate_coalesced=0 peer_reverse_enqueued=262 peer_reverse_processed=262 peer_reverse_remaining=0 peer_reverse_items_enqueued=3204 peer_reverse_items_processed=3204 peer_reverse_rate_per_sec=638.028902 peer_reverse_failed=0 peer_reverse_max_queue=1 reclaim_pending=0 reclaim_reused=86 dynamic_high_watermark=19981611232 stage2_remaining=0 cleanup_remaining=0 active_contexts=1 active_context_limit=32 repair_remaining=0 remaining=2
[STATUS]: storage-owner maintenance observation: enqueued=717 stage2_enqueued=717 cleanup_enqueued=0 stage2_tasks_done=717 stage2_finalized_live=717 cleanup_processed=0 stale=0 stage2_completion_ratio=1.000000 live_stage2_completion_ratio=1.000000 avg_stage2_delay_ms=53.117708 p99_stage2_delay_upper_ms=128.000000 p99_stage2_delay_over_30s=false stage2_delay_histogram=0,0,0,0,1,79,467,167,3,0,0,0,0,0,0,0,0,0 max_stage2_delay_ms=136.313138 compaction_batch_target=32 compaction_max_delay_ms=25.000000 stage2_rate_per_sec=71.530987 stage1_search_budget_exhausted=0 stage2_search_budget_exhausted=0 stage2_continuations=717 stage2_remote_frontier_items=855533 avg_stage2_remote_frontier=1193.211994 stage2_remote_expansions=23140 avg_stage2_remote_expansions=32.273361 stage2_scored_candidates=1489632 avg_stage2_scored_candidates=2077.589958 stage2_graph_read_waves=5887 avg_stage2_expansions_per_graph_wave=3.930695 stage2_graph_unique_reads=24080 stage2_graph_prefetch_issued=16211 stage2_graph_prefetch_hits=15271 stage2_graph_prefetch_wasted=940 stage2_graph_prefetch_promotion_ratio=0.942015 stage2_graph_issue_width_current=16 stage2_vector_read_waves=12419 avg_stage2_scores_per_vector_wave=119.947822 stage2_vector_unique_reads=996891 stage2_home_rpc_batches=10237 stage2_home_rpc_items=861753 avg_stage2_home_rpc_batch=84.180229 stage2_home_score_rpc_batches=3390 stage2_home_score_rpc_items=837673 stage2_home_score_rpc_queries=14883 stage2_home_score_rpc_request_bytes=21754788 stage2_home_score_rpc_response_bytes=26944712 avg_stage2_home_score_queries_per_rpc=4.390265 avg_stage2_home_score_rpc_batch=247.101180 stage2_home_scored_neighbors=1330340 home_scores_per_expansion=1.543760 stage2_migrations=131 home_match_rate=0.817294 stage2_final_edges=24607 stage2_cross_edges_stage1_home=6046 stage2_cross_edges_final_home=3394 cross_edge_reduction_ratio=0.438637 failed=0 rpc_timeouts=0 reverse_aggregate_batches=0 reverse_aggregate_logical_requests=0 reverse_aggregate_ops=0 avg_reverse_aggregate_logicals=0.000000 avg_reverse_aggregate_ops=0.000000 max_backlog=8 admission_window=65536 completion_outstanding=0 completion_incomplete=0 completed_behind_hole=0 completion_logical_full_failures=0 completion_physical_full_failures=0 pressure_yields=1 stage2_batches=147 avg_stage2_batch_size=4.877551 packing_target_batch=8 packing_admit_queue_avg=4.877551 packing_admit_queue_max=8 packing_batch_1_7=118 packing_batch_8=29 packing_assembly_batches=147 packing_assembly_wait_ms=3519.975874 packing_arrival_interval_us=8305 packing_waited_batches=118 packing_wait_ms=2932.040000 packing_target_flushes=29 packing_deadline_flushes=118 packing_cleanup_flushes=0 stage2_phase_search_attempts=147 stage2_phase_search_task_attempts=717 stage2_phase_search_elapsed_ms=2549.211657 avg_stage2_phase_search_us_per_task=3555.385854 stage2_phase_freeze_prune_attempts=148 stage2_phase_freeze_prune_task_attempts=725 stage2_phase_freeze_prune_elapsed_ms=197.379440 avg_stage2_phase_freeze_prune_us_per_task=272.247503 stage2_phase_reverse_prepare_attempts=147 stage2_phase_reverse_prepare_task_attempts=717 stage2_phase_reverse_prepare_elapsed_ms=735.315668 avg_stage2_phase_reverse_prepare_us_per_task=1025.544865 stage2_phase_placement_authority_attempts=147 stage2_phase_placement_authority_task_attempts=717 stage2_phase_placement_authority_elapsed_ms=56.633134 avg_stage2_phase_placement_authority_us_per_task=78.986240 stage2_phase_completion_handoff_attempts=147 stage2_phase_completion_handoff_task_attempts=717 stage2_phase_completion_handoff_elapsed_ms=0.214677 avg_stage2_phase_completion_handoff_us_per_task=0.299410 stage2_phase_finalize_attempts=147 stage2_phase_finalize_task_attempts=717 stage2_phase_finalize_elapsed_ms=0.636828 avg_stage2_phase_finalize_us_per_task=0.888184 maintenance_worker_idle_waits=28608 maintenance_worker_idle_ms=75693.657568 maintenance_lost_wake_avoided=905 maintenance_targeted_wakes=27425 maintenance_generic_wakes=717 maintenance_broadcast_wakes=0 maintenance_context_slots_scanned=139440 maintenance_ready_notifications=25444 maintenance_ready_stale_notifications=0 maintenance_ready_tickets_drained=20621 maintenance_ready_overflow_scans=0 maintenance_ready_fallback_scans=8932 stage2_search_lane_lease_limit=32 stage2_search_lane_lease_peak=3 stage2_search_lane_lease_blocked=0 maintenance_worker_observed_idle_ratio=0.943940 maintenance_worker_observed_busy_ratio=0.056060 physical_stage1_items=717 physical_stage1_total_ns=2896202858 physical_stage1_search_ns=2705705505 physical_stage1_prune_ns=131497918 physical_stage1_allocate_write_ns=42413579 physical_stage1_backlink_ns=14552440 physical_stage1_candidates=91769 physical_stage1_remote_frontier_items=855533 physical_stage1_neighbors=22861 peer_stage1_enqueued=1172 peer_stage1_processed=1172 peer_stage1_items=1168 avg_peer_stage1_items=0.996587 peer_stage1_rate_per_sec=116.524677 peer_stage1_max_queue=2 peer_stage1_active_workers=0 peer_stage2_home_enqueued=11823 peer_stage2_home_processed=11823 peer_stage2_home_items=916949 avg_peer_stage2_home_items=77.556373 peer_stage2_home_max_queue=3 peer_stage2_home_response_queue_drops=0 peer_stage2_home_response_send_wait_ms=58.936133 avg_peer_stage2_home_queue_wait_us=16.914892 avg_peer_stage2_home_execution_us=54.273896 peer_stage1_release_deferred_batches=5 peer_stage1_release_deferred_items=5 peer_stage1_duplicate_retry_responses=0 peer_stage1_admission_retry_responses=0 peer_stage1_retry_response_drops=0 peer_stage1_admission_waiters=0 peer_stage1_admission_waiter_items=0 peer_stage1_admission_owned_items=0 peer_stage1_admission_wake_coverage=0 peer_stage1_admission_parked=0 peer_stage1_admission_woken=0 peer_stage1_admission_reparked=0 peer_stage1_max_admission_waiters=0 peer_stage1_duplicate_coalesced=0 peer_reverse_enqueued=481 peer_reverse_processed=481 peer_reverse_remaining=0 peer_reverse_items_enqueued=9394 peer_reverse_items_processed=9394 peer_reverse_rate_per_sec=937.185630 peer_reverse_failed=0 peer_reverse_max_queue=3 reclaim_pending=0 reclaim_reused=131 dynamic_high_watermark=19981928672 stage2_remaining=0 cleanup_remaining=0 active_contexts=0 active_context_limit=32 repair_remaining=0 remaining=0
[STATUS]: storage-owner maintenance observation: enqueued=717 stage2_enqueued=717 cleanup_enqueued=0 stage2_tasks_done=717 stage2_finalized_live=717 cleanup_processed=0 stale=0 stage2_completion_ratio=1.000000 live_stage2_completion_ratio=1.000000 avg_stage2_delay_ms=53.117708 p99_stage2_delay_upper_ms=128.000000 p99_stage2_delay_over_30s=false stage2_delay_histogram=0,0,0,0,1,79,467,167,3,0,0,0,0,0,0,0,0,0 max_stage2_delay_ms=136.313138 compaction_batch_target=32 compaction_max_delay_ms=25.000000 stage2_rate_per_sec=47.721428 stage1_search_budget_exhausted=0 stage2_search_budget_exhausted=0 stage2_continuations=717 stage2_remote_frontier_items=855533 avg_stage2_remote_frontier=1193.211994 stage2_remote_expansions=23140 avg_stage2_remote_expansions=32.273361 stage2_scored_candidates=1489632 avg_stage2_scored_candidates=2077.589958 stage2_graph_read_waves=5887 avg_stage2_expansions_per_graph_wave=3.930695 stage2_graph_unique_reads=24080 stage2_graph_prefetch_issued=16211 stage2_graph_prefetch_hits=15271 stage2_graph_prefetch_wasted=940 stage2_graph_prefetch_promotion_ratio=0.942015 stage2_graph_issue_width_current=16 stage2_vector_read_waves=12419 avg_stage2_scores_per_vector_wave=119.947822 stage2_vector_unique_reads=996891 stage2_home_rpc_batches=10237 stage2_home_rpc_items=861753 avg_stage2_home_rpc_batch=84.180229 stage2_home_score_rpc_batches=3390 stage2_home_score_rpc_items=837673 stage2_home_score_rpc_queries=14883 stage2_home_score_rpc_request_bytes=21754788 stage2_home_score_rpc_response_bytes=26944712 avg_stage2_home_score_queries_per_rpc=4.390265 avg_stage2_home_score_rpc_batch=247.101180 stage2_home_scored_neighbors=1330340 home_scores_per_expansion=1.543760 stage2_migrations=131 home_match_rate=0.817294 stage2_final_edges=24607 stage2_cross_edges_stage1_home=6046 stage2_cross_edges_final_home=3394 cross_edge_reduction_ratio=0.438637 failed=0 rpc_timeouts=0 reverse_aggregate_batches=0 reverse_aggregate_logical_requests=0 reverse_aggregate_ops=0 avg_reverse_aggregate_logicals=0.000000 avg_reverse_aggregate_ops=0.000000 max_backlog=8 admission_window=65536 completion_outstanding=0 completion_incomplete=0 completed_behind_hole=0 completion_logical_full_failures=0 completion_physical_full_failures=0 pressure_yields=1 stage2_batches=147 avg_stage2_batch_size=4.877551 packing_target_batch=8 packing_admit_queue_avg=4.877551 packing_admit_queue_max=8 packing_batch_1_7=118 packing_batch_8=29 packing_assembly_batches=147 packing_assembly_wait_ms=3519.975874 packing_arrival_interval_us=8305 packing_waited_batches=118 packing_wait_ms=2932.040000 packing_target_flushes=29 packing_deadline_flushes=118 packing_cleanup_flushes=0 stage2_phase_search_attempts=147 stage2_phase_search_task_attempts=717 stage2_phase_search_elapsed_ms=2549.211657 avg_stage2_phase_search_us_per_task=3555.385854 stage2_phase_freeze_prune_attempts=148 stage2_phase_freeze_prune_task_attempts=725 stage2_phase_freeze_prune_elapsed_ms=197.379440 avg_stage2_phase_freeze_prune_us_per_task=272.247503 stage2_phase_reverse_prepare_attempts=147 stage2_phase_reverse_prepare_task_attempts=717 stage2_phase_reverse_prepare_elapsed_ms=735.315668 avg_stage2_phase_reverse_prepare_us_per_task=1025.544865 stage2_phase_placement_authority_attempts=147 stage2_phase_placement_authority_task_attempts=717 stage2_phase_placement_authority_elapsed_ms=56.633134 avg_stage2_phase_placement_authority_us_per_task=78.986240 stage2_phase_completion_handoff_attempts=147 stage2_phase_completion_handoff_task_attempts=717 stage2_phase_completion_handoff_elapsed_ms=0.214677 avg_stage2_phase_completion_handoff_us_per_task=0.299410 stage2_phase_finalize_attempts=147 stage2_phase_finalize_task_attempts=717 stage2_phase_finalize_elapsed_ms=0.636828 avg_stage2_phase_finalize_us_per_task=0.888184 maintenance_worker_idle_waits=32512 maintenance_worker_idle_ms=114983.829367 maintenance_lost_wake_avoided=905 maintenance_targeted_wakes=27425 maintenance_generic_wakes=717 maintenance_broadcast_wakes=0 maintenance_context_slots_scanned=201904 maintenance_ready_notifications=25444 maintenance_ready_stale_notifications=0 maintenance_ready_tickets_drained=20621 maintenance_ready_overflow_scans=0 maintenance_ready_fallback_scans=12906 stage2_search_lane_lease_limit=32 stage2_search_lane_lease_peak=3 stage2_search_lane_lease_blocked=0 maintenance_worker_observed_idle_ratio=0.956624 maintenance_worker_observed_busy_ratio=0.043376 physical_stage1_items=717 physical_stage1_total_ns=2896202858 physical_stage1_search_ns=2705705505 physical_stage1_prune_ns=131497918 physical_stage1_allocate_write_ns=42413579 physical_stage1_backlink_ns=14552440 physical_stage1_candidates=91769 physical_stage1_remote_frontier_items=855533 physical_stage1_neighbors=22861 peer_stage1_enqueued=1172 peer_stage1_processed=1172 peer_stage1_items=1168 avg_peer_stage1_items=0.996587 peer_stage1_rate_per_sec=77.738672 peer_stage1_max_queue=2 peer_stage1_active_workers=0 peer_stage2_home_enqueued=12669 peer_stage2_home_processed=12669 peer_stage2_home_items=1091574 avg_peer_stage2_home_items=86.161023 peer_stage2_home_max_queue=3 peer_stage2_home_response_queue_drops=0 peer_stage2_home_response_send_wait_ms=63.933449 avg_peer_stage2_home_queue_wait_us=17.149415 avg_peer_stage2_home_execution_us=57.202831 peer_stage1_release_deferred_batches=5 peer_stage1_release_deferred_items=5 peer_stage1_duplicate_retry_responses=0 peer_stage1_admission_retry_responses=0 peer_stage1_retry_response_drops=0 peer_stage1_admission_waiters=0 peer_stage1_admission_waiter_items=0 peer_stage1_admission_owned_items=0 peer_stage1_admission_wake_coverage=0 peer_stage1_admission_parked=0 peer_stage1_admission_woken=0 peer_stage1_admission_reparked=0 peer_stage1_max_admission_waiters=0 peer_stage1_duplicate_coalesced=0 peer_reverse_enqueued=513 peer_reverse_processed=513 peer_reverse_remaining=0 peer_reverse_items_enqueued=9448 peer_reverse_items_processed=9448 peer_reverse_rate_per_sec=628.831311 peer_reverse_failed=0 peer_reverse_max_queue=3 reclaim_pending=0 reclaim_reused=131 dynamic_high_watermark=19981928672 stage2_remaining=0 cleanup_remaining=0 active_contexts=0 active_context_limit=32 repair_remaining=0 remaining=0
[STATUS]: storage-owner maintenance observation: enqueued=717 stage2_enqueued=717 cleanup_enqueued=0 stage2_tasks_done=717 stage2_finalized_live=717 cleanup_processed=0 stale=0 stage2_completion_ratio=1.000000 live_stage2_completion_ratio=1.000000 avg_stage2_delay_ms=53.117708 p99_stage2_delay_upper_ms=128.000000 p99_stage2_delay_over_30s=false stage2_delay_histogram=0,0,0,0,1,79,467,167,3,0,0,0,0,0,0,0,0,0 max_stage2_delay_ms=136.313138 compaction_batch_target=32 compaction_max_delay_ms=25.000000 stage2_rate_per_sec=35.805686 stage1_search_budget_exhausted=0 stage2_search_budget_exhausted=0 stage2_continuations=717 stage2_remote_frontier_items=855533 avg_stage2_remote_frontier=1193.211994 stage2_remote_expansions=23140 avg_stage2_remote_expansions=32.273361 stage2_scored_candidates=1489632 avg_stage2_scored_candidates=2077.589958 stage2_graph_read_waves=5887 avg_stage2_expansions_per_graph_wave=3.930695 stage2_graph_unique_reads=24080 stage2_graph_prefetch_issued=16211 stage2_graph_prefetch_hits=15271 stage2_graph_prefetch_wasted=940 stage2_graph_prefetch_promotion_ratio=0.942015 stage2_graph_issue_width_current=16 stage2_vector_read_waves=12419 avg_stage2_scores_per_vector_wave=119.947822 stage2_vector_unique_reads=996891 stage2_home_rpc_batches=10237 stage2_home_rpc_items=861753 avg_stage2_home_rpc_batch=84.180229 stage2_home_score_rpc_batches=3390 stage2_home_score_rpc_items=837673 stage2_home_score_rpc_queries=14883 stage2_home_score_rpc_request_bytes=21754788 stage2_home_score_rpc_response_bytes=26944712 avg_stage2_home_score_queries_per_rpc=4.390265 avg_stage2_home_score_rpc_batch=247.101180 stage2_home_scored_neighbors=1330340 home_scores_per_expansion=1.543760 stage2_migrations=131 home_match_rate=0.817294 stage2_final_edges=24607 stage2_cross_edges_stage1_home=6046 stage2_cross_edges_final_home=3394 cross_edge_reduction_ratio=0.438637 failed=0 rpc_timeouts=0 reverse_aggregate_batches=0 reverse_aggregate_logical_requests=0 reverse_aggregate_ops=0 avg_reverse_aggregate_logicals=0.000000 avg_reverse_aggregate_ops=0.000000 max_backlog=8 admission_window=65536 completion_outstanding=0 completion_incomplete=0 completed_behind_hole=0 completion_logical_full_failures=0 completion_physical_full_failures=0 pressure_yields=1 stage2_batches=147 avg_stage2_batch_size=4.877551 packing_target_batch=8 packing_admit_queue_avg=4.877551 packing_admit_queue_max=8 packing_batch_1_7=118 packing_batch_8=29 packing_assembly_batches=147 packing_assembly_wait_ms=3519.975874 packing_arrival_interval_us=8305 packing_waited_batches=118 packing_wait_ms=2932.040000 packing_target_flushes=29 packing_deadline_flushes=118 packing_cleanup_flushes=0 stage2_phase_search_attempts=147 stage2_phase_search_task_attempts=717 stage2_phase_search_elapsed_ms=2549.211657 avg_stage2_phase_search_us_per_task=3555.385854 stage2_phase_freeze_prune_attempts=148 stage2_phase_freeze_prune_task_attempts=725 stage2_phase_freeze_prune_elapsed_ms=197.379440 avg_stage2_phase_freeze_prune_us_per_task=272.247503 stage2_phase_reverse_prepare_attempts=147 stage2_phase_reverse_prepare_task_attempts=717 stage2_phase_reverse_prepare_elapsed_ms=735.315668 avg_stage2_phase_reverse_prepare_us_per_task=1025.544865 stage2_phase_placement_authority_attempts=147 stage2_phase_placement_authority_task_attempts=717 stage2_phase_placement_authority_elapsed_ms=56.633134 avg_stage2_phase_placement_authority_us_per_task=78.986240 stage2_phase_completion_handoff_attempts=147 stage2_phase_completion_handoff_task_attempts=717 stage2_phase_completion_handoff_elapsed_ms=0.214677 avg_stage2_phase_completion_handoff_us_per_task=0.299410 stage2_phase_finalize_attempts=147 stage2_phase_finalize_task_attempts=717 stage2_phase_finalize_elapsed_ms=0.636828 avg_stage2_phase_finalize_us_per_task=0.888184 maintenance_worker_idle_waits=36544 maintenance_worker_idle_ms=155565.526805 maintenance_lost_wake_avoided=905 maintenance_targeted_wakes=27425 maintenance_generic_wakes=717 maintenance_broadcast_wakes=0 maintenance_context_slots_scanned=266416 maintenance_ready_notifications=25444 maintenance_ready_stale_notifications=0 maintenance_ready_tickets_drained=20621 maintenance_ready_overflow_scans=0 maintenance_ready_fallback_scans=16881 stage2_search_lane_lease_limit=32 stage2_search_lane_lease_peak=3 stage2_search_lane_lease_blocked=0 maintenance_worker_observed_idle_ratio=0.971083 maintenance_worker_observed_busy_ratio=0.028917 physical_stage1_items=717 physical_stage1_total_ns=2896202858 physical_stage1_search_ns=2705705505 physical_stage1_prune_ns=131497918 physical_stage1_allocate_write_ns=42413579 physical_stage1_backlink_ns=14552440 physical_stage1_candidates=91769 physical_stage1_remote_frontier_items=855533 physical_stage1_neighbors=22861 peer_stage1_enqueued=1172 peer_stage1_processed=1172 peer_stage1_items=1168 avg_peer_stage1_items=0.996587 peer_stage1_rate_per_sec=58.327811 peer_stage1_max_queue=2 peer_stage1_active_workers=0 peer_stage2_home_enqueued=13588 peer_stage2_home_processed=13588 peer_stage2_home_items=1272334 avg_peer_stage2_home_items=93.636591 peer_stage2_home_max_queue=3 peer_stage2_home_response_queue_drops=0 peer_stage2_home_response_send_wait_ms=69.255871 avg_peer_stage2_home_queue_wait_us=17.557404 avg_peer_stage2_home_execution_us=59.319460 peer_stage1_release_deferred_batches=5 peer_stage1_release_deferred_items=5 peer_stage1_duplicate_retry_responses=0 peer_stage1_admission_retry_responses=0 peer_stage1_retry_response_drops=0 peer_stage1_admission_waiters=0 peer_stage1_admission_waiter_items=0 peer_stage1_admission_owned_items=0 peer_stage1_admission_wake_coverage=0 peer_stage1_admission_parked=0 peer_stage1_admission_woken=0 peer_stage1_admission_reparked=0 peer_stage1_max_admission_waiters=0 peer_stage1_duplicate_coalesced=0 peer_reverse_enqueued=543 peer_reverse_processed=543 peer_reverse_remaining=0 peer_reverse_items_enqueued=9511 peer_reverse_items_processed=9511 peer_reverse_rate_per_sec=474.962170 peer_reverse_failed=0 peer_reverse_max_queue=3 reclaim_pending=0 reclaim_reused=131 dynamic_high_watermark=19981928672 stage2_remaining=0 cleanup_remaining=0 active_contexts=0 active_context_limit=32 repair_remaining=0 remaining=0
[STATUS]: storage-owner maintenance observation: enqueued=720 stage2_enqueued=720 cleanup_enqueued=0 stage2_tasks_done=720 stage2_finalized_live=720 cleanup_processed=0 stale=0 stage2_completion_ratio=1.000000 live_stage2_completion_ratio=1.000000 avg_stage2_delay_ms=53.105574 p99_stage2_delay_upper_ms=128.000000 p99_stage2_delay_over_30s=false stage2_delay_histogram=0,0,0,0,1,79,470,167,3,0,0,0,0,0,0,0,0,0 max_stage2_delay_ms=136.313138 compaction_batch_target=32 compaction_max_delay_ms=25.000000 stage2_rate_per_sec=28.767668 stage1_search_budget_exhausted=0 stage2_search_budget_exhausted=0 stage2_continuations=720 stage2_remote_frontier_items=859669 avg_stage2_remote_frontier=1193.984722 stage2_remote_expansions=23524 avg_stage2_remote_expansions=32.672222 stage2_scored_candidates=1503839 avg_stage2_scored_candidates=2088.665278 stage2_graph_read_waves=6026 avg_stage2_expansions_per_graph_wave=3.903750 stage2_graph_unique_reads=24487 stage2_graph_prefetch_issued=16479 stage2_graph_prefetch_hits=15516 stage2_graph_prefetch_wasted=963 stage2_graph_prefetch_promotion_ratio=0.941562 stage2_graph_issue_width_current=16 stage2_vector_read_waves=12732 avg_stage2_scores_per_vector_wave=118.114907 stage2_vector_unique_reads=1001851 stage2_home_rpc_batches=10396 stage2_home_rpc_items=866049 avg_stage2_home_rpc_batch=83.305983 stage2_home_score_rpc_batches=3410 stage2_home_score_rpc_items=841562 stage2_home_score_rpc_queries=14921 stage2_home_score_rpc_request_bytes=21852860 stage2_home_score_rpc_response_bytes=27070128 avg_stage2_home_score_queries_per_rpc=4.375660 avg_stage2_home_score_rpc_batch=246.792375 stage2_home_scored_neighbors=1343476 home_scores_per_expansion=1.551270 stage2_migrations=134 home_match_rate=0.813889 stage2_final_edges=24704 stage2_cross_edges_stage1_home=6140 stage2_cross_edges_final_home=3398 cross_edge_reduction_ratio=0.446580 failed=0 rpc_timeouts=0 reverse_aggregate_batches=0 reverse_aggregate_logical_requests=0 reverse_aggregate_ops=0 avg_reverse_aggregate_logicals=0.000000 avg_reverse_aggregate_ops=0.000000 max_backlog=8 admission_window=65536 completion_outstanding=0 completion_incomplete=0 completed_behind_hole=0 completion_logical_full_failures=0 completion_physical_full_failures=0 pressure_yields=1 stage2_batches=150 avg_stage2_batch_size=4.800000 packing_target_batch=8 packing_admit_queue_avg=4.800000 packing_admit_queue_max=8 packing_batch_1_7=121 packing_batch_8=29 packing_assembly_batches=150 packing_assembly_wait_ms=3595.101245 packing_arrival_interval_us=25000 packing_waited_batches=121 packing_wait_ms=3007.040000 packing_target_flushes=29 packing_deadline_flushes=121 packing_cleanup_flushes=0 stage2_phase_search_attempts=150 stage2_phase_search_task_attempts=720 stage2_phase_search_elapsed_ms=2580.112289 avg_stage2_phase_search_us_per_task=3583.489290 stage2_phase_freeze_prune_attempts=151 stage2_phase_freeze_prune_task_attempts=728 stage2_phase_freeze_prune_elapsed_ms=199.798527 avg_stage2_phase_freeze_prune_us_per_task=274.448526 stage2_phase_reverse_prepare_attempts=150 stage2_phase_reverse_prepare_task_attempts=720 stage2_phase_reverse_prepare_elapsed_ms=738.834523 avg_stage2_phase_reverse_prepare_us_per_task=1026.159060 stage2_phase_placement_authority_attempts=150 stage2_phase_placement_authority_task_attempts=720 stage2_phase_placement_authority_elapsed_ms=57.532548 avg_stage2_phase_placement_authority_us_per_task=79.906317 stage2_phase_completion_handoff_attempts=150 stage2_phase_completion_handoff_task_attempts=720 stage2_phase_completion_handoff_elapsed_ms=0.218965 avg_stage2_phase_completion_handoff_us_per_task=0.304118 stage2_phase_finalize_attempts=150 stage2_phase_finalize_task_attempts=720 stage2_phase_finalize_elapsed_ms=0.653338 avg_stage2_phase_finalize_us_per_task=0.907414 maintenance_worker_idle_waits=41024 maintenance_worker_idle_ms=195784.745744 maintenance_lost_wake_avoided=936 maintenance_targeted_wakes=27986 maintenance_generic_wakes=720 maintenance_broadcast_wakes=0 maintenance_context_slots_scanned=330496 maintenance_ready_notifications=25961 maintenance_ready_stale_notifications=0 maintenance_ready_tickets_drained=21088 maintenance_ready_overflow_scans=0 maintenance_ready_fallback_scans=20863 stage2_search_lane_lease_limit=32 stage2_search_lane_lease_peak=3 stage2_search_lane_lease_blocked=0 maintenance_worker_observed_idle_ratio=0.977825 maintenance_worker_observed_busy_ratio=0.022175 physical_stage1_items=720 physical_stage1_total_ns=2917218775 physical_stage1_search_ns=2725365656 physical_stage1_prune_ns=132230271 physical_stage1_allocate_write_ns=42865194 physical_stage1_backlink_ns=14687943 physical_stage1_candidates=92153 physical_stage1_remote_frontier_items=859669 physical_stage1_neighbors=22920 peer_stage1_enqueued=1178 peer_stage1_processed=1178 peer_stage1_items=1174 avg_peer_stage1_items=0.996604 peer_stage1_rate_per_sec=46.907281 peer_stage1_max_queue=2 peer_stage1_active_workers=0 peer_stage2_home_enqueued=14500 peer_stage2_home_processed=14500 peer_stage2_home_items=1454103 avg_peer_stage2_home_items=100.282966 peer_stage2_home_max_queue=3 peer_stage2_home_response_queue_drops=0 peer_stage2_home_response_send_wait_ms=74.646632 avg_peer_stage2_home_queue_wait_us=17.855782 avg_peer_stage2_home_execution_us=61.080562 peer_stage1_release_deferred_batches=5 peer_stage1_release_deferred_items=5 peer_stage1_duplicate_retry_responses=0 peer_stage1_admission_retry_responses=0 peer_stage1_retry_response_drops=0 peer_stage1_admission_waiters=0 peer_stage1_admission_waiter_items=0 peer_stage1_admission_owned_items=0 peer_stage1_admission_wake_coverage=0 peer_stage1_admission_parked=0 peer_stage1_admission_woken=0 peer_stage1_admission_reparked=0 peer_stage1_max_admission_waiters=0 peer_stage1_duplicate_coalesced=0 peer_reverse_enqueued=584 peer_reverse_processed=584 peer_reverse_remaining=0 peer_reverse_items_enqueued=9567 peer_reverse_items_processed=9567 peer_reverse_rate_per_sec=382.250386 peer_reverse_failed=0 peer_reverse_max_queue=3 reclaim_pending=1 reclaim_reused=133 dynamic_high_watermark=19981929664 stage2_remaining=0 cleanup_remaining=0 active_contexts=0 active_context_limit=32 repair_remaining=0 remaining=0
[STATUS]: storage-owner maintenance observation: enqueued=722 stage2_enqueued=722 cleanup_enqueued=0 stage2_tasks_done=722 stage2_finalized_live=722 cleanup_processed=0 stale=0 stage2_completion_ratio=1.000000 live_stage2_completion_ratio=1.000000 avg_stage2_delay_ms=53.077214 p99_stage2_delay_upper_ms=128.000000 p99_stage2_delay_over_30s=false stage2_delay_histogram=0,0,0,0,1,79,472,167,3,0,0,0,0,0,0,0,0,0 max_stage2_delay_ms=136.313138 compaction_batch_target=32 compaction_max_delay_ms=25.000000 stage2_rate_per_sec=24.043131 stage1_search_budget_exhausted=0 stage2_search_budget_exhausted=0 stage2_continuations=722 stage2_remote_frontier_items=861632 avg_stage2_remote_frontier=1193.396122 stage2_remote_expansions=23780 avg_stage2_remote_expansions=32.936288 stage2_scored_candidates=1510705 avg_stage2_scored_candidates=2092.389197 stage2_graph_read_waves=6082 avg_stage2_expansions_per_graph_wave=3.909898 stage2_graph_unique_reads=24764 stage2_graph_prefetch_issued=16686 stage2_graph_prefetch_hits=15702 stage2_graph_prefetch_wasted=984 stage2_graph_prefetch_promotion_ratio=0.941028 stage2_graph_issue_width_current=16 stage2_vector_read_waves=12845 avg_stage2_scores_per_vector_wave=117.610354 stage2_vector_unique_reads=1004450 stage2_home_rpc_batches=10464 stage2_home_rpc_items=868289 avg_stage2_home_rpc_batch=82.978689 stage2_home_score_rpc_batches=3419 stage2_home_score_rpc_items=843525 stage2_home_score_rpc_queries=14939 stage2_home_score_rpc_request_bytes=21902204 stage2_home_score_rpc_response_bytes=27133304 avg_stage2_home_score_queries_per_rpc=4.369406 avg_stage2_home_score_rpc_batch=246.716876 stage2_home_scored_neighbors=1349706 home_scores_per_expansion=1.554443 stage2_migrations=136 home_match_rate=0.811634 stage2_final_edges=24770 stage2_cross_edges_stage1_home=6204 stage2_cross_edges_final_home=3400 cross_edge_reduction_ratio=0.451966 failed=0 rpc_timeouts=0 reverse_aggregate_batches=0 reverse_aggregate_logical_requests=0 reverse_aggregate_ops=0 avg_reverse_aggregate_logicals=0.000000 avg_reverse_aggregate_ops=0.000000 max_backlog=8 admission_window=65536 completion_outstanding=0 completion_incomplete=0 completed_behind_hole=0 completion_logical_full_failures=0 completion_physical_full_failures=0 pressure_yields=1 stage2_batches=151 avg_stage2_batch_size=4.781457 packing_target_batch=8 packing_admit_queue_avg=4.781457 packing_admit_queue_max=8 packing_batch_1_7=122 packing_batch_8=29 packing_assembly_batches=151 packing_assembly_wait_ms=3620.160701 packing_arrival_interval_us=23230 packing_waited_batches=122 packing_wait_ms=3032.040000 packing_target_flushes=29 packing_deadline_flushes=122 packing_cleanup_flushes=0 stage2_phase_search_attempts=151 stage2_phase_search_task_attempts=722 stage2_phase_search_elapsed_ms=2590.863544 avg_stage2_phase_search_us_per_task=3588.453662 stage2_phase_freeze_prune_attempts=152 stage2_phase_freeze_prune_task_attempts=730 stage2_phase_freeze_prune_elapsed_ms=200.817254 avg_stage2_phase_freeze_prune_us_per_task=275.092129 stage2_phase_reverse_prepare_attempts=151 stage2_phase_reverse_prepare_task_attempts=722 stage2_phase_reverse_prepare_elapsed_ms=740.334273 avg_stage2_phase_reverse_prepare_us_per_task=1025.393730 stage2_phase_placement_authority_attempts=151 stage2_phase_placement_authority_task_attempts=722 stage2_phase_placement_authority_elapsed_ms=57.979475 avg_stage2_phase_placement_authority_us_per_task=80.303982 stage2_phase_completion_handoff_attempts=151 stage2_phase_completion_handoff_task_attempts=722 stage2_phase_completion_handoff_elapsed_ms=0.219902 avg_stage2_phase_completion_handoff_us_per_task=0.304573 stage2_phase_finalize_attempts=151 stage2_phase_finalize_task_attempts=722 stage2_phase_finalize_elapsed_ms=0.657213 avg_stage2_phase_finalize_us_per_task=0.910267 maintenance_worker_idle_waits=45184 maintenance_worker_idle_ms=235763.413614 maintenance_lost_wake_avoided=939 maintenance_targeted_wakes=28230 maintenance_generic_wakes=722 maintenance_broadcast_wakes=0 maintenance_context_slots_scanned=394128 maintenance_ready_notifications=26174 maintenance_ready_stale_notifications=0 maintenance_ready_tickets_drained=21266 maintenance_ready_overflow_scans=0 maintenance_ready_fallback_scans=24840 stage2_search_lane_lease_limit=32 stage2_search_lane_lease_peak=3 stage2_search_lane_lease_blocked=0 maintenance_worker_observed_idle_ratio=0.981387 maintenance_worker_observed_busy_ratio=0.018613 physical_stage1_items=722 physical_stage1_total_ns=2930154199 physical_stage1_search_ns=2737550085 physical_stage1_prune_ns=132612892 physical_stage1_allocate_write_ns=43113693 physical_stage1_backlink_ns=14793742 physical_stage1_candidates=92408 physical_stage1_remote_frontier_items=861632 physical_stage1_neighbors=22941 peer_stage1_enqueued=1182 peer_stage1_processed=1182 peer_stage1_items=1178 avg_peer_stage1_items=0.996616 peer_stage1_rate_per_sec=39.228267 peer_stage1_max_queue=2 peer_stage1_active_workers=0 peer_stage2_home_enqueued=15034 peer_stage2_home_processed=15034 peer_stage2_home_items=1548442 avg_peer_stage2_home_items=102.996009 peer_stage2_home_max_queue=3 peer_stage2_home_response_queue_drops=0 peer_stage2_home_response_send_wait_ms=77.717542 avg_peer_stage2_home_queue_wait_us=17.955238 avg_peer_stage2_home_execution_us=61.979857 peer_stage1_release_deferred_batches=5 peer_stage1_release_deferred_items=5 peer_stage1_duplicate_retry_responses=0 peer_stage1_admission_retry_responses=0 peer_stage1_retry_response_drops=0 peer_stage1_admission_waiters=0 peer_stage1_admission_waiter_items=0 peer_stage1_admission_owned_items=0 peer_stage1_admission_wake_coverage=0 peer_stage1_admission_parked=0 peer_stage1_admission_woken=0 peer_stage1_admission_reparked=0 peer_stage1_max_admission_waiters=0 peer_stage1_duplicate_coalesced=0 peer_reverse_enqueued=607 peer_reverse_processed=607 peer_reverse_remaining=0 peer_reverse_items_enqueued=9609 peer_reverse_items_processed=9609 peer_reverse_rate_per_sec=319.986769 peer_reverse_failed=0 peer_reverse_max_queue=3 reclaim_pending=1 reclaim_reused=135 dynamic_high_watermark=19981930656 stage2_remaining=0 cleanup_remaining=0 active_contexts=0 active_context_limit=32 repair_remaining=0 remaining=0
[STATUS]: storage-owner maintenance observation: enqueued=722 stage2_enqueued=722 cleanup_enqueued=0 stage2_tasks_done=722 stage2_finalized_live=722 cleanup_processed=0 stale=0 stage2_completion_ratio=1.000000 live_stage2_completion_ratio=1.000000 avg_stage2_delay_ms=53.077214 p99_stage2_delay_upper_ms=128.000000 p99_stage2_delay_over_30s=false stage2_delay_histogram=0,0,0,0,1,79,472,167,3,0,0,0,0,0,0,0,0,0 max_stage2_delay_ms=136.313138 compaction_batch_target=32 compaction_max_delay_ms=25.000000 stage2_rate_per_sec=20.611146 stage1_search_budget_exhausted=0 stage2_search_budget_exhausted=0 stage2_continuations=722 stage2_remote_frontier_items=861632 avg_stage2_remote_frontier=1193.396122 stage2_remote_expansions=23780 avg_stage2_remote_expansions=32.936288 stage2_scored_candidates=1510705 avg_stage2_scored_candidates=2092.389197 stage2_graph_read_waves=6082 avg_stage2_expansions_per_graph_wave=3.909898 stage2_graph_unique_reads=24764 stage2_graph_prefetch_issued=16686 stage2_graph_prefetch_hits=15702 stage2_graph_prefetch_wasted=984 stage2_graph_prefetch_promotion_ratio=0.941028 stage2_graph_issue_width_current=16 stage2_vector_read_waves=12845 avg_stage2_scores_per_vector_wave=117.610354 stage2_vector_unique_reads=1004450 stage2_home_rpc_batches=10464 stage2_home_rpc_items=868289 avg_stage2_home_rpc_batch=82.978689 stage2_home_score_rpc_batches=3419 stage2_home_score_rpc_items=843525 stage2_home_score_rpc_queries=14939 stage2_home_score_rpc_request_bytes=21902204 stage2_home_score_rpc_response_bytes=27133304 avg_stage2_home_score_queries_per_rpc=4.369406 avg_stage2_home_score_rpc_batch=246.716876 stage2_home_scored_neighbors=1349706 home_scores_per_expansion=1.554443 stage2_migrations=136 home_match_rate=0.811634 stage2_final_edges=24770 stage2_cross_edges_stage1_home=6204 stage2_cross_edges_final_home=3400 cross_edge_reduction_ratio=0.451966 failed=0 rpc_timeouts=0 reverse_aggregate_batches=0 reverse_aggregate_logical_requests=0 reverse_aggregate_ops=0 avg_reverse_aggregate_logicals=0.000000 avg_reverse_aggregate_ops=0.000000 max_backlog=8 admission_window=65536 completion_outstanding=0 completion_incomplete=0 completed_behind_hole=0 completion_logical_full_failures=0 completion_physical_full_failures=0 pressure_yields=1 stage2_batches=151 avg_stage2_batch_size=4.781457 packing_target_batch=8 packing_admit_queue_avg=4.781457 packing_admit_queue_max=8 packing_batch_1_7=122 packing_batch_8=29 packing_assembly_batches=151 packing_assembly_wait_ms=3620.160701 packing_arrival_interval_us=23230 packing_waited_batches=122 packing_wait_ms=3032.040000 packing_target_flushes=29 packing_deadline_flushes=122 packing_cleanup_flushes=0 stage2_phase_search_attempts=151 stage2_phase_search_task_attempts=722 stage2_phase_search_elapsed_ms=2590.863544 avg_stage2_phase_search_us_per_task=3588.453662 stage2_phase_freeze_prune_attempts=152 stage2_phase_freeze_prune_task_attempts=730 stage2_phase_freeze_prune_elapsed_ms=200.817254 avg_stage2_phase_freeze_prune_us_per_task=275.092129 stage2_phase_reverse_prepare_attempts=151 stage2_phase_reverse_prepare_task_attempts=722 stage2_phase_reverse_prepare_elapsed_ms=740.334273 avg_stage2_phase_reverse_prepare_us_per_task=1025.393730 stage2_phase_placement_authority_attempts=151 stage2_phase_placement_authority_task_attempts=722 stage2_phase_placement_authority_elapsed_ms=57.979475 avg_stage2_phase_placement_authority_us_per_task=80.303982 stage2_phase_completion_handoff_attempts=151 stage2_phase_completion_handoff_task_attempts=722 stage2_phase_completion_handoff_elapsed_ms=0.219902 avg_stage2_phase_completion_handoff_us_per_task=0.304573 stage2_phase_finalize_attempts=151 stage2_phase_finalize_task_attempts=722 stage2_phase_finalize_elapsed_ms=0.657213 avg_stage2_phase_finalize_us_per_task=0.910267 maintenance_worker_idle_waits=49088 maintenance_worker_idle_ms=275038.973124 maintenance_lost_wake_avoided=939 maintenance_targeted_wakes=28230 maintenance_generic_wakes=722 maintenance_broadcast_wakes=0 maintenance_context_slots_scanned=456592 maintenance_ready_notifications=26174 maintenance_ready_stale_notifications=0 maintenance_ready_tickets_drained=21266 maintenance_ready_overflow_scans=0 maintenance_ready_fallback_scans=28815 stage2_search_lane_lease_limit=32 stage2_search_lane_lease_peak=3 stage2_search_lane_lease_blocked=0 maintenance_worker_observed_idle_ratio=0.981452 maintenance_worker_observed_busy_ratio=0.018548 physical_stage1_items=722 physical_stage1_total_ns=2930154199 physical_stage1_search_ns=2737550085 physical_stage1_prune_ns=132612892 physical_stage1_allocate_write_ns=43113693 physical_stage1_backlink_ns=14793742 physical_stage1_candidates=92408 physical_stage1_remote_frontier_items=861632 physical_stage1_neighbors=22941 peer_stage1_enqueued=1182 peer_stage1_processed=1182 peer_stage1_items=1178 avg_peer_stage1_items=0.996616 peer_stage1_rate_per_sec=33.628712 peer_stage1_max_queue=2 peer_stage1_active_workers=0 peer_stage2_home_enqueued=15034 peer_stage2_home_processed=15034 peer_stage2_home_items=1548442 avg_peer_stage2_home_items=102.996009 peer_stage2_home_max_queue=3 peer_stage2_home_response_queue_drops=0 peer_stage2_home_response_send_wait_ms=77.717542 avg_peer_stage2_home_queue_wait_us=17.955238 avg_peer_stage2_home_execution_us=61.979857 peer_stage1_release_deferred_batches=5 peer_stage1_release_deferred_items=5 peer_stage1_duplicate_retry_responses=0 peer_stage1_admission_retry_responses=0 peer_stage1_retry_response_drops=0 peer_stage1_admission_waiters=0 peer_stage1_admission_waiter_items=0 peer_stage1_admission_owned_items=0 peer_stage1_admission_wake_coverage=0 peer_stage1_admission_parked=0 peer_stage1_admission_woken=0 peer_stage1_admission_reparked=0 peer_stage1_max_admission_waiters=0 peer_stage1_duplicate_coalesced=0 peer_reverse_enqueued=607 peer_reverse_processed=607 peer_reverse_remaining=0 peer_reverse_items_enqueued=9609 peer_reverse_items_processed=9609 peer_reverse_rate_per_sec=274.310947 peer_reverse_failed=0 peer_reverse_max_queue=3 reclaim_pending=1 reclaim_reused=135 dynamic_high_watermark=19981930656 stage2_remaining=0 cleanup_remaining=0 active_contexts=0 active_context_limit=32 repair_remaining=0 remaining=0
[STATUS]: storage-owner maintenance observation: enqueued=722 stage2_enqueued=722 cleanup_enqueued=0 stage2_tasks_done=722 stage2_finalized_live=722 cleanup_processed=0 stale=0 stage2_completion_ratio=1.000000 live_stage2_completion_ratio=1.000000 avg_stage2_delay_ms=53.077214 p99_stage2_delay_upper_ms=128.000000 p99_stage2_delay_over_30s=false stage2_delay_histogram=0,0,0,0,1,79,472,167,3,0,0,0,0,0,0,0,0,0 max_stage2_delay_ms=136.313138 compaction_batch_target=32 compaction_max_delay_ms=25.000000 stage2_rate_per_sec=18.036305 stage1_search_budget_exhausted=0 stage2_search_budget_exhausted=0 stage2_continuations=722 stage2_remote_frontier_items=861632 avg_stage2_remote_frontier=1193.396122 stage2_remote_expansions=23780 avg_stage2_remote_expansions=32.936288 stage2_scored_candidates=1510705 avg_stage2_scored_candidates=2092.389197 stage2_graph_read_waves=6082 avg_stage2_expansions_per_graph_wave=3.909898 stage2_graph_unique_reads=24764 stage2_graph_prefetch_issued=16686 stage2_graph_prefetch_hits=15702 stage2_graph_prefetch_wasted=984 stage2_graph_prefetch_promotion_ratio=0.941028 stage2_graph_issue_width_current=16 stage2_vector_read_waves=12845 avg_stage2_scores_per_vector_wave=117.610354 stage2_vector_unique_reads=1004450 stage2_home_rpc_batches=10464 stage2_home_rpc_items=868289 avg_stage2_home_rpc_batch=82.978689 stage2_home_score_rpc_batches=3419 stage2_home_score_rpc_items=843525 stage2_home_score_rpc_queries=14939 stage2_home_score_rpc_request_bytes=21902204 stage2_home_score_rpc_response_bytes=27133304 avg_stage2_home_score_queries_per_rpc=4.369406 avg_stage2_home_score_rpc_batch=246.716876 stage2_home_scored_neighbors=1349706 home_scores_per_expansion=1.554443 stage2_migrations=136 home_match_rate=0.811634 stage2_final_edges=24770 stage2_cross_edges_stage1_home=6204 stage2_cross_edges_final_home=3400 cross_edge_reduction_ratio=0.451966 failed=0 rpc_timeouts=0 reverse_aggregate_batches=0 reverse_aggregate_logical_requests=0 reverse_aggregate_ops=0 avg_reverse_aggregate_logicals=0.000000 avg_reverse_aggregate_ops=0.000000 max_backlog=8 admission_window=65536 completion_outstanding=0 completion_incomplete=0 completed_behind_hole=0 completion_logical_full_failures=0 completion_physical_full_failures=0 pressure_yields=1 stage2_batches=151 avg_stage2_batch_size=4.781457 packing_target_batch=8 packing_admit_queue_avg=4.781457 packing_admit_queue_max=8 packing_batch_1_7=122 packing_batch_8=29 packing_assembly_batches=151 packing_assembly_wait_ms=3620.160701 packing_arrival_interval_us=23230 packing_waited_batches=122 packing_wait_ms=3032.040000 packing_target_flushes=29 packing_deadline_flushes=122 packing_cleanup_flushes=0 stage2_phase_search_attempts=151 stage2_phase_search_task_attempts=722 stage2_phase_search_elapsed_ms=2590.863544 avg_stage2_phase_search_us_per_task=3588.453662 stage2_phase_freeze_prune_attempts=152 stage2_phase_freeze_prune_task_attempts=730 stage2_phase_freeze_prune_elapsed_ms=200.817254 avg_stage2_phase_freeze_prune_us_per_task=275.092129 stage2_phase_reverse_prepare_attempts=151 stage2_phase_reverse_prepare_task_attempts=722 stage2_phase_reverse_prepare_elapsed_ms=740.334273 avg_stage2_phase_reverse_prepare_us_per_task=1025.393730 stage2_phase_placement_authority_attempts=151 stage2_phase_placement_authority_task_attempts=722 stage2_phase_placement_authority_elapsed_ms=57.979475 avg_stage2_phase_placement_authority_us_per_task=80.303982 stage2_phase_completion_handoff_attempts=151 stage2_phase_completion_handoff_task_attempts=722 stage2_phase_completion_handoff_elapsed_ms=0.219902 avg_stage2_phase_completion_handoff_us_per_task=0.304573 stage2_phase_finalize_attempts=151 stage2_phase_finalize_task_attempts=722 stage2_phase_finalize_elapsed_ms=0.657213 avg_stage2_phase_finalize_us_per_task=0.910267 maintenance_worker_idle_waits=53056 maintenance_worker_idle_ms=314957.868659 maintenance_lost_wake_avoided=939 maintenance_targeted_wakes=28230 maintenance_generic_wakes=722 maintenance_broadcast_wakes=0 maintenance_context_slots_scanned=520080 maintenance_ready_notifications=26174 maintenance_ready_stale_notifications=0 maintenance_ready_tickets_drained=21266 maintenance_ready_overflow_scans=0 maintenance_ready_fallback_scans=32789 stage2_search_lane_lease_limit=32 stage2_search_lane_lease_peak=3 stage2_search_lane_lease_blocked=0 maintenance_worker_observed_idle_ratio=0.983497 maintenance_worker_observed_busy_ratio=0.016503 physical_stage1_items=722 physical_stage1_total_ns=2930154199 physical_stage1_search_ns=2737550085 physical_stage1_prune_ns=132612892 physical_stage1_allocate_write_ns=43113693 physical_stage1_backlink_ns=14793742 physical_stage1_candidates=92408 physical_stage1_remote_frontier_items=861632 physical_stage1_neighbors=22941 peer_stage1_enqueued=1182 peer_stage1_processed=1182 peer_stage1_items=1178 avg_peer_stage1_items=0.996616 peer_stage1_rate_per_sec=29.427655 peer_stage1_max_queue=2 peer_stage1_active_workers=0 peer_stage2_home_enqueued=15034 peer_stage2_home_processed=15034 peer_stage2_home_items=1548442 avg_peer_stage2_home_items=102.996009 peer_stage2_home_max_queue=3 peer_stage2_home_response_queue_drops=0 peer_stage2_home_response_send_wait_ms=77.717542 avg_peer_stage2_home_queue_wait_us=17.955238 avg_peer_stage2_home_execution_us=61.979857 peer_stage1_release_deferred_batches=5 peer_stage1_release_deferred_items=5 peer_stage1_duplicate_retry_responses=0 peer_stage1_admission_retry_responses=0 peer_stage1_retry_response_drops=0 peer_stage1_admission_waiters=0 peer_stage1_admission_waiter_items=0 peer_stage1_admission_owned_items=0 peer_stage1_admission_wake_coverage=0 peer_stage1_admission_parked=0 peer_stage1_admission_woken=0 peer_stage1_admission_reparked=0 peer_stage1_max_admission_waiters=0 peer_stage1_duplicate_coalesced=0 peer_reverse_enqueued=607 peer_reverse_processed=607 peer_reverse_remaining=0 peer_reverse_items_enqueued=9609 peer_reverse_items_processed=9609 peer_reverse_rate_per_sec=240.042732 peer_reverse_failed=0 peer_reverse_max_queue=3 reclaim_pending=1 reclaim_reused=135 dynamic_high_watermark=19981930656 stage2_remaining=0 cleanup_remaining=0 active_contexts=0 active_context_limit=32 repair_remaining=0 remaining=0
[STATUS]: storage-owner maintenance observation: enqueued=722 stage2_enqueued=722 cleanup_enqueued=0 stage2_tasks_done=722 stage2_finalized_live=722 cleanup_processed=0 stale=0 stage2_completion_ratio=1.000000 live_stage2_completion_ratio=1.000000 avg_stage2_delay_ms=53.077214 p99_stage2_delay_upper_ms=128.000000 p99_stage2_delay_over_30s=false stage2_delay_histogram=0,0,0,0,1,79,472,167,3,0,0,0,0,0,0,0,0,0 max_stage2_delay_ms=136.313138 compaction_batch_target=32 compaction_max_delay_ms=25.000000 stage2_rate_per_sec=16.033385 stage1_search_budget_exhausted=0 stage2_search_budget_exhausted=0 stage2_continuations=722 stage2_remote_frontier_items=861632 avg_stage2_remote_frontier=1193.396122 stage2_remote_expansions=23780 avg_stage2_remote_expansions=32.936288 stage2_scored_candidates=1510705 avg_stage2_scored_candidates=2092.389197 stage2_graph_read_waves=6082 avg_stage2_expansions_per_graph_wave=3.909898 stage2_graph_unique_reads=24764 stage2_graph_prefetch_issued=16686 stage2_graph_prefetch_hits=15702 stage2_graph_prefetch_wasted=984 stage2_graph_prefetch_promotion_ratio=0.941028 stage2_graph_issue_width_current=16 stage2_vector_read_waves=12845 avg_stage2_scores_per_vector_wave=117.610354 stage2_vector_unique_reads=1004450 stage2_home_rpc_batches=10464 stage2_home_rpc_items=868289 avg_stage2_home_rpc_batch=82.978689 stage2_home_score_rpc_batches=3419 stage2_home_score_rpc_items=843525 stage2_home_score_rpc_queries=14939 stage2_home_score_rpc_request_bytes=21902204 stage2_home_score_rpc_response_bytes=27133304 avg_stage2_home_score_queries_per_rpc=4.369406 avg_stage2_home_score_rpc_batch=246.716876 stage2_home_scored_neighbors=1349706 home_scores_per_expansion=1.554443 stage2_migrations=136 home_match_rate=0.811634 stage2_final_edges=24770 stage2_cross_edges_stage1_home=6204 stage2_cross_edges_final_home=3400 cross_edge_reduction_ratio=0.451966 failed=0 rpc_timeouts=0 reverse_aggregate_batches=0 reverse_aggregate_logical_requests=0 reverse_aggregate_ops=0 avg_reverse_aggregate_logicals=0.000000 avg_reverse_aggregate_ops=0.000000 max_backlog=8 admission_window=65536 completion_outstanding=0 completion_incomplete=0 completed_behind_hole=0 completion_logical_full_failures=0 completion_physical_full_failures=0 pressure_yields=1 stage2_batches=151 avg_stage2_batch_size=4.781457 packing_target_batch=8 packing_admit_queue_avg=4.781457 packing_admit_queue_max=8 packing_batch_1_7=122 packing_batch_8=29 packing_assembly_batches=151 packing_assembly_wait_ms=3620.160701 packing_arrival_interval_us=23230 packing_waited_batches=122 packing_wait_ms=3032.040000 packing_target_flushes=29 packing_deadline_flushes=122 packing_cleanup_flushes=0 stage2_phase_search_attempts=151 stage2_phase_search_task_attempts=722 stage2_phase_search_elapsed_ms=2590.863544 avg_stage2_phase_search_us_per_task=3588.453662 stage2_phase_freeze_prune_attempts=152 stage2_phase_freeze_prune_task_attempts=730 stage2_phase_freeze_prune_elapsed_ms=200.817254 avg_stage2_phase_freeze_prune_us_per_task=275.092129 stage2_phase_reverse_prepare_attempts=151 stage2_phase_reverse_prepare_task_attempts=722 stage2_phase_reverse_prepare_elapsed_ms=740.334273 avg_stage2_phase_reverse_prepare_us_per_task=1025.393730 stage2_phase_placement_authority_attempts=151 stage2_phase_placement_authority_task_attempts=722 stage2_phase_placement_authority_elapsed_ms=57.979475 avg_stage2_phase_placement_authority_us_per_task=80.303982 stage2_phase_completion_handoff_attempts=151 stage2_phase_completion_handoff_task_attempts=722 stage2_phase_completion_handoff_elapsed_ms=0.219902 avg_stage2_phase_completion_handoff_us_per_task=0.304573 stage2_phase_finalize_attempts=151 stage2_phase_finalize_task_attempts=722 stage2_phase_finalize_elapsed_ms=0.657213 avg_stage2_phase_finalize_us_per_task=0.910267 maintenance_worker_idle_waits=57024 maintenance_worker_idle_ms=354880.795498 maintenance_lost_wake_avoided=939 maintenance_targeted_wakes=28230 maintenance_generic_wakes=722 maintenance_broadcast_wakes=0 maintenance_context_slots_scanned=583568 maintenance_ready_notifications=26174 maintenance_ready_stale_notifications=0 maintenance_ready_tickets_drained=21266 maintenance_ready_overflow_scans=0 maintenance_ready_fallback_scans=36765 stage2_search_lane_lease_limit=32 stage2_search_lane_lease_peak=3 stage2_search_lane_lease_blocked=0 maintenance_worker_observed_idle_ratio=0.985101 maintenance_worker_observed_busy_ratio=0.014899 physical_stage1_items=722 physical_stage1_total_ns=2930154199 physical_stage1_search_ns=2737550085 physical_stage1_prune_ns=132612892 physical_stage1_allocate_write_ns=43113693 physical_stage1_backlink_ns=14793742 physical_stage1_candidates=92408 physical_stage1_remote_frontier_items=861632 physical_stage1_neighbors=22941 peer_stage1_enqueued=1182 peer_stage1_processed=1182 peer_stage1_items=1178 avg_peer_stage1_items=0.996616 peer_stage1_rate_per_sec=26.159734 peer_stage1_max_queue=2 peer_stage1_active_workers=0 peer_stage2_home_enqueued=15034 peer_stage2_home_processed=15034 peer_stage2_home_items=1548442 avg_peer_stage2_home_items=102.996009 peer_stage2_home_max_queue=3 peer_stage2_home_response_queue_drops=0 peer_stage2_home_response_send_wait_ms=77.717542 avg_peer_stage2_home_queue_wait_us=17.955238 avg_peer_stage2_home_execution_us=61.979857 peer_stage1_release_deferred_batches=5 peer_stage1_release_deferred_items=5 peer_stage1_duplicate_retry_responses=0 peer_stage1_admission_retry_responses=0 peer_stage1_retry_response_drops=0 peer_stage1_admission_waiters=0 peer_stage1_admission_waiter_items=0 peer_stage1_admission_owned_items=0 peer_stage1_admission_wake_coverage=0 peer_stage1_admission_parked=0 peer_stage1_admission_woken=0 peer_stage1_admission_reparked=0 peer_stage1_max_admission_waiters=0 peer_stage1_duplicate_coalesced=0 peer_reverse_enqueued=607 peer_reverse_processed=607 peer_reverse_remaining=0 peer_reverse_items_enqueued=9609 peer_reverse_items_processed=9609 peer_reverse_rate_per_sec=213.386149 peer_reverse_failed=0 peer_reverse_max_queue=3 reclaim_pending=1 reclaim_reused=135 dynamic_high_watermark=19981930656 stage2_remaining=0 cleanup_remaining=0 active_contexts=0 active_context_limit=32 repair_remaining=0 remaining=0
[STATUS]: storage-owner maintenance observation: enqueued=722 stage2_enqueued=722 cleanup_enqueued=0 stage2_tasks_done=722 stage2_finalized_live=722 cleanup_processed=0 stale=0 stage2_completion_ratio=1.000000 live_stage2_completion_ratio=1.000000 avg_stage2_delay_ms=53.077214 p99_stage2_delay_upper_ms=128.000000 p99_stage2_delay_over_30s=false stage2_delay_histogram=0,0,0,0,1,79,472,167,3,0,0,0,0,0,0,0,0,0 max_stage2_delay_ms=136.313138 compaction_batch_target=32 compaction_max_delay_ms=25.000000 stage2_rate_per_sec=14.430497 stage1_search_budget_exhausted=0 stage2_search_budget_exhausted=0 stage2_continuations=722 stage2_remote_frontier_items=861632 avg_stage2_remote_frontier=1193.396122 stage2_remote_expansions=23780 avg_stage2_remote_expansions=32.936288 stage2_scored_candidates=1510705 avg_stage2_scored_candidates=2092.389197 stage2_graph_read_waves=6082 avg_stage2_expansions_per_graph_wave=3.909898 stage2_graph_unique_reads=24764 stage2_graph_prefetch_issued=16686 stage2_graph_prefetch_hits=15702 stage2_graph_prefetch_wasted=984 stage2_graph_prefetch_promotion_ratio=0.941028 stage2_graph_issue_width_current=16 stage2_vector_read_waves=12845 avg_stage2_scores_per_vector_wave=117.610354 stage2_vector_unique_reads=1004450 stage2_home_rpc_batches=10464 stage2_home_rpc_items=868289 avg_stage2_home_rpc_batch=82.978689 stage2_home_score_rpc_batches=3419 stage2_home_score_rpc_items=843525 stage2_home_score_rpc_queries=14939 stage2_home_score_rpc_request_bytes=21902204 stage2_home_score_rpc_response_bytes=27133304 avg_stage2_home_score_queries_per_rpc=4.369406 avg_stage2_home_score_rpc_batch=246.716876 stage2_home_scored_neighbors=1349706 home_scores_per_expansion=1.554443 stage2_migrations=136 home_match_rate=0.811634 stage2_final_edges=24770 stage2_cross_edges_stage1_home=6204 stage2_cross_edges_final_home=3400 cross_edge_reduction_ratio=0.451966 failed=0 rpc_timeouts=0 reverse_aggregate_batches=0 reverse_aggregate_logical_requests=0 reverse_aggregate_ops=0 avg_reverse_aggregate_logicals=0.000000 avg_reverse_aggregate_ops=0.000000 max_backlog=8 admission_window=65536 completion_outstanding=0 completion_incomplete=0 completed_behind_hole=0 completion_logical_full_failures=0 completion_physical_full_failures=0 pressure_yields=1 stage2_batches=151 avg_stage2_batch_size=4.781457 packing_target_batch=8 packing_admit_queue_avg=4.781457 packing_admit_queue_max=8 packing_batch_1_7=122 packing_batch_8=29 packing_assembly_batches=151 packing_assembly_wait_ms=3620.160701 packing_arrival_interval_us=23230 packing_waited_batches=122 packing_wait_ms=3032.040000 packing_target_flushes=29 packing_deadline_flushes=122 packing_cleanup_flushes=0 stage2_phase_search_attempts=151 stage2_phase_search_task_attempts=722 stage2_phase_search_elapsed_ms=2590.863544 avg_stage2_phase_search_us_per_task=3588.453662 stage2_phase_freeze_prune_attempts=152 stage2_phase_freeze_prune_task_attempts=730 stage2_phase_freeze_prune_elapsed_ms=200.817254 avg_stage2_phase_freeze_prune_us_per_task=275.092129 stage2_phase_reverse_prepare_attempts=151 stage2_phase_reverse_prepare_task_attempts=722 stage2_phase_reverse_prepare_elapsed_ms=740.334273 avg_stage2_phase_reverse_prepare_us_per_task=1025.393730 stage2_phase_placement_authority_attempts=151 stage2_phase_placement_authority_task_attempts=722 stage2_phase_placement_authority_elapsed_ms=57.979475 avg_stage2_phase_placement_authority_us_per_task=80.303982 stage2_phase_completion_handoff_attempts=151 stage2_phase_completion_handoff_task_attempts=722 stage2_phase_completion_handoff_elapsed_ms=0.219902 avg_stage2_phase_completion_handoff_us_per_task=0.304573 stage2_phase_finalize_attempts=151 stage2_phase_finalize_task_attempts=722 stage2_phase_finalize_elapsed_ms=0.657213 avg_stage2_phase_finalize_us_per_task=0.910267 maintenance_worker_idle_waits=61056 maintenance_worker_idle_ms=395448.301952 maintenance_lost_wake_avoided=939 maintenance_targeted_wakes=28230 maintenance_generic_wakes=722 maintenance_broadcast_wakes=0 maintenance_context_slots_scanned=648080 maintenance_ready_notifications=26174 maintenance_ready_stale_notifications=0 maintenance_ready_tickets_drained=21266 maintenance_ready_overflow_scans=0 maintenance_ready_fallback_scans=40741 stage2_search_lane_lease_limit=32 stage2_search_lane_lease_peak=3 stage2_search_lane_lease_blocked=0 maintenance_worker_observed_idle_ratio=0.987970 maintenance_worker_observed_busy_ratio=0.012030 physical_stage1_items=722 physical_stage1_total_ns=2930154199 physical_stage1_search_ns=2737550085 physical_stage1_prune_ns=132612892 physical_stage1_allocate_write_ns=43113693 physical_stage1_backlink_ns=14793742 physical_stage1_candidates=92408 physical_stage1_remote_frontier_items=861632 physical_stage1_neighbors=22941 peer_stage1_enqueued=1182 peer_stage1_processed=1182 peer_stage1_items=1178 avg_peer_stage1_items=0.996616 peer_stage1_rate_per_sec=23.544495 peer_stage1_max_queue=2 peer_stage1_active_workers=0 peer_stage2_home_enqueued=15034 peer_stage2_home_processed=15034 peer_stage2_home_items=1548442 avg_peer_stage2_home_items=102.996009 peer_stage2_home_max_queue=3 peer_stage2_home_response_queue_drops=0 peer_stage2_home_response_send_wait_ms=77.717542 avg_peer_stage2_home_queue_wait_us=17.955238 avg_peer_stage2_home_execution_us=61.979857 peer_stage1_release_deferred_batches=5 peer_stage1_release_deferred_items=5 peer_stage1_duplicate_retry_responses=0 peer_stage1_admission_retry_responses=0 peer_stage1_retry_response_drops=0 peer_stage1_admission_waiters=0 peer_stage1_admission_waiter_items=0 peer_stage1_admission_owned_items=0 peer_stage1_admission_wake_coverage=0 peer_stage1_admission_parked=0 peer_stage1_admission_woken=0 peer_stage1_admission_reparked=0 peer_stage1_max_admission_waiters=0 peer_stage1_duplicate_coalesced=0 peer_reverse_enqueued=607 peer_reverse_processed=607 peer_reverse_remaining=0 peer_reverse_items_enqueued=9609 peer_reverse_items_processed=9609 peer_reverse_rate_per_sec=192.053527 peer_reverse_failed=0 peer_reverse_max_queue=3 reclaim_pending=1 reclaim_reused=135 dynamic_high_watermark=19981930656 stage2_remaining=0 cleanup_remaining=0 active_contexts=0 active_context_limit=32 repair_remaining=0 remaining=0
