============================================================
                        SERVER
============================================================
num clients:                  1
TCP port:                     1235
QP handshake timeout (ms):    10000
IB device:                    <auto>
IB port:                      1
max outstanding CQEs:         64
max send work requests:       4096
max receive work requests:    4096
============================================================
index prefix:                     "/data/xjs/index/dvstor_spacev100m/index/spacev100m_R96_bw128_metis_pmd32_pq20_schema16"
storage shard:                    "/data/xjs/index/dvstor_spacev100m/index/spacev100m_R96_bw128_metis_pmd32_pq20_schema16_node2_of5.dat"
storage id:                       1
base vectors:                     100000000
vector ID namespace [0,N):        4294967295
registered memory GiB:            23
====================================================================
1 device(s) found
Selected device: ibp86s0
Selected port state: 4, lid: 8, active_mtu: 5
interleaved policy
num_cores: 112
physical cores per socket: 28
hyperthreading enabled
local process CPU partition: rank 1/5 logical_cpus=22
pairing: 81861 -- 10640
[STATUS]: loaded index metadata from /data/xjs/index/dvstor_spacev100m/index/spacev100m_R96_bw128_metis_pmd32_pq20_schema16 (layout=plain, vector_data_type=int8)
[STATUS]: storage-owner stage2 candidate width L=128 per shard
allocation size: 24696061952
allocated ALIGNED MEM (no hugepage) at 129804758155328 with buffer size 24696061952
[STATUS]: loading index (18639939008 Bytes) from /data/xjs/index/dvstor_spacev100m/index/spacev100m_R96_bw128_metis_pmd32_pq20_schema16_node2_of5.dat
[STATUS]: loaded GPU PQ codes (388332060 Bytes) at remote offset 18639943104
[STATUS]: storage-owner idmap loaded entries=20000000 format=owner_sharded_v2_bound immutable_base=true dynamic_shards=256 dynamic_reserved=65536
[STATUS]: compensated physical centroid restored on shard 1: vectors=19416603 entries=4
[STATUS]: register memory and distribute access token
[STATUS]: connect QPs of compute threads
[STATUS]: reserving 64 GPU/bootstrap QPs per compute node
pairing: 81866 -- 10645
pairing: 81871 -- 10650
pairing: 81876 -- 10655
pairing: 81881 -- 10660
pairing: 81886 -- 10665
pairing: 81891 -- 10670
pairing: 81896 -- 10675
pairing: 81901 -- 10680
pairing: 81906 -- 10685
pairing: 81911 -- 10690
pairing: 81916 -- 10695
pairing: 81921 -- 10700
pairing: 81926 -- 10705
pairing: 81931 -- 10710
pairing: 81936 -- 10715
pairing: 81941 -- 10720
pairing: 81946 -- 10725
pairing: 81951 -- 10730
pairing: 81956 -- 10735
pairing: 81961 -- 10740
pairing: 81966 -- 10745
pairing: 81971 -- 10750
pairing: 81976 -- 10755
pairing: 81981 -- 10760
pairing: 81986 -- 10765
pairing: 81991 -- 10770
pairing: 81996 -- 10775
pairing: 82001 -- 10780
pairing: 82006 -- 10785
pairing: 82011 -- 10790
pairing: 82015 -- 10795
pairing: 82021 -- 10800
pairing: 82026 -- 10836
pairing: 82061 -- 10837
pairing: 82062 -- 10838
pairing: 82063 -- 10839
pairing: 82064 -- 10840
pairing: 82065 -- 10841
pairing: 82066 -- 10842
pairing: 82067 -- 10843
pairing: 82068 -- 10844
pairing: 82069 -- 10845
pairing: 82070 -- 10846
pairing: 82071 -- 10847
pairing: 82072 -- 10848
pairing: 82073 -- 10849
pairing: 82074 -- 10850
pairing: 82075 -- 10851
pairing: 82076 -- 10852
pairing: 82077 -- 10853
pairing: 82078 -- 10854
pairing: 82079 -- 10855
pairing: 82080 -- 10856
pairing: 82081 -- 10857
pairing: 82082 -- 10858
pairing: 82083 -- 10859
pairing: 82084 -- 10860
pairing: 82085 -- 10861
pairing: 82086 -- 10862
pairing: 82087 -- 10863
pairing: 82088 -- 10864
pairing: 82089 -- 10865
pairing: 82090 -- 10866
pairing: 82091 -- 10867
[STATUS]: waiting for compute-node startup barrier
1 device(s) found
Selected device: ibp86s0
Selected port state: 4, lid: 8, active_mtu: 5
pairing: 82185 -- 82190
pairing: 82192 -- 82199
pairing: 82201 -- 82207
pairing: 82208 -- 82214
pairing: 82217 -- 82222
pairing: 82225 -- 82230
pairing: 82233 -- 82238
pairing: 82241 -- 82246
pairing: 82249 -- 82245
pairing: 82252 -- 82251
pairing: 82255 -- 82253
pairing: 82257 -- 82254
pairing: 82259 -- 82256
pairing: 82261 -- 82258
pairing: 82264 -- 82260
pairing: 82265 -- 82262
pairing: 82267 -- 82263
pairing: 82270 -- 82266
pairing: 82271 -- 82268
pairing: 82273 -- 82269
pairing: 82275 -- 82272
pairing: 82277 -- 82274
pairing: 82279 -- 82276
pairing: 82282 -- 82278
pairing: 82283 -- 82280
pairing: 82285 -- 82281
pairing: 82288 -- 82284
pairing: 82289 -- 82286
pairing: 82291 -- 82287
pairing: 82293 -- 82290
pairing: 82295 -- 82292
pairing: 82297 -- 82296
[STATUS]: storage-owner peer RDMA QPs per peer: 8
[STATUS]: storage-owner peer QP0 reserved for RPC; data RDMA uses QP1..7
allocated ALIGNED MEM (no hugepage) at 129803690704960 with buffer size 67108864
allocated ALIGNED MEM (no hugepage) at 129803650859072 with buffer size 39839040
[STATUS]: storage-owner peer RPC receive slots per peer: 64 (requested=64)
[STATUS]: storage-owner peer RPC concurrent sends per peer: 16
[STATUS]: storage-owner peer RPC send credits: Stage1/graph are split at depth >= 2; responses use a dedicated sync buffer
[STATUS]: storage-owner peer async response capacity: 32768
[STATUS]: storage-owner Stage2 home RPC combining: enabled logical_capacity=18432 aggregate_capacity=4608 byte_budget=33586224
allocated ALIGNED MEM (no hugepage) at 103584314655232 with buffer size 96256
allocated ALIGNED MEM (no hugepage) at 129803921588288 with buffer size 212992
allocated ALIGNED MEM (no hugepage) at 129803917783104 with buffer size 212992
[STATUS]: storage-owner peer reverse-update workers: 2
[STATUS]: storage-owner peer Stage1 workers: 3; Stage2-home workers: 1 (one reserved; shared lanes borrow authoritative work only)
[STATUS]: storage-owner physical control workers: cleanup=1 placement=1 (separate blocking domains)
[STATUS]: storage-owner peer progress threads: cq=1 response_dispatch=1
[STATUS]: storage-owner Stage1 artifact capacity: 67584 (64-way, per shard=1056) cleanup replay per shard=2048 active migration receipts=131072
[STATUS]: storage-owner peer reverse-update tuning: queue_depth=65536 coalesce_max=256
allocated ALIGNED MEM (no hugepage) at 129803910049856 with buffer size 855296
allocated ALIGNED MEM (no hugepage) at 129803908993088 with buffer size 855296
allocated ALIGNED MEM (no hugepage) at 129803905654848 with buffer size 855296
allocated ALIGNED MEM (no hugepage) at 129803901661248 with buffer size 855296
allocated ALIGNED MEM (no hugepage) at 129803900805184 with buffer size 855296
allocated ALIGNED MEM (no hugepage) at 129803897466944 with buffer size 855296
allocated ALIGNED MEM (no hugepage) at 129803896610880 with buffer size 855296
allocated ALIGNED MEM (no hugepage) at 129803893272640 with buffer size 855296
[STATUS]: storage-owner peer scratch: snapshot_slot=192 graph_slot=832 batch=256 lane_peak_rdma_wrs=56 lane_useful_wave_rdma_wrs=56 global_read_window=224 search_lanes_global=32 search_lanes_credit_derived=16 search_lane_lease_cap=32 search_lanes_physical_per_worker=4 ready_context_runtime_epoch=1 bytes_per_lane=213824 bytes_total=6842368
[STATUS]: storage-owner maintenance workers: 8 (configured=8, admission_baseline_workers=2, context_limit=32, semantic_execution_batch=8, work_conserving=true)
[STATUS]: storage-owner stage2 reverse outbox descriptors: 128 aggregates=128 wire_max_ops=3072 (shared per-peer work-conserving aggregation)
[STATUS]: storage-owner maintenance tuning: protocol=centroid-home-two-stage compaction_batch_target=32 packing_policy=deterministic_b8 packing_tail_wait_us=arrival_adaptive_capped_25000 packing_context_limit=8 backlog_limit=65536 admission_credit=bounded_accepted_backlog admission_window=65536 physical_completion_capacity=65536
[STATUS]: storage-owner peer RDMA read credits: per_data_qp=8 data_qps_per_peer=7 per_peer=56 global=224 shared_cq_read_budget=8095 ordered_snapshot_pairs_per_chain=4 (requested_per_data_qp=16)
[STATUS]: storage-owner online insert tuning: construction_beam=128 snapshot_batch=256 protocol=centroid-home-two-stage
[STATUS]: storage-owner stage1=physical-home local search and backlinks; stage2=generation-fenced home expand+score continuation
[STATUS]: storage-owner responses=foreground direct post; completion=repost by service poller
[STATUS]: storage-owner foreground pipeline: coordinators=12 cpu_lanes=3 (assigned_cpus=22, rpc_parallelism=16)
[STATUS]: storage-owner CPU plan: foreground_cpu=3 foreground_coordinators=12 maintenance=8 peer_stage1=4 (split into isolated Stage1/Stage2-home domains) peer_reverse=2 peer_cleanup=1 peer_placement=1 peer_progress=2 foreground_progress=1
[STATUS]: storage-owner insert runtime enabled on shard 1
[STATUS]: storage-owner maintenance observation: enqueued=170 stage2_enqueued=170 cleanup_enqueued=0 stage2_tasks_done=161 stage2_finalized_live=161 cleanup_processed=0 stale=0 stage2_completion_ratio=0.947059 live_stage2_completion_ratio=0.947059 avg_stage2_delay_ms=47.101453 p99_stage2_delay_upper_ms=128.000000 p99_stage2_delay_over_30s=false stage2_delay_histogram=0,0,0,1,0,18,126,16,0,0,0,0,0,0,0,0,0,0 max_stage2_delay_ms=96.609147 compaction_batch_target=32 compaction_max_delay_ms=25.000000 stage2_rate_per_sec=32.036788 stage1_search_budget_exhausted=0 stage2_search_budget_exhausted=0 stage2_continuations=167 stage2_remote_frontier_items=152292 avg_stage2_remote_frontier=911.928144 stage2_remote_expansions=5329 avg_stage2_remote_expansions=31.910180 stage2_scored_candidates=280971 avg_stage2_scored_candidates=1682.461078 stage2_graph_read_waves=1293 avg_stage2_expansions_per_graph_wave=4.121423 stage2_graph_unique_reads=5582 stage2_graph_prefetch_issued=4080 stage2_graph_prefetch_hits=3955 stage2_graph_prefetch_wasted=109 stage2_graph_prefetch_promotion_ratio=0.973179 stage2_graph_issue_width_current=16 stage2_vector_read_waves=3596 avg_stage2_scores_per_vector_wave=78.134316 stage2_vector_unique_reads=180811 stage2_home_rpc_batches=2002 stage2_home_rpc_items=151540 avg_stage2_home_rpc_batch=75.694306 stage2_home_score_rpc_batches=619 stage2_home_score_rpc_items=145958 stage2_home_score_rpc_queries=1885 stage2_home_score_rpc_request_bytes=3721044 stage2_home_score_rpc_response_bytes=4695712 avg_stage2_home_score_queries_per_rpc=3.045234 avg_stage2_home_score_rpc_batch=235.796446 stage2_home_scored_neighbors=246044 home_scores_per_expansion=1.623624 stage2_migrations=35 home_match_rate=0.782609 stage2_final_edges=5613 stage2_cross_edges_stage1_home=1192 stage2_cross_edges_final_home=480 cross_edge_reduction_ratio=0.597315 failed=0 rpc_timeouts=0 reverse_aggregate_batches=0 reverse_aggregate_logical_requests=0 reverse_aggregate_ops=0 avg_reverse_aggregate_logicals=0.000000 avg_reverse_aggregate_ops=0.000000 max_backlog=8 admission_window=65536 completion_outstanding=9 completion_incomplete=9 completed_behind_hole=0 completion_logical_full_failures=0 completion_physical_full_failures=0 pressure_yields=0 stage2_batches=56 avg_stage2_batch_size=2.982143 packing_target_batch=8 packing_admit_queue_avg=2.982143 packing_admit_queue_max=8 packing_batch_1_7=54 packing_batch_8=2 packing_assembly_batches=56 packing_assembly_wait_ms=1393.643348 packing_arrival_interval_us=7885 packing_waited_batches=54 packing_wait_ms=1350.000000 packing_target_flushes=2 packing_deadline_flushes=54 packing_cleanup_flushes=0 stage2_phase_search_attempts=55 stage2_phase_search_task_attempts=161 stage2_phase_search_elapsed_ms=486.936555 avg_stage2_phase_search_us_per_task=3024.450652 stage2_phase_freeze_prune_attempts=55 stage2_phase_freeze_prune_task_attempts=161 stage2_phase_freeze_prune_elapsed_ms=49.099318 avg_stage2_phase_freeze_prune_us_per_task=304.964708 stage2_phase_reverse_prepare_attempts=55 stage2_phase_reverse_prepare_task_attempts=161 stage2_phase_reverse_prepare_elapsed_ms=148.619931 avg_stage2_phase_reverse_prepare_us_per_task=923.105161 stage2_phase_placement_authority_attempts=55 stage2_phase_placement_authority_task_attempts=161 stage2_phase_placement_authority_elapsed_ms=22.757803 avg_stage2_phase_placement_authority_us_per_task=141.352814 stage2_phase_completion_handoff_attempts=55 stage2_phase_completion_handoff_task_attempts=161 stage2_phase_completion_handoff_elapsed_ms=0.072939 avg_stage2_phase_completion_handoff_us_per_task=0.453037 stage2_phase_finalize_attempts=55 stage2_phase_finalize_task_attempts=161 stage2_phase_finalize_elapsed_ms=0.166883 avg_stage2_phase_finalize_us_per_task=1.036540 maintenance_worker_idle_waits=9344 maintenance_worker_idle_ms=38033.787236 maintenance_lost_wake_avoided=142 maintenance_targeted_wakes=6652 maintenance_generic_wakes=170 maintenance_broadcast_wakes=0 maintenance_context_slots_scanned=63536 maintenance_ready_notifications=6166 maintenance_ready_stale_notifications=0 maintenance_ready_tickets_drained=5271 maintenance_ready_overflow_scans=0 maintenance_ready_fallback_scans=4139 stage2_search_lane_lease_limit=32 stage2_search_lane_lease_peak=2 stage2_search_lane_lease_blocked=0 maintenance_worker_observed_idle_ratio=0.946025 maintenance_worker_observed_busy_ratio=0.053975 physical_stage1_items=170 physical_stage1_total_ns=721310586 physical_stage1_search_ns=673774474 physical_stage1_prune_ns=32450159 physical_stage1_allocate_write_ns=10845851 physical_stage1_backlink_ns=3733000 physical_stage1_candidates=21757 physical_stage1_remote_frontier_items=154031 physical_stage1_neighbors=5640 peer_stage1_enqueued=263 peer_stage1_processed=262 peer_stage1_items=262 avg_peer_stage1_items=1.000000 peer_stage1_rate_per_sec=52.134401 peer_stage1_max_queue=1 peer_stage1_active_workers=1 peer_stage2_home_enqueued=4120 peer_stage2_home_processed=4120 peer_stage2_home_items=326046 avg_peer_stage2_home_items=79.137379 peer_stage2_home_max_queue=2 peer_stage2_home_response_queue_drops=0 peer_stage2_home_response_send_wait_ms=20.491730 avg_peer_stage2_home_queue_wait_us=16.591633 avg_peer_stage2_home_execution_us=55.886910 peer_stage1_release_deferred_batches=0 peer_stage1_release_deferred_items=0 peer_stage1_duplicate_retry_responses=0 peer_stage1_admission_retry_responses=0 peer_stage1_retry_response_drops=0 peer_stage1_admission_waiters=0 peer_stage1_admission_waiter_items=0 peer_stage1_admission_owned_items=0 peer_stage1_admission_wake_coverage=0 peer_stage1_admission_parked=0 peer_stage1_admission_woken=0 peer_stage1_admission_reparked=0 peer_stage1_max_admission_waiters=0 peer_stage1_duplicate_coalesced=0 peer_reverse_enqueued=292 peer_reverse_processed=292 peer_reverse_remaining=0 peer_reverse_items_enqueued=2456 peer_reverse_items_processed=2456 peer_reverse_rate_per_sec=488.710264 peer_reverse_failed=1 peer_reverse_max_queue=1 reclaim_pending=0 reclaim_reused=35 dynamic_high_watermark=19028448864 stage2_remaining=3 cleanup_remaining=0 active_contexts=1 active_context_limit=32 repair_remaining=0 remaining=9
[STATUS]: storage-owner maintenance observation: enqueued=1861 stage2_enqueued=1861 cleanup_enqueued=0 stage2_tasks_done=1845 stage2_finalized_live=1845 cleanup_processed=0 stale=0 stage2_completion_ratio=0.991402 live_stage2_completion_ratio=0.991402 avg_stage2_delay_ms=35.225297 p99_stage2_delay_upper_ms=128.000000 p99_stage2_delay_over_30s=false stage2_delay_histogram=0,0,0,2,67,739,971,66,0,0,0,0,0,0,0,0,0,0 max_stage2_delay_ms=96.965807 compaction_batch_target=32 compaction_max_delay_ms=25.000000 stage2_rate_per_sec=184.026126 stage1_search_budget_exhausted=0 stage2_search_budget_exhausted=0 stage2_continuations=1861 stage2_remote_frontier_items=747131 avg_stage2_remote_frontier=401.467491 stage2_remote_expansions=11146 avg_stage2_remote_expansions=5.989253 stage2_scored_candidates=991778 avg_stage2_scored_candidates=532.927458 stage2_graph_read_waves=3146 avg_stage2_expansions_per_graph_wave=3.542912 stage2_graph_unique_reads=11449 stage2_graph_prefetch_issued=7567 stage2_graph_prefetch_hits=7264 stage2_graph_prefetch_wasted=303 stage2_graph_prefetch_promotion_ratio=0.959958 stage2_graph_issue_width_current=16 stage2_vector_read_waves=8229 avg_stage2_scores_per_vector_wave=120.522299 stage2_vector_unique_reads=797638 stage2_home_rpc_batches=6364 stage2_home_rpc_items=717299 avg_stage2_home_rpc_batch=112.711974 stage2_home_score_rpc_batches=2954 stage2_home_score_rpc_items=705850 stage2_home_score_rpc_queries=16063 stage2_home_score_rpc_request_bytes=18688092 stage2_home_score_rpc_response_bytes=22706264 avg_stage2_home_score_queries_per_rpc=5.437712 avg_stage2_home_score_rpc_batch=238.947190 stage2_home_scored_neighbors=899645 home_scores_per_expansion=1.254212 stage2_migrations=65 home_match_rate=0.964770 stage2_final_edges=71149 stage2_cross_edges_stage1_home=2540 stage2_cross_edges_final_home=1080 cross_edge_reduction_ratio=0.574803 failed=0 rpc_timeouts=0 reverse_aggregate_batches=0 reverse_aggregate_logical_requests=0 reverse_aggregate_ops=0 avg_reverse_aggregate_logicals=0.000000 avg_reverse_aggregate_ops=0.000000 max_backlog=9 admission_window=65536 completion_outstanding=16 completion_incomplete=16 completed_behind_hole=0 completion_logical_full_failures=0 completion_physical_full_failures=0 pressure_yields=0 stage2_batches=302 avg_stage2_batch_size=6.162252 packing_target_batch=8 packing_admit_queue_avg=6.168874 packing_admit_queue_max=9 packing_batch_1_7=192 packing_batch_8=110 packing_assembly_batches=302 packing_assembly_wait_ms=5170.326075 packing_arrival_interval_us=2070 packing_waited_batches=192 packing_wait_ms=3661.361000 packing_target_flushes=110 packing_deadline_flushes=192 packing_cleanup_flushes=0 stage2_phase_search_attempts=301 stage2_phase_search_task_attempts=1853 stage2_phase_search_elapsed_ms=1642.924896 avg_stage2_phase_search_us_per_task=886.629733 stage2_phase_freeze_prune_attempts=301 stage2_phase_freeze_prune_task_attempts=1853 stage2_phase_freeze_prune_elapsed_ms=536.846965 avg_stage2_phase_freeze_prune_us_per_task=289.717736 stage2_phase_reverse_prepare_attempts=300 stage2_phase_reverse_prepare_task_attempts=1845 stage2_phase_reverse_prepare_elapsed_ms=2170.776980 avg_stage2_phase_reverse_prepare_us_per_task=1176.572889 stage2_phase_placement_authority_attempts=300 stage2_phase_placement_authority_task_attempts=1845 stage2_phase_placement_authority_elapsed_ms=122.367012 avg_stage2_phase_placement_authority_us_per_task=66.323584 stage2_phase_completion_handoff_attempts=300 stage2_phase_completion_handoff_task_attempts=1845 stage2_phase_completion_handoff_elapsed_ms=0.515325 avg_stage2_phase_completion_handoff_us_per_task=0.279309 stage2_phase_finalize_attempts=300 stage2_phase_finalize_task_attempts=1845 stage2_phase_finalize_elapsed_ms=1.663287 avg_stage2_phase_finalize_us_per_task=0.901511 maintenance_worker_idle_waits=23168 maintenance_worker_idle_ms=75296.906324 maintenance_lost_wake_avoided=821 maintenance_targeted_wakes=19415 maintenance_generic_wakes=1861 maintenance_broadcast_wakes=0 maintenance_context_slots_scanned=144560 maintenance_ready_notifications=18476 maintenance_ready_stale_notifications=1 maintenance_ready_tickets_drained=13224 maintenance_ready_overflow_scans=0 maintenance_ready_fallback_scans=9188 stage2_search_lane_lease_limit=32 stage2_search_lane_lease_peak=3 stage2_search_lane_lease_blocked=0 maintenance_worker_observed_idle_ratio=0.938794 maintenance_worker_observed_busy_ratio=0.061206 physical_stage1_items=1861 physical_stage1_total_ns=7559275750 physical_stage1_search_ns=7013906893 physical_stage1_prune_ns=395123123 physical_stage1_allocate_write_ns=108767705 physical_stage1_backlink_ns=36713655 physical_stage1_candidates=238180 physical_stage1_remote_frontier_items=747131 physical_stage1_neighbors=70938 peer_stage1_enqueued=2967 peer_stage1_processed=2965 peer_stage1_items=2956 avg_peer_stage1_items=0.996965 peer_stage1_rate_per_sec=294.840774 peer_stage1_max_queue=11 peer_stage1_active_workers=2 peer_stage2_home_enqueued=7711 peer_stage2_home_processed=7711 peer_stage2_home_items=562066 avg_peer_stage2_home_items=72.891454 peer_stage2_home_max_queue=2 peer_stage2_home_response_queue_drops=0 peer_stage2_home_response_send_wait_ms=37.837442 avg_peer_stage2_home_queue_wait_us=15.817571 avg_peer_stage2_home_execution_us=52.560048 peer_stage1_release_deferred_batches=9 peer_stage1_release_deferred_items=9 peer_stage1_duplicate_retry_responses=0 peer_stage1_admission_retry_responses=0 peer_stage1_retry_response_drops=0 peer_stage1_admission_waiters=0 peer_stage1_admission_waiter_items=0 peer_stage1_admission_owned_items=0 peer_stage1_admission_wake_coverage=0 peer_stage1_admission_parked=0 peer_stage1_admission_woken=0 peer_stage1_admission_reparked=0 peer_stage1_max_admission_waiters=0 peer_stage1_duplicate_coalesced=0 peer_reverse_enqueued=513 peer_reverse_processed=513 peer_reverse_remaining=0 peer_reverse_items_enqueued=4634 peer_reverse_items_processed=4634 peer_reverse_rate_per_sec=462.209793 peer_reverse_failed=1 peer_reverse_max_queue=2 reclaim_pending=0 reclaim_reused=65 dynamic_high_watermark=19030142208 stage2_remaining=0 cleanup_remaining=0 active_contexts=2 active_context_limit=32 repair_remaining=0 remaining=16
[STATUS]: storage-owner maintenance observation: enqueued=4358 stage2_enqueued=4358 cleanup_enqueued=0 stage2_tasks_done=4336 stage2_finalized_live=4336 cleanup_processed=0 stale=0 stage2_completion_ratio=0.994952 live_stage2_completion_ratio=0.994952 avg_stage2_delay_ms=33.120903 p99_stage2_delay_upper_ms=128.000000 p99_stage2_delay_over_30s=false stage2_delay_histogram=0,0,0,2,146,1996,2123,69,0,0,0,0,0,0,0,0,0,0 max_stage2_delay_ms=96.965807 compaction_batch_target=32 compaction_max_delay_ms=25.000000 stage2_rate_per_sec=288.568214 stage1_search_budget_exhausted=0 stage2_search_budget_exhausted=0 stage2_continuations=4358 stage2_remote_frontier_items=1534157 avg_stage2_remote_frontier=352.032354 stage2_remote_expansions=13532 avg_stage2_remote_expansions=3.105094 stage2_scored_candidates=1802516 avg_stage2_scored_candidates=413.610831 stage2_graph_read_waves=4118 avg_stage2_expansions_per_graph_wave=3.286061 stage2_graph_unique_reads=13852 stage2_graph_prefetch_issued=8521 stage2_graph_prefetch_hits=8202 stage2_graph_prefetch_wasted=316 stage2_graph_prefetch_promotion_ratio=0.962902 stage2_graph_issue_width_current=16 stage2_vector_read_waves=10821 avg_stage2_scores_per_vector_wave=166.575732 stage2_vector_unique_reads=1593775 stage2_home_rpc_batches=10575 stage2_home_rpc_items=1469417 avg_stage2_home_rpc_batch=138.951962 stage2_home_score_rpc_batches=6065 stage2_home_score_rpc_items=1455565 stage2_home_score_rpc_queries=37464 stage2_home_score_rpc_request_bytes=38970648 stage2_home_score_rpc_response_bytes=46821760 avg_stage2_home_score_queries_per_rpc=6.177082 avg_stage2_home_score_rpc_batch=239.994229 stage2_home_scored_neighbors=1663557 home_scores_per_expansion=1.132120 stage2_migrations=65 home_match_rate=0.985009 stage2_final_edges=166476 stage2_cross_edges_stage1_home=3035 stage2_cross_edges_final_home=1575 cross_edge_reduction_ratio=0.481054 failed=0 rpc_timeouts=0 reverse_aggregate_batches=0 reverse_aggregate_logical_requests=0 reverse_aggregate_ops=0 avg_reverse_aggregate_logicals=0.000000 avg_reverse_aggregate_ops=0.000000 max_backlog=9 admission_window=65536 completion_outstanding=22 completion_incomplete=22 completed_behind_hole=0 completion_logical_full_failures=0 completion_physical_full_failures=0 pressure_yields=7 stage2_batches=637 avg_stage2_batch_size=6.841444 packing_target_batch=8 packing_admit_queue_avg=6.846154 packing_admit_queue_max=9 packing_batch_1_7=343 packing_batch_8=294 packing_assembly_batches=637 packing_assembly_wait_ms=9571.357045 packing_arrival_interval_us=1824 packing_waited_batches=343 packing_wait_ms=5695.694000 packing_target_flushes=294 packing_deadline_flushes=343 packing_cleanup_flushes=0 stage2_phase_search_attempts=636 stage2_phase_search_task_attempts=4350 stage2_phase_search_elapsed_ms=2924.698559 avg_stage2_phase_search_us_per_task=672.344496 stage2_phase_freeze_prune_attempts=643 stage2_phase_freeze_prune_task_attempts=4400 stage2_phase_freeze_prune_elapsed_ms=1147.849389 avg_stage2_phase_freeze_prune_us_per_task=260.874861 stage2_phase_reverse_prepare_attempts=636 stage2_phase_reverse_prepare_task_attempts=4350 stage2_phase_reverse_prepare_elapsed_ms=4953.208001 avg_stage2_phase_reverse_prepare_us_per_task=1138.668506 stage2_phase_placement_authority_attempts=634 stage2_phase_placement_authority_task_attempts=4336 stage2_phase_placement_authority_elapsed_ms=238.564824 avg_stage2_phase_placement_authority_us_per_task=55.019563 stage2_phase_completion_handoff_attempts=634 stage2_phase_completion_handoff_task_attempts=4336 stage2_phase_completion_handoff_elapsed_ms=1.138140 avg_stage2_phase_completion_handoff_us_per_task=0.262486 stage2_phase_finalize_attempts=634 stage2_phase_finalize_task_attempts=4336 stage2_phase_finalize_elapsed_ms=3.836501 avg_stage2_phase_finalize_us_per_task=0.884802 maintenance_worker_idle_waits=35712 maintenance_worker_idle_ms=111117.082322 maintenance_lost_wake_avoided=1712 maintenance_targeted_wakes=30459 maintenance_generic_wakes=4358 maintenance_broadcast_wakes=0 maintenance_context_slots_scanned=233248 maintenance_ready_notifications=29511 maintenance_ready_stale_notifications=1 maintenance_ready_tickets_drained=18831 maintenance_ready_overflow_scans=0 maintenance_ready_fallback_scans=14694 stage2_search_lane_lease_limit=32 stage2_search_lane_lease_peak=4 stage2_search_lane_lease_blocked=0 maintenance_worker_observed_idle_ratio=0.924379 maintenance_worker_observed_busy_ratio=0.075621 physical_stage1_items=4358 physical_stage1_total_ns=16748425071 physical_stage1_search_ns=15542007216 physical_stage1_prune_ns=873006125 physical_stage1_allocate_write_ns=241966218 physical_stage1_backlink_ns=80496519 physical_stage1_candidates=557768 physical_stage1_remote_frontier_items=1534157 physical_stage1_neighbors=166005 peer_stage1_enqueued=6969 peer_stage1_processed=6968 peer_stage1_items=6952 avg_peer_stage1_items=0.997704 peer_stage1_rate_per_sec=462.667486 peer_stage1_max_queue=11 peer_stage1_active_workers=1 peer_stage2_home_enqueued=7823 peer_stage2_home_processed=7823 peer_stage2_home_items=564222 avg_peer_stage2_home_items=72.123482 peer_stage2_home_max_queue=2 peer_stage2_home_response_queue_drops=0 peer_stage2_home_response_send_wait_ms=38.384569 avg_peer_stage2_home_queue_wait_us=15.777506 avg_peer_stage2_home_execution_us=52.458304 peer_stage1_release_deferred_batches=16 peer_stage1_release_deferred_items=16 peer_stage1_duplicate_retry_responses=0 peer_stage1_admission_retry_responses=0 peer_stage1_retry_response_drops=0 peer_stage1_admission_waiters=0 peer_stage1_admission_waiter_items=0 peer_stage1_admission_owned_items=0 peer_stage1_admission_wake_coverage=0 peer_stage1_admission_parked=0 peer_stage1_admission_woken=0 peer_stage1_admission_reparked=0 peer_stage1_max_admission_waiters=0 peer_stage1_duplicate_coalesced=0 peer_reverse_enqueued=519 peer_reverse_processed=519 peer_reverse_remaining=0 peer_reverse_items_enqueued=4705 peer_reverse_items_processed=4705 peer_reverse_rate_per_sec=313.125795 peer_reverse_failed=1 peer_reverse_max_queue=2 reclaim_pending=0 reclaim_reused=65 dynamic_high_watermark=19032621216 stage2_remaining=0 cleanup_remaining=0 active_contexts=3 active_context_limit=32 repair_remaining=0 remaining=22
[STATUS]: storage-owner maintenance observation: enqueued=6852 stage2_enqueued=6852 cleanup_enqueued=0 stage2_tasks_done=6831 stage2_finalized_live=6831 cleanup_processed=0 stale=0 stage2_completion_ratio=0.996935 live_stage2_completion_ratio=0.996935 avg_stage2_delay_ms=32.505035 p99_stage2_delay_upper_ms=128.000000 p99_stage2_delay_over_30s=false stage2_delay_histogram=0,0,0,7,228,3344,3164,88,0,0,0,0,0,0,0,0,0,0 max_stage2_delay_ms=96.965807 compaction_batch_target=32 compaction_max_delay_ms=25.000000 stage2_rate_per_sec=341.104739 stage1_search_budget_exhausted=0 stage2_search_budget_exhausted=0 stage2_continuations=6845 stage2_remote_frontier_items=2272920 avg_stage2_remote_frontier=332.055515 stage2_remote_expansions=16741 avg_stage2_remote_expansions=2.445727 stage2_scored_candidates=2569577 avg_stage2_scored_candidates=375.394741 stage2_graph_read_waves=5242 avg_stage2_expansions_per_graph_wave=3.193628 stage2_graph_unique_reads=17100 stage2_graph_prefetch_issued=10035 stage2_graph_prefetch_hits=9676 stage2_graph_prefetch_wasted=359 stage2_graph_prefetch_promotion_ratio=0.964225 stage2_graph_issue_width_current=16 stage2_vector_read_waves=13750 avg_stage2_scores_per_vector_wave=186.878327 stage2_vector_unique_reads=2341025 stage2_home_rpc_batches=14730 stage2_home_rpc_items=2170490 avg_stage2_home_rpc_batch=147.351663 stage2_home_score_rpc_batches=8965 stage2_home_score_rpc_items=2153390 stage2_home_score_rpc_queries=57356 stage2_home_score_rpc_request_bytes=57846848 stage2_home_score_rpc_response_bytes=69268160 avg_stage2_home_score_queries_per_rpc=6.397769 avg_stage2_home_score_rpc_batch=240.199665 stage2_home_scored_neighbors=2380725 home_scores_per_expansion=1.096861 stage2_migrations=67 home_match_rate=0.990192 stage2_final_edges=260290 stage2_cross_edges_stage1_home=3683 stage2_cross_edges_final_home=2203 cross_edge_reduction_ratio=0.401846 failed=0 rpc_timeouts=0 reverse_aggregate_batches=0 reverse_aggregate_logical_requests=0 reverse_aggregate_ops=0 avg_reverse_aggregate_logicals=0.000000 avg_reverse_aggregate_ops=0.000000 max_backlog=9 admission_window=65536 completion_outstanding=21 completion_incomplete=21 completed_behind_hole=0 completion_logical_full_failures=0 completion_physical_full_failures=0 pressure_yields=13 stage2_batches=970 avg_stage2_batch_size=7.056701 packing_target_batch=8 packing_admit_queue_avg=7.059794 packing_admit_queue_max=9 packing_batch_1_7=498 packing_batch_8=472 packing_assembly_batches=970 packing_assembly_wait_ms=13969.241212 packing_arrival_interval_us=2038 packing_waited_batches=498 packing_wait_ms=7814.461000 packing_target_flushes=472 packing_deadline_flushes=498 packing_cleanup_flushes=0 stage2_phase_search_attempts=970 stage2_phase_search_task_attempts=6845 stage2_phase_search_elapsed_ms=4230.116952 avg_stage2_phase_search_us_per_task=617.986406 stage2_phase_freeze_prune_attempts=982 stage2_phase_freeze_prune_task_attempts=6935 stage2_phase_freeze_prune_elapsed_ms=1745.217036 avg_stage2_phase_freeze_prune_us_per_task=251.653502 stage2_phase_reverse_prepare_attempts=969 stage2_phase_reverse_prepare_task_attempts=6839 stage2_phase_reverse_prepare_elapsed_ms=7457.675869 avg_stage2_phase_reverse_prepare_us_per_task=1090.462914 stage2_phase_placement_authority_attempts=968 stage2_phase_placement_authority_task_attempts=6831 stage2_phase_placement_authority_elapsed_ms=366.133513 avg_stage2_phase_placement_authority_us_per_task=53.598816 stage2_phase_completion_handoff_attempts=968 stage2_phase_completion_handoff_task_attempts=6831 stage2_phase_completion_handoff_elapsed_ms=1.760996 avg_stage2_phase_completion_handoff_us_per_task=0.257795 stage2_phase_finalize_attempts=968 stage2_phase_finalize_task_attempts=6831 stage2_phase_finalize_elapsed_ms=5.968707 avg_stage2_phase_finalize_us_per_task=0.873768 maintenance_worker_idle_waits=48640 maintenance_worker_idle_ms=146900.419144 maintenance_lost_wake_avoided=2572 maintenance_targeted_wakes=41982 maintenance_generic_wakes=6852 maintenance_broadcast_wakes=0 maintenance_context_slots_scanned=320160 maintenance_ready_notifications=41010 maintenance_ready_stale_notifications=1 maintenance_ready_tickets_drained=24899 maintenance_ready_overflow_scans=0 maintenance_ready_fallback_scans=20153 stage2_search_lane_lease_limit=32 stage2_search_lane_lease_peak=4 stage2_search_lane_lease_blocked=0 maintenance_worker_observed_idle_ratio=0.916931 maintenance_worker_observed_busy_ratio=0.083069 physical_stage1_items=6852 physical_stage1_total_ns=24858543498 physical_stage1_search_ns=23069284016 physical_stage1_prune_ns=1291346188 physical_stage1_allocate_write_ns=362742712 physical_stage1_backlink_ns=118444426 physical_stage1_candidates=876969 physical_stage1_remote_frontier_items=2275467 physical_stage1_neighbors=259153 peer_stage1_enqueued=10962 peer_stage1_processed=10960 peer_stage1_items=10942 avg_peer_stage1_items=0.998358 peer_stage1_rate_per_sec=546.386774 peer_stage1_max_queue=11 peer_stage1_active_workers=2 peer_stage2_home_enqueued=8005 peer_stage2_home_processed=8005 peer_stage2_home_items=568825 avg_peer_stage2_home_items=71.058713 peer_stage2_home_max_queue=2 peer_stage2_home_response_queue_drops=0 peer_stage2_home_response_send_wait_ms=39.204165 avg_peer_stage2_home_queue_wait_us=15.667479 avg_peer_stage2_home_execution_us=52.159403 peer_stage1_release_deferred_batches=18 peer_stage1_release_deferred_items=18 peer_stage1_duplicate_retry_responses=0 peer_stage1_admission_retry_responses=0 peer_stage1_retry_response_drops=0 peer_stage1_admission_waiters=0 peer_stage1_admission_waiter_items=0 peer_stage1_admission_owned_items=0 peer_stage1_admission_wake_coverage=0 peer_stage1_admission_parked=0 peer_stage1_admission_woken=0 peer_stage1_admission_reparked=0 peer_stage1_max_admission_waiters=0 peer_stage1_duplicate_coalesced=0 peer_reverse_enqueued=529 peer_reverse_processed=529 peer_reverse_remaining=0 peer_reverse_items_enqueued=4803 peer_reverse_items_processed=4803 peer_reverse_rate_per_sec=239.836929 peer_reverse_failed=1 peer_reverse_max_queue=2 reclaim_pending=0 reclaim_reused=67 dynamic_high_watermark=19035097248 stage2_remaining=7 cleanup_remaining=0 active_contexts=2 active_context_limit=32 repair_remaining=0 remaining=21
[STATUS]: storage-owner maintenance observation: enqueued=9350 stage2_enqueued=9350 cleanup_enqueued=0 stage2_tasks_done=9339 stage2_finalized_live=9339 cleanup_processed=0 stale=0 stage2_completion_ratio=0.998824 live_stage2_completion_ratio=0.998824 avg_stage2_delay_ms=31.720468 p99_stage2_delay_upper_ms=64.000000 p99_stage2_delay_over_30s=false stage2_delay_histogram=0,0,0,9,307,4885,4045,93,0,0,0,0,0,0,0,0,0,0 max_stage2_delay_ms=96.965807 compaction_batch_target=32 compaction_max_delay_ms=25.000000 stage2_rate_per_sec=373.153449 stage1_search_budget_exhausted=0 stage2_search_budget_exhausted=0 stage2_continuations=9346 stage2_remote_frontier_items=2989935 avg_stage2_remote_frontier=319.916007 stage2_remote_expansions=19929 avg_stage2_remote_expansions=2.132356 stage2_scored_candidates=3307085 avg_stage2_scored_candidates=353.850310 stage2_graph_read_waves=6289 avg_stage2_expansions_per_graph_wave=3.168866 stage2_graph_unique_reads=20305 stage2_graph_prefetch_issued=11537 stage2_graph_prefetch_hits=11161 stage2_graph_prefetch_wasted=376 stage2_graph_prefetch_promotion_ratio=0.967409 stage2_graph_issue_width_current=16 stage2_vector_read_waves=16356 avg_stage2_scores_per_vector_wave=202.193996 stage2_vector_unique_reads=3064133 stage2_home_rpc_batches=18746 stage2_home_rpc_items=2849128 avg_stage2_home_rpc_batch=151.985917 stage2_home_score_rpc_batches=11778 stage2_home_score_rpc_items=2828823 stage2_home_score_rpc_queries=76752 stage2_home_score_rpc_request_bytes=76131856 stage2_home_score_rpc_response_bytes=90994544 avg_stage2_home_score_queries_per_rpc=6.516556 avg_stage2_home_score_rpc_batch=240.178553 stage2_home_scored_neighbors=3069861 home_scores_per_expansion=1.077474 stage2_migrations=67 home_match_rate=0.992826 stage2_final_edges=351442 stage2_cross_edges_stage1_home=4329 stage2_cross_edges_final_home=2849 cross_edge_reduction_ratio=0.341880 failed=0 rpc_timeouts=0 reverse_aggregate_batches=0 reverse_aggregate_logical_requests=0 reverse_aggregate_ops=0 avg_reverse_aggregate_logicals=0.000000 avg_reverse_aggregate_ops=0.000000 max_backlog=9 admission_window=65536 completion_outstanding=11 completion_incomplete=11 completed_behind_hole=0 completion_logical_full_failures=0 completion_physical_full_failures=0 pressure_yields=17 stage2_batches=1305 avg_stage2_batch_size=7.161686 packing_target_batch=8 packing_admit_queue_avg=7.163985 packing_admit_queue_max=9 packing_batch_1_7=652 packing_batch_8=653 packing_assembly_batches=1305 packing_assembly_wait_ms=18402.978100 packing_arrival_interval_us=2043 packing_waited_batches=652 packing_wait_ms=9906.929000 packing_target_flushes=653 packing_deadline_flushes=652 packing_cleanup_flushes=0 stage2_phase_search_attempts=1305 stage2_phase_search_task_attempts=9346 stage2_phase_search_elapsed_ms=5428.175176 avg_stage2_phase_search_us_per_task=580.801966 stage2_phase_freeze_prune_attempts=1321 stage2_phase_freeze_prune_task_attempts=9465 stage2_phase_freeze_prune_elapsed_ms=2336.487814 avg_stage2_phase_freeze_prune_us_per_task=246.855554 stage2_phase_reverse_prepare_attempts=1304 stage2_phase_reverse_prepare_task_attempts=9339 stage2_phase_reverse_prepare_elapsed_ms=9689.454665 avg_stage2_phase_reverse_prepare_us_per_task=1037.525931 stage2_phase_placement_authority_attempts=1304 stage2_phase_placement_authority_task_attempts=9339 stage2_phase_placement_authority_elapsed_ms=484.471832 avg_stage2_phase_placement_authority_us_per_task=51.876200 stage2_phase_completion_handoff_attempts=1304 stage2_phase_completion_handoff_task_attempts=9339 stage2_phase_completion_handoff_elapsed_ms=2.382286 avg_stage2_phase_completion_handoff_us_per_task=0.255090 stage2_phase_finalize_attempts=1304 stage2_phase_finalize_task_attempts=9339 stage2_phase_finalize_elapsed_ms=8.086951 avg_stage2_phase_finalize_us_per_task=0.865933 maintenance_worker_idle_waits=61376 maintenance_worker_idle_ms=183483.463873 maintenance_lost_wake_avoided=3416 maintenance_targeted_wakes=53004 maintenance_generic_wakes=9350 maintenance_broadcast_wakes=0 maintenance_context_slots_scanned=408496 maintenance_ready_notifications=52022 maintenance_ready_stale_notifications=1 maintenance_ready_tickets_drained=30586 maintenance_ready_overflow_scans=0 maintenance_ready_fallback_scans=25637 stage2_search_lane_lease_limit=32 stage2_search_lane_lease_peak=4 stage2_search_lane_lease_blocked=0 maintenance_worker_observed_idle_ratio=0.916419 maintenance_worker_observed_busy_ratio=0.083581 physical_stage1_items=9350 physical_stage1_total_ns=32731204173 physical_stage1_search_ns=30371659052 physical_stage1_prune_ns=1698792212 physical_stage1_allocate_write_ns=482598571 physical_stage1_backlink_ns=155676265 physical_stage1_candidates=1196671 physical_stage1_remote_frontier_items=2990597 physical_stage1_neighbors=349187 peer_stage1_enqueued=14961 peer_stage1_processed=14960 peer_stage1_items=14938 avg_peer_stage1_items=0.998529 peer_stage1_rate_per_sec=596.869710 peer_stage1_max_queue=11 peer_stage1_active_workers=1 peer_stage2_home_enqueued=8150 peer_stage2_home_processed=8150 peer_stage2_home_items=571177 avg_peer_stage2_home_items=70.083067 peer_stage2_home_max_queue=2 peer_stage2_home_response_queue_drops=0 peer_stage2_home_response_send_wait_ms=39.806808 avg_peer_stage2_home_queue_wait_us=15.571428 avg_peer_stage2_home_execution_us=51.879515 peer_stage1_release_deferred_batches=23 peer_stage1_release_deferred_items=23 peer_stage1_duplicate_retry_responses=0 peer_stage1_admission_retry_responses=0 peer_stage1_retry_response_drops=0 peer_stage1_admission_waiters=0 peer_stage1_admission_waiter_items=0 peer_stage1_admission_owned_items=0 peer_stage1_admission_wake_coverage=0 peer_stage1_admission_parked=0 peer_stage1_admission_woken=0 peer_stage1_admission_reparked=0 peer_stage1_max_admission_waiters=0 peer_stage1_duplicate_coalesced=0 peer_reverse_enqueued=535 peer_reverse_processed=535 peer_reverse_remaining=0 peer_reverse_items_enqueued=4899 peer_reverse_items_processed=4899 peer_reverse_rate_per_sec=195.746734 peer_reverse_failed=1 peer_reverse_max_queue=2 reclaim_pending=0 reclaim_reused=67 dynamic_high_watermark=19037578240 stage2_remaining=4 cleanup_remaining=0 active_contexts=1 active_context_limit=32 repair_remaining=0 remaining=11
[STATUS]: storage-owner maintenance observation: enqueued=10486 stage2_enqueued=10486 cleanup_enqueued=0 stage2_tasks_done=10486 stage2_finalized_live=10486 cleanup_processed=0 stale=0 stage2_completion_ratio=1.000000 live_stage2_completion_ratio=1.000000 avg_stage2_delay_ms=31.701739 p99_stage2_delay_upper_ms=64.000000 p99_stage2_delay_over_30s=false stage2_delay_histogram=0,0,0,9,332,5513,4537,95,0,0,0,0,0,0,0,0,0,0 max_stage2_delay_ms=96.965807 compaction_batch_target=32 compaction_max_delay_ms=25.000000 stage2_rate_per_sec=349.198647 stage1_search_budget_exhausted=0 stage2_search_budget_exhausted=0 stage2_continuations=10486 stage2_remote_frontier_items=3319858 avg_stage2_remote_frontier=316.599084 stage2_remote_expansions=21568 avg_stage2_remote_expansions=2.056838 stage2_scored_candidates=3649677 avg_stage2_scored_candidates=348.052356 stage2_graph_read_waves=6810 avg_stage2_expansions_per_graph_wave=3.167107 stage2_graph_unique_reads=21968 stage2_graph_prefetch_issued=12361 stage2_graph_prefetch_hits=11961 stage2_graph_prefetch_wasted=400 stage2_graph_prefetch_promotion_ratio=0.967640 stage2_graph_issue_width_current=16 stage2_vector_read_waves=17667 avg_stage2_scores_per_vector_wave=206.581593 stage2_vector_unique_reads=3396932 stage2_home_rpc_batches=20636 stage2_home_rpc_items=3162730 avg_stage2_home_rpc_batch=153.262745 stage2_home_score_rpc_batches=13076 stage2_home_score_rpc_items=3140762 stage2_home_score_rpc_queries=85593 stage2_home_score_rpc_request_bytes=84564796 stage2_home_score_rpc_response_bytes=101028512 avg_stage2_home_score_queries_per_rpc=6.545809 avg_stage2_home_score_rpc_batch=240.192872 stage2_home_scored_neighbors=3391279 home_scores_per_expansion=1.072263 stage2_migrations=68 home_match_rate=0.993515 stage2_final_edges=393574 stage2_cross_edges_stage1_home=4661 stage2_cross_edges_final_home=3174 cross_edge_reduction_ratio=0.319030 failed=0 rpc_timeouts=0 reverse_aggregate_batches=0 reverse_aggregate_logical_requests=0 reverse_aggregate_ops=0 avg_reverse_aggregate_logicals=0.000000 avg_reverse_aggregate_ops=0.000000 max_backlog=9 admission_window=65536 completion_outstanding=0 completion_incomplete=0 completed_behind_hole=0 completion_logical_full_failures=0 completion_physical_full_failures=0 pressure_yields=21 stage2_batches=1458 avg_stage2_batch_size=7.192044 packing_target_batch=8 packing_admit_queue_avg=7.194787 packing_admit_queue_max=9 packing_batch_1_7=723 packing_batch_8=735 packing_assembly_batches=1458 packing_assembly_wait_ms=20423.892289 packing_arrival_interval_us=2267 packing_waited_batches=723 packing_wait_ms=10877.276000 packing_target_flushes=735 packing_deadline_flushes=723 packing_cleanup_flushes=0 stage2_phase_search_attempts=1458 stage2_phase_search_task_attempts=10486 stage2_phase_search_elapsed_ms=5993.033458 avg_stage2_phase_search_us_per_task=571.527127 stage2_phase_freeze_prune_attempts=1479 stage2_phase_freeze_prune_task_attempts=10643 stage2_phase_freeze_prune_elapsed_ms=2640.478711 avg_stage2_phase_freeze_prune_us_per_task=248.095341 stage2_phase_reverse_prepare_attempts=1458 stage2_phase_reverse_prepare_task_attempts=10486 stage2_phase_reverse_prepare_elapsed_ms=10853.247528 avg_stage2_phase_reverse_prepare_us_per_task=1035.022652 stage2_phase_placement_authority_attempts=1458 stage2_phase_placement_authority_task_attempts=10486 stage2_phase_placement_authority_elapsed_ms=523.365784 avg_stage2_phase_placement_authority_us_per_task=49.910908 stage2_phase_completion_handoff_attempts=1458 stage2_phase_completion_handoff_task_attempts=10486 stage2_phase_completion_handoff_elapsed_ms=2.674066 avg_stage2_phase_completion_handoff_us_per_task=0.255013 stage2_phase_finalize_attempts=1458 stage2_phase_finalize_task_attempts=10486 stage2_phase_finalize_elapsed_ms=9.052300 avg_stage2_phase_finalize_us_per_task=0.863275 maintenance_worker_idle_waits=69568 maintenance_worker_idle_ms=220017.323461 maintenance_lost_wake_avoided=3775 maintenance_targeted_wakes=58309 maintenance_generic_wakes=10486 maintenance_broadcast_wakes=0 maintenance_context_slots_scanned=480320 maintenance_ready_notifications=57314 maintenance_ready_stale_notifications=1 maintenance_ready_tickets_drained=33371 maintenance_ready_overflow_scans=0 maintenance_ready_fallback_scans=30258 stage2_search_lane_lease_limit=32 stage2_search_lane_lease_peak=4 stage2_search_lane_lease_blocked=0 maintenance_worker_observed_idle_ratio=0.915861 maintenance_worker_observed_busy_ratio=0.084139 physical_stage1_items=10486 physical_stage1_total_ns=36273826695 physical_stage1_search_ns=33656917263 physical_stage1_prune_ns=1883424122 physical_stage1_allocate_write_ns=535885438 physical_stage1_backlink_ns=172568865 physical_stage1_candidates=1342057 physical_stage1_remote_frontier_items=3319858 physical_stage1_neighbors=390570 peer_stage1_enqueued=16777 peer_stage1_processed=16777 peer_stage1_items=16754 avg_peer_stage1_items=0.998629 peer_stage1_rate_per_sec=557.931923 peer_stage1_max_queue=11 peer_stage1_active_workers=0 peer_stage2_home_enqueued=8316 peer_stage2_home_processed=8316 peer_stage2_home_items=574790 avg_peer_stage2_home_items=69.118567 peer_stage2_home_max_queue=2 peer_stage2_home_response_queue_drops=0 peer_stage2_home_response_send_wait_ms=40.478068 avg_peer_stage2_home_queue_wait_us=15.465613 avg_peer_stage2_home_execution_us=51.564023 peer_stage1_release_deferred_batches=24 peer_stage1_release_deferred_items=24 peer_stage1_duplicate_retry_responses=0 peer_stage1_admission_retry_responses=0 peer_stage1_retry_response_drops=0 peer_stage1_admission_waiters=0 peer_stage1_admission_waiter_items=0 peer_stage1_admission_owned_items=0 peer_stage1_admission_wake_coverage=0 peer_stage1_admission_parked=0 peer_stage1_admission_woken=0 peer_stage1_admission_reparked=0 peer_stage1_max_admission_waiters=0 peer_stage1_duplicate_coalesced=0 peer_reverse_enqueued=542 peer_reverse_processed=542 peer_reverse_remaining=0 peer_reverse_items_enqueued=5021 peer_reverse_items_processed=5021 peer_reverse_rate_per_sec=167.206409 peer_reverse_failed=1 peer_reverse_max_queue=2 reclaim_pending=1 reclaim_reused=67 dynamic_high_watermark=19038709120 stage2_remaining=0 cleanup_remaining=0 active_contexts=0 active_context_limit=32 repair_remaining=0 remaining=0
[STATUS]: storage-owner maintenance observation: enqueued=10486 stage2_enqueued=10486 cleanup_enqueued=0 stage2_tasks_done=10486 stage2_finalized_live=10486 cleanup_processed=0 stale=0 stage2_completion_ratio=1.000000 live_stage2_completion_ratio=1.000000 avg_stage2_delay_ms=31.701739 p99_stage2_delay_upper_ms=64.000000 p99_stage2_delay_over_30s=false stage2_delay_histogram=0,0,0,9,332,5513,4537,95,0,0,0,0,0,0,0,0,0,0 max_stage2_delay_ms=96.965807 compaction_batch_target=32 compaction_max_delay_ms=25.000000 stage2_rate_per_sec=299.342415 stage1_search_budget_exhausted=0 stage2_search_budget_exhausted=0 stage2_continuations=10486 stage2_remote_frontier_items=3319858 avg_stage2_remote_frontier=316.599084 stage2_remote_expansions=21568 avg_stage2_remote_expansions=2.056838 stage2_scored_candidates=3649677 avg_stage2_scored_candidates=348.052356 stage2_graph_read_waves=6810 avg_stage2_expansions_per_graph_wave=3.167107 stage2_graph_unique_reads=21968 stage2_graph_prefetch_issued=12361 stage2_graph_prefetch_hits=11961 stage2_graph_prefetch_wasted=400 stage2_graph_prefetch_promotion_ratio=0.967640 stage2_graph_issue_width_current=16 stage2_vector_read_waves=17667 avg_stage2_scores_per_vector_wave=206.581593 stage2_vector_unique_reads=3396932 stage2_home_rpc_batches=20636 stage2_home_rpc_items=3162730 avg_stage2_home_rpc_batch=153.262745 stage2_home_score_rpc_batches=13076 stage2_home_score_rpc_items=3140762 stage2_home_score_rpc_queries=85593 stage2_home_score_rpc_request_bytes=84564796 stage2_home_score_rpc_response_bytes=101028512 avg_stage2_home_score_queries_per_rpc=6.545809 avg_stage2_home_score_rpc_batch=240.192872 stage2_home_scored_neighbors=3391279 home_scores_per_expansion=1.072263 stage2_migrations=68 home_match_rate=0.993515 stage2_final_edges=393574 stage2_cross_edges_stage1_home=4661 stage2_cross_edges_final_home=3174 cross_edge_reduction_ratio=0.319030 failed=0 rpc_timeouts=0 reverse_aggregate_batches=0 reverse_aggregate_logical_requests=0 reverse_aggregate_ops=0 avg_reverse_aggregate_logicals=0.000000 avg_reverse_aggregate_ops=0.000000 max_backlog=9 admission_window=65536 completion_outstanding=0 completion_incomplete=0 completed_behind_hole=0 completion_logical_full_failures=0 completion_physical_full_failures=0 pressure_yields=21 stage2_batches=1458 avg_stage2_batch_size=7.192044 packing_target_batch=8 packing_admit_queue_avg=7.194787 packing_admit_queue_max=9 packing_batch_1_7=723 packing_batch_8=735 packing_assembly_batches=1458 packing_assembly_wait_ms=20423.892289 packing_arrival_interval_us=2267 packing_waited_batches=723 packing_wait_ms=10877.276000 packing_target_flushes=735 packing_deadline_flushes=723 packing_cleanup_flushes=0 stage2_phase_search_attempts=1458 stage2_phase_search_task_attempts=10486 stage2_phase_search_elapsed_ms=5993.033458 avg_stage2_phase_search_us_per_task=571.527127 stage2_phase_freeze_prune_attempts=1479 stage2_phase_freeze_prune_task_attempts=10643 stage2_phase_freeze_prune_elapsed_ms=2640.478711 avg_stage2_phase_freeze_prune_us_per_task=248.095341 stage2_phase_reverse_prepare_attempts=1458 stage2_phase_reverse_prepare_task_attempts=10486 stage2_phase_reverse_prepare_elapsed_ms=10853.247528 avg_stage2_phase_reverse_prepare_us_per_task=1035.022652 stage2_phase_placement_authority_attempts=1458 stage2_phase_placement_authority_task_attempts=10486 stage2_phase_placement_authority_elapsed_ms=523.365784 avg_stage2_phase_placement_authority_us_per_task=49.910908 stage2_phase_completion_handoff_attempts=1458 stage2_phase_completion_handoff_task_attempts=10486 stage2_phase_completion_handoff_elapsed_ms=2.674066 avg_stage2_phase_completion_handoff_us_per_task=0.255013 stage2_phase_finalize_attempts=1458 stage2_phase_finalize_task_attempts=10486 stage2_phase_finalize_elapsed_ms=9.052300 avg_stage2_phase_finalize_us_per_task=0.863275 maintenance_worker_idle_waits=73536 maintenance_worker_idle_ms=259935.845973 maintenance_lost_wake_avoided=3775 maintenance_targeted_wakes=58309 maintenance_generic_wakes=10486 maintenance_broadcast_wakes=0 maintenance_context_slots_scanned=543808 maintenance_ready_notifications=57314 maintenance_ready_stale_notifications=1 maintenance_ready_tickets_drained=33371 maintenance_ready_overflow_scans=0 maintenance_ready_fallback_scans=34235 stage2_search_lane_lease_limit=32 stage2_search_lane_lease_peak=4 stage2_search_lane_lease_blocked=0 maintenance_worker_observed_idle_ratio=0.927544 maintenance_worker_observed_busy_ratio=0.072456 physical_stage1_items=10486 physical_stage1_total_ns=36273826695 physical_stage1_search_ns=33656917263 physical_stage1_prune_ns=1883424122 physical_stage1_allocate_write_ns=535885438 physical_stage1_backlink_ns=172568865 physical_stage1_candidates=1342057 physical_stage1_remote_frontier_items=3319858 physical_stage1_neighbors=390570 peer_stage1_enqueued=16777 peer_stage1_processed=16777 peer_stage1_items=16754 avg_peer_stage1_items=0.998629 peer_stage1_rate_per_sec=478.274158 peer_stage1_max_queue=11 peer_stage1_active_workers=0 peer_stage2_home_enqueued=8316 peer_stage2_home_processed=8316 peer_stage2_home_items=574790 avg_peer_stage2_home_items=69.118567 peer_stage2_home_max_queue=2 peer_stage2_home_response_queue_drops=0 peer_stage2_home_response_send_wait_ms=40.478068 avg_peer_stage2_home_queue_wait_us=15.465613 avg_peer_stage2_home_execution_us=51.564023 peer_stage1_release_deferred_batches=24 peer_stage1_release_deferred_items=24 peer_stage1_duplicate_retry_responses=0 peer_stage1_admission_retry_responses=0 peer_stage1_retry_response_drops=0 peer_stage1_admission_waiters=0 peer_stage1_admission_waiter_items=0 peer_stage1_admission_owned_items=0 peer_stage1_admission_wake_coverage=0 peer_stage1_admission_parked=0 peer_stage1_admission_woken=0 peer_stage1_admission_reparked=0 peer_stage1_max_admission_waiters=0 peer_stage1_duplicate_coalesced=0 peer_reverse_enqueued=542 peer_reverse_processed=542 peer_reverse_remaining=0 peer_reverse_items_enqueued=5021 peer_reverse_items_processed=5021 peer_reverse_rate_per_sec=143.333804 peer_reverse_failed=1 peer_reverse_max_queue=2 reclaim_pending=1 reclaim_reused=67 dynamic_high_watermark=19038709120 stage2_remaining=0 cleanup_remaining=0 active_contexts=0 active_context_limit=32 repair_remaining=0 remaining=0
[STATUS]: storage-owner maintenance observation: enqueued=10486 stage2_enqueued=10486 cleanup_enqueued=0 stage2_tasks_done=10486 stage2_finalized_live=10486 cleanup_processed=0 stale=0 stage2_completion_ratio=1.000000 live_stage2_completion_ratio=1.000000 avg_stage2_delay_ms=31.701739 p99_stage2_delay_upper_ms=64.000000 p99_stage2_delay_over_30s=false stage2_delay_histogram=0,0,0,9,332,5513,4537,95,0,0,0,0,0,0,0,0,0,0 max_stage2_delay_ms=96.965807 compaction_batch_target=32 compaction_max_delay_ms=25.000000 stage2_rate_per_sec=261.952033 stage1_search_budget_exhausted=0 stage2_search_budget_exhausted=0 stage2_continuations=10486 stage2_remote_frontier_items=3319858 avg_stage2_remote_frontier=316.599084 stage2_remote_expansions=21568 avg_stage2_remote_expansions=2.056838 stage2_scored_candidates=3649677 avg_stage2_scored_candidates=348.052356 stage2_graph_read_waves=6810 avg_stage2_expansions_per_graph_wave=3.167107 stage2_graph_unique_reads=21968 stage2_graph_prefetch_issued=12361 stage2_graph_prefetch_hits=11961 stage2_graph_prefetch_wasted=400 stage2_graph_prefetch_promotion_ratio=0.967640 stage2_graph_issue_width_current=16 stage2_vector_read_waves=17667 avg_stage2_scores_per_vector_wave=206.581593 stage2_vector_unique_reads=3396932 stage2_home_rpc_batches=20636 stage2_home_rpc_items=3162730 avg_stage2_home_rpc_batch=153.262745 stage2_home_score_rpc_batches=13076 stage2_home_score_rpc_items=3140762 stage2_home_score_rpc_queries=85593 stage2_home_score_rpc_request_bytes=84564796 stage2_home_score_rpc_response_bytes=101028512 avg_stage2_home_score_queries_per_rpc=6.545809 avg_stage2_home_score_rpc_batch=240.192872 stage2_home_scored_neighbors=3391279 home_scores_per_expansion=1.072263 stage2_migrations=68 home_match_rate=0.993515 stage2_final_edges=393574 stage2_cross_edges_stage1_home=4661 stage2_cross_edges_final_home=3174 cross_edge_reduction_ratio=0.319030 failed=0 rpc_timeouts=0 reverse_aggregate_batches=0 reverse_aggregate_logical_requests=0 reverse_aggregate_ops=0 avg_reverse_aggregate_logicals=0.000000 avg_reverse_aggregate_ops=0.000000 max_backlog=9 admission_window=65536 completion_outstanding=0 completion_incomplete=0 completed_behind_hole=0 completion_logical_full_failures=0 completion_physical_full_failures=0 pressure_yields=21 stage2_batches=1458 avg_stage2_batch_size=7.192044 packing_target_batch=8 packing_admit_queue_avg=7.194787 packing_admit_queue_max=9 packing_batch_1_7=723 packing_batch_8=735 packing_assembly_batches=1458 packing_assembly_wait_ms=20423.892289 packing_arrival_interval_us=2267 packing_waited_batches=723 packing_wait_ms=10877.276000 packing_target_flushes=735 packing_deadline_flushes=723 packing_cleanup_flushes=0 stage2_phase_search_attempts=1458 stage2_phase_search_task_attempts=10486 stage2_phase_search_elapsed_ms=5993.033458 avg_stage2_phase_search_us_per_task=571.527127 stage2_phase_freeze_prune_attempts=1479 stage2_phase_freeze_prune_task_attempts=10643 stage2_phase_freeze_prune_elapsed_ms=2640.478711 avg_stage2_phase_freeze_prune_us_per_task=248.095341 stage2_phase_reverse_prepare_attempts=1458 stage2_phase_reverse_prepare_task_attempts=10486 stage2_phase_reverse_prepare_elapsed_ms=10853.247528 avg_stage2_phase_reverse_prepare_us_per_task=1035.022652 stage2_phase_placement_authority_attempts=1458 stage2_phase_placement_authority_task_attempts=10486 stage2_phase_placement_authority_elapsed_ms=523.365784 avg_stage2_phase_placement_authority_us_per_task=49.910908 stage2_phase_completion_handoff_attempts=1458 stage2_phase_completion_handoff_task_attempts=10486 stage2_phase_completion_handoff_elapsed_ms=2.674066 avg_stage2_phase_completion_handoff_us_per_task=0.255013 stage2_phase_finalize_attempts=1458 stage2_phase_finalize_task_attempts=10486 stage2_phase_finalize_elapsed_ms=9.052300 avg_stage2_phase_finalize_us_per_task=0.863275 maintenance_worker_idle_waits=77440 maintenance_worker_idle_ms=299208.982789 maintenance_lost_wake_avoided=3775 maintenance_targeted_wakes=58309 maintenance_generic_wakes=10486 maintenance_broadcast_wakes=0 maintenance_context_slots_scanned=606272 maintenance_ready_notifications=57314 maintenance_ready_stale_notifications=1 maintenance_ready_tickets_drained=33371 maintenance_ready_overflow_scans=0 maintenance_ready_fallback_scans=38210 stage2_search_lane_lease_limit=32 stage2_search_lane_lease_peak=4 stage2_search_lane_lease_blocked=0 maintenance_worker_observed_idle_ratio=0.934322 maintenance_worker_observed_busy_ratio=0.065678 physical_stage1_items=10486 physical_stage1_total_ns=36273826695 physical_stage1_search_ns=33656917263 physical_stage1_prune_ns=1883424122 physical_stage1_allocate_write_ns=535885438 physical_stage1_backlink_ns=172568865 physical_stage1_candidates=1342057 physical_stage1_remote_frontier_items=3319858 physical_stage1_neighbors=390570 peer_stage1_enqueued=16777 peer_stage1_processed=16777 peer_stage1_items=16754 avg_peer_stage1_items=0.998629 peer_stage1_rate_per_sec=418.533699 peer_stage1_max_queue=11 peer_stage1_active_workers=0 peer_stage2_home_enqueued=8316 peer_stage2_home_processed=8316 peer_stage2_home_items=574790 avg_peer_stage2_home_items=69.118567 peer_stage2_home_max_queue=2 peer_stage2_home_response_queue_drops=0 peer_stage2_home_response_send_wait_ms=40.478068 avg_peer_stage2_home_queue_wait_us=15.465613 avg_peer_stage2_home_execution_us=51.564023 peer_stage1_release_deferred_batches=24 peer_stage1_release_deferred_items=24 peer_stage1_duplicate_retry_responses=0 peer_stage1_admission_retry_responses=0 peer_stage1_retry_response_drops=0 peer_stage1_admission_waiters=0 peer_stage1_admission_waiter_items=0 peer_stage1_admission_owned_items=0 peer_stage1_admission_wake_coverage=0 peer_stage1_admission_parked=0 peer_stage1_admission_woken=0 peer_stage1_admission_reparked=0 peer_stage1_max_admission_waiters=0 peer_stage1_duplicate_coalesced=0 peer_reverse_enqueued=542 peer_reverse_processed=542 peer_reverse_remaining=0 peer_reverse_items_enqueued=5021 peer_reverse_items_processed=5021 peer_reverse_rate_per_sec=125.430208 peer_reverse_failed=1 peer_reverse_max_queue=2 reclaim_pending=1 reclaim_reused=67 dynamic_high_watermark=19038709120 stage2_remaining=0 cleanup_remaining=0 active_contexts=0 active_context_limit=32 repair_remaining=0 remaining=0
[STATUS]: storage-owner maintenance observation: enqueued=10486 stage2_enqueued=10486 cleanup_enqueued=0 stage2_tasks_done=10486 stage2_finalized_live=10486 cleanup_processed=0 stale=0 stage2_completion_ratio=1.000000 live_stage2_completion_ratio=1.000000 avg_stage2_delay_ms=31.701739 p99_stage2_delay_upper_ms=64.000000 p99_stage2_delay_over_30s=false stage2_delay_histogram=0,0,0,9,332,5513,4537,95,0,0,0,0,0,0,0,0,0,0 max_stage2_delay_ms=96.965807 compaction_batch_target=32 compaction_max_delay_ms=25.000000 stage2_rate_per_sec=232.854560 stage1_search_budget_exhausted=0 stage2_search_budget_exhausted=0 stage2_continuations=10486 stage2_remote_frontier_items=3319858 avg_stage2_remote_frontier=316.599084 stage2_remote_expansions=21568 avg_stage2_remote_expansions=2.056838 stage2_scored_candidates=3649677 avg_stage2_scored_candidates=348.052356 stage2_graph_read_waves=6810 avg_stage2_expansions_per_graph_wave=3.167107 stage2_graph_unique_reads=21968 stage2_graph_prefetch_issued=12361 stage2_graph_prefetch_hits=11961 stage2_graph_prefetch_wasted=400 stage2_graph_prefetch_promotion_ratio=0.967640 stage2_graph_issue_width_current=16 stage2_vector_read_waves=17667 avg_stage2_scores_per_vector_wave=206.581593 stage2_vector_unique_reads=3396932 stage2_home_rpc_batches=20636 stage2_home_rpc_items=3162730 avg_stage2_home_rpc_batch=153.262745 stage2_home_score_rpc_batches=13076 stage2_home_score_rpc_items=3140762 stage2_home_score_rpc_queries=85593 stage2_home_score_rpc_request_bytes=84564796 stage2_home_score_rpc_response_bytes=101028512 avg_stage2_home_score_queries_per_rpc=6.545809 avg_stage2_home_score_rpc_batch=240.192872 stage2_home_scored_neighbors=3391279 home_scores_per_expansion=1.072263 stage2_migrations=68 home_match_rate=0.993515 stage2_final_edges=393574 stage2_cross_edges_stage1_home=4661 stage2_cross_edges_final_home=3174 cross_edge_reduction_ratio=0.319030 failed=0 rpc_timeouts=0 reverse_aggregate_batches=0 reverse_aggregate_logical_requests=0 reverse_aggregate_ops=0 avg_reverse_aggregate_logicals=0.000000 avg_reverse_aggregate_ops=0.000000 max_backlog=9 admission_window=65536 completion_outstanding=0 completion_incomplete=0 completed_behind_hole=0 completion_logical_full_failures=0 completion_physical_full_failures=0 pressure_yields=21 stage2_batches=1458 avg_stage2_batch_size=7.192044 packing_target_batch=8 packing_admit_queue_avg=7.194787 packing_admit_queue_max=9 packing_batch_1_7=723 packing_batch_8=735 packing_assembly_batches=1458 packing_assembly_wait_ms=20423.892289 packing_arrival_interval_us=2267 packing_waited_batches=723 packing_wait_ms=10877.276000 packing_target_flushes=735 packing_deadline_flushes=723 packing_cleanup_flushes=0 stage2_phase_search_attempts=1458 stage2_phase_search_task_attempts=10486 stage2_phase_search_elapsed_ms=5993.033458 avg_stage2_phase_search_us_per_task=571.527127 stage2_phase_freeze_prune_attempts=1479 stage2_phase_freeze_prune_task_attempts=10643 stage2_phase_freeze_prune_elapsed_ms=2640.478711 avg_stage2_phase_freeze_prune_us_per_task=248.095341 stage2_phase_reverse_prepare_attempts=1458 stage2_phase_reverse_prepare_task_attempts=10486 stage2_phase_reverse_prepare_elapsed_ms=10853.247528 avg_stage2_phase_reverse_prepare_us_per_task=1035.022652 stage2_phase_placement_authority_attempts=1458 stage2_phase_placement_authority_task_attempts=10486 stage2_phase_placement_authority_elapsed_ms=523.365784 avg_stage2_phase_placement_authority_us_per_task=49.910908 stage2_phase_completion_handoff_attempts=1458 stage2_phase_completion_handoff_task_attempts=10486 stage2_phase_completion_handoff_elapsed_ms=2.674066 avg_stage2_phase_completion_handoff_us_per_task=0.255013 stage2_phase_finalize_attempts=1458 stage2_phase_finalize_task_attempts=10486 stage2_phase_finalize_elapsed_ms=9.052300 avg_stage2_phase_finalize_us_per_task=0.863275 maintenance_worker_idle_waits=81536 maintenance_worker_idle_ms=340410.956459 maintenance_lost_wake_avoided=3775 maintenance_targeted_wakes=58309 maintenance_generic_wakes=10486 maintenance_broadcast_wakes=0 maintenance_context_slots_scanned=671808 maintenance_ready_notifications=57314 maintenance_ready_stale_notifications=1 maintenance_ready_tickets_drained=33371 maintenance_ready_overflow_scans=0 maintenance_ready_fallback_scans=42186 stage2_search_lane_lease_limit=32 stage2_search_lane_lease_peak=4 stage2_search_lane_lease_blocked=0 maintenance_worker_observed_idle_ratio=0.944906 maintenance_worker_observed_busy_ratio=0.055094 physical_stage1_items=10486 physical_stage1_total_ns=36273826695 physical_stage1_search_ns=33656917263 physical_stage1_prune_ns=1883424122 physical_stage1_allocate_write_ns=535885438 physical_stage1_backlink_ns=172568865 physical_stage1_candidates=1342057 physical_stage1_remote_frontier_items=3319858 physical_stage1_neighbors=390570 peer_stage1_enqueued=16777 peer_stage1_processed=16777 peer_stage1_items=16754 avg_peer_stage1_items=0.998629 peer_stage1_rate_per_sec=372.043229 peer_stage1_max_queue=11 peer_stage1_active_workers=0 peer_stage2_home_enqueued=8316 peer_stage2_home_processed=8316 peer_stage2_home_items=574790 avg_peer_stage2_home_items=69.118567 peer_stage2_home_max_queue=2 peer_stage2_home_response_queue_drops=0 peer_stage2_home_response_send_wait_ms=40.478068 avg_peer_stage2_home_queue_wait_us=15.465613 avg_peer_stage2_home_execution_us=51.564023 peer_stage1_release_deferred_batches=24 peer_stage1_release_deferred_items=24 peer_stage1_duplicate_retry_responses=0 peer_stage1_admission_retry_responses=0 peer_stage1_retry_response_drops=0 peer_stage1_admission_waiters=0 peer_stage1_admission_waiter_items=0 peer_stage1_admission_owned_items=0 peer_stage1_admission_wake_coverage=0 peer_stage1_admission_parked=0 peer_stage1_admission_woken=0 peer_stage1_admission_reparked=0 peer_stage1_max_admission_waiters=0 peer_stage1_duplicate_coalesced=0 peer_reverse_enqueued=542 peer_reverse_processed=542 peer_reverse_remaining=0 peer_reverse_items_enqueued=5021 peer_reverse_items_processed=5021 peer_reverse_rate_per_sec=111.497496 peer_reverse_failed=1 peer_reverse_max_queue=2 reclaim_pending=1 reclaim_reused=67 dynamic_high_watermark=19038709120 stage2_remaining=0 cleanup_remaining=0 active_contexts=0 active_context_limit=32 repair_remaining=0 remaining=0
[STATUS]: storage-owner maintenance observation: enqueued=10486 stage2_enqueued=10486 cleanup_enqueued=0 stage2_tasks_done=10486 stage2_finalized_live=10486 cleanup_processed=0 stale=0 stage2_completion_ratio=1.000000 live_stage2_completion_ratio=1.000000 avg_stage2_delay_ms=31.701739 p99_stage2_delay_upper_ms=64.000000 p99_stage2_delay_over_30s=false stage2_delay_histogram=0,0,0,9,332,5513,4537,95,0,0,0,0,0,0,0,0,0,0 max_stage2_delay_ms=96.965807 compaction_batch_target=32 compaction_max_delay_ms=25.000000 stage2_rate_per_sec=209.580335 stage1_search_budget_exhausted=0 stage2_search_budget_exhausted=0 stage2_continuations=10486 stage2_remote_frontier_items=3319858 avg_stage2_remote_frontier=316.599084 stage2_remote_expansions=21568 avg_stage2_remote_expansions=2.056838 stage2_scored_candidates=3649677 avg_stage2_scored_candidates=348.052356 stage2_graph_read_waves=6810 avg_stage2_expansions_per_graph_wave=3.167107 stage2_graph_unique_reads=21968 stage2_graph_prefetch_issued=12361 stage2_graph_prefetch_hits=11961 stage2_graph_prefetch_wasted=400 stage2_graph_prefetch_promotion_ratio=0.967640 stage2_graph_issue_width_current=16 stage2_vector_read_waves=17667 avg_stage2_scores_per_vector_wave=206.581593 stage2_vector_unique_reads=3396932 stage2_home_rpc_batches=20636 stage2_home_rpc_items=3162730 avg_stage2_home_rpc_batch=153.262745 stage2_home_score_rpc_batches=13076 stage2_home_score_rpc_items=3140762 stage2_home_score_rpc_queries=85593 stage2_home_score_rpc_request_bytes=84564796 stage2_home_score_rpc_response_bytes=101028512 avg_stage2_home_score_queries_per_rpc=6.545809 avg_stage2_home_score_rpc_batch=240.192872 stage2_home_scored_neighbors=3391279 home_scores_per_expansion=1.072263 stage2_migrations=68 home_match_rate=0.993515 stage2_final_edges=393574 stage2_cross_edges_stage1_home=4661 stage2_cross_edges_final_home=3174 cross_edge_reduction_ratio=0.319030 failed=0 rpc_timeouts=0 reverse_aggregate_batches=0 reverse_aggregate_logical_requests=0 reverse_aggregate_ops=0 avg_reverse_aggregate_logicals=0.000000 avg_reverse_aggregate_ops=0.000000 max_backlog=9 admission_window=65536 completion_outstanding=0 completion_incomplete=0 completed_behind_hole=0 completion_logical_full_failures=0 completion_physical_full_failures=0 pressure_yields=21 stage2_batches=1458 avg_stage2_batch_size=7.192044 packing_target_batch=8 packing_admit_queue_avg=7.194787 packing_admit_queue_max=9 packing_batch_1_7=723 packing_batch_8=735 packing_assembly_batches=1458 packing_assembly_wait_ms=20423.892289 packing_arrival_interval_us=2267 packing_waited_batches=723 packing_wait_ms=10877.276000 packing_target_flushes=735 packing_deadline_flushes=723 packing_cleanup_flushes=0 stage2_phase_search_attempts=1458 stage2_phase_search_task_attempts=10486 stage2_phase_search_elapsed_ms=5993.033458 avg_stage2_phase_search_us_per_task=571.527127 stage2_phase_freeze_prune_attempts=1479 stage2_phase_freeze_prune_task_attempts=10643 stage2_phase_freeze_prune_elapsed_ms=2640.478711 avg_stage2_phase_freeze_prune_us_per_task=248.095341 stage2_phase_reverse_prepare_attempts=1458 stage2_phase_reverse_prepare_task_attempts=10486 stage2_phase_reverse_prepare_elapsed_ms=10853.247528 avg_stage2_phase_reverse_prepare_us_per_task=1035.022652 stage2_phase_placement_authority_attempts=1458 stage2_phase_placement_authority_task_attempts=10486 stage2_phase_placement_authority_elapsed_ms=523.365784 avg_stage2_phase_placement_authority_us_per_task=49.910908 stage2_phase_completion_handoff_attempts=1458 stage2_phase_completion_handoff_task_attempts=10486 stage2_phase_completion_handoff_elapsed_ms=2.674066 avg_stage2_phase_completion_handoff_us_per_task=0.255013 stage2_phase_finalize_attempts=1458 stage2_phase_finalize_task_attempts=10486 stage2_phase_finalize_elapsed_ms=9.052300 avg_stage2_phase_finalize_us_per_task=0.863275 maintenance_worker_idle_waits=85440 maintenance_worker_idle_ms=379681.297193 maintenance_lost_wake_avoided=3775 maintenance_targeted_wakes=58309 maintenance_generic_wakes=10486 maintenance_broadcast_wakes=0 maintenance_context_slots_scanned=734272 maintenance_ready_notifications=57314 maintenance_ready_stale_notifications=1 maintenance_ready_tickets_drained=33371 maintenance_ready_overflow_scans=0 maintenance_ready_fallback_scans=46162 stage2_search_lane_lease_limit=32 stage2_search_lane_lease_peak=4 stage2_search_lane_lease_blocked=0 maintenance_worker_observed_idle_ratio=0.948571 maintenance_worker_observed_busy_ratio=0.051429 physical_stage1_items=10486 physical_stage1_total_ns=36273826695 physical_stage1_search_ns=33656917263 physical_stage1_prune_ns=1883424122 physical_stage1_allocate_write_ns=535885438 physical_stage1_backlink_ns=172568865 physical_stage1_candidates=1342057 physical_stage1_remote_frontier_items=3319858 physical_stage1_neighbors=390570 peer_stage1_enqueued=16777 peer_stage1_processed=16777 peer_stage1_items=16754 avg_peer_stage1_items=0.998629 peer_stage1_rate_per_sec=334.856850 peer_stage1_max_queue=11 peer_stage1_active_workers=0 peer_stage2_home_enqueued=8316 peer_stage2_home_processed=8316 peer_stage2_home_items=574790 avg_peer_stage2_home_items=69.118567 peer_stage2_home_max_queue=2 peer_stage2_home_response_queue_drops=0 peer_stage2_home_response_send_wait_ms=40.478068 avg_peer_stage2_home_queue_wait_us=15.465613 avg_peer_stage2_home_execution_us=51.564023 peer_stage1_release_deferred_batches=24 peer_stage1_release_deferred_items=24 peer_stage1_duplicate_retry_responses=0 peer_stage1_admission_retry_responses=0 peer_stage1_retry_response_drops=0 peer_stage1_admission_waiters=0 peer_stage1_admission_waiter_items=0 peer_stage1_admission_owned_items=0 peer_stage1_admission_wake_coverage=0 peer_stage1_admission_parked=0 peer_stage1_admission_woken=0 peer_stage1_admission_reparked=0 peer_stage1_max_admission_waiters=0 peer_stage1_duplicate_coalesced=0 peer_reverse_enqueued=542 peer_reverse_processed=542 peer_reverse_remaining=0 peer_reverse_items_enqueued=5021 peer_reverse_items_processed=5021 peer_reverse_rate_per_sec=100.353124 peer_reverse_failed=1 peer_reverse_max_queue=2 reclaim_pending=1 reclaim_reused=67 dynamic_high_watermark=19038709120 stage2_remaining=0 cleanup_remaining=0 active_contexts=0 active_context_limit=32 repair_remaining=0 remaining=0
