[breakdown] concurrency clients=256 source=auto auto_required=256 auto_cap=512 gpu_query_slots=256 storage_rpc_inflight=80 (5x16) derivation=gpu_query_slots
[breakdown] performance query: /data/xjs/datasets/sift1b/sift100m_to_110m_query.u8bin [100000000,110000000)
[breakdown] unique performance-query budget rows=10000000 total_timed_seconds=15 max_average_query_qps_without_reuse=666666.7
[ 12%] Built target rdma_library
[ 18%] Built target dvstor_gpu_kernels
[ 81%] Built target dvstor_runtime
[ 93%] Built target dvstor_breakdown_support
[100%] Built target dvstor_breakdown_benchmark
[mn-memory] required=24 GiB source=metadata policy=20% of base nodes limiting_shard=2 dynamic_slots=4120200 record_bytes=1040
[breakdown] profile=04_gpu_persistent_gpunetio command: /home/xjs/experiment/dvstor/build/dvstor_breakdown_benchmark --service-config /home/xjs/experiment/dvstor/experiment/sift100m/program3/results/program3_20260831_191030/motivation_c1/04_gpu_persistent_gpunetio/service_04_gpu_persistent_gpunetio_20260831_191052.ini --profile-name 04_gpu_persistent_gpunetio --system-variant-label full --workload query --warmup-ops 100 --measure-ops 1000 --warmup-seconds 5 --measure-seconds 10 --client-threads 256 --read-ratio 0.5 --mixed-mode fixed_threads --write-threads 0 --target-query-qps 0 --target-write-qps 0 --write-insert-ratio 1 --write-upsert-ratio 0 --write-delete-ratio 0 --report-json /home/xjs/experiment/dvstor/experiment/sift100m/program3/results/program3_20260831_191030/motivation_c1/04_gpu_persistent_gpunetio/sift100m_04_gpu_persistent_gpunetio_20260831_191052.json --report-text /home/xjs/experiment/dvstor/experiment/sift100m/program3/results/program3_20260831_191030/motivation_c1/04_gpu_persistent_gpunetio/sift100m_04_gpu_persistent_gpunetio_20260831_191052.txt --recall-query-file /data/xjs/index/dvstor_sift100m/converted/query.u8bin --groundtruth-file /data/xjs/index/dvstor_sift100m/converted/groundtruth_100M.bin --recall-queries 1000 --recall-k 10 --recall-mode all --recall-base-id-limit 0 --performance-query-file /data/xjs/datasets/sift1b/sift100m_to_110m_query.u8bin --storage-maintenance-log /home/xjs/experiment/dvstor/experiment/sift100m/logs/memory_node_1_04_gpu_persistent_gpunetio.log --storage-maintenance-log /home/xjs/experiment/dvstor/experiment/sift100m/logs/memory_node_2_04_gpu_persistent_gpunetio.log --storage-maintenance-log /home/xjs/experiment/dvstor/experiment/sift100m/logs/memory_node_3_04_gpu_persistent_gpunetio.log --storage-maintenance-log /home/xjs/experiment/dvstor/experiment/sift100m/logs/memory_node_4_04_gpu_persistent_gpunetio.log --storage-maintenance-log /home/xjs/experiment/dvstor/experiment/sift100m/logs/memory_node_5_04_gpu_persistent_gpunetio.log
============================================================
                        CLIENT
============================================================
connect to:                   [192.168.6.202:1234, 192.168.6.202:1235, 192.168.6.202:1236, 192.168.6.202:1237, 192.168.6.202:1238, ]
is initiator:                 true
TCP port:                     2234
QP handshake timeout (ms):    10000
IB device:                    <auto>
IB port:                      1
max outstanding CQEs:         64
max send work requests:       4096
max receive work requests:    4096
============================================================
index prefix:                     "/data/xjs/index/dvstor_sift100m/index/sift100m_R96_bw128_metis_pmd32_pq32_schema16"
threads:                          64
dimension:                        128
max vectors:                      100000000
vector ID namespace [0,N):        4294967295
K / R:                            10 / 96
vector data type:                 uint8
--------------------------------------------------------------------
query engine:                     persistent_gpu_opq_pq
remote transport:                 GPU-initiated GPUNetIO
GPU device:                       1
GPU concurrent query slots:       256
GPU memory limit/reserve GiB:     40/4
GPU traversal/rerank width:       128/128
GPU max expansions:               384
GPU device stack bytes/thread:    4096
GPU graph commit/issue width:     1/1
dynamic graph access mode:        adaptive
GPU graph read policy:            live-extent
GPU dynamic graph extent:         true
GPU-RDMA progression mode:        manual
GPU Beam merge policy:            stable-run
query RDMA trace mode/rate:       off/1000
query RDMA trace output:          ""
GPU RDMA QPs per storage node:    32
GPU direct CQ timeout ms:         250
GPU persistent blocks/SM cap:     4
compute updates enabled:          false
storage update completion mode:   decoupled
storage update protocol:          centroid-home two-stage
storage RPC depth/batch:          16/32
storage batch max wait us:        10000
storage Stage2 batch max wait us: 25000
storage Stage2 initial delay ms:  0
Stage2 exact score-many:          true
Stage2 home RPC combining:        true
Stage2 graph issue width:         16
storage peer QPs per peer:        8
storage stage2 maintenance:       8 workers, backlog 65536
====================================================================
[breakdown] workload input preflight passed before service startup
1 device(s) found
Selected device: mlx5_0
Selected port state: 4, lid: 1, active_mtu: 5
interleaved policy
num_cores: 112
physical cores per socket: 28
hyperthreading enabled
local process CPU partition: rank 0/1 logical_cpus=112
[STATUS]: loaded schema-16 GPU index metadata from /data/xjs/index/dvstor_sift100m/index/sift100m_R96_bw128_metis_pmd32_pq32_schema16 (OPQ/PQ32, vector_data_type=uint8)
client id: 0
number of clients: 1
connect to server 192.168.6.202:1234
pairing: 19739 -- 95440
connect to server 192.168.6.202:1235
pairing: 19740 -- 95441
connect to server 192.168.6.202:1236
pairing: 19741 -- 95442
connect to server 192.168.6.202:1237
pairing: 19742 -- 95443
connect to server 192.168.6.202:1238
pairing: 19743 -- 95444
[STATUS]: receive access tokens of remote memory regions
[STATUS]: compute updates disabled: update executor is not started
[STATUS]: search: GPU-persistent OPQ/PQ32 beam + final RDMA exact rerank
[gpu-search] ASFE device stack bytes/thread=4096 requested=4096
[gpu-search] synthesized navigation manifest in memory from metadata
[gpu-search] persistent PQ kernel specialization=PQ32 model_subquantizers=32
[gpu-search] graph-read-policy=live-extent extent_quantum=8 extent_source="/data/xjs/index/dvstor_sift100m/index/sift100m_R96_bw128_metis_pmd32_pq32_schema16.gextent8" extent_classes=100000000 extent_payload_bytes=100000000
[gpu-search] query routing=versioned centroid routes centroid_shards=5 live_entries_per_shard=4 start_shards=1
[gpu-search] device=NVIDIA A800 80GB PCIe cc=8.0 sm_count=108 global_memory=85119205376 gpudirect_rdma=1
[gpu-search] navigation budget codes=3200000000 dynamic_code_scratch=20971520 dynamic_code_arena=915541956 dynamic_code_arena_slots=25431721 dynamic_request_scratch=10485760 navigation_candidates=6291456 direct_queue_scratch=1866240 graph_scratch=16777216 graph_request_metadata=32768 speculative_graph_request_metadata=270336 graph_extent_classes=100000000 query_rdma_trace=0 centroid_route=528 shard_centroids=2560 explicit=4627142892 limit=38654705664 bytes
[STATUS]: exporting GPUNetIO QP resource=0 lane=0 server=0 qpn=19744 gpu_pci=0000:5C:00.0 ibdev=mlx5_0 handler=GPU_SM_DB
[STATUS]: exporting GPUNetIO QP resource=0 lane=0 server=1 qpn=19745 gpu_pci=0000:5C:00.0 ibdev=mlx5_0 handler=GPU_SM_DB
[STATUS]: exporting GPUNetIO QP resource=0 lane=0 server=2 qpn=19746 gpu_pci=0000:5C:00.0 ibdev=mlx5_0 handler=GPU_SM_DB
[STATUS]: exporting GPUNetIO QP resource=0 lane=0 server=3 qpn=19747 gpu_pci=0000:5C:00.0 ibdev=mlx5_0 handler=GPU_SM_DB
[STATUS]: exporting GPUNetIO QP resource=0 lane=0 server=4 qpn=19748 gpu_pci=0000:5C:00.0 ibdev=mlx5_0 handler=GPU_SM_DB
[STATUS]: exporting GPUNetIO QP resource=0 lane=1 server=0 qpn=19749 gpu_pci=0000:5C:00.0 ibdev=mlx5_0 handler=GPU_SM_DB
[STATUS]: exporting GPUNetIO QP resource=0 lane=1 server=1 qpn=19750 gpu_pci=0000:5C:00.0 ibdev=mlx5_0 handler=GPU_SM_DB
[STATUS]: exporting GPUNetIO QP resource=0 lane=1 server=2 qpn=19751 gpu_pci=0000:5C:00.0 ibdev=mlx5_0 handler=GPU_SM_DB
[STATUS]: exporting GPUNetIO QP resource=0 lane=1 server=3 qpn=19752 gpu_pci=0000:5C:00.0 ibdev=mlx5_0 handler=GPU_SM_DB
[STATUS]: exporting GPUNetIO QP resource=0 lane=1 server=4 qpn=19753 gpu_pci=0000:5C:00.0 ibdev=mlx5_0 handler=GPU_SM_DB
[STATUS]: exporting GPUNetIO QP resource=0 lane=2 server=0 qpn=19754 gpu_pci=0000:5C:00.0 ibdev=mlx5_0 handler=GPU_SM_DB
[STATUS]: exporting GPUNetIO QP resource=0 lane=2 server=1 qpn=19755 gpu_pci=0000:5C:00.0 ibdev=mlx5_0 handler=GPU_SM_DB
[STATUS]: exporting GPUNetIO QP resource=0 lane=2 server=2 qpn=19756 gpu_pci=0000:5C:00.0 ibdev=mlx5_0 handler=GPU_SM_DB
[STATUS]: exporting GPUNetIO QP resource=0 lane=2 server=3 qpn=19757 gpu_pci=0000:5C:00.0 ibdev=mlx5_0 handler=GPU_SM_DB
[STATUS]: exporting GPUNetIO QP resource=0 lane=2 server=4 qpn=19758 gpu_pci=0000:5C:00.0 ibdev=mlx5_0 handler=GPU_SM_DB
[STATUS]: exporting GPUNetIO QP resource=0 lane=3 server=0 qpn=19759 gpu_pci=0000:5C:00.0 ibdev=mlx5_0 handler=GPU_SM_DB
[STATUS]: exporting GPUNetIO QP resource=0 lane=3 server=1 qpn=19760 gpu_pci=0000:5C:00.0 ibdev=mlx5_0 handler=GPU_SM_DB
[STATUS]: exporting GPUNetIO QP resource=0 lane=3 server=2 qpn=19761 gpu_pci=0000:5C:00.0 ibdev=mlx5_0 handler=GPU_SM_DB
[STATUS]: exporting GPUNetIO QP resource=0 lane=3 server=3 qpn=19762 gpu_pci=0000:5C:00.0 ibdev=mlx5_0 handler=GPU_SM_DB
[STATUS]: exporting GPUNetIO QP resource=0 lane=3 server=4 qpn=19763 gpu_pci=0000:5C:00.0 ibdev=mlx5_0 handler=GPU_SM_DB
[STATUS]: exporting GPUNetIO QP resource=0 lane=4 server=0 qpn=19764 gpu_pci=0000:5C:00.0 ibdev=mlx5_0 handler=GPU_SM_DB
[STATUS]: exporting GPUNetIO QP resource=0 lane=4 server=1 qpn=19765 gpu_pci=0000:5C:00.0 ibdev=mlx5_0 handler=GPU_SM_DB
[STATUS]: exporting GPUNetIO QP resource=0 lane=4 server=2 qpn=19766 gpu_pci=0000:5C:00.0 ibdev=mlx5_0 handler=GPU_SM_DB
[STATUS]: exporting GPUNetIO QP resource=0 lane=4 server=3 qpn=19767 gpu_pci=0000:5C:00.0 ibdev=mlx5_0 handler=GPU_SM_DB
[STATUS]: exporting GPUNetIO QP resource=0 lane=4 server=4 qpn=19768 gpu_pci=0000:5C:00.0 ibdev=mlx5_0 handler=GPU_SM_DB
[STATUS]: exporting GPUNetIO QP resource=0 lane=5 server=0 qpn=19769 gpu_pci=0000:5C:00.0 ibdev=mlx5_0 handler=GPU_SM_DB
[STATUS]: exporting GPUNetIO QP resource=0 lane=5 server=1 qpn=19770 gpu_pci=0000:5C:00.0 ibdev=mlx5_0 handler=GPU_SM_DB
[STATUS]: exporting GPUNetIO QP resource=0 lane=5 server=2 qpn=19771 gpu_pci=0000:5C:00.0 ibdev=mlx5_0 handler=GPU_SM_DB
[STATUS]: exporting GPUNetIO QP resource=0 lane=5 server=3 qpn=19772 gpu_pci=0000:5C:00.0 ibdev=mlx5_0 handler=GPU_SM_DB
[STATUS]: exporting GPUNetIO QP resource=0 lane=5 server=4 qpn=19773 gpu_pci=0000:5C:00.0 ibdev=mlx5_0 handler=GPU_SM_DB
[STATUS]: exporting GPUNetIO QP resource=0 lane=6 server=0 qpn=19774 gpu_pci=0000:5C:00.0 ibdev=mlx5_0 handler=GPU_SM_DB
[STATUS]: exporting GPUNetIO QP resource=0 lane=6 server=1 qpn=19775 gpu_pci=0000:5C:00.0 ibdev=mlx5_0 handler=GPU_SM_DB
[STATUS]: exporting GPUNetIO QP resource=0 lane=6 server=2 qpn=19776 gpu_pci=0000:5C:00.0 ibdev=mlx5_0 handler=GPU_SM_DB
[STATUS]: exporting GPUNetIO QP resource=0 lane=6 server=3 qpn=19777 gpu_pci=0000:5C:00.0 ibdev=mlx5_0 handler=GPU_SM_DB
[STATUS]: exporting GPUNetIO QP resource=0 lane=6 server=4 qpn=19778 gpu_pci=0000:5C:00.0 ibdev=mlx5_0 handler=GPU_SM_DB
[STATUS]: exporting GPUNetIO QP resource=0 lane=7 server=0 qpn=19779 gpu_pci=0000:5C:00.0 ibdev=mlx5_0 handler=GPU_SM_DB
[STATUS]: exporting GPUNetIO QP resource=0 lane=7 server=1 qpn=19780 gpu_pci=0000:5C:00.0 ibdev=mlx5_0 handler=GPU_SM_DB
[STATUS]: exporting GPUNetIO QP resource=0 lane=7 server=2 qpn=19781 gpu_pci=0000:5C:00.0 ibdev=mlx5_0 handler=GPU_SM_DB
[STATUS]: exporting GPUNetIO QP resource=0 lane=7 server=3 qpn=19782 gpu_pci=0000:5C:00.0 ibdev=mlx5_0 handler=GPU_SM_DB
[STATUS]: exporting GPUNetIO QP resource=0 lane=7 server=4 qpn=19783 gpu_pci=0000:5C:00.0 ibdev=mlx5_0 handler=GPU_SM_DB
[STATUS]: exporting GPUNetIO QP resource=0 lane=8 server=0 qpn=19784 gpu_pci=0000:5C:00.0 ibdev=mlx5_0 handler=GPU_SM_DB
[STATUS]: exporting GPUNetIO QP resource=0 lane=8 server=1 qpn=19785 gpu_pci=0000:5C:00.0 ibdev=mlx5_0 handler=GPU_SM_DB
[STATUS]: exporting GPUNetIO QP resource=0 lane=8 server=2 qpn=19786 gpu_pci=0000:5C:00.0 ibdev=mlx5_0 handler=GPU_SM_DB
[STATUS]: exporting GPUNetIO QP resource=0 lane=8 server=3 qpn=19787 gpu_pci=0000:5C:00.0 ibdev=mlx5_0 handler=GPU_SM_DB
[STATUS]: exporting GPUNetIO QP resource=0 lane=8 server=4 qpn=19788 gpu_pci=0000:5C:00.0 ibdev=mlx5_0 handler=GPU_SM_DB
[STATUS]: exporting GPUNetIO QP resource=0 lane=9 server=0 qpn=19789 gpu_pci=0000:5C:00.0 ibdev=mlx5_0 handler=GPU_SM_DB
[STATUS]: exporting GPUNetIO QP resource=0 lane=9 server=1 qpn=19790 gpu_pci=0000:5C:00.0 ibdev=mlx5_0 handler=GPU_SM_DB
[STATUS]: exporting GPUNetIO QP resource=0 lane=9 server=2 qpn=19791 gpu_pci=0000:5C:00.0 ibdev=mlx5_0 handler=GPU_SM_DB
[STATUS]: exporting GPUNetIO QP resource=0 lane=9 server=3 qpn=19792 gpu_pci=0000:5C:00.0 ibdev=mlx5_0 handler=GPU_SM_DB
[STATUS]: exporting GPUNetIO QP resource=0 lane=9 server=4 qpn=19793 gpu_pci=0000:5C:00.0 ibdev=mlx5_0 handler=GPU_SM_DB
[STATUS]: exporting GPUNetIO QP resource=0 lane=10 server=0 qpn=19794 gpu_pci=0000:5C:00.0 ibdev=mlx5_0 handler=GPU_SM_DB
[STATUS]: exporting GPUNetIO QP resource=0 lane=10 server=1 qpn=19795 gpu_pci=0000:5C:00.0 ibdev=mlx5_0 handler=GPU_SM_DB
[STATUS]: exporting GPUNetIO QP resource=0 lane=10 server=2 qpn=19796 gpu_pci=0000:5C:00.0 ibdev=mlx5_0 handler=GPU_SM_DB
[STATUS]: exporting GPUNetIO QP resource=0 lane=10 server=3 qpn=19797 gpu_pci=0000:5C:00.0 ibdev=mlx5_0 handler=GPU_SM_DB
[STATUS]: exporting GPUNetIO QP resource=0 lane=10 server=4 qpn=19798 gpu_pci=0000:5C:00.0 ibdev=mlx5_0 handler=GPU_SM_DB
[STATUS]: exporting GPUNetIO QP resource=0 lane=11 server=0 qpn=19799 gpu_pci=0000:5C:00.0 ibdev=mlx5_0 handler=GPU_SM_DB
[STATUS]: exporting GPUNetIO QP resource=0 lane=11 server=1 qpn=19800 gpu_pci=0000:5C:00.0 ibdev=mlx5_0 handler=GPU_SM_DB
[STATUS]: exporting GPUNetIO QP resource=0 lane=11 server=2 qpn=19801 gpu_pci=0000:5C:00.0 ibdev=mlx5_0 handler=GPU_SM_DB
[STATUS]: exporting GPUNetIO QP resource=0 lane=11 server=3 qpn=19802 gpu_pci=0000:5C:00.0 ibdev=mlx5_0 handler=GPU_SM_DB
[STATUS]: exporting GPUNetIO QP resource=0 lane=11 server=4 qpn=19803 gpu_pci=0000:5C:00.0 ibdev=mlx5_0 handler=GPU_SM_DB
[STATUS]: exporting GPUNetIO QP resource=0 lane=12 server=0 qpn=19804 gpu_pci=0000:5C:00.0 ibdev=mlx5_0 handler=GPU_SM_DB
[STATUS]: exporting GPUNetIO QP resource=0 lane=12 server=1 qpn=19805 gpu_pci=0000:5C:00.0 ibdev=mlx5_0 handler=GPU_SM_DB
[STATUS]: exporting GPUNetIO QP resource=0 lane=12 server=2 qpn=19806 gpu_pci=0000:5C:00.0 ibdev=mlx5_0 handler=GPU_SM_DB
[STATUS]: exporting GPUNetIO QP resource=0 lane=12 server=3 qpn=19807 gpu_pci=0000:5C:00.0 ibdev=mlx5_0 handler=GPU_SM_DB
[STATUS]: exporting GPUNetIO QP resource=0 lane=12 server=4 qpn=19808 gpu_pci=0000:5C:00.0 ibdev=mlx5_0 handler=GPU_SM_DB
[STATUS]: exporting GPUNetIO QP resource=0 lane=13 server=0 qpn=19809 gpu_pci=0000:5C:00.0 ibdev=mlx5_0 handler=GPU_SM_DB
[STATUS]: exporting GPUNetIO QP resource=0 lane=13 server=1 qpn=19810 gpu_pci=0000:5C:00.0 ibdev=mlx5_0 handler=GPU_SM_DB
[STATUS]: exporting GPUNetIO QP resource=0 lane=13 server=2 qpn=19811 gpu_pci=0000:5C:00.0 ibdev=mlx5_0 handler=GPU_SM_DB
[STATUS]: exporting GPUNetIO QP resource=0 lane=13 server=3 qpn=19812 gpu_pci=0000:5C:00.0 ibdev=mlx5_0 handler=GPU_SM_DB
[STATUS]: exporting GPUNetIO QP resource=0 lane=13 server=4 qpn=19813 gpu_pci=0000:5C:00.0 ibdev=mlx5_0 handler=GPU_SM_DB
[STATUS]: exporting GPUNetIO QP resource=0 lane=14 server=0 qpn=19814 gpu_pci=0000:5C:00.0 ibdev=mlx5_0 handler=GPU_SM_DB
[STATUS]: exporting GPUNetIO QP resource=0 lane=14 server=1 qpn=19815 gpu_pci=0000:5C:00.0 ibdev=mlx5_0 handler=GPU_SM_DB
[STATUS]: exporting GPUNetIO QP resource=0 lane=14 server=2 qpn=19816 gpu_pci=0000:5C:00.0 ibdev=mlx5_0 handler=GPU_SM_DB
[STATUS]: exporting GPUNetIO QP resource=0 lane=14 server=3 qpn=19817 gpu_pci=0000:5C:00.0 ibdev=mlx5_0 handler=GPU_SM_DB
[STATUS]: exporting GPUNetIO QP resource=0 lane=14 server=4 qpn=19818 gpu_pci=0000:5C:00.0 ibdev=mlx5_0 handler=GPU_SM_DB
[STATUS]: exporting GPUNetIO QP resource=0 lane=15 server=0 qpn=19819 gpu_pci=0000:5C:00.0 ibdev=mlx5_0 handler=GPU_SM_DB
[STATUS]: exporting GPUNetIO QP resource=0 lane=15 server=1 qpn=19820 gpu_pci=0000:5C:00.0 ibdev=mlx5_0 handler=GPU_SM_DB
[STATUS]: exporting GPUNetIO QP resource=0 lane=15 server=2 qpn=19821 gpu_pci=0000:5C:00.0 ibdev=mlx5_0 handler=GPU_SM_DB
[STATUS]: exporting GPUNetIO QP resource=0 lane=15 server=3 qpn=19822 gpu_pci=0000:5C:00.0 ibdev=mlx5_0 handler=GPU_SM_DB
[STATUS]: exporting GPUNetIO QP resource=0 lane=15 server=4 qpn=19823 gpu_pci=0000:5C:00.0 ibdev=mlx5_0 handler=GPU_SM_DB
[STATUS]: exporting GPUNetIO QP resource=0 lane=16 server=0 qpn=19824 gpu_pci=0000:5C:00.0 ibdev=mlx5_0 handler=GPU_SM_DB
[STATUS]: exporting GPUNetIO QP resource=0 lane=16 server=1 qpn=19825 gpu_pci=0000:5C:00.0 ibdev=mlx5_0 handler=GPU_SM_DB
[STATUS]: exporting GPUNetIO QP resource=0 lane=16 server=2 qpn=19826 gpu_pci=0000:5C:00.0 ibdev=mlx5_0 handler=GPU_SM_DB
[STATUS]: exporting GPUNetIO QP resource=0 lane=16 server=3 qpn=19827 gpu_pci=0000:5C:00.0 ibdev=mlx5_0 handler=GPU_SM_DB
[STATUS]: exporting GPUNetIO QP resource=0 lane=16 server=4 qpn=19828 gpu_pci=0000:5C:00.0 ibdev=mlx5_0 handler=GPU_SM_DB
[STATUS]: exporting GPUNetIO QP resource=0 lane=17 server=0 qpn=19829 gpu_pci=0000:5C:00.0 ibdev=mlx5_0 handler=GPU_SM_DB
[STATUS]: exporting GPUNetIO QP resource=0 lane=17 server=1 qpn=19830 gpu_pci=0000:5C:00.0 ibdev=mlx5_0 handler=GPU_SM_DB
[STATUS]: exporting GPUNetIO QP resource=0 lane=17 server=2 qpn=19831 gpu_pci=0000:5C:00.0 ibdev=mlx5_0 handler=GPU_SM_DB
[STATUS]: exporting GPUNetIO QP resource=0 lane=17 server=3 qpn=19832 gpu_pci=0000:5C:00.0 ibdev=mlx5_0 handler=GPU_SM_DB
[STATUS]: exporting GPUNetIO QP resource=0 lane=17 server=4 qpn=19833 gpu_pci=0000:5C:00.0 ibdev=mlx5_0 handler=GPU_SM_DB
[STATUS]: exporting GPUNetIO QP resource=0 lane=18 server=0 qpn=19834 gpu_pci=0000:5C:00.0 ibdev=mlx5_0 handler=GPU_SM_DB
[STATUS]: exporting GPUNetIO QP resource=0 lane=18 server=1 qpn=19835 gpu_pci=0000:5C:00.0 ibdev=mlx5_0 handler=GPU_SM_DB
[STATUS]: exporting GPUNetIO QP resource=0 lane=18 server=2 qpn=19836 gpu_pci=0000:5C:00.0 ibdev=mlx5_0 handler=GPU_SM_DB
[STATUS]: exporting GPUNetIO QP resource=0 lane=18 server=3 qpn=19837 gpu_pci=0000:5C:00.0 ibdev=mlx5_0 handler=GPU_SM_DB
[STATUS]: exporting GPUNetIO QP resource=0 lane=18 server=4 qpn=19838 gpu_pci=0000:5C:00.0 ibdev=mlx5_0 handler=GPU_SM_DB
[STATUS]: exporting GPUNetIO QP resource=0 lane=19 server=0 qpn=19839 gpu_pci=0000:5C:00.0 ibdev=mlx5_0 handler=GPU_SM_DB
[STATUS]: exporting GPUNetIO QP resource=0 lane=19 server=1 qpn=19840 gpu_pci=0000:5C:00.0 ibdev=mlx5_0 handler=GPU_SM_DB
[STATUS]: exporting GPUNetIO QP resource=0 lane=19 server=2 qpn=19841 gpu_pci=0000:5C:00.0 ibdev=mlx5_0 handler=GPU_SM_DB
[STATUS]: exporting GPUNetIO QP resource=0 lane=19 server=3 qpn=19842 gpu_pci=0000:5C:00.0 ibdev=mlx5_0 handler=GPU_SM_DB
[STATUS]: exporting GPUNetIO QP resource=0 lane=19 server=4 qpn=19843 gpu_pci=0000:5C:00.0 ibdev=mlx5_0 handler=GPU_SM_DB
[STATUS]: exporting GPUNetIO QP resource=0 lane=20 server=0 qpn=19844 gpu_pci=0000:5C:00.0 ibdev=mlx5_0 handler=GPU_SM_DB
[STATUS]: exporting GPUNetIO QP resource=0 lane=20 server=1 qpn=19845 gpu_pci=0000:5C:00.0 ibdev=mlx5_0 handler=GPU_SM_DB
[STATUS]: exporting GPUNetIO QP resource=0 lane=20 server=2 qpn=19846 gpu_pci=0000:5C:00.0 ibdev=mlx5_0 handler=GPU_SM_DB
[STATUS]: exporting GPUNetIO QP resource=0 lane=20 server=3 qpn=19847 gpu_pci=0000:5C:00.0 ibdev=mlx5_0 handler=GPU_SM_DB
[STATUS]: exporting GPUNetIO QP resource=0 lane=20 server=4 qpn=19848 gpu_pci=0000:5C:00.0 ibdev=mlx5_0 handler=GPU_SM_DB
[STATUS]: exporting GPUNetIO QP resource=0 lane=21 server=0 qpn=19849 gpu_pci=0000:5C:00.0 ibdev=mlx5_0 handler=GPU_SM_DB
[STATUS]: exporting GPUNetIO QP resource=0 lane=21 server=1 qpn=19850 gpu_pci=0000:5C:00.0 ibdev=mlx5_0 handler=GPU_SM_DB
[STATUS]: exporting GPUNetIO QP resource=0 lane=21 server=2 qpn=19851 gpu_pci=0000:5C:00.0 ibdev=mlx5_0 handler=GPU_SM_DB
[STATUS]: exporting GPUNetIO QP resource=0 lane=21 server=3 qpn=19852 gpu_pci=0000:5C:00.0 ibdev=mlx5_0 handler=GPU_SM_DB
[STATUS]: exporting GPUNetIO QP resource=0 lane=21 server=4 qpn=19853 gpu_pci=0000:5C:00.0 ibdev=mlx5_0 handler=GPU_SM_DB
[STATUS]: exporting GPUNetIO QP resource=0 lane=22 server=0 qpn=19854 gpu_pci=0000:5C:00.0 ibdev=mlx5_0 handler=GPU_SM_DB
[STATUS]: exporting GPUNetIO QP resource=0 lane=22 server=1 qpn=19855 gpu_pci=0000:5C:00.0 ibdev=mlx5_0 handler=GPU_SM_DB
[STATUS]: exporting GPUNetIO QP resource=0 lane=22 server=2 qpn=19856 gpu_pci=0000:5C:00.0 ibdev=mlx5_0 handler=GPU_SM_DB
[STATUS]: exporting GPUNetIO QP resource=0 lane=22 server=3 qpn=19857 gpu_pci=0000:5C:00.0 ibdev=mlx5_0 handler=GPU_SM_DB
[STATUS]: exporting GPUNetIO QP resource=0 lane=22 server=4 qpn=19858 gpu_pci=0000:5C:00.0 ibdev=mlx5_0 handler=GPU_SM_DB
[STATUS]: exporting GPUNetIO QP resource=0 lane=23 server=0 qpn=19859 gpu_pci=0000:5C:00.0 ibdev=mlx5_0 handler=GPU_SM_DB
[STATUS]: exporting GPUNetIO QP resource=0 lane=23 server=1 qpn=19860 gpu_pci=0000:5C:00.0 ibdev=mlx5_0 handler=GPU_SM_DB
[STATUS]: exporting GPUNetIO QP resource=0 lane=23 server=2 qpn=19861 gpu_pci=0000:5C:00.0 ibdev=mlx5_0 handler=GPU_SM_DB
[STATUS]: exporting GPUNetIO QP resource=0 lane=23 server=3 qpn=19862 gpu_pci=0000:5C:00.0 ibdev=mlx5_0 handler=GPU_SM_DB
[STATUS]: exporting GPUNetIO QP resource=0 lane=23 server=4 qpn=19863 gpu_pci=0000:5C:00.0 ibdev=mlx5_0 handler=GPU_SM_DB
[STATUS]: exporting GPUNetIO QP resource=0 lane=24 server=0 qpn=19864 gpu_pci=0000:5C:00.0 ibdev=mlx5_0 handler=GPU_SM_DB
[STATUS]: exporting GPUNetIO QP resource=0 lane=24 server=1 qpn=19865 gpu_pci=0000:5C:00.0 ibdev=mlx5_0 handler=GPU_SM_DB
[STATUS]: exporting GPUNetIO QP resource=0 lane=24 server=2 qpn=19866 gpu_pci=0000:5C:00.0 ibdev=mlx5_0 handler=GPU_SM_DB
[STATUS]: exporting GPUNetIO QP resource=0 lane=24 server=3 qpn=19867 gpu_pci=0000:5C:00.0 ibdev=mlx5_0 handler=GPU_SM_DB
[STATUS]: exporting GPUNetIO QP resource=0 lane=24 server=4 qpn=19868 gpu_pci=0000:5C:00.0 ibdev=mlx5_0 handler=GPU_SM_DB
[STATUS]: exporting GPUNetIO QP resource=0 lane=25 server=0 qpn=19869 gpu_pci=0000:5C:00.0 ibdev=mlx5_0 handler=GPU_SM_DB
[STATUS]: exporting GPUNetIO QP resource=0 lane=25 server=1 qpn=19870 gpu_pci=0000:5C:00.0 ibdev=mlx5_0 handler=GPU_SM_DB
[STATUS]: exporting GPUNetIO QP resource=0 lane=25 server=2 qpn=19871 gpu_pci=0000:5C:00.0 ibdev=mlx5_0 handler=GPU_SM_DB
[STATUS]: exporting GPUNetIO QP resource=0 lane=25 server=3 qpn=19872 gpu_pci=0000:5C:00.0 ibdev=mlx5_0 handler=GPU_SM_DB
[STATUS]: exporting GPUNetIO QP resource=0 lane=25 server=4 qpn=19873 gpu_pci=0000:5C:00.0 ibdev=mlx5_0 handler=GPU_SM_DB
[STATUS]: exporting GPUNetIO QP resource=0 lane=26 server=0 qpn=19874 gpu_pci=0000:5C:00.0 ibdev=mlx5_0 handler=GPU_SM_DB
[STATUS]: exporting GPUNetIO QP resource=0 lane=26 server=1 qpn=19875 gpu_pci=0000:5C:00.0 ibdev=mlx5_0 handler=GPU_SM_DB
[STATUS]: exporting GPUNetIO QP resource=0 lane=26 server=2 qpn=19876 gpu_pci=0000:5C:00.0 ibdev=mlx5_0 handler=GPU_SM_DB
[STATUS]: exporting GPUNetIO QP resource=0 lane=26 server=3 qpn=19877 gpu_pci=0000:5C:00.0 ibdev=mlx5_0 handler=GPU_SM_DB
[STATUS]: exporting GPUNetIO QP resource=0 lane=26 server=4 qpn=19878 gpu_pci=0000:5C:00.0 ibdev=mlx5_0 handler=GPU_SM_DB
[STATUS]: exporting GPUNetIO QP resource=0 lane=27 server=0 qpn=19879 gpu_pci=0000:5C:00.0 ibdev=mlx5_0 handler=GPU_SM_DB
[STATUS]: exporting GPUNetIO QP resource=0 lane=27 server=1 qpn=19880 gpu_pci=0000:5C:00.0 ibdev=mlx5_0 handler=GPU_SM_DB
[STATUS]: exporting GPUNetIO QP resource=0 lane=27 server=2 qpn=19881 gpu_pci=0000:5C:00.0 ibdev=mlx5_0 handler=GPU_SM_DB
[STATUS]: exporting GPUNetIO QP resource=0 lane=27 server=3 qpn=19882 gpu_pci=0000:5C:00.0 ibdev=mlx5_0 handler=GPU_SM_DB
[STATUS]: exporting GPUNetIO QP resource=0 lane=27 server=4 qpn=19883 gpu_pci=0000:5C:00.0 ibdev=mlx5_0 handler=GPU_SM_DB
[STATUS]: exporting GPUNetIO QP resource=0 lane=28 server=0 qpn=19884 gpu_pci=0000:5C:00.0 ibdev=mlx5_0 handler=GPU_SM_DB
[STATUS]: exporting GPUNetIO QP resource=0 lane=28 server=1 qpn=19885 gpu_pci=0000:5C:00.0 ibdev=mlx5_0 handler=GPU_SM_DB
[STATUS]: exporting GPUNetIO QP resource=0 lane=28 server=2 qpn=19886 gpu_pci=0000:5C:00.0 ibdev=mlx5_0 handler=GPU_SM_DB
[STATUS]: exporting GPUNetIO QP resource=0 lane=28 server=3 qpn=19887 gpu_pci=0000:5C:00.0 ibdev=mlx5_0 handler=GPU_SM_DB
[STATUS]: exporting GPUNetIO QP resource=0 lane=28 server=4 qpn=19888 gpu_pci=0000:5C:00.0 ibdev=mlx5_0 handler=GPU_SM_DB
[STATUS]: exporting GPUNetIO QP resource=0 lane=29 server=0 qpn=19889 gpu_pci=0000:5C:00.0 ibdev=mlx5_0 handler=GPU_SM_DB
[STATUS]: exporting GPUNetIO QP resource=0 lane=29 server=1 qpn=19890 gpu_pci=0000:5C:00.0 ibdev=mlx5_0 handler=GPU_SM_DB
[STATUS]: exporting GPUNetIO QP resource=0 lane=29 server=2 qpn=19891 gpu_pci=0000:5C:00.0 ibdev=mlx5_0 handler=GPU_SM_DB
[STATUS]: exporting GPUNetIO QP resource=0 lane=29 server=3 qpn=19892 gpu_pci=0000:5C:00.0 ibdev=mlx5_0 handler=GPU_SM_DB
[STATUS]: exporting GPUNetIO QP resource=0 lane=29 server=4 qpn=19893 gpu_pci=0000:5C:00.0 ibdev=mlx5_0 handler=GPU_SM_DB
[STATUS]: exporting GPUNetIO QP resource=0 lane=30 server=0 qpn=19894 gpu_pci=0000:5C:00.0 ibdev=mlx5_0 handler=GPU_SM_DB
[STATUS]: exporting GPUNetIO QP resource=0 lane=30 server=1 qpn=19895 gpu_pci=0000:5C:00.0 ibdev=mlx5_0 handler=GPU_SM_DB
[STATUS]: exporting GPUNetIO QP resource=0 lane=30 server=2 qpn=19896 gpu_pci=0000:5C:00.0 ibdev=mlx5_0 handler=GPU_SM_DB
[STATUS]: exporting GPUNetIO QP resource=0 lane=30 server=3 qpn=19897 gpu_pci=0000:5C:00.0 ibdev=mlx5_0 handler=GPU_SM_DB
[STATUS]: exporting GPUNetIO QP resource=0 lane=30 server=4 qpn=19898 gpu_pci=0000:5C:00.0 ibdev=mlx5_0 handler=GPU_SM_DB
[STATUS]: exporting GPUNetIO QP resource=0 lane=31 server=0 qpn=19899 gpu_pci=0000:5C:00.0 ibdev=mlx5_0 handler=GPU_SM_DB
[STATUS]: exporting GPUNetIO QP resource=0 lane=31 server=1 qpn=19900 gpu_pci=0000:5C:00.0 ibdev=mlx5_0 handler=GPU_SM_DB
[STATUS]: exporting GPUNetIO QP resource=0 lane=31 server=2 qpn=19901 gpu_pci=0000:5C:00.0 ibdev=mlx5_0 handler=GPU_SM_DB
[STATUS]: exporting GPUNetIO QP resource=0 lane=31 server=3 qpn=19902 gpu_pci=0000:5C:00.0 ibdev=mlx5_0 handler=GPU_SM_DB
[STATUS]: exporting GPUNetIO QP resource=0 lane=31 server=4 qpn=19903 gpu_pci=0000:5C:00.0 ibdev=mlx5_0 handler=GPU_SM_DB
[STATUS]: GPUNetIO GPU MR registration=peer_memory bytes=3248422912
[STATUS]: GPUNetIO startup RDMA read probe passed for 160 QPs
[STATUS]: GPUNetIO RDMA Read implementation=manual_wqe_locked
1 device(s) found
Selected device: mlx5_0
Selected port state: 4, lid: 1, active_mtu: 5
pairing: 19904 -- 95605
pairing: 19905 -- 95610
pairing: 19906 -- 95611
pairing: 19907 -- 95612
pairing: 19908 -- 95613
pairing: 19909 -- 95614
pairing: 19910 -- 95615
pairing: 19911 -- 95616
pairing: 19912 -- 95617
pairing: 19913 -- 95618
pairing: 19914 -- 95619
pairing: 19915 -- 95620
pairing: 19916 -- 95621
pairing: 19917 -- 95622
pairing: 19918 -- 95623
pairing: 19919 -- 95624
pairing: 19920 -- 95625
pairing: 19921 -- 95626
pairing: 19922 -- 95627
pairing: 19923 -- 95628
pairing: 19924 -- 95629
pairing: 19925 -- 95630
pairing: 19926 -- 95631
pairing: 19927 -- 95632
pairing: 19928 -- 95633
pairing: 19929 -- 95634
pairing: 19930 -- 95635
pairing: 19931 -- 95636
pairing: 19932 -- 95637
pairing: 19933 -- 95638
pairing: 19934 -- 95639
pairing: 19935 -- 95640
pairing: 19936 -- 95606
pairing: 19937 -- 95641
pairing: 19938 -- 95642
pairing: 19939 -- 95643
pairing: 19940 -- 95644
pairing: 19941 -- 95645
pairing: 19942 -- 95646
pairing: 19943 -- 95647
pairing: 19944 -- 95648
pairing: 19945 -- 95649
pairing: 19946 -- 95650
pairing: 19947 -- 95651
pairing: 19948 -- 95652
pairing: 19949 -- 95653
pairing: 19950 -- 95654
pairing: 19951 -- 95655
pairing: 19952 -- 95656
pairing: 19953 -- 95657
pairing: 19954 -- 95658
pairing: 19955 -- 95659
pairing: 19956 -- 95660
pairing: 19957 -- 95661
pairing: 19958 -- 95662
pairing: 19959 -- 95663
pairing: 19960 -- 95664
pairing: 19961 -- 95665
pairing: 19962 -- 95666
pairing: 19963 -- 95667
pairing: 19964 -- 95668
pairing: 19965 -- 95669
pairing: 19966 -- 95670
pairing: 19967 -- 95671
pairing: 19968 -- 95607
pairing: 19969 -- 95672
pairing: 19970 -- 95673
pairing: 19971 -- 95674
pairing: 19972 -- 95675
pairing: 19973 -- 95676
pairing: 19974 -- 95677
pairing: 19975 -- 95678
pairing: 19976 -- 95679
pairing: 19977 -- 95680
pairing: 19978 -- 95681
pairing: 19979 -- 95682
pairing: 19980 -- 95683
pairing: 19981 -- 95684
pairing: 19982 -- 95685
pairing: 19983 -- 95686
pairing: 19984 -- 95687
pairing: 19985 -- 95688
pairing: 19986 -- 95689
pairing: 19987 -- 95690
pairing: 19988 -- 95691
pairing: 19989 -- 95692
pairing: 19990 -- 95693
pairing: 19991 -- 95694
pairing: 19992 -- 95695
pairing: 19993 -- 95696
pairing: 19994 -- 95697
pairing: 19995 -- 95698
pairing: 19996 -- 95699
pairing: 19997 -- 95700
pairing: 19998 -- 95701
pairing: 19999 -- 95702
pairing: 20000 -- 95608
pairing: 20001 -- 95703
pairing: 20002 -- 95704
pairing: 20003 -- 95705
pairing: 20004 -- 95706
pairing: 20005 -- 95707
pairing: 20006 -- 95708
pairing: 20007 -- 95709
pairing: 20008 -- 95710
pairing: 20009 -- 95711
pairing: 20010 -- 95712
pairing: 20011 -- 95713
pairing: 20012 -- 95714
pairing: 20013 -- 95715
pairing: 20014 -- 95716
pairing: 20015 -- 95717
pairing: 20016 -- 95718
pairing: 20017 -- 95719
pairing: 20018 -- 95720
pairing: 20019 -- 95721
pairing: 20020 -- 95722
pairing: 20021 -- 95723
pairing: 20022 -- 95724
pairing: 20023 -- 95725
pairing: 20024 -- 95726
pairing: 20025 -- 95727
pairing: 20026 -- 95728
pairing: 20027 -- 95729
pairing: 20028 -- 95730
pairing: 20029 -- 95731
pairing: 20030 -- 95732
pairing: 20031 -- 95733
pairing: 20032 -- 95609
pairing: 20033 -- 95734
pairing: 20034 -- 95735
pairing: 20035 -- 95736
pairing: 20036 -- 95737
pairing: 20037 -- 95738
pairing: 20038 -- 95739
pairing: 20039 -- 95740
pairing: 20040 -- 95741
pairing: 20041 -- 95742
pairing: 20042 -- 95743
pairing: 20043 -- 95744
pairing: 20044 -- 95745
pairing: 20045 -- 95746
pairing: 20046 -- 95747
pairing: 20047 -- 95748
pairing: 20048 -- 95749
pairing: 20049 -- 95750
pairing: 20050 -- 95751
pairing: 20051 -- 95752
pairing: 20052 -- 95753
pairing: 20053 -- 95754
pairing: 20054 -- 95755
pairing: 20055 -- 95756
pairing: 20056 -- 95757
pairing: 20057 -- 95758
pairing: 20058 -- 95759
pairing: 20059 -- 95760
pairing: 20060 -- 95761
pairing: 20061 -- 95762
pairing: 20062 -- 95763
pairing: 20063 -- 95764
[gpu-search] bootstrap=CPU-posted GPUDirect RDMA; queries=strict GPU-initiated GPUNetIO
[gpu-search] streamed 3200000000 PQ bytes directly into final GPU storage; ordinal audit passed for 15 entries
[gpu-search] persistent occupancy candidate threads=128 hardware_blocks_per_sm=3 configured_cap=4 effective_blocks_per_sm=3 grid_capacity=324 owner_blocks=40 query_blocks=256 resident_query_warps=1024 selected=true
[gpu-search] persistent occupancy candidate threads=256 hardware_blocks_per_sm=1 configured_cap=4 effective_blocks_per_sm=1 grid_capacity=108 owner_blocks=20 query_blocks=86 resident_query_warps=688 selected=false
[gpu-search] persistent kernel resources registers/thread=166 static_shared_bytes=49144 local_bytes/thread=1064 max_threads/block=128
[gpu-search] unified persistent CTAs=40-owner+256-query+1-dispatch+1-control QP-owner-warps=160 threads/CTA=128 query_slots=256 resident_capacity=324 launched=298
[STATUS]: query engine: persistent GPU + GPUNetIO slots=256
[breakdown] preparing workload: workload=query
[breakdown] recall query data ready: count=10000 dtype=uint8 vector_bytes=128
[breakdown] performance query data ready: count=10000000 dtype=uint8 vector_bytes=128 policy=single_pass_no_reuse
[gpu-search] slow query e2e_us=11809 gpu_us=11731 prepare_us=92 graph_us=1824 score_us=827 beam_us=2961 exact_us=170 beam_select_us=78 rdma_issue_us=1646 rdma_wait_us=2322 graph_validation_us=33 neighbor_decode_us=224 pq_score_us=448 visited_us=155 beam_merge_us=2961 graph_reads=133 graph_rereads=0 graph_bytes=44944 graph_extent_reads=133 graph_full_reads=0 graph_extent_fallbacks=0 graph_extent_underhints=0 graph_extent_promotions=0 dynamic_graph_short_reads=0 dynamic_graph_full_reads=0 dynamic_graph_bytes=0 dynamic_graph_fallbacks=0 dynamic_graph_promotions=0 dynamic_graph_demotions=0 logical_expansions=133 critical_graph_reads=133 speculative_graph_reads=0 speculative_promoted=0 speculative_stale=0 speculative_wasted_bytes=0 rdma_completion_latency_ns=5515264 rdma_completion_groups=141 issue_width_max=1 commit_width_max=1 critical_misses=2 certificate_rejects=0 graph_batches=133 graph_rounds=133 route_hits=0 exact_reads=128 exact_snapshot_trains=0 exact_snapshot_fallbacks=0 terminal_exact_cache_attempted=1 terminal_exact_cache_issued=128 terminal_exact_cache_promoted=128 terminal_exact_cache_misses=0 terminal_exact_cache_wasted_bytes=0 terminal_exact_cache_queue_rejects=0 dynamic_pq_reads=0 dynamic_pq_us=0 dynamic_pq_incarnation_rejects=0 dynamic_pq_arena_hits=0 dynamic_pq_batch_deduplicated=0
[gpu-search] slow query e2e_us=12391 gpu_us=12335 prepare_us=91 graph_us=1873 score_us=850 beam_us=3059 exact_us=188 beam_select_us=74 rdma_issue_us=1721 rdma_wait_us=2707 graph_validation_us=22 neighbor_decode_us=210 pq_score_us=485 visited_us=153 beam_merge_us=3059 graph_reads=134 graph_rereads=0 graph_bytes=43360 graph_extent_reads=134 graph_full_reads=0 graph_extent_fallbacks=0 graph_extent_underhints=0 graph_extent_promotions=0 dynamic_graph_short_reads=0 dynamic_graph_full_reads=0 dynamic_graph_bytes=0 dynamic_graph_fallbacks=0 dynamic_graph_promotions=0 dynamic_graph_demotions=0 logical_expansions=134 critical_graph_reads=134 speculative_graph_reads=0 speculative_promoted=0 speculative_stale=0 speculative_wasted_bytes=0 rdma_completion_latency_ns=5941248 rdma_completion_groups=138 issue_width_max=1 commit_width_max=1 critical_misses=1 certificate_rejects=0 graph_batches=134 graph_rounds=134 route_hits=0 exact_reads=128 exact_snapshot_trains=0 exact_snapshot_fallbacks=0 terminal_exact_cache_attempted=1 terminal_exact_cache_issued=128 terminal_exact_cache_promoted=128 terminal_exact_cache_misses=0 terminal_exact_cache_wasted_bytes=0 terminal_exact_cache_queue_rejects=0 dynamic_pq_reads=0 dynamic_pq_us=0 dynamic_pq_incarnation_rejects=0 dynamic_pq_arena_hits=0 dynamic_pq_batch_deduplicated=0
[gpu-search] slow query e2e_us=12696 gpu_us=12657 prepare_us=100 graph_us=1828 score_us=820 beam_us=3068 exact_us=197 beam_select_us=81 rdma_issue_us=1706 rdma_wait_us=3236 graph_validation_us=13 neighbor_decode_us=186 pq_score_us=484 visited_us=149 beam_merge_us=3068 graph_reads=137 graph_rereads=0 graph_bytes=30928 graph_extent_reads=137 graph_full_reads=0 graph_extent_fallbacks=0 graph_extent_underhints=0 graph_extent_promotions=0 dynamic_graph_short_reads=0 dynamic_graph_full_reads=0 dynamic_graph_bytes=0 dynamic_graph_fallbacks=0 dynamic_graph_promotions=0 dynamic_graph_demotions=0 logical_expansions=137 critical_graph_reads=137 speculative_graph_reads=0 speculative_promoted=0 speculative_stale=0 speculative_wasted_bytes=0 rdma_completion_latency_ns=6355968 rdma_completion_groups=141 issue_width_max=1 commit_width_max=1 critical_misses=1 certificate_rejects=0 graph_batches=137 graph_rounds=137 route_hits=0 exact_reads=128 exact_snapshot_trains=1 exact_snapshot_fallbacks=0 terminal_exact_cache_attempted=1 terminal_exact_cache_issued=128 terminal_exact_cache_promoted=125 terminal_exact_cache_misses=0 terminal_exact_cache_wasted_bytes=456 terminal_exact_cache_queue_rejects=0 dynamic_pq_reads=0 dynamic_pq_us=0 dynamic_pq_incarnation_rejects=0 dynamic_pq_arena_hits=0 dynamic_pq_batch_deduplicated=0
[gpu-search] slow query e2e_us=12440 gpu_us=12367 prepare_us=93 graph_us=1841 score_us=838 beam_us=2995 exact_us=202 beam_select_us=80 rdma_issue_us=1712 rdma_wait_us=2856 graph_validation_us=10 neighbor_decode_us=206 pq_score_us=480 visited_us=151 beam_merge_us=2995 graph_reads=135 graph_rereads=0 graph_bytes=36016 graph_extent_reads=135 graph_full_reads=0 graph_extent_fallbacks=0 graph_extent_underhints=0 graph_extent_promotions=0 dynamic_graph_short_reads=0 dynamic_graph_full_reads=0 dynamic_graph_bytes=0 dynamic_graph_fallbacks=0 dynamic_graph_promotions=0 dynamic_graph_demotions=0 logical_expansions=135 critical_graph_reads=135 speculative_graph_reads=0 speculative_promoted=0 speculative_stale=0 speculative_wasted_bytes=0 rdma_completion_latency_ns=5987328 rdma_completion_groups=139 issue_width_max=1 commit_width_max=1 critical_misses=1 certificate_rejects=0 graph_batches=135 graph_rounds=135 route_hits=0 exact_reads=128 exact_snapshot_trains=0 exact_snapshot_fallbacks=0 terminal_exact_cache_attempted=1 terminal_exact_cache_issued=128 terminal_exact_cache_promoted=128 terminal_exact_cache_misses=0 terminal_exact_cache_wasted_bytes=0 terminal_exact_cache_queue_rejects=0 dynamic_pq_reads=0 dynamic_pq_us=0 dynamic_pq_incarnation_rejects=0 dynamic_pq_arena_hits=0 dynamic_pq_batch_deduplicated=0
[gpu-search] slow query e2e_us=12399 gpu_us=12223 prepare_us=94 graph_us=1946 score_us=825 beam_us=3040 exact_us=181 beam_select_us=81 rdma_issue_us=1723 rdma_wait_us=2743 graph_validation_us=28 neighbor_decode_us=198 pq_score_us=474 visited_us=153 beam_merge_us=3040 graph_reads=136 graph_rereads=0 graph_bytes=34560 graph_extent_reads=136 graph_full_reads=0 graph_extent_fallbacks=0 graph_extent_underhints=0 graph_extent_promotions=0 dynamic_graph_short_reads=0 dynamic_graph_full_reads=0 dynamic_graph_bytes=0 dynamic_graph_fallbacks=0 dynamic_graph_promotions=0 dynamic_graph_demotions=0 logical_expansions=136 critical_graph_reads=136 speculative_graph_reads=0 speculative_promoted=0 speculative_stale=0 speculative_wasted_bytes=0 rdma_completion_latency_ns=6206464 rdma_completion_groups=148 issue_width_max=1 commit_width_max=1 critical_misses=3 certificate_rejects=0 graph_batches=136 graph_rounds=136 route_hits=0 exact_reads=128 exact_snapshot_trains=0 exact_snapshot_fallbacks=0 terminal_exact_cache_attempted=1 terminal_exact_cache_issued=128 terminal_exact_cache_promoted=128 terminal_exact_cache_misses=0 terminal_exact_cache_wasted_bytes=0 terminal_exact_cache_queue_rejects=0 dynamic_pq_reads=0 dynamic_pq_us=0 dynamic_pq_incarnation_rejects=0 dynamic_pq_arena_hits=0 dynamic_pq_batch_deduplicated=0
[gpu-search] slow query e2e_us=13706 gpu_us=13353 prepare_us=116 graph_us=1836 score_us=941 beam_us=3008 exact_us=171 beam_select_us=73 rdma_issue_us=1634 rdma_wait_us=3433 graph_validation_us=40 neighbor_decode_us=287 pq_score_us=464 visited_us=188 beam_merge_us=3008 graph_reads=136 graph_rereads=0 graph_bytes=73792 graph_extent_reads=136 graph_full_reads=0 graph_extent_fallbacks=0 graph_extent_underhints=0 graph_extent_promotions=0 dynamic_graph_short_reads=0 dynamic_graph_full_reads=0 dynamic_graph_bytes=0 dynamic_graph_fallbacks=0 dynamic_graph_promotions=0 dynamic_graph_demotions=0 logical_expansions=136 critical_graph_reads=136 speculative_graph_reads=0 speculative_promoted=0 speculative_stale=0 speculative_wasted_bytes=0 rdma_completion_latency_ns=6711296 rdma_completion_groups=144 issue_width_max=1 commit_width_max=1 critical_misses=2 certificate_rejects=0 graph_batches=136 graph_rounds=136 route_hits=0 exact_reads=128 exact_snapshot_trains=0 exact_snapshot_fallbacks=0 terminal_exact_cache_attempted=1 terminal_exact_cache_issued=128 terminal_exact_cache_promoted=128 terminal_exact_cache_misses=0 terminal_exact_cache_wasted_bytes=0 terminal_exact_cache_queue_rejects=0 dynamic_pq_reads=0 dynamic_pq_us=0 dynamic_pq_incarnation_rejects=0 dynamic_pq_arena_hits=0 dynamic_pq_batch_deduplicated=0
[gpu-search] slow query e2e_us=13335 gpu_us=12887 prepare_us=99 graph_us=1925 score_us=833 beam_us=3017 exact_us=191 beam_select_us=75 rdma_issue_us=1797 rdma_wait_us=3198 graph_validation_us=20 neighbor_decode_us=214 pq_score_us=455 visited_us=162 beam_merge_us=3017 graph_reads=133 graph_rereads=0 graph_bytes=47696 graph_extent_reads=133 graph_full_reads=0 graph_extent_fallbacks=0 graph_extent_underhints=0 graph_extent_promotions=0 dynamic_graph_short_reads=0 dynamic_graph_full_reads=0 dynamic_graph_bytes=0 dynamic_graph_fallbacks=0 dynamic_graph_promotions=0 dynamic_graph_demotions=0 logical_expansions=133 critical_graph_reads=133 speculative_graph_reads=0 speculative_promoted=0 speculative_stale=0 speculative_wasted_bytes=0 rdma_completion_latency_ns=6306816 rdma_completion_groups=137 issue_width_max=1 commit_width_max=1 critical_misses=1 certificate_rejects=0 graph_batches=133 graph_rounds=133 route_hits=0 exact_reads=128 exact_snapshot_trains=0 exact_snapshot_fallbacks=0 terminal_exact_cache_attempted=1 terminal_exact_cache_issued=128 terminal_exact_cache_promoted=128 terminal_exact_cache_misses=0 terminal_exact_cache_wasted_bytes=0 terminal_exact_cache_queue_rejects=0 dynamic_pq_reads=0 dynamic_pq_us=0 dynamic_pq_incarnation_rejects=0 dynamic_pq_arena_hits=0 dynamic_pq_batch_deduplicated=0
[gpu-search] slow query e2e_us=13937 gpu_us=13300 prepare_us=91 graph_us=1906 score_us=817 beam_us=3065 exact_us=223 beam_select_us=79 rdma_issue_us=1689 rdma_wait_us=3832 graph_validation_us=25 neighbor_decode_us=189 pq_score_us=481 visited_us=145 beam_merge_us=3065 graph_reads=134 graph_rereads=0 graph_bytes=30496 graph_extent_reads=134 graph_full_reads=0 graph_extent_fallbacks=0 graph_extent_underhints=0 graph_extent_promotions=0 dynamic_graph_short_reads=0 dynamic_graph_full_reads=0 dynamic_graph_bytes=0 dynamic_graph_fallbacks=0 dynamic_graph_promotions=0 dynamic_graph_demotions=0 logical_expansions=134 critical_graph_reads=134 speculative_graph_reads=0 speculative_promoted=0 speculative_stale=0 speculative_wasted_bytes=0 rdma_completion_latency_ns=7050240 rdma_completion_groups=142 issue_width_max=1 commit_width_max=1 critical_misses=2 certificate_rejects=0 graph_batches=134 graph_rounds=134 route_hits=0 exact_reads=128 exact_snapshot_trains=0 exact_snapshot_fallbacks=0 terminal_exact_cache_attempted=1 terminal_exact_cache_issued=128 terminal_exact_cache_promoted=128 terminal_exact_cache_misses=0 terminal_exact_cache_wasted_bytes=0 terminal_exact_cache_queue_rejects=0 dynamic_pq_reads=0 dynamic_pq_us=0 dynamic_pq_incarnation_rejects=0 dynamic_pq_arena_hits=0 dynamic_pq_batch_deduplicated=0
[gpu-search] slow query e2e_us=14072 gpu_us=13290 prepare_us=103 graph_us=2009 score_us=942 beam_us=2959 exact_us=131 beam_select_us=72 rdma_issue_us=1690 rdma_wait_us=3264 graph_validation_us=88 neighbor_decode_us=285 pq_score_us=464 visited_us=191 beam_merge_us=2959 graph_reads=133 graph_rereads=0 graph_bytes=75600 graph_extent_reads=133 graph_full_reads=0 graph_extent_fallbacks=0 graph_extent_underhints=0 graph_extent_promotions=0 dynamic_graph_short_reads=0 dynamic_graph_full_reads=0 dynamic_graph_bytes=0 dynamic_graph_fallbacks=0 dynamic_graph_promotions=0 dynamic_graph_demotions=0 logical_expansions=133 critical_graph_reads=133 speculative_graph_reads=0 speculative_promoted=0 speculative_stale=0 speculative_wasted_bytes=0 rdma_completion_latency_ns=6540288 rdma_completion_groups=149 issue_width_max=1 commit_width_max=1 critical_misses=4 certificate_rejects=0 graph_batches=133 graph_rounds=133 route_hits=0 exact_reads=128 exact_snapshot_trains=0 exact_snapshot_fallbacks=0 terminal_exact_cache_attempted=1 terminal_exact_cache_issued=128 terminal_exact_cache_promoted=128 terminal_exact_cache_misses=0 terminal_exact_cache_wasted_bytes=0 terminal_exact_cache_queue_rejects=0 dynamic_pq_reads=0 dynamic_pq_us=0 dynamic_pq_incarnation_rejects=0 dynamic_pq_arena_hits=0 dynamic_pq_batch_deduplicated=0
[gpu-search] slow query e2e_us=14125 gpu_us=13175 prepare_us=92 graph_us=1771 score_us=825 beam_us=2941 exact_us=186 beam_select_us=74 rdma_issue_us=1643 rdma_wait_us=3982 graph_validation_us=11 neighbor_decode_us=191 pq_score_us=481 visited_us=152 beam_merge_us=2941 graph_reads=134 graph_rereads=0 graph_bytes=36448 graph_extent_reads=134 graph_full_reads=0 graph_extent_fallbacks=0 graph_extent_underhints=0 graph_extent_promotions=0 dynamic_graph_short_reads=0 dynamic_graph_full_reads=0 dynamic_graph_bytes=0 dynamic_graph_fallbacks=0 dynamic_graph_promotions=0 dynamic_graph_demotions=0 logical_expansions=134 critical_graph_reads=134 speculative_graph_reads=0 speculative_promoted=0 speculative_stale=0 speculative_wasted_bytes=0 rdma_completion_latency_ns=7022592 rdma_completion_groups=138 issue_width_max=1 commit_width_max=1 critical_misses=1 certificate_rejects=0 graph_batches=134 graph_rounds=134 route_hits=0 exact_reads=128 exact_snapshot_trains=0 exact_snapshot_fallbacks=0 terminal_exact_cache_attempted=1 terminal_exact_cache_issued=128 terminal_exact_cache_promoted=128 terminal_exact_cache_misses=0 terminal_exact_cache_wasted_bytes=0 terminal_exact_cache_queue_rejects=0 dynamic_pq_reads=0 dynamic_pq_us=0 dynamic_pq_incarnation_rejects=0 dynamic_pq_arena_hits=0 dynamic_pq_batch_deduplicated=0
[gpu-search] slow query e2e_us=13626 gpu_us=12567 prepare_us=99 graph_us=1868 score_us=846 beam_us=3043 exact_us=165 beam_select_us=79 rdma_issue_us=1745 rdma_wait_us=2967 graph_validation_us=19 neighbor_decode_us=205 pq_score_us=481 visited_us=160 beam_merge_us=3043 graph_reads=134 graph_rereads=0 graph_bytes=40608 graph_extent_reads=134 graph_full_reads=0 graph_extent_fallbacks=0 graph_extent_underhints=0 graph_extent_promotions=0 dynamic_graph_short_reads=0 dynamic_graph_full_reads=0 dynamic_graph_bytes=0 dynamic_graph_fallbacks=0 dynamic_graph_promotions=0 dynamic_graph_demotions=0 logical_expansions=134 critical_graph_reads=134 speculative_graph_reads=0 speculative_promoted=0 speculative_stale=0 speculative_wasted_bytes=0 rdma_completion_latency_ns=5975040 rdma_completion_groups=138 issue_width_max=1 commit_width_max=1 critical_misses=1 certificate_rejects=0 graph_batches=134 graph_rounds=134 route_hits=0 exact_reads=128 exact_snapshot_trains=0 exact_snapshot_fallbacks=0 terminal_exact_cache_attempted=1 terminal_exact_cache_issued=128 terminal_exact_cache_promoted=128 terminal_exact_cache_misses=0 terminal_exact_cache_wasted_bytes=0 terminal_exact_cache_queue_rejects=0 dynamic_pq_reads=0 dynamic_pq_us=0 dynamic_pq_incarnation_rejects=0 dynamic_pq_arena_hits=0 dynamic_pq_batch_deduplicated=0
[gpu-search] slow query e2e_us=14230 gpu_us=13103 prepare_us=93 graph_us=2179 score_us=964 beam_us=2977 exact_us=100 beam_select_us=79 rdma_issue_us=1737 rdma_wait_us=2955 graph_validation_us=56 neighbor_decode_us=287 pq_score_us=480 visited_us=196 beam_merge_us=2977 graph_reads=132 graph_rereads=0 graph_bytes=75840 graph_extent_reads=132 graph_full_reads=0 graph_extent_fallbacks=0 graph_extent_underhints=0 graph_extent_promotions=0 dynamic_graph_short_reads=0 dynamic_graph_full_reads=0 dynamic_graph_bytes=0 dynamic_graph_fallbacks=0 dynamic_graph_promotions=0 dynamic_graph_demotions=0 logical_expansions=132 critical_graph_reads=132 speculative_graph_reads=0 speculative_promoted=0 speculative_stale=0 speculative_wasted_bytes=0 rdma_completion_latency_ns=6950912 rdma_completion_groups=144 issue_width_max=1 commit_width_max=1 critical_misses=3 certificate_rejects=0 graph_batches=132 graph_rounds=132 route_hits=0 exact_reads=128 exact_snapshot_trains=0 exact_snapshot_fallbacks=0 terminal_exact_cache_attempted=1 terminal_exact_cache_issued=128 terminal_exact_cache_promoted=128 terminal_exact_cache_misses=0 terminal_exact_cache_wasted_bytes=0 terminal_exact_cache_queue_rejects=0 dynamic_pq_reads=0 dynamic_pq_us=0 dynamic_pq_incarnation_rejects=0 dynamic_pq_arena_hits=0 dynamic_pq_batch_deduplicated=0
[gpu-search] slow query e2e_us=14509 gpu_us=13265 prepare_us=93 graph_us=1726 score_us=795 beam_us=2942 exact_us=199 beam_select_us=73 rdma_issue_us=1601 rdma_wait_us=4110 graph_validation_us=20 neighbor_decode_us=195 pq_score_us=442 visited_us=157 beam_merge_us=2942 graph_reads=133 graph_rereads=0 graph_bytes=42768 graph_extent_reads=133 graph_full_reads=0 graph_extent_fallbacks=0 graph_extent_underhints=0 graph_extent_promotions=0 dynamic_graph_short_reads=0 dynamic_graph_full_reads=0 dynamic_graph_bytes=0 dynamic_graph_fallbacks=0 dynamic_graph_promotions=0 dynamic_graph_demotions=0 logical_expansions=133 critical_graph_reads=133 speculative_graph_reads=0 speculative_promoted=0 speculative_stale=0 speculative_wasted_bytes=0 rdma_completion_latency_ns=7080960 rdma_completion_groups=137 issue_width_max=1 commit_width_max=1 critical_misses=1 certificate_rejects=0 graph_batches=133 graph_rounds=133 route_hits=0 exact_reads=128 exact_snapshot_trains=1 exact_snapshot_fallbacks=0 terminal_exact_cache_attempted=1 terminal_exact_cache_issued=128 terminal_exact_cache_promoted=126 terminal_exact_cache_misses=0 terminal_exact_cache_wasted_bytes=304 terminal_exact_cache_queue_rejects=0 dynamic_pq_reads=0 dynamic_pq_us=0 dynamic_pq_incarnation_rejects=0 dynamic_pq_arena_hits=0 dynamic_pq_batch_deduplicated=0
[gpu-search] slow query e2e_us=13861 gpu_us=12503 prepare_us=94 graph_us=1993 score_us=896 beam_us=3055 exact_us=163 beam_select_us=82 rdma_issue_us=1728 rdma_wait_us=2465 graph_validation_us=52 neighbor_decode_us=257 pq_score_us=468 visited_us=171 beam_merge_us=3055 graph_reads=133 graph_rereads=0 graph_bytes=53520 graph_extent_reads=133 graph_full_reads=0 graph_extent_fallbacks=0 graph_extent_underhints=0 graph_extent_promotions=0 dynamic_graph_short_reads=0 dynamic_graph_full_reads=0 dynamic_graph_bytes=0 dynamic_graph_fallbacks=0 dynamic_graph_promotions=0 dynamic_graph_demotions=0 logical_expansions=133 critical_graph_reads=133 speculative_graph_reads=0 speculative_promoted=0 speculative_stale=0 speculative_wasted_bytes=0 rdma_completion_latency_ns=6012928 rdma_completion_groups=149 issue_width_max=1 commit_width_max=1 critical_misses=4 certificate_rejects=0 graph_batches=133 graph_rounds=133 route_hits=0 exact_reads=128 exact_snapshot_trains=0 exact_snapshot_fallbacks=0 terminal_exact_cache_attempted=1 terminal_exact_cache_issued=128 terminal_exact_cache_promoted=128 terminal_exact_cache_misses=0 terminal_exact_cache_wasted_bytes=0 terminal_exact_cache_queue_rejects=0 dynamic_pq_reads=0 dynamic_pq_us=0 dynamic_pq_incarnation_rejects=0 dynamic_pq_arena_hits=0 dynamic_pq_batch_deduplicated=0
[gpu-search] slow query e2e_us=14999 gpu_us=13457 prepare_us=92 graph_us=2041 score_us=899 beam_us=3040 exact_us=203 beam_select_us=75 rdma_issue_us=1658 rdma_wait_us=3664 graph_validation_us=74 neighbor_decode_us=257 pq_score_us=471 visited_us=170 beam_merge_us=3040 graph_reads=132 graph_rereads=0 graph_bytes=54784 graph_extent_reads=132 graph_full_reads=0 graph_extent_fallbacks=0 graph_extent_underhints=0 graph_extent_promotions=0 dynamic_graph_short_reads=0 dynamic_graph_full_reads=0 dynamic_graph_bytes=0 dynamic_graph_fallbacks=0 dynamic_graph_promotions=0 dynamic_graph_demotions=0 logical_expansions=132 critical_graph_reads=132 speculative_graph_reads=0 speculative_promoted=0 speculative_stale=0 speculative_wasted_bytes=0 rdma_completion_latency_ns=7346176 rdma_completion_groups=152 issue_width_max=1 commit_width_max=1 critical_misses=5 certificate_rejects=0 graph_batches=132 graph_rounds=132 route_hits=0 exact_reads=128 exact_snapshot_trains=0 exact_snapshot_fallbacks=0 terminal_exact_cache_attempted=1 terminal_exact_cache_issued=128 terminal_exact_cache_promoted=128 terminal_exact_cache_misses=0 terminal_exact_cache_wasted_bytes=0 terminal_exact_cache_queue_rejects=0 dynamic_pq_reads=0 dynamic_pq_us=0 dynamic_pq_incarnation_rejects=0 dynamic_pq_arena_hits=0 dynamic_pq_batch_deduplicated=0
[gpu-search] slow query e2e_us=14930 gpu_us=13298 prepare_us=93 graph_us=1839 score_us=901 beam_us=3061 exact_us=226 beam_select_us=74 rdma_issue_us=1707 rdma_wait_us=3522 graph_validation_us=23 neighbor_decode_us=251 pq_score_us=478 visited_us=170 beam_merge_us=3061 graph_reads=133 graph_rereads=0 graph_bytes=47440 graph_extent_reads=133 graph_full_reads=0 graph_extent_fallbacks=0 graph_extent_underhints=0 graph_extent_promotions=0 dynamic_graph_short_reads=0 dynamic_graph_full_reads=0 dynamic_graph_bytes=0 dynamic_graph_fallbacks=0 dynamic_graph_promotions=0 dynamic_graph_demotions=0 logical_expansions=133 critical_graph_reads=133 speculative_graph_reads=0 speculative_promoted=0 speculative_stale=0 speculative_wasted_bytes=0 rdma_completion_latency_ns=6635520 rdma_completion_groups=137 issue_width_max=1 commit_width_max=1 critical_misses=1 certificate_rejects=0 graph_batches=133 graph_rounds=133 route_hits=0 exact_reads=128 exact_snapshot_trains=1 exact_snapshot_fallbacks=0 terminal_exact_cache_attempted=1 terminal_exact_cache_issued=128 terminal_exact_cache_promoted=127 terminal_exact_cache_misses=0 terminal_exact_cache_wasted_bytes=152 terminal_exact_cache_queue_rejects=0 dynamic_pq_reads=0 dynamic_pq_us=0 dynamic_pq_incarnation_rejects=0 dynamic_pq_arena_hits=0 dynamic_pq_batch_deduplicated=0
[breakdown][recall] done 1000/1000 ops, avg_rate=14786.3 ops/s
[breakdown][recall] before_performance recall@10=0.9308 queries=1000
[breakdown] effective insert start id=100010000
[breakdown] starting warmup query
[breakdown][warmup-query] progress elapsed=5s/5s, completed=90897 ops, rate=18179.4 ops/s, interval_rate=18179.4 ops/s
[breakdown][warmup-query] done measurement_elapsed=5s/5s, measurement_completed=90897 ops, measurement_avg_rate=18179.4 ops/s, drain_elapsed=0.0150445s, drain_completed=254 ops
[breakdown] starting measure phase
[breakdown][measure-query] progress elapsed=5s/10s, completed=91072 ops, rate=18214.4 ops/s, interval_rate=18214.4 ops/s
[breakdown][measure-query] progress elapsed=10s/10s, completed=182226 ops, rate=18222.6 ops/s, interval_rate=18230.8 ops/s
[breakdown][measure-query] done measurement_elapsed=10s/10s, measurement_completed=182226 ops, measurement_avg_rate=18222.6 ops/s, drain_elapsed=0.0157359s, drain_completed=256 ops
[breakdown][static_gt_post_recall] done 1000/1000 ops, avg_rate=15610 ops/s
[breakdown][recall] after_performance recall@10=0.9308 queries=1000
system_variant
  profile_name: 04_gpu_persistent_gpunetio
  label: full
  update_mutation_api: insert_upsert_erase
  storage_owner_update_completion_mode: decoupled
  gpu_dynamic_graph_access_mode: adaptive
  gpu_rdma_search_progression_mode: manual
  index_prefix: /data/xjs/index/dvstor_sift100m/index/sift100m_R96_bw128_metis_pmd32_pq32_schema16
  index_schema_version: 16
  index_build_fingerprint: 68737734120060254
query_inputs
  recall_source: /data/xjs/index/dvstor_sift100m/converted/query.u8bin
  recall_rows: 10000
  performance_source: /data/xjs/datasets/sift1b/sift100m_to_110m_query.u8bin
  performance_rows: 10000000
  performance_row_reuse_policy: single_pass_no_reuse
  performance_warmup/measure/total_rows_consumed: 91151/182482/273633
throughput
  duration_seconds: 10.0156
  total_ops_per_sec: 18219.7 (ops=182482)
  query_ops_per_sec: 18219.7 (ops=182482)
  effective_query_ops_per_sec: 18219.7
  write_ops_per_sec: 0 (ops=0)
  effective_write_ops_per_sec: 0
  insert_ops_per_sec: 0 (ops=0)
  client_drain_seconds: 0.015643
  scheduled_query/write_ops: 0/0
  query/write_rate_attainment_ratio: 1/1
  nominal/effective_rate_basis: effective_wall_clock/wall_clock_including_client_drain
  query_head/tail_qps: 18222.6/18222.6
  query_tail_to_head_ratio: 1
  query_min_5s_qps: 18214.4
  write_head/tail_qps: 0/0
  write_tail_to_head_ratio: 0
  write_min_5s_qps: 0
  zero_completion_windows: 0
  zero_query/write_windows: 0/0
stage2
  source: storage_logs
  shards observed/requested: 0/5
  p99_stage2_delay_upper_ms: unavailable
  remaining/max_backlog: 0/0
  completion_outstanding/admission_window: unavailable
  completion_incomplete/admission_window: unavailable
  completion admission stalls logical/physical: unavailable
  backlog_slope_per_sec: 0
  failures (hard): 0
  peer_reverse_retry_attempts: unavailable
  locality telemetry: unavailable
  search budget exhausted (stage1/stage2): unavailable
  execution batching: unavailable
  executor service demand: unavailable
recall
  recall@10: 0.9308
  queries: 1000
  mode/base_id_limit/search_width/insufficient_queries: all/0/10/0
  query_file: /data/xjs/index/dvstor_sift100m/converted/query.u8bin
  groundtruth_file: /data/xjs/index/dvstor_sift100m/converted/groundtruth_100M.bin
static_gt_post_recall
  recall@10: 0.9308
  queries: 1000
  mode/base_id_limit/search_width/insufficient_queries: all/0/10/0
  query_file: /data/xjs/index/dvstor_sift100m/converted/query.u8bin
  groundtruth_file: /data/xjs/index/dvstor_sift100m/converted/groundtruth_100M.bin
gpu_persistent
  GPU memory explicit/base_pq/route GiB: 4.30936/2.98023/2.87592e-06
  average_batch_size: 1.08244
  average_submission_wait_us: 3.28929
  rdma_read_bytes: 12901900576
  owner WQE submitted/capacity/utilization: 89838340/18942158848/0.00474277
  owner critical/speculative batches: 24878665/0
  graph_route_hit_ratio/refreshes: 0/0
  graph snapshot reread records total/per_query: 0/0
  graph RDMA bytes total/per_query/per_parent: 9351530784/51246.3/381.845
  graph live/full/fallback/underhint/promotions reads: 24490366/0/0/0/0
  expanded parents/neighbor sum/average degree: 24490366/1035527167/42.283
  expanded degree histogram (ceil(degree/8), overflow=13): [0,23813,767679,3020748,4611624,4655578,3814064,2727952,1826052,1162437,725272,515605,639542,0]
  dynamic expanded parents/neighbor sum/average degree/share: 0/0/0/0
  dynamic expanded degree histogram (ceil(degree/8), overflow=13): [0,0,0,0,0,0,0,0,0,0,0,0,0,0]
  DynaExtent short/full/bytes/fallback/promotions/demotions: 0/0/0/0/0/0
  DynaExtent snapshot-attempts/nonfallback-full-attempts/short-physical-ratio/fallback-ratio/bytes-per-physical-read: 0/0/0/0/0
  ASFE logical expansions total/per_query: 24490366/134.207
  ASFE critical/speculative graph reads: 24490366/0
  ASFE critical/speculative graph bytes: 9351530784/0
  ASFE core reads/bytes/arrived/promoted/stale: 23957799/9106063920/23957799/23957799/350085
  ASFE core waves/ready waves/ready ratio: 23957799/239498/0.00999666
  terminal exact cache attempts/rate: 182482/1
  terminal exact cache issued/promoted/misses/rejects (total/per_query): 23357696/128, 23290506/127.632, 0/0, 0/0
  terminal exact cache promotion/waste ratio: 0.997123/0.00287657
  terminal exact cache wasted bytes total/per_query: 10212880/55.9665
  ASFE completion scoring batches/candidates (total/per_query/candidates_per_batch): 24490366/134.207, 1035527167/5674.68/42.283
  ASFE reusable exact certificates total/per_query: 24490366/134.207
  ASFE streamed runs/ordered scoring batches/candidates (total/per_query/candidates_per_batch): 26088067/142.962, 0/0, 0/0/0
  OOO ROB parents retired beyond an unresolved rank hole (total/per_query): 0/0
  ASFE reusable prefix ranks/full/issued certificates (total/per_query): 24307884/133.207, 0/0, 23957799/131.289
  ASFE certificate rejects total/per_query: 0/0
  ASFE speculative wasted bytes/ratio: 0/0
  ASFE speculative arrived/promoted/stale/queue_rejects: 0/0/0/0
  ASFE promotion/waste ratio: 0/0
  ASFE issue/commit epochs: 24307884/24490366
  ASFE average issue/commit width: 1/1
  ASFE issue capacity/utilization: 1/1
  ASFE max issue/commit width: 1/1
  ASFE critical ROB hits/speculative wait ns/us_per_query: 23957799/651828894368/3572.02
  ASFE critical misses/ROB hit ratio: 532567/0.978254
  ASFE RDMA completion groups/avg us (critical/speculative): 26620634/49.2043 (0/0)
  GPU occupancy threads/registers/static_shared: 128/166/49144
  GPU occupancy active/effective blocks per SM: 3/3
  GPU persistent query/owner/total blocks: 256/40/298
  centroid route publications/shard_updates/live/snapshot_skips: 0/0/20/0
  centroid route probe_reads/body_reads/unchanged_polls/poll_us: 790/0/158/63501
  centroid route query snapshot retries/timeouts: 0/0
  GPU query/prepare/graph/score/beam/exact us: 13962.7/112.871/2103.79/949.779/3087.76/182.419
  exact snapshot train batches/fallbacks/success ratio: 40450/0/1
  GPU graph commit/issue width: 1/1
  GPU graph read/dynamic extent: live-extent/1
  GPU Beam merge policy: stable-run
  Stage2 score-many/graph-issue/home-combining: 1/16/1
  GPU Beam merge total/prepare/sort/materialize us: 3087.76/74.0135/1205.11/1808.63
  dynamic PQ candidates/reads/bytes/incarnation_rejects: 0/0/0/0
  dynamic PQ reads/query and wait_us/query: 0/0
  dynamic PQ arena hits/batch_dedup/authoritative_avoidance: 0/0/0
  dynamic PQ arena publish success/race/capacity: 0/0/25431721
storage_owner_runtime
  submitted/completed batches: 0/0
  submitted/completed items: 0/0
  average batch / average RPC wall us / max RPC wall us: 0/0/0
query breakdown
  count: 182482
  latency_ms: mean=14.036 p50=13.8833 p95=15.6287 p99=16.8083 p999=18.5181
  fine_grained_breakdown: disabled
json: /home/xjs/experiment/dvstor/experiment/sift100m/program3/results/program3_20260831_191030/motivation_c1/04_gpu_persistent_gpunetio/sift100m_04_gpu_persistent_gpunetio_20260831_191052.json
text: /home/xjs/experiment/dvstor/experiment/sift100m/program3/results/program3_20260831_191030/motivation_c1/04_gpu_persistent_gpunetio/sift100m_04_gpu_persistent_gpunetio_20260831_191052.txt
