[breakdown] concurrency clients=336 source=auto auto_required=336 auto_cap=512 gpu_query_slots=256 storage_rpc_inflight=80 (5x16) derivation=sum(active_bounded_path_capacities);shared_rate_pacer
[breakdown] performance query: /data/xjs/datasets/sift1b/sift100m_to_110m_query.u8bin [100000000,110000000)
[breakdown] insert: /data/xjs/datasets/sift1b/sift110m_to_120m_insert.u8bin [110000000,120000000)
[breakdown] unique performance-query budget rows=10000000 total_timed_seconds=25 max_average_query_qps_without_reuse=400000.0
[ 15%] Built target rdma_library
[ 25%] Built target dvstor_gpu_kernels
[ 80%] Built target dvstor_runtime
[ 90%] Built target dvstor_breakdown_support
[ 90%] Linking CXX executable dvstor_breakdown_benchmark
[100%] Built target dvstor_breakdown_benchmark
[mn-memory] auto=24 GiB source=metadata policy=20% of base nodes limiting_shard=2 dynamic_slots=4120200 record_bytes=1040
[breakdown] profile=04_gpu_persistent_gpunetio command: /home/xjs/experiment/dvstor/build/dvstor_breakdown_benchmark --service-config /home/xjs/experiment/dvstor/motivation/program2/results/program2_20260823_003955/fixed/04_gpu_persistent_gpunetio/service_04_gpu_persistent_gpunetio_20260823_004010.ini --profile-name 04_gpu_persistent_gpunetio --system-variant-label full --workload mixed --warmup-ops 100 --measure-ops 1000 --warmup-seconds 5 --measure-seconds 20 --client-threads 336 --read-ratio 0.5 --mixed-mode rate_limited --target-query-qps 100000 --target-write-qps 500 --write-insert-ratio 1 --write-upsert-ratio 0 --write-delete-ratio 0 --report-json /home/xjs/experiment/dvstor/motivation/program2/results/program2_20260823_003955/fixed/04_gpu_persistent_gpunetio/sift100m_04_gpu_persistent_gpunetio_20260823_004010.json --report-text /home/xjs/experiment/dvstor/motivation/program2/results/program2_20260823_003955/fixed/04_gpu_persistent_gpunetio/sift100m_04_gpu_persistent_gpunetio_20260823_004010.txt --recall-query-file /data/xjs/index/dvstor_sift100m/converted/query.u8bin --groundtruth-file /data/xjs/index/dvstor_sift100m/converted/groundtruth_100M.bin --recall-queries 1000 --recall-k 10 --recall-mode all --recall-base-id-limit 0 --performance-query-file /data/xjs/datasets/sift1b/sift100m_to_110m_query.u8bin --insert-start-id 111000000 --insert-file /data/xjs/datasets/sift1b/sift110m_to_120m_insert.u8bin --storage-maintenance-log /home/xjs/experiment/dvstor/experiment/logs/memory_node_1_04_gpu_persistent_gpunetio.log --storage-maintenance-log /home/xjs/experiment/dvstor/experiment/logs/memory_node_2_04_gpu_persistent_gpunetio.log --storage-maintenance-log /home/xjs/experiment/dvstor/experiment/logs/memory_node_3_04_gpu_persistent_gpunetio.log --storage-maintenance-log /home/xjs/experiment/dvstor/experiment/logs/memory_node_4_04_gpu_persistent_gpunetio.log --storage-maintenance-log /home/xjs/experiment/dvstor/experiment/logs/memory_node_5_04_gpu_persistent_gpunetio.log
============================================================
                        CLIENT
============================================================
connect to:                   [192.168.6.202:1234, 192.168.6.202:1235, 192.168.6.202:1236, 192.168.6.202:1237, 192.168.6.202:1238, ]
is initiator:                 true
TCP port:                     2234
IB device:                    <auto>
IB port:                      1
max outstanding CQEs:         64
max send work requests:       4096
max receive work requests:    4096
============================================================
index prefix:                     "/data/xjs/index/dvstor_sift100m/index/sift100m_R96_bw128_metis_pmd32_pq32_schema16"
threads:                          64
dimension:                        128
max vectors:                      100000000
vector ID namespace [0,N):        4294967295
K / R:                            10 / 96
vector data type:                 uint8
--------------------------------------------------------------------
query engine:                     persistent_gpu_opq_pq
remote transport:                 GPU-initiated GPUNetIO
GPU device:                       1
GPU concurrent query slots:       256
GPU memory limit/reserve GiB:     40/4
GPU traversal/rerank width:       128/128
GPU max expansions:               384
GPU graph commit/issue width:     16/32
dynamic graph access mode:        manual
GPU graph read policy:            fixed
GPU dynamic graph extent:         true
GPU-RDMA progression mode:        decoupled
GPU Beam merge policy:            stable-run
query RDMA trace mode/rate:       off/1000
query RDMA trace output:          ""
GPU RDMA QPs per storage node:    32
GPU direct CQ timeout ms:         250
GPU persistent blocks/SM cap:     4
compute updates enabled:          true
storage update completion mode:   decoupled
storage update protocol:          centroid-home two-stage
storage RPC depth/batch:          16/32
storage batch max wait us:        10000
storage Stage2 batch max wait us: 25000
storage Stage2 initial delay ms:  0
Stage2 exact score-many:          true
Stage2 home RPC combining:        true
Stage2 graph issue width:         16
storage peer QPs per peer:        8
storage stage2 maintenance:       8 workers, backlog 65536
====================================================================
1 device(s) found
Selected device: mlx5_0
Selected port state: 4, lid: 1
interleaved policy
num_cores: 112
physical cores per socket: 28
hyperthreading enabled
local process CPU partition: rank 0/1 logical_cpus=112
client id: 0
number of clients: 1
connect to server 192.168.6.202:1234
pairing: 122496 -- 51982
connect to server 192.168.6.202:1235
pairing: 122497 -- 51983
connect to server 192.168.6.202:1236
pairing: 122498 -- 51984
connect to server 192.168.6.202:1237
pairing: 122499 -- 51985
connect to server 192.168.6.202:1238
pairing: 122500 -- 51986
[STATUS]: receive access tokens of remote memory regions
[STATUS]: loaded schema-16 GPU index metadata from /data/xjs/index/dvstor_sift100m/index/sift100m_R96_bw128_metis_pmd32_pq32_schema16 (OPQ/PQ32, vector_data_type=uint8)
[STATUS]: storage-owner authority: deterministic ID shard; physical placement: storage directory + centroid home
[STATUS]: search: GPU-persistent OPQ/PQ32 beam + final RDMA exact rerank
[gpu-search] synthesized navigation manifest in memory from metadata
[gpu-search] graph-read-policy=fixed graph_record_bytes=832
[gpu-search] query routing=versioned centroid routes centroid_shards=5 live_entries_per_shard=4 start_shards=1
[gpu-search] navigation budget codes=3200000000 dynamic_code_scratch=20971520 dynamic_code_arena=915541956 dynamic_code_arena_slots=25431721 dynamic_request_scratch=10485760 navigation_candidates=6291456 direct_queue_scratch=1866240 graph_scratch=16777216 graph_request_metadata=0 speculative_graph_request_metadata=237568 graph_extent_classes=0 query_rdma_trace=0 centroid_route=528 shard_centroids=2560 explicit=4527077356 limit=38654705664 bytes
[STATUS]: exporting GPUNetIO QP resource=0 lane=0 server=0 qpn=122501 gpu_pci=0000:5C:00.0 ibdev=mlx5_0 handler=GPU_SM_DB
[STATUS]: exporting GPUNetIO QP resource=0 lane=0 server=1 qpn=122502 gpu_pci=0000:5C:00.0 ibdev=mlx5_0 handler=GPU_SM_DB
[STATUS]: exporting GPUNetIO QP resource=0 lane=0 server=2 qpn=122503 gpu_pci=0000:5C:00.0 ibdev=mlx5_0 handler=GPU_SM_DB
[STATUS]: exporting GPUNetIO QP resource=0 lane=0 server=3 qpn=122504 gpu_pci=0000:5C:00.0 ibdev=mlx5_0 handler=GPU_SM_DB
[STATUS]: exporting GPUNetIO QP resource=0 lane=0 server=4 qpn=122505 gpu_pci=0000:5C:00.0 ibdev=mlx5_0 handler=GPU_SM_DB
[STATUS]: exporting GPUNetIO QP resource=0 lane=1 server=0 qpn=122506 gpu_pci=0000:5C:00.0 ibdev=mlx5_0 handler=GPU_SM_DB
[STATUS]: exporting GPUNetIO QP resource=0 lane=1 server=1 qpn=122507 gpu_pci=0000:5C:00.0 ibdev=mlx5_0 handler=GPU_SM_DB
[STATUS]: exporting GPUNetIO QP resource=0 lane=1 server=2 qpn=122508 gpu_pci=0000:5C:00.0 ibdev=mlx5_0 handler=GPU_SM_DB
[STATUS]: exporting GPUNetIO QP resource=0 lane=1 server=3 qpn=122509 gpu_pci=0000:5C:00.0 ibdev=mlx5_0 handler=GPU_SM_DB
[STATUS]: exporting GPUNetIO QP resource=0 lane=1 server=4 qpn=122510 gpu_pci=0000:5C:00.0 ibdev=mlx5_0 handler=GPU_SM_DB
[STATUS]: exporting GPUNetIO QP resource=0 lane=2 server=0 qpn=122511 gpu_pci=0000:5C:00.0 ibdev=mlx5_0 handler=GPU_SM_DB
[STATUS]: exporting GPUNetIO QP resource=0 lane=2 server=1 qpn=122512 gpu_pci=0000:5C:00.0 ibdev=mlx5_0 handler=GPU_SM_DB
[STATUS]: exporting GPUNetIO QP resource=0 lane=2 server=2 qpn=122513 gpu_pci=0000:5C:00.0 ibdev=mlx5_0 handler=GPU_SM_DB
[STATUS]: exporting GPUNetIO QP resource=0 lane=2 server=3 qpn=122514 gpu_pci=0000:5C:00.0 ibdev=mlx5_0 handler=GPU_SM_DB
[STATUS]: exporting GPUNetIO QP resource=0 lane=2 server=4 qpn=122515 gpu_pci=0000:5C:00.0 ibdev=mlx5_0 handler=GPU_SM_DB
[STATUS]: exporting GPUNetIO QP resource=0 lane=3 server=0 qpn=122516 gpu_pci=0000:5C:00.0 ibdev=mlx5_0 handler=GPU_SM_DB
[STATUS]: exporting GPUNetIO QP resource=0 lane=3 server=1 qpn=122517 gpu_pci=0000:5C:00.0 ibdev=mlx5_0 handler=GPU_SM_DB
[STATUS]: exporting GPUNetIO QP resource=0 lane=3 server=2 qpn=122518 gpu_pci=0000:5C:00.0 ibdev=mlx5_0 handler=GPU_SM_DB
[STATUS]: exporting GPUNetIO QP resource=0 lane=3 server=3 qpn=122519 gpu_pci=0000:5C:00.0 ibdev=mlx5_0 handler=GPU_SM_DB
[STATUS]: exporting GPUNetIO QP resource=0 lane=3 server=4 qpn=122520 gpu_pci=0000:5C:00.0 ibdev=mlx5_0 handler=GPU_SM_DB
[STATUS]: exporting GPUNetIO QP resource=0 lane=4 server=0 qpn=122521 gpu_pci=0000:5C:00.0 ibdev=mlx5_0 handler=GPU_SM_DB
[STATUS]: exporting GPUNetIO QP resource=0 lane=4 server=1 qpn=122522 gpu_pci=0000:5C:00.0 ibdev=mlx5_0 handler=GPU_SM_DB
[STATUS]: exporting GPUNetIO QP resource=0 lane=4 server=2 qpn=122523 gpu_pci=0000:5C:00.0 ibdev=mlx5_0 handler=GPU_SM_DB
[STATUS]: exporting GPUNetIO QP resource=0 lane=4 server=3 qpn=122524 gpu_pci=0000:5C:00.0 ibdev=mlx5_0 handler=GPU_SM_DB
[STATUS]: exporting GPUNetIO QP resource=0 lane=4 server=4 qpn=122525 gpu_pci=0000:5C:00.0 ibdev=mlx5_0 handler=GPU_SM_DB
[STATUS]: exporting GPUNetIO QP resource=0 lane=5 server=0 qpn=122526 gpu_pci=0000:5C:00.0 ibdev=mlx5_0 handler=GPU_SM_DB
[STATUS]: exporting GPUNetIO QP resource=0 lane=5 server=1 qpn=122527 gpu_pci=0000:5C:00.0 ibdev=mlx5_0 handler=GPU_SM_DB
[STATUS]: exporting GPUNetIO QP resource=0 lane=5 server=2 qpn=122528 gpu_pci=0000:5C:00.0 ibdev=mlx5_0 handler=GPU_SM_DB
[STATUS]: exporting GPUNetIO QP resource=0 lane=5 server=3 qpn=122529 gpu_pci=0000:5C:00.0 ibdev=mlx5_0 handler=GPU_SM_DB
[STATUS]: exporting GPUNetIO QP resource=0 lane=5 server=4 qpn=122530 gpu_pci=0000:5C:00.0 ibdev=mlx5_0 handler=GPU_SM_DB
[STATUS]: exporting GPUNetIO QP resource=0 lane=6 server=0 qpn=122531 gpu_pci=0000:5C:00.0 ibdev=mlx5_0 handler=GPU_SM_DB
[STATUS]: exporting GPUNetIO QP resource=0 lane=6 server=1 qpn=122532 gpu_pci=0000:5C:00.0 ibdev=mlx5_0 handler=GPU_SM_DB
[STATUS]: exporting GPUNetIO QP resource=0 lane=6 server=2 qpn=122533 gpu_pci=0000:5C:00.0 ibdev=mlx5_0 handler=GPU_SM_DB
[STATUS]: exporting GPUNetIO QP resource=0 lane=6 server=3 qpn=122534 gpu_pci=0000:5C:00.0 ibdev=mlx5_0 handler=GPU_SM_DB
[STATUS]: exporting GPUNetIO QP resource=0 lane=6 server=4 qpn=122535 gpu_pci=0000:5C:00.0 ibdev=mlx5_0 handler=GPU_SM_DB
[STATUS]: exporting GPUNetIO QP resource=0 lane=7 server=0 qpn=122536 gpu_pci=0000:5C:00.0 ibdev=mlx5_0 handler=GPU_SM_DB
[STATUS]: exporting GPUNetIO QP resource=0 lane=7 server=1 qpn=122537 gpu_pci=0000:5C:00.0 ibdev=mlx5_0 handler=GPU_SM_DB
[STATUS]: exporting GPUNetIO QP resource=0 lane=7 server=2 qpn=122538 gpu_pci=0000:5C:00.0 ibdev=mlx5_0 handler=GPU_SM_DB
[STATUS]: exporting GPUNetIO QP resource=0 lane=7 server=3 qpn=122539 gpu_pci=0000:5C:00.0 ibdev=mlx5_0 handler=GPU_SM_DB
[STATUS]: exporting GPUNetIO QP resource=0 lane=7 server=4 qpn=122540 gpu_pci=0000:5C:00.0 ibdev=mlx5_0 handler=GPU_SM_DB
[STATUS]: exporting GPUNetIO QP resource=0 lane=8 server=0 qpn=122541 gpu_pci=0000:5C:00.0 ibdev=mlx5_0 handler=GPU_SM_DB
[STATUS]: exporting GPUNetIO QP resource=0 lane=8 server=1 qpn=122542 gpu_pci=0000:5C:00.0 ibdev=mlx5_0 handler=GPU_SM_DB
[STATUS]: exporting GPUNetIO QP resource=0 lane=8 server=2 qpn=122543 gpu_pci=0000:5C:00.0 ibdev=mlx5_0 handler=GPU_SM_DB
[STATUS]: exporting GPUNetIO QP resource=0 lane=8 server=3 qpn=122544 gpu_pci=0000:5C:00.0 ibdev=mlx5_0 handler=GPU_SM_DB
[STATUS]: exporting GPUNetIO QP resource=0 lane=8 server=4 qpn=122545 gpu_pci=0000:5C:00.0 ibdev=mlx5_0 handler=GPU_SM_DB
[STATUS]: exporting GPUNetIO QP resource=0 lane=9 server=0 qpn=122546 gpu_pci=0000:5C:00.0 ibdev=mlx5_0 handler=GPU_SM_DB
[STATUS]: exporting GPUNetIO QP resource=0 lane=9 server=1 qpn=122547 gpu_pci=0000:5C:00.0 ibdev=mlx5_0 handler=GPU_SM_DB
[STATUS]: exporting GPUNetIO QP resource=0 lane=9 server=2 qpn=122548 gpu_pci=0000:5C:00.0 ibdev=mlx5_0 handler=GPU_SM_DB
[STATUS]: exporting GPUNetIO QP resource=0 lane=9 server=3 qpn=122549 gpu_pci=0000:5C:00.0 ibdev=mlx5_0 handler=GPU_SM_DB
[STATUS]: exporting GPUNetIO QP resource=0 lane=9 server=4 qpn=122550 gpu_pci=0000:5C:00.0 ibdev=mlx5_0 handler=GPU_SM_DB
[STATUS]: exporting GPUNetIO QP resource=0 lane=10 server=0 qpn=122551 gpu_pci=0000:5C:00.0 ibdev=mlx5_0 handler=GPU_SM_DB
[STATUS]: exporting GPUNetIO QP resource=0 lane=10 server=1 qpn=122552 gpu_pci=0000:5C:00.0 ibdev=mlx5_0 handler=GPU_SM_DB
[STATUS]: exporting GPUNetIO QP resource=0 lane=10 server=2 qpn=122553 gpu_pci=0000:5C:00.0 ibdev=mlx5_0 handler=GPU_SM_DB
[STATUS]: exporting GPUNetIO QP resource=0 lane=10 server=3 qpn=122554 gpu_pci=0000:5C:00.0 ibdev=mlx5_0 handler=GPU_SM_DB
[STATUS]: exporting GPUNetIO QP resource=0 lane=10 server=4 qpn=122555 gpu_pci=0000:5C:00.0 ibdev=mlx5_0 handler=GPU_SM_DB
[STATUS]: exporting GPUNetIO QP resource=0 lane=11 server=0 qpn=122556 gpu_pci=0000:5C:00.0 ibdev=mlx5_0 handler=GPU_SM_DB
[STATUS]: exporting GPUNetIO QP resource=0 lane=11 server=1 qpn=122557 gpu_pci=0000:5C:00.0 ibdev=mlx5_0 handler=GPU_SM_DB
[STATUS]: exporting GPUNetIO QP resource=0 lane=11 server=2 qpn=122558 gpu_pci=0000:5C:00.0 ibdev=mlx5_0 handler=GPU_SM_DB
[STATUS]: exporting GPUNetIO QP resource=0 lane=11 server=3 qpn=122559 gpu_pci=0000:5C:00.0 ibdev=mlx5_0 handler=GPU_SM_DB
[STATUS]: exporting GPUNetIO QP resource=0 lane=11 server=4 qpn=122560 gpu_pci=0000:5C:00.0 ibdev=mlx5_0 handler=GPU_SM_DB
[STATUS]: exporting GPUNetIO QP resource=0 lane=12 server=0 qpn=122561 gpu_pci=0000:5C:00.0 ibdev=mlx5_0 handler=GPU_SM_DB
[STATUS]: exporting GPUNetIO QP resource=0 lane=12 server=1 qpn=122562 gpu_pci=0000:5C:00.0 ibdev=mlx5_0 handler=GPU_SM_DB
[STATUS]: exporting GPUNetIO QP resource=0 lane=12 server=2 qpn=122563 gpu_pci=0000:5C:00.0 ibdev=mlx5_0 handler=GPU_SM_DB
[STATUS]: exporting GPUNetIO QP resource=0 lane=12 server=3 qpn=122564 gpu_pci=0000:5C:00.0 ibdev=mlx5_0 handler=GPU_SM_DB
[STATUS]: exporting GPUNetIO QP resource=0 lane=12 server=4 qpn=122565 gpu_pci=0000:5C:00.0 ibdev=mlx5_0 handler=GPU_SM_DB
[STATUS]: exporting GPUNetIO QP resource=0 lane=13 server=0 qpn=122566 gpu_pci=0000:5C:00.0 ibdev=mlx5_0 handler=GPU_SM_DB
[STATUS]: exporting GPUNetIO QP resource=0 lane=13 server=1 qpn=122567 gpu_pci=0000:5C:00.0 ibdev=mlx5_0 handler=GPU_SM_DB
[STATUS]: exporting GPUNetIO QP resource=0 lane=13 server=2 qpn=122568 gpu_pci=0000:5C:00.0 ibdev=mlx5_0 handler=GPU_SM_DB
[STATUS]: exporting GPUNetIO QP resource=0 lane=13 server=3 qpn=122569 gpu_pci=0000:5C:00.0 ibdev=mlx5_0 handler=GPU_SM_DB
[STATUS]: exporting GPUNetIO QP resource=0 lane=13 server=4 qpn=122570 gpu_pci=0000:5C:00.0 ibdev=mlx5_0 handler=GPU_SM_DB
[STATUS]: exporting GPUNetIO QP resource=0 lane=14 server=0 qpn=122571 gpu_pci=0000:5C:00.0 ibdev=mlx5_0 handler=GPU_SM_DB
[STATUS]: exporting GPUNetIO QP resource=0 lane=14 server=1 qpn=122572 gpu_pci=0000:5C:00.0 ibdev=mlx5_0 handler=GPU_SM_DB
[STATUS]: exporting GPUNetIO QP resource=0 lane=14 server=2 qpn=122573 gpu_pci=0000:5C:00.0 ibdev=mlx5_0 handler=GPU_SM_DB
[STATUS]: exporting GPUNetIO QP resource=0 lane=14 server=3 qpn=122574 gpu_pci=0000:5C:00.0 ibdev=mlx5_0 handler=GPU_SM_DB
[STATUS]: exporting GPUNetIO QP resource=0 lane=14 server=4 qpn=122575 gpu_pci=0000:5C:00.0 ibdev=mlx5_0 handler=GPU_SM_DB
[STATUS]: exporting GPUNetIO QP resource=0 lane=15 server=0 qpn=122576 gpu_pci=0000:5C:00.0 ibdev=mlx5_0 handler=GPU_SM_DB
[STATUS]: exporting GPUNetIO QP resource=0 lane=15 server=1 qpn=122577 gpu_pci=0000:5C:00.0 ibdev=mlx5_0 handler=GPU_SM_DB
[STATUS]: exporting GPUNetIO QP resource=0 lane=15 server=2 qpn=122578 gpu_pci=0000:5C:00.0 ibdev=mlx5_0 handler=GPU_SM_DB
[STATUS]: exporting GPUNetIO QP resource=0 lane=15 server=3 qpn=122579 gpu_pci=0000:5C:00.0 ibdev=mlx5_0 handler=GPU_SM_DB
[STATUS]: exporting GPUNetIO QP resource=0 lane=15 server=4 qpn=122580 gpu_pci=0000:5C:00.0 ibdev=mlx5_0 handler=GPU_SM_DB
[STATUS]: exporting GPUNetIO QP resource=0 lane=16 server=0 qpn=122581 gpu_pci=0000:5C:00.0 ibdev=mlx5_0 handler=GPU_SM_DB
[STATUS]: exporting GPUNetIO QP resource=0 lane=16 server=1 qpn=122582 gpu_pci=0000:5C:00.0 ibdev=mlx5_0 handler=GPU_SM_DB
[STATUS]: exporting GPUNetIO QP resource=0 lane=16 server=2 qpn=122583 gpu_pci=0000:5C:00.0 ibdev=mlx5_0 handler=GPU_SM_DB
[STATUS]: exporting GPUNetIO QP resource=0 lane=16 server=3 qpn=122584 gpu_pci=0000:5C:00.0 ibdev=mlx5_0 handler=GPU_SM_DB
[STATUS]: exporting GPUNetIO QP resource=0 lane=16 server=4 qpn=122585 gpu_pci=0000:5C:00.0 ibdev=mlx5_0 handler=GPU_SM_DB
[STATUS]: exporting GPUNetIO QP resource=0 lane=17 server=0 qpn=122586 gpu_pci=0000:5C:00.0 ibdev=mlx5_0 handler=GPU_SM_DB
[STATUS]: exporting GPUNetIO QP resource=0 lane=17 server=1 qpn=122587 gpu_pci=0000:5C:00.0 ibdev=mlx5_0 handler=GPU_SM_DB
[STATUS]: exporting GPUNetIO QP resource=0 lane=17 server=2 qpn=122588 gpu_pci=0000:5C:00.0 ibdev=mlx5_0 handler=GPU_SM_DB
[STATUS]: exporting GPUNetIO QP resource=0 lane=17 server=3 qpn=122589 gpu_pci=0000:5C:00.0 ibdev=mlx5_0 handler=GPU_SM_DB
[STATUS]: exporting GPUNetIO QP resource=0 lane=17 server=4 qpn=122590 gpu_pci=0000:5C:00.0 ibdev=mlx5_0 handler=GPU_SM_DB
[STATUS]: exporting GPUNetIO QP resource=0 lane=18 server=0 qpn=122591 gpu_pci=0000:5C:00.0 ibdev=mlx5_0 handler=GPU_SM_DB
[STATUS]: exporting GPUNetIO QP resource=0 lane=18 server=1 qpn=122592 gpu_pci=0000:5C:00.0 ibdev=mlx5_0 handler=GPU_SM_DB
[STATUS]: exporting GPUNetIO QP resource=0 lane=18 server=2 qpn=122593 gpu_pci=0000:5C:00.0 ibdev=mlx5_0 handler=GPU_SM_DB
[STATUS]: exporting GPUNetIO QP resource=0 lane=18 server=3 qpn=122594 gpu_pci=0000:5C:00.0 ibdev=mlx5_0 handler=GPU_SM_DB
[STATUS]: exporting GPUNetIO QP resource=0 lane=18 server=4 qpn=122595 gpu_pci=0000:5C:00.0 ibdev=mlx5_0 handler=GPU_SM_DB
[STATUS]: exporting GPUNetIO QP resource=0 lane=19 server=0 qpn=122596 gpu_pci=0000:5C:00.0 ibdev=mlx5_0 handler=GPU_SM_DB
[STATUS]: exporting GPUNetIO QP resource=0 lane=19 server=1 qpn=122597 gpu_pci=0000:5C:00.0 ibdev=mlx5_0 handler=GPU_SM_DB
[STATUS]: exporting GPUNetIO QP resource=0 lane=19 server=2 qpn=122598 gpu_pci=0000:5C:00.0 ibdev=mlx5_0 handler=GPU_SM_DB
[STATUS]: exporting GPUNetIO QP resource=0 lane=19 server=3 qpn=122599 gpu_pci=0000:5C:00.0 ibdev=mlx5_0 handler=GPU_SM_DB
[STATUS]: exporting GPUNetIO QP resource=0 lane=19 server=4 qpn=122600 gpu_pci=0000:5C:00.0 ibdev=mlx5_0 handler=GPU_SM_DB
[STATUS]: exporting GPUNetIO QP resource=0 lane=20 server=0 qpn=122601 gpu_pci=0000:5C:00.0 ibdev=mlx5_0 handler=GPU_SM_DB
[STATUS]: exporting GPUNetIO QP resource=0 lane=20 server=1 qpn=122602 gpu_pci=0000:5C:00.0 ibdev=mlx5_0 handler=GPU_SM_DB
[STATUS]: exporting GPUNetIO QP resource=0 lane=20 server=2 qpn=122603 gpu_pci=0000:5C:00.0 ibdev=mlx5_0 handler=GPU_SM_DB
[STATUS]: exporting GPUNetIO QP resource=0 lane=20 server=3 qpn=122604 gpu_pci=0000:5C:00.0 ibdev=mlx5_0 handler=GPU_SM_DB
[STATUS]: exporting GPUNetIO QP resource=0 lane=20 server=4 qpn=122605 gpu_pci=0000:5C:00.0 ibdev=mlx5_0 handler=GPU_SM_DB
[STATUS]: exporting GPUNetIO QP resource=0 lane=21 server=0 qpn=122606 gpu_pci=0000:5C:00.0 ibdev=mlx5_0 handler=GPU_SM_DB
[STATUS]: exporting GPUNetIO QP resource=0 lane=21 server=1 qpn=122607 gpu_pci=0000:5C:00.0 ibdev=mlx5_0 handler=GPU_SM_DB
[STATUS]: exporting GPUNetIO QP resource=0 lane=21 server=2 qpn=122608 gpu_pci=0000:5C:00.0 ibdev=mlx5_0 handler=GPU_SM_DB
[STATUS]: exporting GPUNetIO QP resource=0 lane=21 server=3 qpn=122609 gpu_pci=0000:5C:00.0 ibdev=mlx5_0 handler=GPU_SM_DB
[STATUS]: exporting GPUNetIO QP resource=0 lane=21 server=4 qpn=122610 gpu_pci=0000:5C:00.0 ibdev=mlx5_0 handler=GPU_SM_DB
[STATUS]: exporting GPUNetIO QP resource=0 lane=22 server=0 qpn=122611 gpu_pci=0000:5C:00.0 ibdev=mlx5_0 handler=GPU_SM_DB
[STATUS]: exporting GPUNetIO QP resource=0 lane=22 server=1 qpn=122612 gpu_pci=0000:5C:00.0 ibdev=mlx5_0 handler=GPU_SM_DB
[STATUS]: exporting GPUNetIO QP resource=0 lane=22 server=2 qpn=122613 gpu_pci=0000:5C:00.0 ibdev=mlx5_0 handler=GPU_SM_DB
[STATUS]: exporting GPUNetIO QP resource=0 lane=22 server=3 qpn=122614 gpu_pci=0000:5C:00.0 ibdev=mlx5_0 handler=GPU_SM_DB
[STATUS]: exporting GPUNetIO QP resource=0 lane=22 server=4 qpn=122615 gpu_pci=0000:5C:00.0 ibdev=mlx5_0 handler=GPU_SM_DB
[STATUS]: exporting GPUNetIO QP resource=0 lane=23 server=0 qpn=122616 gpu_pci=0000:5C:00.0 ibdev=mlx5_0 handler=GPU_SM_DB
[STATUS]: exporting GPUNetIO QP resource=0 lane=23 server=1 qpn=122617 gpu_pci=0000:5C:00.0 ibdev=mlx5_0 handler=GPU_SM_DB
[STATUS]: exporting GPUNetIO QP resource=0 lane=23 server=2 qpn=122618 gpu_pci=0000:5C:00.0 ibdev=mlx5_0 handler=GPU_SM_DB
[STATUS]: exporting GPUNetIO QP resource=0 lane=23 server=3 qpn=122619 gpu_pci=0000:5C:00.0 ibdev=mlx5_0 handler=GPU_SM_DB
[STATUS]: exporting GPUNetIO QP resource=0 lane=23 server=4 qpn=122620 gpu_pci=0000:5C:00.0 ibdev=mlx5_0 handler=GPU_SM_DB
[STATUS]: exporting GPUNetIO QP resource=0 lane=24 server=0 qpn=122621 gpu_pci=0000:5C:00.0 ibdev=mlx5_0 handler=GPU_SM_DB
[STATUS]: exporting GPUNetIO QP resource=0 lane=24 server=1 qpn=122622 gpu_pci=0000:5C:00.0 ibdev=mlx5_0 handler=GPU_SM_DB
[STATUS]: exporting GPUNetIO QP resource=0 lane=24 server=2 qpn=122623 gpu_pci=0000:5C:00.0 ibdev=mlx5_0 handler=GPU_SM_DB
[STATUS]: exporting GPUNetIO QP resource=0 lane=24 server=3 qpn=122624 gpu_pci=0000:5C:00.0 ibdev=mlx5_0 handler=GPU_SM_DB
[STATUS]: exporting GPUNetIO QP resource=0 lane=24 server=4 qpn=122625 gpu_pci=0000:5C:00.0 ibdev=mlx5_0 handler=GPU_SM_DB
[STATUS]: exporting GPUNetIO QP resource=0 lane=25 server=0 qpn=122626 gpu_pci=0000:5C:00.0 ibdev=mlx5_0 handler=GPU_SM_DB
[STATUS]: exporting GPUNetIO QP resource=0 lane=25 server=1 qpn=122627 gpu_pci=0000:5C:00.0 ibdev=mlx5_0 handler=GPU_SM_DB
[STATUS]: exporting GPUNetIO QP resource=0 lane=25 server=2 qpn=122628 gpu_pci=0000:5C:00.0 ibdev=mlx5_0 handler=GPU_SM_DB
[STATUS]: exporting GPUNetIO QP resource=0 lane=25 server=3 qpn=122629 gpu_pci=0000:5C:00.0 ibdev=mlx5_0 handler=GPU_SM_DB
[STATUS]: exporting GPUNetIO QP resource=0 lane=25 server=4 qpn=122630 gpu_pci=0000:5C:00.0 ibdev=mlx5_0 handler=GPU_SM_DB
[STATUS]: exporting GPUNetIO QP resource=0 lane=26 server=0 qpn=122631 gpu_pci=0000:5C:00.0 ibdev=mlx5_0 handler=GPU_SM_DB
[STATUS]: exporting GPUNetIO QP resource=0 lane=26 server=1 qpn=122632 gpu_pci=0000:5C:00.0 ibdev=mlx5_0 handler=GPU_SM_DB
[STATUS]: exporting GPUNetIO QP resource=0 lane=26 server=2 qpn=122633 gpu_pci=0000:5C:00.0 ibdev=mlx5_0 handler=GPU_SM_DB
[STATUS]: exporting GPUNetIO QP resource=0 lane=26 server=3 qpn=122634 gpu_pci=0000:5C:00.0 ibdev=mlx5_0 handler=GPU_SM_DB
[STATUS]: exporting GPUNetIO QP resource=0 lane=26 server=4 qpn=122635 gpu_pci=0000:5C:00.0 ibdev=mlx5_0 handler=GPU_SM_DB
[STATUS]: exporting GPUNetIO QP resource=0 lane=27 server=0 qpn=122636 gpu_pci=0000:5C:00.0 ibdev=mlx5_0 handler=GPU_SM_DB
[STATUS]: exporting GPUNetIO QP resource=0 lane=27 server=1 qpn=122637 gpu_pci=0000:5C:00.0 ibdev=mlx5_0 handler=GPU_SM_DB
[STATUS]: exporting GPUNetIO QP resource=0 lane=27 server=2 qpn=122638 gpu_pci=0000:5C:00.0 ibdev=mlx5_0 handler=GPU_SM_DB
[STATUS]: exporting GPUNetIO QP resource=0 lane=27 server=3 qpn=122639 gpu_pci=0000:5C:00.0 ibdev=mlx5_0 handler=GPU_SM_DB
[STATUS]: exporting GPUNetIO QP resource=0 lane=27 server=4 qpn=122640 gpu_pci=0000:5C:00.0 ibdev=mlx5_0 handler=GPU_SM_DB
[STATUS]: exporting GPUNetIO QP resource=0 lane=28 server=0 qpn=122641 gpu_pci=0000:5C:00.0 ibdev=mlx5_0 handler=GPU_SM_DB
[STATUS]: exporting GPUNetIO QP resource=0 lane=28 server=1 qpn=122642 gpu_pci=0000:5C:00.0 ibdev=mlx5_0 handler=GPU_SM_DB
[STATUS]: exporting GPUNetIO QP resource=0 lane=28 server=2 qpn=122643 gpu_pci=0000:5C:00.0 ibdev=mlx5_0 handler=GPU_SM_DB
[STATUS]: exporting GPUNetIO QP resource=0 lane=28 server=3 qpn=122644 gpu_pci=0000:5C:00.0 ibdev=mlx5_0 handler=GPU_SM_DB
[STATUS]: exporting GPUNetIO QP resource=0 lane=28 server=4 qpn=122645 gpu_pci=0000:5C:00.0 ibdev=mlx5_0 handler=GPU_SM_DB
[STATUS]: exporting GPUNetIO QP resource=0 lane=29 server=0 qpn=122646 gpu_pci=0000:5C:00.0 ibdev=mlx5_0 handler=GPU_SM_DB
[STATUS]: exporting GPUNetIO QP resource=0 lane=29 server=1 qpn=122647 gpu_pci=0000:5C:00.0 ibdev=mlx5_0 handler=GPU_SM_DB
[STATUS]: exporting GPUNetIO QP resource=0 lane=29 server=2 qpn=122648 gpu_pci=0000:5C:00.0 ibdev=mlx5_0 handler=GPU_SM_DB
[STATUS]: exporting GPUNetIO QP resource=0 lane=29 server=3 qpn=122649 gpu_pci=0000:5C:00.0 ibdev=mlx5_0 handler=GPU_SM_DB
[STATUS]: exporting GPUNetIO QP resource=0 lane=29 server=4 qpn=122650 gpu_pci=0000:5C:00.0 ibdev=mlx5_0 handler=GPU_SM_DB
[STATUS]: exporting GPUNetIO QP resource=0 lane=30 server=0 qpn=122651 gpu_pci=0000:5C:00.0 ibdev=mlx5_0 handler=GPU_SM_DB
[STATUS]: exporting GPUNetIO QP resource=0 lane=30 server=1 qpn=122652 gpu_pci=0000:5C:00.0 ibdev=mlx5_0 handler=GPU_SM_DB
[STATUS]: exporting GPUNetIO QP resource=0 lane=30 server=2 qpn=122653 gpu_pci=0000:5C:00.0 ibdev=mlx5_0 handler=GPU_SM_DB
[STATUS]: exporting GPUNetIO QP resource=0 lane=30 server=3 qpn=122654 gpu_pci=0000:5C:00.0 ibdev=mlx5_0 handler=GPU_SM_DB
[STATUS]: exporting GPUNetIO QP resource=0 lane=30 server=4 qpn=122655 gpu_pci=0000:5C:00.0 ibdev=mlx5_0 handler=GPU_SM_DB
[STATUS]: exporting GPUNetIO QP resource=0 lane=31 server=0 qpn=122656 gpu_pci=0000:5C:00.0 ibdev=mlx5_0 handler=GPU_SM_DB
[STATUS]: exporting GPUNetIO QP resource=0 lane=31 server=1 qpn=122657 gpu_pci=0000:5C:00.0 ibdev=mlx5_0 handler=GPU_SM_DB
[STATUS]: exporting GPUNetIO QP resource=0 lane=31 server=2 qpn=122658 gpu_pci=0000:5C:00.0 ibdev=mlx5_0 handler=GPU_SM_DB
[STATUS]: exporting GPUNetIO QP resource=0 lane=31 server=3 qpn=122659 gpu_pci=0000:5C:00.0 ibdev=mlx5_0 handler=GPU_SM_DB
[STATUS]: exporting GPUNetIO QP resource=0 lane=31 server=4 qpn=122660 gpu_pci=0000:5C:00.0 ibdev=mlx5_0 handler=GPU_SM_DB
[STATUS]: GPUNetIO GPU MR registration=peer_memory bytes=3248422912
[STATUS]: GPUNetIO startup RDMA read probe passed for 160 QPs
[STATUS]: GPUNetIO RDMA Read implementation=manual_wqe_locked
1 device(s) found
Selected device: mlx5_0
Selected port state: 4, lid: 1
pairing: 122661 -- 52147
pairing: 122662 -- 52152
pairing: 122663 -- 52153
pairing: 122664 -- 52154
pairing: 122665 -- 52155
pairing: 122666 -- 52156
pairing: 122667 -- 52157
pairing: 122668 -- 52158
pairing: 122669 -- 52159
pairing: 122670 -- 52160
pairing: 122671 -- 52161
pairing: 122672 -- 52162
pairing: 122673 -- 52163
pairing: 122674 -- 52164
pairing: 122675 -- 52165
pairing: 122676 -- 52166
pairing: 122677 -- 52167
pairing: 122678 -- 52168
pairing: 122679 -- 52169
pairing: 122680 -- 52170
pairing: 122681 -- 52171
pairing: 122682 -- 52172
pairing: 122683 -- 52173
pairing: 122684 -- 52174
pairing: 122685 -- 52175
pairing: 122686 -- 52176
pairing: 122687 -- 52177
pairing: 122688 -- 52178
pairing: 122689 -- 52179
pairing: 122690 -- 52180
pairing: 122691 -- 52181
pairing: 122692 -- 52182
pairing: 122693 -- 52148
pairing: 122694 -- 52183
pairing: 122695 -- 52184
pairing: 122696 -- 52185
pairing: 122697 -- 52186
pairing: 122698 -- 52187
pairing: 122699 -- 52188
pairing: 122700 -- 52189
pairing: 122701 -- 52190
pairing: 122702 -- 52191
pairing: 122703 -- 52192
pairing: 122704 -- 52193
pairing: 122705 -- 52194
pairing: 122706 -- 52195
pairing: 122707 -- 52196
pairing: 122708 -- 52197
pairing: 122709 -- 52198
pairing: 122710 -- 52199
pairing: 122711 -- 52200
pairing: 122712 -- 52201
pairing: 122713 -- 52202
pairing: 122714 -- 52203
pairing: 122715 -- 52204
pairing: 122716 -- 52205
pairing: 122717 -- 52206
pairing: 122718 -- 52207
pairing: 122719 -- 52208
pairing: 122720 -- 52209
pairing: 122721 -- 52210
pairing: 122722 -- 52211
pairing: 122723 -- 52212
pairing: 122724 -- 52213
pairing: 122725 -- 52149
pairing: 122726 -- 52214
pairing: 122727 -- 52215
pairing: 122728 -- 52216
pairing: 122729 -- 52217
pairing: 122730 -- 52218
pairing: 122731 -- 52219
pairing: 122732 -- 52220
pairing: 122733 -- 52221
pairing: 122734 -- 52222
pairing: 122735 -- 52223
pairing: 122736 -- 52224
pairing: 122737 -- 52225
pairing: 122738 -- 52226
pairing: 122739 -- 52227
pairing: 122740 -- 52228
pairing: 122741 -- 52229
pairing: 122742 -- 52230
pairing: 122743 -- 52231
pairing: 122744 -- 52232
pairing: 122745 -- 52233
pairing: 122746 -- 52234
pairing: 122747 -- 52235
pairing: 122748 -- 52236
pairing: 122749 -- 52237
pairing: 122750 -- 52238
pairing: 122751 -- 52239
pairing: 122752 -- 52240
pairing: 122753 -- 52241
pairing: 122754 -- 52242
pairing: 122755 -- 52243
pairing: 122756 -- 52244
pairing: 122757 -- 52150
pairing: 122758 -- 52245
pairing: 122759 -- 52246
pairing: 122760 -- 52247
pairing: 122761 -- 52248
pairing: 122762 -- 52249
pairing: 122763 -- 52250
pairing: 122764 -- 52251
pairing: 122765 -- 52252
pairing: 122766 -- 52253
pairing: 122767 -- 52254
pairing: 122768 -- 52255
pairing: 122769 -- 52256
pairing: 122770 -- 52257
pairing: 122771 -- 52258
pairing: 122772 -- 52259
pairing: 122773 -- 52260
pairing: 122774 -- 52261
pairing: 122775 -- 52262
pairing: 122776 -- 52263
pairing: 122777 -- 52264
pairing: 122778 -- 52265
pairing: 122779 -- 52266
pairing: 122780 -- 52267
pairing: 122781 -- 52268
pairing: 122782 -- 52269
pairing: 122783 -- 52270
pairing: 122784 -- 52271
pairing: 122785 -- 52272
pairing: 122786 -- 52273
pairing: 122787 -- 52274
pairing: 122788 -- 52275
pairing: 122789 -- 52151
pairing: 122790 -- 52276
pairing: 122791 -- 52277
pairing: 122792 -- 52278
pairing: 122793 -- 52279
pairing: 122794 -- 52280
pairing: 122795 -- 52281
pairing: 122796 -- 52282
pairing: 122797 -- 52283
pairing: 122798 -- 52284
pairing: 122799 -- 52285
pairing: 122800 -- 52286
pairing: 122801 -- 52287
pairing: 122802 -- 52288
pairing: 122803 -- 52289
pairing: 122804 -- 52290
pairing: 122805 -- 52291
pairing: 122806 -- 52292
pairing: 122807 -- 52293
pairing: 122808 -- 52294
pairing: 122809 -- 52295
pairing: 122810 -- 52296
pairing: 122811 -- 52297
pairing: 122812 -- 52298
pairing: 122813 -- 52299
pairing: 122814 -- 52300
pairing: 122815 -- 52301
pairing: 122816 -- 52302
pairing: 122817 -- 52303
pairing: 122818 -- 52304
pairing: 122819 -- 52305
pairing: 122820 -- 52306
[gpu-search] bootstrap=CPU-posted GPUDirect RDMA; queries=strict GPU-initiated GPUNetIO
[gpu-search] streamed 3200000000 PQ bytes directly into final GPU storage; ordinal audit passed for 15 entries
[gpu-search] ASFE device stack bytes/thread=2048
[gpu-search] persistent occupancy candidate threads=128 hardware_blocks_per_sm=3 configured_cap=4 effective_blocks_per_sm=3 grid_capacity=324 owner_blocks=40 query_blocks=256 resident_query_warps=1024 selected=true
[gpu-search] persistent occupancy candidate threads=256 hardware_blocks_per_sm=1 configured_cap=4 effective_blocks_per_sm=1 grid_capacity=108 owner_blocks=20 query_blocks=86 resident_query_warps=688 selected=false
[gpu-search] persistent kernel resources registers/thread=166 static_shared_bytes=49120 max_threads/block=128
[gpu-search] unified persistent CTAs=40-owner+256-query+1-dispatch+1-control QP-owner-warps=160 threads/CTA=128 query_slots=256 resident_capacity=324 launched=298
[STATUS]: query engine: persistent GPU + GPUNetIO slots=256
[STATUS]: storage-owner update cores: progress=28 response=0
[STATUS]: storage-owner acknowledgement=query-visible stage1 graph publication; submission=bounded authority rings; batching=authority-wide; progress=single work-conserving executor
[breakdown] preparing workload: bootstrap_count=86016, workload=mixed
[breakdown] insert-file vectors: count=10000000 dim=128 dtype=uint8
[breakdown] bootstrap vectors ready (synthetic)
[breakdown] recall query data ready: count=10000 dtype=uint8 vector_bytes=128
[breakdown] performance query data ready: count=10000000 dtype=uint8 vector_bytes=128 policy=single_pass_no_reuse
[gpu-search] slow query e2e_us=18451 gpu_us=2759 prepare_us=93 graph_us=235 score_us=510 beam_us=431 exact_us=125 beam_select_us=22 rdma_issue_us=158 rdma_wait_us=321 graph_validation_us=26 neighbor_decode_us=100 pq_score_us=281 visited_us=128 beam_merge_us=431 graph_reads=185 graph_rereads=0 graph_bytes=153920 graph_extent_reads=0 graph_full_reads=185 graph_extent_fallbacks=0 graph_extent_underhints=0 graph_extent_promotions=0 dynamic_graph_short_reads=0 dynamic_graph_full_reads=0 dynamic_graph_bytes=0 dynamic_graph_fallbacks=0 dynamic_graph_promotions=0 dynamic_graph_demotions=0 logical_expansions=185 critical_graph_reads=185 speculative_graph_reads=0 speculative_promoted=0 speculative_stale=0 speculative_wasted_bytes=0 rdma_completion_latency_ns=1353728 rdma_completion_groups=27 issue_width_max=16 commit_width_max=16 critical_misses=4 certificate_rejects=0 graph_batches=23 graph_rounds=13 route_hits=0 exact_reads=128 exact_snapshot_trains=0 exact_snapshot_fallbacks=0 terminal_exact_cache_attempted=1 terminal_exact_cache_issued=128 terminal_exact_cache_promoted=128 terminal_exact_cache_misses=0 terminal_exact_cache_wasted_bytes=0 terminal_exact_cache_queue_rejects=0 dynamic_pq_reads=0 dynamic_pq_us=0 dynamic_pq_incarnation_rejects=0 dynamic_pq_arena_hits=0 dynamic_pq_batch_deduplicated=0
[gpu-search] slow query e2e_us=18616 gpu_us=2756 prepare_us=95 graph_us=245 score_us=392 beam_us=417 exact_us=248 beam_select_us=29 rdma_issue_us=171 rdma_wait_us=441 graph_validation_us=26 neighbor_decode_us=79 pq_score_us=220 visited_us=93 beam_merge_us=417 graph_reads=189 graph_rereads=0 graph_bytes=157248 graph_extent_reads=0 graph_full_reads=189 graph_extent_fallbacks=0 graph_extent_underhints=0 graph_extent_promotions=0 dynamic_graph_short_reads=0 dynamic_graph_full_reads=0 dynamic_graph_bytes=0 dynamic_graph_fallbacks=0 dynamic_graph_promotions=0 dynamic_graph_demotions=0 logical_expansions=189 critical_graph_reads=189 speculative_graph_reads=0 speculative_promoted=0 speculative_stale=0 speculative_wasted_bytes=0 rdma_completion_latency_ns=1281024 rdma_completion_groups=24 issue_width_max=16 commit_width_max=16 critical_misses=4 certificate_rejects=0 graph_batches=20 graph_rounds=14 route_hits=0 exact_reads=128 exact_snapshot_trains=2 exact_snapshot_fallbacks=0 terminal_exact_cache_attempted=1 terminal_exact_cache_issued=128 terminal_exact_cache_promoted=126 terminal_exact_cache_misses=0 terminal_exact_cache_wasted_bytes=304 terminal_exact_cache_queue_rejects=0 dynamic_pq_reads=0 dynamic_pq_us=0 dynamic_pq_incarnation_rejects=0 dynamic_pq_arena_hits=0 dynamic_pq_batch_deduplicated=0
[gpu-search] slow query e2e_us=18724 gpu_us=2844 prepare_us=103 graph_us=249 score_us=462 beam_us=459 exact_us=243 beam_select_us=23 rdma_issue_us=181 rdma_wait_us=308 graph_validation_us=27 neighbor_decode_us=103 pq_score_us=253 visited_us=105 beam_merge_us=459 graph_reads=206 graph_rereads=0 graph_bytes=171392 graph_extent_reads=0 graph_full_reads=206 graph_extent_fallbacks=0 graph_extent_underhints=0 graph_extent_promotions=0 dynamic_graph_short_reads=0 dynamic_graph_full_reads=0 dynamic_graph_bytes=0 dynamic_graph_fallbacks=0 dynamic_graph_promotions=0 dynamic_graph_demotions=0 logical_expansions=206 critical_graph_reads=206 speculative_graph_reads=0 speculative_promoted=0 speculative_stale=0 speculative_wasted_bytes=0 rdma_completion_latency_ns=1137664 rdma_completion_groups=26 issue_width_max=16 commit_width_max=16 critical_misses=4 certificate_rejects=0 graph_batches=22 graph_rounds=14 route_hits=0 exact_reads=128 exact_snapshot_trains=0 exact_snapshot_fallbacks=0 terminal_exact_cache_attempted=1 terminal_exact_cache_issued=128 terminal_exact_cache_promoted=128 terminal_exact_cache_misses=0 terminal_exact_cache_wasted_bytes=0 terminal_exact_cache_queue_rejects=0 dynamic_pq_reads=0 dynamic_pq_us=0 dynamic_pq_incarnation_rejects=0 dynamic_pq_arena_hits=0 dynamic_pq_batch_deduplicated=0
[gpu-search] slow query e2e_us=18957 gpu_us=3038 prepare_us=95 graph_us=255 score_us=556 beam_us=505 exact_us=233 beam_select_us=30 rdma_issue_us=180 rdma_wait_us=495 graph_validation_us=25 neighbor_decode_us=123 pq_score_us=305 visited_us=127 beam_merge_us=505 graph_reads=189 graph_rereads=0 graph_bytes=157248 graph_extent_reads=0 graph_full_reads=189 graph_extent_fallbacks=0 graph_extent_underhints=0 graph_extent_promotions=0 dynamic_graph_short_reads=0 dynamic_graph_full_reads=0 dynamic_graph_bytes=0 dynamic_graph_fallbacks=0 dynamic_graph_promotions=0 dynamic_graph_demotions=0 logical_expansions=189 critical_graph_reads=189 speculative_graph_reads=0 speculative_promoted=0 speculative_stale=0 speculative_wasted_bytes=0 rdma_completion_latency_ns=1064960 rdma_completion_groups=18 issue_width_max=16 commit_width_max=16 critical_misses=4 certificate_rejects=0 graph_batches=14 graph_rounds=14 route_hits=0 exact_reads=128 exact_snapshot_trains=1 exact_snapshot_fallbacks=0 terminal_exact_cache_attempted=1 terminal_exact_cache_issued=128 terminal_exact_cache_promoted=126 terminal_exact_cache_misses=0 terminal_exact_cache_wasted_bytes=304 terminal_exact_cache_queue_rejects=0 dynamic_pq_reads=0 dynamic_pq_us=0 dynamic_pq_incarnation_rejects=0 dynamic_pq_arena_hits=0 dynamic_pq_batch_deduplicated=0
[gpu-search] slow query e2e_us=19122 gpu_us=3272 prepare_us=125 graph_us=291 score_us=507 beam_us=462 exact_us=240 beam_select_us=30 rdma_issue_us=214 rdma_wait_us=565 graph_validation_us=27 neighbor_decode_us=103 pq_score_us=281 visited_us=122 beam_merge_us=462 graph_reads=220 graph_rereads=0 graph_bytes=183040 graph_extent_reads=0 graph_full_reads=220 graph_extent_fallbacks=0 graph_extent_underhints=0 graph_extent_promotions=0 dynamic_graph_short_reads=0 dynamic_graph_full_reads=0 dynamic_graph_bytes=0 dynamic_graph_fallbacks=0 dynamic_graph_promotions=0 dynamic_graph_demotions=0 logical_expansions=220 critical_graph_reads=220 speculative_graph_reads=0 speculative_promoted=0 speculative_stale=0 speculative_wasted_bytes=0 rdma_completion_latency_ns=1289216 rdma_completion_groups=23 issue_width_max=16 commit_width_max=16 critical_misses=4 certificate_rejects=0 graph_batches=19 graph_rounds=16 route_hits=0 exact_reads=128 exact_snapshot_trains=1 exact_snapshot_fallbacks=0 terminal_exact_cache_attempted=1 terminal_exact_cache_issued=128 terminal_exact_cache_promoted=127 terminal_exact_cache_misses=0 terminal_exact_cache_wasted_bytes=152 terminal_exact_cache_queue_rejects=0 dynamic_pq_reads=0 dynamic_pq_us=0 dynamic_pq_incarnation_rejects=0 dynamic_pq_arena_hits=0 dynamic_pq_batch_deduplicated=0
[gpu-search] slow query e2e_us=19247 gpu_us=3146 prepare_us=97 graph_us=262 score_us=453 beam_us=479 exact_us=236 beam_select_us=30 rdma_issue_us=190 rdma_wait_us=601 graph_validation_us=27 neighbor_decode_us=95 pq_score_us=245 visited_us=112 beam_merge_us=479 graph_reads=189 graph_rereads=0 graph_bytes=157248 graph_extent_reads=0 graph_full_reads=189 graph_extent_fallbacks=0 graph_extent_underhints=0 graph_extent_promotions=0 dynamic_graph_short_reads=0 dynamic_graph_full_reads=0 dynamic_graph_bytes=0 dynamic_graph_fallbacks=0 dynamic_graph_promotions=0 dynamic_graph_demotions=0 logical_expansions=189 critical_graph_reads=189 speculative_graph_reads=0 speculative_promoted=0 speculative_stale=0 speculative_wasted_bytes=0 rdma_completion_latency_ns=1089536 rdma_completion_groups=18 issue_width_max=16 commit_width_max=16 critical_misses=4 certificate_rejects=0 graph_batches=14 graph_rounds=14 route_hits=0 exact_reads=128 exact_snapshot_trains=1 exact_snapshot_fallbacks=0 terminal_exact_cache_attempted=1 terminal_exact_cache_issued=128 terminal_exact_cache_promoted=126 terminal_exact_cache_misses=0 terminal_exact_cache_wasted_bytes=304 terminal_exact_cache_queue_rejects=0 dynamic_pq_reads=0 dynamic_pq_us=0 dynamic_pq_incarnation_rejects=0 dynamic_pq_arena_hits=0 dynamic_pq_batch_deduplicated=0
[gpu-search] slow query e2e_us=19286 gpu_us=3037 prepare_us=106 graph_us=269 score_us=410 beam_us=424 exact_us=204 beam_select_us=30 rdma_issue_us=202 rdma_wait_us=600 graph_validation_us=29 neighbor_decode_us=88 pq_score_us=229 visited_us=91 beam_merge_us=424 graph_reads=208 graph_rereads=0 graph_bytes=173056 graph_extent_reads=0 graph_full_reads=208 graph_extent_fallbacks=0 graph_extent_underhints=0 graph_extent_promotions=0 dynamic_graph_short_reads=0 dynamic_graph_full_reads=0 dynamic_graph_bytes=0 dynamic_graph_fallbacks=0 dynamic_graph_promotions=0 dynamic_graph_demotions=0 logical_expansions=208 critical_graph_reads=208 speculative_graph_reads=0 speculative_promoted=0 speculative_stale=0 speculative_wasted_bytes=0 rdma_completion_latency_ns=1113088 rdma_completion_groups=19 issue_width_max=16 commit_width_max=16 critical_misses=4 certificate_rejects=0 graph_batches=15 graph_rounds=15 route_hits=0 exact_reads=128 exact_snapshot_trains=1 exact_snapshot_fallbacks=0 terminal_exact_cache_attempted=1 terminal_exact_cache_issued=128 terminal_exact_cache_promoted=127 terminal_exact_cache_misses=0 terminal_exact_cache_wasted_bytes=152 terminal_exact_cache_queue_rejects=0 dynamic_pq_reads=0 dynamic_pq_us=0 dynamic_pq_incarnation_rejects=0 dynamic_pq_arena_hits=0 dynamic_pq_batch_deduplicated=0
[gpu-search] slow query e2e_us=19543 gpu_us=3327 prepare_us=94 graph_us=303 score_us=549 beam_us=513 exact_us=257 beam_select_us=31 rdma_issue_us=211 rdma_wait_us=437 graph_validation_us=37 neighbor_decode_us=107 pq_score_us=313 visited_us=128 beam_merge_us=513 graph_reads=210 graph_rereads=0 graph_bytes=174720 graph_extent_reads=0 graph_full_reads=210 graph_extent_fallbacks=0 graph_extent_underhints=0 graph_extent_promotions=0 dynamic_graph_short_reads=0 dynamic_graph_full_reads=0 dynamic_graph_bytes=0 dynamic_graph_fallbacks=0 dynamic_graph_promotions=0 dynamic_graph_demotions=0 logical_expansions=210 critical_graph_reads=210 speculative_graph_reads=0 speculative_promoted=0 speculative_stale=0 speculative_wasted_bytes=0 rdma_completion_latency_ns=1476608 rdma_completion_groups=27 issue_width_max=16 commit_width_max=16 critical_misses=4 certificate_rejects=0 graph_batches=23 graph_rounds=15 route_hits=0 exact_reads=128 exact_snapshot_trains=1 exact_snapshot_fallbacks=0 terminal_exact_cache_attempted=1 terminal_exact_cache_issued=128 terminal_exact_cache_promoted=122 terminal_exact_cache_misses=0 terminal_exact_cache_wasted_bytes=912 terminal_exact_cache_queue_rejects=0 dynamic_pq_reads=0 dynamic_pq_us=0 dynamic_pq_incarnation_rejects=0 dynamic_pq_arena_hits=0 dynamic_pq_batch_deduplicated=0
[gpu-search] slow query e2e_us=19328 gpu_us=2868 prepare_us=106 graph_us=239 score_us=563 beam_us=472 exact_us=248 beam_select_us=22 rdma_issue_us=178 rdma_wait_us=318 graph_validation_us=27 neighbor_decode_us=101 pq_score_us=304 visited_us=158 beam_merge_us=472 graph_reads=170 graph_rereads=0 graph_bytes=141440 graph_extent_reads=0 graph_full_reads=170 graph_extent_fallbacks=0 graph_extent_underhints=0 graph_extent_promotions=0 dynamic_graph_short_reads=0 dynamic_graph_full_reads=0 dynamic_graph_bytes=0 dynamic_graph_fallbacks=0 dynamic_graph_promotions=0 dynamic_graph_demotions=0 logical_expansions=170 critical_graph_reads=170 speculative_graph_reads=0 speculative_promoted=0 speculative_stale=0 speculative_wasted_bytes=0 rdma_completion_latency_ns=901120 rdma_completion_groups=18 issue_width_max=16 commit_width_max=16 critical_misses=4 certificate_rejects=0 graph_batches=14 graph_rounds=12 route_hits=0 exact_reads=128 exact_snapshot_trains=1 exact_snapshot_fallbacks=0 terminal_exact_cache_attempted=1 terminal_exact_cache_issued=128 terminal_exact_cache_promoted=122 terminal_exact_cache_misses=0 terminal_exact_cache_wasted_bytes=912 terminal_exact_cache_queue_rejects=0 dynamic_pq_reads=0 dynamic_pq_us=0 dynamic_pq_incarnation_rejects=0 dynamic_pq_arena_hits=0 dynamic_pq_batch_deduplicated=0
[gpu-search] slow query e2e_us=19604 gpu_us=2970 prepare_us=96 graph_us=267 score_us=478 beam_us=486 exact_us=307 beam_select_us=22 rdma_issue_us=194 rdma_wait_us=354 graph_validation_us=27 neighbor_decode_us=90 pq_score_us=273 visited_us=114 beam_merge_us=486 graph_reads=184 graph_rereads=0 graph_bytes=153088 graph_extent_reads=0 graph_full_reads=184 graph_extent_fallbacks=0 graph_extent_underhints=0 graph_extent_promotions=0 dynamic_graph_short_reads=0 dynamic_graph_full_reads=0 dynamic_graph_bytes=0 dynamic_graph_fallbacks=0 dynamic_graph_promotions=0 dynamic_graph_demotions=0 logical_expansions=184 critical_graph_reads=184 speculative_graph_reads=0 speculative_promoted=0 speculative_stale=0 speculative_wasted_bytes=0 rdma_completion_latency_ns=1015808 rdma_completion_groups=19 issue_width_max=16 commit_width_max=16 critical_misses=4 certificate_rejects=0 graph_batches=15 graph_rounds=13 route_hits=0 exact_reads=128 exact_snapshot_trains=0 exact_snapshot_fallbacks=0 terminal_exact_cache_attempted=1 terminal_exact_cache_issued=128 terminal_exact_cache_promoted=128 terminal_exact_cache_misses=0 terminal_exact_cache_wasted_bytes=0 terminal_exact_cache_queue_rejects=0 dynamic_pq_reads=0 dynamic_pq_us=0 dynamic_pq_incarnation_rejects=0 dynamic_pq_arena_hits=0 dynamic_pq_batch_deduplicated=0
[gpu-search] slow query e2e_us=19834 gpu_us=3047 prepare_us=123 graph_us=435 score_us=401 beam_us=428 exact_us=203 beam_select_us=24 rdma_issue_us=220 rdma_wait_us=361 graph_validation_us=73 neighbor_decode_us=85 pq_score_us=223 visited_us=92 beam_merge_us=428 graph_reads=201 graph_rereads=0 graph_bytes=167232 graph_extent_reads=0 graph_full_reads=201 graph_extent_fallbacks=0 graph_extent_underhints=0 graph_extent_promotions=0 dynamic_graph_short_reads=0 dynamic_graph_full_reads=0 dynamic_graph_bytes=0 dynamic_graph_fallbacks=0 dynamic_graph_promotions=0 dynamic_graph_demotions=0 logical_expansions=201 critical_graph_reads=201 speculative_graph_reads=0 speculative_promoted=0 speculative_stale=0 speculative_wasted_bytes=0 rdma_completion_latency_ns=1742848 rdma_completion_groups=31 issue_width_max=16 commit_width_max=16 critical_misses=14 certificate_rejects=0 graph_batches=23 graph_rounds=14 route_hits=0 exact_reads=128 exact_snapshot_trains=0 exact_snapshot_fallbacks=0 terminal_exact_cache_attempted=1 terminal_exact_cache_issued=128 terminal_exact_cache_promoted=128 terminal_exact_cache_misses=0 terminal_exact_cache_wasted_bytes=0 terminal_exact_cache_queue_rejects=0 dynamic_pq_reads=0 dynamic_pq_us=0 dynamic_pq_incarnation_rejects=0 dynamic_pq_arena_hits=0 dynamic_pq_batch_deduplicated=0
[gpu-search] slow query e2e_us=20150 gpu_us=3350 prepare_us=100 graph_us=273 score_us=565 beam_us=534 exact_us=370 beam_select_us=35 rdma_issue_us=202 rdma_wait_us=486 graph_validation_us=26 neighbor_decode_us=109 pq_score_us=312 visited_us=143 beam_merge_us=534 graph_reads=196 graph_rereads=0 graph_bytes=163072 graph_extent_reads=0 graph_full_reads=196 graph_extent_fallbacks=0 graph_extent_underhints=0 graph_extent_promotions=0 dynamic_graph_short_reads=0 dynamic_graph_full_reads=0 dynamic_graph_bytes=0 dynamic_graph_fallbacks=0 dynamic_graph_promotions=0 dynamic_graph_demotions=0 logical_expansions=196 critical_graph_reads=196 speculative_graph_reads=0 speculative_promoted=0 speculative_stale=0 speculative_wasted_bytes=0 rdma_completion_latency_ns=1262592 rdma_completion_groups=25 issue_width_max=16 commit_width_max=16 critical_misses=4 certificate_rejects=0 graph_batches=21 graph_rounds=15 route_hits=0 exact_reads=128 exact_snapshot_trains=1 exact_snapshot_fallbacks=0 terminal_exact_cache_attempted=1 terminal_exact_cache_issued=128 terminal_exact_cache_promoted=124 terminal_exact_cache_misses=0 terminal_exact_cache_wasted_bytes=608 terminal_exact_cache_queue_rejects=0 dynamic_pq_reads=0 dynamic_pq_us=0 dynamic_pq_incarnation_rejects=0 dynamic_pq_arena_hits=0 dynamic_pq_batch_deduplicated=0
[gpu-search] slow query e2e_us=20200 gpu_us=3129 prepare_us=98 graph_us=264 score_us=525 beam_us=488 exact_us=235 beam_select_us=30 rdma_issue_us=197 rdma_wait_us=531 graph_validation_us=24 neighbor_decode_us=107 pq_score_us=284 visited_us=133 beam_merge_us=488 graph_reads=191 graph_rereads=0 graph_bytes=158912 graph_extent_reads=0 graph_full_reads=191 graph_extent_fallbacks=0 graph_extent_underhints=0 graph_extent_promotions=0 dynamic_graph_short_reads=0 dynamic_graph_full_reads=0 dynamic_graph_bytes=0 dynamic_graph_fallbacks=0 dynamic_graph_promotions=0 dynamic_graph_demotions=0 logical_expansions=191 critical_graph_reads=191 speculative_graph_reads=0 speculative_promoted=0 speculative_stale=0 speculative_wasted_bytes=0 rdma_completion_latency_ns=1052672 rdma_completion_groups=18 issue_width_max=16 commit_width_max=16 critical_misses=4 certificate_rejects=0 graph_batches=14 graph_rounds=14 route_hits=0 exact_reads=128 exact_snapshot_trains=1 exact_snapshot_fallbacks=0 terminal_exact_cache_attempted=1 terminal_exact_cache_issued=128 terminal_exact_cache_promoted=127 terminal_exact_cache_misses=0 terminal_exact_cache_wasted_bytes=152 terminal_exact_cache_queue_rejects=0 dynamic_pq_reads=0 dynamic_pq_us=0 dynamic_pq_incarnation_rejects=0 dynamic_pq_arena_hits=0 dynamic_pq_batch_deduplicated=0
[gpu-search] slow query e2e_us=20418 gpu_us=3206 prepare_us=93 graph_us=300 score_us=598 beam_us=516 exact_us=189 beam_select_us=22 rdma_issue_us=209 rdma_wait_us=286 graph_validation_us=43 neighbor_decode_us=109 pq_score_us=341 visited_us=148 beam_merge_us=516 graph_reads=199 graph_rereads=0 graph_bytes=165568 graph_extent_reads=0 graph_full_reads=199 graph_extent_fallbacks=0 graph_extent_underhints=0 graph_extent_promotions=0 dynamic_graph_short_reads=0 dynamic_graph_full_reads=0 dynamic_graph_bytes=0 dynamic_graph_fallbacks=0 dynamic_graph_promotions=0 dynamic_graph_demotions=0 logical_expansions=199 critical_graph_reads=199 speculative_graph_reads=0 speculative_promoted=0 speculative_stale=0 speculative_wasted_bytes=0 rdma_completion_latency_ns=1456128 rdma_completion_groups=30 issue_width_max=16 commit_width_max=16 critical_misses=4 certificate_rejects=0 graph_batches=26 graph_rounds=14 route_hits=0 exact_reads=128 exact_snapshot_trains=0 exact_snapshot_fallbacks=0 terminal_exact_cache_attempted=1 terminal_exact_cache_issued=128 terminal_exact_cache_promoted=128 terminal_exact_cache_misses=0 terminal_exact_cache_wasted_bytes=0 terminal_exact_cache_queue_rejects=0 dynamic_pq_reads=0 dynamic_pq_us=0 dynamic_pq_incarnation_rejects=0 dynamic_pq_arena_hits=0 dynamic_pq_batch_deduplicated=0
[gpu-search] slow query e2e_us=20343 gpu_us=3031 prepare_us=119 graph_us=277 score_us=413 beam_us=410 exact_us=294 beam_select_us=29 rdma_issue_us=194 rdma_wait_us=547 graph_validation_us=28 neighbor_decode_us=97 pq_score_us=221 visited_us=94 beam_merge_us=410 graph_reads=195 graph_rereads=0 graph_bytes=162240 graph_extent_reads=0 graph_full_reads=195 graph_extent_fallbacks=0 graph_extent_underhints=0 graph_extent_promotions=0 dynamic_graph_short_reads=0 dynamic_graph_full_reads=0 dynamic_graph_bytes=0 dynamic_graph_fallbacks=0 dynamic_graph_promotions=0 dynamic_graph_demotions=0 logical_expansions=195 critical_graph_reads=195 speculative_graph_reads=0 speculative_promoted=0 speculative_stale=0 speculative_wasted_bytes=0 rdma_completion_latency_ns=1100800 rdma_completion_groups=18 issue_width_max=16 commit_width_max=16 critical_misses=4 certificate_rejects=0 graph_batches=14 graph_rounds=14 route_hits=0 exact_reads=128 exact_snapshot_trains=1 exact_snapshot_fallbacks=0 terminal_exact_cache_attempted=1 terminal_exact_cache_issued=128 terminal_exact_cache_promoted=125 terminal_exact_cache_misses=0 terminal_exact_cache_wasted_bytes=456 terminal_exact_cache_queue_rejects=0 dynamic_pq_reads=0 dynamic_pq_us=0 dynamic_pq_incarnation_rejects=0 dynamic_pq_arena_hits=0 dynamic_pq_batch_deduplicated=0
[gpu-search] slow query e2e_us=20854 gpu_us=3498 prepare_us=93 graph_us=280 score_us=576 beam_us=578 exact_us=246 beam_select_us=35 rdma_issue_us=204 rdma_wait_us=683 graph_validation_us=27 neighbor_decode_us=108 pq_score_us=328 visited_us=139 beam_merge_us=578 graph_reads=209 graph_rereads=0 graph_bytes=173888 graph_extent_reads=0 graph_full_reads=209 graph_extent_fallbacks=0 graph_extent_underhints=0 graph_extent_promotions=0 dynamic_graph_short_reads=0 dynamic_graph_full_reads=0 dynamic_graph_bytes=0 dynamic_graph_fallbacks=0 dynamic_graph_promotions=0 dynamic_graph_demotions=0 logical_expansions=209 critical_graph_reads=209 speculative_graph_reads=0 speculative_promoted=0 speculative_stale=0 speculative_wasted_bytes=0 rdma_completion_latency_ns=1370112 rdma_completion_groups=21 issue_width_max=16 commit_width_max=16 critical_misses=4 certificate_rejects=0 graph_batches=17 graph_rounds=15 route_hits=0 exact_reads=128 exact_snapshot_trains=1 exact_snapshot_fallbacks=0 terminal_exact_cache_attempted=1 terminal_exact_cache_issued=128 terminal_exact_cache_promoted=123 terminal_exact_cache_misses=0 terminal_exact_cache_wasted_bytes=760 terminal_exact_cache_queue_rejects=0 dynamic_pq_reads=0 dynamic_pq_us=0 dynamic_pq_incarnation_rejects=0 dynamic_pq_arena_hits=0 dynamic_pq_batch_deduplicated=0
[breakdown][recall] done 1000/1000 ops, avg_rate=23560.5 ops/s
[breakdown][recall] before_performance recall@10=0.9401 queries=1000
[breakdown] effective insert start id=111000000
[breakdown] starting warmup mixed
[storage-owner] sender batch telemetry owner=0 batches=32 items=32 avg_batch=1 full_batches=0 tail_escape_batches=32 max_wait_flush_batches=0 queue_visibility_stalls=0 partial_visible_batches=0 published=0
[storage-owner] sender completion telemetry owner=0 batches=32 items=32 avg_batch=1 avg_rpc_wall_us=173.458 max_rpc_wall_us=4515.61 max_active_rpcs=1 max_published=1
[storage-owner] sender batch telemetry owner=1 batches=32 items=32 avg_batch=1 full_batches=0 tail_escape_batches=32 max_wait_flush_batches=0 queue_visibility_stalls=0 partial_visible_batches=0 published=0
[storage-owner] sender completion telemetry owner=1 batches=32 items=32 avg_batch=1 avg_rpc_wall_us=35.2186 max_rpc_wall_us=134.732 max_active_rpcs=1 max_published=1
[storage-owner] sender batch telemetry owner=2 batches=32 items=32 avg_batch=1 full_batches=0 tail_escape_batches=32 max_wait_flush_batches=0 queue_visibility_stalls=0 partial_visible_batches=0 published=0
[storage-owner] sender completion telemetry owner=2 batches=32 items=32 avg_batch=1 avg_rpc_wall_us=33.7937 max_rpc_wall_us=102.609 max_active_rpcs=1 max_published=1
[storage-owner] sender batch telemetry owner=3 batches=32 items=32 avg_batch=1 full_batches=0 tail_escape_batches=32 max_wait_flush_batches=0 queue_visibility_stalls=0 partial_visible_batches=0 published=0
[storage-owner] sender completion telemetry owner=3 batches=32 items=32 avg_batch=1 avg_rpc_wall_us=32.0959 max_rpc_wall_us=81.555 max_active_rpcs=1 max_published=1
[storage-owner] sender batch telemetry owner=4 batches=32 items=32 avg_batch=1 full_batches=0 tail_escape_batches=32 max_wait_flush_batches=0 queue_visibility_stalls=0 partial_visible_batches=0 published=0
[storage-owner] sender completion telemetry owner=4 batches=32 items=32 avg_batch=1 avg_rpc_wall_us=34.2572 max_rpc_wall_us=132.851 max_active_rpcs=1 max_published=1
[storage-owner] sender batch telemetry owner=0 batches=64 items=64 avg_batch=1 full_batches=0 tail_escape_batches=64 max_wait_flush_batches=0 queue_visibility_stalls=0 partial_visible_batches=0 published=0
[storage-owner] sender completion telemetry owner=0 batches=64 items=64 avg_batch=1 avg_rpc_wall_us=103.014 max_rpc_wall_us=4515.61 max_active_rpcs=1 max_published=1
[storage-owner] sender batch telemetry owner=1 batches=64 items=64 avg_batch=1 full_batches=0 tail_escape_batches=64 max_wait_flush_batches=0 queue_visibility_stalls=0 partial_visible_batches=0 published=0
[storage-owner] sender completion telemetry owner=1 batches=64 items=64 avg_batch=1 avg_rpc_wall_us=32.9435 max_rpc_wall_us=134.732 max_active_rpcs=1 max_published=1
[storage-owner] sender batch telemetry owner=2 batches=64 items=64 avg_batch=1 full_batches=0 tail_escape_batches=64 max_wait_flush_batches=0 queue_visibility_stalls=0 partial_visible_batches=0 published=0
[storage-owner] sender completion telemetry owner=2 batches=64 items=64 avg_batch=1 avg_rpc_wall_us=32.1238 max_rpc_wall_us=102.609 max_active_rpcs=1 max_published=1
[storage-owner] sender batch telemetry owner=3 batches=64 items=64 avg_batch=1 full_batches=0 tail_escape_batches=64 max_wait_flush_batches=0 queue_visibility_stalls=0 partial_visible_batches=0 published=0
[storage-owner] sender completion telemetry owner=3 batches=64 items=64 avg_batch=1 avg_rpc_wall_us=30.5271 max_rpc_wall_us=81.555 max_active_rpcs=1 max_published=1
[storage-owner] sender batch telemetry owner=4 batches=64 items=64 avg_batch=1 full_batches=0 tail_escape_batches=64 max_wait_flush_batches=0 queue_visibility_stalls=0 partial_visible_batches=0 published=0
[storage-owner] sender completion telemetry owner=4 batches=64 items=64 avg_batch=1 avg_rpc_wall_us=32.5107 max_rpc_wall_us=132.851 max_active_rpcs=1 max_published=1
[breakdown][warmup-mixed] progress elapsed=5s/5s, completed=64706 ops, rate=12941.2 ops/s, interval_rate=12941.2 ops/s, interval_read_qps=12876.4, interval_write_qps=64.8
[breakdown][warmup-mixed] done measurement_elapsed=5s/5s, measurement_completed=64706 ops, measurement_avg_rate=12941.2 ops/s, drain_elapsed=0.0196871s, drain_completed=336 ops
[breakdown][warmup] maintenance drain elapsed=0.0315233s complete=yes
[breakdown] starting measure phase
[storage-owner] sender batch telemetry owner=3 batches=128 items=128 avg_batch=1 full_batches=0 tail_escape_batches=128 max_wait_flush_batches=0 queue_visibility_stalls=0 partial_visible_batches=0 published=0
[storage-owner] sender completion telemetry owner=3 batches=128 items=128 avg_batch=1 avg_rpc_wall_us=44.9582 max_rpc_wall_us=1908.68 max_active_rpcs=1 max_published=1
[storage-owner] sender batch telemetry owner=0 batches=128 items=128 avg_batch=1 full_batches=0 tail_escape_batches=128 max_wait_flush_batches=0 queue_visibility_stalls=0 partial_visible_batches=0 published=0
[storage-owner] sender completion telemetry owner=0 batches=128 items=128 avg_batch=1 avg_rpc_wall_us=65.8846 max_rpc_wall_us=4515.61 max_active_rpcs=1 max_published=1
[storage-owner] sender batch telemetry owner=1 batches=128 items=128 avg_batch=1 full_batches=0 tail_escape_batches=128 max_wait_flush_batches=0 queue_visibility_stalls=0 partial_visible_batches=0 published=0
[storage-owner] sender completion telemetry owner=1 batches=128 items=128 avg_batch=1 avg_rpc_wall_us=32.2322 max_rpc_wall_us=134.732 max_active_rpcs=1 max_published=1
[storage-owner] sender batch telemetry owner=2 batches=128 items=128 avg_batch=1 full_batches=0 tail_escape_batches=128 max_wait_flush_batches=0 queue_visibility_stalls=0 partial_visible_batches=0 published=0
[storage-owner] sender completion telemetry owner=2 batches=128 items=128 avg_batch=1 avg_rpc_wall_us=30.9025 max_rpc_wall_us=102.609 max_active_rpcs=1 max_published=1
[storage-owner] sender batch telemetry owner=4 batches=128 items=128 avg_batch=1 full_batches=0 tail_escape_batches=128 max_wait_flush_batches=0 queue_visibility_stalls=0 partial_visible_batches=0 published=0
[storage-owner] sender completion telemetry owner=4 batches=128 items=128 avg_batch=1 avg_rpc_wall_us=31.4985 max_rpc_wall_us=132.851 max_active_rpcs=1 max_published=1
[breakdown][measure-mixed] progress elapsed=5s/20s, completed=66997 ops, rate=13399.4 ops/s, interval_rate=13399.4 ops/s, interval_read_qps=13332.4, interval_write_qps=67
[breakdown][measure-mixed] progress elapsed=10s/20s, completed=133079 ops, rate=13307.9 ops/s, interval_rate=13216.4 ops/s, interval_read_qps=13150.8, interval_write_qps=65.6
[storage-owner] sender batch telemetry owner=3 batches=256 items=256 avg_batch=1 full_batches=0 tail_escape_batches=256 max_wait_flush_batches=0 queue_visibility_stalls=0 partial_visible_batches=0 published=0
[storage-owner] sender completion telemetry owner=3 batches=256 items=256 avg_batch=1 avg_rpc_wall_us=37.5547 max_rpc_wall_us=1908.68 max_active_rpcs=1 max_published=1
[storage-owner] sender batch telemetry owner=0 batches=256 items=256 avg_batch=1 full_batches=0 tail_escape_batches=256 max_wait_flush_batches=0 queue_visibility_stalls=0 partial_visible_batches=0 published=0
[storage-owner] sender completion telemetry owner=0 batches=256 items=256 avg_batch=1 avg_rpc_wall_us=48.4515 max_rpc_wall_us=4515.61 max_active_rpcs=1 max_published=1
[storage-owner] sender batch telemetry owner=1 batches=256 items=256 avg_batch=1 full_batches=0 tail_escape_batches=256 max_wait_flush_batches=0 queue_visibility_stalls=0 partial_visible_batches=0 published=0
[storage-owner] sender completion telemetry owner=1 batches=256 items=256 avg_batch=1 avg_rpc_wall_us=48.8324 max_rpc_wall_us=4402.21 max_active_rpcs=1 max_published=1
[storage-owner] sender batch telemetry owner=2 batches=256 items=256 avg_batch=1 full_batches=0 tail_escape_batches=256 max_wait_flush_batches=0 queue_visibility_stalls=0 partial_visible_batches=0 published=0
[storage-owner] sender completion telemetry owner=2 batches=256 items=256 avg_batch=1 avg_rpc_wall_us=39.6573 max_rpc_wall_us=2271.14 max_active_rpcs=1 max_published=1
[storage-owner] sender batch telemetry owner=4 batches=256 items=256 avg_batch=1 full_batches=0 tail_escape_batches=256 max_wait_flush_batches=0 queue_visibility_stalls=0 partial_visible_batches=0 published=0
[storage-owner] sender completion telemetry owner=4 batches=256 items=256 avg_batch=1 avg_rpc_wall_us=31.3043 max_rpc_wall_us=132.851 max_active_rpcs=1 max_published=1
[breakdown][measure-mixed] progress elapsed=15s/20s, completed=203782 ops, rate=13585.5 ops/s, interval_rate=14140.6 ops/s, interval_read_qps=14070.2, interval_write_qps=70.4
[breakdown][measure-mixed] progress elapsed=20s/20s, completed=275738 ops, rate=13786.9 ops/s, interval_rate=14391.2 ops/s, interval_read_qps=14319.4, interval_write_qps=71.8
[breakdown][measure-mixed] done measurement_elapsed=20s/20s, measurement_completed=275738 ops, measurement_avg_rate=13786.9 ops/s, drain_elapsed=0.017246s, drain_completed=336 ops
[breakdown][measure] maintenance drain elapsed=0.000118454s complete=yes
[breakdown] Stage2 telemetry publication observed=1638 expected=1374
[breakdown][measure-mixed] reads issued/completed=274700/274700, writes issued/completed=1374/1374 (insert=1374, upsert=0, delete=0)
[breakdown][static_gt_post_recall] done 1000/1000 ops, avg_rate=30962.7 ops/s
[breakdown][recall] after_performance recall@10=0.9394 queries=1000
system_variant
  profile_name: 04_gpu_persistent_gpunetio
  label: full
  update_mutation_api: insert_upsert_erase
  storage_owner_update_completion_mode: decoupled
  gpu_dynamic_graph_access_mode: manual
  gpu_rdma_search_progression_mode: decoupled
  index_prefix: /data/xjs/index/dvstor_sift100m/index/sift100m_R96_bw128_metis_pmd32_pq32_schema16
  index_schema_version: 16
  index_build_fingerprint: 68737734120060254
query_inputs
  recall_source: /data/xjs/index/dvstor_sift100m/converted/query.u8bin
  recall_rows: 10000
  performance_source: /data/xjs/datasets/sift1b/sift100m_to_110m_query.u8bin
  performance_rows: 10000000
  performance_row_reuse_policy: single_pass_no_reuse
  performance_warmup/measure/total_rows_consumed: 64718/274700/339418
throughput
  duration_seconds: 20.0171
  total_ops_per_sec: 13791.9 (ops=276074)
  query_ops_per_sec: 13735 (ops=274700)
  effective_query_ops_per_sec: 13723.3
  write_ops_per_sec: 68.7 (ops=1374)
  effective_write_ops_per_sec: 68.6412
  insert_ops_per_sec: 68.7 (ops=1374)
  client_drain_seconds: 0.0171241
  scheduled_query/write_ops: 2000000/10000
  query/write_rate_attainment_ratio: 0.13735/0.1374
  nominal/effective_rate_basis: configured_schedule_window/wall_clock_including_client_drain
  write_mix_completed: insert=1374 upsert=0 delete=0
  query_head/tail_qps: 13517.8/13846.8
  query_tail_to_head_ratio: 1.02434
  query_min_5s_qps: 13150.8
  write_head/tail_qps: 67.6667/69.2667
  write_tail_to_head_ratio: 1.02365
  write_min_5s_qps: 65.6
  zero_completion_windows: 0
  zero_query/write_windows: 0/0
stage2
  source: in_band_control_page
  shards observed/requested: 5/5
  p99_stage2_delay_upper_ms: 64 (samples=1638)
  remaining/max_backlog: 0/3
  completion_outstanding/admission_window: 0/327680 (max_per_shard=0)
  completion_incomplete/admission_window: 0/327680 (max_per_shard=0, completed_behind_hole=0)
  completion admission stalls logical/physical: 0/0
  backlog_slope_per_sec: -0.119979
  failures (hard): 0
  peer_reverse_retry_attempts: 3
  locality telemetry: home_match_rate=0.898046 cross_edge_reduction=0.214424 avg_frontier/expansions/scored=695.9/22.2743/1305.32
  search budget exhausted (stage1/stage2): 0/0
  execution batching: contexts=1179 avg_items=1.38846 graph_reads/wave=4.80421 vector_reads/wave=57.0106 pressure_yields=0
  ordered graph issue: issued/hit/wasted=29137/28377/760 promotion_ratio=0.973916
  graph home RPC: batches/items/avg_items=7876/37223/4.72613
  executor service demand: stage1_total/search/prune_us=6914.07/6210.02/509.653 stage1_candidates/frontier/neighbors=127.999/695.668/45.5725 stage2_search/freeze/reverse_us=2431.99/318.479/1296.04
recall
  recall@10: 0.9401
  queries: 1000
  mode/base_id_limit/search_width/insufficient_queries: all/0/10/0
  query_file: /data/xjs/index/dvstor_sift100m/converted/query.u8bin
  groundtruth_file: /data/xjs/index/dvstor_sift100m/converted/groundtruth_100M.bin
static_gt_post_recall
  recall@10: 0.9394
  queries: 1000
  mode/base_id_limit/search_width/insufficient_queries: all/0/10/0
  query_file: /data/xjs/index/dvstor_sift100m/converted/query.u8bin
  groundtruth_file: /data/xjs/index/dvstor_sift100m/converted/groundtruth_100M.bin
gpu_persistent
  GPU memory explicit/base_pq/route GiB: 4.21617/2.98023/2.87592e-06
  average_batch_size: 92.6788
  average_submission_wait_us: 13041.5
  rdma_read_bytes: 49795424848
  owner WQE submitted/capacity/utilization: 131198279/5578725376/0.0235176
  owner critical/speculative batches: 6515701/33550
  graph_route_hit_ratio/refreshes: 0/0
  graph snapshot reread records total/per_query: 0/0
  graph RDMA bytes total/per_query/per_parent: 44450797248/161816/832
  graph live/full/fallback/underhint/promotions reads: 0/53426439/0/0/0
  expanded parents/neighbor sum/average degree: 53392890/2475472527/46.3633
  expanded degree histogram (ceil(degree/8), overflow=13): [0,42018,1379260,5584744,8784305,9070566,7980823,6072589,4361584,3026034,2142931,1595457,3352579,0]
  dynamic expanded parents/neighbor sum/average degree/share: 246268/9204071/37.3742/0.00461237
  dynamic expanded degree histogram (ceil(degree/8), overflow=13): [0,3099,18254,44360,63445,30204,27688,22806,9003,7012,10105,4767,5525,0]
  DynaExtent short/full/bytes/fallback/promotions/demotions: 0/246693/205248576/0/0/0
  DynaExtent snapshot-attempts/nonfallback-full-attempts/short-physical-ratio/fallback-ratio/bytes-per-physical-read: 246693/246693/0/0/832
  ASFE logical expansions total/per_query: 53392890/194.368
  ASFE critical/speculative graph reads: 53392889/33550
  ASFE critical/speculative graph bytes: 44422883648/27913600
  ASFE core reads/bytes/arrived/promoted/stale: 51910666/43189674112/51910666/51910666/383423
  ASFE core waves/ready waves/ready ratio: 3701389/270935/0.0731982
  terminal exact cache attempts/rate: 274700/1
  terminal exact cache issued/promoted/misses/rejects (total/per_query): 35161600/128, 34178586/124.421, 0/0, 0/0
  terminal exact cache promotion/waste ratio: 0.972043/0.027957
  terminal exact cache wasted bytes total/per_query: 149418128/543.932
  ASFE completion scoring batches/candidates (total/per_query/candidates_per_batch): 3994978/14.5431, 2475472527/9011.55/619.646
  ASFE reusable exact certificates total/per_query: 3994978/14.5431
  ASFE streamed runs/ordered scoring batches/candidates (total/per_query/candidates_per_batch): 7806493/28.4182, 0/0, 0/0/0
  OOO ROB parents retired beyond an unresolved rank hole (total/per_query): 5861099/21.3364
  ASFE reusable prefix ranks/full/issued certificates (total/per_query): 52328503/190.493, 0/0, 3701389/13.4743
  ASFE certificate rejects total/per_query: 0/0
  ASFE speculative wasted bytes/ratio: 27912768/0.99997
  ASFE speculative arrived/promoted/stale/queue_rejects: 33550/1/33549/826
  ASFE promotion/waste ratio: 2.98063e-05/0.99997
  ASFE issue/commit epochs: 3720278/3994978
  ASFE average issue/commit width: 14.0657/13.365
  ASFE issue capacity/utilization: 16.0093/0.878601
  ASFE max issue/commit width: 17/16
  ASFE critical ROB hits/speculative wait ns/us_per_query: 51910667/199149775017/724.972
  ASFE critical misses/ROB hit ratio: 1482223/0.972239
  ASFE RDMA completion groups/avg us (critical/speculative): 6933307/75.7511 (33550/80.6112)
  GPU occupancy threads/registers/static_shared: 128/166/49120
  GPU occupancy active/effective blocks per SM: 3/3
  GPU persistent query/owner/total blocks: 256/40/298
  centroid route publications/shard_updates/live/snapshot_skips: 782/1025/20/0
  centroid route probe_reads/body_reads/unchanged_polls/poll_us: 10000/1025/1218/63379
  centroid route query snapshot retries/timeouts: 923/0
  GPU query/prepare/graph/score/beam/exact us: 3450.77/108.672/326.283/528.27/478.948/227.033
  exact snapshot train batches/fallbacks/success ratio: 285483/0/1
  GPU graph commit/issue width: 16/32
  GPU graph read/dynamic extent: fixed/0
  GPU Beam merge policy: stable-run
  Stage2 score-many/graph-issue/home-combining: 1/16/1
  GPU Beam merge total/prepare/sort/materialize us: 478.948/15.7677/231.543/231.636
  dynamic PQ candidates/reads/bytes/incarnation_rejects: 5017212/1610/64400/0
  dynamic PQ reads/query and wait_us/query: 0.00586094/0.89172
  dynamic PQ arena hits/batch_dedup/authoritative_avoidance: 5015602/0/0.999679
  dynamic PQ arena publish success/race/capacity: 1339/271/25431721
storage_owner_runtime
  submitted/completed batches: 1374/1374
  submitted/completed items: 1374/1374
  average batch / average RPC wall us / max RPC wall us: 1/57.0169/11730.2
insert breakdown
  count: 1374
  latency_ms: mean=7.0691 p50=6.83969 p95=10.7524 p99=12.7084 p999=17.7801
  fine_grained_breakdown: disabled
query breakdown
  count: 274700
  latency_ms: mean=24.4304 p50=20.159 p95=42.2011 p99=52.2892 p999=67.9548
  fine_grained_breakdown: disabled
json: /home/xjs/experiment/dvstor/motivation/program2/results/program2_20260823_003955/fixed/04_gpu_persistent_gpunetio/sift100m_04_gpu_persistent_gpunetio_20260823_004010.json
text: /home/xjs/experiment/dvstor/motivation/program2/results/program2_20260823_003955/fixed/04_gpu_persistent_gpunetio/sift100m_04_gpu_persistent_gpunetio_20260823_004010.txt
