============================================================
                        SERVER
============================================================
num clients:                  1
TCP port:                     1238
QP handshake timeout (ms):    10000
IB device:                    <auto>
IB port:                      1
max outstanding CQEs:         64
max send work requests:       4096
max receive work requests:    4096
============================================================
index prefix:                     "/data/xjs/index/dvstor_spacev100m/index/spacev100m_R96_bw128_metis_pmd32_pq20_schema16"
storage shard:                    "/data/xjs/index/dvstor_spacev100m/index/spacev100m_R96_bw128_metis_pmd32_pq20_schema16_node5_of5.dat"
storage id:                       4
base vectors:                     100000000
vector ID namespace [0,N):        4294967295
registered memory GiB:            23
====================================================================
1 device(s) found
Selected device: ibp86s0
Selected port state: 4, lid: 8, active_mtu: 5
interleaved policy
num_cores: 112
physical cores per socket: 28
hyperthreading enabled
local process CPU partition: rank 4/5 logical_cpus=22
pairing: 85259 -- 12918
[STATUS]: loaded index metadata from /data/xjs/index/dvstor_spacev100m/index/spacev100m_R96_bw128_metis_pmd32_pq20_schema16 (layout=plain, vector_data_type=int8)
[STATUS]: storage-owner stage2 candidate width L=128 per shard
allocation size: 24696061952
allocated ALIGNED MEM (no hugepage) at 139678191714368 with buffer size 24696061952
[STATUS]: loading index (19573326848 Bytes) from /data/xjs/index/dvstor_spacev100m/index/spacev100m_R96_bw128_metis_pmd32_pq20_schema16_node5_of5.dat
[STATUS]: loaded GPU PQ codes (407777640 Bytes) at remote offset 19573330944
[STATUS]: storage-owner idmap loaded entries=20000000 format=owner_sharded_v2_bound immutable_base=true dynamic_shards=256 dynamic_reserved=65536
[STATUS]: compensated physical centroid restored on shard 4: vectors=20388882 entries=4
[STATUS]: register memory and distribute access token
[STATUS]: connect QPs of compute threads
[STATUS]: reserving 64 GPU/bootstrap QPs per compute node
pairing: 85264 -- 12923
pairing: 85269 -- 12928
pairing: 85274 -- 12933
pairing: 85279 -- 12938
pairing: 85284 -- 12943
pairing: 85289 -- 12948
pairing: 85294 -- 12953
pairing: 85299 -- 12958
pairing: 85304 -- 12963
pairing: 85309 -- 12968
pairing: 85314 -- 12973
pairing: 85319 -- 12978
pairing: 85324 -- 12983
pairing: 85329 -- 12988
pairing: 85334 -- 12993
pairing: 85339 -- 12998
pairing: 85344 -- 13003
pairing: 85349 -- 13008
pairing: 85354 -- 13013
pairing: 85359 -- 13018
pairing: 85364 -- 13023
pairing: 85369 -- 13028
pairing: 85374 -- 13033
pairing: 85379 -- 13038
pairing: 85384 -- 13043
pairing: 85389 -- 13048
pairing: 85394 -- 13053
pairing: 85399 -- 13058
pairing: 85404 -- 13063
pairing: 85409 -- 13068
pairing: 85414 -- 13073
pairing: 85419 -- 13078
pairing: 85423 -- 13207
pairing: 85549 -- 13208
pairing: 85550 -- 13209
pairing: 85551 -- 13210
pairing: 85552 -- 13211
pairing: 85553 -- 13212
pairing: 85554 -- 13213
pairing: 85555 -- 13214
pairing: 85556 -- 13215
pairing: 85557 -- 13216
pairing: 85558 -- 13217
pairing: 85559 -- 13218
pairing: 85560 -- 13219
pairing: 85561 -- 13220
pairing: 85562 -- 13221
pairing: 85563 -- 13222
pairing: 85564 -- 13223
pairing: 85565 -- 13224
pairing: 85566 -- 13225
pairing: 85567 -- 13226
pairing: 85568 -- 13227
pairing: 85569 -- 13228
pairing: 85570 -- 13229
pairing: 85571 -- 13230
pairing: 85572 -- 13231
pairing: 85573 -- 13232
pairing: 85574 -- 13233
pairing: 85575 -- 13234
pairing: 85576 -- 13235
pairing: 85577 -- 13236
pairing: 85578 -- 13237
pairing: 85579 -- 13238
[STATUS]: waiting for compute-node startup barrier
1 device(s) found
Selected device: ibp86s0
Selected port state: 4, lid: 8, active_mtu: 5
pairing: 85586 -- 85591
pairing: 85593 -- 85600
pairing: 85602 -- 85607
pairing: 85610 -- 85615
pairing: 85618 -- 85623
pairing: 85626 -- 85631
pairing: 85634 -- 85639
pairing: 85642 -- 85645
pairing: 85649 -- 85653
pairing: 85655 -- 85659
pairing: 85660 -- 85665
pairing: 85666 -- 85671
pairing: 85672 -- 85677
pairing: 85678 -- 85683
pairing: 85684 -- 85689
pairing: 85691 -- 85692
pairing: 85694 -- 85695
pairing: 85697 -- 85699
pairing: 85701 -- 85703
pairing: 85705 -- 85707
pairing: 85710 -- 85711
pairing: 85713 -- 85715
pairing: 85718 -- 85719
pairing: 85721 -- 85723
pairing: 85725 -- 85724
pairing: 85726 -- 85727
pairing: 85728 -- 85729
pairing: 85730 -- 85731
pairing: 85732 -- 85733
pairing: 85734 -- 85735
pairing: 85736 -- 85737
pairing: 85738 -- 85739
[STATUS]: storage-owner peer RDMA QPs per peer: 8
[STATUS]: storage-owner peer QP0 reserved for RPC; data RDMA uses QP1..7
allocated ALIGNED MEM (no hugepage) at 139677124264000 with buffer size 67108864
allocated ALIGNED MEM (no hugepage) at 139677084418112 with buffer size 39839040
[STATUS]: storage-owner peer RPC receive slots per peer: 64 (requested=64)
[STATUS]: storage-owner peer RPC concurrent sends per peer: 16
[STATUS]: storage-owner peer RPC send credits: Stage1/graph are split at depth >= 2; responses use a dedicated sync buffer
[STATUS]: storage-owner peer async response capacity: 32768
[STATUS]: storage-owner Stage2 home RPC combining: enabled logical_capacity=18432 aggregate_capacity=4608 byte_budget=33586224
allocated ALIGNED MEM (no hugepage) at 95441828352512 with buffer size 96256
allocated ALIGNED MEM (no hugepage) at 139677359448128 with buffer size 212992
allocated ALIGNED MEM (no hugepage) at 139677355147328 with buffer size 212992
[STATUS]: storage-owner peer reverse-update workers: 2
[STATUS]: storage-owner peer Stage1 workers: 3; Stage2-home workers: 1 (one reserved; shared lanes borrow authoritative work only)
[STATUS]: storage-owner physical control workers: cleanup=1 placement=1 (separate blocking domains)
[STATUS]: storage-owner peer progress threads: cq=1 response_dispatch=1
[STATUS]: storage-owner Stage1 artifact capacity: 67584 (64-way, per shard=1056) cleanup replay per shard=2048 active migration receipts=131072
[STATUS]: storage-owner peer reverse-update tuning: queue_depth=65536 coalesce_max=256
allocated ALIGNED MEM (no hugepage) at 139677343608896 with buffer size 855296
allocated ALIGNED MEM (no hugepage) at 139677342752832 with buffer size 855296
allocated ALIGNED MEM (no hugepage) at 139677339414592 with buffer size 855296
allocated ALIGNED MEM (no hugepage) at 139677338558528 with buffer size 855296
allocated ALIGNED MEM (no hugepage) at 139677335220288 with buffer size 855296
allocated ALIGNED MEM (no hugepage) at 139677334163520 with buffer size 855296
allocated ALIGNED MEM (no hugepage) at 139677330825280 with buffer size 855296
allocated ALIGNED MEM (no hugepage) at 139677326831680 with buffer size 855296
[STATUS]: storage-owner peer scratch: snapshot_slot=192 graph_slot=832 batch=256 lane_peak_rdma_wrs=56 lane_useful_wave_rdma_wrs=56 global_read_window=224 search_lanes_global=32 search_lanes_credit_derived=16 search_lane_lease_cap=32 search_lanes_physical_per_worker=4 ready_context_runtime_epoch=1 bytes_per_lane=213824 bytes_total=6842368
[STATUS]: storage-owner maintenance workers: 8 (configured=8, admission_baseline_workers=2, context_limit=32, semantic_execution_batch=8, work_conserving=true)
[STATUS]: storage-owner stage2 reverse outbox descriptors: 128 aggregates=128 wire_max_ops=3072 (shared per-peer work-conserving aggregation)
[STATUS]: storage-owner maintenance tuning: protocol=centroid-home-two-stage compaction_batch_target=32 packing_policy=deterministic_b8 packing_tail_wait_us=arrival_adaptive_capped_25000 packing_context_limit=8 backlog_limit=65536 admission_credit=bounded_accepted_backlog admission_window=65536 physical_completion_capacity=65536
[STATUS]: storage-owner peer RDMA read credits: per_data_qp=8 data_qps_per_peer=7 per_peer=56 global=224 shared_cq_read_budget=8095 ordered_snapshot_pairs_per_chain=4 (requested_per_data_qp=16)
[STATUS]: storage-owner online insert tuning: construction_beam=128 snapshot_batch=256 protocol=centroid-home-two-stage
[STATUS]: storage-owner stage1=physical-home local search and backlinks; stage2=generation-fenced home expand+score continuation
[STATUS]: storage-owner responses=foreground direct post; completion=repost by service poller
[STATUS]: storage-owner foreground pipeline: coordinators=12 cpu_lanes=3 (assigned_cpus=22, rpc_parallelism=16)
[STATUS]: storage-owner CPU plan: foreground_cpu=3 foreground_coordinators=12 maintenance=8 peer_stage1=4 (split into isolated Stage1/Stage2-home domains) peer_reverse=2 peer_cleanup=1 peer_placement=1 peer_progress=2 foreground_progress=1
[STATUS]: storage-owner insert runtime enabled on shard 4
