============================================================
                        SERVER
============================================================
num clients:                  1
TCP port:                     1235
QP handshake timeout (ms):    10000
IB device:                    <auto>
IB port:                      1
max outstanding CQEs:         64
max send work requests:       4096
max receive work requests:    4096
============================================================
index prefix:                     "/data/xjs/index/dvstor_spacev100m/index/spacev100m_R96_bw128_metis_pmd32_pq20_schema16"
storage shard:                    "/data/xjs/index/dvstor_spacev100m/index/spacev100m_R96_bw128_metis_pmd32_pq20_schema16_node2_of5.dat"
storage id:                       1
base vectors:                     100000000
vector ID namespace [0,N):        4294967295
registered memory GiB:            23
====================================================================
1 device(s) found
Selected device: ibp86s0
Selected port state: 4, lid: 8, active_mtu: 5
interleaved policy
num_cores: 112
physical cores per socket: 28
hyperthreading enabled
local process CPU partition: rank 1/5 logical_cpus=22
pairing: 85256 -- 12915
[STATUS]: loaded index metadata from /data/xjs/index/dvstor_spacev100m/index/spacev100m_R96_bw128_metis_pmd32_pq20_schema16 (layout=plain, vector_data_type=int8)
[STATUS]: storage-owner stage2 candidate width L=128 per shard
allocation size: 24696061952
allocated ALIGNED MEM (no hugepage) at 124918498852928 with buffer size 24696061952
[STATUS]: loading index (18639939008 Bytes) from /data/xjs/index/dvstor_spacev100m/index/spacev100m_R96_bw128_metis_pmd32_pq20_schema16_node2_of5.dat
[STATUS]: loaded GPU PQ codes (388332060 Bytes) at remote offset 18639943104
[STATUS]: storage-owner idmap loaded entries=20000000 format=owner_sharded_v2_bound immutable_base=true dynamic_shards=256 dynamic_reserved=65536
[STATUS]: compensated physical centroid restored on shard 1: vectors=19416603 entries=4
[STATUS]: register memory and distribute access token
[STATUS]: connect QPs of compute threads
[STATUS]: reserving 64 GPU/bootstrap QPs per compute node
pairing: 85261 -- 12920
pairing: 85266 -- 12925
pairing: 85271 -- 12930
pairing: 85276 -- 12935
pairing: 85281 -- 12940
pairing: 85286 -- 12945
pairing: 85291 -- 12950
pairing: 85296 -- 12955
pairing: 85301 -- 12960
pairing: 85306 -- 12965
pairing: 85311 -- 12970
pairing: 85316 -- 12975
pairing: 85321 -- 12980
pairing: 85326 -- 12985
pairing: 85331 -- 12990
pairing: 85336 -- 12995
pairing: 85341 -- 13000
pairing: 85346 -- 13005
pairing: 85351 -- 13010
pairing: 85356 -- 13015
pairing: 85361 -- 13020
pairing: 85366 -- 13025
pairing: 85371 -- 13030
pairing: 85376 -- 13035
pairing: 85381 -- 13040
pairing: 85386 -- 13045
pairing: 85391 -- 13050
pairing: 85396 -- 13055
pairing: 85401 -- 13060
pairing: 85406 -- 13065
pairing: 85411 -- 13070
pairing: 85416 -- 13075
pairing: 85421 -- 13111
pairing: 85456 -- 13112
pairing: 85457 -- 13113
pairing: 85458 -- 13114
pairing: 85459 -- 13115
pairing: 85460 -- 13116
pairing: 85461 -- 13117
pairing: 85462 -- 13118
pairing: 85463 -- 13119
pairing: 85464 -- 13120
pairing: 85465 -- 13121
pairing: 85466 -- 13122
pairing: 85467 -- 13123
pairing: 85468 -- 13124
pairing: 85469 -- 13125
pairing: 85470 -- 13126
pairing: 85471 -- 13127
pairing: 85472 -- 13128
pairing: 85473 -- 13129
pairing: 85474 -- 13130
pairing: 85475 -- 13131
pairing: 85476 -- 13132
pairing: 85477 -- 13133
pairing: 85478 -- 13134
pairing: 85479 -- 13135
pairing: 85480 -- 13136
pairing: 85481 -- 13137
pairing: 85482 -- 13138
pairing: 85483 -- 13139
pairing: 85484 -- 13140
pairing: 85485 -- 13141
pairing: 85486 -- 13142
[STATUS]: waiting for compute-node startup barrier
1 device(s) found
Selected device: ibp86s0
Selected port state: 4, lid: 8, active_mtu: 5
pairing: 85581 -- 85585
pairing: 85587 -- 85594
pairing: 85596 -- 85601
pairing: 85604 -- 85609
pairing: 85612 -- 85617
pairing: 85620 -- 85625
pairing: 85628 -- 85633
pairing: 85636 -- 85641
pairing: 85644 -- 85640
pairing: 85647 -- 85646
pairing: 85650 -- 85648
pairing: 85653 -- 85649
pairing: 85654 -- 85651
pairing: 85656 -- 85652
pairing: 85659 -- 85655
pairing: 85661 -- 85657
pairing: 85663 -- 85658
pairing: 85665 -- 85660
pairing: 85667 -- 85662
pairing: 85669 -- 85664
pairing: 85671 -- 85666
pairing: 85673 -- 85668
pairing: 85675 -- 85670
pairing: 85677 -- 85672
pairing: 85679 -- 85674
pairing: 85681 -- 85676
pairing: 85683 -- 85678
pairing: 85685 -- 85680
pairing: 85686 -- 85682
pairing: 85689 -- 85684
pairing: 85690 -- 85687
pairing: 85692 -- 85691
[STATUS]: storage-owner peer RDMA QPs per peer: 8
[STATUS]: storage-owner peer QP0 reserved for RPC; data RDMA uses QP1..7
allocated ALIGNED MEM (no hugepage) at 124917431402560 with buffer size 67108864
allocated ALIGNED MEM (no hugepage) at 124917391556672 with buffer size 39839040
[STATUS]: storage-owner peer RPC receive slots per peer: 64 (requested=64)
[STATUS]: storage-owner peer RPC concurrent sends per peer: 16
[STATUS]: storage-owner peer RPC send credits: Stage1/graph are split at depth >= 2; responses use a dedicated sync buffer
[STATUS]: storage-owner peer async response capacity: 32768
[STATUS]: storage-owner Stage2 home RPC combining: enabled logical_capacity=18432 aggregate_capacity=4608 byte_budget=33586224
allocated ALIGNED MEM (no hugepage) at 102774662652416 with buffer size 96256
allocated ALIGNED MEM (no hugepage) at 124917662916672 with buffer size 212992
allocated ALIGNED MEM (no hugepage) at 124917662498880 with buffer size 212992
[STATUS]: storage-owner peer reverse-update workers: 2
[STATUS]: storage-owner peer Stage1 workers: 3; Stage2-home workers: 1 (one reserved; shared lanes borrow authoritative work only)
[STATUS]: storage-owner physical control workers: cleanup=1 placement=1 (separate blocking domains)
[STATUS]: storage-owner peer progress threads: cq=1 response_dispatch=1
[STATUS]: storage-owner Stage1 artifact capacity: 67584 (64-way, per shard=1056) cleanup replay per shard=2048 active migration receipts=131072
[STATUS]: storage-owner peer reverse-update tuning: queue_depth=65536 coalesce_max=256
allocated ALIGNED MEM (no hugepage) at 124917650747456 with buffer size 855296
allocated ALIGNED MEM (no hugepage) at 124917649891392 with buffer size 855296
allocated ALIGNED MEM (no hugepage) at 124917646553152 with buffer size 855296
allocated ALIGNED MEM (no hugepage) at 124917645697088 with buffer size 855296
allocated ALIGNED MEM (no hugepage) at 124917642358848 with buffer size 855296
allocated ALIGNED MEM (no hugepage) at 124917641502784 with buffer size 855296
allocated ALIGNED MEM (no hugepage) at 124917638164544 with buffer size 855296
allocated ALIGNED MEM (no hugepage) at 124917637107776 with buffer size 855296
[STATUS]: storage-owner peer scratch: snapshot_slot=192 graph_slot=832 batch=256 lane_peak_rdma_wrs=56 lane_useful_wave_rdma_wrs=56 global_read_window=224 search_lanes_global=32 search_lanes_credit_derived=16 search_lane_lease_cap=32 search_lanes_physical_per_worker=4 ready_context_runtime_epoch=1 bytes_per_lane=213824 bytes_total=6842368
[STATUS]: storage-owner maintenance workers: 8 (configured=8, admission_baseline_workers=2, context_limit=32, semantic_execution_batch=8, work_conserving=true)
[STATUS]: storage-owner stage2 reverse outbox descriptors: 128 aggregates=128 wire_max_ops=3072 (shared per-peer work-conserving aggregation)
[STATUS]: storage-owner maintenance tuning: protocol=centroid-home-two-stage compaction_batch_target=32 packing_policy=deterministic_b8 packing_tail_wait_us=arrival_adaptive_capped_25000 packing_context_limit=8 backlog_limit=65536 admission_credit=bounded_accepted_backlog admission_window=65536 physical_completion_capacity=65536
[STATUS]: storage-owner peer RDMA read credits: per_data_qp=8 data_qps_per_peer=7 per_peer=56 global=224 shared_cq_read_budget=8095 ordered_snapshot_pairs_per_chain=4 (requested_per_data_qp=16)
[STATUS]: storage-owner online insert tuning: construction_beam=128 snapshot_batch=256 protocol=centroid-home-two-stage
[STATUS]: storage-owner stage1=physical-home local search and backlinks; stage2=generation-fenced home expand+score continuation
[STATUS]: storage-owner responses=foreground direct post; completion=repost by service poller
[STATUS]: storage-owner foreground pipeline: coordinators=12 cpu_lanes=3 (assigned_cpus=22, rpc_parallelism=16)
[STATUS]: storage-owner CPU plan: foreground_cpu=3 foreground_coordinators=12 maintenance=8 peer_stage1=4 (split into isolated Stage1/Stage2-home domains) peer_reverse=2 peer_cleanup=1 peer_placement=1 peer_progress=2 foreground_progress=1
[STATUS]: storage-owner insert runtime enabled on shard 1
