============================================================
                        SERVER
============================================================
num clients:                  1
TCP port:                     1236
IB device:                    <auto>
IB port:                      1
max outstanding CQEs:         64
max send work requests:       4096
max receive work requests:    4096
============================================================
server index file:            "/data/xjs/index/dvstor_sift100m/index/sift100m_R48_bw200_metis_node3_of5.dat"
============================================================
1 device(s) found
Selected device: ibp86s0
Selected port state: 4, lid: 8
num_cores: 112
physical cores per socket: 28
hyperthreading enabled
interleaved policy
pairing: 44561 -- 12254
[STATUS]: pinned main thread to core 28
[STATUS]: loaded index metadata from /data/xjs/index/dvstor_sift100m/index/sift100m_R48_bw200_metis (layout=rabitq, vector_data_type=uint8)
allocation size: 13958643712
allocated ALIGNED MEM (no hugepage) at 126215700611136 with buffer size 13958643712
[STATUS]: loading index (8232745792 Bytes) from /data/xjs/index/dvstor_sift100m/index/sift100m_R48_bw200_metis_node3_of5.dat
[STATUS]: register memory and distribute access token
[STATUS]: connect QPs of compute threads
pairing: 44566 -- 12265
pairing: 44577 -- 12266
pairing: 44578 -- 12267
pairing: 44579 -- 12268
pairing: 44580 -- 12285
pairing: 44597 -- 12286
pairing: 44598 -- 12287
pairing: 44599 -- 12288
pairing: 44600 -- 12305
pairing: 44617 -- 12306
pairing: 44618 -- 12307
pairing: 44619 -- 12308
pairing: 44620 -- 12325
pairing: 44635 -- 12326
pairing: 44636 -- 12327
pairing: 44637 -- 12328
[STATUS]: waiting for commands from compute node...
[STATUS]: loading index (8232745792 Bytes) from /data/xjs/index/dvstor_sift100m/index/sift100m_R48_bw200_metis_node3_of5.dat
1 device(s) found
Selected device: ibp86s0
Selected port state: 4, lid: 8
pairing: 44646 -- 44648
pairing: 44652 -- 44656
pairing: 44657 -- 44658
pairing: 44659 -- 44660
pairing: 44662 -- 44655
pairing: 44667 -- 44668
pairing: 44672 -- 44671
pairing: 44677 -- 44675
pairing: 44684 -- 44699
pairing: 44702 -- 44701
pairing: 44704 -- 44705
pairing: 44707 -- 44706
pairing: 44710 -- 44708
pairing: 44712 -- 44709
pairing: 44713 -- 44711
pairing: 44715 -- 44716
[STATUS]: storage-owner peer RDMA QPs per peer: 4
[STATUS]: storage-owner peer QP0 reserved for RPC; data RDMA uses QP1..3
allocated ALIGNED MEM (no hugepage) at 126215327318080 with buffer size 67108864
allocated ALIGNED MEM (no hugepage) at 126215316832320 with buffer size 9979200
[STATUS]: storage-owner peer RPC receive slots per peer: 64 (requested=64)
allocated ALIGNED MEM (no hugepage) at 126215470043200 with buffer size 302080
allocated ALIGNED MEM (no hugepage) at 126215247626304 with buffer size 67108864
allocated ALIGNED MEM (no hugepage) at 126215178420288 with buffer size 67108864
allocated ALIGNED MEM (no hugepage) at 126215109214272 with buffer size 67108864
allocated ALIGNED MEM (no hugepage) at 126215040008256 with buffer size 67108864
allocated ALIGNED MEM (no hugepage) at 126214970802240 with buffer size 67108864
allocated ALIGNED MEM (no hugepage) at 126214901596224 with buffer size 67108864
allocated ALIGNED MEM (no hugepage) at 126214832390208 with buffer size 67108864
allocated ALIGNED MEM (no hugepage) at 126214763184192 with buffer size 67108864
[STATUS]: storage-owner peer reverse-update workers: 8
[STATUS]: storage-owner peer reverse-update tuning: mode=async queue_depth=65536 flush_us=200 coalesce_max=256
[STATUS]: storage-owner peer RDMA read credits per peer: 8 per QP: 8 (requested=8)
[STATUS]: storage-owner online insert tuning: construction_beam=128 snapshot_batch=64 prune_max_candidates=128 update_mode=anchored
[STATUS]: storage-owner coroutine scratch: snapshot_bytes=144 snapshot_stride=192 batch=64 per_coroutine=12736
allocated ALIGNED MEM (no hugepage) at 126214578634816 with buffer size 67108864
allocated ALIGNED MEM (no hugepage) at 126213584584768 with buffer size 67108864
allocated ALIGNED MEM (no hugepage) at 126213515378752 with buffer size 67108864
allocated ALIGNED MEM (no hugepage) at 126213446172736 with buffer size 67108864
allocated ALIGNED MEM (no hugepage) at 126213376966720 with buffer size 67108864
allocated ALIGNED MEM (no hugepage) at 126213307760704 with buffer size 67108864
allocated ALIGNED MEM (no hugepage) at 126213238554688 with buffer size 67108864
allocated ALIGNED MEM (no hugepage) at 126213169348672 with buffer size 67108864
[STATUS]: storage-owner insert runtime enabled on shard 2
