============================================================
                        SERVER
============================================================
num clients:                  1
TCP port:                     1238
IB device:                    <auto>
IB port:                      1
max outstanding CQEs:         64
max send work requests:       4096
max receive work requests:    4096
============================================================
server index file:            "/data/xjs/index/dvstor_sift100m/index/sift100m_R48_bw200_balanced_node5_of5.dat"
============================================================
1 device(s) found
Selected device: ibp86s0
Selected port state: 4, lid: 8
num_cores: 112
physical cores per socket: 28
hyperthreading enabled
interleaved policy
pairing: 42268 -- 11161
[STATUS]: pinned main thread to core 28
[STATUS]: loaded index metadata from /data/xjs/index/dvstor_sift100m/index/sift100m_R48_bw200_balanced (layout=rabitq, vector_data_type=uint8)
allocation size: 13958643712
allocated ALIGNED MEM (no hugepage) at 140637452107840 with buffer size 13958643712
[STATUS]: loading index (8480000128 Bytes) from /data/xjs/index/dvstor_sift100m/index/sift100m_R48_bw200_balanced_node5_of5.dat
[STATUS]: register memory and distribute access token
[STATUS]: connect QPs of compute threads
pairing: 42273 -- 11166
pairing: 42278 -- 11171
pairing: 42282 -- 11176
pairing: 42288 -- 11181
[STATUS]: waiting for commands from compute node...
[STATUS]: loading index (8480000128 Bytes) from /data/xjs/index/dvstor_sift100m/index/sift100m_R48_bw200_balanced_node5_of5.dat
1 device(s) found
Selected device: ibp86s0
Selected port state: 4, lid: 8
pairing: 42293 -- 42299
pairing: 42300 -- 42306
pairing: 42309 -- 42314
pairing: 42317 -- 42322
pairing: 42326 -- 42330
pairing: 42331 -- 42335
pairing: 42338 -- 42341
pairing: 42344 -- 42345
pairing: 42348 -- 42347
pairing: 42353 -- 42355
pairing: 42357 -- 42358
pairing: 42361 -- 42360
pairing: 42362 -- 42359
pairing: 42364 -- 42363
pairing: 42366 -- 42365
pairing: 42368 -- 42367
[STATUS]: storage-owner peer RDMA QPs per peer: 4
[STATUS]: storage-owner peer QP0 reserved for RPC; data RDMA uses QP1..3
allocated ALIGNED MEM (no hugepage) at 140637129146432 with buffer size 67108864
allocated ALIGNED MEM (no hugepage) at 140637118660672 with buffer size 9979200
[STATUS]: storage-owner peer RPC receive slots per peer: 64 (requested=64)
allocated ALIGNED MEM (no hugepage) at 140637256585280 with buffer size 285696
allocated ALIGNED MEM (no hugepage) at 140637049454656 with buffer size 67108864
allocated ALIGNED MEM (no hugepage) at 140636980248640 with buffer size 67108864
allocated ALIGNED MEM (no hugepage) at 140636911042624 with buffer size 67108864
allocated ALIGNED MEM (no hugepage) at 140636841836608 with buffer size 67108864
allocated ALIGNED MEM (no hugepage) at 140636772630592 with buffer size 67108864
allocated ALIGNED MEM (no hugepage) at 140636703424576 with buffer size 67108864
allocated ALIGNED MEM (no hugepage) at 140636634218560 with buffer size 67108864
allocated ALIGNED MEM (no hugepage) at 140636565012544 with buffer size 67108864
[STATUS]: storage-owner peer reverse-update workers: 8
[STATUS]: storage-owner peer reverse-update tuning: mode=async queue_depth=65536 flush_us=200 coalesce_max=256
[STATUS]: storage-owner peer RDMA read credits per peer: 8 per QP: 8 (requested=8)
[STATUS]: storage-owner online insert tuning: construction_beam=128 snapshot_batch=64 prune_max_candidates=128 update_mode=exact
[STATUS]: storage-owner coroutine scratch: snapshot_bytes=144 snapshot_stride=192 batch=64 per_coroutine=12736
allocated ALIGNED MEM (no hugepage) at 140636380463168 with buffer size 67108864
allocated ALIGNED MEM (no hugepage) at 140635413676096 with buffer size 67108864
allocated ALIGNED MEM (no hugepage) at 140635344470080 with buffer size 67108864
allocated ALIGNED MEM (no hugepage) at 140635275264064 with buffer size 67108864
allocated ALIGNED MEM (no hugepage) at 140635206058048 with buffer size 67108864
allocated ALIGNED MEM (no hugepage) at 140635136852032 with buffer size 67108864
allocated ALIGNED MEM (no hugepage) at 140635067646016 with buffer size 67108864
allocated ALIGNED MEM (no hugepage) at 140634998440000 with buffer size 67108864
[STATUS]: storage-owner insert runtime enabled on shard 4
