============================================================
                        SERVER
============================================================
num clients:                  1
TCP port:                     1238
IB device:                    <auto>
IB port:                      1
max outstanding CQEs:         64
max send work requests:       4096
max receive work requests:    4096
============================================================
server index file:            "/data/xjs/index/dvstor_sift100m/index/sift100m_R48_bw200_metis_node5_of5.dat"
============================================================
1 device(s) found
Selected device: ibp86s0
Selected port state: 4, lid: 8
num_cores: 112
physical cores per socket: 28
hyperthreading enabled
interleaved policy
pairing: 46543 -- 13276
[STATUS]: pinned main thread to core 28
[STATUS]: loaded index metadata from /data/xjs/index/dvstor_sift100m/index/sift100m_R48_bw200_metis (layout=rabitq, vector_data_type=uint8)
allocation size: 13958643712
allocated ALIGNED MEM (no hugepage) at 137580148424768 with buffer size 13958643712
[STATUS]: loading index (8232727104 Bytes) from /data/xjs/index/dvstor_sift100m/index/sift100m_R48_bw200_metis_node5_of5.dat
[STATUS]: storage-owner anchors loaded on shard 4: entries=20480 memory=10652160 bytes
[STATUS]: register memory and distribute access token
[STATUS]: connect QPs of compute threads
pairing: 46548 -- 13293
pairing: 46565 -- 13294
pairing: 46566 -- 13295
pairing: 46567 -- 13296
pairing: 46568 -- 13313
pairing: 46585 -- 13314
pairing: 46586 -- 13315
pairing: 46587 -- 13316
pairing: 46588 -- 13333
pairing: 46605 -- 13334
pairing: 46606 -- 13335
pairing: 46607 -- 13336
pairing: 46608 -- 13353
pairing: 46621 -- 13354
pairing: 46622 -- 13355
pairing: 46623 -- 13356
[STATUS]: waiting for commands from compute node...
[STATUS]: loading index (8232727104 Bytes) from /data/xjs/index/dvstor_sift100m/index/sift100m_R48_bw200_metis_node5_of5.dat
1 device(s) found
Selected device: ibp86s0
Selected port state: 4, lid: 8
pairing: 46649 -- 46641
pairing: 46653 -- 46651
pairing: 46656 -- 46658
pairing: 46659 -- 46661
pairing: 46664 -- 46650
pairing: 46668 -- 46667
pairing: 46671 -- 46672
pairing: 46675 -- 46676
pairing: 46679 -- 46652
pairing: 46681 -- 46680
pairing: 46684 -- 46683
pairing: 46687 -- 46686
pairing: 46690 -- 46697
pairing: 46699 -- 46698
pairing: 46700 -- 46701
pairing: 46703 -- 46702
[STATUS]: storage-owner peer RDMA QPs per peer: 4
[STATUS]: storage-owner peer QP0 reserved for RPC; data RDMA uses QP1..3
allocated ALIGNED MEM (no hugepage) at 137579754160192 with buffer size 67108864
allocated ALIGNED MEM (no hugepage) at 137579743674432 with buffer size 9979200
[STATUS]: storage-owner peer RPC receive slots per peer: 64 (requested=64)
allocated ALIGNED MEM (no hugepage) at 137579918123072 with buffer size 302080
allocated ALIGNED MEM (no hugepage) at 137579674468416 with buffer size 67108864
allocated ALIGNED MEM (no hugepage) at 137579605262400 with buffer size 67108864
allocated ALIGNED MEM (no hugepage) at 137579536056384 with buffer size 67108864
allocated ALIGNED MEM (no hugepage) at 137579466850368 with buffer size 67108864
allocated ALIGNED MEM (no hugepage) at 137579397644352 with buffer size 67108864
allocated ALIGNED MEM (no hugepage) at 137579328438336 with buffer size 67108864
allocated ALIGNED MEM (no hugepage) at 137579259232320 with buffer size 67108864
allocated ALIGNED MEM (no hugepage) at 137579190026304 with buffer size 67108864
allocated ALIGNED MEM (no hugepage) at 137579120820288 with buffer size 67108864
allocated ALIGNED MEM (no hugepage) at 137579051614272 with buffer size 67108864
allocated ALIGNED MEM (no hugepage) at 137578982408256 with buffer size 67108864
allocated ALIGNED MEM (no hugepage) at 137578913202240 with buffer size 67108864
allocated ALIGNED MEM (no hugepage) at 137578843996224 with buffer size 67108864
allocated ALIGNED MEM (no hugepage) at 137578774790208 with buffer size 67108864
allocated ALIGNED MEM (no hugepage) at 137578705584192 with buffer size 67108864
allocated ALIGNED MEM (no hugepage) at 137578636378176 with buffer size 67108864
[STATUS]: storage-owner peer reverse-update workers: 8
[STATUS]: storage-owner peer stitch-search workers: 8
[STATUS]: storage-owner peer reverse-update tuning: mode=async queue_depth=65536 flush_us=200 coalesce_max=256
allocated ALIGNED MEM (no hugepage) at 137578367942720 with buffer size 67108864
allocated ALIGNED MEM (no hugepage) at 137577396961344 with buffer size 67108864
allocated ALIGNED MEM (no hugepage) at 137577327755328 with buffer size 67108864
allocated ALIGNED MEM (no hugepage) at 137577258549312 with buffer size 67108864
allocated ALIGNED MEM (no hugepage) at 137577189343296 with buffer size 67108864
allocated ALIGNED MEM (no hugepage) at 137577120137280 with buffer size 67108864
allocated ALIGNED MEM (no hugepage) at 137577050931264 with buffer size 67108864
allocated ALIGNED MEM (no hugepage) at 137576981725248 with buffer size 67108864
[STATUS]: storage-owner maintenance workers: 8 (configured=8, resource_gated_parallel_stitching=true)
[STATUS]: storage-owner maintenance tuning: mode=finalize local_stitch=true compaction_delay_ms=3000
[STATUS]: storage-owner peer RDMA read credits per peer: 8 per QP: 8 (requested=8)
[STATUS]: storage-owner online insert tuning: construction_beam=128 snapshot_batch=64 prune_max_candidates=128 update_mode=local_stitch
[STATUS]: storage-owner coroutine scratch: snapshot_bytes=144 snapshot_stride=192 batch=64 per_coroutine=12736
allocated ALIGNED MEM (no hugepage) at 137576912519232 with buffer size 67108864
allocated ALIGNED MEM (no hugepage) at 137576843313216 with buffer size 67108864
allocated ALIGNED MEM (no hugepage) at 137576774107200 with buffer size 67108864
allocated ALIGNED MEM (no hugepage) at 137576704901184 with buffer size 67108864
allocated ALIGNED MEM (no hugepage) at 137576635695168 with buffer size 67108864
allocated ALIGNED MEM (no hugepage) at 137576566489152 with buffer size 67108864
allocated ALIGNED MEM (no hugepage) at 137576497283136 with buffer size 67108864
allocated ALIGNED MEM (no hugepage) at 137576428077120 with buffer size 67108864
[STATUS]: storage-owner insert runtime enabled on shard 4
[STATUS]: storage-owner maintenance observation: enqueued=1 stitch_enqueued=0 cleanup_enqueued=0 stitch_tasks_done=0 stitched_live=0 cleanup_processed=0 stale=0 stitch_completion_ratio=0.000000 live_stitch_completion_ratio=0.000000 avg_stitch_delay_ms=0.000000 max_stitch_delay_ms=0.000000 compaction_delay_ms=3000 stitch_rate_per_sec=0.000000 failed=0 max_backlog=1 pressure_yields=0 external_search_requests=0 external_candidates=0 stitch_batches=0 avg_stitch_batch_size=0.000000 peer_stitch_enqueued=0 peer_stitch_processed=0 peer_stitch_items=0 peer_stitch_rate_per_sec=0.000000 peer_stitch_max_queue=0 stitch_remaining=1 cleanup_remaining=0 remaining=1
[STATUS]: storage-owner maintenance observation: enqueued=905 stitch_enqueued=574 cleanup_enqueued=331 stitch_tasks_done=55 stitched_live=55 cleanup_processed=308 stale=0 stitch_completion_ratio=0.095819 live_stitch_completion_ratio=0.095819 avg_stitch_delay_ms=3745.791675 max_stitch_delay_ms=4907.091840 compaction_delay_ms=3000 stitch_rate_per_sec=4.003085 failed=0 max_backlog=511 pressure_yields=17 external_search_requests=110 external_candidates=28376 stitch_batches=31 avg_stitch_batch_size=8.129032 peer_stitch_enqueued=114 peer_stitch_processed=105 peer_stitch_items=834 peer_stitch_rate_per_sec=60.701324 peer_stitch_max_queue=20 stitch_remaining=322 cleanup_remaining=16 remaining=338
[STATUS]: storage-owner maintenance observation: enqueued=1213 stitch_enqueued=763 cleanup_enqueued=450 stitch_tasks_done=348 stitched_live=348 cleanup_processed=318 stale=0 stitch_completion_ratio=0.456094 live_stitch_completion_ratio=0.456094 avg_stitch_delay_ms=6236.152906 max_stitch_delay_ms=8613.508734 compaction_delay_ms=3000 stitch_rate_per_sec=18.004014 failed=0 max_backlog=511 pressure_yields=17 external_search_requests=144 external_candidates=78994 stitch_batches=41 avg_stitch_batch_size=13.951220 peer_stitch_enqueued=176 peer_stitch_processed=174 peer_stitch_items=2569 peer_stitch_rate_per_sec=132.908940 peer_stitch_max_queue=20 stitch_remaining=191 cleanup_remaining=125 remaining=316
[STATUS]: storage-owner maintenance observation: enqueued=1545 stitch_enqueued=960 cleanup_enqueued=584 stitch_tasks_done=794 stitched_live=794 cleanup_processed=584 stale=0 stitch_completion_ratio=0.827083 live_stitch_completion_ratio=0.827083 avg_stitch_delay_ms=6595.097908 max_stitch_delay_ms=9731.131578 compaction_delay_ms=3000 stitch_rate_per_sec=32.633910 failed=0 max_backlog=511 pressure_yields=23 external_search_requests=392 external_candidates=152184 stitch_batches=98 avg_stitch_batch_size=8.102041 peer_stitch_enqueued=492 peer_stitch_processed=488 peer_stitch_items=3503 peer_stitch_rate_per_sec=143.975551 peer_stitch_max_queue=20 stitch_remaining=166 cleanup_remaining=1 remaining=167
[STATUS]: storage-owner maintenance observation: enqueued=1897 stitch_enqueued=1172 cleanup_enqueued=725 stitch_tasks_done=986 stitched_live=986 cleanup_processed=708 stale=0 stitch_completion_ratio=0.841297 live_stitch_completion_ratio=0.841297 avg_stitch_delay_ms=6050.804526 max_stitch_delay_ms=9731.131578 compaction_delay_ms=3000 stitch_rate_per_sec=33.576189 failed=0 max_backlog=511 pressure_yields=27 external_search_requests=708 external_candidates=200485 stitch_batches=181 avg_stitch_batch_size=5.961326 peer_stitch_enqueued=814 peer_stitch_processed=790 peer_stitch_items=4498 peer_stitch_rate_per_sec=153.170081 peer_stitch_max_queue=22 stitch_remaining=93 cleanup_remaining=10 remaining=103
[STATUS]: storage-owner maintenance observation: enqueued=1941 stitch_enqueued=1194 cleanup_enqueued=746 stitch_tasks_done=1194 stitched_live=1194 cleanup_processed=746 stale=0 stitch_completion_ratio=1.000000 live_stitch_completion_ratio=1.000000 avg_stitch_delay_ms=5731.528029 max_stitch_delay_ms=9731.131578 compaction_delay_ms=3000 stitch_rate_per_sec=34.108592 failed=0 max_backlog=511 pressure_yields=27 external_search_requests=936 external_candidates=228821 stitch_batches=234 avg_stitch_batch_size=5.102564 peer_stitch_enqueued=986 peer_stitch_processed=986 peer_stitch_items=5574 peer_stitch_rate_per_sec=159.230565 peer_stitch_max_queue=24 stitch_remaining=1 cleanup_remaining=0 remaining=1
[STATUS]: storage-owner maintenance observation: enqueued=2941 stitch_enqueued=1824 cleanup_enqueued=1117 stitch_tasks_done=1267 stitched_live=1267 cleanup_processed=1091 stale=0 stitch_completion_ratio=0.694627 live_stitch_completion_ratio=0.694627 avg_stitch_delay_ms=5625.615963 max_stitch_delay_ms=9731.131578 compaction_delay_ms=3000 stitch_rate_per_sec=31.352533 failed=0 max_backlog=542 pressure_yields=41 external_search_requests=1030 external_candidates=252001 stitch_batches=263 avg_stitch_batch_size=5.669202 peer_stitch_enqueued=1098 peer_stitch_processed=1087 peer_stitch_items=6246 peer_stitch_rate_per_sec=154.560316 peer_stitch_max_queue=24 stitch_remaining=333 cleanup_remaining=19 remaining=352
[storage-peer] slow peer op send self_shard=4 target_shard=3 rpc_type=1 request_id=3120 item_count=80 elapsed_ms=1742.99
[storage-peer] slow peer outbox send self_shard=4 target_shard=3 rpc_type=1 item_count=80 success=1 queued_ms=0.224335 elapsed_ms=1743.09
[STATUS]: storage-owner maintenance observation: enqueued=3148 stitch_enqueued=1950 cleanup_enqueued=1198 stitch_tasks_done=1683 stitched_live=1683 cleanup_processed=1190 stale=0 stitch_completion_ratio=0.863077 live_stitch_completion_ratio=0.863077 avg_stitch_delay_ms=5864.760366 max_stitch_delay_ms=9731.131578 compaction_delay_ms=3000 stitch_rate_per_sec=37.053960 failed=0 max_backlog=542 pressure_yields=42 external_search_requests=1078 external_candidates=325708 stitch_batches=276 avg_stitch_batch_size=6.800725 peer_stitch_enqueued=1151 peer_stitch_processed=1149 peer_stitch_items=7931 peer_stitch_rate_per_sec=174.613757 peer_stitch_max_queue=24 stitch_remaining=73 cleanup_remaining=1 remaining=74
[STATUS]: storage-owner maintenance observation: enqueued=3471 stitch_enqueued=2147 cleanup_enqueued=1324 stitch_tasks_done=2023 stitched_live=2023 cleanup_processed=1324 stale=0 stitch_completion_ratio=0.942245 live_stitch_completion_ratio=0.942245 avg_stitch_delay_ms=5892.425363 max_stitch_delay_ms=9731.131578 compaction_delay_ms=3000 stitch_rate_per_sec=40.103760 failed=0 max_backlog=542 pressure_yields=49 external_search_requests=1252 external_candidates=387799 stitch_batches=313 avg_stitch_batch_size=6.463259 peer_stitch_enqueued=1354 peer_stitch_processed=1349 peer_stitch_items=8891 peer_stitch_rate_per_sec=176.254339 peer_stitch_max_queue=24 stitch_remaining=124 cleanup_remaining=0 remaining=124
[STATUS]: storage-owner maintenance observation: enqueued=3863 stitch_enqueued=2387 cleanup_enqueued=1476 stitch_tasks_done=2212 stitched_live=2212 cleanup_processed=1469 stale=0 stitch_completion_ratio=0.926686 live_stitch_completion_ratio=0.926686 avg_stitch_delay_ms=5681.882201 max_stitch_delay_ms=9731.131578 compaction_delay_ms=3000 stitch_rate_per_sec=39.885100 failed=0 max_backlog=542 pressure_yields=55 external_search_requests=1675 external_candidates=427659 stitch_batches=423 avg_stitch_batch_size=5.364066 peer_stitch_enqueued=1840 peer_stitch_processed=1838 peer_stitch_items=9971 peer_stitch_rate_per_sec=179.789479 peer_stitch_max_queue=24 stitch_remaining=118 cleanup_remaining=2 remaining=120
[STATUS]: storage-owner maintenance observation: enqueued=4301 stitch_enqueued=2670 cleanup_enqueued=1631 stitch_tasks_done=2431 stitched_live=2431 cleanup_processed=1629 stale=0 stitch_completion_ratio=0.910487 live_stitch_completion_ratio=0.910487 avg_stitch_delay_ms=5500.956301 max_stitch_delay_ms=9731.131578 compaction_delay_ms=3000 stitch_rate_per_sec=40.205934 failed=0 max_backlog=542 pressure_yields=60 external_search_requests=1989 external_candidates=466127 stitch_batches=499 avg_stitch_batch_size=4.875752 peer_stitch_enqueued=2240 peer_stitch_processed=2233 peer_stitch_items=10871 peer_stitch_rate_per_sec=179.793793 peer_stitch_max_queue=24 stitch_remaining=237 cleanup_remaining=1 remaining=238
[STATUS]: storage-owner maintenance observation: enqueued=4578 stitch_enqueued=2838 cleanup_enqueued=1740 stitch_tasks_done=2697 stitched_live=2697 cleanup_processed=1736 stale=0 stitch_completion_ratio=0.950317 live_stitch_completion_ratio=0.950317 avg_stitch_delay_ms=5404.460885 max_stitch_delay_ms=9731.131578 compaction_delay_ms=3000 stitch_rate_per_sec=41.195945 failed=0 max_backlog=542 pressure_yields=66 external_search_requests=2201 external_candidates=518465 stitch_batches=557 avg_stitch_batch_size=4.929982 peer_stitch_enqueued=2471 peer_stitch_processed=2455 peer_stitch_items=12189 peer_stitch_rate_per_sec=186.183676 peer_stitch_max_queue=24 stitch_remaining=92 cleanup_remaining=0 remaining=92
[STATUS]: storage-owner maintenance observation: enqueued=5114 stitch_enqueued=3184 cleanup_enqueued=1930 stitch_tasks_done=2992 stitched_live=2992 cleanup_processed=1919 stale=0 stitch_completion_ratio=0.939698 live_stitch_completion_ratio=0.939698 avg_stitch_delay_ms=5215.776951 max_stitch_delay_ms=9731.131578 compaction_delay_ms=3000 stitch_rate_per_sec=42.443650 failed=0 max_backlog=542 pressure_yields=73 external_search_requests=2816 external_candidates=579718 stitch_batches=707 avg_stitch_batch_size=4.304102 peer_stitch_enqueued=3001 peer_stitch_processed=2978 peer_stitch_items=13059 peer_stitch_rate_per_sec=185.251212 peer_stitch_max_queue=24 stitch_remaining=141 cleanup_remaining=7 remaining=148
[STATUS]: storage-owner maintenance observation: enqueued=5420 stitch_enqueued=3367 cleanup_enqueued=2052 stitch_tasks_done=3208 stitched_live=3208 cleanup_processed=2051 stale=0 stitch_completion_ratio=0.952777 live_stitch_completion_ratio=0.952777 avg_stitch_delay_ms=5141.687850 max_stitch_delay_ms=9731.131578 compaction_delay_ms=3000 stitch_rate_per_sec=42.489866 failed=0 max_backlog=542 pressure_yields=80 external_search_requests=3012 external_candidates=615164 stitch_batches=755 avg_stitch_batch_size=4.251656 peer_stitch_enqueued=3194 peer_stitch_processed=3193 peer_stitch_items=14394 peer_stitch_rate_per_sec=190.648106 peer_stitch_max_queue=24 stitch_remaining=157 cleanup_remaining=1 remaining=158
[STATUS]: storage-owner maintenance observation: enqueued=5774 stitch_enqueued=3564 cleanup_enqueued=2210 stitch_tasks_done=3443 stitched_live=3443 cleanup_processed=2203 stale=0 stitch_completion_ratio=0.966049 live_stitch_completion_ratio=0.966049 avg_stitch_delay_ms=5029.539707 max_stitch_delay_ms=9731.131578 compaction_delay_ms=3000 stitch_rate_per_sec=42.747974 failed=0 max_backlog=542 pressure_yields=83 external_search_requests=3431 external_candidates=660454 stitch_batches=864 avg_stitch_batch_size=4.001157 peer_stitch_enqueued=3701 peer_stitch_processed=3684 peer_stitch_items=15527 peer_stitch_rate_per_sec=192.781817 peer_stitch_max_queue=24 stitch_remaining=107 cleanup_remaining=5 remaining=112
[STATUS]: storage-owner maintenance observation: enqueued=6165 stitch_enqueued=3804 cleanup_enqueued=2361 stitch_tasks_done=3646 stitched_live=3646 cleanup_processed=2358 stale=0 stitch_completion_ratio=0.958465 live_stitch_completion_ratio=0.958465 avg_stitch_delay_ms=4936.259947 max_stitch_delay_ms=9731.131578 compaction_delay_ms=3000 stitch_rate_per_sec=42.621467 failed=0 max_backlog=542 pressure_yields=88 external_search_requests=3954 external_candidates=699887 stitch_batches=994 avg_stitch_batch_size=3.688129 peer_stitch_enqueued=4230 peer_stitch_processed=4214 peer_stitch_items=16568 peer_stitch_rate_per_sec=193.678680 peer_stitch_max_queue=24 stitch_remaining=138 cleanup_remaining=1 remaining=139
[STATUS]: storage-owner maintenance observation: enqueued=6459 stitch_enqueued=3980 cleanup_enqueued=2479 stitch_tasks_done=3866 stitched_live=3866 cleanup_processed=2478 stale=0 stitch_completion_ratio=0.971357 live_stitch_completion_ratio=0.971357 avg_stitch_delay_ms=4854.499697 max_stitch_delay_ms=9731.131578 compaction_delay_ms=3000 stitch_rate_per_sec=42.693097 failed=0 max_backlog=542 pressure_yields=91 external_search_requests=4363 external_candidates=741752 stitch_batches=1091 avg_stitch_batch_size=3.545371 peer_stitch_enqueued=4634 peer_stitch_processed=4633 peer_stitch_items=17692 peer_stitch_rate_per_sec=195.376685 peer_stitch_max_queue=24 stitch_remaining=112 cleanup_remaining=1 remaining=113
[STATUS]: storage-owner maintenance observation: enqueued=6852 stitch_enqueued=4215 cleanup_enqueued=2637 stitch_tasks_done=4030 stitched_live=4030 cleanup_processed=2618 stale=0 stitch_completion_ratio=0.956109 live_stitch_completion_ratio=0.956109 avg_stitch_delay_ms=4795.203127 max_stitch_delay_ms=9731.131578 compaction_delay_ms=3000 stitch_rate_per_sec=42.141833 failed=0 max_backlog=542 pressure_yields=100 external_search_requests=4788 external_candidates=774365 stitch_batches=1203 avg_stitch_batch_size=3.394846 peer_stitch_enqueued=5129 peer_stitch_processed=5123 peer_stitch_items=18750 peer_stitch_rate_per_sec=196.069321 peer_stitch_max_queue=26 stitch_remaining=131 cleanup_remaining=12 remaining=143
[STATUS]: storage-owner maintenance observation: enqueued=7252 stitch_enqueued=4464 cleanup_enqueued=2788 stitch_tasks_done=4259 stitched_live=4259 cleanup_processed=2787 stale=0 stitch_completion_ratio=0.954077 live_stitch_completion_ratio=0.954077 avg_stitch_delay_ms=4735.967003 max_stitch_delay_ms=9731.131578 compaction_delay_ms=3000 stitch_rate_per_sec=42.322118 failed=0 max_backlog=542 pressure_yields=107 external_search_requests=5192 external_candidates=816713 stitch_batches=1298 avg_stitch_batch_size=3.281202 peer_stitch_enqueued=5545 peer_stitch_processed=5539 peer_stitch_items=19645 peer_stitch_rate_per_sec=195.214370 peer_stitch_max_queue=26 stitch_remaining=205 cleanup_remaining=1 remaining=206
[STATUS]: storage-owner maintenance observation: enqueued=7501 stitch_enqueued=4611 cleanup_enqueued=2890 stitch_tasks_done=4526 stitched_live=4526 cleanup_processed=2887 stale=0 stitch_completion_ratio=0.981566 live_stitch_completion_ratio=0.981566 avg_stitch_delay_ms=4703.721568 max_stitch_delay_ms=9731.131578 compaction_delay_ms=3000 stitch_rate_per_sec=42.825118 failed=0 max_backlog=542 pressure_yields=109 external_search_requests=5456 external_candidates=868824 stitch_batches=1367 avg_stitch_batch_size=3.317484 peer_stitch_enqueued=5842 peer_stitch_processed=5817 peer_stitch_items=20852 peer_stitch_rate_per_sec=197.302113 peer_stitch_max_queue=26 stitch_remaining=76 cleanup_remaining=1 remaining=77
[STATUS]: storage-owner maintenance observation: enqueued=7936 stitch_enqueued=4880 cleanup_enqueued=3056 stitch_tasks_done=4712 stitched_live=4712 cleanup_processed=3044 stale=0 stitch_completion_ratio=0.965574 live_stitch_completion_ratio=0.965574 avg_stitch_delay_ms=4648.010152 max_stitch_delay_ms=9731.131578 compaction_delay_ms=3000 stitch_rate_per_sec=42.539392 failed=0 max_backlog=542 pressure_yields=119 external_search_requests=5920 external_candidates=903945 stitch_batches=1486 avg_stitch_batch_size=3.185061 peer_stitch_enqueued=6373 peer_stitch_processed=6361 peer_stitch_items=21841 peer_stitch_rate_per_sec=197.178028 peer_stitch_max_queue=26 stitch_remaining=147 cleanup_remaining=6 remaining=153
[STATUS]: storage-owner maintenance observation: enqueued=8281 stitch_enqueued=5090 cleanup_enqueued=3190 stitch_tasks_done=4936 stitched_live=4936 cleanup_processed=3190 stale=0 stitch_completion_ratio=0.969745 live_stitch_completion_ratio=0.969745 avg_stitch_delay_ms=4619.454605 max_stitch_delay_ms=9731.131578 compaction_delay_ms=3000 stitch_rate_per_sec=42.632467 failed=0 max_backlog=542 pressure_yields=126 external_search_requests=6236 external_candidates=946569 stitch_batches=1559 avg_stitch_batch_size=3.166132 peer_stitch_enqueued=6688 peer_stitch_processed=6687 peer_stitch_items=23062 peer_stitch_rate_per_sec=199.187591 peer_stitch_max_queue=26 stitch_remaining=154 cleanup_remaining=1 remaining=155
[STATUS]: storage-owner maintenance observation: enqueued=8604 stitch_enqueued=5281 cleanup_enqueued=3323 stitch_tasks_done=5148 stitched_live=5148 cleanup_processed=3319 stale=0 stitch_completion_ratio=0.974815 live_stitch_completion_ratio=0.974815 avg_stitch_delay_ms=4582.250182 max_stitch_delay_ms=9731.131578 compaction_delay_ms=3000 stitch_rate_per_sec=42.620326 failed=0 max_backlog=542 pressure_yields=129 external_search_requests=6588 external_candidates=987257 stitch_batches=1654 avg_stitch_batch_size=3.148126 peer_stitch_enqueued=7092 peer_stitch_processed=7073 peer_stitch_items=24210 peer_stitch_rate_per_sec=200.434749 peer_stitch_max_queue=26 stitch_remaining=74 cleanup_remaining=0 remaining=74
[STATUS]: storage-owner maintenance observation: enqueued=9110 stitch_enqueued=5603 cleanup_enqueued=3507 stitch_tasks_done=5348 stitched_live=5348 cleanup_processed=3507 stale=0 stitch_completion_ratio=0.954489 live_stitch_completion_ratio=0.954489 avg_stitch_delay_ms=4561.533472 max_stitch_delay_ms=9731.131578 compaction_delay_ms=3000 stitch_rate_per_sec=42.513087 failed=0 max_backlog=542 pressure_yields=143 external_search_requests=6920 external_candidates=1025838 stitch_batches=1736 avg_stitch_batch_size=3.084677 peer_stitch_enqueued=7493 peer_stitch_processed=7485 peer_stitch_items=25242 peer_stitch_rate_per_sec=200.657321 peer_stitch_max_queue=26 stitch_remaining=248 cleanup_remaining=0 remaining=248
[STATUS]: storage-owner maintenance observation: enqueued=9357 stitch_enqueued=5757 cleanup_enqueued=3600 stitch_tasks_done=5635 stitched_live=5635 cleanup_processed=3595 stale=0 stitch_completion_ratio=0.978808 live_stitch_completion_ratio=0.978808 avg_stitch_delay_ms=4550.332280 max_stitch_delay_ms=9731.131578 compaction_delay_ms=3000 stitch_rate_per_sec=43.065042 failed=0 max_backlog=542 pressure_yields=145 external_search_requests=7164 external_candidates=1085535 stitch_batches=1796 avg_stitch_batch_size=3.158686 peer_stitch_enqueued=7722 peer_stitch_processed=7717 peer_stitch_items=26564 peer_stitch_rate_per_sec=203.013270 peer_stitch_max_queue=26 stitch_remaining=84 cleanup_remaining=0 remaining=84
[STATUS]: storage-owner maintenance observation: enqueued=9844 stitch_enqueued=6044 cleanup_enqueued=3800 stitch_tasks_done=5843 stitched_live=5843 cleanup_processed=3777 stale=0 stitch_completion_ratio=0.966744 live_stitch_completion_ratio=0.966744 avg_stitch_delay_ms=4508.796379 max_stitch_delay_ms=9731.131578 compaction_delay_ms=3000 stitch_rate_per_sec=42.904358 failed=0 max_backlog=542 pressure_yields=158 external_search_requests=7663 external_candidates=1123215 stitch_batches=1919 avg_stitch_batch_size=3.060448 peer_stitch_enqueued=8345 peer_stitch_processed=8328 peer_stitch_items=27537 peer_stitch_rate_per_sec=202.200462 peer_stitch_max_queue=26 stitch_remaining=171 cleanup_remaining=16 remaining=187
[STATUS]: storage-owner maintenance observation: enqueued=10198 stitch_enqueued=6262 cleanup_enqueued=3934 stitch_tasks_done=6087 stitched_live=6087 cleanup_processed=3934 stale=0 stitch_completion_ratio=0.972054 live_stitch_completion_ratio=0.972054 avg_stitch_delay_ms=4481.577099 max_stitch_delay_ms=9731.131578 compaction_delay_ms=3000 stitch_rate_per_sec=43.101935 failed=0 max_backlog=542 pressure_yields=167 external_search_requests=7960 external_candidates=1167482 stitch_batches=1990 avg_stitch_batch_size=3.058794 peer_stitch_enqueued=8676 peer_stitch_processed=8673 peer_stitch_items=28773 peer_stitch_rate_per_sec=203.741082 peer_stitch_max_queue=26 stitch_remaining=176 cleanup_remaining=1 remaining=177
[STATUS]: storage-owner maintenance observation: enqueued=10571 stitch_enqueued=6479 cleanup_enqueued=4092 stitch_tasks_done=6306 stitched_live=6306 cleanup_processed=4061 stale=0 stitch_completion_ratio=0.973298 live_stitch_completion_ratio=0.973298 avg_stitch_delay_ms=4455.068985 max_stitch_delay_ms=9731.131578 compaction_delay_ms=3000 stitch_rate_per_sec=43.050782 failed=0 max_backlog=542 pressure_yields=178 external_search_requests=8320 external_candidates=1209520 stitch_batches=2087 avg_stitch_batch_size=3.050311 peer_stitch_enqueued=9106 peer_stitch_processed=9091 peer_stitch_items=29957 peer_stitch_rate_per_sec=204.515110 peer_stitch_max_queue=26 stitch_remaining=113 cleanup_remaining=24 remaining=137
[STATUS]: storage-owner maintenance observation: enqueued=10986 stitch_enqueued=6742 cleanup_enqueued=4244 stitch_tasks_done=6544 stitched_live=6544 cleanup_processed=4243 stale=0 stitch_completion_ratio=0.970632 live_stitch_completion_ratio=0.970632 avg_stitch_delay_ms=4429.626503 max_stitch_delay_ms=9731.131578 compaction_delay_ms=3000 stitch_rate_per_sec=43.198690 failed=0 max_backlog=542 pressure_yields=190 external_search_requests=8836 external_candidates=1255187 stitch_batches=2216 avg_stitch_batch_size=2.956679 peer_stitch_enqueued=9628 peer_stitch_processed=9625 peer_stitch_items=31025 peer_stitch_rate_per_sec=204.804301 peer_stitch_max_queue=26 stitch_remaining=190 cleanup_remaining=0 remaining=190
[STATUS]: storage-owner maintenance observation: enqueued=11203 stitch_enqueued=6886 cleanup_enqueued=4317 stitch_tasks_done=6816 stitched_live=6816 cleanup_processed=4317 stale=0 stitch_completion_ratio=0.989834 live_stitch_completion_ratio=0.989834 avg_stitch_delay_ms=4397.823553 max_stitch_delay_ms=9731.131578 compaction_delay_ms=3000 stitch_rate_per_sec=43.554878 failed=0 max_backlog=542 pressure_yields=191 external_search_requests=9152 external_candidates=1307379 stitch_batches=2294 avg_stitch_batch_size=2.973845 peer_stitch_enqueued=9928 peer_stitch_processed=9910 peer_stitch_items=32145 peer_stitch_rate_per_sec=205.409558 peer_stitch_max_queue=26 stitch_remaining=64 cleanup_remaining=0 remaining=64
