============================================================
                        SERVER
============================================================
num clients:                  1
TCP port:                     1236
IB device:                    <auto>
IB port:                      1
max outstanding CQEs:         64
max send work requests:       4096
max receive work requests:    4096
============================================================
server index file:            "/data/xjs/index/dvstor_sift100m/index/sift100m_R48_bw200_metis_node3_of5.dat"
============================================================
1 device(s) found
Selected device: ibp86s0
Selected port state: 4, lid: 8
num_cores: 112
physical cores per socket: 28
hyperthreading enabled
interleaved policy
pairing: 42476 -- 11209
[STATUS]: pinned main thread to core 28
[STATUS]: loaded index metadata from /data/xjs/index/dvstor_sift100m/index/sift100m_R48_bw200_metis (layout=rabitq, vector_data_type=uint8)
allocation size: 13958643712
allocated ALIGNED MEM (no hugepage) at 123665899323456 with buffer size 13958643712
[STATUS]: loading index (8232745792 Bytes) from /data/xjs/index/dvstor_sift100m/index/sift100m_R48_bw200_metis_node3_of5.dat
[STATUS]: register memory and distribute access token
[STATUS]: connect QPs of compute threads
pairing: 42481 -- 11214
pairing: 42484 -- 11219
pairing: 42491 -- 11224
pairing: 42498 -- 11229
[STATUS]: waiting for commands from compute node...
[STATUS]: loading index (8232745792 Bytes) from /data/xjs/index/dvstor_sift100m/index/sift100m_R48_bw200_metis_node3_of5.dat
1 device(s) found
Selected device: ibp86s0
Selected port state: 4, lid: 8
pairing: 42500 -- 42499
pairing: 42502 -- 42501
pairing: 42509 -- 42510
pairing: 42512 -- 42515
pairing: 42516 -- 42514
pairing: 42518 -- 42519
pairing: 42524 -- 42523
pairing: 42528 -- 42527
pairing: 42535 -- 42554
pairing: 42556 -- 42555
pairing: 42560 -- 42559
pairing: 42562 -- 42561
pairing: 42564 -- 42563
pairing: 42565 -- 42566
pairing: 42568 -- 42569
pairing: 42570 -- 42571
[STATUS]: storage-owner peer RDMA QPs per peer: 4
[STATUS]: storage-owner peer QP0 reserved for RPC; data RDMA uses QP1..3
allocated ALIGNED MEM (no hugepage) at 123665576362048 with buffer size 67108864
allocated ALIGNED MEM (no hugepage) at 123665565876288 with buffer size 9979200
[STATUS]: storage-owner peer RPC receive slots per peer: 64 (requested=64)
allocated ALIGNED MEM (no hugepage) at 123665703985216 with buffer size 302080
allocated ALIGNED MEM (no hugepage) at 123665496670272 with buffer size 67108864
allocated ALIGNED MEM (no hugepage) at 123665427464256 with buffer size 67108864
allocated ALIGNED MEM (no hugepage) at 123665358258240 with buffer size 67108864
allocated ALIGNED MEM (no hugepage) at 123665289052224 with buffer size 67108864
allocated ALIGNED MEM (no hugepage) at 123665219846208 with buffer size 67108864
allocated ALIGNED MEM (no hugepage) at 123665150640192 with buffer size 67108864
allocated ALIGNED MEM (no hugepage) at 123665081434176 with buffer size 67108864
allocated ALIGNED MEM (no hugepage) at 123665012228160 with buffer size 67108864
[STATUS]: storage-owner peer reverse-update workers: 8
[STATUS]: storage-owner peer reverse-update tuning: mode=async queue_depth=65536 flush_us=200 coalesce_max=256
[STATUS]: storage-owner peer RDMA read credits per peer: 8 per QP: 8 (requested=8)
[STATUS]: storage-owner online insert tuning: construction_beam=128 snapshot_batch=64 prune_max_candidates=128 update_mode=anchored
[STATUS]: storage-owner coroutine scratch: snapshot_bytes=144 snapshot_stride=192 batch=64 per_coroutine=12736
allocated ALIGNED MEM (no hugepage) at 123664827678784 with buffer size 67108864
allocated ALIGNED MEM (no hugepage) at 123663850405952 with buffer size 67108864
allocated ALIGNED MEM (no hugepage) at 123663781199936 with buffer size 67108864
allocated ALIGNED MEM (no hugepage) at 123663711993920 with buffer size 67108864
allocated ALIGNED MEM (no hugepage) at 123663642787904 with buffer size 67108864
allocated ALIGNED MEM (no hugepage) at 123663573581888 with buffer size 67108864
allocated ALIGNED MEM (no hugepage) at 123663504375872 with buffer size 67108864
allocated ALIGNED MEM (no hugepage) at 123663435169856 with buffer size 67108864
[STATUS]: storage-owner insert runtime enabled on shard 2
