============================================================
                        SERVER
============================================================
num clients:                  1
TCP port:                     1236
IB device:                    <auto>
IB port:                      1
max outstanding CQEs:         64
max send work requests:       4096
max receive work requests:    4096
============================================================
server index file:            "/data/xjs/index/dvstor_sift100m/index/sift100m_R48_bw200_metis_node3_of5.dat"
============================================================
1 device(s) found
Selected device: ibp86s0
Selected port state: 4, lid: 8
num_cores: 112
physical cores per socket: 28
hyperthreading enabled
interleaved policy
pairing: 46871 -- 13444
[STATUS]: pinned main thread to core 28
[STATUS]: loaded index metadata from /data/xjs/index/dvstor_sift100m/index/sift100m_R48_bw200_metis (layout=rabitq, vector_data_type=uint8)
allocation size: 13958643712
allocated ALIGNED MEM (no hugepage) at 126799864397888 with buffer size 13958643712
[STATUS]: loading index (8232745792 Bytes) from /data/xjs/index/dvstor_sift100m/index/sift100m_R48_bw200_metis_node3_of5.dat
[STATUS]: storage-owner anchors loaded on shard 2: entries=20480 memory=10652160 bytes
[STATUS]: register memory and distribute access token
[STATUS]: connect QPs of compute threads
pairing: 46876 -- 13455
pairing: 46887 -- 13456
pairing: 46888 -- 13457
pairing: 46889 -- 13458
pairing: 46890 -- 13475
pairing: 46907 -- 13476
pairing: 46908 -- 13477
pairing: 46909 -- 13478
pairing: 46910 -- 13495
pairing: 46927 -- 13496
pairing: 46928 -- 13497
pairing: 46929 -- 13498
pairing: 46930 -- 13515
pairing: 46945 -- 13516
pairing: 46946 -- 13517
pairing: 46947 -- 13518
[STATUS]: waiting for commands from compute node...
[STATUS]: loading index (8232745792 Bytes) from /data/xjs/index/dvstor_sift100m/index/sift100m_R48_bw200_metis_node3_of5.dat
1 device(s) found
Selected device: ibp86s0
Selected port state: 4, lid: 8
pairing: 46955 -- 46954
pairing: 46957 -- 46956
pairing: 46960 -- 46962
pairing: 46963 -- 46968
pairing: 46971 -- 46972
pairing: 46973 -- 46974
pairing: 46976 -- 46975
pairing: 46978 -- 46977
pairing: 46980 -- 47009
pairing: 47013 -- 47012
pairing: 47015 -- 47014
pairing: 47018 -- 47016
pairing: 47019 -- 47017
pairing: 47021 -- 47020
pairing: 47023 -- 47024
pairing: 47026 -- 47025
[STATUS]: storage-owner peer RDMA QPs per peer: 4
[STATUS]: storage-owner peer QP0 reserved for RPC; data RDMA uses QP1..3
allocated ALIGNED MEM (no hugepage) at 126799470133312 with buffer size 67108864
allocated ALIGNED MEM (no hugepage) at 126799459647552 with buffer size 9979200
[STATUS]: storage-owner peer RPC receive slots per peer: 64 (requested=64)
allocated ALIGNED MEM (no hugepage) at 126799631110208 with buffer size 302080
allocated ALIGNED MEM (no hugepage) at 126799390441536 with buffer size 67108864
allocated ALIGNED MEM (no hugepage) at 126799321235520 with buffer size 67108864
allocated ALIGNED MEM (no hugepage) at 126799252029504 with buffer size 67108864
allocated ALIGNED MEM (no hugepage) at 126799182823488 with buffer size 67108864
allocated ALIGNED MEM (no hugepage) at 126799113617472 with buffer size 67108864
allocated ALIGNED MEM (no hugepage) at 126799044411456 with buffer size 67108864
allocated ALIGNED MEM (no hugepage) at 126798975205440 with buffer size 67108864
allocated ALIGNED MEM (no hugepage) at 126798905999424 with buffer size 67108864
allocated ALIGNED MEM (no hugepage) at 126798836793408 with buffer size 67108864
allocated ALIGNED MEM (no hugepage) at 126798767587392 with buffer size 67108864
allocated ALIGNED MEM (no hugepage) at 126798698381376 with buffer size 67108864
allocated ALIGNED MEM (no hugepage) at 126798629175360 with buffer size 67108864
allocated ALIGNED MEM (no hugepage) at 126798559969344 with buffer size 67108864
allocated ALIGNED MEM (no hugepage) at 126798490763328 with buffer size 67108864
allocated ALIGNED MEM (no hugepage) at 126798421557312 with buffer size 67108864
allocated ALIGNED MEM (no hugepage) at 126798352351296 with buffer size 67108864
[STATUS]: storage-owner peer reverse-update workers: 8
[STATUS]: storage-owner peer stitch-search workers: 8
[STATUS]: storage-owner peer reverse-update tuning: mode=async queue_depth=65536 flush_us=200 coalesce_max=256
allocated ALIGNED MEM (no hugepage) at 126798083915840 with buffer size 67108864
allocated ALIGNED MEM (no hugepage) at 126797096157248 with buffer size 67108864
allocated ALIGNED MEM (no hugepage) at 126797026951232 with buffer size 67108864
allocated ALIGNED MEM (no hugepage) at 126796957745216 with buffer size 67108864
allocated ALIGNED MEM (no hugepage) at 126796888539200 with buffer size 67108864
allocated ALIGNED MEM (no hugepage) at 126796819333184 with buffer size 67108864
allocated ALIGNED MEM (no hugepage) at 126796750127168 with buffer size 67108864
allocated ALIGNED MEM (no hugepage) at 126796680921152 with buffer size 67108864
[STATUS]: storage-owner maintenance workers: 8 (configured=8, resource_gated_parallel_stitching=true)
[STATUS]: storage-owner maintenance tuning: mode=finalize local_stitch=true compaction_batch_target=32 compaction_max_delay_ms=3000
[STATUS]: storage-owner peer RDMA read credits per peer: 8 per QP: 8 (requested=8)
[STATUS]: storage-owner online insert tuning: construction_beam=128 snapshot_batch=64 prune_max_candidates=128 update_mode=local_stitch
[STATUS]: storage-owner coroutine scratch: snapshot_bytes=144 snapshot_stride=192 batch=64 per_coroutine=12736
allocated ALIGNED MEM (no hugepage) at 126796611715136 with buffer size 67108864
allocated ALIGNED MEM (no hugepage) at 126796542509120 with buffer size 67108864
allocated ALIGNED MEM (no hugepage) at 126796473303104 with buffer size 67108864
allocated ALIGNED MEM (no hugepage) at 126796404097088 with buffer size 67108864
allocated ALIGNED MEM (no hugepage) at 126796334891072 with buffer size 67108864
allocated ALIGNED MEM (no hugepage) at 126796265685056 with buffer size 67108864
allocated ALIGNED MEM (no hugepage) at 126796196479040 with buffer size 67108864
allocated ALIGNED MEM (no hugepage) at 126796127273024 with buffer size 67108864
[STATUS]: storage-owner insert runtime enabled on shard 2
[STATUS]: storage-owner maintenance observation: enqueued=2 stitch_enqueued=1 cleanup_enqueued=0 stitch_tasks_done=0 stitched_live=0 cleanup_processed=0 stale=0 stitch_completion_ratio=0.000000 live_stitch_completion_ratio=0.000000 avg_stitch_delay_ms=0.000000 max_stitch_delay_ms=0.000000 compaction_batch_target=32 compaction_max_delay_ms=3000 stitch_rate_per_sec=0.000000 failed=0 max_backlog=2 pressure_yields=0 external_search_requests=0 external_candidates=0 stitch_batches=0 avg_stitch_batch_size=0.000000 peer_stitch_enqueued=0 peer_stitch_processed=0 peer_stitch_items=0 peer_stitch_rate_per_sec=0.000000 peer_stitch_max_queue=0 stitch_remaining=2 cleanup_remaining=0 remaining=2
[STATUS]: storage-owner maintenance observation: enqueued=516 stitch_enqueued=334 cleanup_enqueued=181 stitch_tasks_done=288 stitched_live=288 cleanup_processed=180 stale=0 stitch_completion_ratio=0.862275 live_stitch_completion_ratio=0.862275 avg_stitch_delay_ms=1048.240730 max_stitch_delay_ms=1778.861842 compaction_batch_target=32 compaction_max_delay_ms=3000 stitch_rate_per_sec=22.116581 failed=0 max_backlog=33 pressure_yields=14 external_search_requests=38 external_candidates=58368 stitch_batches=10 avg_stitch_batch_size=32.000000 peer_stitch_enqueued=40 peer_stitch_processed=36 peer_stitch_items=1152 peer_stitch_rate_per_sec=88.466322 peer_stitch_max_queue=2 stitch_remaining=14 cleanup_remaining=1 remaining=15
[STATUS]: storage-owner maintenance observation: enqueued=934 stitch_enqueued=595 cleanup_enqueued=339 stitch_tasks_done=544 stitched_live=544 cleanup_processed=338 stale=0 stitch_completion_ratio=0.914286 live_stitch_completion_ratio=0.914286 avg_stitch_delay_ms=1034.770248 max_stitch_delay_ms=1778.861842 compaction_batch_target=32 compaction_max_delay_ms=3000 stitch_rate_per_sec=30.162301 failed=0 max_backlog=33 pressure_yields=19 external_search_requests=72 external_candidates=110592 stitch_batches=18 avg_stitch_batch_size=32.000000 peer_stitch_enqueued=77 peer_stitch_processed=77 peer_stitch_items=2464 peer_stitch_rate_per_sec=136.617482 peer_stitch_max_queue=4 stitch_remaining=19 cleanup_remaining=1 remaining=20
[STATUS]: storage-owner maintenance observation: enqueued=1506 stitch_enqueued=992 cleanup_enqueued=513 stitch_tasks_done=960 stitched_live=960 cleanup_processed=513 stale=0 stitch_completion_ratio=0.967742 live_stitch_completion_ratio=0.967742 avg_stitch_delay_ms=970.723789 max_stitch_delay_ms=1778.861842 compaction_batch_target=32 compaction_max_delay_ms=3000 stitch_rate_per_sec=41.577207 failed=0 max_backlog=34 pressure_yields=35 external_search_requests=120 external_candidates=184320 stitch_batches=31 avg_stitch_batch_size=32.000000 peer_stitch_enqueued=113 peer_stitch_processed=113 peer_stitch_items=3616 peer_stitch_rate_per_sec=156.607478 peer_stitch_max_queue=4 stitch_remaining=1 cleanup_remaining=0 remaining=1
[STATUS]: storage-owner maintenance observation: enqueued=1983 stitch_enqueued=1305 cleanup_enqueued=677 stitch_tasks_done=1248 stitched_live=1248 cleanup_processed=676 stale=0 stitch_completion_ratio=0.956322 live_stitch_completion_ratio=0.956322 avg_stitch_delay_ms=983.869043 max_stitch_delay_ms=1795.338879 compaction_batch_target=32 compaction_max_delay_ms=3000 stitch_rate_per_sec=44.388901 failed=0 max_backlog=34 pressure_yields=51 external_search_requests=157 external_candidates=241152 stitch_batches=40 avg_stitch_batch_size=32.000000 peer_stitch_enqueued=150 peer_stitch_processed=149 peer_stitch_items=4768 peer_stitch_rate_per_sec=169.588364 peer_stitch_max_queue=4 stitch_remaining=25 cleanup_remaining=1 remaining=26
[STATUS]: storage-owner maintenance observation: enqueued=2156 stitch_enqueued=1403 cleanup_enqueued=752 stitch_tasks_done=1403 stitched_live=1403 cleanup_processed=752 stale=0 stitch_completion_ratio=1.000000 live_stitch_completion_ratio=1.000000 avg_stitch_delay_ms=1018.830944 max_stitch_delay_ms=3235.780765 compaction_batch_target=32 compaction_max_delay_ms=3000 stitch_rate_per_sec=39.934362 failed=0 max_backlog=34 pressure_yields=55 external_search_requests=176 external_candidates=269376 stitch_batches=44 avg_stitch_batch_size=31.886364 peer_stitch_enqueued=169 peer_stitch_processed=169 peer_stitch_items=5347 peer_stitch_rate_per_sec=152.194607 peer_stitch_max_queue=4 stitch_remaining=1 cleanup_remaining=0 remaining=1
[STATUS]: storage-owner maintenance observation: enqueued=2580 stitch_enqueued=1644 cleanup_enqueued=936 stitch_tasks_done=1595 stitched_live=1595 cleanup_processed=935 stale=0 stitch_completion_ratio=0.970195 live_stitch_completion_ratio=0.970195 avg_stitch_delay_ms=1023.894474 max_stitch_delay_ms=3235.780765 compaction_batch_target=32 compaction_max_delay_ms=3000 stitch_rate_per_sec=39.739635 failed=0 max_backlog=34 pressure_yields=67 external_search_requests=201 external_candidates=307776 stitch_batches=51 avg_stitch_batch_size=31.901961 peer_stitch_enqueued=211 peer_stitch_processed=207 peer_stitch_items=6563 peer_stitch_rate_per_sec=163.518008 peer_stitch_max_queue=4 stitch_remaining=17 cleanup_remaining=1 remaining=18
[STATUS]: storage-owner maintenance observation: enqueued=3050 stitch_enqueued=1946 cleanup_enqueued=1103 stitch_tasks_done=1915 stitched_live=1915 cleanup_processed=1103 stale=0 stitch_completion_ratio=0.984070 live_stitch_completion_ratio=0.984070 avg_stitch_delay_ms=1019.718461 max_stitch_delay_ms=3235.780765 compaction_batch_target=32 compaction_max_delay_ms=3000 stitch_rate_per_sec=42.415813 failed=0 max_backlog=34 pressure_yields=81 external_search_requests=240 external_candidates=367680 stitch_batches=60 avg_stitch_batch_size=31.916667 peer_stitch_enqueued=248 peer_stitch_processed=245 peer_stitch_items=7779 peer_stitch_rate_per_sec=172.299015 peer_stitch_max_queue=4 stitch_remaining=32 cleanup_remaining=0 remaining=32
[STATUS]: storage-owner maintenance observation: enqueued=3498 stitch_enqueued=2221 cleanup_enqueued=1276 stitch_tasks_done=2171 stitched_live=2171 cleanup_processed=1276 stale=0 stitch_completion_ratio=0.977488 live_stitch_completion_ratio=0.977488 avg_stitch_delay_ms=1020.136912 max_stitch_delay_ms=3235.780765 compaction_batch_target=32 compaction_max_delay_ms=3000 stitch_rate_per_sec=43.288399 failed=0 max_backlog=34 pressure_yields=88 external_search_requests=276 external_candidates=422976 stitch_batches=69 avg_stitch_batch_size=31.927536 peer_stitch_enqueued=286 peer_stitch_processed=284 peer_stitch_items=9027 peer_stitch_rate_per_sec=179.992806 peer_stitch_max_queue=4 stitch_remaining=18 cleanup_remaining=1 remaining=19
[STATUS]: storage-owner maintenance observation: enqueued=3945 stitch_enqueued=2491 cleanup_enqueued=1454 stitch_tasks_done=2427 stitched_live=2427 cleanup_processed=1452 stale=0 stitch_completion_ratio=0.974308 live_stitch_completion_ratio=0.974308 avg_stitch_delay_ms=1023.652608 max_stitch_delay_ms=3235.780765 compaction_batch_target=32 compaction_max_delay_ms=3000 stitch_rate_per_sec=43.969097 failed=0 max_backlog=35 pressure_yields=93 external_search_requests=308 external_candidates=472128 stitch_batches=77 avg_stitch_batch_size=31.935065 peer_stitch_enqueued=320 peer_stitch_processed=320 peer_stitch_items=10179 peer_stitch_rate_per_sec=184.409328 peer_stitch_max_queue=4 stitch_remaining=32 cleanup_remaining=1 remaining=33
[STATUS]: storage-owner maintenance observation: enqueued=4440 stitch_enqueued=2812 cleanup_enqueued=1627 stitch_tasks_done=2747 stitched_live=2747 cleanup_processed=1627 stale=0 stitch_completion_ratio=0.976885 live_stitch_completion_ratio=0.976885 avg_stitch_delay_ms=1023.737963 max_stitch_delay_ms=3235.780765 compaction_batch_target=32 compaction_max_delay_ms=3000 stitch_rate_per_sec=45.629430 failed=0 max_backlog=35 pressure_yields=115 external_search_requests=348 external_candidates=533568 stitch_batches=88 avg_stitch_batch_size=31.943182 peer_stitch_enqueued=359 peer_stitch_processed=357 peer_stitch_items=11363 peer_stitch_rate_per_sec=188.746712 peer_stitch_max_queue=4 stitch_remaining=1 cleanup_remaining=1 remaining=2
[STATUS]: storage-owner maintenance observation: enqueued=4889 stitch_enqueued=3093 cleanup_enqueued=1796 stitch_tasks_done=3035 stitched_live=3035 cleanup_processed=1795 stale=0 stitch_completion_ratio=0.981248 live_stitch_completion_ratio=0.981248 avg_stitch_delay_ms=1028.896737 max_stitch_delay_ms=3235.780765 compaction_batch_target=32 compaction_max_delay_ms=3000 stitch_rate_per_sec=46.508270 failed=0 max_backlog=35 pressure_yields=126 external_search_requests=384 external_candidates=588864 stitch_batches=96 avg_stitch_batch_size=31.947917 peer_stitch_enqueued=397 peer_stitch_processed=394 peer_stitch_items=12547 peer_stitch_rate_per_sec=192.269937 peer_stitch_max_queue=4 stitch_remaining=26 cleanup_remaining=1 remaining=27
[STATUS]: storage-owner maintenance observation: enqueued=5296 stitch_enqueued=3313 cleanup_enqueued=1981 stitch_tasks_done=3259 stitched_live=3259 cleanup_processed=1980 stale=0 stitch_completion_ratio=0.983701 live_stitch_completion_ratio=0.983701 avg_stitch_delay_ms=1032.621843 max_stitch_delay_ms=3235.780765 compaction_batch_target=32 compaction_max_delay_ms=3000 stitch_rate_per_sec=46.368879 failed=0 max_backlog=35 pressure_yields=150 external_search_requests=412 external_candidates=631872 stitch_batches=103 avg_stitch_batch_size=31.951456 peer_stitch_enqueued=439 peer_stitch_processed=437 peer_stitch_items=13923 peer_stitch_rate_per_sec=198.095704 peer_stitch_max_queue=4 stitch_remaining=24 cleanup_remaining=1 remaining=25
[STATUS]: storage-owner maintenance observation: enqueued=5741 stitch_enqueued=3592 cleanup_enqueued=2149 stitch_tasks_done=3547 stitched_live=3547 cleanup_processed=2148 stale=0 stitch_completion_ratio=0.987472 live_stitch_completion_ratio=0.987472 avg_stitch_delay_ms=1027.384244 max_stitch_delay_ms=3235.780765 compaction_batch_target=32 compaction_max_delay_ms=3000 stitch_rate_per_sec=47.113360 failed=0 max_backlog=35 pressure_yields=163 external_search_requests=448 external_candidates=687168 stitch_batches=112 avg_stitch_batch_size=31.955357 peer_stitch_enqueued=475 peer_stitch_processed=474 peer_stitch_items=15107 peer_stitch_rate_per_sec=200.660142 peer_stitch_max_queue=4 stitch_remaining=13 cleanup_remaining=1 remaining=14
[STATUS]: storage-owner maintenance observation: enqueued=6138 stitch_enqueued=3806 cleanup_enqueued=2332 stitch_tasks_done=3771 stitched_live=3771 cleanup_processed=2330 stale=0 stitch_completion_ratio=0.990804 live_stitch_completion_ratio=0.990804 avg_stitch_delay_ms=1021.847911 max_stitch_delay_ms=3235.780765 compaction_batch_target=32 compaction_max_delay_ms=3000 stitch_rate_per_sec=46.941162 failed=0 max_backlog=35 pressure_yields=182 external_search_requests=472 external_candidates=724032 stitch_batches=119 avg_stitch_batch_size=31.957983 peer_stitch_enqueued=516 peer_stitch_processed=514 peer_stitch_items=16387 peer_stitch_rate_per_sec=203.984309 peer_stitch_max_queue=4 stitch_remaining=3 cleanup_remaining=1 remaining=4
[STATUS]: storage-owner maintenance observation: enqueued=6537 stitch_enqueued=4035 cleanup_enqueued=2501 stitch_tasks_done=3995 stitched_live=3995 cleanup_processed=2500 stale=0 stitch_completion_ratio=0.990087 live_stitch_completion_ratio=0.990087 avg_stitch_delay_ms=1027.890723 max_stitch_delay_ms=3235.780765 compaction_batch_target=32 compaction_max_delay_ms=3000 stitch_rate_per_sec=46.790410 failed=0 max_backlog=35 pressure_yields=198 external_search_requests=500 external_candidates=767040 stitch_batches=126 avg_stitch_batch_size=31.960317 peer_stitch_enqueued=553 peer_stitch_processed=549 peer_stitch_items=17507 peer_stitch_rate_per_sec=205.046233 peer_stitch_max_queue=4 stitch_remaining=8 cleanup_remaining=1 remaining=9
[STATUS]: storage-owner maintenance observation: enqueued=6879 stitch_enqueued=4219 cleanup_enqueued=2660 stitch_tasks_done=4187 stitched_live=4187 cleanup_processed=2660 stale=0 stitch_completion_ratio=0.992415 live_stitch_completion_ratio=0.992415 avg_stitch_delay_ms=1035.115088 max_stitch_delay_ms=3235.780765 compaction_batch_target=32 compaction_max_delay_ms=3000 stitch_rate_per_sec=46.322022 failed=0 max_backlog=35 pressure_yields=208 external_search_requests=524 external_candidates=803904 stitch_batches=131 avg_stitch_batch_size=31.961832 peer_stitch_enqueued=590 peer_stitch_processed=590 peer_stitch_items=18819 peer_stitch_rate_per_sec=208.200175 peer_stitch_max_queue=4 stitch_remaining=32 cleanup_remaining=0 remaining=32
[STATUS]: storage-owner maintenance observation: enqueued=7202 stitch_enqueued=4399 cleanup_enqueued=2803 stitch_tasks_done=4347 stitched_live=4347 cleanup_processed=2802 stale=0 stitch_completion_ratio=0.988179 live_stitch_completion_ratio=0.988179 avg_stitch_delay_ms=1037.977835 max_stitch_delay_ms=3235.780765 compaction_batch_target=32 compaction_max_delay_ms=3000 stitch_rate_per_sec=45.559815 failed=0 max_backlog=35 pressure_yields=218 external_search_requests=548 external_candidates=840768 stitch_batches=137 avg_stitch_batch_size=31.963504 peer_stitch_enqueued=628 peer_stitch_processed=627 peer_stitch_items=20003 peer_stitch_rate_per_sec=209.646417 peer_stitch_max_queue=4 stitch_remaining=20 cleanup_remaining=1 remaining=21
[STATUS]: storage-owner maintenance observation: enqueued=7543 stitch_enqueued=4585 cleanup_enqueued=2958 stitch_tasks_done=4539 stitched_live=4539 cleanup_processed=2957 stale=0 stitch_completion_ratio=0.989967 live_stitch_completion_ratio=0.989967 avg_stitch_delay_ms=1043.806974 max_stitch_delay_ms=3235.780765 compaction_batch_target=32 compaction_max_delay_ms=3000 stitch_rate_per_sec=45.200712 failed=0 max_backlog=35 pressure_yields=228 external_search_requests=568 external_candidates=871488 stitch_batches=143 avg_stitch_batch_size=31.965035 peer_stitch_enqueued=667 peer_stitch_processed=665 peer_stitch_items=21219 peer_stitch_rate_per_sec=211.305114 peer_stitch_max_queue=4 stitch_remaining=14 cleanup_remaining=1 remaining=15
[STATUS]: storage-owner maintenance observation: enqueued=7930 stitch_enqueued=4804 cleanup_enqueued=3126 stitch_tasks_done=4763 stitched_live=4763 cleanup_processed=3125 stale=0 stitch_completion_ratio=0.991465 live_stitch_completion_ratio=0.991465 avg_stitch_delay_ms=1043.066992 max_stitch_delay_ms=3235.780765 compaction_batch_target=32 compaction_max_delay_ms=3000 stitch_rate_per_sec=45.170150 failed=0 max_backlog=35 pressure_yields=244 external_search_requests=597 external_candidates=916032 stitch_batches=150 avg_stitch_batch_size=31.966667 peer_stitch_enqueued=707 peer_stitch_processed=704 peer_stitch_items=22467 peer_stitch_rate_per_sec=213.066922 peer_stitch_max_queue=4 stitch_remaining=9 cleanup_remaining=1 remaining=10
[STATUS]: storage-owner maintenance observation: enqueued=8425 stitch_enqueued=5134 cleanup_enqueued=3291 stitch_tasks_done=5083 stitched_live=5083 cleanup_processed=3290 stale=0 stitch_completion_ratio=0.990066 live_stitch_completion_ratio=0.990066 avg_stitch_delay_ms=1041.465265 max_stitch_delay_ms=3235.780765 compaction_batch_target=32 compaction_max_delay_ms=3000 stitch_rate_per_sec=46.013443 failed=0 max_backlog=35 pressure_yields=256 external_search_requests=640 external_candidates=982080 stitch_batches=160 avg_stitch_batch_size=31.968750 peer_stitch_enqueued=744 peer_stitch_processed=742 peer_stitch_items=23683 peer_stitch_rate_per_sec=214.388424 peer_stitch_max_queue=4 stitch_remaining=19 cleanup_remaining=1 remaining=20
[STATUS]: storage-owner maintenance observation: enqueued=8869 stitch_enqueued=5409 cleanup_enqueued=3459 stitch_tasks_done=5371 stitched_live=5371 cleanup_processed=3458 stale=0 stitch_completion_ratio=0.992975 live_stitch_completion_ratio=0.992975 avg_stitch_delay_ms=1037.620803 max_stitch_delay_ms=3235.780765 compaction_batch_target=32 compaction_max_delay_ms=3000 stitch_rate_per_sec=46.493458 failed=0 max_backlog=35 pressure_yields=270 external_search_requests=672 external_candidates=1031232 stitch_batches=169 avg_stitch_batch_size=31.970414 peer_stitch_enqueued=780 peer_stitch_processed=778 peer_stitch_items=24835 peer_stitch_rate_per_sec=214.981387 peer_stitch_max_queue=4 stitch_remaining=6 cleanup_remaining=1 remaining=7
[STATUS]: storage-owner maintenance observation: enqueued=9409 stitch_enqueued=5786 cleanup_enqueued=3623 stitch_tasks_done=5723 stitched_live=5723 cleanup_processed=3622 stale=0 stitch_completion_ratio=0.989112 live_stitch_completion_ratio=0.989112 avg_stitch_delay_ms=1033.028429 max_stitch_delay_ms=3235.780765 compaction_batch_target=32 compaction_max_delay_ms=3000 stitch_rate_per_sec=47.448549 failed=0 max_backlog=35 pressure_yields=285 external_search_requests=720 external_candidates=1104960 stitch_batches=180 avg_stitch_batch_size=31.972222 peer_stitch_enqueued=816 peer_stitch_processed=814 peer_stitch_items=25987 peer_stitch_rate_per_sec=215.454387 peer_stitch_max_queue=4 stitch_remaining=31 cleanup_remaining=1 remaining=32
[STATUS]: storage-owner maintenance observation: enqueued=9954 stitch_enqueued=6151 cleanup_enqueued=3802 stitch_tasks_done=6075 stitched_live=6075 cleanup_processed=3802 stale=0 stitch_completion_ratio=0.987644 live_stitch_completion_ratio=0.987644 avg_stitch_delay_ms=1030.365577 max_stitch_delay_ms=3235.780765 compaction_batch_target=32 compaction_max_delay_ms=3000 stitch_rate_per_sec=48.345077 failed=0 max_backlog=35 pressure_yields=306 external_search_requests=764 external_candidates=1172544 stitch_batches=192 avg_stitch_batch_size=31.973958 peer_stitch_enqueued=852 peer_stitch_processed=851 peer_stitch_items=27171 peer_stitch_rate_per_sec=216.227834 peer_stitch_max_queue=4 stitch_remaining=12 cleanup_remaining=1 remaining=13
[STATUS]: storage-owner maintenance observation: enqueued=10476 stitch_enqueued=6506 cleanup_enqueued=3970 stitch_tasks_done=6459 stitched_live=6459 cleanup_processed=3969 stale=0 stitch_completion_ratio=0.992776 live_stitch_completion_ratio=0.992776 avg_stitch_delay_ms=1026.005322 max_stitch_delay_ms=3235.780765 compaction_batch_target=32 compaction_max_delay_ms=3000 stitch_rate_per_sec=49.393951 failed=0 max_backlog=35 pressure_yields=315 external_search_requests=812 external_candidates=1246272 stitch_batches=203 avg_stitch_batch_size=31.975369 peer_stitch_enqueued=886 peer_stitch_processed=885 peer_stitch_items=28259 peer_stitch_rate_per_sec=216.105228 peer_stitch_max_queue=4 stitch_remaining=15 cleanup_remaining=1 remaining=16
[STATUS]: storage-owner maintenance observation: enqueued=11080 stitch_enqueued=6943 cleanup_enqueued=4136 stitch_tasks_done=6843 stitched_live=6843 cleanup_processed=4136 stale=0 stitch_completion_ratio=0.985597 live_stitch_completion_ratio=0.985597 avg_stitch_delay_ms=1020.201930 max_stitch_delay_ms=3235.780765 compaction_batch_target=32 compaction_max_delay_ms=3000 stitch_rate_per_sec=50.394612 failed=0 max_backlog=35 pressure_yields=328 external_search_requests=864 external_candidates=1326144 stitch_batches=217 avg_stitch_batch_size=31.976959 peer_stitch_enqueued=922 peer_stitch_processed=921 peer_stitch_items=29411 peer_stitch_rate_per_sec=216.594466 peer_stitch_max_queue=4 stitch_remaining=4 cleanup_remaining=1 remaining=5
[STATUS]: storage-owner maintenance observation: enqueued=11432 stitch_enqueued=7154 cleanup_enqueued=4278 stitch_tasks_done=7131 stitched_live=7131 cleanup_processed=4277 stale=0 stitch_completion_ratio=0.996785 live_stitch_completion_ratio=0.996785 avg_stitch_delay_ms=1018.070914 max_stitch_delay_ms=3235.780765 compaction_batch_target=32 compaction_max_delay_ms=3000 stitch_rate_per_sec=50.645158 failed=0 max_backlog=35 pressure_yields=339 external_search_requests=892 external_candidates=1369151 stitch_batches=223 avg_stitch_batch_size=31.977578 peer_stitch_enqueued=959 peer_stitch_processed=957 peer_stitch_items=30563 peer_stitch_rate_per_sec=217.061836 peer_stitch_max_queue=4 stitch_remaining=23 cleanup_remaining=1 remaining=24
[STATUS]: storage-owner maintenance observation: enqueued=11722 stitch_enqueued=7300 cleanup_enqueued=4422 stitch_tasks_done=7259 stitched_live=7259 cleanup_processed=4420 stale=0 stitch_completion_ratio=0.994384 live_stitch_completion_ratio=0.994384 avg_stitch_delay_ms=1022.078256 max_stitch_delay_ms=3235.780765 compaction_batch_target=32 compaction_max_delay_ms=3000 stitch_rate_per_sec=49.778592 failed=0 max_backlog=35 pressure_yields=353 external_search_requests=912 external_candidates=1399871 stitch_batches=228 avg_stitch_batch_size=31.978070 peer_stitch_enqueued=998 peer_stitch_processed=997 peer_stitch_items=31843 peer_stitch_rate_per_sec=218.363369 peer_stitch_max_queue=4 stitch_remaining=9 cleanup_remaining=1 remaining=10
[STATUS]: storage-owner maintenance observation: enqueued=12088 stitch_enqueued=7517 cleanup_enqueued=4570 stitch_tasks_done=7451 stitched_live=7451 cleanup_processed=4569 stale=0 stitch_completion_ratio=0.991220 live_stitch_completion_ratio=0.991220 avg_stitch_delay_ms=1024.922469 max_stitch_delay_ms=3235.780765 compaction_batch_target=32 compaction_max_delay_ms=3000 stitch_rate_per_sec=49.395319 failed=0 max_backlog=35 pressure_yields=365 external_search_requests=936 external_candidates=1436735 stitch_batches=235 avg_stitch_batch_size=31.978723 peer_stitch_enqueued=1035 peer_stitch_processed=1032 peer_stitch_items=32963 peer_stitch_rate_per_sec=218.523405 peer_stitch_max_queue=4 stitch_remaining=2 cleanup_remaining=1 remaining=3
[STATUS]: storage-owner maintenance observation: enqueued=12441 stitch_enqueued=7737 cleanup_enqueued=4704 stitch_tasks_done=7707 stitched_live=7707 cleanup_processed=4704 stale=0 stitch_completion_ratio=0.996123 live_stitch_completion_ratio=0.996123 avg_stitch_delay_ms=1022.609524 max_stitch_delay_ms=3235.780765 compaction_batch_target=32 compaction_max_delay_ms=3000 stitch_rate_per_sec=48.902123 failed=0 max_backlog=35 pressure_yields=381 external_search_requests=964 external_candidates=1479743 stitch_batches=241 avg_stitch_batch_size=31.979253 peer_stitch_enqueued=1067 peer_stitch_processed=1067 peer_stitch_items=34083 peer_stitch_rate_per_sec=216.261976 peer_stitch_max_queue=4 stitch_remaining=30 cleanup_remaining=0 remaining=30
