============================================================
                        SERVER
============================================================
num clients:                  1
TCP port:                     1234
IB device:                    <auto>
IB port:                      1
max outstanding CQEs:         64
max send work requests:       4096
max receive work requests:    4096
============================================================
server index file:            "/data/xjs/index/dvstor_sift100m/index/sift100m_R48_bw200_balanced_node1_of5.dat"
============================================================
1 device(s) found
Selected device: ibp86s0
Selected port state: 4, lid: 8
num_cores: 112
physical cores per socket: 28
hyperthreading enabled
interleaved policy
pairing: 41949 -- 11082
[STATUS]: pinned main thread to core 28
[STATUS]: loaded index metadata from /data/xjs/index/dvstor_sift100m/index/sift100m_R48_bw200_balanced (layout=rabitq, vector_data_type=uint8)
allocation size: 13958643712
allocated ALIGNED MEM (no hugepage) at 129766235570240 with buffer size 13958643712
[STATUS]: loading index (8480000128 Bytes) from /data/xjs/index/dvstor_sift100m/index/sift100m_R48_bw200_balanced_node1_of5.dat
[STATUS]: register memory and distribute access token
[STATUS]: connect QPs of compute threads
pairing: 41954 -- 11087
pairing: 41960 -- 11092
pairing: 41964 -- 11097
pairing: 41969 -- 11102
[STATUS]: waiting for commands from compute node...
[STATUS]: loading index (8480000128 Bytes) from /data/xjs/index/dvstor_sift100m/index/sift100m_R48_bw200_balanced_node1_of5.dat
1 device(s) found
Selected device: ibp86s0
Selected port state: 4, lid: 8
pairing: 41974 -- 41975
pairing: 41976 -- 41977
pairing: 41981 -- 41978
pairing: 41982 -- 41979
pairing: 41986 -- 41980
pairing: 41987 -- 41983
pairing: 41990 -- 41984
pairing: 41992 -- 41985
pairing: 41993 -- 41988
pairing: 41996 -- 41989
pairing: 41997 -- 41991
pairing: 41999 -- 41994
pairing: 42001 -- 41995
pairing: 42003 -- 42000
pairing: 42005 -- 42002
pairing: 42007 -- 42006
[STATUS]: storage-owner peer RDMA QPs per peer: 4
[STATUS]: storage-owner peer QP0 reserved for RPC; data RDMA uses QP1..3
allocated ALIGNED MEM (no hugepage) at 129765912608832 with buffer size 67108864
allocated ALIGNED MEM (no hugepage) at 129765902123072 with buffer size 9979200
[STATUS]: storage-owner peer RPC receive slots per peer: 64 (requested=64)
allocated ALIGNED MEM (no hugepage) at 129766042902592 with buffer size 285696
allocated ALIGNED MEM (no hugepage) at 129765832917056 with buffer size 67108864
allocated ALIGNED MEM (no hugepage) at 129765763711040 with buffer size 67108864
allocated ALIGNED MEM (no hugepage) at 129765694505024 with buffer size 67108864
allocated ALIGNED MEM (no hugepage) at 129765625299008 with buffer size 67108864
allocated ALIGNED MEM (no hugepage) at 129765556092992 with buffer size 67108864
allocated ALIGNED MEM (no hugepage) at 129765486886976 with buffer size 67108864
allocated ALIGNED MEM (no hugepage) at 129765417680960 with buffer size 67108864
allocated ALIGNED MEM (no hugepage) at 129765348474944 with buffer size 67108864
[STATUS]: storage-owner peer reverse-update workers: 8
[STATUS]: storage-owner peer reverse-update tuning: mode=async queue_depth=65536 flush_us=200 coalesce_max=256
[STATUS]: storage-owner peer RDMA read credits per peer: 8 per QP: 8 (requested=8)
[STATUS]: storage-owner online insert tuning: construction_beam=128 snapshot_batch=64 prune_max_candidates=128 update_mode=exact
[STATUS]: storage-owner coroutine scratch: snapshot_bytes=144 snapshot_stride=192 batch=64 per_coroutine=12736
allocated ALIGNED MEM (no hugepage) at 129765163925568 with buffer size 67108864
allocated ALIGNED MEM (no hugepage) at 129764180361280 with buffer size 67108864
allocated ALIGNED MEM (no hugepage) at 129764111155264 with buffer size 67108864
allocated ALIGNED MEM (no hugepage) at 129764041949248 with buffer size 67108864
allocated ALIGNED MEM (no hugepage) at 129763972743232 with buffer size 67108864
allocated ALIGNED MEM (no hugepage) at 129763903537216 with buffer size 67108864
allocated ALIGNED MEM (no hugepage) at 129763834331200 with buffer size 67108864
allocated ALIGNED MEM (no hugepage) at 129763765125184 with buffer size 67108864
[STATUS]: storage-owner insert runtime enabled on shard 0
