============================================================
                        SERVER
============================================================
num clients:                  1
TCP port:                     1234
IB device:                    <auto>
IB port:                      1
max outstanding CQEs:         64
max send work requests:       4096
max receive work requests:    4096
============================================================
server index file:            "/data/xjs/index/dvstor_sift100m/index/sift100m_R48_bw200_balanced_node1_of5.dat"
============================================================
1 device(s) found
Selected device: ibp86s0
Selected port state: 4, lid: 8
num_cores: 112
physical cores per socket: 28
hyperthreading enabled
interleaved policy
pairing: 42264 -- 11157
[STATUS]: pinned main thread to core 28
[STATUS]: loaded index metadata from /data/xjs/index/dvstor_sift100m/index/sift100m_R48_bw200_balanced (layout=rabitq, vector_data_type=uint8)
allocation size: 13958643712
allocated ALIGNED MEM (no hugepage) at 138649588990016 with buffer size 13958643712
[STATUS]: loading index (8480000128 Bytes) from /data/xjs/index/dvstor_sift100m/index/sift100m_R48_bw200_balanced_node1_of5.dat
[STATUS]: register memory and distribute access token
[STATUS]: connect QPs of compute threads
pairing: 42272 -- 11162
pairing: 42274 -- 11167
pairing: 42279 -- 11172
pairing: 42284 -- 11177
[STATUS]: waiting for commands from compute node...
[STATUS]: loading index (8480000128 Bytes) from /data/xjs/index/dvstor_sift100m/index/sift100m_R48_bw200_balanced_node1_of5.dat
1 device(s) found
Selected device: ibp86s0
Selected port state: 4, lid: 8
pairing: 42289 -- 42290
pairing: 42295 -- 42291
pairing: 42297 -- 42292
pairing: 42299 -- 42293
pairing: 42301 -- 42294
pairing: 42302 -- 42296
pairing: 42304 -- 42298
pairing: 42306 -- 42300
pairing: 42308 -- 42303
pairing: 42311 -- 42305
pairing: 42312 -- 42307
pairing: 42314 -- 42309
pairing: 42316 -- 42310
pairing: 42318 -- 42313
pairing: 42320 -- 42315
pairing: 42322 -- 42317
[STATUS]: storage-owner peer RDMA QPs per peer: 4
[STATUS]: storage-owner peer QP0 reserved for RPC; data RDMA uses QP1..3
allocated ALIGNED MEM (no hugepage) at 138649266028608 with buffer size 67108864
allocated ALIGNED MEM (no hugepage) at 138649255542848 with buffer size 9979200
[STATUS]: storage-owner peer RPC receive slots per peer: 64 (requested=64)
allocated ALIGNED MEM (no hugepage) at 138649396994112 with buffer size 285696
allocated ALIGNED MEM (no hugepage) at 138649186336832 with buffer size 67108864
allocated ALIGNED MEM (no hugepage) at 138649117130816 with buffer size 67108864
allocated ALIGNED MEM (no hugepage) at 138649047924800 with buffer size 67108864
allocated ALIGNED MEM (no hugepage) at 138648978718784 with buffer size 67108864
allocated ALIGNED MEM (no hugepage) at 138648909512768 with buffer size 67108864
allocated ALIGNED MEM (no hugepage) at 138648840306752 with buffer size 67108864
allocated ALIGNED MEM (no hugepage) at 138648771100736 with buffer size 67108864
allocated ALIGNED MEM (no hugepage) at 138648701894720 with buffer size 67108864
[STATUS]: storage-owner peer reverse-update workers: 8
[STATUS]: storage-owner peer reverse-update tuning: mode=async queue_depth=65536 flush_us=200 coalesce_max=256
[STATUS]: storage-owner peer RDMA read credits per peer: 8 per QP: 8 (requested=8)
[STATUS]: storage-owner online insert tuning: construction_beam=128 snapshot_batch=64 prune_max_candidates=128 update_mode=exact
[STATUS]: storage-owner coroutine scratch: snapshot_bytes=144 snapshot_stride=192 batch=64 per_coroutine=12736
allocated ALIGNED MEM (no hugepage) at 138648517345344 with buffer size 67108864
allocated ALIGNED MEM (no hugepage) at 138647514906688 with buffer size 67108864
allocated ALIGNED MEM (no hugepage) at 138647445700672 with buffer size 67108864
allocated ALIGNED MEM (no hugepage) at 138647376494656 with buffer size 67108864
allocated ALIGNED MEM (no hugepage) at 138647307288640 with buffer size 67108864
allocated ALIGNED MEM (no hugepage) at 138647238082624 with buffer size 67108864
allocated ALIGNED MEM (no hugepage) at 138647168876608 with buffer size 67108864
allocated ALIGNED MEM (no hugepage) at 138647099670592 with buffer size 67108864
[STATUS]: storage-owner insert runtime enabled on shard 0
