============================================================
                        SERVER
============================================================
num clients:                  1
TCP port:                     1237
IB device:                    <auto>
IB port:                      1
max outstanding CQEs:         64
max send work requests:       4096
max receive work requests:    4096
============================================================
index prefix:                     "/data/xjs/index/dvstor_sift100m/index/sift100m_R96_bw128_metis_pmd32_pq32"
storage shard:                    "/data/xjs/index/dvstor_sift100m/index/sift100m_R96_bw128_metis_pmd32_pq32_node4_of5.dat"
storage id:                       3
registered memory GiB:            19
====================================================================
1 device(s) found
Selected device: ibp86s0
Selected port state: 4, lid: 8
num_cores: 112
physical cores per socket: 28
hyperthreading enabled
interleaved policy
pairing: 73702 -- 31898
[STATUS]: pinned main thread to core 28
[STATUS]: loaded index metadata from /data/xjs/index/dvstor_sift100m/index/sift100m_R96_bw128_metis_pmd32_pq32 (layout=plain, vector_data_type=uint8)
[STATUS]: storage-owner online cross-shard degree: 16 (base ratio=0.158913)
allocation size: 20401094656
allocated ALIGNED MEM (no hugepage) at 126700750897216 with buffer size 20401094656
[STATUS]: loading index (13019830848 Bytes) from /data/xjs/index/dvstor_sift100m/index/sift100m_R96_bw128_metis_pmd32_pq32_node4_of5.dat
[STATUS]: loaded GPU PQ codes (659231936 Bytes) at remote offset 13019834944
[STATUS]: storage-owner idmap loaded entries=20000000 reserved=21048576
[STATUS]: storage-owner anchors loaded on shard 3: entries=20480 memory=10652160 bytes
[STATUS]: register memory and distribute access token
[STATUS]: connect QPs of compute threads
[STATUS]: reserving 64 GPU/bootstrap QPs per compute node
pairing: 73708 -- 31903
pairing: 73713 -- 31908
pairing: 73715 -- 31913
pairing: 73721 -- 31918
pairing: 73726 -- 31923
pairing: 73732 -- 31928
pairing: 73737 -- 31933
pairing: 73741 -- 31938
pairing: 73746 -- 31943
pairing: 73756 -- 31948
pairing: 73757 -- 31953
pairing: 73762 -- 31958
pairing: 73767 -- 31963
pairing: 73772 -- 31968
pairing: 73778 -- 31973
pairing: 73782 -- 31978
pairing: 73788 -- 31983
pairing: 73791 -- 31988
pairing: 73797 -- 31993
pairing: 73802 -- 31998
pairing: 73808 -- 32003
pairing: 73812 -- 32008
pairing: 73817 -- 32013
pairing: 73822 -- 32018
pairing: 73829 -- 32023
pairing: 73832 -- 32028
pairing: 73837 -- 32033
pairing: 73841 -- 32038
pairing: 73847 -- 32043
pairing: 73853 -- 32048
pairing: 73857 -- 32053
pairing: 73862 -- 32058
pairing: 73868 -- 32156
pairing: 73962 -- 32157
pairing: 73963 -- 32158
pairing: 73964 -- 32159
pairing: 73965 -- 32160
pairing: 73966 -- 32161
pairing: 73967 -- 32162
pairing: 73968 -- 32163
pairing: 73969 -- 32164
pairing: 73970 -- 32165
pairing: 73971 -- 32166
pairing: 73972 -- 32167
pairing: 73973 -- 32168
pairing: 73974 -- 32169
pairing: 73975 -- 32170
pairing: 73976 -- 32171
pairing: 73977 -- 32172
pairing: 73978 -- 32173
pairing: 73979 -- 32174
pairing: 73980 -- 32175
pairing: 73981 -- 32176
pairing: 73982 -- 32177
pairing: 73983 -- 32178
pairing: 73984 -- 32179
pairing: 73985 -- 32180
pairing: 73986 -- 32181
pairing: 73987 -- 32182
pairing: 73988 -- 32183
pairing: 73989 -- 32184
pairing: 73990 -- 32185
pairing: 73991 -- 32186
pairing: 73992 -- 32187
[STATUS]: waiting for compute-node startup barrier
1 device(s) found
Selected device: ibp86s0
Selected port state: 4, lid: 8
pairing: 74025 -- 74034
pairing: 74035 -- 74041
pairing: 74044 -- 74049
pairing: 74052 -- 74057
pairing: 74059 -- 74063
pairing: 74064 -- 74069
pairing: 74072 -- 74074
pairing: 74077 -- 74081
pairing: 74083 -- 74085
pairing: 74088 -- 74089
pairing: 74092 -- 74093
pairing: 74096 -- 74095
pairing: 74097 -- 74094
pairing: 74098 -- 74099
pairing: 74100 -- 74101
pairing: 74102 -- 74103
[STATUS]: storage-owner peer RDMA QPs per peer: 4
[STATUS]: storage-owner peer QP0 reserved for RPC; data RDMA uses QP1..3
allocated ALIGNED MEM (no hugepage) at 126700142723136 with buffer size 67108864
allocated ALIGNED MEM (no hugepage) at 126700111265856 with buffer size 29937600
[STATUS]: storage-owner peer RPC receive slots per peer: 64 (requested=64)
allocated ALIGNED MEM (no hugepage) at 126700344234048 with buffer size 502784
allocated ALIGNED MEM (no hugepage) at 126700042059840 with buffer size 67108864
allocated ALIGNED MEM (no hugepage) at 126699972853824 with buffer size 67108864
allocated ALIGNED MEM (no hugepage) at 126699903647808 with buffer size 67108864
allocated ALIGNED MEM (no hugepage) at 126699834441792 with buffer size 67108864
allocated ALIGNED MEM (no hugepage) at 126699765235776 with buffer size 67108864
allocated ALIGNED MEM (no hugepage) at 126699696029760 with buffer size 67108864
allocated ALIGNED MEM (no hugepage) at 126699626823744 with buffer size 67108864
allocated ALIGNED MEM (no hugepage) at 126699557617728 with buffer size 67108864
allocated ALIGNED MEM (no hugepage) at 126699488411712 with buffer size 67108864
allocated ALIGNED MEM (no hugepage) at 126699419205696 with buffer size 67108864
allocated ALIGNED MEM (no hugepage) at 126699349999680 with buffer size 67108864
allocated ALIGNED MEM (no hugepage) at 126699280793664 with buffer size 67108864
allocated ALIGNED MEM (no hugepage) at 126699211587648 with buffer size 67108864
allocated ALIGNED MEM (no hugepage) at 126699142381632 with buffer size 67108864
allocated ALIGNED MEM (no hugepage) at 126699073175616 with buffer size 67108864
allocated ALIGNED MEM (no hugepage) at 126699003969600 with buffer size 67108864
[STATUS]: storage-owner peer reverse-update workers: 8
[STATUS]: storage-owner peer stitch-search workers: 8
[STATUS]: storage-owner peer reverse-update tuning: mode=async queue_depth=65536 flush_us=200 coalesce_max=256
allocated ALIGNED MEM (no hugepage) at 126697976365120 with buffer size 67108864
allocated ALIGNED MEM (no hugepage) at 126697907159104 with buffer size 67108864
allocated ALIGNED MEM (no hugepage) at 126697837953088 with buffer size 67108864
allocated ALIGNED MEM (no hugepage) at 126697768747072 with buffer size 67108864
allocated ALIGNED MEM (no hugepage) at 126697699541056 with buffer size 67108864
allocated ALIGNED MEM (no hugepage) at 126697630335040 with buffer size 67108864
allocated ALIGNED MEM (no hugepage) at 126697561129024 with buffer size 67108864
allocated ALIGNED MEM (no hugepage) at 126697491923008 with buffer size 67108864
[STATUS]: storage-owner maintenance workers: 8 (configured=8, work_conserving=true)
[STATUS]: storage-owner maintenance tuning: mode=finalize local_stitch=true compaction_batch_target=32 compaction_max_delay_ms=10 backlog_limit=65536
[STATUS]: storage-owner peer RDMA read credits per peer: 8 per QP: 8 (requested=8)
[STATUS]: storage-owner online insert tuning: construction_beam=128 snapshot_batch=64 prune_max_candidates=128 update_mode=local_stitch
[STATUS]: storage-owner coroutine scratch: snapshot_bytes=144 snapshot_stride=192 batch=64 per_coroutine=13120
allocated ALIGNED MEM (no hugepage) at 126697422716992 with buffer size 67108864
allocated ALIGNED MEM (no hugepage) at 126697353510976 with buffer size 67108864
allocated ALIGNED MEM (no hugepage) at 126697284304960 with buffer size 67108864
allocated ALIGNED MEM (no hugepage) at 126697215098944 with buffer size 67108864
allocated ALIGNED MEM (no hugepage) at 126697145892928 with buffer size 67108864
allocated ALIGNED MEM (no hugepage) at 126697076686912 with buffer size 67108864
allocated ALIGNED MEM (no hugepage) at 126697007480896 with buffer size 67108864
allocated ALIGNED MEM (no hugepage) at 126696938274880 with buffer size 67108864
[STATUS]: storage-owner insert runtime enabled on shard 3
[STATUS]: storage-owner maintenance observation: enqueued=3 stitch_enqueued=2 cleanup_enqueued=1 stitch_tasks_done=0 stitched_live=0 cleanup_processed=0 stale=0 stitch_completion_ratio=0.000000 live_stitch_completion_ratio=0.000000 avg_stitch_delay_ms=0.000000 p99_stitch_delay_upper_ms=0.000000 p99_stitch_delay_over_30s=false max_stitch_delay_ms=0.000000 compaction_batch_target=32 compaction_max_delay_ms=10 stitch_rate_per_sec=0.000000 failed=0 max_backlog=3 pressure_yields=0 external_search_requests=0 external_candidates=0 stitch_batches=0 avg_stitch_batch_size=0.000000 peer_stitch_enqueued=68 peer_stitch_processed=64 peer_stitch_items=134 peer_stitch_rate_per_sec=15.160619 peer_stitch_max_queue=7 peer_reverse_enqueued=86 peer_reverse_processed=86 peer_reverse_remaining=0 peer_reverse_items_enqueued=1066 peer_reverse_items_processed=1066 peer_reverse_rate_per_sec=120.606116 peer_reverse_failed=0 peer_reverse_max_queue=7 reclaim_ack=0 reclaim_pending=0 reclaim_reused=0 dynamic_high_watermark=13679069568 stitch_remaining=2 cleanup_remaining=1 remaining=3
[STATUS]: storage-owner maintenance observation: enqueued=704 stitch_enqueued=452 cleanup_enqueued=252 stitch_tasks_done=372 stitched_live=372 cleanup_processed=249 stale=0 stitch_completion_ratio=0.823009 live_stitch_completion_ratio=0.823009 avg_stitch_delay_ms=612.198624 p99_stitch_delay_upper_ms=2000.000000 p99_stitch_delay_over_30s=false max_stitch_delay_ms=1152.476963 compaction_batch_target=32 compaction_max_delay_ms=10 stitch_rate_per_sec=26.880311 failed=0 max_backlog=70 pressure_yields=0 external_search_requests=253 external_candidates=26544 stitch_batches=66 avg_stitch_batch_size=6.833333 peer_stitch_enqueued=334 peer_stitch_processed=327 peer_stitch_items=1797 peer_stitch_rate_per_sec=129.849243 peer_stitch_max_queue=8 peer_reverse_enqueued=490 peer_reverse_processed=489 peer_reverse_remaining=1 peer_reverse_items_enqueued=14724 peer_reverse_items_processed=14721 peer_reverse_rate_per_sec=1063.723265 peer_reverse_failed=0 peer_reverse_max_queue=16 reclaim_ack=400 reclaim_pending=0 reclaim_reused=0 dynamic_high_watermark=13679372640 stitch_remaining=1 cleanup_remaining=1 remaining=2
[STATUS]: storage-owner maintenance observation: enqueued=1389 stitch_enqueued=876 cleanup_enqueued=512 stitch_tasks_done=829 stitched_live=829 cleanup_processed=498 stale=0 stitch_completion_ratio=0.946347 live_stitch_completion_ratio=0.946347 avg_stitch_delay_ms=695.113870 p99_stitch_delay_upper_ms=2000.000000 p99_stitch_delay_over_30s=false max_stitch_delay_ms=1201.517979 compaction_batch_target=32 compaction_max_delay_ms=10 stitch_rate_per_sec=43.979368 failed=0 max_backlog=70 pressure_yields=0 external_search_requests=459 external_candidates=53776 stitch_batches=118 avg_stitch_batch_size=7.423729 peer_stitch_enqueued=537 peer_stitch_processed=535 peer_stitch_items=3670 peer_stitch_rate_per_sec=194.697562 peer_stitch_max_queue=9 peer_reverse_enqueued=816 peer_reverse_processed=816 peer_reverse_remaining=0 peer_reverse_items_enqueued=31105 peer_reverse_items_processed=31105 peer_reverse_rate_per_sec=1650.154679 peer_reverse_failed=0 peer_reverse_max_queue=16 reclaim_ack=925 reclaim_pending=0 reclaim_reused=0 dynamic_high_watermark=13679655552 stitch_remaining=0 cleanup_remaining=1 remaining=1
[STATUS]: storage-owner maintenance observation: enqueued=2454 stitch_enqueued=1562 cleanup_enqueued=892 stitch_tasks_done=1174 stitched_live=1174 cleanup_processed=761 stale=0 stitch_completion_ratio=0.751601 live_stitch_completion_ratio=0.751601 avg_stitch_delay_ms=991.553791 p99_stitch_delay_upper_ms=4000.000000 p99_stitch_delay_over_30s=false max_stitch_delay_ms=3331.000767 compaction_batch_target=32 compaction_max_delay_ms=10 stitch_rate_per_sec=46.817560 failed=0 max_backlog=295 pressure_yields=0 external_search_requests=558 external_candidates=84352 stitch_batches=141 avg_stitch_batch_size=9.687943 peer_stitch_enqueued=671 peer_stitch_processed=671 peer_stitch_items=6081 peer_stitch_rate_per_sec=242.502200 peer_stitch_max_queue=13 peer_reverse_enqueued=1024 peer_reverse_processed=1017 peer_reverse_remaining=7 peer_reverse_items_enqueued=51182 peer_reverse_items_processed=50397 peer_reverse_rate_per_sec=2009.765393 peer_reverse_failed=0 peer_reverse_max_queue=21 reclaim_ack=1276 reclaim_pending=0 reclaim_reused=0 dynamic_high_watermark=13680117216 stitch_remaining=196 cleanup_remaining=99 remaining=295
[storage-peer] slow reverse-update response self_shard=3 target_shard=1 request_id=1419 item_count=420 success=1 elapsed_ms=1398.53
[STATUS]: storage-owner maintenance observation: enqueued=3213 stitch_enqueued=2086 cleanup_enqueued=1127 stitch_tasks_done=1946 stitched_live=1946 cleanup_processed=1091 stale=0 stitch_completion_ratio=0.932886 live_stitch_completion_ratio=0.932886 avg_stitch_delay_ms=1316.280518 p99_stitch_delay_upper_ms=4000.000000 p99_stitch_delay_over_30s=false max_stitch_delay_ms=3554.378687 compaction_batch_target=32 compaction_max_delay_ms=10 stitch_rate_per_sec=64.638007 failed=0 max_backlog=295 pressure_yields=0 external_search_requests=726 external_candidates=126976 stitch_batches=185 avg_stitch_batch_size=11.156757 peer_stitch_enqueued=844 peer_stitch_processed=843 peer_stitch_items=7971 peer_stitch_rate_per_sec=264.763387 peer_stitch_max_queue=13 peer_reverse_enqueued=1282 peer_reverse_processed=1278 peer_reverse_remaining=4 peer_reverse_items_enqueued=69042 peer_reverse_items_processed=68981 peer_reverse_rate_per_sec=2291.261225 peer_reverse_failed=0 peer_reverse_max_queue=21 reclaim_ack=2045 reclaim_pending=0 reclaim_reused=0 dynamic_high_watermark=13680470016 stitch_remaining=22 cleanup_remaining=10 remaining=32
[STATUS]: storage-owner maintenance observation: enqueued=4045 stitch_enqueued=2710 cleanup_enqueued=1335 stitch_tasks_done=2650 stitched_live=2650 cleanup_processed=1322 stale=0 stitch_completion_ratio=0.977860 live_stitch_completion_ratio=0.977860 avg_stitch_delay_ms=1150.519940 p99_stitch_delay_upper_ms=4000.000000 p99_stitch_delay_over_30s=false max_stitch_delay_ms=3554.378687 compaction_batch_target=32 compaction_max_delay_ms=10 stitch_rate_per_sec=75.139093 failed=0 max_backlog=295 pressure_yields=0 external_search_requests=1000 external_candidates=172160 stitch_batches=251 avg_stitch_batch_size=10.721116 peer_stitch_enqueued=1157 peer_stitch_processed=1153 peer_stitch_items=9288 peer_stitch_rate_per_sec=263.355432 peer_stitch_max_queue=13 peer_reverse_enqueued=1742 peer_reverse_processed=1741 peer_reverse_remaining=1 peer_reverse_items_enqueued=83068 peer_reverse_items_processed=83064 peer_reverse_rate_per_sec=2355.227782 peer_reverse_failed=0 peer_reverse_max_queue=21 reclaim_ack=2898 reclaim_pending=0 reclaim_reused=0 dynamic_high_watermark=13680888000 stitch_remaining=19 cleanup_remaining=4 remaining=23
[STATUS]: storage-owner maintenance observation: enqueued=5049 stitch_enqueued=3424 cleanup_enqueued=1625 stitch_tasks_done=3174 stitched_live=3174 cleanup_processed=1565 stale=0 stitch_completion_ratio=0.926986 live_stitch_completion_ratio=0.926986 avg_stitch_delay_ms=1168.377509 p99_stitch_delay_upper_ms=4000.000000 p99_stitch_delay_over_30s=false max_stitch_delay_ms=3554.378687 compaction_batch_target=32 compaction_max_delay_ms=10 stitch_rate_per_sec=78.241297 failed=0 max_backlog=295 pressure_yields=0 external_search_requests=1140 external_candidates=209280 stitch_batches=288 avg_stitch_batch_size=11.687500 peer_stitch_enqueued=1303 peer_stitch_processed=1296 peer_stitch_items=10965 peer_stitch_rate_per_sec=270.294840 peer_stitch_max_queue=13 peer_reverse_enqueued=1965 peer_reverse_processed=1963 peer_reverse_remaining=2 peer_reverse_items_enqueued=98801 peer_reverse_items_processed=98619 peer_reverse_rate_per_sec=2431.026619 peer_reverse_failed=0 peer_reverse_max_queue=21 reclaim_ack=3374 reclaim_pending=0 reclaim_reused=0 dynamic_high_watermark=13681367808 stitch_remaining=58 cleanup_remaining=39 remaining=97
[STATUS]: storage-owner maintenance observation: enqueued=5989 stitch_enqueued=4045 cleanup_enqueued=1944 stitch_tasks_done=3733 stitched_live=3733 cleanup_processed=1866 stale=0 stitch_completion_ratio=0.922868 live_stitch_completion_ratio=0.922868 avg_stitch_delay_ms=1249.121376 p99_stitch_delay_upper_ms=4000.000000 p99_stitch_delay_over_30s=false max_stitch_delay_ms=3554.378687 compaction_batch_target=32 compaction_max_delay_ms=10 stitch_rate_per_sec=81.786383 failed=0 max_backlog=295 pressure_yields=0 external_search_requests=1238 external_candidates=248128 stitch_batches=311 avg_stitch_batch_size=12.620579 peer_stitch_enqueued=1385 peer_stitch_processed=1375 peer_stitch_items=12665 peer_stitch_rate_per_sec=277.477777 peer_stitch_max_queue=14 peer_reverse_enqueued=2093 peer_reverse_processed=2086 peer_reverse_remaining=7 peer_reverse_items_enqueued=116035 peer_reverse_items_processed=115196 peer_reverse_rate_per_sec=2523.831824 peer_reverse_failed=0 peer_reverse_max_queue=21 reclaim_ack=4088 reclaim_pending=0 reclaim_reused=0 dynamic_high_watermark=13681785792 stitch_remaining=120 cleanup_remaining=46 remaining=166
[STATUS]: storage-owner maintenance observation: enqueued=6781 stitch_enqueued=4575 cleanup_enqueued=2206 stitch_tasks_done=4388 stitched_live=4388 cleanup_processed=2129 stale=0 stitch_completion_ratio=0.959126 live_stitch_completion_ratio=0.959126 avg_stitch_delay_ms=1332.483688 p99_stitch_delay_upper_ms=4000.000000 p99_stitch_delay_over_30s=false max_stitch_delay_ms=3554.378687 compaction_batch_target=32 compaction_max_delay_ms=10 stitch_rate_per_sec=85.664806 failed=0 max_backlog=295 pressure_yields=0 external_search_requests=1367 external_candidates=284352 stitch_batches=342 avg_stitch_batch_size=13.014620 peer_stitch_enqueued=1520 peer_stitch_processed=1504 peer_stitch_items=14907 peer_stitch_rate_per_sec=291.022165 peer_stitch_max_queue=16 peer_reverse_enqueued=2304 peer_reverse_processed=2289 peer_reverse_remaining=15 peer_reverse_items_enqueued=136284 peer_reverse_items_processed=133945 peer_reverse_rate_per_sec=2614.943580 peer_reverse_failed=0 peer_reverse_max_queue=21 reclaim_ack=4774 reclaim_pending=0 reclaim_reused=0 dynamic_high_watermark=13682143968 stitch_remaining=124 cleanup_remaining=61 remaining=185
[storage-peer] slow reverse-update response self_shard=3 target_shard=4 request_id=3412 item_count=15 success=1 elapsed_ms=1081.95
[STATUS]: storage-owner maintenance observation: enqueued=7561 stitch_enqueued=5072 cleanup_enqueued=2489 stitch_tasks_done=4832 stitched_live=4832 cleanup_processed=2398 stale=0 stitch_completion_ratio=0.952681 live_stitch_completion_ratio=0.952681 avg_stitch_delay_ms=1455.898521 p99_stitch_delay_upper_ms=4000.000000 p99_stitch_delay_over_30s=false max_stitch_delay_ms=3695.119430 compaction_batch_target=32 compaction_max_delay_ms=10 stitch_rate_per_sec=85.551411 failed=0 max_backlog=295 pressure_yields=0 external_search_requests=1434 external_candidates=316416 stitch_batches=360 avg_stitch_batch_size=13.866667 peer_stitch_enqueued=1595 peer_stitch_processed=1594 peer_stitch_items=17338 peer_stitch_rate_per_sec=306.972344 peer_stitch_max_queue=16 peer_reverse_enqueued=2432 peer_reverse_processed=2429 peer_reverse_remaining=3 peer_reverse_items_enqueued=156063 peer_reverse_items_processed=155694 peer_reverse_rate_per_sec=2756.589694 peer_reverse_failed=0 peer_reverse_max_queue=21 reclaim_ack=5258 reclaim_pending=0 reclaim_reused=0 dynamic_high_watermark=13682476608 stitch_remaining=80 cleanup_remaining=32 remaining=112
[STATUS]: storage-owner maintenance observation: enqueued=8348 stitch_enqueued=5596 cleanup_enqueued=2752 stitch_tasks_done=5357 stitched_live=5357 cleanup_processed=2690 stale=0 stitch_completion_ratio=0.957291 live_stitch_completion_ratio=0.957291 avg_stitch_delay_ms=1527.032083 p99_stitch_delay_upper_ms=4000.000000 p99_stitch_delay_over_30s=false max_stitch_delay_ms=3695.119430 compaction_batch_target=32 compaction_max_delay_ms=10 stitch_rate_per_sec=87.118526 failed=0 max_backlog=295 pressure_yields=0 external_search_requests=1512 external_candidates=347712 stitch_batches=381 avg_stitch_batch_size=14.511811 peer_stitch_enqueued=1674 peer_stitch_processed=1657 peer_stitch_items=19029 peer_stitch_rate_per_sec=309.460225 peer_stitch_max_queue=16 peer_reverse_enqueued=2549 peer_reverse_processed=2535 peer_reverse_remaining=14 peer_reverse_items_enqueued=174334 peer_reverse_items_processed=172117 peer_reverse_rate_per_sec=2799.062778 peer_reverse_failed=0 peer_reverse_max_queue=21 reclaim_ack=5849 reclaim_pending=0 reclaim_reused=0 dynamic_high_watermark=13682827392 stitch_remaining=67 cleanup_remaining=30 remaining=97
[STATUS]: storage-owner maintenance observation: enqueued=9082 stitch_enqueued=6146 cleanup_enqueued=2936 stitch_tasks_done=6088 stitched_live=6088 cleanup_processed=2922 stale=0 stitch_completion_ratio=0.990563 live_stitch_completion_ratio=0.990563 avg_stitch_delay_ms=1492.886612 p99_stitch_delay_upper_ms=4000.000000 p99_stitch_delay_over_30s=false max_stitch_delay_ms=3695.119430 compaction_batch_target=32 compaction_max_delay_ms=10 stitch_rate_per_sec=91.500061 failed=0 max_backlog=295 pressure_yields=0 external_search_requests=1752 external_candidates=390032 stitch_batches=441 avg_stitch_batch_size=13.859410 peer_stitch_enqueued=1903 peer_stitch_processed=1897 peer_stitch_items=20709 peer_stitch_rate_per_sec=311.247498 peer_stitch_max_queue=16 peer_reverse_enqueued=2902 peer_reverse_processed=2898 peer_reverse_remaining=4 peer_reverse_items_enqueued=189365 peer_reverse_items_processed=189274 peer_reverse_rate_per_sec=2844.708045 peer_reverse_failed=0 peer_reverse_max_queue=21 reclaim_ack=6632 reclaim_pending=0 reclaim_reused=0 dynamic_high_watermark=13683197664 stitch_remaining=34 cleanup_remaining=11 remaining=45
[STATUS]: storage-owner maintenance observation: enqueued=9932 stitch_enqueued=6713 cleanup_enqueued=3219 stitch_tasks_done=6575 stitched_live=6575 cleanup_processed=3144 stale=0 stitch_completion_ratio=0.979443 live_stitch_completion_ratio=0.979443 avg_stitch_delay_ms=1425.694603 p99_stitch_delay_upper_ms=4000.000000 p99_stitch_delay_over_30s=false max_stitch_delay_ms=3695.119430 compaction_batch_target=32 compaction_max_delay_ms=10 stitch_rate_per_sec=91.251570 failed=0 max_backlog=295 pressure_yields=0 external_search_requests=2044 external_candidates=424064 stitch_batches=512 avg_stitch_batch_size=12.949219 peer_stitch_enqueued=2163 peer_stitch_processed=2158 peer_stitch_items=22399 peer_stitch_rate_per_sec=310.865994 peer_stitch_max_queue=16 peer_reverse_enqueued=3300 peer_reverse_processed=3298 peer_reverse_remaining=2 peer_reverse_items_enqueued=205494 peer_reverse_items_processed=205168 peer_reverse_rate_per_sec=2847.437575 peer_reverse_failed=0 peer_reverse_max_queue=21 reclaim_ack=7202 reclaim_pending=0 reclaim_reused=0 dynamic_high_watermark=13683578016 stitch_remaining=83 cleanup_remaining=58 remaining=141
[STATUS]: storage-owner maintenance observation: enqueued=10725 stitch_enqueued=7220 cleanup_enqueued=3505 stitch_tasks_done=7017 stitched_live=7017 cleanup_processed=3412 stale=0 stitch_completion_ratio=0.971884 live_stitch_completion_ratio=0.971884 avg_stitch_delay_ms=1444.723079 p99_stitch_delay_upper_ms=4000.000000 p99_stitch_delay_over_30s=false max_stitch_delay_ms=3695.119430 compaction_batch_target=32 compaction_max_delay_ms=10 stitch_rate_per_sec=90.643234 failed=0 max_backlog=295 pressure_yields=0 external_search_requests=2133 external_candidates=453312 stitch_batches=535 avg_stitch_batch_size=13.343925 peer_stitch_enqueued=2271 peer_stitch_processed=2258 peer_stitch_items=24509 peer_stitch_rate_per_sec=316.598976 peer_stitch_max_queue=16 peer_reverse_enqueued=3461 peer_reverse_processed=3442 peer_reverse_remaining=19 peer_reverse_items_enqueued=226171 peer_reverse_items_processed=224028 peer_reverse_rate_per_sec=2893.917967 peer_reverse_failed=0 peer_reverse_max_queue=21 reclaim_ack=7640 reclaim_pending=0 reclaim_reused=0 dynamic_high_watermark=13683918720 stitch_remaining=81 cleanup_remaining=61 remaining=142
[storage-peer] slow reverse-update response self_shard=3 target_shard=4 request_id=5508 item_count=369 success=1 elapsed_ms=1096.08
[storage-peer] slow reverse-update response self_shard=3 target_shard=4 request_id=5536 item_count=172 success=1 elapsed_ms=1104.82
[STATUS]: storage-owner maintenance observation: enqueued=11582 stitch_enqueued=7742 cleanup_enqueued=3840 stitch_tasks_done=7444 stitched_live=7444 cleanup_processed=3731 stale=0 stitch_completion_ratio=0.961509 live_stitch_completion_ratio=0.961509 avg_stitch_delay_ms=1475.305948 p99_stitch_delay_upper_ms=4000.000000 p99_stitch_delay_over_30s=false max_stitch_delay_ms=3695.119430 compaction_batch_target=32 compaction_max_delay_ms=10 stitch_rate_per_sec=90.024589 failed=0 max_backlog=295 pressure_yields=0 external_search_requests=2212 external_candidates=482560 stitch_batches=556 avg_stitch_batch_size=13.733813 peer_stitch_enqueued=2351 peer_stitch_processed=2343 peer_stitch_items=26627 peer_stitch_rate_per_sec=322.015681 peer_stitch_max_queue=16 peer_reverse_enqueued=3585 peer_reverse_processed=3582 peer_reverse_remaining=3 peer_reverse_items_enqueued=244161 peer_reverse_items_processed=243637 peer_reverse_rate_per_sec=2946.442872 peer_reverse_failed=0 peer_reverse_max_queue=21 reclaim_ack=8094 reclaim_pending=0 reclaim_reused=0 dynamic_high_watermark=13684270848 stitch_remaining=106 cleanup_remaining=77 remaining=183
[storage-peer] slow reverse-update response self_shard=3 target_shard=4 request_id=5554 item_count=161 success=1 elapsed_ms=1115.02
[storage-peer] slow reverse-update response self_shard=3 target_shard=4 request_id=5564 item_count=272 success=1 elapsed_ms=1088.34
[STATUS]: storage-owner maintenance observation: enqueued=12486 stitch_enqueued=8322 cleanup_enqueued=4164 stitch_tasks_done=7988 stitched_live=7988 cleanup_processed=4115 stale=0 stitch_completion_ratio=0.959865 live_stitch_completion_ratio=0.959865 avg_stitch_delay_ms=1571.282040 p99_stitch_delay_upper_ms=4000.000000 p99_stitch_delay_over_30s=false max_stitch_delay_ms=3729.147819 compaction_batch_target=32 compaction_max_delay_ms=10 stitch_rate_per_sec=90.848129 failed=0 max_backlog=295 pressure_yields=0 external_search_requests=2280 external_candidates=517376 stitch_batches=574 avg_stitch_batch_size=14.306620 peer_stitch_enqueued=2418 peer_stitch_processed=2413 peer_stitch_items=28825 peer_stitch_rate_per_sec=327.828907 peer_stitch_max_queue=16 peer_reverse_enqueued=3686 peer_reverse_processed=3686 peer_reverse_remaining=0 peer_reverse_items_enqueued=262325 peer_reverse_items_processed=262325 peer_reverse_rate_per_sec=2983.442081 peer_reverse_failed=0 peer_reverse_max_queue=21 reclaim_ack=8810 reclaim_pending=0 reclaim_reused=0 dynamic_high_watermark=13684659936 stitch_remaining=110 cleanup_remaining=49 remaining=159
[STATUS]: storage-owner maintenance observation: enqueued=13389 stitch_enqueued=8841 cleanup_enqueued=4548 stitch_tasks_done=8564 stitched_live=8564 cleanup_processed=4403 stale=0 stitch_completion_ratio=0.968669 live_stitch_completion_ratio=0.968669 avg_stitch_delay_ms=1640.082444 p99_stitch_delay_upper_ms=4000.000000 p99_stitch_delay_over_30s=false max_stitch_delay_ms=3729.147819 compaction_batch_target=32 compaction_max_delay_ms=10 stitch_rate_per_sec=92.054481 failed=0 max_backlog=295 pressure_yields=0 external_search_requests=2351 external_candidates=553520 stitch_batches=591 avg_stitch_batch_size=14.793570 peer_stitch_enqueued=2475 peer_stitch_processed=2471 peer_stitch_items=30681 peer_stitch_rate_per_sec=329.790232 peer_stitch_max_queue=16 peer_reverse_enqueued=3775 peer_reverse_processed=3772 peer_reverse_remaining=3 peer_reverse_items_enqueued=278830 peer_reverse_items_processed=278434 peer_reverse_rate_per_sec=2992.888542 peer_reverse_failed=0 peer_reverse_max_queue=21 reclaim_ack=9445 reclaim_pending=0 reclaim_reused=0 dynamic_high_watermark=13685008704 stitch_remaining=98 cleanup_remaining=113 remaining=211
[storage-peer] slow reverse-update response self_shard=3 target_shard=0 request_id=5993 item_count=70 success=1 elapsed_ms=1117.87
[STATUS]: storage-owner maintenance observation: enqueued=14163 stitch_enqueued=9325 cleanup_enqueued=4838 stitch_tasks_done=9098 stitched_live=9098 cleanup_processed=4775 stale=0 stitch_completion_ratio=0.975657 live_stitch_completion_ratio=0.975657 avg_stitch_delay_ms=1684.729675 p99_stitch_delay_upper_ms=4000.000000 p99_stitch_delay_over_30s=false max_stitch_delay_ms=3729.147819 compaction_batch_target=32 compaction_max_delay_ms=10 stitch_rate_per_sec=92.454695 failed=0 max_backlog=295 pressure_yields=0 external_search_requests=2425 external_candidates=585488 stitch_batches=610 avg_stitch_batch_size=15.180328 peer_stitch_enqueued=2553 peer_stitch_processed=2549 peer_stitch_items=33177 peer_stitch_rate_per_sec=337.147661 peer_stitch_max_queue=16 peer_reverse_enqueued=3900 peer_reverse_processed=3895 peer_reverse_remaining=5 peer_reverse_items_enqueued=300079 peer_reverse_items_processed=299155 peer_reverse_rate_per_sec=3040.040046 peer_reverse_failed=0 peer_reverse_max_queue=21 reclaim_ack=10051 reclaim_pending=0 reclaim_reused=0 dynamic_high_watermark=13685333280 stitch_remaining=65 cleanup_remaining=41 remaining=106
[storage-peer] slow reverse-update response self_shard=3 target_shard=2 request_id=6152 item_count=98 success=1 elapsed_ms=1015.22
[STATUS]: storage-owner maintenance observation: enqueued=14969 stitch_enqueued=9832 cleanup_enqueued=5137 stitch_tasks_done=9551 stitched_live=9551 cleanup_processed=5030 stale=0 stitch_completion_ratio=0.971420 live_stitch_completion_ratio=0.971420 avg_stitch_delay_ms=1726.500921 p99_stitch_delay_upper_ms=4000.000000 p99_stitch_delay_over_30s=false max_stitch_delay_ms=3729.147819 compaction_batch_target=32 compaction_max_delay_ms=10 stitch_rate_per_sec=91.957688 failed=0 max_backlog=295 pressure_yields=0 external_search_requests=2496 external_candidates=617408 stitch_batches=626 avg_stitch_batch_size=15.512780 peer_stitch_enqueued=2630 peer_stitch_processed=2623 peer_stitch_items=35524 peer_stitch_rate_per_sec=342.027527 peer_stitch_max_queue=16 peer_reverse_enqueued=4016 peer_reverse_processed=4016 peer_reverse_remaining=0 peer_reverse_items_enqueued=321478 peer_reverse_items_processed=321478 peer_reverse_rate_per_sec=3095.212400 peer_reverse_failed=0 peer_reverse_max_queue=21 reclaim_ack=10569 reclaim_pending=0 reclaim_reused=0 dynamic_high_watermark=13685675328 stitch_remaining=121 cleanup_remaining=44 remaining=165
[storage-peer] slow reverse-update response self_shard=3 target_shard=4 request_id=6382 item_count=339 success=1 elapsed_ms=1006.89
[storage-peer] slow reverse-update response self_shard=3 target_shard=4 request_id=6356 item_count=137 success=1 elapsed_ms=1021.32
[storage-peer] slow reverse-update response self_shard=3 target_shard=4 request_id=6358 item_count=129 success=1 elapsed_ms=1021.74
[STATUS]: storage-owner maintenance observation: enqueued=16057 stitch_enqueued=10536 cleanup_enqueued=5521 stitch_tasks_done=10095 stitched_live=10095 cleanup_processed=5349 stale=0 stitch_completion_ratio=0.958144 live_stitch_completion_ratio=0.958144 avg_stitch_delay_ms=1797.369809 p99_stitch_delay_upper_ms=4000.000000 p99_stitch_delay_over_30s=false max_stitch_delay_ms=4143.422411 compaction_batch_target=32 compaction_max_delay_ms=10 stitch_rate_per_sec=91.745085 failed=0 max_backlog=407 pressure_yields=0 external_search_requests=2564 external_candidates=652224 stitch_batches=644 avg_stitch_batch_size=15.973602 peer_stitch_enqueued=2713 peer_stitch_processed=2701 peer_stitch_items=38020 peer_stitch_rate_per_sec=345.532257 peer_stitch_max_queue=16 peer_reverse_enqueued=4146 peer_reverse_processed=4129 peer_reverse_remaining=17 peer_reverse_items_enqueued=345433 peer_reverse_items_processed=342231 peer_reverse_rate_per_sec=3110.253810 peer_reverse_failed=0 peer_reverse_max_queue=21 reclaim_ack=11172 reclaim_pending=0 reclaim_reused=0 dynamic_high_watermark=13686147744 stitch_remaining=249 cleanup_remaining=140 remaining=389
[STATUS]: storage-owner maintenance observation: enqueued=16749 stitch_enqueued=11030 cleanup_enqueued=5719 stitch_tasks_done=10767 stitched_live=10767 cleanup_processed=5696 stale=0 stitch_completion_ratio=0.976156 live_stitch_completion_ratio=0.976156 avg_stitch_delay_ms=1903.857413 p99_stitch_delay_upper_ms=8000.000000 p99_stitch_delay_over_30s=false max_stitch_delay_ms=4749.080293 compaction_batch_target=32 compaction_max_delay_ms=10 stitch_rate_per_sec=93.244953 failed=0 max_backlog=407 pressure_yields=0 external_search_requests=2645 external_candidates=693360 stitch_batches=666 avg_stitch_batch_size=16.471471 peer_stitch_enqueued=2789 peer_stitch_processed=2783 peer_stitch_items=40492 peer_stitch_rate_per_sec=350.670998 peer_stitch_max_queue=16 peer_reverse_enqueued=4263 peer_reverse_processed=4261 peer_reverse_remaining=2 peer_reverse_items_enqueued=365669 peer_reverse_items_processed=365524 peer_reverse_rate_per_sec=3165.530624 peer_reverse_failed=0 peer_reverse_max_queue=21 reclaim_ack=11883 reclaim_pending=0 reclaim_reused=0 dynamic_high_watermark=13686480384 stitch_remaining=60 cleanup_remaining=23 remaining=83
[STATUS]: storage-owner maintenance observation: enqueued=17360 stitch_enqueued=11398 cleanup_enqueued=5962 stitch_tasks_done=11333 stitched_live=11333 cleanup_processed=5953 stale=0 stitch_completion_ratio=0.994297 live_stitch_completion_ratio=0.994297 avg_stitch_delay_ms=1871.204132 p99_stitch_delay_upper_ms=8000.000000 p99_stitch_delay_over_30s=false max_stitch_delay_ms=4749.080293 compaction_batch_target=32 compaction_max_delay_ms=10 stitch_rate_per_sec=94.035403 failed=0 max_backlog=407 pressure_yields=0 external_search_requests=2908 external_candidates=727424 stitch_batches=730 avg_stitch_batch_size=15.594521 peer_stitch_enqueued=3037 peer_stitch_processed=3032 peer_stitch_items=42316 peer_stitch_rate_per_sec=351.116396 peer_stitch_max_queue=16 peer_reverse_enqueued=4646 peer_reverse_processed=4644 peer_reverse_remaining=2 peer_reverse_items_enqueued=382554 peer_reverse_items_processed=382477 peer_reverse_rate_per_sec=3173.597356 peer_reverse_failed=0 peer_reverse_max_queue=21 reclaim_ack=12525 reclaim_pending=0 reclaim_reused=0 dynamic_high_watermark=13686727008 stitch_remaining=14 cleanup_remaining=5 remaining=19
[storage-peer] slow reverse-update response self_shard=3 target_shard=1 request_id=7787 item_count=371 success=1 elapsed_ms=1016.34
[storage-peer] slow reverse-update response self_shard=3 target_shard=1 request_id=7777 item_count=10 success=1 elapsed_ms=1023.53
[storage-peer] slow reverse-update response self_shard=3 target_shard=1 request_id=7771 item_count=79 success=1 elapsed_ms=1013.74
[STATUS]: storage-owner maintenance observation: enqueued=18327 stitch_enqueued=12033 cleanup_enqueued=6294 stitch_tasks_done=11758 stitched_live=11758 cleanup_processed=6166 stale=0 stitch_completion_ratio=0.977146 live_stitch_completion_ratio=0.977146 avg_stitch_delay_ms=1832.307493 p99_stitch_delay_upper_ms=8000.000000 p99_stitch_delay_over_30s=false max_stitch_delay_ms=4749.080293 compaction_batch_target=32 compaction_max_delay_ms=10 stitch_rate_per_sec=93.601509 failed=0 max_backlog=407 pressure_yields=0 external_search_requests=3106 external_candidates=757632 stitch_batches=779 avg_stitch_batch_size=15.299101 peer_stitch_enqueued=3239 peer_stitch_processed=3237 peer_stitch_items=44139 peer_stitch_rate_per_sec=351.375831 peer_stitch_max_queue=16 peer_reverse_enqueued=4956 peer_reverse_processed=4955 peer_reverse_remaining=1 peer_reverse_items_enqueued=399564 peer_reverse_items_processed=399376 peer_reverse_rate_per_sec=3179.298898 peer_reverse_failed=0 peer_reverse_max_queue=21 reclaim_ack=13004 reclaim_pending=0 reclaim_reused=0 dynamic_high_watermark=13687153728 stitch_remaining=115 cleanup_remaining=64 remaining=179
[STATUS]: storage-owner maintenance observation: enqueued=19260 stitch_enqueued=12687 cleanup_enqueued=6573 stitch_tasks_done=12366 stitched_live=12366 cleanup_processed=6518 stale=0 stitch_completion_ratio=0.974699 live_stitch_completion_ratio=0.974699 avg_stitch_delay_ms=1867.185423 p99_stitch_delay_upper_ms=8000.000000 p99_stitch_delay_over_30s=false max_stitch_delay_ms=4749.080293 compaction_batch_target=32 compaction_max_delay_ms=10 stitch_rate_per_sec=94.323424 failed=0 max_backlog=407 pressure_yields=0 external_search_requests=3186 external_candidates=798592 stitch_batches=800 avg_stitch_batch_size=15.737500 peer_stitch_enqueued=3334 peer_stitch_processed=3329 peer_stitch_items=46100 peer_stitch_rate_per_sec=351.634306 peer_stitch_max_queue=16 peer_reverse_enqueued=5092 peer_reverse_processed=5087 peer_reverse_remaining=5 peer_reverse_items_enqueued=418209 peer_reverse_items_processed=417517 peer_reverse_rate_per_sec=3184.670295 peer_reverse_failed=0 peer_reverse_max_queue=21 reclaim_ack=13679 reclaim_pending=0 reclaim_reused=1 dynamic_high_watermark=13687591872 stitch_remaining=97 cleanup_remaining=55 remaining=152
[STATUS]: storage-owner maintenance observation: enqueued=20149 stitch_enqueued=13224 cleanup_enqueued=6925 stitch_tasks_done=12910 stitched_live=12910 cleanup_processed=6817 stale=0 stitch_completion_ratio=0.976255 live_stitch_completion_ratio=0.976255 avg_stitch_delay_ms=1892.772804 p99_stitch_delay_upper_ms=8000.000000 p99_stitch_delay_over_30s=false max_stitch_delay_ms=4749.080293 compaction_batch_target=32 compaction_max_delay_ms=10 stitch_rate_per_sec=94.698601 failed=0 max_backlog=407 pressure_yields=0 external_search_requests=3262 external_candidates=837504 stitch_batches=816 avg_stitch_batch_size=16.056373 peer_stitch_enqueued=3414 peer_stitch_processed=3402 peer_stitch_items=48142 peer_stitch_rate_per_sec=353.135558 peer_stitch_max_queue=16 peer_reverse_enqueued=5219 peer_reverse_processed=5199 peer_reverse_remaining=20 peer_reverse_items_enqueued=437623 peer_reverse_items_processed=433868 peer_reverse_rate_per_sec=3182.547846 peer_reverse_failed=0 peer_reverse_max_queue=21 reclaim_ack=14283 reclaim_pending=0 reclaim_reused=1 dynamic_high_watermark=13687953408 stitch_remaining=122 cleanup_remaining=76 remaining=198
[STATUS]: storage-owner maintenance observation: enqueued=20936 stitch_enqueued=13710 cleanup_enqueued=7226 stitch_tasks_done=13536 stitched_live=13536 cleanup_processed=7120 stale=0 stitch_completion_ratio=0.987309 live_stitch_completion_ratio=0.987309 avg_stitch_delay_ms=1904.960026 p99_stitch_delay_upper_ms=4000.000000 p99_stitch_delay_over_30s=false max_stitch_delay_ms=4749.080293 compaction_batch_target=32 compaction_max_delay_ms=10 stitch_rate_per_sec=95.459559 failed=0 max_backlog=407 pressure_yields=0 external_search_requests=3352 external_candidates=867568 stitch_batches=841 avg_stitch_batch_size=16.181926 peer_stitch_enqueued=3501 peer_stitch_processed=3501 peer_stitch_items=50453 peer_stitch_rate_per_sec=355.808297 peer_stitch_max_queue=16 peer_reverse_enqueued=5347 peer_reverse_processed=5344 peer_reverse_remaining=3 peer_reverse_items_enqueued=453973 peer_reverse_items_processed=453902 peer_reverse_rate_per_sec=3201.040526 peer_reverse_failed=0 peer_reverse_max_queue=21 reclaim_ack=14988 reclaim_pending=0 reclaim_reused=1 dynamic_high_watermark=13688280672 stitch_remaining=101 cleanup_remaining=64 remaining=165
[storage-peer] slow reverse-update response self_shard=3 target_shard=2 request_id=8527 item_count=204 success=1 elapsed_ms=1041.65
[storage-peer] slow reverse-update response self_shard=3 target_shard=2 request_id=8539 item_count=131 success=1 elapsed_ms=1405.98
[STATUS]: storage-owner maintenance observation: enqueued=21554 stitch_enqueued=14100 cleanup_enqueued=7454 stitch_tasks_done=14068 stitched_live=14068 cleanup_processed=7454 stale=0 stitch_completion_ratio=0.997730 live_stitch_completion_ratio=0.997730 avg_stitch_delay_ms=1912.438163 p99_stitch_delay_upper_ms=4000.000000 p99_stitch_delay_over_30s=false max_stitch_delay_ms=4749.080293 compaction_batch_target=32 compaction_max_delay_ms=10 stitch_rate_per_sec=95.792584 failed=0 max_backlog=407 pressure_yields=0 external_search_requests=3435 external_candidates=901888 stitch_batches=859 avg_stitch_batch_size=16.414435 peer_stitch_enqueued=3570 peer_stitch_processed=3563 peer_stitch_items=52437 peer_stitch_rate_per_sec=357.056847 peer_stitch_max_queue=16 peer_reverse_enqueued=5454 peer_reverse_processed=5451 peer_reverse_remaining=3 peer_reverse_items_enqueued=473729 peer_reverse_items_processed=473451 peer_reverse_rate_per_sec=3223.848071 peer_reverse_failed=0 peer_reverse_max_queue=21 reclaim_ack=15472 reclaim_pending=0 reclaim_reused=1 dynamic_high_watermark=13688541408 stitch_remaining=0 cleanup_remaining=0 remaining=0
