============================================================
                        SERVER
============================================================
num clients:                  1
TCP port:                     1235
IB device:                    <auto>
IB port:                      1
max outstanding CQEs:         64
max send work requests:       4096
max receive work requests:    4096
============================================================
server index file:            "/data/xjs/index/dvstor_sift100m/index/sift100m_R48_bw200_metis_node2_of5.dat"
============================================================
1 device(s) found
Selected device: ibp86s0
Selected port state: 4, lid: 8
num_cores: 112
physical cores per socket: 28
hyperthreading enabled
interleaved policy
pairing: 44560 -- 12253
[STATUS]: pinned main thread to core 28
[STATUS]: loaded index metadata from /data/xjs/index/dvstor_sift100m/index/sift100m_R48_bw200_metis (layout=rabitq, vector_data_type=uint8)
allocation size: 13958643712
allocated ALIGNED MEM (no hugepage) at 134031916138560 with buffer size 13958643712
[STATUS]: loading index (8524937344 Bytes) from /data/xjs/index/dvstor_sift100m/index/sift100m_R48_bw200_metis_node2_of5.dat
[STATUS]: register memory and distribute access token
[STATUS]: connect QPs of compute threads
pairing: 44565 -- 12261
pairing: 44573 -- 12262
pairing: 44574 -- 12263
pairing: 44575 -- 12264
pairing: 44576 -- 12281
pairing: 44593 -- 12282
pairing: 44594 -- 12283
pairing: 44595 -- 12284
pairing: 44596 -- 12301
pairing: 44613 -- 12302
pairing: 44614 -- 12303
pairing: 44615 -- 12304
pairing: 44616 -- 12321
pairing: 44632 -- 12322
pairing: 44633 -- 12323
pairing: 44634 -- 12324
[STATUS]: waiting for commands from compute node...
[STATUS]: loading index (8524937344 Bytes) from /data/xjs/index/dvstor_sift100m/index/sift100m_R48_bw200_metis_node2_of5.dat
1 device(s) found
Selected device: ibp86s0
Selected port state: 4, lid: 8
pairing: 44645 -- 44644
pairing: 44647 -- 44649
pairing: 44651 -- 44650
pairing: 44653 -- 44654
pairing: 44655 -- 44662
pairing: 44668 -- 44667
pairing: 44671 -- 44672
pairing: 44675 -- 44677
pairing: 44681 -- 44686
pairing: 44687 -- 44689
pairing: 44690 -- 44688
pairing: 44692 -- 44691
pairing: 44694 -- 44693
pairing: 44696 -- 44695
pairing: 44698 -- 44697
pairing: 44700 -- 44703
[STATUS]: storage-owner peer RDMA QPs per peer: 4
[STATUS]: storage-owner peer QP0 reserved for RPC; data RDMA uses QP1..3
allocated ALIGNED MEM (no hugepage) at 134031542845504 with buffer size 67108864
allocated ALIGNED MEM (no hugepage) at 134031532359744 with buffer size 9979200
[STATUS]: storage-owner peer RPC receive slots per peer: 64 (requested=64)
allocated ALIGNED MEM (no hugepage) at 134031685836864 with buffer size 302080
allocated ALIGNED MEM (no hugepage) at 134031463153728 with buffer size 67108864
allocated ALIGNED MEM (no hugepage) at 134031393947712 with buffer size 67108864
allocated ALIGNED MEM (no hugepage) at 134031324741696 with buffer size 67108864
allocated ALIGNED MEM (no hugepage) at 134031255535680 with buffer size 67108864
allocated ALIGNED MEM (no hugepage) at 134031186329664 with buffer size 67108864
allocated ALIGNED MEM (no hugepage) at 134031117123648 with buffer size 67108864
allocated ALIGNED MEM (no hugepage) at 134031047917632 with buffer size 67108864
allocated ALIGNED MEM (no hugepage) at 134030978711616 with buffer size 67108864
[STATUS]: storage-owner peer reverse-update workers: 8
[STATUS]: storage-owner peer reverse-update tuning: mode=async queue_depth=65536 flush_us=200 coalesce_max=256
[STATUS]: storage-owner peer RDMA read credits per peer: 8 per QP: 8 (requested=8)
[STATUS]: storage-owner online insert tuning: construction_beam=128 snapshot_batch=64 prune_max_candidates=128 update_mode=anchored
[STATUS]: storage-owner coroutine scratch: snapshot_bytes=144 snapshot_stride=192 batch=64 per_coroutine=12736
allocated ALIGNED MEM (no hugepage) at 134030089519168 with buffer size 67108864
allocated ALIGNED MEM (no hugepage) at 134029888192576 with buffer size 67108864
allocated ALIGNED MEM (no hugepage) at 134029818986560 with buffer size 67108864
allocated ALIGNED MEM (no hugepage) at 134029749780544 with buffer size 67108864
allocated ALIGNED MEM (no hugepage) at 134029680574528 with buffer size 67108864
allocated ALIGNED MEM (no hugepage) at 134029611368512 with buffer size 67108864
allocated ALIGNED MEM (no hugepage) at 134029542162496 with buffer size 67108864
allocated ALIGNED MEM (no hugepage) at 134029472956480 with buffer size 67108864
[STATUS]: storage-owner insert runtime enabled on shard 1
