============================================================
                        SERVER
============================================================
num clients:                  1
TCP port:                     1236
IB device:                    <auto>
IB port:                      1
max outstanding CQEs:         64
max send work requests:       4096
max receive work requests:    4096
============================================================
server index file:            "/data/xjs/index/dvstor_sift100m/index/sift100m_R48_bw200_balanced_node3_of5.dat"
============================================================
1 device(s) found
Selected device: ibp86s0
Selected port state: 4, lid: 8
num_cores: 112
physical cores per socket: 28
hyperthreading enabled
interleaved policy
pairing: 42266 -- 11159
[STATUS]: pinned main thread to core 28
[STATUS]: loaded index metadata from /data/xjs/index/dvstor_sift100m/index/sift100m_R48_bw200_balanced (layout=rabitq, vector_data_type=uint8)
allocation size: 13958643712
allocated ALIGNED MEM (no hugepage) at 129204112851008 with buffer size 13958643712
[STATUS]: loading index (8480000128 Bytes) from /data/xjs/index/dvstor_sift100m/index/sift100m_R48_bw200_balanced_node3_of5.dat
[STATUS]: register memory and distribute access token
[STATUS]: connect QPs of compute threads
pairing: 42269 -- 11164
pairing: 42275 -- 11169
pairing: 42281 -- 11174
pairing: 42286 -- 11179
[STATUS]: waiting for commands from compute node...
[STATUS]: loading index (8480000128 Bytes) from /data/xjs/index/dvstor_sift100m/index/sift100m_R48_bw200_balanced_node3_of5.dat
1 device(s) found
Selected device: ibp86s0
Selected port state: 4, lid: 8
pairing: 42292 -- 42297
pairing: 42298 -- 42304
pairing: 42307 -- 42312
pairing: 42315 -- 42320
pairing: 42324 -- 42323
pairing: 42327 -- 42332
pairing: 42333 -- 42337
pairing: 42340 -- 42342
pairing: 42346 -- 42343
pairing: 42347 -- 42348
pairing: 42350 -- 42349
pairing: 42351 -- 42352
pairing: 42355 -- 42353
pairing: 42356 -- 42354
pairing: 42358 -- 42357
pairing: 42360 -- 42361
[STATUS]: storage-owner peer RDMA QPs per peer: 4
[STATUS]: storage-owner peer QP0 reserved for RPC; data RDMA uses QP1..3
allocated ALIGNED MEM (no hugepage) at 129203789889600 with buffer size 67108864
allocated ALIGNED MEM (no hugepage) at 129203779403840 with buffer size 9979200
[STATUS]: storage-owner peer RPC receive slots per peer: 64 (requested=64)
allocated ALIGNED MEM (no hugepage) at 129203920318528 with buffer size 285696
allocated ALIGNED MEM (no hugepage) at 129203710197824 with buffer size 67108864
allocated ALIGNED MEM (no hugepage) at 129203640991808 with buffer size 67108864
allocated ALIGNED MEM (no hugepage) at 129203571785792 with buffer size 67108864
allocated ALIGNED MEM (no hugepage) at 129203502579776 with buffer size 67108864
allocated ALIGNED MEM (no hugepage) at 129203433373760 with buffer size 67108864
allocated ALIGNED MEM (no hugepage) at 129203364167744 with buffer size 67108864
allocated ALIGNED MEM (no hugepage) at 129203294961728 with buffer size 67108864
allocated ALIGNED MEM (no hugepage) at 129203225755712 with buffer size 67108864
[STATUS]: storage-owner peer reverse-update workers: 8
[STATUS]: storage-owner peer reverse-update tuning: mode=async queue_depth=65536 flush_us=200 coalesce_max=256
[STATUS]: storage-owner peer RDMA read credits per peer: 8 per QP: 8 (requested=8)
[STATUS]: storage-owner online insert tuning: construction_beam=128 snapshot_batch=64 prune_max_candidates=128 update_mode=exact
[STATUS]: storage-owner coroutine scratch: snapshot_bytes=144 snapshot_stride=192 batch=64 per_coroutine=12736
allocated ALIGNED MEM (no hugepage) at 129203041206336 with buffer size 67108864
allocated ALIGNED MEM (no hugepage) at 129202076516416 with buffer size 67108864
allocated ALIGNED MEM (no hugepage) at 129202007310400 with buffer size 67108864
allocated ALIGNED MEM (no hugepage) at 129201938104384 with buffer size 67108864
allocated ALIGNED MEM (no hugepage) at 129201868898368 with buffer size 67108864
allocated ALIGNED MEM (no hugepage) at 129201799692352 with buffer size 67108864
allocated ALIGNED MEM (no hugepage) at 129201730486336 with buffer size 67108864
allocated ALIGNED MEM (no hugepage) at 129201661280320 with buffer size 67108864
[STATUS]: storage-owner insert runtime enabled on shard 2
