============================================================
                        SERVER
============================================================
num clients:                  1
TCP port:                     1234
IB device:                    <auto>
IB port:                      1
max outstanding CQEs:         64
max send work requests:       4096
max receive work requests:    4096
============================================================
server index file:            "/data/xjs/index/dvstor_sift100m/index/sift100m_R48_bw200_metis_node1_of5.dat"
============================================================
1 device(s) found
Selected device: ibp86s0
Selected port state: 4, lid: 8
num_cores: 112
physical cores per socket: 28
hyperthreading enabled
interleaved policy
pairing: 48294 -- 14147
[STATUS]: pinned main thread to core 28
[STATUS]: loaded index metadata from /data/xjs/index/dvstor_sift100m/index/sift100m_R48_bw200_metis (layout=rabitq, vector_data_type=uint8)
allocation size: 13958643712
allocated ALIGNED MEM (no hugepage) at 127610736607296 with buffer size 13958643712
[STATUS]: loading index (8674768768 Bytes) from /data/xjs/index/dvstor_sift100m/index/sift100m_R48_bw200_metis_node1_of5.dat
[STATUS]: storage-owner anchors loaded on shard 0: entries=20480 memory=10652160 bytes
[STATUS]: register memory and distribute access token
[STATUS]: connect QPs of compute threads
pairing: 48299 -- 14152
pairing: 48304 -- 14153
pairing: 48305 -- 14154
pairing: 48306 -- 14155
pairing: 48307 -- 14172
pairing: 48324 -- 14173
pairing: 48325 -- 14174
pairing: 48326 -- 14175
pairing: 48327 -- 14192
pairing: 48344 -- 14193
pairing: 48345 -- 14194
pairing: 48346 -- 14195
pairing: 48348 -- 14212
pairing: 48364 -- 14213
pairing: 48365 -- 14214
pairing: 48366 -- 14215
[STATUS]: waiting for commands from compute node...
[STATUS]: loading index (8674768768 Bytes) from /data/xjs/index/dvstor_sift100m/index/sift100m_R48_bw200_metis_node1_of5.dat
1 device(s) found
Selected device: ibp86s0
Selected port state: 4, lid: 8
pairing: 48381 -- 48379
pairing: 48382 -- 48380
pairing: 48385 -- 48383
pairing: 48386 -- 48384
pairing: 48388 -- 48387
pairing: 48391 -- 48389
pairing: 48393 -- 48390
pairing: 48395 -- 48392
pairing: 48396 -- 48400
pairing: 48405 -- 48401
pairing: 48407 -- 48404
pairing: 48410 -- 48406
pairing: 48414 -- 48411
pairing: 48416 -- 48415
pairing: 48419 -- 48417
pairing: 48420 -- 48418
[STATUS]: storage-owner peer RDMA QPs per peer: 4
[STATUS]: storage-owner peer QP0 reserved for RPC; data RDMA uses QP1..3
allocated ALIGNED MEM (no hugepage) at 127610342342720 with buffer size 67108864
allocated ALIGNED MEM (no hugepage) at 127610331856960 with buffer size 9979200
[STATUS]: storage-owner peer RPC receive slots per peer: 64 (requested=64)
allocated ALIGNED MEM (no hugepage) at 127610506977344 with buffer size 302080
allocated ALIGNED MEM (no hugepage) at 127610262650944 with buffer size 67108864
allocated ALIGNED MEM (no hugepage) at 127610193444928 with buffer size 67108864
allocated ALIGNED MEM (no hugepage) at 127610124238912 with buffer size 67108864
allocated ALIGNED MEM (no hugepage) at 127610055032896 with buffer size 67108864
allocated ALIGNED MEM (no hugepage) at 127609985826880 with buffer size 67108864
allocated ALIGNED MEM (no hugepage) at 127609916620864 with buffer size 67108864
allocated ALIGNED MEM (no hugepage) at 127609847414848 with buffer size 67108864
allocated ALIGNED MEM (no hugepage) at 127609778208832 with buffer size 67108864
allocated ALIGNED MEM (no hugepage) at 127609709002816 with buffer size 67108864
allocated ALIGNED MEM (no hugepage) at 127609639796800 with buffer size 67108864
allocated ALIGNED MEM (no hugepage) at 127609570590784 with buffer size 67108864
allocated ALIGNED MEM (no hugepage) at 127609501384768 with buffer size 67108864
allocated ALIGNED MEM (no hugepage) at 127609432178752 with buffer size 67108864
allocated ALIGNED MEM (no hugepage) at 127609362972736 with buffer size 67108864
allocated ALIGNED MEM (no hugepage) at 127609293766720 with buffer size 67108864
allocated ALIGNED MEM (no hugepage) at 127609224560704 with buffer size 67108864
[STATUS]: storage-owner peer reverse-update workers: 8
[STATUS]: storage-owner peer stitch-search workers: 8
[STATUS]: storage-owner peer reverse-update tuning: mode=async queue_depth=65536 flush_us=200 coalesce_max=256
allocated ALIGNED MEM (no hugepage) at 127608956125248 with buffer size 67108864
allocated ALIGNED MEM (no hugepage) at 127607972560960 with buffer size 67108864
allocated ALIGNED MEM (no hugepage) at 127607903354944 with buffer size 67108864
allocated ALIGNED MEM (no hugepage) at 127607834148928 with buffer size 67108864
allocated ALIGNED MEM (no hugepage) at 127607764942912 with buffer size 67108864
allocated ALIGNED MEM (no hugepage) at 127607695736896 with buffer size 67108864
allocated ALIGNED MEM (no hugepage) at 127607626530880 with buffer size 67108864
allocated ALIGNED MEM (no hugepage) at 127607557324864 with buffer size 67108864
[STATUS]: storage-owner maintenance workers: 8 (configured=8, resource_gated_parallel_stitching=true)
[STATUS]: storage-owner maintenance tuning: mode=finalize local_stitch=true compaction_batch_target=32 compaction_max_delay_ms=3000 compaction_pace_slot_ms=80
[STATUS]: storage-owner peer RDMA read credits per peer: 8 per QP: 8 (requested=8)
[STATUS]: storage-owner online insert tuning: construction_beam=128 snapshot_batch=64 prune_max_candidates=128 update_mode=local_stitch
[STATUS]: storage-owner coroutine scratch: snapshot_bytes=144 snapshot_stride=192 batch=64 per_coroutine=12736
allocated ALIGNED MEM (no hugepage) at 127607488118848 with buffer size 67108864
allocated ALIGNED MEM (no hugepage) at 127607418912832 with buffer size 67108864
allocated ALIGNED MEM (no hugepage) at 127607349706816 with buffer size 67108864
allocated ALIGNED MEM (no hugepage) at 127607280500800 with buffer size 67108864
allocated ALIGNED MEM (no hugepage) at 127607211294784 with buffer size 67108864
allocated ALIGNED MEM (no hugepage) at 127607142088768 with buffer size 67108864
allocated ALIGNED MEM (no hugepage) at 127607072882752 with buffer size 67108864
allocated ALIGNED MEM (no hugepage) at 127607003676736 with buffer size 67108864
[STATUS]: storage-owner insert runtime enabled on shard 0
[STATUS]: storage-owner maintenance observation: enqueued=3 stitch_enqueued=2 cleanup_enqueued=1 stitch_tasks_done=0 stitched_live=0 cleanup_processed=0 stale=0 stitch_completion_ratio=0.000000 live_stitch_completion_ratio=0.000000 avg_stitch_delay_ms=0.000000 max_stitch_delay_ms=0.000000 compaction_batch_target=32 compaction_max_delay_ms=3000 compaction_pace_slot_ms=80 stitch_rate_per_sec=0.000000 failed=0 max_backlog=3 pressure_yields=0 external_search_requests=0 external_candidates=0 stitch_batches=0 avg_stitch_batch_size=0.000000 peer_stitch_enqueued=0 peer_stitch_processed=0 peer_stitch_items=0 peer_stitch_rate_per_sec=0.000000 peer_stitch_max_queue=0 stitch_remaining=2 cleanup_remaining=1 remaining=3
[STATUS]: storage-owner maintenance observation: enqueued=555 stitch_enqueued=373 cleanup_enqueued=182 stitch_tasks_done=320 stitched_live=320 cleanup_processed=182 stale=0 stitch_completion_ratio=0.857909 live_stitch_completion_ratio=0.857909 avg_stitch_delay_ms=1095.458627 max_stitch_delay_ms=1583.372490 compaction_batch_target=32 compaction_max_delay_ms=3000 compaction_pace_slot_ms=80 stitch_rate_per_sec=22.242293 failed=0 max_backlog=46 pressure_yields=6 external_search_requests=40 external_candidates=61225 stitch_batches=11 avg_stitch_batch_size=32.000000 peer_stitch_enqueued=41 peer_stitch_processed=38 peer_stitch_items=1216 peer_stitch_rate_per_sec=84.520713 peer_stitch_max_queue=4 stitch_remaining=21 cleanup_remaining=0 remaining=21
[STATUS]: storage-owner maintenance observation: enqueued=1094 stitch_enqueued=729 cleanup_enqueued=364 stitch_tasks_done=640 stitched_live=640 cleanup_processed=364 stale=0 stitch_completion_ratio=0.877915 live_stitch_completion_ratio=0.877915 avg_stitch_delay_ms=1186.888079 max_stitch_delay_ms=2106.430138 compaction_batch_target=32 compaction_max_delay_ms=3000 compaction_pace_slot_ms=80 stitch_rate_per_sec=33.006466 failed=0 max_backlog=46 pressure_yields=7 external_search_requests=86 external_candidates=131533 stitch_batches=22 avg_stitch_batch_size=32.000000 peer_stitch_enqueued=78 peer_stitch_processed=76 peer_stitch_items=2432 peer_stitch_rate_per_sec=125.424569 peer_stitch_max_queue=4 stitch_remaining=25 cleanup_remaining=1 remaining=26
[STATUS]: storage-owner maintenance observation: enqueued=1583 stitch_enqueued=1060 cleanup_enqueued=523 stitch_tasks_done=960 stitched_live=960 cleanup_processed=522 stale=0 stitch_completion_ratio=0.905660 live_stitch_completion_ratio=0.905660 avg_stitch_delay_ms=1206.162069 max_stitch_delay_ms=2106.430138 compaction_batch_target=32 compaction_max_delay_ms=3000 compaction_pace_slot_ms=80 stitch_rate_per_sec=39.336283 failed=0 max_backlog=47 pressure_yields=10 external_search_requests=128 external_candidates=195477 stitch_batches=33 avg_stitch_batch_size=32.000000 peer_stitch_enqueued=120 peer_stitch_processed=117 peer_stitch_items=3744 peer_stitch_rate_per_sec=153.411502 peer_stitch_max_queue=4 stitch_remaining=4 cleanup_remaining=1 remaining=5
[STATUS]: storage-owner maintenance observation: enqueued=1994 stitch_enqueued=1334 cleanup_enqueued=660 stitch_tasks_done=1312 stitched_live=1312 cleanup_processed=660 stale=0 stitch_completion_ratio=0.983508 live_stitch_completion_ratio=0.983508 avg_stitch_delay_ms=1196.999260 max_stitch_delay_ms=2106.430138 compaction_batch_target=32 compaction_max_delay_ms=3000 compaction_pace_slot_ms=80 stitch_rate_per_sec=44.537734 failed=0 max_backlog=47 pressure_yields=11 external_search_requests=164 external_candidates=250394 stitch_batches=41 avg_stitch_batch_size=32.000000 peer_stitch_enqueued=157 peer_stitch_processed=157 peer_stitch_items=5024 peer_stitch_rate_per_sec=170.546933 peer_stitch_max_queue=4 stitch_remaining=22 cleanup_remaining=0 remaining=22
[STATUS]: storage-owner maintenance observation: enqueued=2063 stitch_enqueued=1375 cleanup_enqueued=684 stitch_tasks_done=1334 stitched_live=1334 cleanup_processed=682 stale=0 stitch_completion_ratio=0.970182 live_stitch_completion_ratio=0.970182 avg_stitch_delay_ms=1227.495025 max_stitch_delay_ms=3198.327889 compaction_batch_target=32 compaction_max_delay_ms=3000 compaction_pace_slot_ms=80 stitch_rate_per_sec=38.709708 failed=0 max_backlog=47 pressure_yields=12 external_search_requests=168 external_candidates=254618 stitch_batches=43 avg_stitch_batch_size=31.767442 peer_stitch_enqueued=162 peer_stitch_processed=161 peer_stitch_items=5106 peer_stitch_rate_per_sec=148.164745 peer_stitch_max_queue=4 stitch_remaining=13 cleanup_remaining=1 remaining=14
[STATUS]: storage-owner maintenance observation: enqueued=2616 stitch_enqueued=1765 cleanup_enqueued=850 stitch_tasks_done=1686 stitched_live=1686 cleanup_processed=849 stale=0 stitch_completion_ratio=0.955241 live_stitch_completion_ratio=0.955241 avg_stitch_delay_ms=1240.477257 max_stitch_delay_ms=3198.327889 compaction_batch_target=32 compaction_max_delay_ms=3000 compaction_pace_slot_ms=80 stitch_rate_per_sec=42.681208 failed=0 max_backlog=55 pressure_yields=17 external_search_requests=216 external_candidates=327882 stitch_batches=55 avg_stitch_batch_size=31.818182 peer_stitch_enqueued=201 peer_stitch_processed=198 peer_stitch_items=6290 peer_stitch_rate_per_sec=159.231789 peer_stitch_max_queue=4 stitch_remaining=16 cleanup_remaining=1 remaining=17
[STATUS]: storage-owner maintenance observation: enqueued=3140 stitch_enqueued=2121 cleanup_enqueued=1018 stitch_tasks_done=2038 stitched_live=2038 cleanup_processed=1017 stale=0 stitch_completion_ratio=0.960868 live_stitch_completion_ratio=0.960868 avg_stitch_delay_ms=1232.744460 max_stitch_delay_ms=3198.327889 compaction_batch_target=32 compaction_max_delay_ms=3000 compaction_pace_slot_ms=80 stitch_rate_per_sec=45.786727 failed=0 max_backlog=55 pressure_yields=21 external_search_requests=260 external_candidates=394968 stitch_batches=66 avg_stitch_batch_size=31.848485 peer_stitch_enqueued=241 peer_stitch_processed=238 peer_stitch_items=7570 peer_stitch_rate_per_sec=170.071406 peer_stitch_max_queue=4 stitch_remaining=19 cleanup_remaining=1 remaining=20
[STATUS]: storage-owner maintenance observation: enqueued=3619 stitch_enqueued=2453 cleanup_enqueued=1165 stitch_tasks_done=2390 stitched_live=2390 cleanup_processed=1165 stale=0 stitch_completion_ratio=0.974317 live_stitch_completion_ratio=0.974317 avg_stitch_delay_ms=1240.598690 max_stitch_delay_ms=3198.327889 compaction_batch_target=32 compaction_max_delay_ms=3000 compaction_pace_slot_ms=80 stitch_rate_per_sec=48.270261 failed=0 max_backlog=55 pressure_yields=23 external_search_requests=304 external_candidates=462264 stitch_batches=76 avg_stitch_batch_size=31.868421 peer_stitch_enqueued=281 peer_stitch_processed=278 peer_stitch_items=8850 peer_stitch_rate_per_sec=178.741342 peer_stitch_max_queue=4 stitch_remaining=31 cleanup_remaining=1 remaining=32
[STATUS]: storage-owner maintenance observation: enqueued=4117 stitch_enqueued=2776 cleanup_enqueued=1341 stitch_tasks_done=2710 stitched_live=2710 cleanup_processed=1340 stale=0 stitch_completion_ratio=0.976225 live_stitch_completion_ratio=0.976225 avg_stitch_delay_ms=1242.966844 max_stitch_delay_ms=3198.327889 compaction_batch_target=32 compaction_max_delay_ms=3000 compaction_pace_slot_ms=80 stitch_rate_per_sec=49.707912 failed=0 max_backlog=55 pressure_yields=29 external_search_requests=343 external_candidates=521667 stitch_batches=87 avg_stitch_batch_size=31.885057 peer_stitch_enqueued=318 peer_stitch_processed=317 peer_stitch_items=10098 peer_stitch_rate_per_sec=185.221586 peer_stitch_max_queue=4 stitch_remaining=2 cleanup_remaining=1 remaining=3
[STATUS]: storage-owner maintenance observation: enqueued=4603 stitch_enqueued=3094 cleanup_enqueued=1508 stitch_tasks_done=2998 stitched_live=2998 cleanup_processed=1507 stale=0 stitch_completion_ratio=0.968972 live_stitch_completion_ratio=0.968972 avg_stitch_delay_ms=1242.364435 max_stitch_delay_ms=3198.327889 compaction_batch_target=32 compaction_max_delay_ms=3000 compaction_pace_slot_ms=80 stitch_rate_per_sec=50.310493 failed=0 max_backlog=55 pressure_yields=33 external_search_requests=381 external_candidates=579896 stitch_batches=96 avg_stitch_batch_size=31.895833 peer_stitch_enqueued=360 peer_stitch_processed=358 peer_stitch_items=11410 peer_stitch_rate_per_sec=191.475225 peer_stitch_max_queue=4 stitch_remaining=32 cleanup_remaining=1 remaining=33
[STATUS]: storage-owner maintenance observation: enqueued=5145 stitch_enqueued=3420 cleanup_enqueued=1724 stitch_tasks_done=3318 stitched_live=3318 cleanup_processed=1723 stale=0 stitch_completion_ratio=0.970175 live_stitch_completion_ratio=0.970175 avg_stitch_delay_ms=1255.430831 max_stitch_delay_ms=3198.327889 compaction_batch_target=32 compaction_max_delay_ms=3000 compaction_pace_slot_ms=80 stitch_rate_per_sec=51.365263 failed=0 max_backlog=55 pressure_yields=40 external_search_requests=420 external_candidates=639559 stitch_batches=106 avg_stitch_batch_size=31.905660 peer_stitch_enqueued=400 peer_stitch_processed=397 peer_stitch_items=12658 peer_stitch_rate_per_sec=195.955847 peer_stitch_max_queue=4 stitch_remaining=38 cleanup_remaining=1 remaining=39
[STATUS]: storage-owner maintenance observation: enqueued=5593 stitch_enqueued=3704 cleanup_enqueued=1887 stitch_tasks_done=3638 stitched_live=3638 cleanup_processed=1885 stale=0 stitch_completion_ratio=0.982181 live_stitch_completion_ratio=0.982181 avg_stitch_delay_ms=1250.182026 max_stitch_delay_ms=3198.327889 compaction_batch_target=32 compaction_max_delay_ms=3000 compaction_pace_slot_ms=80 stitch_rate_per_sec=52.269260 failed=0 max_backlog=55 pressure_yields=43 external_search_requests=460 external_candidates=700344 stitch_batches=116 avg_stitch_batch_size=31.913793 peer_stitch_enqueued=439 peer_stitch_processed=438 peer_stitch_items=13970 peer_stitch_rate_per_sec=200.715107 peer_stitch_max_queue=4 stitch_remaining=4 cleanup_remaining=1 remaining=5
[STATUS]: storage-owner maintenance observation: enqueued=6177 stitch_enqueued=4083 cleanup_enqueued=2094 stitch_tasks_done=3990 stitched_live=3990 cleanup_processed=2093 stale=0 stitch_completion_ratio=0.977223 live_stitch_completion_ratio=0.977223 avg_stitch_delay_ms=1248.321572 max_stitch_delay_ms=3198.327889 compaction_batch_target=32 compaction_max_delay_ms=3000 compaction_pace_slot_ms=80 stitch_rate_per_sec=53.476179 failed=0 max_backlog=70 pressure_yields=47 external_search_requests=508 external_candidates=773661 stitch_batches=127 avg_stitch_batch_size=31.921260 peer_stitch_enqueued=478 peer_stitch_processed=474 peer_stitch_items=15122 peer_stitch_rate_per_sec=202.673380 peer_stitch_max_queue=4 stitch_remaining=29 cleanup_remaining=1 remaining=30
[STATUS]: storage-owner maintenance observation: enqueued=6663 stitch_enqueued=4408 cleanup_enqueued=2255 stitch_tasks_done=4342 stitched_live=4342 cleanup_processed=2253 stale=0 stitch_completion_ratio=0.985027 live_stitch_completion_ratio=0.985027 avg_stitch_delay_ms=1243.058250 max_stitch_delay_ms=3198.327889 compaction_batch_target=32 compaction_max_delay_ms=3000 compaction_pace_slot_ms=80 stitch_rate_per_sec=54.535670 failed=0 max_backlog=70 pressure_yields=49 external_search_requests=548 external_candidates=834949 stitch_batches=138 avg_stitch_batch_size=31.927536 peer_stitch_enqueued=514 peer_stitch_processed=513 peer_stitch_items=16370 peer_stitch_rate_per_sec=205.607767 peer_stitch_max_queue=4 stitch_remaining=2 cleanup_remaining=1 remaining=3
[STATUS]: storage-owner maintenance observation: enqueued=7169 stitch_enqueued=4743 cleanup_enqueued=2426 stitch_tasks_done=4694 stitched_live=4694 cleanup_processed=2425 stale=0 stitch_completion_ratio=0.989669 live_stitch_completion_ratio=0.989669 avg_stitch_delay_ms=1240.957341 max_stitch_delay_ms=3198.327889 compaction_batch_target=32 compaction_max_delay_ms=3000 compaction_pace_slot_ms=80 stitch_rate_per_sec=55.441559 failed=0 max_backlog=70 pressure_yields=54 external_search_requests=592 external_candidates=902295 stitch_batches=148 avg_stitch_batch_size=31.932432 peer_stitch_enqueued=549 peer_stitch_processed=547 peer_stitch_items=17458 peer_stitch_rate_per_sec=206.199134 peer_stitch_max_queue=4 stitch_remaining=17 cleanup_remaining=1 remaining=18
[STATUS]: storage-owner maintenance observation: enqueued=7677 stitch_enqueued=5076 cleanup_enqueued=2600 stitch_tasks_done=4982 stitched_live=4982 cleanup_processed=2599 stale=0 stitch_completion_ratio=0.981481 live_stitch_completion_ratio=0.981481 avg_stitch_delay_ms=1238.666677 max_stitch_delay_ms=3198.327889 compaction_batch_target=32 compaction_max_delay_ms=3000 compaction_pace_slot_ms=80 stitch_rate_per_sec=55.556926 failed=0 max_backlog=70 pressure_yields=60 external_search_requests=632 external_candidates=963508 stitch_batches=158 avg_stitch_batch_size=31.936709 peer_stitch_enqueued=587 peer_stitch_processed=583 peer_stitch_items=18610 peer_stitch_rate_per_sec=207.529987 peer_stitch_max_queue=4 stitch_remaining=30 cleanup_remaining=1 remaining=31
[STATUS]: storage-owner maintenance observation: enqueued=8206 stitch_enqueued=5412 cleanup_enqueued=2794 stitch_tasks_done=5334 stitched_live=5334 cleanup_processed=2792 stale=0 stitch_completion_ratio=0.985588 live_stitch_completion_ratio=0.985588 avg_stitch_delay_ms=1233.144830 max_stitch_delay_ms=3198.327889 compaction_batch_target=32 compaction_max_delay_ms=3000 compaction_pace_slot_ms=80 stitch_rate_per_sec=56.314579 failed=0 max_backlog=70 pressure_yields=67 external_search_requests=672 external_candidates=1024781 stitch_batches=169 avg_stitch_batch_size=31.940828 peer_stitch_enqueued=621 peer_stitch_processed=619 peer_stitch_items=19762 peer_stitch_rate_per_sec=208.640555 peer_stitch_max_queue=4 stitch_remaining=14 cleanup_remaining=1 remaining=15
[STATUS]: storage-owner maintenance observation: enqueued=8752 stitch_enqueued=5781 cleanup_enqueued=2970 stitch_tasks_done=5686 stitched_live=5686 cleanup_processed=2969 stale=0 stitch_completion_ratio=0.983567 live_stitch_completion_ratio=0.983567 avg_stitch_delay_ms=1223.314521 max_stitch_delay_ms=3198.327889 compaction_batch_target=32 compaction_max_delay_ms=3000 compaction_pace_slot_ms=80 stitch_rate_per_sec=56.990675 failed=0 max_backlog=70 pressure_yields=69 external_search_requests=714 external_candidates=1089130 stitch_batches=180 avg_stitch_batch_size=31.944444 peer_stitch_enqueued=659 peer_stitch_processed=656 peer_stitch_items=20946 peer_stitch_rate_per_sec=209.941379 peer_stitch_max_queue=4 stitch_remaining=32 cleanup_remaining=1 remaining=33
[STATUS]: storage-owner maintenance observation: enqueued=9287 stitch_enqueued=6130 cleanup_enqueued=3156 stitch_tasks_done=6038 stitched_live=6038 cleanup_processed=3156 stale=0 stitch_completion_ratio=0.984992 live_stitch_completion_ratio=0.984992 avg_stitch_delay_ms=1226.539020 max_stitch_delay_ms=3198.327889 compaction_batch_target=32 compaction_max_delay_ms=3000 compaction_pace_slot_ms=80 stitch_rate_per_sec=57.617933 failed=0 max_backlog=70 pressure_yields=74 external_search_requests=761 external_candidates=1161225 stitch_batches=191 avg_stitch_batch_size=31.947644 peer_stitch_enqueued=698 peer_stitch_processed=694 peer_stitch_items=22162 peer_stitch_rate_per_sec=211.482054 peer_stitch_max_queue=4 stitch_remaining=28 cleanup_remaining=1 remaining=29
[STATUS]: storage-owner maintenance observation: enqueued=9793 stitch_enqueued=6458 cleanup_enqueued=3335 stitch_tasks_done=6358 stitched_live=6358 cleanup_processed=3333 stale=0 stitch_completion_ratio=0.984515 live_stitch_completion_ratio=0.984515 avg_stitch_delay_ms=1224.847622 max_stitch_delay_ms=3198.327889 compaction_batch_target=32 compaction_max_delay_ms=3000 compaction_pace_slot_ms=80 stitch_rate_per_sec=57.864177 failed=0 max_backlog=70 pressure_yields=76 external_search_requests=800 external_candidates=1221017 stitch_batches=202 avg_stitch_batch_size=31.950495 peer_stitch_enqueued=737 peer_stitch_processed=734 peer_stitch_items=23442 peer_stitch_rate_per_sec=213.345712 peer_stitch_max_queue=4 stitch_remaining=4 cleanup_remaining=1 remaining=5
[STATUS]: storage-owner maintenance observation: enqueued=10259 stitch_enqueued=6766 cleanup_enqueued=3493 stitch_tasks_done=6710 stitched_live=6710 cleanup_processed=3491 stale=0 stitch_completion_ratio=0.991723 live_stitch_completion_ratio=0.991723 avg_stitch_delay_ms=1226.839035 max_stitch_delay_ms=3198.327889 compaction_batch_target=32 compaction_max_delay_ms=3000 compaction_pace_slot_ms=80 stitch_rate_per_sec=58.392332 failed=0 max_backlog=70 pressure_yields=82 external_search_requests=844 external_candidates=1288496 stitch_batches=211 avg_stitch_batch_size=31.952607 peer_stitch_enqueued=778 peer_stitch_processed=777 peer_stitch_items=24818 peer_stitch_rate_per_sec=215.973306 peer_stitch_max_queue=4 stitch_remaining=24 cleanup_remaining=1 remaining=25
[STATUS]: storage-owner maintenance observation: enqueued=10722 stitch_enqueued=7059 cleanup_enqueued=3663 stitch_tasks_done=6966 stitched_live=6966 cleanup_processed=3662 stale=0 stitch_completion_ratio=0.986825 live_stitch_completion_ratio=0.986825 avg_stitch_delay_ms=1226.607525 max_stitch_delay_ms=3198.327889 compaction_batch_target=32 compaction_max_delay_ms=3000 compaction_pace_slot_ms=80 stitch_rate_per_sec=58.060644 failed=0 max_backlog=70 pressure_yields=85 external_search_requests=880 external_candidates=1343764 stitch_batches=220 avg_stitch_batch_size=31.954545 peer_stitch_enqueued=821 peer_stitch_processed=818 peer_stitch_items=26130 peer_stitch_rate_per_sec=217.789927 peer_stitch_max_queue=5 stitch_remaining=29 cleanup_remaining=1 remaining=30
[STATUS]: storage-owner maintenance observation: enqueued=11183 stitch_enqueued=7358 cleanup_enqueued=3821 stitch_tasks_done=7286 stitched_live=7286 cleanup_processed=3820 stale=0 stitch_completion_ratio=0.990215 live_stitch_completion_ratio=0.990215 avg_stitch_delay_ms=1229.202183 max_stitch_delay_ms=3198.327889 compaction_batch_target=32 compaction_max_delay_ms=3000 compaction_pace_slot_ms=80 stitch_rate_per_sec=58.295124 failed=0 max_backlog=70 pressure_yields=88 external_search_requests=916 external_candidates=1399016 stitch_batches=230 avg_stitch_batch_size=31.956522 peer_stitch_enqueued=862 peer_stitch_processed=859 peer_stitch_items=27442 peer_stitch_rate_per_sec=219.562830 peer_stitch_max_queue=5 stitch_remaining=11 cleanup_remaining=1 remaining=12
[STATUS]: storage-owner maintenance observation: enqueued=11636 stitch_enqueued=7642 cleanup_enqueued=3994 stitch_tasks_done=7574 stitched_live=7574 cleanup_processed=3993 stale=0 stitch_completion_ratio=0.991102 live_stitch_completion_ratio=0.991102 avg_stitch_delay_ms=1230.397581 max_stitch_delay_ms=3198.327889 compaction_batch_target=32 compaction_max_delay_ms=3000 compaction_pace_slot_ms=80 stitch_rate_per_sec=58.256997 failed=0 max_backlog=70 pressure_yields=95 external_search_requests=952 external_candidates=1454256 stitch_batches=239 avg_stitch_batch_size=31.958159 peer_stitch_enqueued=903 peer_stitch_processed=900 peer_stitch_items=28754 peer_stitch_rate_per_sec=221.167374 peer_stitch_max_queue=5 stitch_remaining=4 cleanup_remaining=1 remaining=5
[STATUS]: storage-owner maintenance observation: enqueued=12126 stitch_enqueued=7952 cleanup_enqueued=4172 stitch_tasks_done=7862 stitched_live=7862 cleanup_processed=4171 stale=0 stitch_completion_ratio=0.988682 live_stitch_completion_ratio=0.988682 avg_stitch_delay_ms=1230.436564 max_stitch_delay_ms=3198.327889 compaction_batch_target=32 compaction_max_delay_ms=3000 compaction_pace_slot_ms=80 stitch_rate_per_sec=58.230082 failed=0 max_backlog=70 pressure_yields=96 external_search_requests=992 external_candidates=1515637 stitch_batches=248 avg_stitch_batch_size=31.959677 peer_stitch_enqueued=940 peer_stitch_processed=938 peer_stitch_items=29970 peer_stitch_rate_per_sec=221.973487 peer_stitch_max_queue=5 stitch_remaining=28 cleanup_remaining=1 remaining=29
[STATUS]: storage-owner maintenance observation: enqueued=12574 stitch_enqueued=8247 cleanup_enqueued=4326 stitch_tasks_done=8182 stitched_live=8182 cleanup_processed=4326 stale=0 stitch_completion_ratio=0.992118 live_stitch_completion_ratio=0.992118 avg_stitch_delay_ms=1232.695549 max_stitch_delay_ms=3198.327889 compaction_batch_target=32 compaction_max_delay_ms=3000 compaction_pace_slot_ms=80 stitch_rate_per_sec=58.434763 failed=0 max_backlog=70 pressure_yields=97 external_search_requests=1026 external_candidates=1567829 stitch_batches=257 avg_stitch_batch_size=31.961089 peer_stitch_enqueued=976 peer_stitch_processed=973 peer_stitch_items=31090 peer_stitch_rate_per_sec=222.040671 peer_stitch_max_queue=5 stitch_remaining=34 cleanup_remaining=0 remaining=34
[STATUS]: storage-owner maintenance observation: enqueued=13083 stitch_enqueued=8580 cleanup_enqueued=4502 stitch_tasks_done=8502 stitched_live=8502 cleanup_processed=4502 stale=0 stitch_completion_ratio=0.990909 live_stitch_completion_ratio=0.990909 avg_stitch_delay_ms=1230.889051 max_stitch_delay_ms=3198.327889 compaction_batch_target=32 compaction_max_delay_ms=3000 compaction_pace_slot_ms=80 stitch_rate_per_sec=58.553204 failed=0 max_backlog=70 pressure_yields=97 external_search_requests=1068 external_candidates=1632305 stitch_batches=268 avg_stitch_batch_size=31.962687 peer_stitch_enqueued=1015 peer_stitch_processed=1012 peer_stitch_items=32338 peer_stitch_rate_per_sec=222.711539 peer_stitch_max_queue=5 stitch_remaining=14 cleanup_remaining=1 remaining=15
[STATUS]: storage-owner maintenance observation: enqueued=13575 stitch_enqueued=8913 cleanup_enqueued=4661 stitch_tasks_done=8854 stitched_live=8854 cleanup_processed=4661 stale=0 stitch_completion_ratio=0.993380 live_stitch_completion_ratio=0.993380 avg_stitch_delay_ms=1228.871092 max_stitch_delay_ms=3198.327889 compaction_batch_target=32 compaction_max_delay_ms=3000 compaction_pace_slot_ms=80 stitch_rate_per_sec=58.939854 failed=0 max_backlog=70 pressure_yields=99 external_search_requests=1110 external_candidates=1696774 stitch_batches=278 avg_stitch_batch_size=31.964029 peer_stitch_enqueued=1054 peer_stitch_processed=1050 peer_stitch_items=33554 peer_stitch_rate_per_sec=223.364341 peer_stitch_max_queue=5 stitch_remaining=27 cleanup_remaining=1 remaining=28
[STATUS]: storage-owner maintenance observation: enqueued=13969 stitch_enqueued=9165 cleanup_enqueued=4804 stitch_tasks_done=9142 stitched_live=9142 cleanup_processed=4804 stale=0 stitch_completion_ratio=0.997490 live_stitch_completion_ratio=0.997490 avg_stitch_delay_ms=1226.045154 max_stitch_delay_ms=3198.327889 compaction_batch_target=32 compaction_max_delay_ms=3000 compaction_pace_slot_ms=80 stitch_rate_per_sec=58.571149 failed=0 max_backlog=70 pressure_yields=103 external_search_requests=1144 external_candidates=1748976 stitch_batches=286 avg_stitch_batch_size=31.965035 peer_stitch_enqueued=1085 peer_stitch_processed=1085 peer_stitch_items=34674 peer_stitch_rate_per_sec=222.150078 peer_stitch_max_queue=5 stitch_remaining=23 cleanup_remaining=0 remaining=23
