============================================================
                        SERVER
============================================================
num clients:                  1
TCP port:                     1236
IB device:                    <auto>
IB port:                      1
max outstanding CQEs:         64
max send work requests:       4096
max receive work requests:    4096
============================================================
index prefix:                     "/data/xjs/index/dvstor_sift100m/index/sift100m_R96_bw128_metis_pmd32_pq32_schema16"
storage shard:                    "/data/xjs/index/dvstor_sift100m/index/sift100m_R96_bw128_metis_pmd32_pq32_schema16_node3_of5.dat"
storage id:                       2
base vectors:                     100000000
vector ID namespace [0,N):        4294967295
registered memory GiB:            24
====================================================================
1 device(s) found
Selected device: ibp86s0
Selected port state: 4, lid: 8
interleaved policy
num_cores: 112
physical cores per socket: 28
hyperthreading enabled
local process CPU partition: rank 2/5 logical_cpus=22
pairing: 3218 -- 1021
[STATUS]: loaded index metadata from /data/xjs/index/dvstor_sift100m/index/sift100m_R96_bw128_metis_pmd32_pq32_schema16 (layout=plain, vector_data_type=uint8)
[STATUS]: storage-owner stage2 candidate width L=128 per shard
allocation size: 25769803776
allocated ALIGNED MEM (no hugepage) at 125992926445632 with buffer size 25769803776
[STATUS]: loading index (19261201856 Bytes) from /data/xjs/index/dvstor_sift100m/index/sift100m_R96_bw128_metis_pmd32_pq32_schema16_node3_of5.dat
[STATUS]: loaded GPU PQ codes (621329088 Bytes) at remote offset 19261205952
[STATUS]: storage-owner idmap loaded entries=20000000 format=owner_sharded_v2_bound immutable_base=true dynamic_shards=256 dynamic_reserved=65536
[STATUS]: compensated physical centroid restored on shard 2: vectors=19416534 entries=4
[STATUS]: register memory and distribute access token
[STATUS]: connect QPs of compute threads
[STATUS]: reserving 64 GPU/bootstrap QPs per compute node
pairing: 3222 -- 1026
pairing: 3228 -- 1031
pairing: 3233 -- 1036
pairing: 3238 -- 1041
pairing: 3243 -- 1046
pairing: 3248 -- 1051
pairing: 3253 -- 1056
pairing: 3258 -- 1061
pairing: 3263 -- 1066
pairing: 3268 -- 1071
pairing: 3273 -- 1076
pairing: 3278 -- 1081
pairing: 3283 -- 1086
pairing: 3288 -- 1091
pairing: 3293 -- 1096
pairing: 3298 -- 1101
pairing: 3303 -- 1106
pairing: 3308 -- 1111
pairing: 3313 -- 1116
pairing: 3318 -- 1121
pairing: 3323 -- 1126
pairing: 3328 -- 1131
pairing: 3333 -- 1136
pairing: 3338 -- 1141
pairing: 3343 -- 1146
pairing: 3348 -- 1151
pairing: 3353 -- 1156
pairing: 3358 -- 1161
pairing: 3363 -- 1166
pairing: 3368 -- 1171
pairing: 3373 -- 1176
pairing: 3378 -- 1181
pairing: 3383 -- 1248
pairing: 3448 -- 1249
pairing: 3449 -- 1250
pairing: 3450 -- 1251
pairing: 3451 -- 1252
pairing: 3452 -- 1253
pairing: 3453 -- 1254
pairing: 3454 -- 1255
pairing: 3455 -- 1256
pairing: 3456 -- 1257
pairing: 3457 -- 1258
pairing: 3458 -- 1259
pairing: 3459 -- 1260
pairing: 3460 -- 1261
pairing: 3461 -- 1262
pairing: 3462 -- 1263
pairing: 3463 -- 1264
pairing: 3464 -- 1265
pairing: 3465 -- 1266
pairing: 3466 -- 1267
pairing: 3467 -- 1268
pairing: 3468 -- 1269
pairing: 3469 -- 1270
pairing: 3470 -- 1271
pairing: 3471 -- 1272
pairing: 3472 -- 1273
pairing: 3473 -- 1274
pairing: 3474 -- 1275
pairing: 3475 -- 1276
pairing: 3476 -- 1277
pairing: 3477 -- 1278
pairing: 3478 -- 1279
[STATUS]: waiting for compute-node startup barrier
1 device(s) found
Selected device: ibp86s0
Selected port state: 4, lid: 8
pairing: 3542 -- 3543
pairing: 3546 -- 3553
pairing: 3555 -- 3560
pairing: 3562 -- 3568
pairing: 3571 -- 3573
pairing: 3577 -- 3579
pairing: 3582 -- 3585
pairing: 3588 -- 3591
pairing: 3594 -- 3598
pairing: 3600 -- 3599
pairing: 3602 -- 3601
pairing: 3604 -- 3603
pairing: 3606 -- 3605
pairing: 3608 -- 3607
pairing: 3610 -- 3609
pairing: 3612 -- 3611
[STATUS]: storage-owner peer RDMA QPs per peer: 4
[STATUS]: storage-owner peer QP0 reserved for RPC; data RDMA uses QP1..3
allocated ALIGNED MEM (no hugepage) at 125991926104128 with buffer size 67108864
allocated ALIGNED MEM (no hugepage) at 125991886258240 with buffer size 39839040
[STATUS]: storage-owner peer RPC receive slots per peer: 64 (requested=64)
[STATUS]: storage-owner peer RPC concurrent sends per peer: 16
[STATUS]: storage-owner peer RPC send credits: Stage1/graph are split at depth >= 2; responses use a dedicated sync buffer
[STATUS]: storage-owner peer async response capacity: 32768
allocated ALIGNED MEM (no hugepage) at 125992112259136 with buffer size 488448
allocated ALIGNED MEM (no hugepage) at 96775814873024 with buffer size 8192
allocated ALIGNED MEM (no hugepage) at 96775814882496 with buffer size 8192
allocated ALIGNED MEM (no hugepage) at 96775814891968 with buffer size 8192
allocated ALIGNED MEM (no hugepage) at 96775814901440 with buffer size 8192
[STATUS]: storage-owner peer reverse-update workers: 4
[STATUS]: storage-owner peer Stage1 workers: 7 (dedicated physical-home CPU partition)
[STATUS]: storage-owner physical control workers: cleanup=2 placement=1 (separate blocking domains)
[STATUS]: storage-owner Stage1 artifact capacity: 66816 (64-way, per shard=1044) cleanup replay per shard=2048 active migration receipts=131072
[STATUS]: storage-owner peer reverse-update tuning: queue_depth=65536 coalesce_max=256
allocated ALIGNED MEM (no hugepage) at 96775827540480 with buffer size 13120
allocated ALIGNED MEM (no hugepage) at 96775827554752 with buffer size 13120
[STATUS]: storage-owner maintenance workers: 2 (configured=8, work_conserving=true)
[STATUS]: storage-owner stage2 reverse outbox descriptors: 128 aggregates=128 wire_max_ops=3072 (shared per-peer work-conserving aggregation)
[STATUS]: storage-owner maintenance tuning: protocol=centroid-home-two-stage compaction_batch_target=32 backlog_limit=65536 admission_window=512 physical_completion_capacity=65536
[STATUS]: storage-owner peer RDMA read credits per peer: 8 per QP: 8 (requested=8)
[STATUS]: storage-owner online insert tuning: construction_beam=128 snapshot_batch=64 protocol=centroid-home-two-stage
[STATUS]: storage-owner stage1=physical-home local search and backlinks; stage2=one-sided-RDMA continuation
[STATUS]: storage-owner responses=foreground direct post; completion=repost by service poller
[STATUS]: storage-owner foreground workers: 3 (assigned_cpus=22, rpc_parallelism=16)
[STATUS]: storage-owner CPU plan: foreground=3 maintenance=2 peer_stage1=7 peer_reverse=4 peer_cleanup=2 peer_placement=1 peer_progress=2 foreground_progress=1
[STATUS]: storage-owner insert runtime enabled on shard 2
Send request failed: status=12 (transport retry counter exceeded), opcode=0, vendor_err=129, wr_id=18446744065119622170
