============================================================
                        SERVER
============================================================
num clients:                  1
TCP port:                     1234
IB device:                    <auto>
IB port:                      1
max outstanding CQEs:         64
max send work requests:       4096
max receive work requests:    4096
============================================================
server index file:            "/data/xjs/index/dvstor_sift100m/index/sift100m_R48_bw200_metis_node1_of5.dat"
============================================================
1 device(s) found
Selected device: ibp86s0
Selected port state: 4, lid: 8
num_cores: 112
physical cores per socket: 28
hyperthreading enabled
interleaved policy
pairing: 46044 -- 13017
[STATUS]: pinned main thread to core 28
[STATUS]: loaded index metadata from /data/xjs/index/dvstor_sift100m/index/sift100m_R48_bw200_metis (layout=rabitq, vector_data_type=uint8)
allocation size: 13958643712
allocated ALIGNED MEM (no hugepage) at 126508437864512 with buffer size 13958643712
[STATUS]: loading index (8674768768 Bytes) from /data/xjs/index/dvstor_sift100m/index/sift100m_R48_bw200_metis_node1_of5.dat
[STATUS]: storage-owner anchors loaded on shard 0: entries=20480 memory=10652160 bytes
[STATUS]: register memory and distribute access token
[STATUS]: connect QPs of compute threads
pairing: 46049 -- 13022
pairing: 46054 -- 13023
pairing: 46055 -- 13024
pairing: 46056 -- 13025
pairing: 46057 -- 13042
pairing: 46074 -- 13043
pairing: 46075 -- 13044
pairing: 46076 -- 13045
pairing: 46077 -- 13062
pairing: 46094 -- 13063
pairing: 46095 -- 13064
pairing: 46096 -- 13065
pairing: 46097 -- 13082
pairing: 46114 -- 13083
pairing: 46115 -- 13084
pairing: 46116 -- 13085
[STATUS]: waiting for commands from compute node...
[STATUS]: loading index (8674768768 Bytes) from /data/xjs/index/dvstor_sift100m/index/sift100m_R48_bw200_metis_node1_of5.dat
1 device(s) found
Selected device: ibp86s0
Selected port state: 4, lid: 8
pairing: 46129 -- 46130
pairing: 46131 -- 46132
pairing: 46134 -- 46133
pairing: 46137 -- 46135
pairing: 46138 -- 46136
pairing: 46140 -- 46139
pairing: 46142 -- 46141
pairing: 46145 -- 46144
pairing: 46146 -- 46156
pairing: 46159 -- 46157
pairing: 46160 -- 46158
pairing: 46162 -- 46161
pairing: 46164 -- 46163
pairing: 46166 -- 46165
pairing: 46168 -- 46167
pairing: 46170 -- 46169
[STATUS]: storage-owner peer RDMA QPs per peer: 4
[STATUS]: storage-owner peer QP0 reserved for RPC; data RDMA uses QP1..3
allocated ALIGNED MEM (no hugepage) at 126508043599936 with buffer size 67108864
allocated ALIGNED MEM (no hugepage) at 126508033114176 with buffer size 9979200
[STATUS]: storage-owner peer RPC receive slots per peer: 64 (requested=64)
allocated ALIGNED MEM (no hugepage) at 126508204777536 with buffer size 302080
allocated ALIGNED MEM (no hugepage) at 126507963908160 with buffer size 67108864
allocated ALIGNED MEM (no hugepage) at 126507894702144 with buffer size 67108864
allocated ALIGNED MEM (no hugepage) at 126507825496128 with buffer size 67108864
allocated ALIGNED MEM (no hugepage) at 126507756290112 with buffer size 67108864
allocated ALIGNED MEM (no hugepage) at 126507687084096 with buffer size 67108864
allocated ALIGNED MEM (no hugepage) at 126507617878080 with buffer size 67108864
allocated ALIGNED MEM (no hugepage) at 126507548672064 with buffer size 67108864
allocated ALIGNED MEM (no hugepage) at 126507479466048 with buffer size 67108864
allocated ALIGNED MEM (no hugepage) at 126507410260032 with buffer size 67108864
allocated ALIGNED MEM (no hugepage) at 126507341054016 with buffer size 67108864
allocated ALIGNED MEM (no hugepage) at 126507271848000 with buffer size 67108864
allocated ALIGNED MEM (no hugepage) at 126507202641984 with buffer size 67108864
allocated ALIGNED MEM (no hugepage) at 126507133435968 with buffer size 67108864
allocated ALIGNED MEM (no hugepage) at 126507064229952 with buffer size 67108864
allocated ALIGNED MEM (no hugepage) at 126506995023936 with buffer size 67108864
allocated ALIGNED MEM (no hugepage) at 126506925817920 with buffer size 67108864
[STATUS]: storage-owner peer reverse-update workers: 8
[STATUS]: storage-owner peer stitch-search workers: 8
[STATUS]: storage-owner peer reverse-update tuning: mode=async queue_depth=65536 flush_us=200 coalesce_max=256
allocated ALIGNED MEM (no hugepage) at 126506657382464 with buffer size 67108864
allocated ALIGNED MEM (no hugepage) at 126505709469760 with buffer size 67108864
allocated ALIGNED MEM (no hugepage) at 126505640263744 with buffer size 67108864
allocated ALIGNED MEM (no hugepage) at 126505571057728 with buffer size 67108864
allocated ALIGNED MEM (no hugepage) at 126505501851712 with buffer size 67108864
allocated ALIGNED MEM (no hugepage) at 126505432645696 with buffer size 67108864
allocated ALIGNED MEM (no hugepage) at 126505363439680 with buffer size 67108864
allocated ALIGNED MEM (no hugepage) at 126505294233664 with buffer size 67108864
[STATUS]: storage-owner maintenance workers: 8 (configured=8, resource_gated_parallel_stitching=true)
[STATUS]: storage-owner maintenance tuning: mode=finalize local_stitch=true
[STATUS]: storage-owner peer RDMA read credits per peer: 8 per QP: 8 (requested=8)
[STATUS]: storage-owner online insert tuning: construction_beam=128 snapshot_batch=64 prune_max_candidates=128 update_mode=local_stitch
[STATUS]: storage-owner coroutine scratch: snapshot_bytes=144 snapshot_stride=192 batch=64 per_coroutine=12736
allocated ALIGNED MEM (no hugepage) at 126505225027648 with buffer size 67108864
allocated ALIGNED MEM (no hugepage) at 126505155821632 with buffer size 67108864
allocated ALIGNED MEM (no hugepage) at 126505086615616 with buffer size 67108864
allocated ALIGNED MEM (no hugepage) at 126505017409600 with buffer size 67108864
allocated ALIGNED MEM (no hugepage) at 126504948203584 with buffer size 67108864
allocated ALIGNED MEM (no hugepage) at 126504878997568 with buffer size 67108864
allocated ALIGNED MEM (no hugepage) at 126504809791552 with buffer size 67108864
allocated ALIGNED MEM (no hugepage) at 126504740585536 with buffer size 67108864
[STATUS]: storage-owner insert runtime enabled on shard 0
[STATUS]: storage-owner maintenance observation: enqueued=1 stitch_enqueued=0 cleanup_enqueued=0 stitch_tasks_done=0 stitched_live=0 cleanup_processed=0 stale=0 stitch_completion_ratio=0.000000 live_stitch_completion_ratio=0.000000 avg_stitch_delay_ms=0.000000 max_stitch_delay_ms=0.000000 stitch_rate_per_sec=0.000000 failed=0 max_backlog=1 pressure_yields=0 external_search_requests=0 external_candidates=0 stitch_batches=0 avg_stitch_batch_size=0.000000 peer_stitch_enqueued=0 peer_stitch_processed=0 peer_stitch_items=0 peer_stitch_rate_per_sec=0.000000 peer_stitch_max_queue=0 remaining=1
[STATUS]: storage-owner maintenance observation: enqueued=429 stitch_enqueued=288 cleanup_enqueued=141 stitch_tasks_done=223 stitched_live=223 cleanup_processed=117 stale=0 stitch_completion_ratio=0.774306 live_stitch_completion_ratio=0.774306 avg_stitch_delay_ms=664.829880 max_stitch_delay_ms=1290.689491 stitch_rate_per_sec=15.434188 failed=0 max_backlog=53 pressure_yields=3 external_search_requests=261 external_candidates=45181 stitch_batches=71 avg_stitch_batch_size=4.014085 peer_stitch_enqueued=322 peer_stitch_processed=310 peer_stitch_items=1004 peer_stitch_rate_per_sec=69.488453 peer_stitch_max_queue=23 remaining=20
[STATUS]: storage-owner maintenance observation: enqueued=880 stitch_enqueued=603 cleanup_enqueued=277 stitch_tasks_done=544 stitched_live=544 cleanup_processed=264 stale=0 stitch_completion_ratio=0.902156 live_stitch_completion_ratio=0.902156 avg_stitch_delay_ms=771.415184 max_stitch_delay_ms=2090.035813 stitch_rate_per_sec=27.935537 failed=0 max_backlog=57 pressure_yields=6 external_search_requests=545 external_candidates=105344 stitch_batches=142 avg_stitch_batch_size=4.239437 peer_stitch_enqueued=602 peer_stitch_processed=596 peer_stitch_items=2035 peer_stitch_rate_per_sec=104.501503 peer_stitch_max_queue=23 remaining=9
[STATUS]: storage-owner maintenance observation: enqueued=1319 stitch_enqueued=873 cleanup_enqueued=446 stitch_tasks_done=804 stitched_live=804 cleanup_processed=400 stale=0 stitch_completion_ratio=0.920962 live_stitch_completion_ratio=0.920962 avg_stitch_delay_ms=798.267417 max_stitch_delay_ms=2090.035813 stitch_rate_per_sec=32.574213 failed=0 max_backlog=60 pressure_yields=7 external_search_requests=790 external_candidates=158557 stitch_batches=201 avg_stitch_batch_size=4.243781 peer_stitch_enqueued=801 peer_stitch_processed=799 peer_stitch_items=3189 peer_stitch_rate_per_sec=129.202941 peer_stitch_max_queue=23 remaining=60
[STATUS]: storage-owner maintenance observation: enqueued=1714 stitch_enqueued=1145 cleanup_enqueued=568 stitch_tasks_done=1134 stitched_live=1134 cleanup_processed=566 stale=0 stitch_completion_ratio=0.990393 live_stitch_completion_ratio=0.990393 avg_stitch_delay_ms=854.219274 max_stitch_delay_ms=2090.035813 stitch_rate_per_sec=38.176547 failed=0 max_backlog=105 pressure_yields=9 external_search_requests=999 external_candidates=217187 stitch_batches=254 avg_stitch_batch_size=4.507874 peer_stitch_enqueued=997 peer_stitch_processed=991 peer_stitch_items=4111 peer_stitch_rate_per_sec=138.398399 peer_stitch_max_queue=23 remaining=1
[STATUS]: storage-owner maintenance observation: enqueued=1722 stitch_enqueued=1151 cleanup_enqueued=570 stitch_tasks_done=1151 stitched_live=1151 cleanup_processed=570 stale=0 stitch_completion_ratio=1.000000 live_stitch_completion_ratio=1.000000 avg_stitch_delay_ms=847.534377 max_stitch_delay_ms=2090.035813 stitch_rate_per_sec=33.039582 failed=0 max_backlog=105 pressure_yields=9 external_search_requests=1032 external_candidates=219999 stitch_batches=258 avg_stitch_batch_size=4.461240 peer_stitch_enqueued=1017 peer_stitch_processed=1017 peer_stitch_items=4248 peer_stitch_rate_per_sec=121.939310 peer_stitch_max_queue=23 remaining=1
[STATUS]: storage-owner maintenance observation: enqueued=2209 stitch_enqueued=1488 cleanup_enqueued=721 stitch_tasks_done=1435 stitched_live=1435 cleanup_processed=703 stale=0 stitch_completion_ratio=0.964382 live_stitch_completion_ratio=0.964382 avg_stitch_delay_ms=817.402864 max_stitch_delay_ms=2090.035813 stitch_rate_per_sec=35.999297 failed=0 max_backlog=105 pressure_yields=11 external_search_requests=1330 external_candidates=278197 stitch_batches=334 avg_stitch_batch_size=4.377246 peer_stitch_enqueued=1342 peer_stitch_processed=1341 peer_stitch_items=5191 peer_stitch_rate_per_sec=130.224633 peer_stitch_max_queue=23 remaining=39
[STATUS]: storage-owner maintenance observation: enqueued=2711 stitch_enqueued=1830 cleanup_enqueued=881 stitch_tasks_done=1717 stitched_live=1717 cleanup_processed=861 stale=0 stitch_completion_ratio=0.938251 live_stitch_completion_ratio=0.938251 avg_stitch_delay_ms=817.004999 max_stitch_delay_ms=2090.035813 stitch_rate_per_sec=38.205307 failed=0 max_backlog=105 pressure_yields=15 external_search_requests=1588 external_candidates=340882 stitch_batches=399 avg_stitch_batch_size=4.578947 peer_stitch_enqueued=1563 peer_stitch_processed=1555 peer_stitch_items=6217 peer_stitch_rate_per_sec=138.335697 peer_stitch_max_queue=23 remaining=17
[STATUS]: storage-owner maintenance observation: enqueued=3240 stitch_enqueued=2177 cleanup_enqueued=1063 stitch_tasks_done=2057 stitched_live=2057 cleanup_processed=997 stale=0 stitch_completion_ratio=0.944878 live_stitch_completion_ratio=0.944878 avg_stitch_delay_ms=856.352961 max_stitch_delay_ms=2378.733447 stitch_rate_per_sec=40.872247 failed=0 max_backlog=105 pressure_yields=16 external_search_requests=1794 external_candidates=405480 stitch_batches=451 avg_stitch_batch_size=4.778271 peer_stitch_enqueued=1828 peer_stitch_processed=1827 peer_stitch_items=7332 peer_stitch_rate_per_sec=145.685618 peer_stitch_max_queue=23 remaining=81
[STATUS]: storage-owner maintenance observation: enqueued=3686 stitch_enqueued=2463 cleanup_enqueued=1223 stitch_tasks_done=2422 stitched_live=2422 cleanup_processed=1208 stale=0 stitch_completion_ratio=0.983354 live_stitch_completion_ratio=0.983354 avg_stitch_delay_ms=883.124602 max_stitch_delay_ms=2864.991456 stitch_rate_per_sec=43.758871 failed=0 max_backlog=105 pressure_yields=16 external_search_requests=2052 external_candidates=465047 stitch_batches=517 avg_stitch_batch_size=4.733075 peer_stitch_enqueued=2055 peer_stitch_processed=2054 peer_stitch_items=8292 peer_stitch_rate_per_sec=149.813607 peer_stitch_max_queue=23 remaining=26
[STATUS]: storage-owner maintenance observation: enqueued=4106 stitch_enqueued=2739 cleanup_enqueued=1367 stitch_tasks_done=2693 stitched_live=2693 cleanup_processed=1352 stale=0 stitch_completion_ratio=0.983206 live_stitch_completion_ratio=0.983206 avg_stitch_delay_ms=889.254365 max_stitch_delay_ms=2864.991456 stitch_rate_per_sec=44.385031 failed=0 max_backlog=105 pressure_yields=17 external_search_requests=2278 external_candidates=515632 stitch_batches=574 avg_stitch_batch_size=4.740418 peer_stitch_enqueued=2302 peer_stitch_processed=2286 peer_stitch_items=9341 peer_stitch_rate_per_sec=153.954911 peer_stitch_max_queue=23 remaining=27
[STATUS]: storage-owner maintenance observation: enqueued=4553 stitch_enqueued=3030 cleanup_enqueued=1523 stitch_tasks_done=2984 stitched_live=2984 cleanup_processed=1507 stale=0 stitch_completion_ratio=0.984818 live_stitch_completion_ratio=0.984818 avg_stitch_delay_ms=881.408637 max_stitch_delay_ms=2864.991456 stitch_rate_per_sec=45.272591 failed=0 max_backlog=105 pressure_yields=18 external_search_requests=2570 external_candidates=574764 stitch_batches=645 avg_stitch_batch_size=4.671318 peer_stitch_enqueued=2572 peer_stitch_processed=2572 peer_stitch_items=10473 peer_stitch_rate_per_sec=158.894049 peer_stitch_max_queue=23 remaining=27
[STATUS]: storage-owner maintenance observation: enqueued=4951 stitch_enqueued=3288 cleanup_enqueued=1663 stitch_tasks_done=3234 stitched_live=3234 cleanup_processed=1643 stale=0 stitch_completion_ratio=0.983577 live_stitch_completion_ratio=0.983577 avg_stitch_delay_ms=873.987190 max_stitch_delay_ms=2864.991456 stitch_rate_per_sec=45.465335 failed=0 max_backlog=105 pressure_yields=18 external_search_requests=2818 external_candidates=618488 stitch_batches=711 avg_stitch_batch_size=4.607595 peer_stitch_enqueued=2868 peer_stitch_processed=2843 peer_stitch_items=11445 peer_stitch_rate_per_sec=160.900048 peer_stitch_max_queue=23 remaining=25
[storage-peer] slow peer op send self_shard=0 target_shard=2 rpc_type=1 request_id=5820 item_count=33 elapsed_ms=1024.15
[storage-peer] slow peer outbox send self_shard=0 target_shard=2 rpc_type=1 item_count=33 success=1 queued_ms=0.085359 elapsed_ms=1024.25
[STATUS]: storage-owner maintenance observation: enqueued=5386 stitch_enqueued=3551 cleanup_enqueued=1835 stitch_tasks_done=3489 stitched_live=3489 cleanup_processed=1794 stale=0 stitch_completion_ratio=0.982540 live_stitch_completion_ratio=0.982540 avg_stitch_delay_ms=930.546588 max_stitch_delay_ms=2970.699404 stitch_rate_per_sec=45.778512 failed=0 max_backlog=106 pressure_yields=19 external_search_requests=2952 external_candidates=672395 stitch_batches=743 avg_stitch_batch_size=4.764468 peer_stitch_enqueued=3045 peer_stitch_processed=3020 peer_stitch_items=12607 peer_stitch_rate_per_sec=165.414072 peer_stitch_max_queue=24 remaining=45
[STATUS]: storage-owner maintenance observation: enqueued=5848 stitch_enqueued=3838 cleanup_enqueued=2010 stitch_tasks_done=3774 stitched_live=3774 cleanup_processed=1964 stale=0 stitch_completion_ratio=0.983325 live_stitch_completion_ratio=0.983325 avg_stitch_delay_ms=913.045023 max_stitch_delay_ms=2970.699404 stitch_rate_per_sec=46.379972 failed=0 max_backlog=106 pressure_yields=21 external_search_requests=3210 external_candidates=726210 stitch_batches=805 avg_stitch_batch_size=4.729193 peer_stitch_enqueued=3334 peer_stitch_processed=3332 peer_stitch_items=13766 peer_stitch_rate_per_sec=169.175066 peer_stitch_max_queue=24 remaining=72
[STATUS]: storage-owner maintenance observation: enqueued=6283 stitch_enqueued=4143 cleanup_enqueued=2140 stitch_tasks_done=4003 stitched_live=4003 cleanup_processed=2127 stale=0 stitch_completion_ratio=0.966208 live_stitch_completion_ratio=0.966208 avg_stitch_delay_ms=911.189086 max_stitch_delay_ms=2970.699404 stitch_rate_per_sec=46.301631 failed=0 max_backlog=106 pressure_yields=24 external_search_requests=3423 external_candidates=772579 stitch_batches=860 avg_stitch_batch_size=4.801163 peer_stitch_enqueued=3588 peer_stitch_processed=3570 peer_stitch_items=14860 peer_stitch_rate_per_sec=171.881647 peer_stitch_max_queue=24 remaining=21
[STATUS]: storage-owner maintenance observation: enqueued=6665 stitch_enqueued=4383 cleanup_enqueued=2282 stitch_tasks_done=4335 stitched_live=4335 cleanup_processed=2268 stale=0 stitch_completion_ratio=0.989049 live_stitch_completion_ratio=0.989049 avg_stitch_delay_ms=935.231747 max_stitch_delay_ms=2970.699404 stitch_rate_per_sec=47.317006 failed=0 max_backlog=106 pressure_yields=28 external_search_requests=3618 external_candidates=827897 stitch_batches=911 avg_stitch_batch_size=4.794731 peer_stitch_enqueued=3863 peer_stitch_processed=3841 peer_stitch_items=15920 peer_stitch_rate_per_sec=173.768565 peer_stitch_max_queue=24 remaining=23
[STATUS]: storage-owner maintenance observation: enqueued=7113 stitch_enqueued=4686 cleanup_enqueued=2427 stitch_tasks_done=4623 stitched_live=4623 cleanup_processed=2418 stale=0 stitch_completion_ratio=0.986556 live_stitch_completion_ratio=0.986556 avg_stitch_delay_ms=946.776799 max_stitch_delay_ms=2970.699404 stitch_rate_per_sec=47.759900 failed=0 max_backlog=106 pressure_yields=29 external_search_requests=3820 external_candidates=882509 stitch_batches=962 avg_stitch_batch_size=4.860707 peer_stitch_enqueued=4146 peer_stitch_processed=4132 peer_stitch_items=16931 peer_stitch_rate_per_sec=174.913016 peer_stitch_max_queue=24 remaining=12
[STATUS]: storage-owner maintenance observation: enqueued=7578 stitch_enqueued=4984 cleanup_enqueued=2594 stitch_tasks_done=4884 stitched_live=4884 cleanup_processed=2534 stale=0 stitch_completion_ratio=0.979936 live_stitch_completion_ratio=0.979936 avg_stitch_delay_ms=935.593455 max_stitch_delay_ms=2970.699404 stitch_rate_per_sec=47.900779 failed=0 max_backlog=106 pressure_yields=34 external_search_requests=4108 external_candidates=942078 stitch_batches=1032 avg_stitch_batch_size=4.812984 peer_stitch_enqueued=4507 peer_stitch_processed=4493 peer_stitch_items=17932 peer_stitch_rate_per_sec=175.871575 peer_stitch_max_queue=24 remaining=70
[STATUS]: storage-owner maintenance observation: enqueued=8004 stitch_enqueued=5252 cleanup_enqueued=2751 stitch_tasks_done=5209 stitched_live=5209 cleanup_processed=2747 stale=0 stitch_completion_ratio=0.991813 live_stitch_completion_ratio=0.991813 avg_stitch_delay_ms=972.635790 max_stitch_delay_ms=3005.036625 stitch_rate_per_sec=48.669252 failed=0 max_backlog=134 pressure_yields=38 external_search_requests=4260 external_candidates=1001054 stitch_batches=1069 avg_stitch_batch_size=4.913003 peer_stitch_enqueued=4688 peer_stitch_processed=4679 peer_stitch_items=18925 peer_stitch_rate_per_sec=176.821960 peer_stitch_max_queue=24 remaining=1
[STATUS]: storage-owner maintenance observation: enqueued=8466 stitch_enqueued=5548 cleanup_enqueued=2918 stitch_tasks_done=5486 stitched_live=5486 cleanup_processed=2901 stale=0 stitch_completion_ratio=0.988825 live_stitch_completion_ratio=0.988825 avg_stitch_delay_ms=958.252585 max_stitch_delay_ms=3005.036625 stitch_rate_per_sec=48.841246 failed=0 max_backlog=134 pressure_yields=40 external_search_requests=4535 external_candidates=1048717 stitch_batches=1139 avg_stitch_batch_size=4.854258 peer_stitch_enqueued=4989 peer_stitch_processed=4989 peer_stitch_items=19955 peer_stitch_rate_per_sec=177.657139 peer_stitch_max_queue=24 remaining=30
[STATUS]: storage-owner maintenance observation: enqueued=8881 stitch_enqueued=5815 cleanup_enqueued=3066 stitch_tasks_done=5783 stitched_live=5783 cleanup_processed=3056 stale=0 stitch_completion_ratio=0.994497 live_stitch_completion_ratio=0.994497 avg_stitch_delay_ms=951.884547 max_stitch_delay_ms=3005.036625 stitch_rate_per_sec=49.259874 failed=0 max_backlog=134 pressure_yields=43 external_search_requests=4804 external_candidates=1106095 stitch_batches=1207 avg_stitch_batch_size=4.813587 peer_stitch_enqueued=5265 peer_stitch_processed=5265 peer_stitch_items=20999 peer_stitch_rate_per_sec=178.870498 peer_stitch_max_queue=24 remaining=9
[STATUS]: storage-owner maintenance observation: enqueued=9400 stitch_enqueued=6174 cleanup_enqueued=3226 stitch_tasks_done=6065 stitched_live=6065 cleanup_processed=3185 stale=0 stitch_completion_ratio=0.982345 live_stitch_completion_ratio=0.982345 avg_stitch_delay_ms=953.592495 max_stitch_delay_ms=3005.036625 stitch_rate_per_sec=49.478523 failed=0 max_backlog=134 pressure_yields=49 external_search_requests=5051 external_candidates=1160318 stitch_batches=1269 avg_stitch_batch_size=4.849488 peer_stitch_enqueued=5505 peer_stitch_processed=5496 peer_stitch_items=21977 peer_stitch_rate_per_sec=179.289283 peer_stitch_max_queue=24 remaining=54
[STATUS]: storage-owner maintenance observation: enqueued=9788 stitch_enqueued=6438 cleanup_enqueued=3350 stitch_tasks_done=6419 stitched_live=6419 cleanup_processed=3343 stale=0 stitch_completion_ratio=0.997049 live_stitch_completion_ratio=0.997049 avg_stitch_delay_ms=954.190504 max_stitch_delay_ms=3005.036625 stitch_rate_per_sec=50.292793 failed=0 max_backlog=134 pressure_yields=56 external_search_requests=5374 external_candidates=1226763 stitch_batches=1349 avg_stitch_batch_size=4.768718 peer_stitch_enqueued=5810 peer_stitch_processed=5795 peer_stitch_items=23078 peer_stitch_rate_per_sec=180.815873 peer_stitch_max_queue=24 remaining=8
[STATUS]: storage-owner maintenance observation: enqueued=10248 stitch_enqueued=6742 cleanup_enqueued=3506 stitch_tasks_done=6662 stitched_live=6662 cleanup_processed=3487 stale=0 stitch_completion_ratio=0.988134 live_stitch_completion_ratio=0.988134 avg_stitch_delay_ms=959.487355 max_stitch_delay_ms=3005.036625 stitch_rate_per_sec=50.133471 failed=0 max_backlog=134 pressure_yields=61 external_search_requests=5554 external_candidates=1278723 stitch_batches=1393 avg_stitch_batch_size=4.833453 peer_stitch_enqueued=6046 peer_stitch_processed=6042 peer_stitch_items=24216 peer_stitch_rate_per_sec=182.232382 peer_stitch_max_queue=24 remaining=22
[STATUS]: storage-owner maintenance observation: enqueued=10680 stitch_enqueued=7019 cleanup_enqueued=3661 stitch_tasks_done=6914 stitched_live=6914 cleanup_processed=3651 stale=0 stitch_completion_ratio=0.985041 live_stitch_completion_ratio=0.985041 avg_stitch_delay_ms=957.982851 max_stitch_delay_ms=3005.036625 stitch_rate_per_sec=50.094682 failed=0 max_backlog=134 pressure_yields=65 external_search_requests=5812 external_candidates=1326959 stitch_batches=1458 avg_stitch_batch_size=4.810014 peer_stitch_enqueued=6320 peer_stitch_processed=6307 peer_stitch_items=25274 peer_stitch_rate_per_sec=183.120191 peer_stitch_max_queue=24 remaining=10
[STATUS]: storage-owner maintenance observation: enqueued=11104 stitch_enqueued=7291 cleanup_enqueued=3813 stitch_tasks_done=7187 stitched_live=7187 cleanup_processed=3762 stale=0 stitch_completion_ratio=0.985736 live_stitch_completion_ratio=0.985736 avg_stitch_delay_ms=978.050245 max_stitch_delay_ms=3005.036625 stitch_rate_per_sec=50.207817 failed=0 max_backlog=134 pressure_yields=66 external_search_requests=5952 external_candidates=1383489 stitch_batches=1491 avg_stitch_batch_size=4.873910 peer_stitch_enqueued=6506 peer_stitch_processed=6497 peer_stitch_items=26415 peer_stitch_rate_per_sec=184.533113 peer_stitch_max_queue=24 remaining=69
[STATUS]: storage-owner maintenance observation: enqueued=11489 stitch_enqueued=7539 cleanup_enqueued=3950 stitch_tasks_done=7504 stitched_live=7504 cleanup_processed=3931 stale=0 stitch_completion_ratio=0.995357 live_stitch_completion_ratio=0.995357 avg_stitch_delay_ms=988.555278 max_stitch_delay_ms=3005.036625 stitch_rate_per_sec=50.639459 failed=0 max_backlog=134 pressure_yields=68 external_search_requests=6120 external_candidates=1435662 stitch_batches=1534 avg_stitch_batch_size=4.911343 peer_stitch_enqueued=6697 peer_stitch_processed=6694 peer_stitch_items=27459 peer_stitch_rate_per_sec=185.302359 peer_stitch_max_queue=24 remaining=20
[STATUS]: storage-owner maintenance observation: enqueued=11853 stitch_enqueued=7774 cleanup_enqueued=4078 stitch_tasks_done=7768 stitched_live=7768 cleanup_processed=4073 stale=0 stitch_completion_ratio=0.999228 live_stitch_completion_ratio=0.999228 avg_stitch_delay_ms=977.805563 max_stitch_delay_ms=3005.036625 stitch_rate_per_sec=50.706212 failed=0 max_backlog=134 pressure_yields=72 external_search_requests=6411 external_candidates=1485323 stitch_batches=1607 avg_stitch_batch_size=4.836963 peer_stitch_enqueued=6972 peer_stitch_processed=6967 peer_stitch_items=28538 peer_stitch_rate_per_sec=186.283970 peer_stitch_max_queue=24 remaining=2
