============================================================
                        SERVER
============================================================
num clients:                  1
TCP port:                     1235
IB device:                    <auto>
IB port:                      1
max outstanding CQEs:         64
max send work requests:       4096
max receive work requests:    4096
============================================================
index prefix:                     "/data/xjs/index/dvstor_sift100m/index/sift100m_R96_bw128_metis_pmd32_pq32"
storage shard:                    "/data/xjs/index/dvstor_sift100m/index/sift100m_R96_bw128_metis_pmd32_pq32_node2_of5.dat"
storage id:                       1
registered memory GiB:            19
====================================================================
1 device(s) found
Selected device: ibp86s0
Selected port state: 4, lid: 8
num_cores: 112
physical cores per socket: 28
hyperthreading enabled
interleaved policy
pairing: 74915 -- 32871
[STATUS]: pinned main thread to core 28
[STATUS]: loaded index metadata from /data/xjs/index/dvstor_sift100m/index/sift100m_R96_bw128_metis_pmd32_pq32 (layout=plain, vector_data_type=uint8)
[STATUS]: storage-owner online cross-shard degree: 16 (base ratio=0.158913)
allocation size: 20401094656
allocated ALIGNED MEM (no hugepage) at 128055932616768 with buffer size 20401094656
[STATUS]: loading index (13019830848 Bytes) from /data/xjs/index/dvstor_sift100m/index/sift100m_R96_bw128_metis_pmd32_pq32_node2_of5.dat
[STATUS]: loaded GPU PQ codes (659231936 Bytes) at remote offset 13019834944
[STATUS]: storage-owner idmap loaded entries=20000000 reserved=21048576
[STATUS]: storage-owner anchors loaded on shard 1: entries=20480 memory=10652160 bytes
[STATUS]: register memory and distribute access token
[STATUS]: connect QPs of compute threads
[STATUS]: reserving 64 GPU/bootstrap QPs per compute node
pairing: 74920 -- 32876
pairing: 74926 -- 32881
pairing: 74931 -- 32886
pairing: 74935 -- 32891
pairing: 74940 -- 32896
pairing: 74945 -- 32901
pairing: 74950 -- 32906
pairing: 74955 -- 32911
pairing: 74961 -- 32916
pairing: 74965 -- 32921
pairing: 74970 -- 32926
pairing: 74975 -- 32931
pairing: 74980 -- 32936
pairing: 74985 -- 32941
pairing: 74990 -- 32946
pairing: 74996 -- 32951
pairing: 75000 -- 32956
pairing: 75005 -- 32961
pairing: 75010 -- 32966
pairing: 75014 -- 32971
pairing: 75020 -- 32976
pairing: 75025 -- 32981
pairing: 75029 -- 32986
pairing: 75035 -- 32991
pairing: 75038 -- 32996
pairing: 75049 -- 33001
pairing: 75050 -- 33006
pairing: 75055 -- 33011
pairing: 75059 -- 33016
pairing: 75066 -- 33021
pairing: 75070 -- 33026
pairing: 75075 -- 33031
pairing: 75079 -- 33067
pairing: 75115 -- 33068
pairing: 75116 -- 33069
pairing: 75117 -- 33070
pairing: 75118 -- 33071
pairing: 75119 -- 33072
pairing: 75120 -- 33073
pairing: 75121 -- 33074
pairing: 75122 -- 33075
pairing: 75123 -- 33076
pairing: 75124 -- 33077
pairing: 75125 -- 33078
pairing: 75126 -- 33079
pairing: 75127 -- 33080
pairing: 75128 -- 33081
pairing: 75129 -- 33082
pairing: 75130 -- 33083
pairing: 75131 -- 33084
pairing: 75132 -- 33085
pairing: 75133 -- 33086
pairing: 75134 -- 33087
pairing: 75135 -- 33088
pairing: 75136 -- 33089
pairing: 75137 -- 33090
pairing: 75138 -- 33091
pairing: 75139 -- 33092
pairing: 75140 -- 33093
pairing: 75141 -- 33094
pairing: 75142 -- 33095
pairing: 75143 -- 33096
pairing: 75144 -- 33097
pairing: 75145 -- 33098
[STATUS]: waiting for compute-node startup barrier
1 device(s) found
Selected device: ibp86s0
Selected port state: 4, lid: 8
pairing: 75241 -- 75242
pairing: 75245 -- 75251
pairing: 75253 -- 75258
pairing: 75260 -- 75266
pairing: 75269 -- 75271
pairing: 75274 -- 75273
pairing: 75277 -- 75275
pairing: 75280 -- 75276
pairing: 75281 -- 75278
pairing: 75283 -- 75279
pairing: 75285 -- 75282
pairing: 75287 -- 75284
pairing: 75289 -- 75286
pairing: 75291 -- 75288
pairing: 75293 -- 75290
pairing: 75295 -- 75294
[STATUS]: storage-owner peer RDMA QPs per peer: 4
[STATUS]: storage-owner peer QP0 reserved for RPC; data RDMA uses QP1..3
allocated ALIGNED MEM (no hugepage) at 128055324442688 with buffer size 67108864
allocated ALIGNED MEM (no hugepage) at 128055292985408 with buffer size 29937600
[STATUS]: storage-owner peer RPC receive slots per peer: 64 (requested=64)
[STATUS]: storage-owner peer RPC concurrent sends per peer: 16
allocated ALIGNED MEM (no hugepage) at 128055527161920 with buffer size 502784
allocated ALIGNED MEM (no hugepage) at 95783113236288 with buffer size 8192
allocated ALIGNED MEM (no hugepage) at 95783113245760 with buffer size 8192
allocated ALIGNED MEM (no hugepage) at 95783113255232 with buffer size 8192
allocated ALIGNED MEM (no hugepage) at 95783113264704 with buffer size 8192
allocated ALIGNED MEM (no hugepage) at 95783113274176 with buffer size 8192
allocated ALIGNED MEM (no hugepage) at 95783113283648 with buffer size 8192
allocated ALIGNED MEM (no hugepage) at 95783113293120 with buffer size 8192
allocated ALIGNED MEM (no hugepage) at 95783113302592 with buffer size 8192
[STATUS]: storage-owner peer reverse-update workers: 8
[STATUS]: storage-owner peer stitch-search workers: 8 (dedicated background CPU partition)
[STATUS]: storage-owner peer reverse-update tuning: mode=async queue_depth=65536 flush_us=200 coalesce_max=256
allocated ALIGNED MEM (no hugepage) at 95783113327616 with buffer size 13120
allocated ALIGNED MEM (no hugepage) at 95783113342016 with buffer size 13120
allocated ALIGNED MEM (no hugepage) at 95783113356416 with buffer size 13120
allocated ALIGNED MEM (no hugepage) at 95783113370816 with buffer size 13120
allocated ALIGNED MEM (no hugepage) at 95783113385216 with buffer size 13120
allocated ALIGNED MEM (no hugepage) at 95783113399616 with buffer size 13120
allocated ALIGNED MEM (no hugepage) at 95783113414016 with buffer size 13120
allocated ALIGNED MEM (no hugepage) at 95783113428416 with buffer size 13120
[STATUS]: storage-owner maintenance workers: 8 (configured=8, work_conserving=true)
[STATUS]: storage-owner maintenance tuning: mode=finalize local_stitch=true compaction_batch_target=32 compaction_max_delay_ms=10 backlog_limit=65536
[STATUS]: storage-owner peer RDMA read credits per peer: 8 per QP: 8 (requested=8)
[STATUS]: storage-owner online insert tuning: construction_beam=128 snapshot_batch=64 prune_max_candidates=128 update_mode=local_stitch
[STATUS]: storage-owner stage1=direct local commit without peer RDMA; reverse edges=batched stage2
[STATUS]: storage-owner coroutine scratch: snapshot_bytes=144 snapshot_stride=192 batch=64 per_coroutine=13120
[STATUS]: storage-owner foreground workers: 16 (cpu_parallelism=32, rpc_parallelism=16)
[STATUS]: storage-owner insert runtime enabled on shard 1
[STATUS]: storage-owner maintenance observation: enqueued=1 stitch_enqueued=1 cleanup_enqueued=0 stitch_tasks_done=0 stitched_live=0 cleanup_processed=0 stale=0 stitch_completion_ratio=0.000000 live_stitch_completion_ratio=0.000000 avg_stitch_delay_ms=0.000000 p99_stitch_delay_upper_ms=0.000000 p99_stitch_delay_over_30s=false max_stitch_delay_ms=0.000000 compaction_batch_target=32 compaction_max_delay_ms=10 stitch_rate_per_sec=0.000000 failed=0 max_backlog=1 pressure_yields=0 external_search_requests=0 external_candidates=0 stitch_batches=0 avg_stitch_batch_size=0.000000 peer_stitch_enqueued=0 peer_stitch_processed=0 peer_stitch_items=0 peer_stitch_rate_per_sec=0.000000 peer_stitch_max_queue=0 peer_reverse_enqueued=0 peer_reverse_processed=0 peer_reverse_remaining=0 peer_reverse_items_enqueued=0 peer_reverse_items_processed=0 peer_reverse_rate_per_sec=0.000000 peer_reverse_failed=0 peer_reverse_max_queue=0 reclaim_ack=0 reclaim_pending=0 reclaim_reused=0 dynamic_high_watermark=13679067552 stitch_remaining=1 cleanup_remaining=0 remaining=1
[storage-peer] slow reverse-update response self_shard=1 target_shard=0 request_id=104 item_count=150 success=1 elapsed_ms=1443.15
[STATUS]: storage-owner maintenance observation: enqueued=593 stitch_enqueued=593 cleanup_enqueued=0 stitch_tasks_done=322 stitched_live=322 cleanup_processed=0 stale=0 stitch_completion_ratio=0.543002 live_stitch_completion_ratio=0.543002 avg_stitch_delay_ms=2895.485155 p99_stitch_delay_upper_ms=8000.000000 p99_stitch_delay_over_30s=false max_stitch_delay_ms=4245.255479 compaction_batch_target=32 compaction_max_delay_ms=10 stitch_rate_per_sec=50.531146 failed=0 max_backlog=157 pressure_yields=0 external_search_requests=86 external_candidates=29818 stitch_batches=24 avg_stitch_batch_size=22.375000 peer_stitch_enqueued=101 peer_stitch_processed=88 peer_stitch_items=1886 peer_stitch_rate_per_sec=295.968141 peer_stitch_max_queue=17 peer_reverse_enqueued=80 peer_reverse_processed=80 peer_reverse_remaining=0 peer_reverse_items_enqueued=4658 peer_reverse_items_processed=4658 peer_reverse_rate_per_sec=730.975398 peer_reverse_failed=0 peer_reverse_max_queue=11 reclaim_ack=229 reclaim_pending=0 reclaim_reused=0 dynamic_high_watermark=13679465376 stitch_remaining=56 cleanup_remaining=0 remaining=56
[storage-peer] slow reverse-update response self_shard=1 target_shard=0 request_id=164 item_count=121 success=1 elapsed_ms=1424.23
[storage-peer] slow reverse-update response self_shard=1 target_shard=0 request_id=169 item_count=120 success=1 elapsed_ms=1416.21
[storage-peer] slow reverse-update response self_shard=1 target_shard=3 request_id=185 item_count=101 success=1 elapsed_ms=1198.74
[storage-peer] slow reverse-update response self_shard=1 target_shard=3 request_id=180 item_count=72 success=1 elapsed_ms=1206.37
[STATUS]: storage-owner maintenance observation: enqueued=1247 stitch_enqueued=1247 cleanup_enqueued=0 stitch_tasks_done=937 stitched_live=937 cleanup_processed=0 stale=0 stitch_completion_ratio=0.751403 live_stitch_completion_ratio=0.751403 avg_stitch_delay_ms=2862.554572 p99_stitch_delay_upper_ms=8000.000000 p99_stitch_delay_over_30s=false max_stitch_delay_ms=4245.255479 compaction_batch_target=32 compaction_max_delay_ms=10 stitch_rate_per_sec=75.860371 failed=0 max_backlog=170 pressure_yields=0 external_search_requests=176 external_candidates=70970 stitch_batches=44 avg_stitch_batch_size=25.204545 peer_stitch_enqueued=196 peer_stitch_processed=190 peer_stitch_items=4391 peer_stitch_rate_per_sec=355.499349 peer_stitch_max_queue=17 peer_reverse_enqueued=186 peer_reverse_processed=180 peer_reverse_remaining=6 peer_reverse_items_enqueued=12335 peer_reverse_items_processed=11862 peer_reverse_rate_per_sec=960.358297 peer_reverse_failed=0 peer_reverse_max_queue=11 reclaim_ack=905 reclaim_pending=0 reclaim_reused=0 dynamic_high_watermark=13679904864 stitch_remaining=138 cleanup_remaining=0 remaining=138
[STATUS]: storage-owner maintenance observation: enqueued=1694 stitch_enqueued=1694 cleanup_enqueued=0 stitch_tasks_done=1568 stitched_live=1568 cleanup_processed=0 stale=0 stitch_completion_ratio=0.925620 live_stitch_completion_ratio=0.925620 avg_stitch_delay_ms=2716.047897 p99_stitch_delay_upper_ms=8000.000000 p99_stitch_delay_over_30s=false max_stitch_delay_ms=4245.255479 compaction_batch_target=32 compaction_max_delay_ms=10 stitch_rate_per_sec=90.266474 failed=0 max_backlog=170 pressure_yields=0 external_search_requests=260 external_candidates=103918 stitch_batches=67 avg_stitch_batch_size=25.194030 peer_stitch_enqueued=303 peer_stitch_processed=287 peer_stitch_items=6043 peer_stitch_rate_per_sec=347.882845 peer_stitch_max_queue=17 peer_reverse_enqueued=283 peer_reverse_processed=280 peer_reverse_remaining=3 peer_reverse_items_enqueued=17582 peer_reverse_items_processed=17452 peer_reverse_rate_per_sec=1004.675063 peer_reverse_failed=0 peer_reverse_max_queue=11 reclaim_ack=1568 reclaim_pending=0 reclaim_reused=0 dynamic_high_watermark=13680205248 stitch_remaining=6 cleanup_remaining=0 remaining=6
[STATUS]: storage-owner maintenance observation: enqueued=2226 stitch_enqueued=2226 cleanup_enqueued=0 stitch_tasks_done=2046 stitched_live=2046 cleanup_processed=0 stale=0 stitch_completion_ratio=0.919137 live_stitch_completion_ratio=0.919137 avg_stitch_delay_ms=2531.215219 p99_stitch_delay_upper_ms=8000.000000 p99_stitch_delay_over_30s=false max_stitch_delay_ms=4245.255479 compaction_batch_target=32 compaction_max_delay_ms=10 stitch_rate_per_sec=90.430320 failed=0 max_backlog=170 pressure_yields=0 external_search_requests=379 external_candidates=139374 stitch_batches=96 avg_stitch_batch_size=22.854167 peer_stitch_enqueued=417 peer_stitch_processed=395 peer_stitch_items=7633 peer_stitch_rate_per_sec=337.367857 peer_stitch_max_queue=17 peer_reverse_enqueued=387 peer_reverse_processed=387 peer_reverse_remaining=0 peer_reverse_items_enqueued=22243 peer_reverse_items_processed=22243 peer_reverse_rate_per_sec=983.109293 peer_reverse_failed=0 peer_reverse_max_queue=15 reclaim_ack=2037 reclaim_pending=0 reclaim_reused=0 dynamic_high_watermark=13680562752 stitch_remaining=32 cleanup_remaining=0 remaining=32
[STATUS]: storage-owner maintenance observation: enqueued=2619 stitch_enqueued=2619 cleanup_enqueued=0 stitch_tasks_done=2487 stitched_live=2487 cleanup_processed=0 stale=0 stitch_completion_ratio=0.949599 live_stitch_completion_ratio=0.949599 avg_stitch_delay_ms=2440.935701 p99_stitch_delay_upper_ms=8000.000000 p99_stitch_delay_over_30s=false max_stitch_delay_ms=4245.255479 compaction_batch_target=32 compaction_max_delay_ms=10 stitch_rate_per_sec=89.560366 failed=0 max_backlog=170 pressure_yields=0 external_search_requests=488 external_candidates=165998 stitch_batches=123 avg_stitch_batch_size=21.235772 peer_stitch_enqueued=519 peer_stitch_processed=513 peer_stitch_items=9843 peer_stitch_rate_per_sec=354.460266 peer_stitch_max_queue=17 peer_reverse_enqueued=494 peer_reverse_processed=491 peer_reverse_remaining=3 peer_reverse_items_enqueued=28645 peer_reverse_items_processed=28399 peer_reverse_rate_per_sec=1022.687908 peer_reverse_failed=0 peer_reverse_max_queue=15 reclaim_ack=2485 reclaim_pending=0 reclaim_reused=0 dynamic_high_watermark=13680826848 stitch_remaining=7 cleanup_remaining=0 remaining=7
[STATUS]: storage-owner maintenance observation: enqueued=3078 stitch_enqueued=3071 cleanup_enqueued=0 stitch_tasks_done=2959 stitched_live=2959 cleanup_processed=0 stale=0 stitch_completion_ratio=0.963530 live_stitch_completion_ratio=0.963530 avg_stitch_delay_ms=2281.251317 p99_stitch_delay_upper_ms=8000.000000 p99_stitch_delay_over_30s=false max_stitch_delay_ms=4245.255479 compaction_batch_target=32 compaction_max_delay_ms=10 stitch_rate_per_sec=90.294264 failed=0 max_backlog=170 pressure_yields=0 external_search_requests=628 external_candidates=191720 stitch_batches=161 avg_stitch_batch_size=19.068323 peer_stitch_enqueued=657 peer_stitch_processed=652 peer_stitch_items=11695 peer_stitch_rate_per_sec=356.874424 peer_stitch_max_queue=17 peer_reverse_enqueued=641 peer_reverse_processed=640 peer_reverse_remaining=1 peer_reverse_items_enqueued=35216 peer_reverse_items_processed=35128 peer_reverse_rate_per_sec=1071.935421 peer_reverse_failed=0 peer_reverse_max_queue=15 reclaim_ack=2959 reclaim_pending=0 reclaim_reused=0 dynamic_high_watermark=13681135296 stitch_remaining=8 cleanup_remaining=0 remaining=8
[STATUS]: storage-owner maintenance observation: enqueued=3455 stitch_enqueued=3455 cleanup_enqueued=0 stitch_tasks_done=3366 stitched_live=3366 cleanup_processed=0 stale=0 stitch_completion_ratio=0.974240 live_stitch_completion_ratio=0.974240 avg_stitch_delay_ms=2186.284101 p99_stitch_delay_upper_ms=4000.000000 p99_stitch_delay_over_30s=false max_stitch_delay_ms=4245.255479 compaction_batch_target=32 compaction_max_delay_ms=10 stitch_rate_per_sec=89.007687 failed=0 max_backlog=170 pressure_yields=0 external_search_requests=780 external_candidates=218856 stitch_batches=196 avg_stitch_batch_size=17.505102 peer_stitch_enqueued=809 peer_stitch_processed=806 peer_stitch_items=13438 peer_stitch_rate_per_sec=355.343227 peer_stitch_max_queue=17 peer_reverse_enqueued=798 peer_reverse_processed=788 peer_reverse_remaining=10 peer_reverse_items_enqueued=40759 peer_reverse_items_processed=40504 peer_reverse_rate_per_sec=1071.053881 peer_reverse_failed=0 peer_reverse_max_queue=15 reclaim_ack=3363 reclaim_pending=0 reclaim_reused=0 dynamic_high_watermark=13681388640 stitch_remaining=24 cleanup_remaining=0 remaining=24
[STATUS]: storage-owner maintenance observation: enqueued=3877 stitch_enqueued=3877 cleanup_enqueued=0 stitch_tasks_done=3775 stitched_live=3775 cleanup_processed=0 stale=0 stitch_completion_ratio=0.973691 live_stitch_completion_ratio=0.973691 avg_stitch_delay_ms=2087.323981 p99_stitch_delay_upper_ms=4000.000000 p99_stitch_delay_over_30s=false max_stitch_delay_ms=4245.255479 compaction_batch_target=32 compaction_max_delay_ms=10 stitch_rate_per_sec=88.007267 failed=0 max_backlog=170 pressure_yields=0 external_search_requests=928 external_candidates=246440 stitch_batches=233 avg_stitch_batch_size=16.639485 peer_stitch_enqueued=958 peer_stitch_processed=948 peer_stitch_items=15358 peer_stitch_rate_per_sec=358.043869 peer_stitch_max_queue=17 peer_reverse_enqueued=941 peer_reverse_processed=936 peer_reverse_remaining=5 peer_reverse_items_enqueued=46953 peer_reverse_items_processed=46813 peer_reverse_rate_per_sec=1091.360049 peer_reverse_failed=0 peer_reverse_max_queue=15 reclaim_ack=3764 reclaim_pending=0 reclaim_reused=0 dynamic_high_watermark=13681672224 stitch_remaining=0 cleanup_remaining=0 remaining=0
[storage-peer] slow graph-update apply self_shard=1 rpc_type=1 task_count=2 item_count=38 grouped_targets=38 elapsed_ms=1192.66
[storage-peer] slow graph-update apply self_shard=1 rpc_type=1 task_count=2 item_count=103 grouped_targets=103 elapsed_ms=1011.54
[STATUS]: storage-owner maintenance observation: enqueued=4741 stitch_enqueued=4741 cleanup_enqueued=0 stitch_tasks_done=4091 stitched_live=4091 cleanup_processed=0 stale=0 stitch_completion_ratio=0.862898 live_stitch_completion_ratio=0.862898 avg_stitch_delay_ms=2069.449295 p99_stitch_delay_upper_ms=4000.000000 p99_stitch_delay_over_30s=false max_stitch_delay_ms=4245.255479 compaction_batch_target=32 compaction_max_delay_ms=10 stitch_rate_per_sec=83.353671 failed=0 max_backlog=428 pressure_yields=0 external_search_requests=1040 external_candidates=276008 stitch_batches=260 avg_stitch_batch_size=16.588462 peer_stitch_enqueued=1072 peer_stitch_processed=1065 peer_stitch_items=17650 peer_stitch_rate_per_sec=359.616793 peer_stitch_max_queue=17 peer_reverse_enqueued=1055 peer_reverse_processed=1052 peer_reverse_remaining=3 peer_reverse_items_enqueued=54098 peer_reverse_items_processed=53802 peer_reverse_rate_per_sec=1096.209783 peer_reverse_failed=0 peer_reverse_max_queue=15 reclaim_ack=4062 reclaim_pending=0 reclaim_reused=0 dynamic_high_watermark=13682252832 stitch_remaining=428 cleanup_remaining=0 remaining=428
[storage-peer] slow graph-update apply self_shard=1 rpc_type=1 task_count=1 item_count=68 grouped_targets=68 elapsed_ms=1126.44
[storage-peer] slow graph-update apply self_shard=1 rpc_type=1 task_count=4 item_count=238 grouped_targets=230 elapsed_ms=1127.47
[storage-peer] slow reverse-update response self_shard=1 target_shard=0 request_id=2180 item_count=105 success=1 elapsed_ms=1410.87
[storage-peer] slow reverse-update response self_shard=1 target_shard=0 request_id=2177 item_count=75 success=1 elapsed_ms=1315.25
[storage-peer] slow reverse-update response self_shard=1 target_shard=0 request_id=2236 item_count=149 success=1 elapsed_ms=1429.27
[STATUS]: storage-owner maintenance observation: enqueued=5242 stitch_enqueued=5242 cleanup_enqueued=0 stitch_tasks_done=4921 stitched_live=4921 cleanup_processed=0 stale=0 stitch_completion_ratio=0.938764 live_stitch_completion_ratio=0.938764 avg_stitch_delay_ms=2301.291532 p99_stitch_delay_upper_ms=8000.000000 p99_stitch_delay_over_30s=false max_stitch_delay_ms=4753.013001 compaction_batch_target=32 compaction_max_delay_ms=10 stitch_rate_per_sec=89.554510 failed=0 max_backlog=476 pressure_yields=0 external_search_requests=1144 external_candidates=329256 stitch_batches=286 avg_stitch_batch_size=17.989510 peer_stitch_enqueued=1187 peer_stitch_processed=1173 peer_stitch_items=19751 peer_stitch_rate_per_sec=359.437334 peer_stitch_max_queue=17 peer_reverse_enqueued=1163 peer_reverse_processed=1162 peer_reverse_remaining=1 peer_reverse_items_enqueued=60245 peer_reverse_items_processed=60203 peer_reverse_rate_per_sec=1095.600516 peer_reverse_failed=0 peer_reverse_max_queue=15 reclaim_ack=4889 reclaim_pending=0 reclaim_reused=0 dynamic_high_watermark=13682589504 stitch_remaining=97 cleanup_remaining=0 remaining=97
[storage-peer] slow reverse-update response self_shard=1 target_shard=3 request_id=2263 item_count=67 success=1 elapsed_ms=1042.11
[storage-peer] slow reverse-update response self_shard=1 target_shard=4 request_id=2438 item_count=4 success=1 elapsed_ms=1301.77
[storage-peer] slow reverse-update response self_shard=1 target_shard=4 request_id=2443 item_count=3 success=1 elapsed_ms=1049.01
[storage-peer] slow reverse-update response self_shard=1 target_shard=4 request_id=2444 item_count=2 success=1 elapsed_ms=1160.67
[storage-peer] slow reverse-update response self_shard=1 target_shard=0 request_id=2462 item_count=122 success=1 elapsed_ms=1128.84
[STATUS]: storage-owner maintenance observation: enqueued=5789 stitch_enqueued=5789 cleanup_enqueued=0 stitch_tasks_done=5512 stitched_live=5512 cleanup_processed=0 stale=0 stitch_completion_ratio=0.952151 live_stitch_completion_ratio=0.952151 avg_stitch_delay_ms=2342.289218 p99_stitch_delay_upper_ms=8000.000000 p99_stitch_delay_over_30s=false max_stitch_delay_ms=4753.013001 compaction_batch_target=32 compaction_max_delay_ms=10 stitch_rate_per_sec=90.985396 failed=0 max_backlog=476 pressure_yields=0 external_search_requests=1245 external_candidates=355304 stitch_batches=317 avg_stitch_batch_size=18.037855 peer_stitch_enqueued=1320 peer_stitch_processed=1312 peer_stitch_items=22109 peer_stitch_rate_per_sec=364.948498 peer_stitch_max_queue=17 peer_reverse_enqueued=1296 peer_reverse_processed=1291 peer_reverse_remaining=5 peer_reverse_items_enqueued=67141 peer_reverse_items_processed=66735 peer_reverse_rate_per_sec=1101.580261 peer_reverse_failed=0 peer_reverse_max_queue=15 reclaim_ack=5385 reclaim_pending=0 reclaim_reused=0 dynamic_high_watermark=13682957088 stitch_remaining=71 cleanup_remaining=0 remaining=71
[storage-peer] slow graph-update apply self_shard=1 rpc_type=1 task_count=3 item_count=172 grouped_targets=171 elapsed_ms=1137.64
[storage-peer] slow reverse-update response self_shard=1 target_shard=0 request_id=2522 item_count=196 success=1 elapsed_ms=1208.14
[storage-peer] slow reverse-update response self_shard=1 target_shard=0 request_id=2518 item_count=166 success=1 elapsed_ms=1285.7
[storage-peer] slow reverse-update response self_shard=1 target_shard=0 request_id=2514 item_count=162 success=1 elapsed_ms=1300.32
[storage-peer] slow graph-update apply self_shard=1 rpc_type=1 task_count=1 item_count=110 grouped_targets=110 elapsed_ms=1081.85
[STATUS]: storage-owner maintenance observation: enqueued=6307 stitch_enqueued=6307 cleanup_enqueued=0 stitch_tasks_done=6004 stitched_live=6004 cleanup_processed=0 stale=0 stitch_completion_ratio=0.951958 live_stitch_completion_ratio=0.951958 avg_stitch_delay_ms=2394.673258 p99_stitch_delay_upper_ms=8000.000000 p99_stitch_delay_over_30s=false max_stitch_delay_ms=4753.013001 compaction_batch_target=32 compaction_max_delay_ms=10 stitch_rate_per_sec=91.140333 failed=0 max_backlog=476 pressure_yields=0 external_search_requests=1333 external_candidates=394856 stitch_batches=334 avg_stitch_batch_size=18.544910 peer_stitch_enqueued=1414 peer_stitch_processed=1398 peer_stitch_items=24009 peer_stitch_rate_per_sec=364.455072 peer_stitch_max_queue=17 peer_reverse_enqueued=1392 peer_reverse_processed=1386 peer_reverse_remaining=6 peer_reverse_items_enqueued=73489 peer_reverse_items_processed=73237 peer_reverse_rate_per_sec=1111.732939 peer_reverse_failed=0 peer_reverse_max_queue=15 reclaim_ack=5972 reclaim_pending=0 reclaim_reused=0 dynamic_high_watermark=13683305184 stitch_remaining=113 cleanup_remaining=0 remaining=113
[STATUS]: storage-owner maintenance observation: enqueued=6777 stitch_enqueued=6777 cleanup_enqueued=0 stitch_tasks_done=6568 stitched_live=6568 cleanup_processed=0 stale=0 stitch_completion_ratio=0.969160 live_stitch_completion_ratio=0.969160 avg_stitch_delay_ms=2399.287552 p99_stitch_delay_upper_ms=8000.000000 p99_stitch_delay_over_30s=false max_stitch_delay_ms=4753.013001 compaction_batch_target=32 compaction_max_delay_ms=10 stitch_rate_per_sec=92.402012 failed=0 max_backlog=476 pressure_yields=0 external_search_requests=1434 external_candidates=429160 stitch_batches=360 avg_stitch_batch_size=18.755556 peer_stitch_enqueued=1502 peer_stitch_processed=1496 peer_stitch_items=26012 peer_stitch_rate_per_sec=365.950233 peer_stitch_max_queue=17 peer_reverse_enqueued=1484 peer_reverse_processed=1479 peer_reverse_remaining=5 peer_reverse_items_enqueued=79411 peer_reverse_items_processed=78859 peer_reverse_rate_per_sec=1109.429086 peer_reverse_failed=0 peer_reverse_max_queue=15 reclaim_ack=6515 reclaim_pending=0 reclaim_reused=0 dynamic_high_watermark=13683621024 stitch_remaining=25 cleanup_remaining=0 remaining=25
[STATUS]: storage-owner maintenance observation: enqueued=7136 stitch_enqueued=7136 cleanup_enqueued=0 stitch_tasks_done=7016 stitched_live=7016 cleanup_processed=0 stale=0 stitch_completion_ratio=0.983184 live_stitch_completion_ratio=0.983184 avg_stitch_delay_ms=2387.245817 p99_stitch_delay_upper_ms=8000.000000 p99_stitch_delay_over_30s=false max_stitch_delay_ms=4753.013001 compaction_batch_target=32 compaction_max_delay_ms=10 stitch_rate_per_sec=91.957413 failed=0 max_backlog=476 pressure_yields=0 external_search_requests=1533 external_candidates=453544 stitch_batches=385 avg_stitch_batch_size=18.475325 peer_stitch_enqueued=1590 peer_stitch_processed=1585 peer_stitch_items=28203 peer_stitch_rate_per_sec=369.651498 peer_stitch_max_queue=17 peer_reverse_enqueued=1569 peer_reverse_processed=1566 peer_reverse_remaining=3 peer_reverse_items_enqueued=86224 peer_reverse_items_processed=86026 peer_reverse_rate_per_sec=1127.526852 peer_reverse_failed=0 peer_reverse_max_queue=15 reclaim_ack=6962 reclaim_pending=0 reclaim_reused=0 dynamic_high_watermark=13683862272 stitch_remaining=23 cleanup_remaining=0 remaining=23
[STATUS]: storage-owner maintenance observation: enqueued=7651 stitch_enqueued=7651 cleanup_enqueued=0 stitch_tasks_done=7375 stitched_live=7375 cleanup_processed=0 stale=0 stitch_completion_ratio=0.963926 live_stitch_completion_ratio=0.963926 avg_stitch_delay_ms=2380.455328 p99_stitch_delay_upper_ms=8000.000000 p99_stitch_delay_over_30s=false max_stitch_delay_ms=4753.013001 compaction_batch_target=32 compaction_max_delay_ms=10 stitch_rate_per_sec=90.552565 failed=0 max_backlog=476 pressure_yields=0 external_search_requests=1628 external_candidates=482728 stitch_batches=408 avg_stitch_batch_size=18.566176 peer_stitch_enqueued=1683 peer_stitch_processed=1658 peer_stitch_items=29769 peer_stitch_rate_per_sec=365.513128 peer_stitch_max_queue=19 peer_reverse_enqueued=1652 peer_reverse_processed=1649 peer_reverse_remaining=3 peer_reverse_items_enqueued=92384 peer_reverse_items_processed=92247 peer_reverse_rate_per_sec=1132.637626 peer_reverse_failed=0 peer_reverse_max_queue=15 reclaim_ack=7374 reclaim_pending=0 reclaim_reused=0 dynamic_high_watermark=13684208352 stitch_remaining=76 cleanup_remaining=0 remaining=76
[STATUS]: storage-owner maintenance observation: enqueued=8067 stitch_enqueued=8067 cleanup_enqueued=0 stitch_tasks_done=7846 stitched_live=7846 cleanup_processed=0 stale=0 stitch_completion_ratio=0.972604 live_stitch_completion_ratio=0.972604 avg_stitch_delay_ms=2406.217956 p99_stitch_delay_upper_ms=8000.000000 p99_stitch_delay_over_30s=false max_stitch_delay_ms=4753.013001 compaction_batch_target=32 compaction_max_delay_ms=10 stitch_rate_per_sec=90.745018 failed=0 max_backlog=476 pressure_yields=0 external_search_requests=1696 external_candidates=513576 stitch_batches=425 avg_stitch_batch_size=18.910588 peer_stitch_enqueued=1767 peer_stitch_processed=1749 peer_stitch_items=31800 peer_stitch_rate_per_sec=367.791432 peer_stitch_max_queue=19 peer_reverse_enqueued=1741 peer_reverse_processed=1738 peer_reverse_remaining=3 peer_reverse_items_enqueued=98644 peer_reverse_items_processed=98431 peer_reverse_rate_per_sec=1138.430141 peer_reverse_failed=0 peer_reverse_max_queue=15 reclaim_ack=7782 reclaim_pending=0 reclaim_reused=0 dynamic_high_watermark=13684487904 stitch_remaining=30 cleanup_remaining=0 remaining=30
[STATUS]: storage-owner maintenance observation: enqueued=8401 stitch_enqueued=8400 cleanup_enqueued=0 stitch_tasks_done=8319 stitched_live=8319 cleanup_processed=0 stale=0 stitch_completion_ratio=0.990357 live_stitch_completion_ratio=0.990357 avg_stitch_delay_ms=2377.897832 p99_stitch_delay_upper_ms=8000.000000 p99_stitch_delay_over_30s=false max_stitch_delay_ms=4753.013001 compaction_batch_target=32 compaction_max_delay_ms=10 stitch_rate_per_sec=90.948330 failed=0 max_backlog=476 pressure_yields=0 external_search_requests=1818 external_candidates=535592 stitch_batches=456 avg_stitch_batch_size=18.421053 peer_stitch_enqueued=1893 peer_stitch_processed=1886 peer_stitch_items=33793 peer_stitch_rate_per_sec=369.445477 peer_stitch_max_queue=19 peer_reverse_enqueued=1873 peer_reverse_processed=1865 peer_reverse_remaining=8 peer_reverse_items_enqueued=104977 peer_reverse_items_processed=104503 peer_reverse_rate_per_sec=1142.489884 peer_reverse_failed=0 peer_reverse_max_queue=15 reclaim_ack=8319 reclaim_pending=0 reclaim_reused=0 dynamic_high_watermark=13684712352 stitch_remaining=1 cleanup_remaining=0 remaining=1
[STATUS]: storage-owner maintenance observation: enqueued=9037 stitch_enqueued=9037 cleanup_enqueued=0 stitch_tasks_done=8823 stitched_live=8823 cleanup_processed=0 stale=0 stitch_completion_ratio=0.976320 live_stitch_completion_ratio=0.976320 avg_stitch_delay_ms=2336.205387 p99_stitch_delay_upper_ms=8000.000000 p99_stitch_delay_over_30s=false max_stitch_delay_ms=4753.013001 compaction_batch_target=32 compaction_max_delay_ms=10 stitch_rate_per_sec=90.874946 failed=0 max_backlog=476 pressure_yields=0 external_search_requests=1945 external_candidates=565330 stitch_batches=492 avg_stitch_batch_size=18.150407 peer_stitch_enqueued=2037 peer_stitch_processed=2028 peer_stitch_items=35478 peer_stitch_rate_per_sec=365.415543 peer_stitch_max_queue=19 peer_reverse_enqueued=2008 peer_reverse_processed=2007 peer_reverse_remaining=1 peer_reverse_items_enqueued=110449 peer_reverse_items_processed=110438 peer_reverse_rate_per_sec=1137.486942 peer_reverse_failed=0 peer_reverse_max_queue=15 reclaim_ack=8777 reclaim_pending=0 reclaim_reused=0 dynamic_high_watermark=13685139744 stitch_remaining=107 cleanup_remaining=0 remaining=107
[STATUS]: storage-owner maintenance observation: enqueued=9421 stitch_enqueued=9421 cleanup_enqueued=0 stitch_tasks_done=9182 stitched_live=9182 cleanup_processed=0 stale=0 stitch_completion_ratio=0.974631 live_stitch_completion_ratio=0.974631 avg_stitch_delay_ms=2350.519937 p99_stitch_delay_upper_ms=8000.000000 p99_stitch_delay_over_30s=false max_stitch_delay_ms=4753.013001 compaction_batch_target=32 compaction_max_delay_ms=10 stitch_rate_per_sec=89.866203 failed=0 max_backlog=476 pressure_yields=0 external_search_requests=2040 external_candidates=594210 stitch_batches=511 avg_stitch_batch_size=18.232877 peer_stitch_enqueued=2123 peer_stitch_processed=2118 peer_stitch_items=37225 peer_stitch_rate_per_sec=364.329056 peer_stitch_max_queue=19 peer_reverse_enqueued=2106 peer_reverse_processed=2095 peer_reverse_remaining=11 peer_reverse_items_enqueued=117249 peer_reverse_items_processed=116421 peer_reverse_rate_per_sec=1139.437288 peer_reverse_failed=0 peer_reverse_max_queue=15 reclaim_ack=9133 reclaim_pending=0 reclaim_reused=0 dynamic_high_watermark=13685397792 stitch_remaining=104 cleanup_remaining=0 remaining=104
[STATUS]: storage-owner maintenance observation: enqueued=9828 stitch_enqueued=9825 cleanup_enqueued=0 stitch_tasks_done=9706 stitched_live=9706 cleanup_processed=0 stale=0 stitch_completion_ratio=0.987888 live_stitch_completion_ratio=0.987888 avg_stitch_delay_ms=2351.149305 p99_stitch_delay_upper_ms=8000.000000 p99_stitch_delay_over_30s=false max_stitch_delay_ms=4753.013001 compaction_batch_target=32 compaction_max_delay_ms=10 stitch_rate_per_sec=90.556779 failed=0 max_backlog=476 pressure_yields=0 external_search_requests=2137 external_candidates=623308 stitch_batches=540 avg_stitch_batch_size=18.192593 peer_stitch_enqueued=2225 peer_stitch_processed=2211 peer_stitch_items=38931 peer_stitch_rate_per_sec=363.225422 peer_stitch_max_queue=19 peer_reverse_enqueued=2196 peer_reverse_processed=2196 peer_reverse_remaining=0 peer_reverse_items_enqueued=123053 peer_reverse_items_processed=123053 peer_reverse_rate_per_sec=1148.081937 peer_reverse_failed=0 peer_reverse_max_queue=15 reclaim_ack=9633 reclaim_pending=0 reclaim_reused=0 dynamic_high_watermark=13685671296 stitch_remaining=4 cleanup_remaining=0 remaining=4
[STATUS]: storage-owner maintenance observation: enqueued=10368 stitch_enqueued=10368 cleanup_enqueued=0 stitch_tasks_done=10073 stitched_live=10073 cleanup_processed=0 stale=0 stitch_completion_ratio=0.971547 live_stitch_completion_ratio=0.971547 avg_stitch_delay_ms=2353.024672 p99_stitch_delay_upper_ms=8000.000000 p99_stitch_delay_over_30s=false max_stitch_delay_ms=4753.013001 compaction_batch_target=32 compaction_max_delay_ms=10 stitch_rate_per_sec=89.489623 failed=0 max_backlog=476 pressure_yields=0 external_search_requests=2244 external_candidates=656783 stitch_batches=561 avg_stitch_batch_size=18.294118 peer_stitch_enqueued=2343 peer_stitch_processed=2339 peer_stitch_items=40691 peer_stitch_rate_per_sec=361.503250 peer_stitch_max_queue=21 peer_reverse_enqueued=2323 peer_reverse_processed=2312 peer_reverse_remaining=11 peer_reverse_items_enqueued=129724 peer_reverse_items_processed=128690 peer_reverse_rate_per_sec=1143.295895 peer_reverse_failed=0 peer_reverse_max_queue=15 reclaim_ack=10072 reclaim_pending=0 reclaim_reused=0 dynamic_high_watermark=13686034176 stitch_remaining=105 cleanup_remaining=0 remaining=105
[storage-peer] slow graph-update apply self_shard=1 rpc_type=1 task_count=1 item_count=202 grouped_targets=202 elapsed_ms=1025.44
[storage-peer] slow graph-update apply self_shard=1 rpc_type=1 task_count=1 item_count=228 grouped_targets=228 elapsed_ms=1026.38
[storage-peer] slow graph-update apply self_shard=1 rpc_type=1 task_count=1 item_count=189 grouped_targets=189 elapsed_ms=1030.59
[storage-peer] slow graph-update apply self_shard=1 rpc_type=1 task_count=1 item_count=201 grouped_targets=201 elapsed_ms=1031.47
[STATUS]: storage-owner maintenance observation: enqueued=10817 stitch_enqueued=10817 cleanup_enqueued=0 stitch_tasks_done=10688 stitched_live=10688 cleanup_processed=0 stale=0 stitch_completion_ratio=0.988074 live_stitch_completion_ratio=0.988074 avg_stitch_delay_ms=2327.769294 p99_stitch_delay_upper_ms=8000.000000 p99_stitch_delay_over_30s=false max_stitch_delay_ms=4753.013001 compaction_batch_target=32 compaction_max_delay_ms=10 stitch_rate_per_sec=90.674520 failed=0 max_backlog=476 pressure_yields=0 external_search_requests=2383 external_candidates=688959 stitch_batches=596 avg_stitch_batch_size=18.068792 peer_stitch_enqueued=2493 peer_stitch_processed=2485 peer_stitch_items=42645 peer_stitch_rate_per_sec=361.790319 peer_stitch_max_queue=21 peer_reverse_enqueued=2465 peer_reverse_processed=2457 peer_reverse_remaining=8 peer_reverse_items_enqueued=135986 peer_reverse_items_processed=135578 peer_reverse_rate_per_sec=1150.212400 peer_reverse_failed=0 peer_reverse_max_queue=15 reclaim_ack=10668 reclaim_pending=0 reclaim_reused=0 dynamic_high_watermark=13686335904 stitch_remaining=48 cleanup_remaining=0 remaining=48
[storage-peer] slow graph-update apply self_shard=1 rpc_type=1 task_count=3 item_count=63 grouped_targets=59 elapsed_ms=1012.31
[storage-peer] slow graph-update apply self_shard=1 rpc_type=1 task_count=1 item_count=55 grouped_targets=55 elapsed_ms=1013.08
[STATUS]: storage-owner maintenance observation: enqueued=11243 stitch_enqueued=11243 cleanup_enqueued=0 stitch_tasks_done=11065 stitched_live=11065 cleanup_processed=0 stale=0 stitch_completion_ratio=0.984168 live_stitch_completion_ratio=0.984168 avg_stitch_delay_ms=2293.125948 p99_stitch_delay_upper_ms=8000.000000 p99_stitch_delay_over_30s=false max_stitch_delay_ms=4753.013001 compaction_batch_target=32 compaction_max_delay_ms=10 stitch_rate_per_sec=89.880252 failed=0 max_backlog=476 pressure_yields=0 external_search_requests=2527 external_candidates=716361 stitch_batches=632 avg_stitch_batch_size=17.724684 peer_stitch_enqueued=2634 peer_stitch_processed=2630 peer_stitch_items=44713 peer_stitch_rate_per_sec=363.200698 peer_stitch_max_queue=21 peer_reverse_enqueued=2607 peer_reverse_processed=2600 peer_reverse_remaining=7 peer_reverse_items_enqueued=142016 peer_reverse_items_processed=141765 peer_reverse_rate_per_sec=1151.547580 peer_reverse_failed=0 peer_reverse_max_queue=15 reclaim_ack=11059 reclaim_pending=0 reclaim_reused=0 dynamic_high_watermark=13686622176 stitch_remaining=41 cleanup_remaining=0 remaining=41
[STATUS]: storage-owner maintenance observation: enqueued=11569 stitch_enqueued=11569 cleanup_enqueued=0 stitch_tasks_done=11508 stitched_live=11508 cleanup_processed=0 stale=0 stitch_completion_ratio=0.994727 live_stitch_completion_ratio=0.994727 avg_stitch_delay_ms=2258.506756 p99_stitch_delay_upper_ms=8000.000000 p99_stitch_delay_over_30s=false max_stitch_delay_ms=4753.013001 compaction_batch_target=32 compaction_max_delay_ms=10 stitch_rate_per_sec=89.779579 failed=0 max_backlog=476 pressure_yields=0 external_search_requests=2660 external_candidates=738953 stitch_batches=665 avg_stitch_batch_size=17.363910 peer_stitch_enqueued=2782 peer_stitch_processed=2770 peer_stitch_items=46560 peer_stitch_rate_per_sec=363.237503 peer_stitch_max_queue=21 peer_reverse_enqueued=2751 peer_reverse_processed=2748 peer_reverse_remaining=3 peer_reverse_items_enqueued=147722 peer_reverse_items_processed=147572 peer_reverse_rate_per_sec=1151.281891 peer_reverse_failed=0 peer_reverse_max_queue=17 reclaim_ack=11477 reclaim_pending=0 reclaim_reused=0 dynamic_high_watermark=13686841248 stitch_remaining=22 cleanup_remaining=0 remaining=22
[STATUS]: storage-owner maintenance observation: enqueued=12019 stitch_enqueued=12019 cleanup_enqueued=0 stitch_tasks_done=11895 stitched_live=11895 cleanup_processed=0 stale=0 stitch_completion_ratio=0.989683 live_stitch_completion_ratio=0.989683 avg_stitch_delay_ms=2232.950794 p99_stitch_delay_upper_ms=8000.000000 p99_stitch_delay_over_30s=false max_stitch_delay_ms=4753.013001 compaction_batch_target=32 compaction_max_delay_ms=10 stitch_rate_per_sec=89.298291 failed=0 max_backlog=476 pressure_yields=0 external_search_requests=2792 external_candidates=765373 stitch_batches=699 avg_stitch_batch_size=17.155937 peer_stitch_enqueued=2919 peer_stitch_processed=2918 peer_stitch_items=48452 peer_stitch_rate_per_sec=363.739451 peer_stitch_max_queue=21 peer_reverse_enqueued=2892 peer_reverse_processed=2881 peer_reverse_remaining=11 peer_reverse_items_enqueued=152809 peer_reverse_items_processed=152526 peer_reverse_rate_per_sec=1145.045067 peer_reverse_failed=0 peer_reverse_max_queue=17 reclaim_ack=11875 reclaim_pending=0 reclaim_reused=0 dynamic_high_watermark=13687143648 stitch_remaining=27 cleanup_remaining=0 remaining=27
[STATUS]: storage-owner maintenance observation: enqueued=12531 stitch_enqueued=12531 cleanup_enqueued=0 stitch_tasks_done=12316 stitched_live=12316 cleanup_processed=0 stale=0 stitch_completion_ratio=0.982843 live_stitch_completion_ratio=0.982843 avg_stitch_delay_ms=2209.954944 p99_stitch_delay_upper_ms=8000.000000 p99_stitch_delay_over_30s=false max_stitch_delay_ms=4753.013001 compaction_batch_target=32 compaction_max_delay_ms=10 stitch_rate_per_sec=88.764641 failed=0 max_backlog=476 pressure_yields=0 external_search_requests=2916 external_candidates=795453 stitch_batches=730 avg_stitch_batch_size=17.071233 peer_stitch_enqueued=3067 peer_stitch_processed=3061 peer_stitch_items=50288 peer_stitch_rate_per_sec=362.438801 peer_stitch_max_queue=21 peer_reverse_enqueued=3032 peer_reverse_processed=3022 peer_reverse_remaining=10 peer_reverse_items_enqueued=158472 peer_reverse_items_processed=158171 peer_reverse_rate_per_sec=1139.979869 peer_reverse_failed=0 peer_reverse_max_queue=17 reclaim_ack=12314 reclaim_pending=0 reclaim_reused=0 dynamic_high_watermark=13687487712 stitch_remaining=69 cleanup_remaining=0 remaining=69
[storage-peer] slow graph-update apply self_shard=1 rpc_type=1 task_count=3 item_count=208 grouped_targets=208 elapsed_ms=1279.77
[STATUS]: storage-owner maintenance observation: enqueued=13080 stitch_enqueued=13080 cleanup_enqueued=0 stitch_tasks_done=12817 stitched_live=12817 cleanup_processed=0 stale=0 stitch_completion_ratio=0.979893 live_stitch_completion_ratio=0.979893 avg_stitch_delay_ms=2209.634048 p99_stitch_delay_upper_ms=8000.000000 p99_stitch_delay_over_30s=false max_stitch_delay_ms=4753.013001 compaction_batch_target=32 compaction_max_delay_ms=10 stitch_rate_per_sec=89.018746 failed=0 max_backlog=476 pressure_yields=0 external_search_requests=2996 external_candidates=820221 stitch_batches=756 avg_stitch_batch_size=17.250000 peer_stitch_enqueued=3178 peer_stitch_processed=3167 peer_stitch_items=51982 peer_stitch_rate_per_sec=361.033975 peer_stitch_max_queue=21 peer_reverse_enqueued=3148 peer_reverse_processed=3146 peer_reverse_remaining=2 peer_reverse_items_enqueued=165409 peer_reverse_items_processed=165232 peer_reverse_rate_per_sec=1147.596587 peer_reverse_failed=0 peer_reverse_max_queue=17 reclaim_ack=12785 reclaim_pending=0 reclaim_reused=0 dynamic_high_watermark=13687856640 stitch_remaining=39 cleanup_remaining=0 remaining=39
[STATUS]: storage-owner maintenance observation: enqueued=13707 stitch_enqueued=13707 cleanup_enqueued=0 stitch_tasks_done=13361 stitched_live=13361 cleanup_processed=0 stale=0 stitch_completion_ratio=0.974757 live_stitch_completion_ratio=0.974757 avg_stitch_delay_ms=2244.321586 p99_stitch_delay_upper_ms=8000.000000 p99_stitch_delay_over_30s=false max_stitch_delay_ms=4753.013001 compaction_batch_target=32 compaction_max_delay_ms=10 stitch_rate_per_sec=89.249319 failed=0 max_backlog=476 pressure_yields=0 external_search_requests=3087 external_candidates=866805 stitch_batches=773 avg_stitch_batch_size=17.574386 peer_stitch_enqueued=3282 peer_stitch_processed=3278 peer_stitch_items=53774 peer_stitch_rate_per_sec=359.201621 peer_stitch_max_queue=21 peer_reverse_enqueued=3246 peer_reverse_processed=3241 peer_reverse_remaining=5 peer_reverse_items_enqueued=171419 peer_reverse_items_processed=170850 peer_reverse_rate_per_sec=1141.250362 peer_reverse_failed=0 peer_reverse_max_queue=17 reclaim_ack=13329 reclaim_pending=0 reclaim_reused=0 dynamic_high_watermark=13688277984 stitch_remaining=122 cleanup_remaining=0 remaining=122
