============================================================
                        SERVER
============================================================
num clients:                  1
TCP port:                     1235
IB device:                    <auto>
IB port:                      1
max outstanding CQEs:         64
max send work requests:       4096
max receive work requests:    4096
============================================================
server index file:            "/data/xjs/index/dvstor_sift100m/index/sift100m_R48_bw200_metis_node2_of5.dat"
============================================================
1 device(s) found
Selected device: ibp86s0
Selected port state: 4, lid: 8
num_cores: 112
physical cores per socket: 28
hyperthreading enabled
interleaved policy
pairing: 47530 -- 13783
[STATUS]: pinned main thread to core 28
[STATUS]: loaded index metadata from /data/xjs/index/dvstor_sift100m/index/sift100m_R48_bw200_metis (layout=rabitq, vector_data_type=uint8)
allocation size: 13958643712
allocated ALIGNED MEM (no hugepage) at 127900120514624 with buffer size 13958643712
[STATUS]: loading index (8524937344 Bytes) from /data/xjs/index/dvstor_sift100m/index/sift100m_R48_bw200_metis_node2_of5.dat
[STATUS]: storage-owner anchors loaded on shard 1: entries=20480 memory=10652160 bytes
[STATUS]: register memory and distribute access token
[STATUS]: connect QPs of compute threads
pairing: 47535 -- 13788
pairing: 47541 -- 13793
pairing: 47545 -- 13798
pairing: 47550 -- 13803
[STATUS]: waiting for commands from compute node...
[STATUS]: loading index (8524937344 Bytes) from /data/xjs/index/dvstor_sift100m/index/sift100m_R48_bw200_metis_node2_of5.dat
1 device(s) found
Selected device: ibp86s0
Selected port state: 4, lid: 8
pairing: 47555 -- 47556
pairing: 47560 -- 47561
pairing: 47564 -- 47568
pairing: 47569 -- 47570
pairing: 47572 -- 47567
pairing: 47577 -- 47578
pairing: 47581 -- 47582
pairing: 47584 -- 47586
pairing: 47589 -- 47596
pairing: 47598 -- 47597
pairing: 47600 -- 47599
pairing: 47602 -- 47601
pairing: 47604 -- 47603
pairing: 47606 -- 47605
pairing: 47608 -- 47607
pairing: 47610 -- 47609
[STATUS]: storage-owner peer RDMA QPs per peer: 4
[STATUS]: storage-owner peer QP0 reserved for RPC; data RDMA uses QP1..3
allocated ALIGNED MEM (no hugepage) at 127899776581696 with buffer size 67108864
allocated ALIGNED MEM (no hugepage) at 127899766095936 with buffer size 9979200
[STATUS]: storage-owner peer RPC receive slots per peer: 64 (requested=64)
allocated ALIGNED MEM (no hugepage) at 127899928899648 with buffer size 302080
allocated ALIGNED MEM (no hugepage) at 127899696889920 with buffer size 67108864
allocated ALIGNED MEM (no hugepage) at 127899627683904 with buffer size 67108864
allocated ALIGNED MEM (no hugepage) at 127899558477888 with buffer size 67108864
allocated ALIGNED MEM (no hugepage) at 127899489271872 with buffer size 67108864
allocated ALIGNED MEM (no hugepage) at 127899420065856 with buffer size 67108864
allocated ALIGNED MEM (no hugepage) at 127899350859840 with buffer size 67108864
allocated ALIGNED MEM (no hugepage) at 127899281653824 with buffer size 67108864
allocated ALIGNED MEM (no hugepage) at 127899212447808 with buffer size 67108864
allocated ALIGNED MEM (no hugepage) at 127899143241792 with buffer size 67108864
allocated ALIGNED MEM (no hugepage) at 127899074035776 with buffer size 67108864
allocated ALIGNED MEM (no hugepage) at 127899004829760 with buffer size 67108864
allocated ALIGNED MEM (no hugepage) at 127898935623744 with buffer size 67108864
allocated ALIGNED MEM (no hugepage) at 127898866417728 with buffer size 67108864
allocated ALIGNED MEM (no hugepage) at 127898797211712 with buffer size 67108864
allocated ALIGNED MEM (no hugepage) at 127898728005696 with buffer size 67108864
allocated ALIGNED MEM (no hugepage) at 127898658799680 with buffer size 67108864
[STATUS]: storage-owner peer reverse-update workers: 8
[STATUS]: storage-owner peer stitch-search workers: 8
[STATUS]: storage-owner peer reverse-update tuning: mode=async queue_depth=65536 flush_us=200 coalesce_max=256
allocated ALIGNED MEM (no hugepage) at 127898390364224 with buffer size 67108864
allocated ALIGNED MEM (no hugepage) at 127897413091392 with buffer size 67108864
allocated ALIGNED MEM (no hugepage) at 127897343885376 with buffer size 67108864
allocated ALIGNED MEM (no hugepage) at 127897274679360 with buffer size 67108864
allocated ALIGNED MEM (no hugepage) at 127897205473344 with buffer size 67108864
allocated ALIGNED MEM (no hugepage) at 127897136267328 with buffer size 67108864
allocated ALIGNED MEM (no hugepage) at 127897067061312 with buffer size 67108864
allocated ALIGNED MEM (no hugepage) at 127896997855296 with buffer size 67108864
[STATUS]: storage-owner maintenance workers: 8 (configured=8, resource_gated_parallel_stitching=true)
[STATUS]: storage-owner maintenance tuning: mode=finalize local_stitch=true compaction_batch_target=32 compaction_max_delay_ms=3000 compaction_pace_slot_ms=80
[STATUS]: storage-owner peer RDMA read credits per peer: 8 per QP: 8 (requested=8)
[STATUS]: storage-owner online insert tuning: construction_beam=128 snapshot_batch=64 prune_max_candidates=128 update_mode=local_stitch
[STATUS]: storage-owner coroutine scratch: snapshot_bytes=144 snapshot_stride=192 batch=64 per_coroutine=12736
allocated ALIGNED MEM (no hugepage) at 127896928649280 with buffer size 67108864
allocated ALIGNED MEM (no hugepage) at 127896859443264 with buffer size 67108864
allocated ALIGNED MEM (no hugepage) at 127896790237248 with buffer size 67108864
allocated ALIGNED MEM (no hugepage) at 127896721031232 with buffer size 67108864
allocated ALIGNED MEM (no hugepage) at 127896651825216 with buffer size 67108864
allocated ALIGNED MEM (no hugepage) at 127896582619200 with buffer size 67108864
allocated ALIGNED MEM (no hugepage) at 127896513413184 with buffer size 67108864
allocated ALIGNED MEM (no hugepage) at 127896444207168 with buffer size 67108864
[STATUS]: storage-owner insert runtime enabled on shard 1
[STATUS]: storage-owner maintenance observation: enqueued=1 stitch_enqueued=0 cleanup_enqueued=1 stitch_tasks_done=0 stitched_live=0 cleanup_processed=0 stale=0 stitch_completion_ratio=0.000000 live_stitch_completion_ratio=0.000000 avg_stitch_delay_ms=0.000000 max_stitch_delay_ms=0.000000 compaction_batch_target=32 compaction_max_delay_ms=3000 compaction_pace_slot_ms=80 stitch_rate_per_sec=0.000000 failed=0 max_backlog=1 pressure_yields=0 external_search_requests=0 external_candidates=0 stitch_batches=0 avg_stitch_batch_size=0.000000 peer_stitch_enqueued=0 peer_stitch_processed=0 peer_stitch_items=0 peer_stitch_rate_per_sec=0.000000 peer_stitch_max_queue=0 stitch_remaining=0 cleanup_remaining=1 remaining=1
[STATUS]: storage-owner maintenance observation: enqueued=559 stitch_enqueued=359 cleanup_enqueued=199 stitch_tasks_done=320 stitched_live=320 cleanup_processed=198 stale=0 stitch_completion_ratio=0.891365 live_stitch_completion_ratio=0.891365 avg_stitch_delay_ms=1177.607312 max_stitch_delay_ms=1715.150001 compaction_batch_target=32 compaction_max_delay_ms=3000 compaction_pace_slot_ms=80 stitch_rate_per_sec=22.648356 failed=0 max_backlog=84 pressure_yields=12 external_search_requests=40 external_candidates=61335 stitch_batches=11 avg_stitch_batch_size=32.000000 peer_stitch_enqueued=37 peer_stitch_processed=36 peer_stitch_items=1152 peer_stitch_rate_per_sec=81.534082 peer_stitch_max_queue=4 stitch_remaining=8 cleanup_remaining=1 remaining=9
[STATUS]: storage-owner maintenance observation: enqueued=1063 stitch_enqueued=681 cleanup_enqueued=382 stitch_tasks_done=608 stitched_live=608 cleanup_processed=380 stale=0 stitch_completion_ratio=0.892805 live_stitch_completion_ratio=0.892805 avg_stitch_delay_ms=1071.713883 max_stitch_delay_ms=1715.150001 compaction_batch_target=32 compaction_max_delay_ms=3000 compaction_pace_slot_ms=80 stitch_rate_per_sec=31.746194 failed=0 max_backlog=84 pressure_yields=19 external_search_requests=80 external_candidates=122623 stitch_batches=21 avg_stitch_batch_size=32.000000 peer_stitch_enqueued=74 peer_stitch_processed=72 peer_stitch_items=2304 peer_stitch_rate_per_sec=120.301368 peer_stitch_max_queue=4 stitch_remaining=9 cleanup_remaining=1 remaining=10
[STATUS]: storage-owner maintenance observation: enqueued=1503 stitch_enqueued=946 cleanup_enqueued=556 stitch_tasks_done=896 stitched_live=896 cleanup_processed=554 stale=0 stitch_completion_ratio=0.947146 live_stitch_completion_ratio=0.947146 avg_stitch_delay_ms=1047.121652 max_stitch_delay_ms=1715.150001 compaction_batch_target=32 compaction_max_delay_ms=3000 compaction_pace_slot_ms=80 stitch_rate_per_sec=37.080419 failed=0 max_backlog=84 pressure_yields=26 external_search_requests=116 external_candidates=177447 stitch_batches=29 avg_stitch_batch_size=32.000000 peer_stitch_enqueued=112 peer_stitch_processed=109 peer_stitch_items=3488 peer_stitch_rate_per_sec=144.348772 peer_stitch_max_queue=4 stitch_remaining=19 cleanup_remaining=1 remaining=20
[STATUS]: storage-owner maintenance observation: enqueued=2001 stitch_enqueued=1269 cleanup_enqueued=732 stitch_tasks_done=1184 stitched_live=1184 cleanup_processed=731 stale=0 stitch_completion_ratio=0.933018 live_stitch_completion_ratio=0.933018 avg_stitch_delay_ms=1069.587369 max_stitch_delay_ms=1715.150001 compaction_batch_target=32 compaction_max_delay_ms=3000 compaction_pace_slot_ms=80 stitch_rate_per_sec=40.531913 failed=0 max_backlog=84 pressure_yields=27 external_search_requests=148 external_candidates=226494 stitch_batches=39 avg_stitch_batch_size=32.000000 peer_stitch_enqueued=147 peer_stitch_processed=147 peer_stitch_items=4704 peer_stitch_rate_per_sec=161.032194 peer_stitch_max_queue=4 stitch_remaining=21 cleanup_remaining=1 remaining=22
[STATUS]: storage-owner maintenance observation: enqueued=2055 stitch_enqueued=1303 cleanup_enqueued=751 stitch_tasks_done=1303 stitched_live=1303 cleanup_processed=751 stale=0 stitch_completion_ratio=1.000000 live_stitch_completion_ratio=1.000000 avg_stitch_delay_ms=1115.540504 max_stitch_delay_ms=3219.528494 compaction_batch_target=32 compaction_max_delay_ms=3000 compaction_pace_slot_ms=80 stitch_rate_per_sec=37.305560 failed=0 max_backlog=84 pressure_yields=27 external_search_requests=164 external_candidates=249139 stitch_batches=41 avg_stitch_batch_size=31.780488 peer_stitch_enqueued=159 peer_stitch_processed=159 peer_stitch_items=4993 peer_stitch_rate_per_sec=142.952159 peer_stitch_max_queue=4 stitch_remaining=1 cleanup_remaining=0 remaining=1
[STATUS]: storage-owner maintenance observation: enqueued=2538 stitch_enqueued=1605 cleanup_enqueued=932 stitch_tasks_done=1559 stitched_live=1559 cleanup_processed=932 stale=0 stitch_completion_ratio=0.971340 live_stitch_completion_ratio=0.971340 avg_stitch_delay_ms=1113.501686 max_stitch_delay_ms=3219.528494 compaction_batch_target=32 compaction_max_delay_ms=3000 compaction_pace_slot_ms=80 stitch_rate_per_sec=38.963437 failed=0 max_backlog=84 pressure_yields=39 external_search_requests=199 external_candidates=302610 stitch_batches=50 avg_stitch_batch_size=31.820000 peer_stitch_enqueued=197 peer_stitch_processed=193 peer_stitch_items=6081 peer_stitch_rate_per_sec=151.979896 peer_stitch_max_queue=4 stitch_remaining=14 cleanup_remaining=1 remaining=15
[STATUS]: storage-owner maintenance observation: enqueued=2968 stitch_enqueued=1871 cleanup_enqueued=1096 stitch_tasks_done=1815 stitched_live=1815 cleanup_processed=1094 stale=0 stitch_completion_ratio=0.970069 live_stitch_completion_ratio=0.970069 avg_stitch_delay_ms=1109.684592 max_stitch_delay_ms=3219.528494 compaction_batch_target=32 compaction_max_delay_ms=3000 compaction_pace_slot_ms=80 stitch_rate_per_sec=40.310009 failed=0 max_backlog=84 pressure_yields=42 external_search_requests=230 external_candidates=349979 stitch_batches=58 avg_stitch_batch_size=31.844828 peer_stitch_enqueued=235 peer_stitch_processed=232 peer_stitch_items=7329 peer_stitch_rate_per_sec=162.772483 peer_stitch_max_queue=4 stitch_remaining=25 cleanup_remaining=1 remaining=26
[STATUS]: storage-owner maintenance observation: enqueued=3348 stitch_enqueued=2106 cleanup_enqueued=1242 stitch_tasks_done=2071 stitched_live=2071 cleanup_processed=1241 stale=0 stitch_completion_ratio=0.983381 live_stitch_completion_ratio=0.983381 avg_stitch_delay_ms=1101.643786 max_stitch_delay_ms=3219.528494 compaction_batch_target=32 compaction_max_delay_ms=3000 compaction_pace_slot_ms=80 stitch_rate_per_sec=41.398243 failed=0 max_backlog=84 pressure_yields=49 external_search_requests=260 external_candidates=395872 stitch_batches=66 avg_stitch_batch_size=31.863636 peer_stitch_enqueued=271 peer_stitch_processed=269 peer_stitch_items=8513 peer_stitch_rate_per_sec=170.170565 peer_stitch_max_queue=4 stitch_remaining=3 cleanup_remaining=0 remaining=3
[STATUS]: storage-owner maintenance observation: enqueued=3785 stitch_enqueued=2378 cleanup_enqueued=1406 stitch_tasks_done=2327 stitched_live=2327 cleanup_processed=1404 stale=0 stitch_completion_ratio=0.978553 live_stitch_completion_ratio=0.978553 avg_stitch_delay_ms=1092.998097 max_stitch_delay_ms=3219.528494 compaction_batch_target=32 compaction_max_delay_ms=3000 compaction_pace_slot_ms=80 stitch_rate_per_sec=42.199372 failed=0 max_backlog=84 pressure_yields=57 external_search_requests=292 external_candidates=444888 stitch_batches=74 avg_stitch_batch_size=31.878378 peer_stitch_enqueued=306 peer_stitch_processed=305 peer_stitch_items=9665 peer_stitch_rate_per_sec=175.271563 peer_stitch_max_queue=4 stitch_remaining=19 cleanup_remaining=2 remaining=21
[STATUS]: storage-owner maintenance observation: enqueued=4201 stitch_enqueued=2643 cleanup_enqueued=1558 stitch_tasks_done=2583 stitched_live=2583 cleanup_processed=1557 stale=0 stitch_completion_ratio=0.977299 live_stitch_completion_ratio=0.977299 avg_stitch_delay_ms=1091.670297 max_stitch_delay_ms=3219.528494 compaction_batch_target=32 compaction_max_delay_ms=3000 compaction_pace_slot_ms=80 stitch_rate_per_sec=42.933506 failed=0 max_backlog=84 pressure_yields=64 external_search_requests=328 external_candidates=499955 stitch_batches=82 avg_stitch_batch_size=31.890244 peer_stitch_enqueued=343 peer_stitch_processed=342 peer_stitch_items=10849 peer_stitch_rate_per_sec=180.327374 peer_stitch_max_queue=4 stitch_remaining=28 cleanup_remaining=1 remaining=29
[STATUS]: storage-owner maintenance observation: enqueued=4640 stitch_enqueued=2931 cleanup_enqueued=1708 stitch_tasks_done=2871 stitched_live=2871 cleanup_processed=1708 stale=0 stitch_completion_ratio=0.979529 live_stitch_completion_ratio=0.979529 avg_stitch_delay_ms=1085.935921 max_stitch_delay_ms=3219.528494 compaction_batch_target=32 compaction_max_delay_ms=3000 compaction_pace_slot_ms=80 stitch_rate_per_sec=44.015273 failed=0 max_backlog=84 pressure_yields=70 external_search_requests=360 external_candidates=549053 stitch_batches=91 avg_stitch_batch_size=31.901099 peer_stitch_enqueued=380 peer_stitch_processed=376 peer_stitch_items=11937 peer_stitch_rate_per_sec=183.006029 peer_stitch_max_queue=4 stitch_remaining=28 cleanup_remaining=1 remaining=29
[STATUS]: storage-owner maintenance observation: enqueued=5254 stitch_enqueued=3347 cleanup_enqueued=1907 stitch_tasks_done=3159 stitched_live=3159 cleanup_processed=1906 stale=0 stitch_completion_ratio=0.943830 live_stitch_completion_ratio=0.943830 avg_stitch_delay_ms=1071.674761 max_stitch_delay_ms=3219.528494 compaction_batch_target=32 compaction_max_delay_ms=3000 compaction_pace_slot_ms=80 stitch_rate_per_sec=44.967744 failed=0 max_backlog=125 pressure_yields=81 external_search_requests=400 external_candidates=610346 stitch_batches=101 avg_stitch_batch_size=31.910891 peer_stitch_enqueued=415 peer_stitch_processed=415 peer_stitch_items=13185 peer_stitch_rate_per_sec=187.685883 peer_stitch_max_queue=4 stitch_remaining=124 cleanup_remaining=1 remaining=125
[STATUS]: storage-owner maintenance observation: enqueued=5629 stitch_enqueued=3577 cleanup_enqueued=2052 stitch_tasks_done=3543 stitched_live=3543 cleanup_processed=2051 stale=0 stitch_completion_ratio=0.990495 live_stitch_completion_ratio=0.990495 avg_stitch_delay_ms=1141.558094 max_stitch_delay_ms=3219.528494 compaction_batch_target=32 compaction_max_delay_ms=3000 compaction_pace_slot_ms=80 stitch_rate_per_sec=47.029137 failed=0 max_backlog=161 pressure_yields=90 external_search_requests=444 external_candidates=677624 stitch_batches=112 avg_stitch_batch_size=31.919643 peer_stitch_enqueued=453 peer_stitch_processed=451 peer_stitch_items=14337 peer_stitch_rate_per_sec=190.306727 peer_stitch_max_queue=4 stitch_remaining=2 cleanup_remaining=1 remaining=3
[STATUS]: storage-owner maintenance observation: enqueued=6031 stitch_enqueued=3821 cleanup_enqueued=2208 stitch_tasks_done=3767 stitched_live=3767 cleanup_processed=2208 stale=0 stitch_completion_ratio=0.985868 live_stitch_completion_ratio=0.985868 avg_stitch_delay_ms=1134.792226 max_stitch_delay_ms=3219.528494 compaction_batch_target=32 compaction_max_delay_ms=3000 compaction_pace_slot_ms=80 stitch_rate_per_sec=46.854857 failed=0 max_backlog=161 pressure_yields=95 external_search_requests=476 external_candidates=726653 stitch_batches=119 avg_stitch_batch_size=31.924370 peer_stitch_enqueued=491 peer_stitch_processed=490 peer_stitch_items=15585 peer_stitch_rate_per_sec=193.849998 peer_stitch_max_queue=4 stitch_remaining=23 cleanup_remaining=1 remaining=24
[STATUS]: storage-owner maintenance observation: enqueued=6420 stitch_enqueued=4060 cleanup_enqueued=2360 stitch_tasks_done=4023 stitched_live=4023 cleanup_processed=2358 stale=0 stitch_completion_ratio=0.990887 live_stitch_completion_ratio=0.990887 avg_stitch_delay_ms=1125.463417 max_stitch_delay_ms=3219.528494 compaction_batch_target=32 compaction_max_delay_ms=3000 compaction_pace_slot_ms=80 stitch_rate_per_sec=47.105336 failed=0 max_backlog=161 pressure_yields=100 external_search_requests=504 external_candidates=769576 stitch_batches=127 avg_stitch_batch_size=31.929134 peer_stitch_enqueued=525 peer_stitch_processed=525 peer_stitch_items=16705 peer_stitch_rate_per_sec=195.598965 peer_stitch_max_queue=4 stitch_remaining=5 cleanup_remaining=1 remaining=6
[STATUS]: storage-owner maintenance observation: enqueued=6794 stitch_enqueued=4299 cleanup_enqueued=2494 stitch_tasks_done=4247 stitched_live=4247 cleanup_processed=2494 stale=0 stitch_completion_ratio=0.987904 live_stitch_completion_ratio=0.987904 avg_stitch_delay_ms=1125.418198 max_stitch_delay_ms=3219.528494 compaction_batch_target=32 compaction_max_delay_ms=3000 compaction_pace_slot_ms=80 stitch_rate_per_sec=46.972910 failed=0 max_backlog=161 pressure_yields=106 external_search_requests=535 external_candidates=817119 stitch_batches=134 avg_stitch_batch_size=31.932836 peer_stitch_enqueued=561 peer_stitch_processed=560 peer_stitch_items=17825 peer_stitch_rate_per_sec=197.149077 peer_stitch_max_queue=4 stitch_remaining=20 cleanup_remaining=1 remaining=21
[STATUS]: storage-owner maintenance observation: enqueued=7206 stitch_enqueued=4557 cleanup_enqueued=2649 stitch_tasks_done=4503 stitched_live=4503 cleanup_processed=2648 stale=0 stitch_completion_ratio=0.988150 live_stitch_completion_ratio=0.988150 avg_stitch_delay_ms=1120.916935 max_stitch_delay_ms=3219.528494 compaction_batch_target=32 compaction_max_delay_ms=3000 compaction_pace_slot_ms=80 stitch_rate_per_sec=47.186162 failed=0 max_backlog=161 pressure_yields=115 external_search_requests=568 external_candidates=867685 stitch_batches=142 avg_stitch_batch_size=31.936620 peer_stitch_enqueued=596 peer_stitch_processed=594 peer_stitch_items=18913 peer_stitch_rate_per_sec=198.186070 peer_stitch_max_queue=4 stitch_remaining=22 cleanup_remaining=1 remaining=23
[STATUS]: storage-owner maintenance observation: enqueued=7577 stitch_enqueued=4800 cleanup_enqueued=2777 stitch_tasks_done=4759 stitched_live=4759 cleanup_processed=2776 stale=0 stitch_completion_ratio=0.991458 live_stitch_completion_ratio=0.991458 avg_stitch_delay_ms=1119.499768 max_stitch_delay_ms=3219.528494 compaction_batch_target=32 compaction_max_delay_ms=3000 compaction_pace_slot_ms=80 stitch_rate_per_sec=47.381599 failed=0 max_backlog=161 pressure_yields=121 external_search_requests=600 external_candidates=916797 stitch_batches=150 avg_stitch_batch_size=31.940000 peer_stitch_enqueued=630 peer_stitch_processed=627 peer_stitch_items=19969 peer_stitch_rate_per_sec=198.815538 peer_stitch_max_queue=4 stitch_remaining=9 cleanup_remaining=1 remaining=10
[STATUS]: storage-owner maintenance observation: enqueued=7931 stitch_enqueued=5011 cleanup_enqueued=2916 stitch_tasks_done=4983 stitched_live=4983 cleanup_processed=2918 stale=0 stitch_completion_ratio=0.994412 live_stitch_completion_ratio=0.994412 avg_stitch_delay_ms=1115.457233 max_stitch_delay_ms=3219.528494 compaction_batch_target=32 compaction_max_delay_ms=3000 compaction_pace_slot_ms=80 stitch_rate_per_sec=47.259044 failed=0 max_backlog=161 pressure_yields=124 external_search_requests=624 external_candidates=953623 stitch_batches=156 avg_stitch_batch_size=31.942308 peer_stitch_enqueued=663 peer_stitch_processed=663 peer_stitch_items=21121 peer_stitch_rate_per_sec=200.312719 peer_stitch_max_queue=4 stitch_remaining=29 cleanup_remaining=1 remaining=30
[STATUS]: storage-owner maintenance observation: enqueued=8338 stitch_enqueued=5250 cleanup_enqueued=3088 stitch_tasks_done=5207 stitched_live=5207 cleanup_processed=3086 stale=0 stitch_completion_ratio=0.991810 live_stitch_completion_ratio=0.991810 avg_stitch_delay_ms=1113.112699 max_stitch_delay_ms=3219.528494 compaction_batch_target=32 compaction_max_delay_ms=3000 compaction_pace_slot_ms=80 stitch_rate_per_sec=47.110096 failed=0 max_backlog=161 pressure_yields=128 external_search_requests=656 external_candidates=1002747 stitch_batches=164 avg_stitch_batch_size=31.945122 peer_stitch_enqueued=701 peer_stitch_processed=697 peer_stitch_items=22209 peer_stitch_rate_per_sec=200.934920 peer_stitch_max_queue=4 stitch_remaining=11 cleanup_remaining=1 remaining=12
[STATUS]: storage-owner maintenance observation: enqueued=8710 stitch_enqueued=5484 cleanup_enqueued=3226 stitch_tasks_done=5431 stitched_live=5431 cleanup_processed=3224 stale=0 stitch_completion_ratio=0.990336 live_stitch_completion_ratio=0.990336 avg_stitch_delay_ms=1114.374679 max_stitch_delay_ms=3219.528494 compaction_batch_target=32 compaction_max_delay_ms=3000 compaction_pace_slot_ms=80 stitch_rate_per_sec=47.000776 failed=0 max_backlog=161 pressure_yields=132 external_search_requests=682 external_candidates=1042618 stitch_batches=171 avg_stitch_batch_size=31.947368 peer_stitch_enqueued=740 peer_stitch_processed=738 peer_stitch_items=23521 peer_stitch_rate_per_sec=203.554641 peer_stitch_max_queue=4 stitch_remaining=21 cleanup_remaining=1 remaining=22
[STATUS]: storage-owner maintenance observation: enqueued=9141 stitch_enqueued=5755 cleanup_enqueued=3386 stitch_tasks_done=5687 stitched_live=5687 cleanup_processed=3384 stale=0 stitch_completion_ratio=0.988184 live_stitch_completion_ratio=0.988184 avg_stitch_delay_ms=1112.064350 max_stitch_delay_ms=3219.528494 compaction_batch_target=32 compaction_max_delay_ms=3000 compaction_pace_slot_ms=80 stitch_rate_per_sec=47.174122 failed=0 max_backlog=161 pressure_yields=134 external_search_requests=716 external_candidates=1094769 stitch_batches=180 avg_stitch_batch_size=31.950000 peer_stitch_enqueued=776 peer_stitch_processed=773 peer_stitch_items=24641 peer_stitch_rate_per_sec=204.399077 peer_stitch_max_queue=4 stitch_remaining=4 cleanup_remaining=1 remaining=5
[STATUS]: storage-owner maintenance observation: enqueued=9554 stitch_enqueued=6007 cleanup_enqueued=3547 stitch_tasks_done=5943 stitched_live=5943 cleanup_processed=3547 stale=0 stitch_completion_ratio=0.989346 live_stitch_completion_ratio=0.989346 avg_stitch_delay_ms=1107.541016 max_stitch_delay_ms=3219.528494 compaction_batch_target=32 compaction_max_delay_ms=3000 compaction_pace_slot_ms=80 stitch_rate_per_sec=47.309964 failed=0 max_backlog=161 pressure_yields=141 external_search_requests=748 external_candidates=1143874 stitch_batches=187 avg_stitch_batch_size=31.951872 peer_stitch_enqueued=814 peer_stitch_processed=812 peer_stitch_items=25889 peer_stitch_rate_per_sec=206.092490 peer_stitch_max_queue=4 stitch_remaining=32 cleanup_remaining=0 remaining=32
[STATUS]: storage-owner maintenance observation: enqueued=9998 stitch_enqueued=6300 cleanup_enqueued=3698 stitch_tasks_done=6263 stitched_live=6263 cleanup_processed=3697 stale=0 stitch_completion_ratio=0.994127 live_stitch_completion_ratio=0.994127 avg_stitch_delay_ms=1098.626307 max_stitch_delay_ms=3219.528494 compaction_batch_target=32 compaction_max_delay_ms=3000 compaction_pace_slot_ms=80 stitch_rate_per_sec=47.948456 failed=0 max_backlog=161 pressure_yields=150 external_search_requests=786 external_candidates=1202230 stitch_batches=197 avg_stitch_batch_size=31.954315 peer_stitch_enqueued=850 peer_stitch_processed=850 peer_stitch_items=27105 peer_stitch_rate_per_sec=207.511242 peer_stitch_max_queue=4 stitch_remaining=5 cleanup_remaining=1 remaining=6
[STATUS]: storage-owner maintenance observation: enqueued=10463 stitch_enqueued=6572 cleanup_enqueued=3891 stitch_tasks_done=6519 stitched_live=6519 cleanup_processed=3890 stale=0 stitch_completion_ratio=0.991935 live_stitch_completion_ratio=0.991935 avg_stitch_delay_ms=1096.600829 max_stitch_delay_ms=3219.528494 compaction_batch_target=32 compaction_max_delay_ms=3000 compaction_pace_slot_ms=80 stitch_rate_per_sec=48.066726 failed=0 max_backlog=161 pressure_yields=169 external_search_requests=816 external_candidates=1248288 stitch_batches=205 avg_stitch_batch_size=31.956098 peer_stitch_enqueued=889 peer_stitch_processed=887 peer_stitch_items=28289 peer_stitch_rate_per_sec=208.584079 peer_stitch_max_queue=4 stitch_remaining=21 cleanup_remaining=1 remaining=22
[STATUS]: storage-owner maintenance observation: enqueued=10930 stitch_enqueued=6867 cleanup_enqueued=4062 stitch_tasks_done=6775 stitched_live=6775 cleanup_processed=4062 stale=0 stitch_completion_ratio=0.986603 live_stitch_completion_ratio=0.986603 avg_stitch_delay_ms=1092.540746 max_stitch_delay_ms=3219.528494 compaction_batch_target=32 compaction_max_delay_ms=3000 compaction_pace_slot_ms=80 stitch_rate_per_sec=48.175164 failed=0 max_backlog=161 pressure_yields=177 external_search_requests=852 external_candidates=1303551 stitch_batches=214 avg_stitch_batch_size=31.957944 peer_stitch_enqueued=927 peer_stitch_processed=925 peer_stitch_items=29505 peer_stitch_rate_per_sec=209.801948 peer_stitch_max_queue=4 stitch_remaining=28 cleanup_remaining=1 remaining=29
[STATUS]: storage-owner maintenance observation: enqueued=11321 stitch_enqueued=7103 cleanup_enqueued=4218 stitch_tasks_done=7063 stitched_live=7063 cleanup_processed=4216 stale=0 stitch_completion_ratio=0.994369 live_stitch_completion_ratio=0.994369 avg_stitch_delay_ms=1089.207591 max_stitch_delay_ms=3219.528494 compaction_batch_target=32 compaction_max_delay_ms=3000 compaction_pace_slot_ms=80 stitch_rate_per_sec=48.477339 failed=0 max_backlog=161 pressure_yields=187 external_search_requests=884 external_candidates=1352687 stitch_batches=222 avg_stitch_batch_size=31.959459 peer_stitch_enqueued=964 peer_stitch_processed=961 peer_stitch_items=30657 peer_stitch_rate_per_sec=210.416224 peer_stitch_max_queue=4 stitch_remaining=8 cleanup_remaining=1 remaining=9
[STATUS]: storage-owner maintenance observation: enqueued=11781 stitch_enqueued=7397 cleanup_enqueued=4383 stitch_tasks_done=7319 stitched_live=7319 cleanup_processed=4382 stale=0 stitch_completion_ratio=0.989455 live_stitch_completion_ratio=0.989455 avg_stitch_delay_ms=1087.589234 max_stitch_delay_ms=3219.528494 compaction_batch_target=32 compaction_max_delay_ms=3000 compaction_pace_slot_ms=80 stitch_rate_per_sec=48.545678 failed=0 max_backlog=161 pressure_yields=197 external_search_requests=920 external_candidates=1407969 stitch_batches=231 avg_stitch_batch_size=31.961039 peer_stitch_enqueued=996 peer_stitch_processed=996 peer_stitch_items=31777 peer_stitch_rate_per_sec=210.771419 peer_stitch_max_queue=4 stitch_remaining=15 cleanup_remaining=1 remaining=16
[STATUS]: storage-owner maintenance observation: enqueued=12155 stitch_enqueued=7641 cleanup_enqueued=4514 stitch_tasks_done=7639 stitched_live=7639 cleanup_processed=4514 stale=0 stitch_completion_ratio=0.999738 live_stitch_completion_ratio=0.999738 avg_stitch_delay_ms=1084.013084 max_stitch_delay_ms=3219.528494 compaction_batch_target=32 compaction_max_delay_ms=3000 compaction_pace_slot_ms=80 stitch_rate_per_sec=48.564368 failed=0 max_backlog=161 pressure_yields=205 external_search_requests=956 external_candidates=1463238 stitch_batches=239 avg_stitch_batch_size=31.962343 peer_stitch_enqueued=1027 peer_stitch_processed=1027 peer_stitch_items=32769 peer_stitch_rate_per_sec=208.326455 peer_stitch_max_queue=4 stitch_remaining=2 cleanup_remaining=0 remaining=2
