============================================================
                        SERVER
============================================================
num clients:                  1
TCP port:                     1238
IB device:                    <auto>
IB port:                      1
max outstanding CQEs:         64
max send work requests:       4096
max receive work requests:    4096
============================================================
server index file:            "/data/xjs/index/dvstor_sift100m/index/sift100m_R48_bw200_metis_node5_of5.dat"
============================================================
1 device(s) found
Selected device: ibp86s0
Selected port state: 4, lid: 8
num_cores: 112
physical cores per socket: 28
hyperthreading enabled
interleaved policy
pairing: 44563 -- 12256
[STATUS]: pinned main thread to core 28
[STATUS]: loaded index metadata from /data/xjs/index/dvstor_sift100m/index/sift100m_R48_bw200_metis (layout=rabitq, vector_data_type=uint8)
allocation size: 13958643712
allocated ALIGNED MEM (no hugepage) at 139968324304960 with buffer size 13958643712
[STATUS]: loading index (8232727104 Bytes) from /data/xjs/index/dvstor_sift100m/index/sift100m_R48_bw200_metis_node5_of5.dat
[STATUS]: register memory and distribute access token
[STATUS]: connect QPs of compute threads
pairing: 44568 -- 12273
pairing: 44585 -- 12274
pairing: 44586 -- 12275
pairing: 44587 -- 12276
pairing: 44588 -- 12293
pairing: 44605 -- 12294
pairing: 44606 -- 12295
pairing: 44607 -- 12296
pairing: 44608 -- 12313
pairing: 44625 -- 12314
pairing: 44626 -- 12315
pairing: 44627 -- 12316
pairing: 44628 -- 12333
pairing: 44641 -- 12334
pairing: 44642 -- 12335
pairing: 44643 -- 12336
[STATUS]: waiting for commands from compute node...
[STATUS]: loading index (8232727104 Bytes) from /data/xjs/index/dvstor_sift100m/index/sift100m_R48_bw200_metis_node5_of5.dat
1 device(s) found
Selected device: ibp86s0
Selected port state: 4, lid: 8
pairing: 44664 -- 44666
pairing: 44670 -- 44673
pairing: 44678 -- 44679
pairing: 44683 -- 44685
pairing: 44688 -- 44690
pairing: 44693 -- 44694
pairing: 44697 -- 44698
pairing: 44703 -- 44700
pairing: 44705 -- 44704
pairing: 44708 -- 44710
pairing: 44711 -- 44713
pairing: 44716 -- 44715
pairing: 44717 -- 44714
pairing: 44719 -- 44718
pairing: 44721 -- 44720
pairing: 44723 -- 44722
[STATUS]: storage-owner peer RDMA QPs per peer: 4
[STATUS]: storage-owner peer QP0 reserved for RPC; data RDMA uses QP1..3
allocated ALIGNED MEM (no hugepage) at 139967951011904 with buffer size 67108864
allocated ALIGNED MEM (no hugepage) at 139967940526144 with buffer size 9979200
[STATUS]: storage-owner peer RPC receive slots per peer: 64 (requested=64)
allocated ALIGNED MEM (no hugepage) at 139968094273600 with buffer size 302080
allocated ALIGNED MEM (no hugepage) at 139967871320128 with buffer size 67108864
allocated ALIGNED MEM (no hugepage) at 139967802114112 with buffer size 67108864
allocated ALIGNED MEM (no hugepage) at 139967732908096 with buffer size 67108864
allocated ALIGNED MEM (no hugepage) at 139967663702080 with buffer size 67108864
allocated ALIGNED MEM (no hugepage) at 139967594496064 with buffer size 67108864
allocated ALIGNED MEM (no hugepage) at 139967525290048 with buffer size 67108864
allocated ALIGNED MEM (no hugepage) at 139967456084032 with buffer size 67108864
allocated ALIGNED MEM (no hugepage) at 139967386878016 with buffer size 67108864
[STATUS]: storage-owner peer reverse-update workers: 8
[STATUS]: storage-owner peer reverse-update tuning: mode=async queue_depth=65536 flush_us=200 coalesce_max=256
[STATUS]: storage-owner peer RDMA read credits per peer: 8 per QP: 8 (requested=8)
[STATUS]: storage-owner online insert tuning: construction_beam=128 snapshot_batch=64 prune_max_candidates=128 update_mode=anchored
[STATUS]: storage-owner coroutine scratch: snapshot_bytes=144 snapshot_stride=192 batch=64 per_coroutine=12736
allocated ALIGNED MEM (no hugepage) at 139967202328640 with buffer size 67108864
allocated ALIGNED MEM (no hugepage) at 139966204084288 with buffer size 67108864
allocated ALIGNED MEM (no hugepage) at 139966134878272 with buffer size 67108864
allocated ALIGNED MEM (no hugepage) at 139966065672256 with buffer size 67108864
allocated ALIGNED MEM (no hugepage) at 139965996466240 with buffer size 67108864
allocated ALIGNED MEM (no hugepage) at 139965927260224 with buffer size 67108864
allocated ALIGNED MEM (no hugepage) at 139965858054208 with buffer size 67108864
allocated ALIGNED MEM (no hugepage) at 139965788848192 with buffer size 67108864
[STATUS]: storage-owner insert runtime enabled on shard 4
