error: unknown argument:  

Usage: ./build/vamana_metis_repartitioner --input-prefix OLD_PREFIX --output-prefix NEW_PREFIX
       [--memory-nodes N --dim D --R R]
       [--vector-data-type auto|float32|uint8|int8]
       [--storage-format auto|vamana_aos_v1|vamana_compact_v1]
       [--anchors-per-shard 4096 --anchor-seed 1234]
       [--partition-max-degree 16 --partition-imbalance 1.03]
       [--overwrite]

Repartitions a schema-13 Vamana index with METIS. The output includes
compact hot-graph data when requested, owner idmaps, anchors, and RFQ5
RaBitQ sidecars when the input has RaBitQ entries.
error: unknown argument:  

Usage: ./build/vamana_metis_repartitioner --input-prefix OLD_PREFIX --output-prefix NEW_PREFIX
       [--memory-nodes N --dim D --R R]
       [--vector-data-type auto|float32|uint8|int8]
       [--storage-format auto|vamana_aos_v1|vamana_compact_v1]
       [--anchors-per-shard 4096 --anchor-seed 1234]
       [--partition-max-degree 16 --partition-imbalance 1.03]
       [--overwrite]

Repartitions a schema-13 Vamana index with METIS. The output includes
compact hot-graph data when requested, owner idmaps, anchors, and RFQ5
RaBitQ sidecars when the input has RaBitQ entries.
error: unknown argument:  

Usage: ./build/vamana_metis_repartitioner --input-prefix OLD_PREFIX --output-prefix NEW_PREFIX
       [--memory-nodes N --dim D --R R]
       [--vector-data-type auto|float32|uint8|int8]
       [--storage-format auto|vamana_aos_v1|vamana_compact_v1]
       [--anchors-per-shard 4096 --anchor-seed 1234]
       [--partition-max-degree 16 --partition-imbalance 1.03]
       [--overwrite]

Repartitions a schema-13 Vamana index with METIS. The output includes
compact hot-graph data when requested, owner idmaps, anchors, and RFQ5
RaBitQ sidecars when the input has RaBitQ entries.
