============================================================
                        SERVER
============================================================
num clients:                  1
TCP port:                     1235
IB device:                    <auto>
IB port:                      1
max outstanding CQEs:         64
max send work requests:       4096
max receive work requests:    4096
============================================================
index prefix:                     "/data/xjs/index/dvstor_sift100m/index/sift100m_R96_bw128_metis_pmd32_pq32_schema16"
storage shard:                    "/data/xjs/index/dvstor_sift100m/index/sift100m_R96_bw128_metis_pmd32_pq32_schema16_node2_of5.dat"
storage id:                       1
base vectors:                     100000000
vector ID namespace [0,N):        4294967295
registered memory GiB:            24
====================================================================
1 device(s) found
Selected device: ibp86s0
Selected port state: 4, lid: 8
interleaved policy
num_cores: 112
physical cores per socket: 28
hyperthreading enabled
local process CPU partition: rank 1/5 logical_cpus=22
pairing: 45018 -- 117617
[STATUS]: loaded index metadata from /data/xjs/index/dvstor_sift100m/index/sift100m_R96_bw128_metis_pmd32_pq32_schema16 (layout=plain, vector_data_type=uint8)
[STATUS]: storage-owner stage2 candidate width L=128 per shard
allocation size: 25769803776
allocated ALIGNED MEM (no hugepage) at 123849062481984 with buffer size 25769803776
[STATUS]: loading index (20436190144 Bytes) from /data/xjs/index/dvstor_sift100m/index/sift100m_R96_bw128_metis_pmd32_pq32_schema16_node2_of5.dat
[STATUS]: loaded GPU PQ codes (659231936 Bytes) at remote offset 20436194240
[STATUS]: storage-owner idmap loaded entries=20000000 format=owner_sharded_v2_bound immutable_base=true dynamic_shards=256 dynamic_reserved=65536
[STATUS]: compensated physical centroid restored on shard 1: vectors=20600998 entries=4
[STATUS]: register memory and distribute access token
[STATUS]: connect QPs of compute threads
[STATUS]: reserving 64 GPU/bootstrap QPs per compute node
pairing: 45024 -- 117622
pairing: 45028 -- 117627
pairing: 45033 -- 117632
pairing: 45038 -- 117637
pairing: 45043 -- 117642
pairing: 45048 -- 117647
pairing: 45053 -- 117652
pairing: 45058 -- 117657
pairing: 45063 -- 117662
pairing: 45068 -- 117667
pairing: 45073 -- 117672
pairing: 45078 -- 117677
pairing: 45083 -- 117682
pairing: 45088 -- 117687
pairing: 45093 -- 117692
pairing: 45098 -- 117697
pairing: 45103 -- 117702
pairing: 45108 -- 117707
pairing: 45113 -- 117712
pairing: 45118 -- 117717
pairing: 45123 -- 117722
pairing: 45128 -- 117727
pairing: 45133 -- 117732
pairing: 45138 -- 117737
pairing: 45143 -- 117742
pairing: 45148 -- 117747
pairing: 45153 -- 117752
pairing: 45158 -- 117757
pairing: 45163 -- 117762
pairing: 45168 -- 117767
pairing: 45173 -- 117772
pairing: 45178 -- 117777
pairing: 45183 -- 117813
pairing: 45218 -- 117814
pairing: 45219 -- 117815
pairing: 45220 -- 117816
pairing: 45221 -- 117817
pairing: 45222 -- 117818
pairing: 45223 -- 117819
pairing: 45224 -- 117820
pairing: 45225 -- 117821
pairing: 45226 -- 117822
pairing: 45227 -- 117823
pairing: 45228 -- 117824
pairing: 45229 -- 117825
pairing: 45230 -- 117826
pairing: 45231 -- 117827
pairing: 45232 -- 117828
pairing: 45233 -- 117829
pairing: 45234 -- 117830
pairing: 45235 -- 117831
pairing: 45236 -- 117832
pairing: 45237 -- 117833
pairing: 45238 -- 117834
pairing: 45239 -- 117835
pairing: 45240 -- 117836
pairing: 45241 -- 117837
pairing: 45242 -- 117838
pairing: 45243 -- 117839
pairing: 45244 -- 117840
pairing: 45245 -- 117841
pairing: 45246 -- 117842
pairing: 45247 -- 117843
pairing: 45248 -- 117844
[STATUS]: waiting for compute-node startup barrier
Send request failed: status=12 (transport retry counter exceeded), opcode=0, vendor_err=129, wr_id=0
