============================================================
                        SERVER
============================================================
num clients:                  1
TCP port:                     1234
IB device:                    <auto>
IB port:                      1
max outstanding CQEs:         64
max send work requests:       4096
max receive work requests:    4096
============================================================
index prefix:                     "/data/xjs/index/dvstor_sift100m/index/sift100m_R96_bw128_metis_pmd32_pq32_schema16"
storage shard:                    "/data/xjs/index/dvstor_sift100m/index/sift100m_R96_bw128_metis_pmd32_pq32_schema16_node1_of5.dat"
storage id:                       0
base vectors:                     100000000
vector ID namespace [0,N):        4294967295
registered memory GiB:            24
====================================================================
1 device(s) found
Selected device: ibp86s0
Selected port state: 4, lid: 8
interleaved policy
num_cores: 112
physical cores per socket: 28
hyperthreading enabled
local process CPU partition: rank 0/5 logical_cpus=24
pairing: 45017 -- 117616
[STATUS]: loaded index metadata from /data/xjs/index/dvstor_sift100m/index/sift100m_R96_bw128_metis_pmd32_pq32_schema16 (layout=plain, vector_data_type=uint8)
[STATUS]: storage-owner stage2 candidate width L=128 per shard
allocation size: 25769803776
allocated ALIGNED MEM (no hugepage) at 134581470625856 with buffer size 25769803776
[STATUS]: loading index (19805216640 Bytes) from /data/xjs/index/dvstor_sift100m/index/sift100m_R96_bw128_metis_pmd32_pq32_schema16_node1_of5.dat
[STATUS]: loaded GPU PQ codes (638877952 Bytes) at remote offset 19805220736
[STATUS]: storage-owner idmap loaded entries=20000000 format=owner_sharded_v2_bound immutable_base=true dynamic_shards=256 dynamic_reserved=65536
[STATUS]: compensated physical centroid restored on shard 0: vectors=19964936 entries=4
[STATUS]: register memory and distribute access token
[STATUS]: connect QPs of compute threads
[STATUS]: reserving 64 GPU/bootstrap QPs per compute node
pairing: 45022 -- 117621
pairing: 45027 -- 117626
pairing: 45032 -- 117631
pairing: 45037 -- 117636
pairing: 45042 -- 117641
pairing: 45047 -- 117646
pairing: 45052 -- 117651
pairing: 45057 -- 117656
pairing: 45062 -- 117661
pairing: 45067 -- 117666
pairing: 45072 -- 117671
pairing: 45077 -- 117676
pairing: 45082 -- 117681
pairing: 45087 -- 117686
pairing: 45092 -- 117691
pairing: 45097 -- 117696
pairing: 45102 -- 117701
pairing: 45107 -- 117706
pairing: 45112 -- 117711
pairing: 45117 -- 117716
pairing: 45122 -- 117721
pairing: 45127 -- 117726
pairing: 45132 -- 117731
pairing: 45137 -- 117736
pairing: 45142 -- 117741
pairing: 45147 -- 117746
pairing: 45152 -- 117751
pairing: 45157 -- 117756
pairing: 45162 -- 117761
pairing: 45167 -- 117766
pairing: 45172 -- 117771
pairing: 45177 -- 117776
pairing: 45182 -- 117781
pairing: 45187 -- 117782
pairing: 45188 -- 117783
pairing: 45189 -- 117784
pairing: 45190 -- 117785
pairing: 45191 -- 117786
pairing: 45192 -- 117787
pairing: 45193 -- 117788
pairing: 45194 -- 117789
pairing: 45195 -- 117790
pairing: 45196 -- 117791
pairing: 45197 -- 117792
pairing: 45198 -- 117793
pairing: 45199 -- 117794
pairing: 45200 -- 117795
pairing: 45201 -- 117796
pairing: 45202 -- 117797
pairing: 45203 -- 117798
pairing: 45204 -- 117799
pairing: 45205 -- 117800
pairing: 45206 -- 117801
pairing: 45207 -- 117802
pairing: 45208 -- 117803
pairing: 45209 -- 117804
pairing: 45210 -- 117805
pairing: 45211 -- 117806
pairing: 45212 -- 117807
pairing: 45213 -- 117808
pairing: 45214 -- 117809
pairing: 45215 -- 117810
pairing: 45216 -- 117811
pairing: 45217 -- 117812
[STATUS]: waiting for compute-node startup barrier
compute/storage startup contract mismatch: flags=2 compute_modes=20 storage_modes=21 compute_schema=16 storage_schema=16 compute_shard=0 storage_shard=0
