[breakdown] concurrency clients=256 source=auto auto_required=256 auto_cap=512 gpu_query_slots=256 storage_rpc_inflight=80 (5x16) derivation=gpu_query_slots
[breakdown] performance query: /data/xjs/datasets/sift1b/sift100m_to_110m_query.u8bin [100000000,110000000)
[breakdown] unique performance-query budget rows=10000000 total_timed_seconds=25 max_average_query_qps_without_reuse=400000.0
[ 15%] Built target rdma_library
[ 25%] Built target dvstor_gpu_kernels
[ 80%] Built target dvstor_runtime
[ 90%] Built target dvstor_breakdown_support
[100%] Built target dvstor_breakdown_benchmark
[mn-memory] auto=24 GiB source=metadata policy=20% of base nodes limiting_shard=2 dynamic_slots=4120200 record_bytes=1040
[breakdown] profile=04_gpu_persistent_gpunetio command: /home/xjs/experiment/dvstor/build/dvstor_breakdown_benchmark --service-config /home/xjs/experiment/dvstor/motivation/program3/results/program3_20260823_014310/query_early_r2/04_gpu_persistent_gpunetio/service_04_gpu_persistent_gpunetio_20260823_015317.ini --profile-name 04_gpu_persistent_gpunetio --system-variant-label full --workload query --warmup-ops 100 --measure-ops 1000 --warmup-seconds 5 --measure-seconds 20 --client-threads 256 --read-ratio 0.5 --mixed-mode fixed_threads --write-threads 0 --target-query-qps 0 --target-write-qps 0 --write-insert-ratio 1 --write-upsert-ratio 0 --write-delete-ratio 0 --report-json /home/xjs/experiment/dvstor/motivation/program3/results/program3_20260823_014310/query_early_r2/04_gpu_persistent_gpunetio/sift100m_04_gpu_persistent_gpunetio_20260823_015317.json --report-text /home/xjs/experiment/dvstor/motivation/program3/results/program3_20260823_014310/query_early_r2/04_gpu_persistent_gpunetio/sift100m_04_gpu_persistent_gpunetio_20260823_015317.txt --recall-query-file /data/xjs/index/dvstor_sift100m/converted/query.u8bin --groundtruth-file /data/xjs/index/dvstor_sift100m/converted/groundtruth_100M.bin --recall-queries 1000 --recall-k 10 --recall-mode all --recall-base-id-limit 0 --performance-query-file /data/xjs/datasets/sift1b/sift100m_to_110m_query.u8bin --storage-maintenance-log /home/xjs/experiment/dvstor/experiment/logs/memory_node_1_04_gpu_persistent_gpunetio.log --storage-maintenance-log /home/xjs/experiment/dvstor/experiment/logs/memory_node_2_04_gpu_persistent_gpunetio.log --storage-maintenance-log /home/xjs/experiment/dvstor/experiment/logs/memory_node_3_04_gpu_persistent_gpunetio.log --storage-maintenance-log /home/xjs/experiment/dvstor/experiment/logs/memory_node_4_04_gpu_persistent_gpunetio.log --storage-maintenance-log /home/xjs/experiment/dvstor/experiment/logs/memory_node_5_04_gpu_persistent_gpunetio.log
============================================================
                        CLIENT
============================================================
connect to:                   [192.168.6.202:1234, 192.168.6.202:1235, 192.168.6.202:1236, 192.168.6.202:1237, 192.168.6.202:1238, ]
is initiator:                 true
TCP port:                     2234
IB device:                    <auto>
IB port:                      1
max outstanding CQEs:         64
max send work requests:       4096
max receive work requests:    4096
============================================================
index prefix:                     "/data/xjs/index/dvstor_sift100m/index/sift100m_R96_bw128_metis_pmd32_pq32_schema16"
threads:                          64
dimension:                        128
max vectors:                      100000000
vector ID namespace [0,N):        4294967295
K / R:                            10 / 96
vector data type:                 uint8
--------------------------------------------------------------------
query engine:                     persistent_gpu_opq_pq
remote transport:                 GPU-initiated GPUNetIO
GPU device:                       1
GPU concurrent query slots:       256
GPU memory limit/reserve GiB:     40/4
GPU traversal/rerank width:       128/128
GPU max expansions:               384
GPU graph commit/issue width:     16/16
dynamic graph access mode:        adaptive
GPU graph read policy:            live-extent
GPU dynamic graph extent:         true
GPU-RDMA progression mode:        manual
GPU Beam merge policy:            stable-run
query RDMA trace mode/rate:       off/1000
query RDMA trace output:          ""
GPU RDMA QPs per storage node:    32
GPU direct CQ timeout ms:         250
GPU persistent blocks/SM cap:     4
compute updates enabled:          false
storage update completion mode:   decoupled
storage update protocol:          centroid-home two-stage
storage RPC depth/batch:          16/32
storage batch max wait us:        10000
storage Stage2 batch max wait us: 25000
storage Stage2 initial delay ms:  0
Stage2 exact score-many:          true
Stage2 home RPC combining:        true
Stage2 graph issue width:         16
storage peer QPs per peer:        8
storage stage2 maintenance:       8 workers, backlog 65536
====================================================================
1 device(s) found
Selected device: mlx5_0
Selected port state: 4, lid: 1
interleaved policy
num_cores: 112
physical cores per socket: 28
hyperthreading enabled
local process CPU partition: rank 0/1 logical_cpus=112
client id: 0
number of clients: 1
connect to server 192.168.6.202:1234
pairing: 124771 -- 55217
connect to server 192.168.6.202:1235
pairing: 124772 -- 55218
connect to server 192.168.6.202:1236
pairing: 124773 -- 55219
connect to server 192.168.6.202:1237
pairing: 124774 -- 55220
connect to server 192.168.6.202:1238
pairing: 124775 -- 55221
[STATUS]: receive access tokens of remote memory regions
[STATUS]: loaded schema-16 GPU index metadata from /data/xjs/index/dvstor_sift100m/index/sift100m_R96_bw128_metis_pmd32_pq32_schema16 (OPQ/PQ32, vector_data_type=uint8)
[STATUS]: compute updates disabled: update executor is not started
[STATUS]: search: GPU-persistent OPQ/PQ32 beam + final RDMA exact rerank
[gpu-search] synthesized navigation manifest in memory from metadata
[gpu-search] graph-read-policy=live-extent extent_quantum=8 extent_source="/data/xjs/index/dvstor_sift100m/index/sift100m_R96_bw128_metis_pmd32_pq32_schema16.gextent8" extent_classes=100000000 extent_payload_bytes=100000000
[gpu-search] query routing=versioned centroid routes centroid_shards=5 live_entries_per_shard=4 start_shards=1
[gpu-search] navigation budget codes=3200000000 dynamic_code_scratch=20971520 dynamic_code_arena=915541956 dynamic_code_arena_slots=25431721 dynamic_request_scratch=10485760 navigation_candidates=6291456 direct_queue_scratch=1866240 graph_scratch=16777216 graph_request_metadata=32768 speculative_graph_request_metadata=270336 graph_extent_classes=100000000 query_rdma_trace=0 centroid_route=528 shard_centroids=2560 explicit=4627142892 limit=38654705664 bytes
[STATUS]: exporting GPUNetIO QP resource=0 lane=0 server=0 qpn=124776 gpu_pci=0000:5C:00.0 ibdev=mlx5_0 handler=GPU_SM_DB
[STATUS]: exporting GPUNetIO QP resource=0 lane=0 server=1 qpn=124777 gpu_pci=0000:5C:00.0 ibdev=mlx5_0 handler=GPU_SM_DB
[STATUS]: exporting GPUNetIO QP resource=0 lane=0 server=2 qpn=124778 gpu_pci=0000:5C:00.0 ibdev=mlx5_0 handler=GPU_SM_DB
[STATUS]: exporting GPUNetIO QP resource=0 lane=0 server=3 qpn=124779 gpu_pci=0000:5C:00.0 ibdev=mlx5_0 handler=GPU_SM_DB
[STATUS]: exporting GPUNetIO QP resource=0 lane=0 server=4 qpn=124780 gpu_pci=0000:5C:00.0 ibdev=mlx5_0 handler=GPU_SM_DB
[STATUS]: exporting GPUNetIO QP resource=0 lane=1 server=0 qpn=124781 gpu_pci=0000:5C:00.0 ibdev=mlx5_0 handler=GPU_SM_DB
[STATUS]: exporting GPUNetIO QP resource=0 lane=1 server=1 qpn=124782 gpu_pci=0000:5C:00.0 ibdev=mlx5_0 handler=GPU_SM_DB
[STATUS]: exporting GPUNetIO QP resource=0 lane=1 server=2 qpn=124783 gpu_pci=0000:5C:00.0 ibdev=mlx5_0 handler=GPU_SM_DB
[STATUS]: exporting GPUNetIO QP resource=0 lane=1 server=3 qpn=124784 gpu_pci=0000:5C:00.0 ibdev=mlx5_0 handler=GPU_SM_DB
[STATUS]: exporting GPUNetIO QP resource=0 lane=1 server=4 qpn=124785 gpu_pci=0000:5C:00.0 ibdev=mlx5_0 handler=GPU_SM_DB
[STATUS]: exporting GPUNetIO QP resource=0 lane=2 server=0 qpn=124786 gpu_pci=0000:5C:00.0 ibdev=mlx5_0 handler=GPU_SM_DB
[STATUS]: exporting GPUNetIO QP resource=0 lane=2 server=1 qpn=124787 gpu_pci=0000:5C:00.0 ibdev=mlx5_0 handler=GPU_SM_DB
[STATUS]: exporting GPUNetIO QP resource=0 lane=2 server=2 qpn=124788 gpu_pci=0000:5C:00.0 ibdev=mlx5_0 handler=GPU_SM_DB
[STATUS]: exporting GPUNetIO QP resource=0 lane=2 server=3 qpn=124789 gpu_pci=0000:5C:00.0 ibdev=mlx5_0 handler=GPU_SM_DB
[STATUS]: exporting GPUNetIO QP resource=0 lane=2 server=4 qpn=124790 gpu_pci=0000:5C:00.0 ibdev=mlx5_0 handler=GPU_SM_DB
[STATUS]: exporting GPUNetIO QP resource=0 lane=3 server=0 qpn=124791 gpu_pci=0000:5C:00.0 ibdev=mlx5_0 handler=GPU_SM_DB
[STATUS]: exporting GPUNetIO QP resource=0 lane=3 server=1 qpn=124792 gpu_pci=0000:5C:00.0 ibdev=mlx5_0 handler=GPU_SM_DB
[STATUS]: exporting GPUNetIO QP resource=0 lane=3 server=2 qpn=124793 gpu_pci=0000:5C:00.0 ibdev=mlx5_0 handler=GPU_SM_DB
[STATUS]: exporting GPUNetIO QP resource=0 lane=3 server=3 qpn=124794 gpu_pci=0000:5C:00.0 ibdev=mlx5_0 handler=GPU_SM_DB
[STATUS]: exporting GPUNetIO QP resource=0 lane=3 server=4 qpn=124795 gpu_pci=0000:5C:00.0 ibdev=mlx5_0 handler=GPU_SM_DB
[STATUS]: exporting GPUNetIO QP resource=0 lane=4 server=0 qpn=124796 gpu_pci=0000:5C:00.0 ibdev=mlx5_0 handler=GPU_SM_DB
[STATUS]: exporting GPUNetIO QP resource=0 lane=4 server=1 qpn=124797 gpu_pci=0000:5C:00.0 ibdev=mlx5_0 handler=GPU_SM_DB
[STATUS]: exporting GPUNetIO QP resource=0 lane=4 server=2 qpn=124798 gpu_pci=0000:5C:00.0 ibdev=mlx5_0 handler=GPU_SM_DB
[STATUS]: exporting GPUNetIO QP resource=0 lane=4 server=3 qpn=124799 gpu_pci=0000:5C:00.0 ibdev=mlx5_0 handler=GPU_SM_DB
[STATUS]: exporting GPUNetIO QP resource=0 lane=4 server=4 qpn=124800 gpu_pci=0000:5C:00.0 ibdev=mlx5_0 handler=GPU_SM_DB
[STATUS]: exporting GPUNetIO QP resource=0 lane=5 server=0 qpn=124801 gpu_pci=0000:5C:00.0 ibdev=mlx5_0 handler=GPU_SM_DB
[STATUS]: exporting GPUNetIO QP resource=0 lane=5 server=1 qpn=124802 gpu_pci=0000:5C:00.0 ibdev=mlx5_0 handler=GPU_SM_DB
[STATUS]: exporting GPUNetIO QP resource=0 lane=5 server=2 qpn=124803 gpu_pci=0000:5C:00.0 ibdev=mlx5_0 handler=GPU_SM_DB
[STATUS]: exporting GPUNetIO QP resource=0 lane=5 server=3 qpn=124804 gpu_pci=0000:5C:00.0 ibdev=mlx5_0 handler=GPU_SM_DB
[STATUS]: exporting GPUNetIO QP resource=0 lane=5 server=4 qpn=124805 gpu_pci=0000:5C:00.0 ibdev=mlx5_0 handler=GPU_SM_DB
[STATUS]: exporting GPUNetIO QP resource=0 lane=6 server=0 qpn=124806 gpu_pci=0000:5C:00.0 ibdev=mlx5_0 handler=GPU_SM_DB
[STATUS]: exporting GPUNetIO QP resource=0 lane=6 server=1 qpn=124807 gpu_pci=0000:5C:00.0 ibdev=mlx5_0 handler=GPU_SM_DB
[STATUS]: exporting GPUNetIO QP resource=0 lane=6 server=2 qpn=124808 gpu_pci=0000:5C:00.0 ibdev=mlx5_0 handler=GPU_SM_DB
[STATUS]: exporting GPUNetIO QP resource=0 lane=6 server=3 qpn=124809 gpu_pci=0000:5C:00.0 ibdev=mlx5_0 handler=GPU_SM_DB
[STATUS]: exporting GPUNetIO QP resource=0 lane=6 server=4 qpn=124810 gpu_pci=0000:5C:00.0 ibdev=mlx5_0 handler=GPU_SM_DB
[STATUS]: exporting GPUNetIO QP resource=0 lane=7 server=0 qpn=124811 gpu_pci=0000:5C:00.0 ibdev=mlx5_0 handler=GPU_SM_DB
[STATUS]: exporting GPUNetIO QP resource=0 lane=7 server=1 qpn=124812 gpu_pci=0000:5C:00.0 ibdev=mlx5_0 handler=GPU_SM_DB
[STATUS]: exporting GPUNetIO QP resource=0 lane=7 server=2 qpn=124813 gpu_pci=0000:5C:00.0 ibdev=mlx5_0 handler=GPU_SM_DB
[STATUS]: exporting GPUNetIO QP resource=0 lane=7 server=3 qpn=124814 gpu_pci=0000:5C:00.0 ibdev=mlx5_0 handler=GPU_SM_DB
[STATUS]: exporting GPUNetIO QP resource=0 lane=7 server=4 qpn=124815 gpu_pci=0000:5C:00.0 ibdev=mlx5_0 handler=GPU_SM_DB
[STATUS]: exporting GPUNetIO QP resource=0 lane=8 server=0 qpn=124816 gpu_pci=0000:5C:00.0 ibdev=mlx5_0 handler=GPU_SM_DB
[STATUS]: exporting GPUNetIO QP resource=0 lane=8 server=1 qpn=124817 gpu_pci=0000:5C:00.0 ibdev=mlx5_0 handler=GPU_SM_DB
[STATUS]: exporting GPUNetIO QP resource=0 lane=8 server=2 qpn=124818 gpu_pci=0000:5C:00.0 ibdev=mlx5_0 handler=GPU_SM_DB
[STATUS]: exporting GPUNetIO QP resource=0 lane=8 server=3 qpn=124819 gpu_pci=0000:5C:00.0 ibdev=mlx5_0 handler=GPU_SM_DB
[STATUS]: exporting GPUNetIO QP resource=0 lane=8 server=4 qpn=124820 gpu_pci=0000:5C:00.0 ibdev=mlx5_0 handler=GPU_SM_DB
[STATUS]: exporting GPUNetIO QP resource=0 lane=9 server=0 qpn=124821 gpu_pci=0000:5C:00.0 ibdev=mlx5_0 handler=GPU_SM_DB
[STATUS]: exporting GPUNetIO QP resource=0 lane=9 server=1 qpn=124822 gpu_pci=0000:5C:00.0 ibdev=mlx5_0 handler=GPU_SM_DB
[STATUS]: exporting GPUNetIO QP resource=0 lane=9 server=2 qpn=124823 gpu_pci=0000:5C:00.0 ibdev=mlx5_0 handler=GPU_SM_DB
[STATUS]: exporting GPUNetIO QP resource=0 lane=9 server=3 qpn=124824 gpu_pci=0000:5C:00.0 ibdev=mlx5_0 handler=GPU_SM_DB
[STATUS]: exporting GPUNetIO QP resource=0 lane=9 server=4 qpn=124825 gpu_pci=0000:5C:00.0 ibdev=mlx5_0 handler=GPU_SM_DB
[STATUS]: exporting GPUNetIO QP resource=0 lane=10 server=0 qpn=124826 gpu_pci=0000:5C:00.0 ibdev=mlx5_0 handler=GPU_SM_DB
[STATUS]: exporting GPUNetIO QP resource=0 lane=10 server=1 qpn=124827 gpu_pci=0000:5C:00.0 ibdev=mlx5_0 handler=GPU_SM_DB
[STATUS]: exporting GPUNetIO QP resource=0 lane=10 server=2 qpn=124828 gpu_pci=0000:5C:00.0 ibdev=mlx5_0 handler=GPU_SM_DB
[STATUS]: exporting GPUNetIO QP resource=0 lane=10 server=3 qpn=124829 gpu_pci=0000:5C:00.0 ibdev=mlx5_0 handler=GPU_SM_DB
[STATUS]: exporting GPUNetIO QP resource=0 lane=10 server=4 qpn=124830 gpu_pci=0000:5C:00.0 ibdev=mlx5_0 handler=GPU_SM_DB
[STATUS]: exporting GPUNetIO QP resource=0 lane=11 server=0 qpn=124831 gpu_pci=0000:5C:00.0 ibdev=mlx5_0 handler=GPU_SM_DB
[STATUS]: exporting GPUNetIO QP resource=0 lane=11 server=1 qpn=124832 gpu_pci=0000:5C:00.0 ibdev=mlx5_0 handler=GPU_SM_DB
[STATUS]: exporting GPUNetIO QP resource=0 lane=11 server=2 qpn=124833 gpu_pci=0000:5C:00.0 ibdev=mlx5_0 handler=GPU_SM_DB
[STATUS]: exporting GPUNetIO QP resource=0 lane=11 server=3 qpn=124834 gpu_pci=0000:5C:00.0 ibdev=mlx5_0 handler=GPU_SM_DB
[STATUS]: exporting GPUNetIO QP resource=0 lane=11 server=4 qpn=124835 gpu_pci=0000:5C:00.0 ibdev=mlx5_0 handler=GPU_SM_DB
[STATUS]: exporting GPUNetIO QP resource=0 lane=12 server=0 qpn=124836 gpu_pci=0000:5C:00.0 ibdev=mlx5_0 handler=GPU_SM_DB
[STATUS]: exporting GPUNetIO QP resource=0 lane=12 server=1 qpn=124837 gpu_pci=0000:5C:00.0 ibdev=mlx5_0 handler=GPU_SM_DB
[STATUS]: exporting GPUNetIO QP resource=0 lane=12 server=2 qpn=124838 gpu_pci=0000:5C:00.0 ibdev=mlx5_0 handler=GPU_SM_DB
[STATUS]: exporting GPUNetIO QP resource=0 lane=12 server=3 qpn=124839 gpu_pci=0000:5C:00.0 ibdev=mlx5_0 handler=GPU_SM_DB
[STATUS]: exporting GPUNetIO QP resource=0 lane=12 server=4 qpn=124840 gpu_pci=0000:5C:00.0 ibdev=mlx5_0 handler=GPU_SM_DB
[STATUS]: exporting GPUNetIO QP resource=0 lane=13 server=0 qpn=124841 gpu_pci=0000:5C:00.0 ibdev=mlx5_0 handler=GPU_SM_DB
[STATUS]: exporting GPUNetIO QP resource=0 lane=13 server=1 qpn=124842 gpu_pci=0000:5C:00.0 ibdev=mlx5_0 handler=GPU_SM_DB
[STATUS]: exporting GPUNetIO QP resource=0 lane=13 server=2 qpn=124843 gpu_pci=0000:5C:00.0 ibdev=mlx5_0 handler=GPU_SM_DB
[STATUS]: exporting GPUNetIO QP resource=0 lane=13 server=3 qpn=124844 gpu_pci=0000:5C:00.0 ibdev=mlx5_0 handler=GPU_SM_DB
[STATUS]: exporting GPUNetIO QP resource=0 lane=13 server=4 qpn=124845 gpu_pci=0000:5C:00.0 ibdev=mlx5_0 handler=GPU_SM_DB
[STATUS]: exporting GPUNetIO QP resource=0 lane=14 server=0 qpn=124846 gpu_pci=0000:5C:00.0 ibdev=mlx5_0 handler=GPU_SM_DB
[STATUS]: exporting GPUNetIO QP resource=0 lane=14 server=1 qpn=124847 gpu_pci=0000:5C:00.0 ibdev=mlx5_0 handler=GPU_SM_DB
[STATUS]: exporting GPUNetIO QP resource=0 lane=14 server=2 qpn=124848 gpu_pci=0000:5C:00.0 ibdev=mlx5_0 handler=GPU_SM_DB
[STATUS]: exporting GPUNetIO QP resource=0 lane=14 server=3 qpn=124849 gpu_pci=0000:5C:00.0 ibdev=mlx5_0 handler=GPU_SM_DB
[STATUS]: exporting GPUNetIO QP resource=0 lane=14 server=4 qpn=124850 gpu_pci=0000:5C:00.0 ibdev=mlx5_0 handler=GPU_SM_DB
[STATUS]: exporting GPUNetIO QP resource=0 lane=15 server=0 qpn=124851 gpu_pci=0000:5C:00.0 ibdev=mlx5_0 handler=GPU_SM_DB
[STATUS]: exporting GPUNetIO QP resource=0 lane=15 server=1 qpn=124852 gpu_pci=0000:5C:00.0 ibdev=mlx5_0 handler=GPU_SM_DB
[STATUS]: exporting GPUNetIO QP resource=0 lane=15 server=2 qpn=124853 gpu_pci=0000:5C:00.0 ibdev=mlx5_0 handler=GPU_SM_DB
[STATUS]: exporting GPUNetIO QP resource=0 lane=15 server=3 qpn=124854 gpu_pci=0000:5C:00.0 ibdev=mlx5_0 handler=GPU_SM_DB
[STATUS]: exporting GPUNetIO QP resource=0 lane=15 server=4 qpn=124855 gpu_pci=0000:5C:00.0 ibdev=mlx5_0 handler=GPU_SM_DB
[STATUS]: exporting GPUNetIO QP resource=0 lane=16 server=0 qpn=124856 gpu_pci=0000:5C:00.0 ibdev=mlx5_0 handler=GPU_SM_DB
[STATUS]: exporting GPUNetIO QP resource=0 lane=16 server=1 qpn=124857 gpu_pci=0000:5C:00.0 ibdev=mlx5_0 handler=GPU_SM_DB
[STATUS]: exporting GPUNetIO QP resource=0 lane=16 server=2 qpn=124858 gpu_pci=0000:5C:00.0 ibdev=mlx5_0 handler=GPU_SM_DB
[STATUS]: exporting GPUNetIO QP resource=0 lane=16 server=3 qpn=124859 gpu_pci=0000:5C:00.0 ibdev=mlx5_0 handler=GPU_SM_DB
[STATUS]: exporting GPUNetIO QP resource=0 lane=16 server=4 qpn=124860 gpu_pci=0000:5C:00.0 ibdev=mlx5_0 handler=GPU_SM_DB
[STATUS]: exporting GPUNetIO QP resource=0 lane=17 server=0 qpn=124861 gpu_pci=0000:5C:00.0 ibdev=mlx5_0 handler=GPU_SM_DB
[STATUS]: exporting GPUNetIO QP resource=0 lane=17 server=1 qpn=124862 gpu_pci=0000:5C:00.0 ibdev=mlx5_0 handler=GPU_SM_DB
[STATUS]: exporting GPUNetIO QP resource=0 lane=17 server=2 qpn=124863 gpu_pci=0000:5C:00.0 ibdev=mlx5_0 handler=GPU_SM_DB
[STATUS]: exporting GPUNetIO QP resource=0 lane=17 server=3 qpn=124864 gpu_pci=0000:5C:00.0 ibdev=mlx5_0 handler=GPU_SM_DB
[STATUS]: exporting GPUNetIO QP resource=0 lane=17 server=4 qpn=124865 gpu_pci=0000:5C:00.0 ibdev=mlx5_0 handler=GPU_SM_DB
[STATUS]: exporting GPUNetIO QP resource=0 lane=18 server=0 qpn=124866 gpu_pci=0000:5C:00.0 ibdev=mlx5_0 handler=GPU_SM_DB
[STATUS]: exporting GPUNetIO QP resource=0 lane=18 server=1 qpn=124867 gpu_pci=0000:5C:00.0 ibdev=mlx5_0 handler=GPU_SM_DB
[STATUS]: exporting GPUNetIO QP resource=0 lane=18 server=2 qpn=124868 gpu_pci=0000:5C:00.0 ibdev=mlx5_0 handler=GPU_SM_DB
[STATUS]: exporting GPUNetIO QP resource=0 lane=18 server=3 qpn=124869 gpu_pci=0000:5C:00.0 ibdev=mlx5_0 handler=GPU_SM_DB
[STATUS]: exporting GPUNetIO QP resource=0 lane=18 server=4 qpn=124870 gpu_pci=0000:5C:00.0 ibdev=mlx5_0 handler=GPU_SM_DB
[STATUS]: exporting GPUNetIO QP resource=0 lane=19 server=0 qpn=124871 gpu_pci=0000:5C:00.0 ibdev=mlx5_0 handler=GPU_SM_DB
[STATUS]: exporting GPUNetIO QP resource=0 lane=19 server=1 qpn=124872 gpu_pci=0000:5C:00.0 ibdev=mlx5_0 handler=GPU_SM_DB
[STATUS]: exporting GPUNetIO QP resource=0 lane=19 server=2 qpn=124873 gpu_pci=0000:5C:00.0 ibdev=mlx5_0 handler=GPU_SM_DB
[STATUS]: exporting GPUNetIO QP resource=0 lane=19 server=3 qpn=124874 gpu_pci=0000:5C:00.0 ibdev=mlx5_0 handler=GPU_SM_DB
[STATUS]: exporting GPUNetIO QP resource=0 lane=19 server=4 qpn=124875 gpu_pci=0000:5C:00.0 ibdev=mlx5_0 handler=GPU_SM_DB
[STATUS]: exporting GPUNetIO QP resource=0 lane=20 server=0 qpn=124876 gpu_pci=0000:5C:00.0 ibdev=mlx5_0 handler=GPU_SM_DB
[STATUS]: exporting GPUNetIO QP resource=0 lane=20 server=1 qpn=124877 gpu_pci=0000:5C:00.0 ibdev=mlx5_0 handler=GPU_SM_DB
[STATUS]: exporting GPUNetIO QP resource=0 lane=20 server=2 qpn=124878 gpu_pci=0000:5C:00.0 ibdev=mlx5_0 handler=GPU_SM_DB
[STATUS]: exporting GPUNetIO QP resource=0 lane=20 server=3 qpn=124879 gpu_pci=0000:5C:00.0 ibdev=mlx5_0 handler=GPU_SM_DB
[STATUS]: exporting GPUNetIO QP resource=0 lane=20 server=4 qpn=124880 gpu_pci=0000:5C:00.0 ibdev=mlx5_0 handler=GPU_SM_DB
[STATUS]: exporting GPUNetIO QP resource=0 lane=21 server=0 qpn=124881 gpu_pci=0000:5C:00.0 ibdev=mlx5_0 handler=GPU_SM_DB
[STATUS]: exporting GPUNetIO QP resource=0 lane=21 server=1 qpn=124882 gpu_pci=0000:5C:00.0 ibdev=mlx5_0 handler=GPU_SM_DB
[STATUS]: exporting GPUNetIO QP resource=0 lane=21 server=2 qpn=124883 gpu_pci=0000:5C:00.0 ibdev=mlx5_0 handler=GPU_SM_DB
[STATUS]: exporting GPUNetIO QP resource=0 lane=21 server=3 qpn=124884 gpu_pci=0000:5C:00.0 ibdev=mlx5_0 handler=GPU_SM_DB
[STATUS]: exporting GPUNetIO QP resource=0 lane=21 server=4 qpn=124885 gpu_pci=0000:5C:00.0 ibdev=mlx5_0 handler=GPU_SM_DB
[STATUS]: exporting GPUNetIO QP resource=0 lane=22 server=0 qpn=124886 gpu_pci=0000:5C:00.0 ibdev=mlx5_0 handler=GPU_SM_DB
[STATUS]: exporting GPUNetIO QP resource=0 lane=22 server=1 qpn=124887 gpu_pci=0000:5C:00.0 ibdev=mlx5_0 handler=GPU_SM_DB
[STATUS]: exporting GPUNetIO QP resource=0 lane=22 server=2 qpn=124888 gpu_pci=0000:5C:00.0 ibdev=mlx5_0 handler=GPU_SM_DB
[STATUS]: exporting GPUNetIO QP resource=0 lane=22 server=3 qpn=124889 gpu_pci=0000:5C:00.0 ibdev=mlx5_0 handler=GPU_SM_DB
[STATUS]: exporting GPUNetIO QP resource=0 lane=22 server=4 qpn=124890 gpu_pci=0000:5C:00.0 ibdev=mlx5_0 handler=GPU_SM_DB
[STATUS]: exporting GPUNetIO QP resource=0 lane=23 server=0 qpn=124891 gpu_pci=0000:5C:00.0 ibdev=mlx5_0 handler=GPU_SM_DB
[STATUS]: exporting GPUNetIO QP resource=0 lane=23 server=1 qpn=124892 gpu_pci=0000:5C:00.0 ibdev=mlx5_0 handler=GPU_SM_DB
[STATUS]: exporting GPUNetIO QP resource=0 lane=23 server=2 qpn=124893 gpu_pci=0000:5C:00.0 ibdev=mlx5_0 handler=GPU_SM_DB
[STATUS]: exporting GPUNetIO QP resource=0 lane=23 server=3 qpn=124894 gpu_pci=0000:5C:00.0 ibdev=mlx5_0 handler=GPU_SM_DB
[STATUS]: exporting GPUNetIO QP resource=0 lane=23 server=4 qpn=124895 gpu_pci=0000:5C:00.0 ibdev=mlx5_0 handler=GPU_SM_DB
[STATUS]: exporting GPUNetIO QP resource=0 lane=24 server=0 qpn=124896 gpu_pci=0000:5C:00.0 ibdev=mlx5_0 handler=GPU_SM_DB
[STATUS]: exporting GPUNetIO QP resource=0 lane=24 server=1 qpn=124897 gpu_pci=0000:5C:00.0 ibdev=mlx5_0 handler=GPU_SM_DB
[STATUS]: exporting GPUNetIO QP resource=0 lane=24 server=2 qpn=124898 gpu_pci=0000:5C:00.0 ibdev=mlx5_0 handler=GPU_SM_DB
[STATUS]: exporting GPUNetIO QP resource=0 lane=24 server=3 qpn=124899 gpu_pci=0000:5C:00.0 ibdev=mlx5_0 handler=GPU_SM_DB
[STATUS]: exporting GPUNetIO QP resource=0 lane=24 server=4 qpn=124900 gpu_pci=0000:5C:00.0 ibdev=mlx5_0 handler=GPU_SM_DB
[STATUS]: exporting GPUNetIO QP resource=0 lane=25 server=0 qpn=124901 gpu_pci=0000:5C:00.0 ibdev=mlx5_0 handler=GPU_SM_DB
[STATUS]: exporting GPUNetIO QP resource=0 lane=25 server=1 qpn=124902 gpu_pci=0000:5C:00.0 ibdev=mlx5_0 handler=GPU_SM_DB
[STATUS]: exporting GPUNetIO QP resource=0 lane=25 server=2 qpn=124903 gpu_pci=0000:5C:00.0 ibdev=mlx5_0 handler=GPU_SM_DB
[STATUS]: exporting GPUNetIO QP resource=0 lane=25 server=3 qpn=124904 gpu_pci=0000:5C:00.0 ibdev=mlx5_0 handler=GPU_SM_DB
[STATUS]: exporting GPUNetIO QP resource=0 lane=25 server=4 qpn=124905 gpu_pci=0000:5C:00.0 ibdev=mlx5_0 handler=GPU_SM_DB
[STATUS]: exporting GPUNetIO QP resource=0 lane=26 server=0 qpn=124906 gpu_pci=0000:5C:00.0 ibdev=mlx5_0 handler=GPU_SM_DB
[STATUS]: exporting GPUNetIO QP resource=0 lane=26 server=1 qpn=124907 gpu_pci=0000:5C:00.0 ibdev=mlx5_0 handler=GPU_SM_DB
[STATUS]: exporting GPUNetIO QP resource=0 lane=26 server=2 qpn=124908 gpu_pci=0000:5C:00.0 ibdev=mlx5_0 handler=GPU_SM_DB
[STATUS]: exporting GPUNetIO QP resource=0 lane=26 server=3 qpn=124909 gpu_pci=0000:5C:00.0 ibdev=mlx5_0 handler=GPU_SM_DB
[STATUS]: exporting GPUNetIO QP resource=0 lane=26 server=4 qpn=124910 gpu_pci=0000:5C:00.0 ibdev=mlx5_0 handler=GPU_SM_DB
[STATUS]: exporting GPUNetIO QP resource=0 lane=27 server=0 qpn=124911 gpu_pci=0000:5C:00.0 ibdev=mlx5_0 handler=GPU_SM_DB
[STATUS]: exporting GPUNetIO QP resource=0 lane=27 server=1 qpn=124912 gpu_pci=0000:5C:00.0 ibdev=mlx5_0 handler=GPU_SM_DB
[STATUS]: exporting GPUNetIO QP resource=0 lane=27 server=2 qpn=124913 gpu_pci=0000:5C:00.0 ibdev=mlx5_0 handler=GPU_SM_DB
[STATUS]: exporting GPUNetIO QP resource=0 lane=27 server=3 qpn=124914 gpu_pci=0000:5C:00.0 ibdev=mlx5_0 handler=GPU_SM_DB
[STATUS]: exporting GPUNetIO QP resource=0 lane=27 server=4 qpn=124915 gpu_pci=0000:5C:00.0 ibdev=mlx5_0 handler=GPU_SM_DB
[STATUS]: exporting GPUNetIO QP resource=0 lane=28 server=0 qpn=124916 gpu_pci=0000:5C:00.0 ibdev=mlx5_0 handler=GPU_SM_DB
[STATUS]: exporting GPUNetIO QP resource=0 lane=28 server=1 qpn=124917 gpu_pci=0000:5C:00.0 ibdev=mlx5_0 handler=GPU_SM_DB
[STATUS]: exporting GPUNetIO QP resource=0 lane=28 server=2 qpn=124918 gpu_pci=0000:5C:00.0 ibdev=mlx5_0 handler=GPU_SM_DB
[STATUS]: exporting GPUNetIO QP resource=0 lane=28 server=3 qpn=124919 gpu_pci=0000:5C:00.0 ibdev=mlx5_0 handler=GPU_SM_DB
[STATUS]: exporting GPUNetIO QP resource=0 lane=28 server=4 qpn=124920 gpu_pci=0000:5C:00.0 ibdev=mlx5_0 handler=GPU_SM_DB
[STATUS]: exporting GPUNetIO QP resource=0 lane=29 server=0 qpn=124921 gpu_pci=0000:5C:00.0 ibdev=mlx5_0 handler=GPU_SM_DB
[STATUS]: exporting GPUNetIO QP resource=0 lane=29 server=1 qpn=124922 gpu_pci=0000:5C:00.0 ibdev=mlx5_0 handler=GPU_SM_DB
[STATUS]: exporting GPUNetIO QP resource=0 lane=29 server=2 qpn=124923 gpu_pci=0000:5C:00.0 ibdev=mlx5_0 handler=GPU_SM_DB
[STATUS]: exporting GPUNetIO QP resource=0 lane=29 server=3 qpn=124924 gpu_pci=0000:5C:00.0 ibdev=mlx5_0 handler=GPU_SM_DB
[STATUS]: exporting GPUNetIO QP resource=0 lane=29 server=4 qpn=124925 gpu_pci=0000:5C:00.0 ibdev=mlx5_0 handler=GPU_SM_DB
[STATUS]: exporting GPUNetIO QP resource=0 lane=30 server=0 qpn=124926 gpu_pci=0000:5C:00.0 ibdev=mlx5_0 handler=GPU_SM_DB
[STATUS]: exporting GPUNetIO QP resource=0 lane=30 server=1 qpn=124927 gpu_pci=0000:5C:00.0 ibdev=mlx5_0 handler=GPU_SM_DB
[STATUS]: exporting GPUNetIO QP resource=0 lane=30 server=2 qpn=124928 gpu_pci=0000:5C:00.0 ibdev=mlx5_0 handler=GPU_SM_DB
[STATUS]: exporting GPUNetIO QP resource=0 lane=30 server=3 qpn=124929 gpu_pci=0000:5C:00.0 ibdev=mlx5_0 handler=GPU_SM_DB
[STATUS]: exporting GPUNetIO QP resource=0 lane=30 server=4 qpn=124930 gpu_pci=0000:5C:00.0 ibdev=mlx5_0 handler=GPU_SM_DB
[STATUS]: exporting GPUNetIO QP resource=0 lane=31 server=0 qpn=124931 gpu_pci=0000:5C:00.0 ibdev=mlx5_0 handler=GPU_SM_DB
[STATUS]: exporting GPUNetIO QP resource=0 lane=31 server=1 qpn=124932 gpu_pci=0000:5C:00.0 ibdev=mlx5_0 handler=GPU_SM_DB
[STATUS]: exporting GPUNetIO QP resource=0 lane=31 server=2 qpn=124933 gpu_pci=0000:5C:00.0 ibdev=mlx5_0 handler=GPU_SM_DB
[STATUS]: exporting GPUNetIO QP resource=0 lane=31 server=3 qpn=124934 gpu_pci=0000:5C:00.0 ibdev=mlx5_0 handler=GPU_SM_DB
[STATUS]: exporting GPUNetIO QP resource=0 lane=31 server=4 qpn=124935 gpu_pci=0000:5C:00.0 ibdev=mlx5_0 handler=GPU_SM_DB
[STATUS]: GPUNetIO GPU MR registration=peer_memory bytes=3248422912
[STATUS]: GPUNetIO startup RDMA read probe passed for 160 QPs
[STATUS]: GPUNetIO RDMA Read implementation=manual_wqe_locked
1 device(s) found
Selected device: mlx5_0
Selected port state: 4, lid: 1
pairing: 124936 -- 55382
pairing: 124937 -- 55387
pairing: 124938 -- 55388
pairing: 124939 -- 55389
pairing: 124940 -- 55390
pairing: 124941 -- 55391
pairing: 124942 -- 55392
pairing: 124943 -- 55393
pairing: 124944 -- 55394
pairing: 124945 -- 55395
pairing: 124946 -- 55396
pairing: 124947 -- 55397
pairing: 124948 -- 55398
pairing: 124949 -- 55399
pairing: 124950 -- 55400
pairing: 124951 -- 55401
pairing: 124952 -- 55402
pairing: 124953 -- 55403
pairing: 124954 -- 55404
pairing: 124955 -- 55405
pairing: 124956 -- 55406
pairing: 124957 -- 55407
pairing: 124958 -- 55408
pairing: 124959 -- 55409
pairing: 124960 -- 55410
pairing: 124961 -- 55411
pairing: 124962 -- 55412
pairing: 124963 -- 55413
pairing: 124964 -- 55414
pairing: 124965 -- 55415
pairing: 124966 -- 55416
pairing: 124967 -- 55417
pairing: 124968 -- 55383
pairing: 124969 -- 55418
pairing: 124970 -- 55419
pairing: 124971 -- 55420
pairing: 124972 -- 55421
pairing: 124973 -- 55422
pairing: 124974 -- 55423
pairing: 124975 -- 55424
pairing: 124976 -- 55425
pairing: 124977 -- 55426
pairing: 124978 -- 55427
pairing: 124979 -- 55428
pairing: 124980 -- 55429
pairing: 124981 -- 55430
pairing: 124982 -- 55431
pairing: 124983 -- 55432
pairing: 124984 -- 55433
pairing: 124985 -- 55434
pairing: 124986 -- 55435
pairing: 124987 -- 55436
pairing: 124988 -- 55437
pairing: 124989 -- 55438
pairing: 124990 -- 55439
pairing: 124991 -- 55440
pairing: 124992 -- 55441
pairing: 124993 -- 55442
pairing: 124994 -- 55443
pairing: 124995 -- 55444
pairing: 124996 -- 55445
pairing: 124997 -- 55446
pairing: 124998 -- 55447
pairing: 124999 -- 55448
pairing: 125000 -- 55384
pairing: 125001 -- 55449
pairing: 125002 -- 55450
pairing: 125003 -- 55451
pairing: 125004 -- 55452
pairing: 125005 -- 55453
pairing: 125006 -- 55454
pairing: 125007 -- 55455
pairing: 125008 -- 55456
pairing: 125009 -- 55457
pairing: 125010 -- 55458
pairing: 125011 -- 55459
pairing: 125012 -- 55460
pairing: 125013 -- 55461
pairing: 125014 -- 55462
pairing: 125015 -- 55463
pairing: 125016 -- 55464
pairing: 125017 -- 55465
pairing: 125018 -- 55466
pairing: 125019 -- 55467
pairing: 125020 -- 55468
pairing: 125021 -- 55469
pairing: 125022 -- 55470
pairing: 125023 -- 55471
pairing: 125024 -- 55472
pairing: 125025 -- 55473
pairing: 125026 -- 55474
pairing: 125027 -- 55475
pairing: 125028 -- 55476
pairing: 125029 -- 55477
pairing: 125030 -- 55478
pairing: 125031 -- 55479
pairing: 125032 -- 55385
pairing: 125033 -- 55480
pairing: 125034 -- 55481
pairing: 125035 -- 55482
pairing: 125036 -- 55483
pairing: 125037 -- 55484
pairing: 125038 -- 55485
pairing: 125039 -- 55486
pairing: 125040 -- 55487
pairing: 125041 -- 55488
pairing: 125042 -- 55489
pairing: 125043 -- 55490
pairing: 125044 -- 55491
pairing: 125045 -- 55492
pairing: 125046 -- 55493
pairing: 125047 -- 55494
pairing: 125048 -- 55495
pairing: 125049 -- 55496
pairing: 125050 -- 55497
pairing: 125051 -- 55498
pairing: 125052 -- 55499
pairing: 125053 -- 55500
pairing: 125054 -- 55501
pairing: 125055 -- 55502
pairing: 125056 -- 55503
pairing: 125057 -- 55504
pairing: 125058 -- 55505
pairing: 125059 -- 55506
pairing: 125060 -- 55507
pairing: 125061 -- 55508
pairing: 125062 -- 55509
pairing: 125063 -- 55510
pairing: 125064 -- 55386
pairing: 125065 -- 55511
pairing: 125066 -- 55512
pairing: 125067 -- 55513
pairing: 125068 -- 55514
pairing: 125069 -- 55515
pairing: 125070 -- 55516
pairing: 125071 -- 55517
pairing: 125072 -- 55518
pairing: 125073 -- 55519
pairing: 125074 -- 55520
pairing: 125075 -- 55521
pairing: 125076 -- 55522
pairing: 125077 -- 55523
pairing: 125078 -- 55524
pairing: 125079 -- 55525
pairing: 125080 -- 55526
pairing: 125081 -- 55527
pairing: 125082 -- 55528
pairing: 125083 -- 55529
pairing: 125084 -- 55530
pairing: 125085 -- 55531
pairing: 125086 -- 55532
pairing: 125087 -- 55533
pairing: 125088 -- 55534
pairing: 125089 -- 55535
pairing: 125090 -- 55536
pairing: 125091 -- 55537
pairing: 125092 -- 55538
pairing: 125093 -- 55539
pairing: 125094 -- 55540
pairing: 125095 -- 55541
[gpu-search] bootstrap=CPU-posted GPUDirect RDMA; queries=strict GPU-initiated GPUNetIO
[gpu-search] streamed 3200000000 PQ bytes directly into final GPU storage; ordinal audit passed for 15 entries
[gpu-search] ASFE device stack bytes/thread=2048
[gpu-search] persistent occupancy candidate threads=128 hardware_blocks_per_sm=3 configured_cap=4 effective_blocks_per_sm=3 grid_capacity=324 owner_blocks=40 query_blocks=256 resident_query_warps=1024 selected=true
[gpu-search] persistent occupancy candidate threads=256 hardware_blocks_per_sm=1 configured_cap=4 effective_blocks_per_sm=1 grid_capacity=108 owner_blocks=20 query_blocks=86 resident_query_warps=688 selected=false
[gpu-search] persistent kernel resources registers/thread=166 static_shared_bytes=49136 max_threads/block=128
[gpu-search] unified persistent CTAs=40-owner+256-query+1-dispatch+1-control QP-owner-warps=160 threads/CTA=128 query_slots=256 resident_capacity=324 launched=298
[STATUS]: query engine: persistent GPU + GPUNetIO slots=256
[breakdown] preparing workload: bootstrap_count=65536, workload=query
[breakdown] bootstrap vectors ready (synthetic)
[breakdown] recall query data ready: count=10000 dtype=uint8 vector_bytes=128
[breakdown] performance query data ready: count=10000000 dtype=uint8 vector_bytes=128 policy=single_pass_no_reuse
[breakdown][recall] done 1000/1000 ops, avg_rate=45316 ops/s
[breakdown][recall] before_performance recall@10=0.9401 queries=1000
[breakdown] effective insert start id=100010000
[breakdown] starting warmup query
[breakdown][warmup-query] progress elapsed=5s/5s, completed=354718 ops, rate=70943.6 ops/s, interval_rate=70943.6 ops/s
[breakdown][warmup-query] done measurement_elapsed=5s/5s, measurement_completed=354718 ops, measurement_avg_rate=70943.6 ops/s, drain_elapsed=0.00618046s, drain_completed=253 ops
[breakdown] starting measure phase
[breakdown][measure-query] progress elapsed=5s/20s, completed=353855 ops, rate=70771 ops/s, interval_rate=70771 ops/s
[gpu-search] slow query e2e_us=10097 gpu_us=2719 prepare_us=93 graph_us=365 score_us=402 beam_us=436 exact_us=200 beam_select_us=37 rdma_issue_us=214 rdma_wait_us=474 graph_validation_us=48 neighbor_decode_us=77 pq_score_us=229 visited_us=95 beam_merge_us=436 graph_reads=206 graph_rereads=0 graph_bytes=69408 graph_extent_reads=206 graph_full_reads=0 graph_extent_fallbacks=0 graph_extent_underhints=0 graph_extent_promotions=0 dynamic_graph_short_reads=0 dynamic_graph_full_reads=0 dynamic_graph_bytes=0 dynamic_graph_fallbacks=0 dynamic_graph_promotions=0 dynamic_graph_demotions=0 logical_expansions=206 critical_graph_reads=206 speculative_graph_reads=0 speculative_promoted=0 speculative_stale=0 speculative_wasted_bytes=0 rdma_completion_latency_ns=1532928 rdma_completion_groups=32 issue_width_max=16 commit_width_max=16 critical_misses=18 certificate_rejects=0 graph_batches=24 graph_rounds=16 route_hits=0 exact_reads=128 exact_snapshot_trains=1 exact_snapshot_fallbacks=0 terminal_exact_cache_attempted=1 terminal_exact_cache_issued=128 terminal_exact_cache_promoted=125 terminal_exact_cache_misses=0 terminal_exact_cache_wasted_bytes=456 terminal_exact_cache_queue_rejects=0 dynamic_pq_reads=0 dynamic_pq_us=0 dynamic_pq_incarnation_rejects=0 dynamic_pq_arena_hits=0 dynamic_pq_batch_deduplicated=0
[gpu-search] slow query e2e_us=10099 gpu_us=2472 prepare_us=120 graph_us=296 score_us=273 beam_us=378 exact_us=234 beam_select_us=36 rdma_issue_us=205 rdma_wait_us=538 graph_validation_us=28 neighbor_decode_us=60 pq_score_us=150 visited_us=62 beam_merge_us=378 graph_reads=189 graph_rereads=0 graph_bytes=46096 graph_extent_reads=189 graph_full_reads=0 graph_extent_fallbacks=0 graph_extent_underhints=0 graph_extent_promotions=0 dynamic_graph_short_reads=0 dynamic_graph_full_reads=0 dynamic_graph_bytes=0 dynamic_graph_fallbacks=0 dynamic_graph_promotions=0 dynamic_graph_demotions=0 logical_expansions=189 critical_graph_reads=189 speculative_graph_reads=0 speculative_promoted=0 speculative_stale=0 speculative_wasted_bytes=0 rdma_completion_latency_ns=1144832 rdma_completion_groups=19 issue_width_max=16 commit_width_max=16 critical_misses=4 certificate_rejects=0 graph_batches=15 graph_rounds=15 route_hits=0 exact_reads=128 exact_snapshot_trains=1 exact_snapshot_fallbacks=0 terminal_exact_cache_attempted=1 terminal_exact_cache_issued=128 terminal_exact_cache_promoted=125 terminal_exact_cache_misses=0 terminal_exact_cache_wasted_bytes=456 terminal_exact_cache_queue_rejects=0 dynamic_pq_reads=0 dynamic_pq_us=0 dynamic_pq_incarnation_rejects=0 dynamic_pq_arena_hits=0 dynamic_pq_batch_deduplicated=0
[gpu-search] slow query e2e_us=10294 gpu_us=2643 prepare_us=97 graph_us=293 score_us=367 beam_us=412 exact_us=264 beam_select_us=30 rdma_issue_us=219 rdma_wait_us=405 graph_validation_us=25 neighbor_decode_us=76 pq_score_us=204 visited_us=86 beam_merge_us=412 graph_reads=226 graph_rereads=0 graph_bytes=63648 graph_extent_reads=226 graph_full_reads=0 graph_extent_fallbacks=0 graph_extent_underhints=0 graph_extent_promotions=0 dynamic_graph_short_reads=0 dynamic_graph_full_reads=0 dynamic_graph_bytes=0 dynamic_graph_fallbacks=0 dynamic_graph_promotions=0 dynamic_graph_demotions=0 logical_expansions=226 critical_graph_reads=226 speculative_graph_reads=0 speculative_promoted=0 speculative_stale=0 speculative_wasted_bytes=0 rdma_completion_latency_ns=1574912 rdma_completion_groups=33 issue_width_max=16 commit_width_max=16 critical_misses=4 certificate_rejects=0 graph_batches=29 graph_rounds=16 route_hits=0 exact_reads=128 exact_snapshot_trains=1 exact_snapshot_fallbacks=0 terminal_exact_cache_attempted=1 terminal_exact_cache_issued=128 terminal_exact_cache_promoted=127 terminal_exact_cache_misses=0 terminal_exact_cache_wasted_bytes=152 terminal_exact_cache_queue_rejects=0 dynamic_pq_reads=0 dynamic_pq_us=0 dynamic_pq_incarnation_rejects=0 dynamic_pq_arena_hits=0 dynamic_pq_batch_deduplicated=0
[gpu-search] slow query e2e_us=10037 gpu_us=2194 prepare_us=107 graph_us=270 score_us=340 beam_us=388 exact_us=172 beam_select_us=22 rdma_issue_us=210 rdma_wait_us=269 graph_validation_us=23 neighbor_decode_us=78 pq_score_us=178 visited_us=83 beam_merge_us=388 graph_reads=201 graph_rereads=0 graph_bytes=52432 graph_extent_reads=201 graph_full_reads=0 graph_extent_fallbacks=0 graph_extent_underhints=0 graph_extent_promotions=0 dynamic_graph_short_reads=0 dynamic_graph_full_reads=0 dynamic_graph_bytes=0 dynamic_graph_fallbacks=0 dynamic_graph_promotions=0 dynamic_graph_demotions=0 logical_expansions=201 critical_graph_reads=201 speculative_graph_reads=0 speculative_promoted=0 speculative_stale=0 speculative_wasted_bytes=0 rdma_completion_latency_ns=720896 rdma_completion_groups=18 issue_width_max=16 commit_width_max=16 critical_misses=4 certificate_rejects=0 graph_batches=14 graph_rounds=14 route_hits=0 exact_reads=128 exact_snapshot_trains=0 exact_snapshot_fallbacks=0 terminal_exact_cache_attempted=1 terminal_exact_cache_issued=128 terminal_exact_cache_promoted=128 terminal_exact_cache_misses=0 terminal_exact_cache_wasted_bytes=0 terminal_exact_cache_queue_rejects=0 dynamic_pq_reads=0 dynamic_pq_us=0 dynamic_pq_incarnation_rejects=0 dynamic_pq_arena_hits=0 dynamic_pq_batch_deduplicated=0
[gpu-search] slow query e2e_us=10267 gpu_us=2368 prepare_us=95 graph_us=251 score_us=353 beam_us=380 exact_us=227 beam_select_us=30 rdma_issue_us=183 rdma_wait_us=372 graph_validation_us=20 neighbor_decode_us=71 pq_score_us=194 visited_us=87 beam_merge_us=380 graph_reads=204 graph_rereads=0 graph_bytes=62336 graph_extent_reads=204 graph_full_reads=0 graph_extent_fallbacks=0 graph_extent_underhints=0 graph_extent_promotions=0 dynamic_graph_short_reads=0 dynamic_graph_full_reads=0 dynamic_graph_bytes=0 dynamic_graph_fallbacks=0 dynamic_graph_promotions=0 dynamic_graph_demotions=0 logical_expansions=204 critical_graph_reads=204 speculative_graph_reads=0 speculative_promoted=0 speculative_stale=0 speculative_wasted_bytes=0 rdma_completion_latency_ns=902144 rdma_completion_groups=19 issue_width_max=16 commit_width_max=16 critical_misses=4 certificate_rejects=0 graph_batches=15 graph_rounds=15 route_hits=0 exact_reads=128 exact_snapshot_trains=1 exact_snapshot_fallbacks=0 terminal_exact_cache_attempted=1 terminal_exact_cache_issued=128 terminal_exact_cache_promoted=127 terminal_exact_cache_misses=0 terminal_exact_cache_wasted_bytes=152 terminal_exact_cache_queue_rejects=0 dynamic_pq_reads=0 dynamic_pq_us=0 dynamic_pq_incarnation_rejects=0 dynamic_pq_arena_hits=0 dynamic_pq_batch_deduplicated=0
[gpu-search] slow query e2e_us=10381 gpu_us=2373 prepare_us=96 graph_us=286 score_us=332 beam_us=352 exact_us=179 beam_select_us=23 rdma_issue_us=217 rdma_wait_us=466 graph_validation_us=23 neighbor_decode_us=74 pq_score_us=171 visited_us=86 beam_merge_us=352 graph_reads=215 graph_rereads=0 graph_bytes=55728 graph_extent_reads=215 graph_full_reads=0 graph_extent_fallbacks=0 graph_extent_underhints=0 graph_extent_promotions=0 dynamic_graph_short_reads=0 dynamic_graph_full_reads=0 dynamic_graph_bytes=0 dynamic_graph_fallbacks=0 dynamic_graph_promotions=0 dynamic_graph_demotions=0 logical_expansions=215 critical_graph_reads=215 speculative_graph_reads=0 speculative_promoted=0 speculative_stale=0 speculative_wasted_bytes=0 rdma_completion_latency_ns=965632 rdma_completion_groups=19 issue_width_max=16 commit_width_max=16 critical_misses=4 certificate_rejects=0 graph_batches=15 graph_rounds=15 route_hits=0 exact_reads=128 exact_snapshot_trains=0 exact_snapshot_fallbacks=0 terminal_exact_cache_attempted=1 terminal_exact_cache_issued=128 terminal_exact_cache_promoted=128 terminal_exact_cache_misses=0 terminal_exact_cache_wasted_bytes=0 terminal_exact_cache_queue_rejects=0 dynamic_pq_reads=0 dynamic_pq_us=0 dynamic_pq_incarnation_rejects=0 dynamic_pq_arena_hits=0 dynamic_pq_batch_deduplicated=0
[gpu-search] slow query e2e_us=10645 gpu_us=2529 prepare_us=103 graph_us=282 score_us=359 beam_us=383 exact_us=208 beam_select_us=23 rdma_issue_us=215 rdma_wait_us=478 graph_validation_us=26 neighbor_decode_us=75 pq_score_us=204 visited_us=78 beam_merge_us=383 graph_reads=214 graph_rereads=0 graph_bytes=57248 graph_extent_reads=214 graph_full_reads=0 graph_extent_fallbacks=0 graph_extent_underhints=0 graph_extent_promotions=0 dynamic_graph_short_reads=0 dynamic_graph_full_reads=0 dynamic_graph_bytes=0 dynamic_graph_fallbacks=0 dynamic_graph_promotions=0 dynamic_graph_demotions=0 logical_expansions=214 critical_graph_reads=214 speculative_graph_reads=0 speculative_promoted=0 speculative_stale=0 speculative_wasted_bytes=0 rdma_completion_latency_ns=1008640 rdma_completion_groups=19 issue_width_max=16 commit_width_max=16 critical_misses=4 certificate_rejects=0 graph_batches=15 graph_rounds=15 route_hits=0 exact_reads=128 exact_snapshot_trains=1 exact_snapshot_fallbacks=0 terminal_exact_cache_attempted=1 terminal_exact_cache_issued=128 terminal_exact_cache_promoted=126 terminal_exact_cache_misses=0 terminal_exact_cache_wasted_bytes=304 terminal_exact_cache_queue_rejects=0 dynamic_pq_reads=0 dynamic_pq_us=0 dynamic_pq_incarnation_rejects=0 dynamic_pq_arena_hits=0 dynamic_pq_batch_deduplicated=0
[gpu-search] slow query e2e_us=10491 gpu_us=2139 prepare_us=103 graph_us=263 score_us=319 beam_us=346 exact_us=158 beam_select_us=22 rdma_issue_us=194 rdma_wait_us=331 graph_validation_us=31 neighbor_decode_us=72 pq_score_us=171 visited_us=75 beam_merge_us=346 graph_reads=209 graph_rereads=0 graph_bytes=51792 graph_extent_reads=209 graph_full_reads=0 graph_extent_fallbacks=0 graph_extent_underhints=0 graph_extent_promotions=0 dynamic_graph_short_reads=0 dynamic_graph_full_reads=0 dynamic_graph_bytes=0 dynamic_graph_fallbacks=0 dynamic_graph_promotions=0 dynamic_graph_demotions=0 logical_expansions=209 critical_graph_reads=209 speculative_graph_reads=0 speculative_promoted=0 speculative_stale=0 speculative_wasted_bytes=0 rdma_completion_latency_ns=759808 rdma_completion_groups=18 issue_width_max=16 commit_width_max=16 critical_misses=4 certificate_rejects=0 graph_batches=14 graph_rounds=14 route_hits=0 exact_reads=128 exact_snapshot_trains=0 exact_snapshot_fallbacks=0 terminal_exact_cache_attempted=1 terminal_exact_cache_issued=128 terminal_exact_cache_promoted=128 terminal_exact_cache_misses=0 terminal_exact_cache_wasted_bytes=0 terminal_exact_cache_queue_rejects=0 dynamic_pq_reads=0 dynamic_pq_us=0 dynamic_pq_incarnation_rejects=0 dynamic_pq_arena_hits=0 dynamic_pq_batch_deduplicated=0
[gpu-search] slow query e2e_us=10731 gpu_us=2399 prepare_us=96 graph_us=268 score_us=348 beam_us=411 exact_us=209 beam_select_us=24 rdma_issue_us=197 rdma_wait_us=388 graph_validation_us=22 neighbor_decode_us=74 pq_score_us=192 visited_us=81 beam_merge_us=411 graph_reads=216 graph_rereads=0 graph_bytes=60160 graph_extent_reads=216 graph_full_reads=0 graph_extent_fallbacks=0 graph_extent_underhints=0 graph_extent_promotions=0 dynamic_graph_short_reads=0 dynamic_graph_full_reads=0 dynamic_graph_bytes=0 dynamic_graph_fallbacks=0 dynamic_graph_promotions=0 dynamic_graph_demotions=0 logical_expansions=216 critical_graph_reads=216 speculative_graph_reads=0 speculative_promoted=0 speculative_stale=0 speculative_wasted_bytes=0 rdma_completion_latency_ns=906240 rdma_completion_groups=19 issue_width_max=16 commit_width_max=16 critical_misses=4 certificate_rejects=0 graph_batches=15 graph_rounds=15 route_hits=0 exact_reads=128 exact_snapshot_trains=0 exact_snapshot_fallbacks=0 terminal_exact_cache_attempted=1 terminal_exact_cache_issued=128 terminal_exact_cache_promoted=128 terminal_exact_cache_misses=0 terminal_exact_cache_wasted_bytes=0 terminal_exact_cache_queue_rejects=0 dynamic_pq_reads=0 dynamic_pq_us=0 dynamic_pq_incarnation_rejects=0 dynamic_pq_arena_hits=0 dynamic_pq_batch_deduplicated=0
[gpu-search] slow query e2e_us=11036 gpu_us=2643 prepare_us=101 graph_us=261 score_us=364 beam_us=444 exact_us=196 beam_select_us=22 rdma_issue_us=197 rdma_wait_us=573 graph_validation_us=23 neighbor_decode_us=78 pq_score_us=198 visited_us=87 beam_merge_us=444 graph_reads=182 graph_rereads=0 graph_bytes=58016 graph_extent_reads=182 graph_full_reads=0 graph_extent_fallbacks=0 graph_extent_underhints=0 graph_extent_promotions=0 dynamic_graph_short_reads=0 dynamic_graph_full_reads=0 dynamic_graph_bytes=0 dynamic_graph_fallbacks=0 dynamic_graph_promotions=0 dynamic_graph_demotions=0 logical_expansions=182 critical_graph_reads=182 speculative_graph_reads=0 speculative_promoted=0 speculative_stale=0 speculative_wasted_bytes=0 rdma_completion_latency_ns=1055744 rdma_completion_groups=17 issue_width_max=16 commit_width_max=16 critical_misses=4 certificate_rejects=0 graph_batches=13 graph_rounds=13 route_hits=0 exact_reads=128 exact_snapshot_trains=1 exact_snapshot_fallbacks=0 terminal_exact_cache_attempted=1 terminal_exact_cache_issued=128 terminal_exact_cache_promoted=126 terminal_exact_cache_misses=0 terminal_exact_cache_wasted_bytes=304 terminal_exact_cache_queue_rejects=0 dynamic_pq_reads=0 dynamic_pq_us=0 dynamic_pq_incarnation_rejects=0 dynamic_pq_arena_hits=0 dynamic_pq_batch_deduplicated=0
[gpu-search] slow query e2e_us=11297 gpu_us=2845 prepare_us=91 graph_us=318 score_us=462 beam_us=470 exact_us=217 beam_select_us=31 rdma_issue_us=245 rdma_wait_us=434 graph_validation_us=27 neighbor_decode_us=103 pq_score_us=251 visited_us=107 beam_merge_us=470 graph_reads=227 graph_rereads=0 graph_bytes=73712 graph_extent_reads=227 graph_full_reads=0 graph_extent_fallbacks=0 graph_extent_underhints=0 graph_extent_promotions=0 dynamic_graph_short_reads=0 dynamic_graph_full_reads=0 dynamic_graph_bytes=0 dynamic_graph_fallbacks=0 dynamic_graph_promotions=0 dynamic_graph_demotions=0 logical_expansions=227 critical_graph_reads=227 speculative_graph_reads=0 speculative_promoted=0 speculative_stale=0 speculative_wasted_bytes=0 rdma_completion_latency_ns=1423360 rdma_completion_groups=27 issue_width_max=16 commit_width_max=16 critical_misses=4 certificate_rejects=0 graph_batches=23 graph_rounds=16 route_hits=0 exact_reads=128 exact_snapshot_trains=1 exact_snapshot_fallbacks=0 terminal_exact_cache_attempted=1 terminal_exact_cache_issued=128 terminal_exact_cache_promoted=124 terminal_exact_cache_misses=0 terminal_exact_cache_wasted_bytes=608 terminal_exact_cache_queue_rejects=0 dynamic_pq_reads=0 dynamic_pq_us=0 dynamic_pq_incarnation_rejects=0 dynamic_pq_arena_hits=0 dynamic_pq_batch_deduplicated=0
[gpu-search] slow query e2e_us=10965 gpu_us=2243 prepare_us=101 graph_us=272 score_us=310 beam_us=350 exact_us=163 beam_select_us=23 rdma_issue_us=202 rdma_wait_us=397 graph_validation_us=27 neighbor_decode_us=70 pq_score_us=163 visited_us=76 beam_merge_us=350 graph_reads=201 graph_rereads=0 graph_bytes=51344 graph_extent_reads=201 graph_full_reads=0 graph_extent_fallbacks=0 graph_extent_underhints=0 graph_extent_promotions=0 dynamic_graph_short_reads=0 dynamic_graph_full_reads=0 dynamic_graph_bytes=0 dynamic_graph_fallbacks=0 dynamic_graph_promotions=0 dynamic_graph_demotions=0 logical_expansions=201 critical_graph_reads=201 speculative_graph_reads=0 speculative_promoted=0 speculative_stale=0 speculative_wasted_bytes=0 rdma_completion_latency_ns=961536 rdma_completion_groups=20 issue_width_max=16 commit_width_max=16 critical_misses=4 certificate_rejects=0 graph_batches=16 graph_rounds=14 route_hits=0 exact_reads=128 exact_snapshot_trains=0 exact_snapshot_fallbacks=0 terminal_exact_cache_attempted=1 terminal_exact_cache_issued=128 terminal_exact_cache_promoted=128 terminal_exact_cache_misses=0 terminal_exact_cache_wasted_bytes=0 terminal_exact_cache_queue_rejects=0 dynamic_pq_reads=0 dynamic_pq_us=0 dynamic_pq_incarnation_rejects=0 dynamic_pq_arena_hits=0 dynamic_pq_batch_deduplicated=0
[gpu-search] slow query e2e_us=11452 gpu_us=2782 prepare_us=94 graph_us=307 score_us=476 beam_us=452 exact_us=282 beam_select_us=25 rdma_issue_us=227 rdma_wait_us=304 graph_validation_us=29 neighbor_decode_us=94 pq_score_us=265 visited_us=115 beam_merge_us=452 graph_reads=217 graph_rereads=0 graph_bytes=75216 graph_extent_reads=217 graph_full_reads=0 graph_extent_fallbacks=0 graph_extent_underhints=0 graph_extent_promotions=0 dynamic_graph_short_reads=0 dynamic_graph_full_reads=0 dynamic_graph_bytes=0 dynamic_graph_fallbacks=0 dynamic_graph_promotions=0 dynamic_graph_demotions=0 logical_expansions=217 critical_graph_reads=217 speculative_graph_reads=0 speculative_promoted=0 speculative_stale=0 speculative_wasted_bytes=0 rdma_completion_latency_ns=1205248 rdma_completion_groups=26 issue_width_max=16 commit_width_max=16 critical_misses=4 certificate_rejects=0 graph_batches=22 graph_rounds=15 route_hits=0 exact_reads=128 exact_snapshot_trains=0 exact_snapshot_fallbacks=0 terminal_exact_cache_attempted=1 terminal_exact_cache_issued=128 terminal_exact_cache_promoted=128 terminal_exact_cache_misses=0 terminal_exact_cache_wasted_bytes=0 terminal_exact_cache_queue_rejects=0 dynamic_pq_reads=0 dynamic_pq_us=0 dynamic_pq_incarnation_rejects=0 dynamic_pq_arena_hits=0 dynamic_pq_batch_deduplicated=0
[gpu-search] slow query e2e_us=11440 gpu_us=2644 prepare_us=105 graph_us=351 score_us=340 beam_us=400 exact_us=255 beam_select_us=30 rdma_issue_us=213 rdma_wait_us=623 graph_validation_us=49 neighbor_decode_us=67 pq_score_us=188 visited_us=83 beam_merge_us=400 graph_reads=210 graph_rereads=0 graph_bytes=57824 graph_extent_reads=210 graph_full_reads=0 graph_extent_fallbacks=0 graph_extent_underhints=0 graph_extent_promotions=0 dynamic_graph_short_reads=0 dynamic_graph_full_reads=0 dynamic_graph_bytes=0 dynamic_graph_fallbacks=0 dynamic_graph_promotions=0 dynamic_graph_demotions=0 logical_expansions=210 critical_graph_reads=210 speculative_graph_reads=0 speculative_promoted=0 speculative_stale=0 speculative_wasted_bytes=0 rdma_completion_latency_ns=1354752 rdma_completion_groups=23 issue_width_max=16 commit_width_max=16 critical_misses=20 certificate_rejects=0 graph_batches=15 graph_rounds=15 route_hits=0 exact_reads=128 exact_snapshot_trains=1 exact_snapshot_fallbacks=0 terminal_exact_cache_attempted=1 terminal_exact_cache_issued=128 terminal_exact_cache_promoted=126 terminal_exact_cache_misses=0 terminal_exact_cache_wasted_bytes=304 terminal_exact_cache_queue_rejects=0 dynamic_pq_reads=0 dynamic_pq_us=0 dynamic_pq_incarnation_rejects=0 dynamic_pq_arena_hits=0 dynamic_pq_batch_deduplicated=0
[gpu-search] slow query e2e_us=11542 gpu_us=2630 prepare_us=103 graph_us=289 score_us=330 beam_us=404 exact_us=207 beam_select_us=33 rdma_issue_us=224 rdma_wait_us=491 graph_validation_us=26 neighbor_decode_us=84 pq_score_us=175 visited_us=70 beam_merge_us=404 graph_reads=209 graph_rereads=0 graph_bytes=52624 graph_extent_reads=209 graph_full_reads=0 graph_extent_fallbacks=0 graph_extent_underhints=0 graph_extent_promotions=0 dynamic_graph_short_reads=0 dynamic_graph_full_reads=0 dynamic_graph_bytes=0 dynamic_graph_fallbacks=0 dynamic_graph_promotions=0 dynamic_graph_demotions=0 logical_expansions=209 critical_graph_reads=209 speculative_graph_reads=0 speculative_promoted=0 speculative_stale=0 speculative_wasted_bytes=0 rdma_completion_latency_ns=1215488 rdma_completion_groups=23 issue_width_max=16 commit_width_max=16 critical_misses=4 certificate_rejects=0 graph_batches=19 graph_rounds=15 route_hits=0 exact_reads=128 exact_snapshot_trains=1 exact_snapshot_fallbacks=0 terminal_exact_cache_attempted=1 terminal_exact_cache_issued=128 terminal_exact_cache_promoted=127 terminal_exact_cache_misses=0 terminal_exact_cache_wasted_bytes=152 terminal_exact_cache_queue_rejects=0 dynamic_pq_reads=0 dynamic_pq_us=0 dynamic_pq_incarnation_rejects=0 dynamic_pq_arena_hits=0 dynamic_pq_batch_deduplicated=0
[gpu-search] slow query e2e_us=11425 gpu_us=2294 prepare_us=108 graph_us=307 score_us=324 beam_us=381 exact_us=165 beam_select_us=24 rdma_issue_us=219 rdma_wait_us=328 graph_validation_us=22 neighbor_decode_us=71 pq_score_us=176 visited_us=76 beam_merge_us=381 graph_reads=206 graph_rereads=0 graph_bytes=52192 graph_extent_reads=206 graph_full_reads=0 graph_extent_fallbacks=0 graph_extent_underhints=0 graph_extent_promotions=0 dynamic_graph_short_reads=0 dynamic_graph_full_reads=0 dynamic_graph_bytes=0 dynamic_graph_fallbacks=0 dynamic_graph_promotions=0 dynamic_graph_demotions=0 logical_expansions=206 critical_graph_reads=206 speculative_graph_reads=0 speculative_promoted=0 speculative_stale=0 speculative_wasted_bytes=0 rdma_completion_latency_ns=942080 rdma_completion_groups=18 issue_width_max=16 commit_width_max=16 critical_misses=4 certificate_rejects=0 graph_batches=14 graph_rounds=14 route_hits=0 exact_reads=128 exact_snapshot_trains=0 exact_snapshot_fallbacks=0 terminal_exact_cache_attempted=1 terminal_exact_cache_issued=128 terminal_exact_cache_promoted=128 terminal_exact_cache_misses=0 terminal_exact_cache_wasted_bytes=0 terminal_exact_cache_queue_rejects=0 dynamic_pq_reads=0 dynamic_pq_us=0 dynamic_pq_incarnation_rejects=0 dynamic_pq_arena_hits=0 dynamic_pq_batch_deduplicated=0
[breakdown][measure-query] progress elapsed=10s/20s, completed=707078 ops, rate=70707.8 ops/s, interval_rate=70644.6 ops/s
[breakdown][measure-query] progress elapsed=15s/20s, completed=1058956 ops, rate=70597.1 ops/s, interval_rate=70375.6 ops/s
[breakdown][measure-query] progress elapsed=20s/20s, completed=1413807 ops, rate=70690.4 ops/s, interval_rate=70970.2 ops/s
[breakdown][measure-query] done measurement_elapsed=20s/20s, measurement_completed=1413807 ops, measurement_avg_rate=70690.4 ops/s, drain_elapsed=0.00580671s, drain_completed=256 ops
[breakdown][static_gt_post_recall] done 1000/1000 ops, avg_rate=49887.5 ops/s
[breakdown][recall] after_performance recall@10=0.9401 queries=1000
system_variant
  profile_name: 04_gpu_persistent_gpunetio
  label: full
  update_mutation_api: insert_upsert_erase
  storage_owner_update_completion_mode: decoupled
  gpu_dynamic_graph_access_mode: adaptive
  gpu_rdma_search_progression_mode: manual
  index_prefix: /data/xjs/index/dvstor_sift100m/index/sift100m_R96_bw128_metis_pmd32_pq32_schema16
  index_schema_version: 16
  index_build_fingerprint: 68737734120060254
query_inputs
  recall_source: /data/xjs/index/dvstor_sift100m/converted/query.u8bin
  recall_rows: 10000
  performance_source: /data/xjs/datasets/sift1b/sift100m_to_110m_query.u8bin
  performance_rows: 10000000
  performance_row_reuse_policy: single_pass_no_reuse
  performance_warmup/measure/total_rows_consumed: 354971/1414063/1769034
throughput
  duration_seconds: 20.0057
  total_ops_per_sec: 70682.8 (ops=1414063)
  query_ops_per_sec: 70682.8 (ops=1414063)
  effective_query_ops_per_sec: 70682.8
  write_ops_per_sec: 0 (ops=0)
  effective_write_ops_per_sec: 0
  insert_ops_per_sec: 0 (ops=0)
  client_drain_seconds: 0.0057454
  scheduled_query/write_ops: 0/0
  query/write_rate_attainment_ratio: 1/1
  nominal/effective_rate_basis: effective_wall_clock/wall_clock_including_client_drain
  query_head/tail_qps: 70597.1/70663.5
  query_tail_to_head_ratio: 1.00094
  query_min_5s_qps: 70375.6
  write_head/tail_qps: 0/0
  write_tail_to_head_ratio: 0
  write_min_5s_qps: 0
  zero_completion_windows: 0
  zero_query/write_windows: 0/0
stage2
  source: storage_logs
  shards observed/requested: 0/5
  p99_stage2_delay_upper_ms: unavailable
  remaining/max_backlog: 0/0
  completion_outstanding/admission_window: unavailable
  completion_incomplete/admission_window: unavailable
  completion admission stalls logical/physical: unavailable
  backlog_slope_per_sec: 0
  failures (hard): 0
  peer_reverse_retry_attempts: unavailable
  locality telemetry: unavailable
  search budget exhausted (stage1/stage2): unavailable
  execution batching: unavailable
  executor service demand: unavailable
recall
  recall@10: 0.9401
  queries: 1000
  mode/base_id_limit/search_width/insufficient_queries: all/0/10/0
  query_file: /data/xjs/index/dvstor_sift100m/converted/query.u8bin
  groundtruth_file: /data/xjs/index/dvstor_sift100m/converted/groundtruth_100M.bin
static_gt_post_recall
  recall@10: 0.9401
  queries: 1000
  mode/base_id_limit/search_width/insufficient_queries: all/0/10/0
  query_file: /data/xjs/index/dvstor_sift100m/converted/query.u8bin
  groundtruth_file: /data/xjs/index/dvstor_sift100m/converted/groundtruth_100M.bin
gpu_persistent
  GPU memory explicit/base_pq/route GiB: 4.30936/2.98023/2.87592e-06
  average_batch_size: 1.2732
  average_submission_wait_us: 9.70234
  rdma_read_bytes: 144124262640
  owner WQE submitted/capacity/utilization: 673619708/25812962304/0.0260962
  owner critical/speculative batches: 33904027/0
  graph_route_hit_ratio/refreshes: 0/0
  graph snapshot reread records total/per_query: 0/0
  graph RDMA bytes total/per_query/per_parent: 116612252912/82466.1/422.483
  graph live/full/fallback/underhint/promotions reads: 276016451/0/0/0/0
  expanded parents/neighbor sum/average degree: 276016451/13101677422/47.467
  expanded degree histogram (ceil(degree/8), overflow=13): [0,188180,6299746,26273401,42848270,46246272,42033720,32077461,23714000,16849284,11732875,9637733,18115509,0]
  dynamic expanded parents/neighbor sum/average degree/share: 0/0/0/0
  dynamic expanded degree histogram (ceil(degree/8), overflow=13): [0,0,0,0,0,0,0,0,0,0,0,0,0,0]
  DynaExtent short/full/bytes/fallback/promotions/demotions: 0/0/0/0/0/0
  DynaExtent snapshot-attempts/nonfallback-full-attempts/short-physical-ratio/fallback-ratio/bytes-per-physical-read: 0/0/0/0/0
  ASFE logical expansions total/per_query: 276016451/195.194
  ASFE critical/speculative graph reads: 276016451/0
  ASFE critical/speculative graph bytes: 116612252912/0
  ASFE core reads/bytes/arrived/promoted/stale: 267102254/111783102752/267102254/267102254/3257945
  ASFE core waves/ready waves/ready ratio: 19091433/1298154/0.0679967
  terminal exact cache attempts/rate: 1414063/1
  terminal exact cache issued/promoted/misses/rejects (total/per_query): 181000064/128, 175802485/124.324, 0/0, 0/0
  terminal exact cache promotion/waste ratio: 0.971284/0.0287159
  terminal exact cache wasted bytes total/per_query: 790032008/558.696
  ASFE completion scoring batches/candidates (total/per_query/candidates_per_batch): 20668474/14.6164, 13101677422/9265.27/633.897
  ASFE reusable exact certificates total/per_query: 20668474/14.6164
  ASFE streamed runs/ordered scoring batches/candidates (total/per_query/candidates_per_batch): 41184969/29.1253, 0/0, 0/0/0
  OOO ROB parents retired beyond an unresolved rank hole (total/per_query): 34690275/24.5323
  ASFE reusable prefix ranks/full/issued certificates (total/per_query): 270360199/191.194, 0/0, 19091433/13.5011
  ASFE certificate rejects total/per_query: 0/0
  ASFE speculative wasted bytes/ratio: 0/0
  ASFE speculative arrived/promoted/stale/queue_rejects: 0/0/0/0
  ASFE promotion/waste ratio: 0/0
  ASFE issue/commit epochs: 19254411/20668474
  ASFE average issue/commit width: 14.0415/13.3545
  ASFE issue capacity/utilization: 16/0.877592
  ASFE max issue/commit width: 16/16
  ASFE critical ROB hits/speculative wait ns/us_per_query: 267102254/1121969371644/793.437
  ASFE critical misses/ROB hit ratio: 8914197/0.967704
  ASFE RDMA completion groups/avg us (critical/speculative): 36460638/82.8191 (0/0)
  GPU occupancy threads/registers/static_shared: 128/166/49136
  GPU occupancy active/effective blocks per SM: 3/3
  GPU persistent query/owner/total blocks: 256/40/298
  centroid route publications/shard_updates/live/snapshot_skips: 0/0/20/0
  centroid route probe_reads/body_reads/unchanged_polls/poll_us: 1570/0/314/63963
  centroid route query snapshot retries/timeouts: 0/0
  GPU query/prepare/graph/score/beam/exact us: 3519.55/118.225/377.397/553.432/494.812/260.337
  exact snapshot train batches/fallbacks/success ratio: 1486249/0/1
  GPU graph commit/issue width: 16/16
  GPU graph read/dynamic extent: live-extent/1
  GPU Beam merge policy: stable-run
  Stage2 score-many/graph-issue/home-combining: 1/16/1
  GPU Beam merge total/prepare/sort/materialize us: 494.812/16.9451/239.131/238.735
  dynamic PQ candidates/reads/bytes/incarnation_rejects: 0/0/0/0
  dynamic PQ reads/query and wait_us/query: 0/0
  dynamic PQ arena hits/batch_dedup/authoritative_avoidance: 0/0/0
  dynamic PQ arena publish success/race/capacity: 0/0/25431721
storage_owner_runtime
  submitted/completed batches: 0/0
  submitted/completed items: 0/0
  average batch / average RPC wall us / max RPC wall us: 0/0/0
query breakdown
  count: 1414063
  latency_ms: mean=3.6197 p50=3.58127 p95=4.41347 p99=4.84286 p999=7.7079
  fine_grained_breakdown: disabled
json: /home/xjs/experiment/dvstor/motivation/program3/results/program3_20260823_014310/query_early_r2/04_gpu_persistent_gpunetio/sift100m_04_gpu_persistent_gpunetio_20260823_015317.json
text: /home/xjs/experiment/dvstor/motivation/program3/results/program3_20260823_014310/query_early_r2/04_gpu_persistent_gpunetio/sift100m_04_gpu_persistent_gpunetio_20260823_015317.txt
