============================================================
                        SERVER
============================================================
num clients:                  1
TCP port:                     1235
IB device:                    <auto>
IB port:                      1
max outstanding CQEs:         64
max send work requests:       4096
max receive work requests:    4096
============================================================
index prefix:                     "/data/xjs/index/dvstor_sift100m/index/sift100m_R96_bw128_metis_pmd32_pq32_schema16"
storage shard:                    "/data/xjs/index/dvstor_sift100m/index/sift100m_R96_bw128_metis_pmd32_pq32_schema16_node2_of5.dat"
storage id:                       1
base vectors:                     100000000
vector ID namespace [0,N):        4294967295
registered memory GiB:            24
====================================================================
1 device(s) found
Selected device: ibp86s0
Selected port state: 4, lid: 8
interleaved policy
num_cores: 112
physical cores per socket: 28
hyperthreading enabled
local process CPU partition: rank 1/5 logical_cpus=22
pairing: 48253 -- 119892
[STATUS]: loaded index metadata from /data/xjs/index/dvstor_sift100m/index/sift100m_R96_bw128_metis_pmd32_pq32_schema16 (layout=plain, vector_data_type=uint8)
[STATUS]: storage-owner stage2 candidate width L=128 per shard
allocation size: 25769803776
allocated ALIGNED MEM (no hugepage) at 125327321858112 with buffer size 25769803776
[STATUS]: loading index (20436190144 Bytes) from /data/xjs/index/dvstor_sift100m/index/sift100m_R96_bw128_metis_pmd32_pq32_schema16_node2_of5.dat
[STATUS]: loaded GPU PQ codes (659231936 Bytes) at remote offset 20436194240
[STATUS]: storage-owner idmap loaded entries=20000000 format=owner_sharded_v2_bound immutable_base=true dynamic_shards=256 dynamic_reserved=65536
[STATUS]: compensated physical centroid restored on shard 1: vectors=20600998 entries=4
[STATUS]: register memory and distribute access token
[STATUS]: connect QPs of compute threads
[STATUS]: reserving 64 GPU/bootstrap QPs per compute node
pairing: 48258 -- 119897
pairing: 48263 -- 119902
pairing: 48268 -- 119907
pairing: 48273 -- 119912
pairing: 48278 -- 119917
pairing: 48283 -- 119922
pairing: 48288 -- 119927
pairing: 48293 -- 119932
pairing: 48298 -- 119937
pairing: 48303 -- 119942
pairing: 48308 -- 119947
pairing: 48313 -- 119952
pairing: 48318 -- 119957
pairing: 48323 -- 119962
pairing: 48328 -- 119967
pairing: 48333 -- 119972
pairing: 48338 -- 119977
pairing: 48343 -- 119982
pairing: 48348 -- 119987
pairing: 48353 -- 119992
pairing: 48358 -- 119997
pairing: 48363 -- 120002
pairing: 48368 -- 120007
pairing: 48373 -- 120012
pairing: 48378 -- 120017
pairing: 48383 -- 120022
pairing: 48388 -- 120027
pairing: 48393 -- 120032
pairing: 48398 -- 120037
pairing: 48403 -- 120042
pairing: 48408 -- 120047
pairing: 48413 -- 120052
pairing: 48418 -- 120088
pairing: 48453 -- 120089
pairing: 48454 -- 120090
pairing: 48455 -- 120091
pairing: 48456 -- 120092
pairing: 48457 -- 120093
pairing: 48458 -- 120094
pairing: 48459 -- 120095
pairing: 48460 -- 120096
pairing: 48461 -- 120097
pairing: 48462 -- 120098
pairing: 48463 -- 120099
pairing: 48464 -- 120100
pairing: 48465 -- 120101
pairing: 48466 -- 120102
pairing: 48467 -- 120103
pairing: 48468 -- 120104
pairing: 48469 -- 120105
pairing: 48470 -- 120106
pairing: 48471 -- 120107
pairing: 48472 -- 120108
pairing: 48473 -- 120109
pairing: 48474 -- 120110
pairing: 48475 -- 120111
pairing: 48476 -- 120112
pairing: 48477 -- 120113
pairing: 48478 -- 120114
pairing: 48479 -- 120115
pairing: 48480 -- 120116
pairing: 48481 -- 120117
pairing: 48482 -- 120118
pairing: 48483 -- 120119
[STATUS]: waiting for compute-node startup barrier
1 device(s) found
Selected device: ibp86s0
Selected port state: 4, lid: 8
pairing: 48578 -- 48581
pairing: 48584 -- 48591
pairing: 48592 -- 48598
pairing: 48600 -- 48606
pairing: 48609 -- 48614
pairing: 48617 -- 48622
pairing: 48625 -- 48630
pairing: 48633 -- 48638
pairing: 48641 -- 48637
pairing: 48644 -- 48643
pairing: 48647 -- 48645
pairing: 48649 -- 48646
pairing: 48651 -- 48648
pairing: 48653 -- 48650
pairing: 48655 -- 48652
pairing: 48657 -- 48654
pairing: 48659 -- 48656
pairing: 48661 -- 48658
pairing: 48663 -- 48660
pairing: 48665 -- 48662
pairing: 48668 -- 48664
pairing: 48669 -- 48666
pairing: 48672 -- 48667
pairing: 48673 -- 48670
pairing: 48675 -- 48671
pairing: 48677 -- 48674
pairing: 48679 -- 48676
pairing: 48681 -- 48678
pairing: 48683 -- 48680
pairing: 48685 -- 48682
pairing: 48687 -- 48684
pairing: 48690 -- 48688
[STATUS]: storage-owner peer RDMA QPs per peer: 8
[STATUS]: storage-owner peer QP0 reserved for RPC; data RDMA uses QP1..7
allocated ALIGNED MEM (no hugepage) at 125326254407744 with buffer size 67108864
allocated ALIGNED MEM (no hugepage) at 125326214561856 with buffer size 39839040
[STATUS]: storage-owner peer RPC receive slots per peer: 64 (requested=64)
[STATUS]: storage-owner peer RPC concurrent sends per peer: 16
[STATUS]: storage-owner peer RPC send credits: Stage1/graph are split at depth >= 2; responses use a dedicated sync buffer
[STATUS]: storage-owner peer async response capacity: 32768
[STATUS]: storage-owner Stage2 home RPC combining: enabled logical_capacity=18432 aggregate_capacity=4608 byte_budget=33593392
allocated ALIGNED MEM (no hugepage) at 97404756987136 with buffer size 110592
allocated ALIGNED MEM (no hugepage) at 125326489391168 with buffer size 212992
allocated ALIGNED MEM (no hugepage) at 125326481686592 with buffer size 212992
[STATUS]: storage-owner peer reverse-update workers: 2
[STATUS]: storage-owner peer Stage1 workers: 3; Stage2-home workers: 1 (one reserved; shared lanes borrow authoritative work only)
[STATUS]: storage-owner physical control workers: cleanup=1 placement=1 (separate blocking domains)
[STATUS]: storage-owner peer progress threads: cq=1 response_dispatch=1
[STATUS]: storage-owner Stage1 artifact capacity: 67584 (64-way, per shard=1056) cleanup replay per shard=2048 active migration receipts=131072
[STATUS]: storage-owner peer reverse-update tuning: queue_depth=65536 coalesce_max=256
allocated ALIGNED MEM (no hugepage) at 125326473752640 with buffer size 855296
allocated ALIGNED MEM (no hugepage) at 125326472896576 with buffer size 855296
allocated ALIGNED MEM (no hugepage) at 125326469558336 with buffer size 855296
allocated ALIGNED MEM (no hugepage) at 125326468501568 with buffer size 855296
allocated ALIGNED MEM (no hugepage) at 125326465163328 with buffer size 855296
allocated ALIGNED MEM (no hugepage) at 125326461169728 with buffer size 855296
allocated ALIGNED MEM (no hugepage) at 125326460313664 with buffer size 855296
allocated ALIGNED MEM (no hugepage) at 125326456975424 with buffer size 855296
[STATUS]: storage-owner peer scratch: snapshot_slot=192 graph_slot=832 batch=256 lane_peak_rdma_wrs=56 lane_useful_wave_rdma_wrs=56 global_read_window=224 search_lanes_global=32 search_lanes_credit_derived=16 search_lane_lease_cap=32 search_lanes_physical_per_worker=4 ready_context_runtime_epoch=1 bytes_per_lane=213824 bytes_total=6842368
[STATUS]: storage-owner maintenance workers: 8 (configured=8, admission_baseline_workers=2, context_limit=32, semantic_execution_batch=8, work_conserving=true)
[STATUS]: storage-owner stage2 reverse outbox descriptors: 128 aggregates=128 wire_max_ops=3072 (shared per-peer work-conserving aggregation)
[STATUS]: storage-owner maintenance tuning: protocol=centroid-home-two-stage compaction_batch_target=32 packing_policy=deterministic_b8 packing_tail_wait_us=arrival_adaptive_capped_25000 packing_context_limit=8 backlog_limit=65536 admission_credit=bounded_accepted_backlog admission_window=65536 physical_completion_capacity=65536
[STATUS]: storage-owner peer RDMA read credits: per_data_qp=8 data_qps_per_peer=7 per_peer=56 global=224 shared_cq_read_budget=8095 ordered_snapshot_pairs_per_chain=4 (requested_per_data_qp=16)
[STATUS]: storage-owner online insert tuning: construction_beam=128 snapshot_batch=256 protocol=centroid-home-two-stage
[STATUS]: storage-owner stage1=physical-home local search and backlinks; stage2=generation-fenced home expand+score continuation
[STATUS]: storage-owner responses=foreground direct post; completion=repost by service poller
[STATUS]: storage-owner foreground pipeline: coordinators=12 cpu_lanes=3 (assigned_cpus=22, rpc_parallelism=16)
[STATUS]: storage-owner CPU plan: foreground_cpu=3 foreground_coordinators=12 maintenance=8 peer_stage1=4 (split into isolated Stage1/Stage2-home domains) peer_reverse=2 peer_cleanup=1 peer_placement=1 peer_progress=2 foreground_progress=1
[STATUS]: storage-owner insert runtime enabled on shard 1
[STATUS]: storage-owner maintenance observation: enqueued=260 stage2_enqueued=260 cleanup_enqueued=0 stage2_tasks_done=260 stage2_finalized_live=260 cleanup_processed=0 stale=0 stage2_completion_ratio=1.000000 live_stage2_completion_ratio=1.000000 avg_stage2_delay_ms=93.621110 p99_stage2_delay_upper_ms=256.000000 p99_stage2_delay_over_30s=false stage2_delay_histogram=0,0,0,0,0,2,99,106,51,2,0,0,0,0,0,0,0,0 max_stage2_delay_ms=261.682983 compaction_batch_target=32 compaction_max_delay_ms=25.000000 stage2_rate_per_sec=51.756773 stage1_search_budget_exhausted=0 stage2_search_budget_exhausted=0 stage2_continuations=260 stage2_remote_frontier_items=146154 avg_stage2_remote_frontier=562.130769 stage2_remote_expansions=3756 avg_stage2_remote_expansions=14.446154 stage2_scored_candidates=249431 avg_stage2_scored_candidates=959.350000 stage2_graph_read_waves=593 avg_stage2_expansions_per_graph_wave=6.333895 stage2_graph_unique_reads=3819 stage2_graph_prefetch_issued=2986 stage2_graph_prefetch_hits=2923 stage2_graph_prefetch_wasted=63 stage2_graph_prefetch_promotion_ratio=0.978902 stage2_graph_issue_width_current=16 stage2_vector_read_waves=1665 avg_stage2_scores_per_vector_wave=149.808408 stage2_vector_unique_reads=153183 stage2_home_rpc_batches=1197 stage2_home_rpc_items=144475 avg_stage2_home_rpc_batch=120.697577 stage2_home_score_rpc_batches=561 stage2_home_score_rpc_items=140656 stage2_home_score_rpc_queries=2643 stage2_home_score_rpc_request_bytes=3740976 stage2_home_score_rpc_response_bytes=4523432 avg_stage2_home_score_queries_per_rpc=4.711230 avg_stage2_home_score_rpc_batch=250.723708 stage2_home_scored_neighbors=236861 home_scores_per_expansion=1.639460 stage2_migrations=12 home_match_rate=0.953846 stage2_final_edges=13622 stage2_cross_edges_stage1_home=1562 stage2_cross_edges_final_home=1380 cross_edge_reduction_ratio=0.116517 failed=0 rpc_timeouts=0 reverse_aggregate_batches=0 reverse_aggregate_logical_requests=0 reverse_aggregate_ops=0 avg_reverse_aggregate_logicals=0.000000 avg_reverse_aggregate_ops=0.000000 max_backlog=9 admission_window=65536 completion_outstanding=0 completion_incomplete=0 completed_behind_hole=0 completion_logical_full_failures=0 completion_physical_full_failures=0 pressure_yields=0 stage2_batches=37 avg_stage2_batch_size=7.027027 packing_target_batch=8 packing_admit_queue_avg=7.054054 packing_admit_queue_max=9 packing_batch_1_7=18 packing_batch_8=19 packing_assembly_batches=37 packing_assembly_wait_ms=503.516124 packing_arrival_interval_us=3920 packing_waited_batches=18 packing_wait_ms=257.064000 packing_target_flushes=19 packing_deadline_flushes=18 packing_cleanup_flushes=0 stage2_phase_search_attempts=37 stage2_phase_search_task_attempts=260 stage2_phase_search_elapsed_ms=1547.650690 avg_stage2_phase_search_us_per_task=5952.502654 stage2_phase_freeze_prune_attempts=37 stage2_phase_freeze_prune_task_attempts=260 stage2_phase_freeze_prune_elapsed_ms=251.970333 avg_stage2_phase_freeze_prune_us_per_task=969.116665 stage2_phase_reverse_prepare_attempts=37 stage2_phase_reverse_prepare_task_attempts=260 stage2_phase_reverse_prepare_elapsed_ms=753.987247 avg_stage2_phase_reverse_prepare_us_per_task=2899.950950 stage2_phase_placement_authority_attempts=37 stage2_phase_placement_authority_task_attempts=260 stage2_phase_placement_authority_elapsed_ms=146.489406 avg_stage2_phase_placement_authority_us_per_task=563.420792 stage2_phase_completion_handoff_attempts=37 stage2_phase_completion_handoff_task_attempts=260 stage2_phase_completion_handoff_elapsed_ms=0.078376 avg_stage2_phase_completion_handoff_us_per_task=0.301446 stage2_phase_finalize_attempts=37 stage2_phase_finalize_task_attempts=260 stage2_phase_finalize_elapsed_ms=0.262054 avg_stage2_phase_finalize_us_per_task=1.007900 maintenance_worker_idle_waits=5952 maintenance_worker_idle_ms=37447.102036 maintenance_lost_wake_avoided=140 maintenance_targeted_wakes=3729 maintenance_generic_wakes=259 maintenance_broadcast_wakes=0 maintenance_context_slots_scanned=64464 maintenance_ready_notifications=3364 maintenance_ready_stale_notifications=0 maintenance_ready_tickets_drained=2498 maintenance_ready_overflow_scans=0 maintenance_ready_fallback_scans=4169 stage2_search_lane_lease_limit=32 stage2_search_lane_lease_peak=7 stage2_search_lane_lease_blocked=0 maintenance_worker_observed_idle_ratio=0.931799 maintenance_worker_observed_busy_ratio=0.068201 physical_stage1_items=260 physical_stage1_total_ns=1255333473 physical_stage1_search_ns=1142345044 physical_stage1_prune_ns=80443972 physical_stage1_allocate_write_ns=26083259 physical_stage1_backlink_ns=5805081 physical_stage1_candidates=33275 physical_stage1_remote_frontier_items=146154 physical_stage1_neighbors=13224 peer_stage1_enqueued=422 peer_stage1_processed=422 peer_stage1_items=418 avg_peer_stage1_items=0.990521 peer_stage1_rate_per_sec=83.208966 peer_stage1_max_queue=10 peer_stage1_active_workers=0 peer_stage2_home_enqueued=1316 peer_stage2_home_processed=1316 peer_stage2_home_items=154779 avg_peer_stage2_home_items=117.613222 peer_stage2_home_max_queue=5 peer_stage2_home_response_queue_drops=0 peer_stage2_home_response_send_wait_ms=9.229668 avg_peer_stage2_home_queue_wait_us=21.439872 avg_peer_stage2_home_execution_us=75.884134 peer_stage1_release_deferred_batches=6 peer_stage1_release_deferred_items=6 peer_stage1_duplicate_retry_responses=0 peer_stage1_admission_retry_responses=0 peer_stage1_retry_response_drops=0 peer_stage1_admission_waiters=0 peer_stage1_admission_waiter_items=0 peer_stage1_admission_owned_items=0 peer_stage1_admission_wake_coverage=0 peer_stage1_admission_parked=0 peer_stage1_admission_woken=0 peer_stage1_admission_reparked=0 peer_stage1_max_admission_waiters=0 peer_stage1_duplicate_coalesced=1 peer_reverse_enqueued=82 peer_reverse_processed=82 peer_reverse_remaining=0 peer_reverse_items_enqueued=1939 peer_reverse_items_processed=1939 peer_reverse_rate_per_sec=385.986090 peer_reverse_failed=0 peer_reverse_max_queue=2 reclaim_pending=0 reclaim_reused=12 dynamic_high_watermark=21095706144 stage2_remaining=0 cleanup_remaining=0 active_contexts=0 active_context_limit=32 repair_remaining=0 remaining=0
[STATUS]: storage-owner maintenance observation: enqueued=260 stage2_enqueued=260 cleanup_enqueued=0 stage2_tasks_done=260 stage2_finalized_live=260 cleanup_processed=0 stale=0 stage2_completion_ratio=1.000000 live_stage2_completion_ratio=1.000000 avg_stage2_delay_ms=93.621110 p99_stage2_delay_upper_ms=256.000000 p99_stage2_delay_over_30s=false stage2_delay_histogram=0,0,0,0,0,2,99,106,51,2,0,0,0,0,0,0,0,0 max_stage2_delay_ms=261.682983 compaction_batch_target=32 compaction_max_delay_ms=25.000000 stage2_rate_per_sec=25.939010 stage1_search_budget_exhausted=0 stage2_search_budget_exhausted=0 stage2_continuations=260 stage2_remote_frontier_items=146154 avg_stage2_remote_frontier=562.130769 stage2_remote_expansions=3756 avg_stage2_remote_expansions=14.446154 stage2_scored_candidates=249431 avg_stage2_scored_candidates=959.350000 stage2_graph_read_waves=593 avg_stage2_expansions_per_graph_wave=6.333895 stage2_graph_unique_reads=3819 stage2_graph_prefetch_issued=2986 stage2_graph_prefetch_hits=2923 stage2_graph_prefetch_wasted=63 stage2_graph_prefetch_promotion_ratio=0.978902 stage2_graph_issue_width_current=16 stage2_vector_read_waves=1665 avg_stage2_scores_per_vector_wave=149.808408 stage2_vector_unique_reads=153183 stage2_home_rpc_batches=1197 stage2_home_rpc_items=144475 avg_stage2_home_rpc_batch=120.697577 stage2_home_score_rpc_batches=561 stage2_home_score_rpc_items=140656 stage2_home_score_rpc_queries=2643 stage2_home_score_rpc_request_bytes=3740976 stage2_home_score_rpc_response_bytes=4523432 avg_stage2_home_score_queries_per_rpc=4.711230 avg_stage2_home_score_rpc_batch=250.723708 stage2_home_scored_neighbors=236861 home_scores_per_expansion=1.639460 stage2_migrations=12 home_match_rate=0.953846 stage2_final_edges=13622 stage2_cross_edges_stage1_home=1562 stage2_cross_edges_final_home=1380 cross_edge_reduction_ratio=0.116517 failed=0 rpc_timeouts=0 reverse_aggregate_batches=0 reverse_aggregate_logical_requests=0 reverse_aggregate_ops=0 avg_reverse_aggregate_logicals=0.000000 avg_reverse_aggregate_ops=0.000000 max_backlog=9 admission_window=65536 completion_outstanding=0 completion_incomplete=0 completed_behind_hole=0 completion_logical_full_failures=0 completion_physical_full_failures=0 pressure_yields=0 stage2_batches=37 avg_stage2_batch_size=7.027027 packing_target_batch=8 packing_admit_queue_avg=7.054054 packing_admit_queue_max=9 packing_batch_1_7=18 packing_batch_8=19 packing_assembly_batches=37 packing_assembly_wait_ms=503.516124 packing_arrival_interval_us=3920 packing_waited_batches=18 packing_wait_ms=257.064000 packing_target_flushes=19 packing_deadline_flushes=18 packing_cleanup_flushes=0 stage2_phase_search_attempts=37 stage2_phase_search_task_attempts=260 stage2_phase_search_elapsed_ms=1547.650690 avg_stage2_phase_search_us_per_task=5952.502654 stage2_phase_freeze_prune_attempts=37 stage2_phase_freeze_prune_task_attempts=260 stage2_phase_freeze_prune_elapsed_ms=251.970333 avg_stage2_phase_freeze_prune_us_per_task=969.116665 stage2_phase_reverse_prepare_attempts=37 stage2_phase_reverse_prepare_task_attempts=260 stage2_phase_reverse_prepare_elapsed_ms=753.987247 avg_stage2_phase_reverse_prepare_us_per_task=2899.950950 stage2_phase_placement_authority_attempts=37 stage2_phase_placement_authority_task_attempts=260 stage2_phase_placement_authority_elapsed_ms=146.489406 avg_stage2_phase_placement_authority_us_per_task=563.420792 stage2_phase_completion_handoff_attempts=37 stage2_phase_completion_handoff_task_attempts=260 stage2_phase_completion_handoff_elapsed_ms=0.078376 avg_stage2_phase_completion_handoff_us_per_task=0.301446 stage2_phase_finalize_attempts=37 stage2_phase_finalize_task_attempts=260 stage2_phase_finalize_elapsed_ms=0.262054 avg_stage2_phase_finalize_us_per_task=1.007900 maintenance_worker_idle_waits=9792 maintenance_worker_idle_ms=76084.639421 maintenance_lost_wake_avoided=140 maintenance_targeted_wakes=3729 maintenance_generic_wakes=259 maintenance_broadcast_wakes=0 maintenance_context_slots_scanned=125904 maintenance_ready_notifications=3364 maintenance_ready_stale_notifications=0 maintenance_ready_tickets_drained=2498 maintenance_ready_overflow_scans=0 maintenance_ready_fallback_scans=8144 stage2_search_lane_lease_limit=32 stage2_search_lane_lease_peak=7 stage2_search_lane_lease_blocked=0 maintenance_worker_observed_idle_ratio=0.948827 maintenance_worker_observed_busy_ratio=0.051173 physical_stage1_items=260 physical_stage1_total_ns=1255333473 physical_stage1_search_ns=1142345044 physical_stage1_prune_ns=80443972 physical_stage1_allocate_write_ns=26083259 physical_stage1_backlink_ns=5805081 physical_stage1_candidates=33275 physical_stage1_remote_frontier_items=146154 physical_stage1_neighbors=13224 peer_stage1_enqueued=422 peer_stage1_processed=422 peer_stage1_items=418 avg_peer_stage1_items=0.990521 peer_stage1_rate_per_sec=41.701947 peer_stage1_max_queue=10 peer_stage1_active_workers=0 peer_stage2_home_enqueued=1316 peer_stage2_home_processed=1316 peer_stage2_home_items=154779 avg_peer_stage2_home_items=117.613222 peer_stage2_home_max_queue=5 peer_stage2_home_response_queue_drops=0 peer_stage2_home_response_send_wait_ms=9.229668 avg_peer_stage2_home_queue_wait_us=21.439872 avg_peer_stage2_home_execution_us=75.884134 peer_stage1_release_deferred_batches=6 peer_stage1_release_deferred_items=6 peer_stage1_duplicate_retry_responses=0 peer_stage1_admission_retry_responses=0 peer_stage1_retry_response_drops=0 peer_stage1_admission_waiters=0 peer_stage1_admission_waiter_items=0 peer_stage1_admission_owned_items=0 peer_stage1_admission_wake_coverage=0 peer_stage1_admission_parked=0 peer_stage1_admission_woken=0 peer_stage1_admission_reparked=0 peer_stage1_max_admission_waiters=0 peer_stage1_duplicate_coalesced=1 peer_reverse_enqueued=82 peer_reverse_processed=82 peer_reverse_remaining=0 peer_reverse_items_enqueued=1939 peer_reverse_items_processed=1939 peer_reverse_rate_per_sec=193.445154 peer_reverse_failed=0 peer_reverse_max_queue=2 reclaim_pending=0 reclaim_reused=12 dynamic_high_watermark=21095706144 stage2_remaining=0 cleanup_remaining=0 active_contexts=0 active_context_limit=32 repair_remaining=0 remaining=0
[STATUS]: storage-owner maintenance observation: enqueued=260 stage2_enqueued=260 cleanup_enqueued=0 stage2_tasks_done=260 stage2_finalized_live=260 cleanup_processed=0 stale=0 stage2_completion_ratio=1.000000 live_stage2_completion_ratio=1.000000 avg_stage2_delay_ms=93.621110 p99_stage2_delay_upper_ms=256.000000 p99_stage2_delay_over_30s=false stage2_delay_histogram=0,0,0,0,0,2,99,106,51,2,0,0,0,0,0,0,0,0 max_stage2_delay_ms=261.682983 compaction_batch_target=32 compaction_max_delay_ms=25.000000 stage2_rate_per_sec=17.305374 stage1_search_budget_exhausted=0 stage2_search_budget_exhausted=0 stage2_continuations=260 stage2_remote_frontier_items=146154 avg_stage2_remote_frontier=562.130769 stage2_remote_expansions=3756 avg_stage2_remote_expansions=14.446154 stage2_scored_candidates=249431 avg_stage2_scored_candidates=959.350000 stage2_graph_read_waves=593 avg_stage2_expansions_per_graph_wave=6.333895 stage2_graph_unique_reads=3819 stage2_graph_prefetch_issued=2986 stage2_graph_prefetch_hits=2923 stage2_graph_prefetch_wasted=63 stage2_graph_prefetch_promotion_ratio=0.978902 stage2_graph_issue_width_current=16 stage2_vector_read_waves=1665 avg_stage2_scores_per_vector_wave=149.808408 stage2_vector_unique_reads=153183 stage2_home_rpc_batches=1197 stage2_home_rpc_items=144475 avg_stage2_home_rpc_batch=120.697577 stage2_home_score_rpc_batches=561 stage2_home_score_rpc_items=140656 stage2_home_score_rpc_queries=2643 stage2_home_score_rpc_request_bytes=3740976 stage2_home_score_rpc_response_bytes=4523432 avg_stage2_home_score_queries_per_rpc=4.711230 avg_stage2_home_score_rpc_batch=250.723708 stage2_home_scored_neighbors=236861 home_scores_per_expansion=1.639460 stage2_migrations=12 home_match_rate=0.953846 stage2_final_edges=13622 stage2_cross_edges_stage1_home=1562 stage2_cross_edges_final_home=1380 cross_edge_reduction_ratio=0.116517 failed=0 rpc_timeouts=0 reverse_aggregate_batches=0 reverse_aggregate_logical_requests=0 reverse_aggregate_ops=0 avg_reverse_aggregate_logicals=0.000000 avg_reverse_aggregate_ops=0.000000 max_backlog=9 admission_window=65536 completion_outstanding=0 completion_incomplete=0 completed_behind_hole=0 completion_logical_full_failures=0 completion_physical_full_failures=0 pressure_yields=0 stage2_batches=37 avg_stage2_batch_size=7.027027 packing_target_batch=8 packing_admit_queue_avg=7.054054 packing_admit_queue_max=9 packing_batch_1_7=18 packing_batch_8=19 packing_assembly_batches=37 packing_assembly_wait_ms=503.516124 packing_arrival_interval_us=3920 packing_waited_batches=18 packing_wait_ms=257.064000 packing_target_flushes=19 packing_deadline_flushes=18 packing_cleanup_flushes=0 stage2_phase_search_attempts=37 stage2_phase_search_task_attempts=260 stage2_phase_search_elapsed_ms=1547.650690 avg_stage2_phase_search_us_per_task=5952.502654 stage2_phase_freeze_prune_attempts=37 stage2_phase_freeze_prune_task_attempts=260 stage2_phase_freeze_prune_elapsed_ms=251.970333 avg_stage2_phase_freeze_prune_us_per_task=969.116665 stage2_phase_reverse_prepare_attempts=37 stage2_phase_reverse_prepare_task_attempts=260 stage2_phase_reverse_prepare_elapsed_ms=753.987247 avg_stage2_phase_reverse_prepare_us_per_task=2899.950950 stage2_phase_placement_authority_attempts=37 stage2_phase_placement_authority_task_attempts=260 stage2_phase_placement_authority_elapsed_ms=146.489406 avg_stage2_phase_placement_authority_us_per_task=563.420792 stage2_phase_completion_handoff_attempts=37 stage2_phase_completion_handoff_task_attempts=260 stage2_phase_completion_handoff_elapsed_ms=0.078376 avg_stage2_phase_completion_handoff_us_per_task=0.301446 stage2_phase_finalize_attempts=37 stage2_phase_finalize_task_attempts=260 stage2_phase_finalize_elapsed_ms=0.262054 avg_stage2_phase_finalize_us_per_task=1.007900 maintenance_worker_idle_waits=13696 maintenance_worker_idle_ms=115361.410862 maintenance_lost_wake_avoided=140 maintenance_targeted_wakes=3729 maintenance_generic_wakes=259 maintenance_broadcast_wakes=0 maintenance_context_slots_scanned=188368 maintenance_ready_notifications=3364 maintenance_ready_stale_notifications=0 maintenance_ready_tickets_drained=2498 maintenance_ready_overflow_scans=0 maintenance_ready_fallback_scans=12119 stage2_search_lane_lease_limit=32 stage2_search_lane_lease_peak=7 stage2_search_lane_lease_blocked=0 maintenance_worker_observed_idle_ratio=0.959794 maintenance_worker_observed_busy_ratio=0.040206 physical_stage1_items=260 physical_stage1_total_ns=1255333473 physical_stage1_search_ns=1142345044 physical_stage1_prune_ns=80443972 physical_stage1_allocate_write_ns=26083259 physical_stage1_backlink_ns=5805081 physical_stage1_candidates=33275 physical_stage1_remote_frontier_items=146154 physical_stage1_neighbors=13224 peer_stage1_enqueued=422 peer_stage1_processed=422 peer_stage1_items=418 avg_peer_stage1_items=0.990521 peer_stage1_rate_per_sec=27.821717 peer_stage1_max_queue=10 peer_stage1_active_workers=0 peer_stage2_home_enqueued=1316 peer_stage2_home_processed=1316 peer_stage2_home_items=154779 avg_peer_stage2_home_items=117.613222 peer_stage2_home_max_queue=5 peer_stage2_home_response_queue_drops=0 peer_stage2_home_response_send_wait_ms=9.229668 avg_peer_stage2_home_queue_wait_us=21.439872 avg_peer_stage2_home_execution_us=75.884134 peer_stage1_release_deferred_batches=6 peer_stage1_release_deferred_items=6 peer_stage1_duplicate_retry_responses=0 peer_stage1_admission_retry_responses=0 peer_stage1_retry_response_drops=0 peer_stage1_admission_waiters=0 peer_stage1_admission_waiter_items=0 peer_stage1_admission_owned_items=0 peer_stage1_admission_wake_coverage=0 peer_stage1_admission_parked=0 peer_stage1_admission_woken=0 peer_stage1_admission_reparked=0 peer_stage1_max_admission_waiters=0 peer_stage1_duplicate_coalesced=1 peer_reverse_enqueued=82 peer_reverse_processed=82 peer_reverse_remaining=0 peer_reverse_items_enqueued=1939 peer_reverse_items_processed=1939 peer_reverse_rate_per_sec=129.058156 peer_reverse_failed=0 peer_reverse_max_queue=2 reclaim_pending=0 reclaim_reused=12 dynamic_high_watermark=21095706144 stage2_remaining=0 cleanup_remaining=0 active_contexts=0 active_context_limit=32 repair_remaining=0 remaining=0
[STATUS]: storage-owner maintenance observation: enqueued=260 stage2_enqueued=260 cleanup_enqueued=0 stage2_tasks_done=260 stage2_finalized_live=260 cleanup_processed=0 stale=0 stage2_completion_ratio=1.000000 live_stage2_completion_ratio=1.000000 avg_stage2_delay_ms=93.621110 p99_stage2_delay_upper_ms=256.000000 p99_stage2_delay_over_30s=false stage2_delay_histogram=0,0,0,0,0,2,99,106,51,2,0,0,0,0,0,0,0,0 max_stage2_delay_ms=261.682983 compaction_batch_target=32 compaction_max_delay_ms=25.000000 stage2_rate_per_sec=12.983360 stage1_search_budget_exhausted=0 stage2_search_budget_exhausted=0 stage2_continuations=260 stage2_remote_frontier_items=146154 avg_stage2_remote_frontier=562.130769 stage2_remote_expansions=3756 avg_stage2_remote_expansions=14.446154 stage2_scored_candidates=249431 avg_stage2_scored_candidates=959.350000 stage2_graph_read_waves=593 avg_stage2_expansions_per_graph_wave=6.333895 stage2_graph_unique_reads=3819 stage2_graph_prefetch_issued=2986 stage2_graph_prefetch_hits=2923 stage2_graph_prefetch_wasted=63 stage2_graph_prefetch_promotion_ratio=0.978902 stage2_graph_issue_width_current=16 stage2_vector_read_waves=1665 avg_stage2_scores_per_vector_wave=149.808408 stage2_vector_unique_reads=153183 stage2_home_rpc_batches=1197 stage2_home_rpc_items=144475 avg_stage2_home_rpc_batch=120.697577 stage2_home_score_rpc_batches=561 stage2_home_score_rpc_items=140656 stage2_home_score_rpc_queries=2643 stage2_home_score_rpc_request_bytes=3740976 stage2_home_score_rpc_response_bytes=4523432 avg_stage2_home_score_queries_per_rpc=4.711230 avg_stage2_home_score_rpc_batch=250.723708 stage2_home_scored_neighbors=236861 home_scores_per_expansion=1.639460 stage2_migrations=12 home_match_rate=0.953846 stage2_final_edges=13622 stage2_cross_edges_stage1_home=1562 stage2_cross_edges_final_home=1380 cross_edge_reduction_ratio=0.116517 failed=0 rpc_timeouts=0 reverse_aggregate_batches=0 reverse_aggregate_logical_requests=0 reverse_aggregate_ops=0 avg_reverse_aggregate_logicals=0.000000 avg_reverse_aggregate_ops=0.000000 max_backlog=9 admission_window=65536 completion_outstanding=0 completion_incomplete=0 completed_behind_hole=0 completion_logical_full_failures=0 completion_physical_full_failures=0 pressure_yields=0 stage2_batches=37 avg_stage2_batch_size=7.027027 packing_target_batch=8 packing_admit_queue_avg=7.054054 packing_admit_queue_max=9 packing_batch_1_7=18 packing_batch_8=19 packing_assembly_batches=37 packing_assembly_wait_ms=503.516124 packing_arrival_interval_us=3920 packing_waited_batches=18 packing_wait_ms=257.064000 packing_target_flushes=19 packing_deadline_flushes=18 packing_cleanup_flushes=0 stage2_phase_search_attempts=37 stage2_phase_search_task_attempts=260 stage2_phase_search_elapsed_ms=1547.650690 avg_stage2_phase_search_us_per_task=5952.502654 stage2_phase_freeze_prune_attempts=37 stage2_phase_freeze_prune_task_attempts=260 stage2_phase_freeze_prune_elapsed_ms=251.970333 avg_stage2_phase_freeze_prune_us_per_task=969.116665 stage2_phase_reverse_prepare_attempts=37 stage2_phase_reverse_prepare_task_attempts=260 stage2_phase_reverse_prepare_elapsed_ms=753.987247 avg_stage2_phase_reverse_prepare_us_per_task=2899.950950 stage2_phase_placement_authority_attempts=37 stage2_phase_placement_authority_task_attempts=260 stage2_phase_placement_authority_elapsed_ms=146.489406 avg_stage2_phase_placement_authority_us_per_task=563.420792 stage2_phase_completion_handoff_attempts=37 stage2_phase_completion_handoff_task_attempts=260 stage2_phase_completion_handoff_elapsed_ms=0.078376 avg_stage2_phase_completion_handoff_us_per_task=0.301446 stage2_phase_finalize_attempts=37 stage2_phase_finalize_task_attempts=260 stage2_phase_finalize_elapsed_ms=0.262054 avg_stage2_phase_finalize_us_per_task=1.007900 maintenance_worker_idle_waits=17792 maintenance_worker_idle_ms=156575.650787 maintenance_lost_wake_avoided=140 maintenance_targeted_wakes=3729 maintenance_generic_wakes=259 maintenance_broadcast_wakes=0 maintenance_context_slots_scanned=253904 maintenance_ready_notifications=3364 maintenance_ready_stale_notifications=0 maintenance_ready_tickets_drained=2498 maintenance_ready_overflow_scans=0 maintenance_ready_fallback_scans=16093 stage2_search_lane_lease_limit=32 stage2_search_lane_lease_peak=7 stage2_search_lane_lease_blocked=0 maintenance_worker_observed_idle_ratio=0.977345 maintenance_worker_observed_busy_ratio=0.022655 physical_stage1_items=260 physical_stage1_total_ns=1255333473 physical_stage1_search_ns=1142345044 physical_stage1_prune_ns=80443972 physical_stage1_allocate_write_ns=26083259 physical_stage1_backlink_ns=5805081 physical_stage1_candidates=33275 physical_stage1_remote_frontier_items=146154 physical_stage1_neighbors=13224 peer_stage1_enqueued=422 peer_stage1_processed=422 peer_stage1_items=418 avg_peer_stage1_items=0.990521 peer_stage1_rate_per_sec=20.873248 peer_stage1_max_queue=10 peer_stage1_active_workers=0 peer_stage2_home_enqueued=1316 peer_stage2_home_processed=1316 peer_stage2_home_items=154779 avg_peer_stage2_home_items=117.613222 peer_stage2_home_max_queue=5 peer_stage2_home_response_queue_drops=0 peer_stage2_home_response_send_wait_ms=9.229668 avg_peer_stage2_home_queue_wait_us=21.439872 avg_peer_stage2_home_execution_us=75.884134 peer_stage1_release_deferred_batches=6 peer_stage1_release_deferred_items=6 peer_stage1_duplicate_retry_responses=0 peer_stage1_admission_retry_responses=0 peer_stage1_retry_response_drops=0 peer_stage1_admission_waiters=0 peer_stage1_admission_waiter_items=0 peer_stage1_admission_owned_items=0 peer_stage1_admission_wake_coverage=0 peer_stage1_admission_parked=0 peer_stage1_admission_woken=0 peer_stage1_admission_reparked=0 peer_stage1_max_admission_waiters=0 peer_stage1_duplicate_coalesced=1 peer_reverse_enqueued=82 peer_reverse_processed=82 peer_reverse_remaining=0 peer_reverse_items_enqueued=1939 peer_reverse_items_processed=1939 peer_reverse_rate_per_sec=96.825903 peer_reverse_failed=0 peer_reverse_max_queue=2 reclaim_pending=0 reclaim_reused=12 dynamic_high_watermark=21095706144 stage2_remaining=0 cleanup_remaining=0 active_contexts=0 active_context_limit=32 repair_remaining=0 remaining=0
[STATUS]: storage-owner maintenance observation: enqueued=260 stage2_enqueued=260 cleanup_enqueued=0 stage2_tasks_done=260 stage2_finalized_live=260 cleanup_processed=0 stale=0 stage2_completion_ratio=1.000000 live_stage2_completion_ratio=1.000000 avg_stage2_delay_ms=93.621110 p99_stage2_delay_upper_ms=256.000000 p99_stage2_delay_over_30s=false stage2_delay_histogram=0,0,0,0,0,2,99,106,51,2,0,0,0,0,0,0,0,0 max_stage2_delay_ms=261.682983 compaction_batch_target=32 compaction_max_delay_ms=25.000000 stage2_rate_per_sec=10.389050 stage1_search_budget_exhausted=0 stage2_search_budget_exhausted=0 stage2_continuations=260 stage2_remote_frontier_items=146154 avg_stage2_remote_frontier=562.130769 stage2_remote_expansions=3756 avg_stage2_remote_expansions=14.446154 stage2_scored_candidates=249431 avg_stage2_scored_candidates=959.350000 stage2_graph_read_waves=593 avg_stage2_expansions_per_graph_wave=6.333895 stage2_graph_unique_reads=3819 stage2_graph_prefetch_issued=2986 stage2_graph_prefetch_hits=2923 stage2_graph_prefetch_wasted=63 stage2_graph_prefetch_promotion_ratio=0.978902 stage2_graph_issue_width_current=16 stage2_vector_read_waves=1665 avg_stage2_scores_per_vector_wave=149.808408 stage2_vector_unique_reads=153183 stage2_home_rpc_batches=1197 stage2_home_rpc_items=144475 avg_stage2_home_rpc_batch=120.697577 stage2_home_score_rpc_batches=561 stage2_home_score_rpc_items=140656 stage2_home_score_rpc_queries=2643 stage2_home_score_rpc_request_bytes=3740976 stage2_home_score_rpc_response_bytes=4523432 avg_stage2_home_score_queries_per_rpc=4.711230 avg_stage2_home_score_rpc_batch=250.723708 stage2_home_scored_neighbors=236861 home_scores_per_expansion=1.639460 stage2_migrations=12 home_match_rate=0.953846 stage2_final_edges=13622 stage2_cross_edges_stage1_home=1562 stage2_cross_edges_final_home=1380 cross_edge_reduction_ratio=0.116517 failed=0 rpc_timeouts=0 reverse_aggregate_batches=0 reverse_aggregate_logical_requests=0 reverse_aggregate_ops=0 avg_reverse_aggregate_logicals=0.000000 avg_reverse_aggregate_ops=0.000000 max_backlog=9 admission_window=65536 completion_outstanding=0 completion_incomplete=0 completed_behind_hole=0 completion_logical_full_failures=0 completion_physical_full_failures=0 pressure_yields=0 stage2_batches=37 avg_stage2_batch_size=7.027027 packing_target_batch=8 packing_admit_queue_avg=7.054054 packing_admit_queue_max=9 packing_batch_1_7=18 packing_batch_8=19 packing_assembly_batches=37 packing_assembly_wait_ms=503.516124 packing_arrival_interval_us=3920 packing_waited_batches=18 packing_wait_ms=257.064000 packing_target_flushes=19 packing_deadline_flushes=18 packing_cleanup_flushes=0 stage2_phase_search_attempts=37 stage2_phase_search_task_attempts=260 stage2_phase_search_elapsed_ms=1547.650690 avg_stage2_phase_search_us_per_task=5952.502654 stage2_phase_freeze_prune_attempts=37 stage2_phase_freeze_prune_task_attempts=260 stage2_phase_freeze_prune_elapsed_ms=251.970333 avg_stage2_phase_freeze_prune_us_per_task=969.116665 stage2_phase_reverse_prepare_attempts=37 stage2_phase_reverse_prepare_task_attempts=260 stage2_phase_reverse_prepare_elapsed_ms=753.987247 avg_stage2_phase_reverse_prepare_us_per_task=2899.950950 stage2_phase_placement_authority_attempts=37 stage2_phase_placement_authority_task_attempts=260 stage2_phase_placement_authority_elapsed_ms=146.489406 avg_stage2_phase_placement_authority_us_per_task=563.420792 stage2_phase_completion_handoff_attempts=37 stage2_phase_completion_handoff_task_attempts=260 stage2_phase_completion_handoff_elapsed_ms=0.078376 avg_stage2_phase_completion_handoff_us_per_task=0.301446 stage2_phase_finalize_attempts=37 stage2_phase_finalize_task_attempts=260 stage2_phase_finalize_elapsed_ms=0.262054 avg_stage2_phase_finalize_us_per_task=1.007900 maintenance_worker_idle_waits=21824 maintenance_worker_idle_ms=197145.419048 maintenance_lost_wake_avoided=140 maintenance_targeted_wakes=3729 maintenance_generic_wakes=259 maintenance_broadcast_wakes=0 maintenance_context_slots_scanned=318416 maintenance_ready_notifications=3364 maintenance_ready_stale_notifications=0 maintenance_ready_tickets_drained=2498 maintenance_ready_overflow_scans=0 maintenance_ready_fallback_scans=20068 stage2_search_lane_lease_limit=32 stage2_search_lane_lease_peak=7 stage2_search_lane_lease_blocked=0 maintenance_worker_observed_idle_ratio=0.984689 maintenance_worker_observed_busy_ratio=0.015311 physical_stage1_items=260 physical_stage1_total_ns=1255333473 physical_stage1_search_ns=1142345044 physical_stage1_prune_ns=80443972 physical_stage1_allocate_write_ns=26083259 physical_stage1_backlink_ns=5805081 physical_stage1_candidates=33275 physical_stage1_remote_frontier_items=146154 physical_stage1_neighbors=13224 peer_stage1_enqueued=422 peer_stage1_processed=422 peer_stage1_items=418 avg_peer_stage1_items=0.990521 peer_stage1_rate_per_sec=16.702397 peer_stage1_max_queue=10 peer_stage1_active_workers=0 peer_stage2_home_enqueued=1316 peer_stage2_home_processed=1316 peer_stage2_home_items=154779 avg_peer_stage2_home_items=117.613222 peer_stage2_home_max_queue=5 peer_stage2_home_response_queue_drops=0 peer_stage2_home_response_send_wait_ms=9.229668 avg_peer_stage2_home_queue_wait_us=21.439872 avg_peer_stage2_home_execution_us=75.884134 peer_stage1_release_deferred_batches=6 peer_stage1_release_deferred_items=6 peer_stage1_duplicate_retry_responses=0 peer_stage1_admission_retry_responses=0 peer_stage1_retry_response_drops=0 peer_stage1_admission_waiters=0 peer_stage1_admission_waiter_items=0 peer_stage1_admission_owned_items=0 peer_stage1_admission_wake_coverage=0 peer_stage1_admission_parked=0 peer_stage1_admission_woken=0 peer_stage1_admission_reparked=0 peer_stage1_max_admission_waiters=0 peer_stage1_duplicate_coalesced=1 peer_reverse_enqueued=82 peer_reverse_processed=82 peer_reverse_remaining=0 peer_reverse_items_enqueued=1939 peer_reverse_items_processed=1939 peer_reverse_rate_per_sec=77.478342 peer_reverse_failed=0 peer_reverse_max_queue=2 reclaim_pending=0 reclaim_reused=12 dynamic_high_watermark=21095706144 stage2_remaining=0 cleanup_remaining=0 active_contexts=0 active_context_limit=32 repair_remaining=0 remaining=0
[STATUS]: storage-owner maintenance observation: enqueued=260 stage2_enqueued=260 cleanup_enqueued=0 stage2_tasks_done=260 stage2_finalized_live=260 cleanup_processed=0 stale=0 stage2_completion_ratio=1.000000 live_stage2_completion_ratio=1.000000 avg_stage2_delay_ms=93.621110 p99_stage2_delay_upper_ms=256.000000 p99_stage2_delay_over_30s=false stage2_delay_histogram=0,0,0,0,0,2,99,106,51,2,0,0,0,0,0,0,0,0 max_stage2_delay_ms=261.682983 compaction_batch_target=32 compaction_max_delay_ms=25.000000 stage2_rate_per_sec=8.658146 stage1_search_budget_exhausted=0 stage2_search_budget_exhausted=0 stage2_continuations=260 stage2_remote_frontier_items=146154 avg_stage2_remote_frontier=562.130769 stage2_remote_expansions=3756 avg_stage2_remote_expansions=14.446154 stage2_scored_candidates=249431 avg_stage2_scored_candidates=959.350000 stage2_graph_read_waves=593 avg_stage2_expansions_per_graph_wave=6.333895 stage2_graph_unique_reads=3819 stage2_graph_prefetch_issued=2986 stage2_graph_prefetch_hits=2923 stage2_graph_prefetch_wasted=63 stage2_graph_prefetch_promotion_ratio=0.978902 stage2_graph_issue_width_current=16 stage2_vector_read_waves=1665 avg_stage2_scores_per_vector_wave=149.808408 stage2_vector_unique_reads=153183 stage2_home_rpc_batches=1197 stage2_home_rpc_items=144475 avg_stage2_home_rpc_batch=120.697577 stage2_home_score_rpc_batches=561 stage2_home_score_rpc_items=140656 stage2_home_score_rpc_queries=2643 stage2_home_score_rpc_request_bytes=3740976 stage2_home_score_rpc_response_bytes=4523432 avg_stage2_home_score_queries_per_rpc=4.711230 avg_stage2_home_score_rpc_batch=250.723708 stage2_home_scored_neighbors=236861 home_scores_per_expansion=1.639460 stage2_migrations=12 home_match_rate=0.953846 stage2_final_edges=13622 stage2_cross_edges_stage1_home=1562 stage2_cross_edges_final_home=1380 cross_edge_reduction_ratio=0.116517 failed=0 rpc_timeouts=0 reverse_aggregate_batches=0 reverse_aggregate_logical_requests=0 reverse_aggregate_ops=0 avg_reverse_aggregate_logicals=0.000000 avg_reverse_aggregate_ops=0.000000 max_backlog=9 admission_window=65536 completion_outstanding=0 completion_incomplete=0 completed_behind_hole=0 completion_logical_full_failures=0 completion_physical_full_failures=0 pressure_yields=0 stage2_batches=37 avg_stage2_batch_size=7.027027 packing_target_batch=8 packing_admit_queue_avg=7.054054 packing_admit_queue_max=9 packing_batch_1_7=18 packing_batch_8=19 packing_assembly_batches=37 packing_assembly_wait_ms=503.516124 packing_arrival_interval_us=3920 packing_waited_batches=18 packing_wait_ms=257.064000 packing_target_flushes=19 packing_deadline_flushes=18 packing_cleanup_flushes=0 stage2_phase_search_attempts=37 stage2_phase_search_task_attempts=260 stage2_phase_search_elapsed_ms=1547.650690 avg_stage2_phase_search_us_per_task=5952.502654 stage2_phase_freeze_prune_attempts=37 stage2_phase_freeze_prune_task_attempts=260 stage2_phase_freeze_prune_elapsed_ms=251.970333 avg_stage2_phase_freeze_prune_us_per_task=969.116665 stage2_phase_reverse_prepare_attempts=37 stage2_phase_reverse_prepare_task_attempts=260 stage2_phase_reverse_prepare_elapsed_ms=753.987247 avg_stage2_phase_reverse_prepare_us_per_task=2899.950950 stage2_phase_placement_authority_attempts=37 stage2_phase_placement_authority_task_attempts=260 stage2_phase_placement_authority_elapsed_ms=146.489406 avg_stage2_phase_placement_authority_us_per_task=563.420792 stage2_phase_completion_handoff_attempts=37 stage2_phase_completion_handoff_task_attempts=260 stage2_phase_completion_handoff_elapsed_ms=0.078376 avg_stage2_phase_completion_handoff_us_per_task=0.301446 stage2_phase_finalize_attempts=37 stage2_phase_finalize_task_attempts=260 stage2_phase_finalize_elapsed_ms=0.262054 avg_stage2_phase_finalize_us_per_task=1.007900 maintenance_worker_idle_waits=25664 maintenance_worker_idle_ms=235776.997641 maintenance_lost_wake_avoided=140 maintenance_targeted_wakes=3729 maintenance_generic_wakes=259 maintenance_broadcast_wakes=0 maintenance_context_slots_scanned=379856 maintenance_ready_notifications=3364 maintenance_ready_stale_notifications=0 maintenance_ready_tickets_drained=2498 maintenance_ready_overflow_scans=0 maintenance_ready_fallback_scans=24045 stage2_search_lane_lease_limit=32 stage2_search_lane_lease_peak=7 stage2_search_lane_lease_blocked=0 maintenance_worker_observed_idle_ratio=0.981438 maintenance_worker_observed_busy_ratio=0.018562 physical_stage1_items=260 physical_stage1_total_ns=1255333473 physical_stage1_search_ns=1142345044 physical_stage1_prune_ns=80443972 physical_stage1_allocate_write_ns=26083259 physical_stage1_backlink_ns=5805081 physical_stage1_candidates=33275 physical_stage1_remote_frontier_items=146154 physical_stage1_neighbors=13224 peer_stage1_enqueued=422 peer_stage1_processed=422 peer_stage1_items=418 avg_peer_stage1_items=0.990521 peer_stage1_rate_per_sec=13.919635 peer_stage1_max_queue=10 peer_stage1_active_workers=0 peer_stage2_home_enqueued=1316 peer_stage2_home_processed=1316 peer_stage2_home_items=154779 avg_peer_stage2_home_items=117.613222 peer_stage2_home_max_queue=5 peer_stage2_home_response_queue_drops=0 peer_stage2_home_response_send_wait_ms=9.229668 avg_peer_stage2_home_queue_wait_us=21.439872 avg_peer_stage2_home_execution_us=75.884134 peer_stage1_release_deferred_batches=6 peer_stage1_release_deferred_items=6 peer_stage1_duplicate_retry_responses=0 peer_stage1_admission_retry_responses=0 peer_stage1_retry_response_drops=0 peer_stage1_admission_waiters=0 peer_stage1_admission_waiter_items=0 peer_stage1_admission_owned_items=0 peer_stage1_admission_wake_coverage=0 peer_stage1_admission_parked=0 peer_stage1_admission_woken=0 peer_stage1_admission_reparked=0 peer_stage1_max_admission_waiters=0 peer_stage1_duplicate_coalesced=1 peer_reverse_enqueued=82 peer_reverse_processed=82 peer_reverse_remaining=0 peer_reverse_items_enqueued=1939 peer_reverse_items_processed=1939 peer_reverse_rate_per_sec=64.569790 peer_reverse_failed=0 peer_reverse_max_queue=2 reclaim_pending=0 reclaim_reused=12 dynamic_high_watermark=21095706144 stage2_remaining=0 cleanup_remaining=0 active_contexts=0 active_context_limit=32 repair_remaining=0 remaining=0
