============================================================
                        SERVER
============================================================
num clients:                  1
TCP port:                     1234
IB device:                    <auto>
IB port:                      1
max outstanding CQEs:         64
max send work requests:       4096
max receive work requests:    4096
============================================================
index prefix:                     "/data/xjs/index/dvstor_sift100m/index/sift100m_R96_bw128_metis_pmd32_pq32_schema16"
storage shard:                    "/data/xjs/index/dvstor_sift100m/index/sift100m_R96_bw128_metis_pmd32_pq32_schema16_node1_of5.dat"
storage id:                       0
base vectors:                     100000000
vector ID namespace [0,N):        4294967295
registered memory GiB:            24
====================================================================
1 device(s) found
Selected device: ibp86s0
Selected port state: 4, lid: 8
interleaved policy
num_cores: 112
physical cores per socket: 28
hyperthreading enabled
local process CPU partition: rank 0/5 logical_cpus=24
pairing: 48252 -- 119891
[STATUS]: loaded index metadata from /data/xjs/index/dvstor_sift100m/index/sift100m_R96_bw128_metis_pmd32_pq32_schema16 (layout=plain, vector_data_type=uint8)
[STATUS]: storage-owner stage2 candidate width L=128 per shard
allocation size: 25769803776
allocated ALIGNED MEM (no hugepage) at 129329149247552 with buffer size 25769803776
[STATUS]: loading index (19805216640 Bytes) from /data/xjs/index/dvstor_sift100m/index/sift100m_R96_bw128_metis_pmd32_pq32_schema16_node1_of5.dat
[STATUS]: loaded GPU PQ codes (638877952 Bytes) at remote offset 19805220736
[STATUS]: storage-owner idmap loaded entries=20000000 format=owner_sharded_v2_bound immutable_base=true dynamic_shards=256 dynamic_reserved=65536
[STATUS]: compensated physical centroid restored on shard 0: vectors=19964936 entries=4
[STATUS]: register memory and distribute access token
[STATUS]: connect QPs of compute threads
[STATUS]: reserving 64 GPU/bootstrap QPs per compute node
pairing: 48257 -- 119896
pairing: 48262 -- 119901
pairing: 48267 -- 119906
pairing: 48272 -- 119911
pairing: 48277 -- 119916
pairing: 48282 -- 119921
pairing: 48287 -- 119926
pairing: 48292 -- 119931
pairing: 48297 -- 119936
pairing: 48302 -- 119941
pairing: 48307 -- 119946
pairing: 48312 -- 119951
pairing: 48317 -- 119956
pairing: 48322 -- 119961
pairing: 48327 -- 119966
pairing: 48332 -- 119971
pairing: 48337 -- 119976
pairing: 48342 -- 119981
pairing: 48347 -- 119986
pairing: 48352 -- 119991
pairing: 48357 -- 119996
pairing: 48362 -- 120001
pairing: 48367 -- 120006
pairing: 48372 -- 120011
pairing: 48377 -- 120016
pairing: 48382 -- 120021
pairing: 48387 -- 120026
pairing: 48392 -- 120031
pairing: 48397 -- 120036
pairing: 48402 -- 120041
pairing: 48407 -- 120046
pairing: 48412 -- 120051
pairing: 48417 -- 120056
pairing: 48422 -- 120057
pairing: 48423 -- 120058
pairing: 48424 -- 120059
pairing: 48425 -- 120060
pairing: 48426 -- 120061
pairing: 48427 -- 120062
pairing: 48428 -- 120063
pairing: 48429 -- 120064
pairing: 48430 -- 120065
pairing: 48431 -- 120066
pairing: 48432 -- 120067
pairing: 48433 -- 120068
pairing: 48434 -- 120069
pairing: 48435 -- 120070
pairing: 48436 -- 120071
pairing: 48437 -- 120072
pairing: 48438 -- 120073
pairing: 48439 -- 120074
pairing: 48440 -- 120075
pairing: 48441 -- 120076
pairing: 48442 -- 120077
pairing: 48443 -- 120078
pairing: 48444 -- 120079
pairing: 48445 -- 120080
pairing: 48446 -- 120081
pairing: 48447 -- 120082
pairing: 48448 -- 120083
pairing: 48449 -- 120084
pairing: 48450 -- 120085
pairing: 48451 -- 120086
pairing: 48452 -- 120087
[STATUS]: waiting for compute-node startup barrier
1 device(s) found
Selected device: ibp86s0
Selected port state: 4, lid: 8
pairing: 48579 -- 48577
pairing: 48581 -- 48578
pairing: 48585 -- 48580
pairing: 48586 -- 48582
pairing: 48589 -- 48583
pairing: 48591 -- 48584
pairing: 48593 -- 48587
pairing: 48594 -- 48588
pairing: 48597 -- 48590
pairing: 48598 -- 48592
pairing: 48601 -- 48595
pairing: 48603 -- 48596
pairing: 48604 -- 48599
pairing: 48606 -- 48600
pairing: 48608 -- 48602
pairing: 48610 -- 48605
pairing: 48612 -- 48607
pairing: 48614 -- 48609
pairing: 48616 -- 48611
pairing: 48618 -- 48613
pairing: 48620 -- 48615
pairing: 48622 -- 48617
pairing: 48624 -- 48619
pairing: 48626 -- 48621
pairing: 48628 -- 48623
pairing: 48630 -- 48625
pairing: 48632 -- 48627
pairing: 48634 -- 48629
pairing: 48636 -- 48631
pairing: 48638 -- 48633
pairing: 48640 -- 48635
pairing: 48642 -- 48639
[STATUS]: storage-owner peer RDMA QPs per peer: 8
[STATUS]: storage-owner peer QP0 reserved for RPC; data RDMA uses QP1..7
allocated ALIGNED MEM (no hugepage) at 129328081797184 with buffer size 67108864
allocated ALIGNED MEM (no hugepage) at 129328041951296 with buffer size 39839040
[STATUS]: storage-owner peer RPC receive slots per peer: 64 (requested=64)
[STATUS]: storage-owner peer RPC concurrent sends per peer: 16
[STATUS]: storage-owner peer RPC send credits: Stage1/graph are split at depth >= 2; responses use a dedicated sync buffer
[STATUS]: storage-owner peer async response capacity: 32768
[STATUS]: storage-owner Stage2 home RPC combining: enabled logical_capacity=18432 aggregate_capacity=4608 byte_budget=33593392
allocated ALIGNED MEM (no hugepage) at 103679875849536 with buffer size 110592
allocated ALIGNED MEM (no hugepage) at 129328316989504 with buffer size 212992
allocated ALIGNED MEM (no hugepage) at 129328312787008 with buffer size 212992
[STATUS]: storage-owner peer reverse-update workers: 2
[STATUS]: storage-owner peer Stage1 workers: 4; Stage2-home workers: 1 (one reserved; shared lanes borrow authoritative work only)
[STATUS]: storage-owner physical control workers: cleanup=2 placement=1 (separate blocking domains)
[STATUS]: storage-owner peer progress threads: cq=1 response_dispatch=1
[STATUS]: storage-owner Stage1 artifact capacity: 67712 (64-way, per shard=1058) cleanup replay per shard=2048 active migration receipts=131072
[STATUS]: storage-owner peer reverse-update tuning: queue_depth=65536 coalesce_max=256
allocated ALIGNED MEM (no hugepage) at 129328300089408 with buffer size 855296
allocated ALIGNED MEM (no hugepage) at 129328296947776 with buffer size 855296
allocated ALIGNED MEM (no hugepage) at 129328296091712 with buffer size 855296
allocated ALIGNED MEM (no hugepage) at 129328292753472 with buffer size 855296
allocated ALIGNED MEM (no hugepage) at 129328291696704 with buffer size 855296
allocated ALIGNED MEM (no hugepage) at 129328288358464 with buffer size 855296
allocated ALIGNED MEM (no hugepage) at 129328284364864 with buffer size 855296
allocated ALIGNED MEM (no hugepage) at 129328283508800 with buffer size 855296
[STATUS]: storage-owner peer scratch: snapshot_slot=192 graph_slot=832 batch=256 lane_peak_rdma_wrs=56 lane_useful_wave_rdma_wrs=56 global_read_window=224 search_lanes_global=32 search_lanes_credit_derived=16 search_lane_lease_cap=32 search_lanes_physical_per_worker=4 ready_context_runtime_epoch=1 bytes_per_lane=213824 bytes_total=6842368
[STATUS]: storage-owner maintenance workers: 8 (configured=8, admission_baseline_workers=2, context_limit=32, semantic_execution_batch=8, work_conserving=true)
[STATUS]: storage-owner stage2 reverse outbox descriptors: 128 aggregates=128 wire_max_ops=3072 (shared per-peer work-conserving aggregation)
[STATUS]: storage-owner maintenance tuning: protocol=centroid-home-two-stage compaction_batch_target=32 packing_policy=deterministic_b8 packing_tail_wait_us=arrival_adaptive_capped_25000 packing_context_limit=8 backlog_limit=65536 admission_credit=bounded_accepted_backlog admission_window=65536 physical_completion_capacity=65536
[STATUS]: storage-owner peer RDMA read credits: per_data_qp=8 data_qps_per_peer=7 per_peer=56 global=224 shared_cq_read_budget=8095 ordered_snapshot_pairs_per_chain=4 (requested_per_data_qp=16)
[STATUS]: storage-owner online insert tuning: construction_beam=128 snapshot_batch=256 protocol=centroid-home-two-stage
[STATUS]: storage-owner stage1=physical-home local search and backlinks; stage2=generation-fenced home expand+score continuation
[STATUS]: storage-owner responses=foreground direct post; completion=repost by service poller
[STATUS]: storage-owner foreground pipeline: coordinators=12 cpu_lanes=3 (assigned_cpus=24, rpc_parallelism=16)
[STATUS]: storage-owner CPU plan: foreground_cpu=3 foreground_coordinators=12 maintenance=8 peer_stage1=5 (split into isolated Stage1/Stage2-home domains) peer_reverse=2 peer_cleanup=2 peer_placement=1 peer_progress=2 foreground_progress=1
[STATUS]: storage-owner insert runtime enabled on shard 0
[STATUS]: storage-owner maintenance observation: enqueued=215 stage2_enqueued=215 cleanup_enqueued=0 stage2_tasks_done=215 stage2_finalized_live=215 cleanup_processed=0 stale=0 stage2_completion_ratio=1.000000 live_stage2_completion_ratio=1.000000 avg_stage2_delay_ms=97.073825 p99_stage2_delay_upper_ms=256.000000 p99_stage2_delay_over_30s=false stage2_delay_histogram=0,0,0,0,0,3,43,125,44,0,0,0,0,0,0,0,0,0 max_stage2_delay_ms=226.915934 compaction_batch_target=32 compaction_max_delay_ms=25.000000 stage2_rate_per_sec=42.797153 stage1_search_budget_exhausted=0 stage2_search_budget_exhausted=0 stage2_continuations=215 stage2_remote_frontier_items=157325 avg_stage2_remote_frontier=731.744186 stage2_remote_expansions=4577 avg_stage2_remote_expansions=21.288372 stage2_scored_candidates=289175 avg_stage2_scored_candidates=1345.000000 stage2_graph_read_waves=724 avg_stage2_expansions_per_graph_wave=6.321823 stage2_graph_unique_reads=4689 stage2_graph_prefetch_issued=3643 stage2_graph_prefetch_hits=3531 stage2_graph_prefetch_wasted=112 stage2_graph_prefetch_promotion_ratio=0.969256 stage2_graph_issue_width_current=16 stage2_vector_read_waves=1621 avg_stage2_scores_per_vector_wave=178.392967 stage2_vector_unique_reads=165762 stage2_home_rpc_batches=1433 stage2_home_rpc_items=157202 avg_stage2_home_rpc_batch=109.701326 stage2_home_score_rpc_batches=611 stage2_home_score_rpc_items=152513 stage2_home_score_rpc_queries=2806 stage2_home_score_rpc_request_bytes=4048808 stage2_home_score_rpc_response_bytes=4904856 avg_stage2_home_score_queries_per_rpc=4.592471 avg_stage2_home_score_rpc_batch=249.612111 stage2_home_scored_neighbors=275868 home_scores_per_expansion=1.754863 stage2_migrations=23 home_match_rate=0.893023 stage2_final_edges=10681 stage2_cross_edges_stage1_home=2017 stage2_cross_edges_final_home=1644 cross_edge_reduction_ratio=0.184928 failed=0 rpc_timeouts=0 reverse_aggregate_batches=0 reverse_aggregate_logical_requests=0 reverse_aggregate_ops=0 avg_reverse_aggregate_logicals=0.000000 avg_reverse_aggregate_ops=0.000000 max_backlog=8 admission_window=65536 completion_outstanding=0 completion_incomplete=0 completed_behind_hole=0 completion_logical_full_failures=0 completion_physical_full_failures=0 pressure_yields=0 stage2_batches=31 avg_stage2_batch_size=6.935484 packing_target_batch=8 packing_admit_queue_avg=6.935484 packing_admit_queue_max=8 packing_batch_1_7=16 packing_batch_8=15 packing_assembly_batches=31 packing_assembly_wait_ms=470.120998 packing_arrival_interval_us=2166 packing_waited_batches=16 packing_wait_ms=274.805000 packing_target_flushes=15 packing_deadline_flushes=16 packing_cleanup_flushes=0 stage2_phase_search_attempts=31 stage2_phase_search_task_attempts=215 stage2_phase_search_elapsed_ms=1374.402659 avg_stage2_phase_search_us_per_task=6392.570507 stage2_phase_freeze_prune_attempts=31 stage2_phase_freeze_prune_task_attempts=215 stage2_phase_freeze_prune_elapsed_ms=216.065420 avg_stage2_phase_freeze_prune_us_per_task=1004.955442 stage2_phase_reverse_prepare_attempts=31 stage2_phase_reverse_prepare_task_attempts=215 stage2_phase_reverse_prepare_elapsed_ms=574.358468 avg_stage2_phase_reverse_prepare_us_per_task=2671.434735 stage2_phase_placement_authority_attempts=31 stage2_phase_placement_authority_task_attempts=215 stage2_phase_placement_authority_elapsed_ms=86.960829 avg_stage2_phase_placement_authority_us_per_task=404.468972 stage2_phase_completion_handoff_attempts=31 stage2_phase_completion_handoff_task_attempts=215 stage2_phase_completion_handoff_elapsed_ms=0.067168 avg_stage2_phase_completion_handoff_us_per_task=0.312409 stage2_phase_finalize_attempts=31 stage2_phase_finalize_task_attempts=215 stage2_phase_finalize_elapsed_ms=0.276707 avg_stage2_phase_finalize_us_per_task=1.287009 maintenance_worker_idle_waits=6016 maintenance_worker_idle_ms=36933.243583 maintenance_lost_wake_avoided=185 maintenance_targeted_wakes=3923 maintenance_generic_wakes=214 maintenance_broadcast_wakes=0 maintenance_context_slots_scanned=64000 maintenance_ready_notifications=3408 maintenance_ready_stale_notifications=0 maintenance_ready_tickets_drained=2614 maintenance_ready_overflow_scans=0 maintenance_ready_fallback_scans=4213 stage2_search_lane_lease_limit=32 stage2_search_lane_lease_peak=6 stage2_search_lane_lease_blocked=0 maintenance_worker_observed_idle_ratio=0.918975 maintenance_worker_observed_busy_ratio=0.081025 physical_stage1_items=215 physical_stage1_total_ns=1028431848 physical_stage1_search_ns=933385950 physical_stage1_prune_ns=68251760 physical_stage1_allocate_write_ns=20871933 physical_stage1_backlink_ns=5228928 physical_stage1_candidates=27513 physical_stage1_remote_frontier_items=157325 physical_stage1_neighbors=9880 peer_stage1_enqueued=363 peer_stage1_processed=363 peer_stage1_items=348 avg_peer_stage1_items=0.958678 peer_stage1_rate_per_sec=69.271671 peer_stage1_max_queue=5 peer_stage1_active_workers=0 peer_stage2_home_enqueued=1708 peer_stage2_home_processed=1708 peer_stage2_home_items=152800 avg_peer_stage2_home_items=89.461358 peer_stage2_home_max_queue=7 peer_stage2_home_response_queue_drops=0 peer_stage2_home_response_send_wait_ms=12.348787 avg_peer_stage2_home_queue_wait_us=21.504927 avg_peer_stage2_home_execution_us=73.389642 peer_stage1_release_deferred_batches=17 peer_stage1_release_deferred_items=17 peer_stage1_duplicate_retry_responses=0 peer_stage1_admission_retry_responses=0 peer_stage1_retry_response_drops=0 peer_stage1_admission_waiters=0 peer_stage1_admission_waiter_items=0 peer_stage1_admission_owned_items=0 peer_stage1_admission_wake_coverage=0 peer_stage1_admission_parked=0 peer_stage1_admission_woken=0 peer_stage1_admission_reparked=0 peer_stage1_max_admission_waiters=0 peer_stage1_duplicate_coalesced=3 peer_reverse_enqueued=90 peer_reverse_processed=90 peer_reverse_remaining=0 peer_reverse_items_enqueued=2099 peer_reverse_items_processed=2099 peer_reverse_rate_per_sec=417.819648 peer_reverse_failed=0 peer_reverse_max_queue=2 reclaim_pending=4 reclaim_reused=19 dynamic_high_watermark=20444335120 stage2_remaining=0 cleanup_remaining=0 active_contexts=0 active_context_limit=32 repair_remaining=0 remaining=0
[STATUS]: storage-owner maintenance observation: enqueued=215 stage2_enqueued=215 cleanup_enqueued=0 stage2_tasks_done=215 stage2_finalized_live=215 cleanup_processed=0 stale=0 stage2_completion_ratio=1.000000 live_stage2_completion_ratio=1.000000 avg_stage2_delay_ms=97.073825 p99_stage2_delay_upper_ms=256.000000 p99_stage2_delay_over_30s=false stage2_delay_histogram=0,0,0,0,0,3,43,125,44,0,0,0,0,0,0,0,0,0 max_stage2_delay_ms=226.915934 compaction_batch_target=32 compaction_max_delay_ms=25.000000 stage2_rate_per_sec=21.445062 stage1_search_budget_exhausted=0 stage2_search_budget_exhausted=0 stage2_continuations=215 stage2_remote_frontier_items=157325 avg_stage2_remote_frontier=731.744186 stage2_remote_expansions=4577 avg_stage2_remote_expansions=21.288372 stage2_scored_candidates=289175 avg_stage2_scored_candidates=1345.000000 stage2_graph_read_waves=724 avg_stage2_expansions_per_graph_wave=6.321823 stage2_graph_unique_reads=4689 stage2_graph_prefetch_issued=3643 stage2_graph_prefetch_hits=3531 stage2_graph_prefetch_wasted=112 stage2_graph_prefetch_promotion_ratio=0.969256 stage2_graph_issue_width_current=16 stage2_vector_read_waves=1621 avg_stage2_scores_per_vector_wave=178.392967 stage2_vector_unique_reads=165762 stage2_home_rpc_batches=1433 stage2_home_rpc_items=157202 avg_stage2_home_rpc_batch=109.701326 stage2_home_score_rpc_batches=611 stage2_home_score_rpc_items=152513 stage2_home_score_rpc_queries=2806 stage2_home_score_rpc_request_bytes=4048808 stage2_home_score_rpc_response_bytes=4904856 avg_stage2_home_score_queries_per_rpc=4.592471 avg_stage2_home_score_rpc_batch=249.612111 stage2_home_scored_neighbors=275868 home_scores_per_expansion=1.754863 stage2_migrations=23 home_match_rate=0.893023 stage2_final_edges=10681 stage2_cross_edges_stage1_home=2017 stage2_cross_edges_final_home=1644 cross_edge_reduction_ratio=0.184928 failed=0 rpc_timeouts=0 reverse_aggregate_batches=0 reverse_aggregate_logical_requests=0 reverse_aggregate_ops=0 avg_reverse_aggregate_logicals=0.000000 avg_reverse_aggregate_ops=0.000000 max_backlog=8 admission_window=65536 completion_outstanding=0 completion_incomplete=0 completed_behind_hole=0 completion_logical_full_failures=0 completion_physical_full_failures=0 pressure_yields=0 stage2_batches=31 avg_stage2_batch_size=6.935484 packing_target_batch=8 packing_admit_queue_avg=6.935484 packing_admit_queue_max=8 packing_batch_1_7=16 packing_batch_8=15 packing_assembly_batches=31 packing_assembly_wait_ms=470.120998 packing_arrival_interval_us=2166 packing_waited_batches=16 packing_wait_ms=274.805000 packing_target_flushes=15 packing_deadline_flushes=16 packing_cleanup_flushes=0 stage2_phase_search_attempts=31 stage2_phase_search_task_attempts=215 stage2_phase_search_elapsed_ms=1374.402659 avg_stage2_phase_search_us_per_task=6392.570507 stage2_phase_freeze_prune_attempts=31 stage2_phase_freeze_prune_task_attempts=215 stage2_phase_freeze_prune_elapsed_ms=216.065420 avg_stage2_phase_freeze_prune_us_per_task=1004.955442 stage2_phase_reverse_prepare_attempts=31 stage2_phase_reverse_prepare_task_attempts=215 stage2_phase_reverse_prepare_elapsed_ms=574.358468 avg_stage2_phase_reverse_prepare_us_per_task=2671.434735 stage2_phase_placement_authority_attempts=31 stage2_phase_placement_authority_task_attempts=215 stage2_phase_placement_authority_elapsed_ms=86.960829 avg_stage2_phase_placement_authority_us_per_task=404.468972 stage2_phase_completion_handoff_attempts=31 stage2_phase_completion_handoff_task_attempts=215 stage2_phase_completion_handoff_elapsed_ms=0.067168 avg_stage2_phase_completion_handoff_us_per_task=0.312409 stage2_phase_finalize_attempts=31 stage2_phase_finalize_task_attempts=215 stage2_phase_finalize_elapsed_ms=0.276707 avg_stage2_phase_finalize_us_per_task=1.287009 maintenance_worker_idle_waits=9856 maintenance_worker_idle_ms=75564.698616 maintenance_lost_wake_avoided=185 maintenance_targeted_wakes=3923 maintenance_generic_wakes=214 maintenance_broadcast_wakes=0 maintenance_context_slots_scanned=125440 maintenance_ready_notifications=3408 maintenance_ready_stale_notifications=0 maintenance_ready_tickets_drained=2614 maintenance_ready_overflow_scans=0 maintenance_ready_fallback_scans=8190 stage2_search_lane_lease_limit=32 stage2_search_lane_lease_peak=6 stage2_search_lane_lease_blocked=0 maintenance_worker_observed_idle_ratio=0.942145 maintenance_worker_observed_busy_ratio=0.057855 physical_stage1_items=215 physical_stage1_total_ns=1028431848 physical_stage1_search_ns=933385950 physical_stage1_prune_ns=68251760 physical_stage1_allocate_write_ns=20871933 physical_stage1_backlink_ns=5228928 physical_stage1_candidates=27513 physical_stage1_remote_frontier_items=157325 physical_stage1_neighbors=9880 peer_stage1_enqueued=363 peer_stage1_processed=363 peer_stage1_items=348 avg_peer_stage1_items=0.958678 peer_stage1_rate_per_sec=34.711077 peer_stage1_max_queue=5 peer_stage1_active_workers=0 peer_stage2_home_enqueued=1708 peer_stage2_home_processed=1708 peer_stage2_home_items=152800 avg_peer_stage2_home_items=89.461358 peer_stage2_home_max_queue=7 peer_stage2_home_response_queue_drops=0 peer_stage2_home_response_send_wait_ms=12.348787 avg_peer_stage2_home_queue_wait_us=21.504927 avg_peer_stage2_home_execution_us=73.389642 peer_stage1_release_deferred_batches=17 peer_stage1_release_deferred_items=17 peer_stage1_duplicate_retry_responses=0 peer_stage1_admission_retry_responses=0 peer_stage1_retry_response_drops=0 peer_stage1_admission_waiters=0 peer_stage1_admission_waiter_items=0 peer_stage1_admission_owned_items=0 peer_stage1_admission_wake_coverage=0 peer_stage1_admission_parked=0 peer_stage1_admission_woken=0 peer_stage1_admission_reparked=0 peer_stage1_max_admission_waiters=0 peer_stage1_duplicate_coalesced=3 peer_reverse_enqueued=90 peer_reverse_processed=90 peer_reverse_remaining=0 peer_reverse_items_enqueued=2099 peer_reverse_items_processed=2099 peer_reverse_rate_per_sec=209.363649 peer_reverse_failed=0 peer_reverse_max_queue=2 reclaim_pending=4 reclaim_reused=19 dynamic_high_watermark=20444335120 stage2_remaining=0 cleanup_remaining=0 active_contexts=0 active_context_limit=32 repair_remaining=0 remaining=0
[STATUS]: storage-owner maintenance observation: enqueued=215 stage2_enqueued=215 cleanup_enqueued=0 stage2_tasks_done=215 stage2_finalized_live=215 cleanup_processed=0 stale=0 stage2_completion_ratio=1.000000 live_stage2_completion_ratio=1.000000 avg_stage2_delay_ms=97.073825 p99_stage2_delay_upper_ms=256.000000 p99_stage2_delay_over_30s=false stage2_delay_histogram=0,0,0,0,0,3,43,125,44,0,0,0,0,0,0,0,0,0 max_stage2_delay_ms=226.915934 compaction_batch_target=32 compaction_max_delay_ms=25.000000 stage2_rate_per_sec=14.304184 stage1_search_budget_exhausted=0 stage2_search_budget_exhausted=0 stage2_continuations=215 stage2_remote_frontier_items=157325 avg_stage2_remote_frontier=731.744186 stage2_remote_expansions=4577 avg_stage2_remote_expansions=21.288372 stage2_scored_candidates=289175 avg_stage2_scored_candidates=1345.000000 stage2_graph_read_waves=724 avg_stage2_expansions_per_graph_wave=6.321823 stage2_graph_unique_reads=4689 stage2_graph_prefetch_issued=3643 stage2_graph_prefetch_hits=3531 stage2_graph_prefetch_wasted=112 stage2_graph_prefetch_promotion_ratio=0.969256 stage2_graph_issue_width_current=16 stage2_vector_read_waves=1621 avg_stage2_scores_per_vector_wave=178.392967 stage2_vector_unique_reads=165762 stage2_home_rpc_batches=1433 stage2_home_rpc_items=157202 avg_stage2_home_rpc_batch=109.701326 stage2_home_score_rpc_batches=611 stage2_home_score_rpc_items=152513 stage2_home_score_rpc_queries=2806 stage2_home_score_rpc_request_bytes=4048808 stage2_home_score_rpc_response_bytes=4904856 avg_stage2_home_score_queries_per_rpc=4.592471 avg_stage2_home_score_rpc_batch=249.612111 stage2_home_scored_neighbors=275868 home_scores_per_expansion=1.754863 stage2_migrations=23 home_match_rate=0.893023 stage2_final_edges=10681 stage2_cross_edges_stage1_home=2017 stage2_cross_edges_final_home=1644 cross_edge_reduction_ratio=0.184928 failed=0 rpc_timeouts=0 reverse_aggregate_batches=0 reverse_aggregate_logical_requests=0 reverse_aggregate_ops=0 avg_reverse_aggregate_logicals=0.000000 avg_reverse_aggregate_ops=0.000000 max_backlog=8 admission_window=65536 completion_outstanding=0 completion_incomplete=0 completed_behind_hole=0 completion_logical_full_failures=0 completion_physical_full_failures=0 pressure_yields=0 stage2_batches=31 avg_stage2_batch_size=6.935484 packing_target_batch=8 packing_admit_queue_avg=6.935484 packing_admit_queue_max=8 packing_batch_1_7=16 packing_batch_8=15 packing_assembly_batches=31 packing_assembly_wait_ms=470.120998 packing_arrival_interval_us=2166 packing_waited_batches=16 packing_wait_ms=274.805000 packing_target_flushes=15 packing_deadline_flushes=16 packing_cleanup_flushes=0 stage2_phase_search_attempts=31 stage2_phase_search_task_attempts=215 stage2_phase_search_elapsed_ms=1374.402659 avg_stage2_phase_search_us_per_task=6392.570507 stage2_phase_freeze_prune_attempts=31 stage2_phase_freeze_prune_task_attempts=215 stage2_phase_freeze_prune_elapsed_ms=216.065420 avg_stage2_phase_freeze_prune_us_per_task=1004.955442 stage2_phase_reverse_prepare_attempts=31 stage2_phase_reverse_prepare_task_attempts=215 stage2_phase_reverse_prepare_elapsed_ms=574.358468 avg_stage2_phase_reverse_prepare_us_per_task=2671.434735 stage2_phase_placement_authority_attempts=31 stage2_phase_placement_authority_task_attempts=215 stage2_phase_placement_authority_elapsed_ms=86.960829 avg_stage2_phase_placement_authority_us_per_task=404.468972 stage2_phase_completion_handoff_attempts=31 stage2_phase_completion_handoff_task_attempts=215 stage2_phase_completion_handoff_elapsed_ms=0.067168 avg_stage2_phase_completion_handoff_us_per_task=0.312409 stage2_phase_finalize_attempts=31 stage2_phase_finalize_task_attempts=215 stage2_phase_finalize_elapsed_ms=0.276707 avg_stage2_phase_finalize_us_per_task=1.287009 maintenance_worker_idle_waits=13888 maintenance_worker_idle_ms=116133.960522 maintenance_lost_wake_avoided=185 maintenance_targeted_wakes=3923 maintenance_generic_wakes=214 maintenance_broadcast_wakes=0 maintenance_context_slots_scanned=189952 maintenance_ready_notifications=3408 maintenance_ready_stale_notifications=0 maintenance_ready_tickets_drained=2614 maintenance_ready_overflow_scans=0 maintenance_ready_fallback_scans=12165 stage2_search_lane_lease_limit=32 stage2_search_lane_lease_peak=6 stage2_search_lane_lease_blocked=0 maintenance_worker_observed_idle_ratio=0.965815 maintenance_worker_observed_busy_ratio=0.034185 physical_stage1_items=215 physical_stage1_total_ns=1028431848 physical_stage1_search_ns=933385950 physical_stage1_prune_ns=68251760 physical_stage1_allocate_write_ns=20871933 physical_stage1_backlink_ns=5228928 physical_stage1_candidates=27513 physical_stage1_remote_frontier_items=157325 physical_stage1_neighbors=9880 peer_stage1_enqueued=363 peer_stage1_processed=363 peer_stage1_items=348 avg_peer_stage1_items=0.958678 peer_stage1_rate_per_sec=23.152819 peer_stage1_max_queue=5 peer_stage1_active_workers=0 peer_stage2_home_enqueued=1708 peer_stage2_home_processed=1708 peer_stage2_home_items=152800 avg_peer_stage2_home_items=89.461358 peer_stage2_home_max_queue=7 peer_stage2_home_response_queue_drops=0 peer_stage2_home_response_send_wait_ms=12.348787 avg_peer_stage2_home_queue_wait_us=21.504927 avg_peer_stage2_home_execution_us=73.389642 peer_stage1_release_deferred_batches=17 peer_stage1_release_deferred_items=17 peer_stage1_duplicate_retry_responses=0 peer_stage1_admission_retry_responses=0 peer_stage1_retry_response_drops=0 peer_stage1_admission_waiters=0 peer_stage1_admission_waiter_items=0 peer_stage1_admission_owned_items=0 peer_stage1_admission_wake_coverage=0 peer_stage1_admission_parked=0 peer_stage1_admission_woken=0 peer_stage1_admission_reparked=0 peer_stage1_max_admission_waiters=0 peer_stage1_duplicate_coalesced=3 peer_reverse_enqueued=90 peer_reverse_processed=90 peer_reverse_remaining=0 peer_reverse_items_enqueued=2099 peer_reverse_items_processed=2099 peer_reverse_rate_per_sec=139.648755 peer_reverse_failed=0 peer_reverse_max_queue=2 reclaim_pending=4 reclaim_reused=19 dynamic_high_watermark=20444335120 stage2_remaining=0 cleanup_remaining=0 active_contexts=0 active_context_limit=32 repair_remaining=0 remaining=0
[STATUS]: storage-owner maintenance observation: enqueued=215 stage2_enqueued=215 cleanup_enqueued=0 stage2_tasks_done=215 stage2_finalized_live=215 cleanup_processed=0 stale=0 stage2_completion_ratio=1.000000 live_stage2_completion_ratio=1.000000 avg_stage2_delay_ms=97.073825 p99_stage2_delay_upper_ms=256.000000 p99_stage2_delay_over_30s=false stage2_delay_histogram=0,0,0,0,0,3,43,125,44,0,0,0,0,0,0,0,0,0 max_stage2_delay_ms=226.915934 compaction_batch_target=32 compaction_max_delay_ms=25.000000 stage2_rate_per_sec=10.732386 stage1_search_budget_exhausted=0 stage2_search_budget_exhausted=0 stage2_continuations=215 stage2_remote_frontier_items=157325 avg_stage2_remote_frontier=731.744186 stage2_remote_expansions=4577 avg_stage2_remote_expansions=21.288372 stage2_scored_candidates=289175 avg_stage2_scored_candidates=1345.000000 stage2_graph_read_waves=724 avg_stage2_expansions_per_graph_wave=6.321823 stage2_graph_unique_reads=4689 stage2_graph_prefetch_issued=3643 stage2_graph_prefetch_hits=3531 stage2_graph_prefetch_wasted=112 stage2_graph_prefetch_promotion_ratio=0.969256 stage2_graph_issue_width_current=16 stage2_vector_read_waves=1621 avg_stage2_scores_per_vector_wave=178.392967 stage2_vector_unique_reads=165762 stage2_home_rpc_batches=1433 stage2_home_rpc_items=157202 avg_stage2_home_rpc_batch=109.701326 stage2_home_score_rpc_batches=611 stage2_home_score_rpc_items=152513 stage2_home_score_rpc_queries=2806 stage2_home_score_rpc_request_bytes=4048808 stage2_home_score_rpc_response_bytes=4904856 avg_stage2_home_score_queries_per_rpc=4.592471 avg_stage2_home_score_rpc_batch=249.612111 stage2_home_scored_neighbors=275868 home_scores_per_expansion=1.754863 stage2_migrations=23 home_match_rate=0.893023 stage2_final_edges=10681 stage2_cross_edges_stage1_home=2017 stage2_cross_edges_final_home=1644 cross_edge_reduction_ratio=0.184928 failed=0 rpc_timeouts=0 reverse_aggregate_batches=0 reverse_aggregate_logical_requests=0 reverse_aggregate_ops=0 avg_reverse_aggregate_logicals=0.000000 avg_reverse_aggregate_ops=0.000000 max_backlog=8 admission_window=65536 completion_outstanding=0 completion_incomplete=0 completed_behind_hole=0 completion_logical_full_failures=0 completion_physical_full_failures=0 pressure_yields=0 stage2_batches=31 avg_stage2_batch_size=6.935484 packing_target_batch=8 packing_admit_queue_avg=6.935484 packing_admit_queue_max=8 packing_batch_1_7=16 packing_batch_8=15 packing_assembly_batches=31 packing_assembly_wait_ms=470.120998 packing_arrival_interval_us=2166 packing_waited_batches=16 packing_wait_ms=274.805000 packing_target_flushes=15 packing_deadline_flushes=16 packing_cleanup_flushes=0 stage2_phase_search_attempts=31 stage2_phase_search_task_attempts=215 stage2_phase_search_elapsed_ms=1374.402659 avg_stage2_phase_search_us_per_task=6392.570507 stage2_phase_freeze_prune_attempts=31 stage2_phase_freeze_prune_task_attempts=215 stage2_phase_freeze_prune_elapsed_ms=216.065420 avg_stage2_phase_freeze_prune_us_per_task=1004.955442 stage2_phase_reverse_prepare_attempts=31 stage2_phase_reverse_prepare_task_attempts=215 stage2_phase_reverse_prepare_elapsed_ms=574.358468 avg_stage2_phase_reverse_prepare_us_per_task=2671.434735 stage2_phase_placement_authority_attempts=31 stage2_phase_placement_authority_task_attempts=215 stage2_phase_placement_authority_elapsed_ms=86.960829 avg_stage2_phase_placement_authority_us_per_task=404.468972 stage2_phase_completion_handoff_attempts=31 stage2_phase_completion_handoff_task_attempts=215 stage2_phase_completion_handoff_elapsed_ms=0.067168 avg_stage2_phase_completion_handoff_us_per_task=0.312409 stage2_phase_finalize_attempts=31 stage2_phase_finalize_task_attempts=215 stage2_phase_finalize_elapsed_ms=0.276707 avg_stage2_phase_finalize_us_per_task=1.287009 maintenance_worker_idle_waits=17920 maintenance_worker_idle_ms=156699.133470 maintenance_lost_wake_avoided=185 maintenance_targeted_wakes=3923 maintenance_generic_wakes=214 maintenance_broadcast_wakes=0 maintenance_context_slots_scanned=254464 maintenance_ready_notifications=3408 maintenance_ready_stale_notifications=0 maintenance_ready_tickets_drained=2614 maintenance_ready_overflow_scans=0 maintenance_ready_fallback_scans=16141 stage2_search_lane_lease_limit=32 stage2_search_lane_lease_peak=6 stage2_search_lane_lease_blocked=0 maintenance_worker_observed_idle_ratio=0.977765 maintenance_worker_observed_busy_ratio=0.022235 physical_stage1_items=215 physical_stage1_total_ns=1028431848 physical_stage1_search_ns=933385950 physical_stage1_prune_ns=68251760 physical_stage1_allocate_write_ns=20871933 physical_stage1_backlink_ns=5228928 physical_stage1_candidates=27513 physical_stage1_remote_frontier_items=157325 physical_stage1_neighbors=9880 peer_stage1_enqueued=363 peer_stage1_processed=363 peer_stage1_items=348 avg_peer_stage1_items=0.958678 peer_stage1_rate_per_sec=17.371490 peer_stage1_max_queue=5 peer_stage1_active_workers=0 peer_stage2_home_enqueued=1708 peer_stage2_home_processed=1708 peer_stage2_home_items=152800 avg_peer_stage2_home_items=89.461358 peer_stage2_home_max_queue=7 peer_stage2_home_response_queue_drops=0 peer_stage2_home_response_send_wait_ms=12.348787 avg_peer_stage2_home_queue_wait_us=21.504927 avg_peer_stage2_home_execution_us=73.389642 peer_stage1_release_deferred_batches=17 peer_stage1_release_deferred_items=17 peer_stage1_duplicate_retry_responses=0 peer_stage1_admission_retry_responses=0 peer_stage1_retry_response_drops=0 peer_stage1_admission_waiters=0 peer_stage1_admission_waiter_items=0 peer_stage1_admission_owned_items=0 peer_stage1_admission_wake_coverage=0 peer_stage1_admission_parked=0 peer_stage1_admission_woken=0 peer_stage1_admission_reparked=0 peer_stage1_max_admission_waiters=0 peer_stage1_duplicate_coalesced=3 peer_reverse_enqueued=90 peer_reverse_processed=90 peer_reverse_remaining=0 peer_reverse_items_enqueued=2099 peer_reverse_items_processed=2099 peer_reverse_rate_per_sec=104.778038 peer_reverse_failed=0 peer_reverse_max_queue=2 reclaim_pending=4 reclaim_reused=19 dynamic_high_watermark=20444335120 stage2_remaining=0 cleanup_remaining=0 active_contexts=0 active_context_limit=32 repair_remaining=0 remaining=0
[STATUS]: storage-owner maintenance observation: enqueued=215 stage2_enqueued=215 cleanup_enqueued=0 stage2_tasks_done=215 stage2_finalized_live=215 cleanup_processed=0 stale=0 stage2_completion_ratio=1.000000 live_stage2_completion_ratio=1.000000 avg_stage2_delay_ms=97.073825 p99_stage2_delay_upper_ms=256.000000 p99_stage2_delay_over_30s=false stage2_delay_histogram=0,0,0,0,0,3,43,125,44,0,0,0,0,0,0,0,0,0 max_stage2_delay_ms=226.915934 compaction_batch_target=32 compaction_max_delay_ms=25.000000 stage2_rate_per_sec=8.588211 stage1_search_budget_exhausted=0 stage2_search_budget_exhausted=0 stage2_continuations=215 stage2_remote_frontier_items=157325 avg_stage2_remote_frontier=731.744186 stage2_remote_expansions=4577 avg_stage2_remote_expansions=21.288372 stage2_scored_candidates=289175 avg_stage2_scored_candidates=1345.000000 stage2_graph_read_waves=724 avg_stage2_expansions_per_graph_wave=6.321823 stage2_graph_unique_reads=4689 stage2_graph_prefetch_issued=3643 stage2_graph_prefetch_hits=3531 stage2_graph_prefetch_wasted=112 stage2_graph_prefetch_promotion_ratio=0.969256 stage2_graph_issue_width_current=16 stage2_vector_read_waves=1621 avg_stage2_scores_per_vector_wave=178.392967 stage2_vector_unique_reads=165762 stage2_home_rpc_batches=1433 stage2_home_rpc_items=157202 avg_stage2_home_rpc_batch=109.701326 stage2_home_score_rpc_batches=611 stage2_home_score_rpc_items=152513 stage2_home_score_rpc_queries=2806 stage2_home_score_rpc_request_bytes=4048808 stage2_home_score_rpc_response_bytes=4904856 avg_stage2_home_score_queries_per_rpc=4.592471 avg_stage2_home_score_rpc_batch=249.612111 stage2_home_scored_neighbors=275868 home_scores_per_expansion=1.754863 stage2_migrations=23 home_match_rate=0.893023 stage2_final_edges=10681 stage2_cross_edges_stage1_home=2017 stage2_cross_edges_final_home=1644 cross_edge_reduction_ratio=0.184928 failed=0 rpc_timeouts=0 reverse_aggregate_batches=0 reverse_aggregate_logical_requests=0 reverse_aggregate_ops=0 avg_reverse_aggregate_logicals=0.000000 avg_reverse_aggregate_ops=0.000000 max_backlog=8 admission_window=65536 completion_outstanding=0 completion_incomplete=0 completed_behind_hole=0 completion_logical_full_failures=0 completion_physical_full_failures=0 pressure_yields=0 stage2_batches=31 avg_stage2_batch_size=6.935484 packing_target_batch=8 packing_admit_queue_avg=6.935484 packing_admit_queue_max=8 packing_batch_1_7=16 packing_batch_8=15 packing_assembly_batches=31 packing_assembly_wait_ms=470.120998 packing_arrival_interval_us=2166 packing_waited_batches=16 packing_wait_ms=274.805000 packing_target_flushes=15 packing_deadline_flushes=16 packing_cleanup_flushes=0 stage2_phase_search_attempts=31 stage2_phase_search_task_attempts=215 stage2_phase_search_elapsed_ms=1374.402659 avg_stage2_phase_search_us_per_task=6392.570507 stage2_phase_freeze_prune_attempts=31 stage2_phase_freeze_prune_task_attempts=215 stage2_phase_freeze_prune_elapsed_ms=216.065420 avg_stage2_phase_freeze_prune_us_per_task=1004.955442 stage2_phase_reverse_prepare_attempts=31 stage2_phase_reverse_prepare_task_attempts=215 stage2_phase_reverse_prepare_elapsed_ms=574.358468 avg_stage2_phase_reverse_prepare_us_per_task=2671.434735 stage2_phase_placement_authority_attempts=31 stage2_phase_placement_authority_task_attempts=215 stage2_phase_placement_authority_elapsed_ms=86.960829 avg_stage2_phase_placement_authority_us_per_task=404.468972 stage2_phase_completion_handoff_attempts=31 stage2_phase_completion_handoff_task_attempts=215 stage2_phase_completion_handoff_elapsed_ms=0.067168 avg_stage2_phase_completion_handoff_us_per_task=0.312409 stage2_phase_finalize_attempts=31 stage2_phase_finalize_task_attempts=215 stage2_phase_finalize_elapsed_ms=0.276707 avg_stage2_phase_finalize_us_per_task=1.287009 maintenance_worker_idle_waits=21952 maintenance_worker_idle_ms=197261.942111 maintenance_lost_wake_avoided=185 maintenance_targeted_wakes=3923 maintenance_generic_wakes=214 maintenance_broadcast_wakes=0 maintenance_context_slots_scanned=318976 maintenance_ready_notifications=3408 maintenance_ready_stale_notifications=0 maintenance_ready_tickets_drained=2614 maintenance_ready_overflow_scans=0 maintenance_ready_fallback_scans=20117 stage2_search_lane_lease_limit=32 stage2_search_lane_lease_peak=6 stage2_search_lane_lease_blocked=0 maintenance_worker_observed_idle_ratio=0.984958 maintenance_worker_observed_busy_ratio=0.015042 physical_stage1_items=215 physical_stage1_total_ns=1028431848 physical_stage1_search_ns=933385950 physical_stage1_prune_ns=68251760 physical_stage1_allocate_write_ns=20871933 physical_stage1_backlink_ns=5228928 physical_stage1_candidates=27513 physical_stage1_remote_frontier_items=157325 physical_stage1_neighbors=9880 peer_stage1_enqueued=363 peer_stage1_processed=363 peer_stage1_items=348 avg_peer_stage1_items=0.958678 peer_stage1_rate_per_sec=13.900918 peer_stage1_max_queue=5 peer_stage1_active_workers=0 peer_stage2_home_enqueued=1708 peer_stage2_home_processed=1708 peer_stage2_home_items=152800 avg_peer_stage2_home_items=89.461358 peer_stage2_home_max_queue=7 peer_stage2_home_response_queue_drops=0 peer_stage2_home_response_send_wait_ms=12.348787 avg_peer_stage2_home_queue_wait_us=21.504927 avg_peer_stage2_home_execution_us=73.389642 peer_stage1_release_deferred_batches=17 peer_stage1_release_deferred_items=17 peer_stage1_duplicate_retry_responses=0 peer_stage1_admission_retry_responses=0 peer_stage1_retry_response_drops=0 peer_stage1_admission_waiters=0 peer_stage1_admission_waiter_items=0 peer_stage1_admission_owned_items=0 peer_stage1_admission_wake_coverage=0 peer_stage1_admission_parked=0 peer_stage1_admission_woken=0 peer_stage1_admission_reparked=0 peer_stage1_max_admission_waiters=0 peer_stage1_duplicate_coalesced=3 peer_reverse_enqueued=90 peer_reverse_processed=90 peer_reverse_remaining=0 peer_reverse_items_enqueued=2099 peer_reverse_items_processed=2099 peer_reverse_rate_per_sec=83.844907 peer_reverse_failed=0 peer_reverse_max_queue=2 reclaim_pending=4 reclaim_reused=19 dynamic_high_watermark=20444335120 stage2_remaining=0 cleanup_remaining=0 active_contexts=0 active_context_limit=32 repair_remaining=0 remaining=0
[STATUS]: storage-owner maintenance observation: enqueued=215 stage2_enqueued=215 cleanup_enqueued=0 stage2_tasks_done=215 stage2_finalized_live=215 cleanup_processed=0 stale=0 stage2_completion_ratio=1.000000 live_stage2_completion_ratio=1.000000 avg_stage2_delay_ms=97.073825 p99_stage2_delay_upper_ms=256.000000 p99_stage2_delay_over_30s=false stage2_delay_histogram=0,0,0,0,0,3,43,125,44,0,0,0,0,0,0,0,0,0 max_stage2_delay_ms=226.915934 compaction_batch_target=32 compaction_max_delay_ms=25.000000 stage2_rate_per_sec=7.158446 stage1_search_budget_exhausted=0 stage2_search_budget_exhausted=0 stage2_continuations=215 stage2_remote_frontier_items=157325 avg_stage2_remote_frontier=731.744186 stage2_remote_expansions=4577 avg_stage2_remote_expansions=21.288372 stage2_scored_candidates=289175 avg_stage2_scored_candidates=1345.000000 stage2_graph_read_waves=724 avg_stage2_expansions_per_graph_wave=6.321823 stage2_graph_unique_reads=4689 stage2_graph_prefetch_issued=3643 stage2_graph_prefetch_hits=3531 stage2_graph_prefetch_wasted=112 stage2_graph_prefetch_promotion_ratio=0.969256 stage2_graph_issue_width_current=16 stage2_vector_read_waves=1621 avg_stage2_scores_per_vector_wave=178.392967 stage2_vector_unique_reads=165762 stage2_home_rpc_batches=1433 stage2_home_rpc_items=157202 avg_stage2_home_rpc_batch=109.701326 stage2_home_score_rpc_batches=611 stage2_home_score_rpc_items=152513 stage2_home_score_rpc_queries=2806 stage2_home_score_rpc_request_bytes=4048808 stage2_home_score_rpc_response_bytes=4904856 avg_stage2_home_score_queries_per_rpc=4.592471 avg_stage2_home_score_rpc_batch=249.612111 stage2_home_scored_neighbors=275868 home_scores_per_expansion=1.754863 stage2_migrations=23 home_match_rate=0.893023 stage2_final_edges=10681 stage2_cross_edges_stage1_home=2017 stage2_cross_edges_final_home=1644 cross_edge_reduction_ratio=0.184928 failed=0 rpc_timeouts=0 reverse_aggregate_batches=0 reverse_aggregate_logical_requests=0 reverse_aggregate_ops=0 avg_reverse_aggregate_logicals=0.000000 avg_reverse_aggregate_ops=0.000000 max_backlog=8 admission_window=65536 completion_outstanding=0 completion_incomplete=0 completed_behind_hole=0 completion_logical_full_failures=0 completion_physical_full_failures=0 pressure_yields=0 stage2_batches=31 avg_stage2_batch_size=6.935484 packing_target_batch=8 packing_admit_queue_avg=6.935484 packing_admit_queue_max=8 packing_batch_1_7=16 packing_batch_8=15 packing_assembly_batches=31 packing_assembly_wait_ms=470.120998 packing_arrival_interval_us=2166 packing_waited_batches=16 packing_wait_ms=274.805000 packing_target_flushes=15 packing_deadline_flushes=16 packing_cleanup_flushes=0 stage2_phase_search_attempts=31 stage2_phase_search_task_attempts=215 stage2_phase_search_elapsed_ms=1374.402659 avg_stage2_phase_search_us_per_task=6392.570507 stage2_phase_freeze_prune_attempts=31 stage2_phase_freeze_prune_task_attempts=215 stage2_phase_freeze_prune_elapsed_ms=216.065420 avg_stage2_phase_freeze_prune_us_per_task=1004.955442 stage2_phase_reverse_prepare_attempts=31 stage2_phase_reverse_prepare_task_attempts=215 stage2_phase_reverse_prepare_elapsed_ms=574.358468 avg_stage2_phase_reverse_prepare_us_per_task=2671.434735 stage2_phase_placement_authority_attempts=31 stage2_phase_placement_authority_task_attempts=215 stage2_phase_placement_authority_elapsed_ms=86.960829 avg_stage2_phase_placement_authority_us_per_task=404.468972 stage2_phase_completion_handoff_attempts=31 stage2_phase_completion_handoff_task_attempts=215 stage2_phase_completion_handoff_elapsed_ms=0.067168 avg_stage2_phase_completion_handoff_us_per_task=0.312409 stage2_phase_finalize_attempts=31 stage2_phase_finalize_task_attempts=215 stage2_phase_finalize_elapsed_ms=0.276707 avg_stage2_phase_finalize_us_per_task=1.287009 maintenance_worker_idle_waits=25856 maintenance_worker_idle_ms=236543.582356 maintenance_lost_wake_avoided=185 maintenance_targeted_wakes=3923 maintenance_generic_wakes=214 maintenance_broadcast_wakes=0 maintenance_context_slots_scanned=381440 maintenance_ready_notifications=3408 maintenance_ready_stale_notifications=0 maintenance_ready_tickets_drained=2614 maintenance_ready_overflow_scans=0 maintenance_ready_fallback_scans=24094 stage2_search_lane_lease_limit=32 stage2_search_lane_lease_peak=6 stage2_search_lane_lease_blocked=0 maintenance_worker_observed_idle_ratio=0.984468 maintenance_worker_observed_busy_ratio=0.015532 physical_stage1_items=215 physical_stage1_total_ns=1028431848 physical_stage1_search_ns=933385950 physical_stage1_prune_ns=68251760 physical_stage1_allocate_write_ns=20871933 physical_stage1_backlink_ns=5228928 physical_stage1_candidates=27513 physical_stage1_remote_frontier_items=157325 physical_stage1_neighbors=9880 peer_stage1_enqueued=363 peer_stage1_processed=363 peer_stage1_items=348 avg_peer_stage1_items=0.958678 peer_stage1_rate_per_sec=11.586694 peer_stage1_max_queue=5 peer_stage1_active_workers=0 peer_stage2_home_enqueued=1708 peer_stage2_home_processed=1708 peer_stage2_home_items=152800 avg_peer_stage2_home_items=89.461358 peer_stage2_home_max_queue=7 peer_stage2_home_response_queue_drops=0 peer_stage2_home_response_send_wait_ms=12.348787 avg_peer_stage2_home_queue_wait_us=21.504927 avg_peer_stage2_home_execution_us=73.389642 peer_stage1_release_deferred_batches=17 peer_stage1_release_deferred_items=17 peer_stage1_duplicate_retry_responses=0 peer_stage1_admission_retry_responses=0 peer_stage1_retry_response_drops=0 peer_stage1_admission_waiters=0 peer_stage1_admission_waiter_items=0 peer_stage1_admission_owned_items=0 peer_stage1_admission_wake_coverage=0 peer_stage1_admission_parked=0 peer_stage1_admission_woken=0 peer_stage1_admission_reparked=0 peer_stage1_max_admission_waiters=0 peer_stage1_duplicate_coalesced=3 peer_reverse_enqueued=90 peer_reverse_processed=90 peer_reverse_remaining=0 peer_reverse_items_enqueued=2099 peer_reverse_items_processed=2099 peer_reverse_rate_per_sec=69.886411 peer_reverse_failed=0 peer_reverse_max_queue=2 reclaim_pending=4 reclaim_reused=19 dynamic_high_watermark=20444335120 stage2_remaining=0 cleanup_remaining=0 active_contexts=0 active_context_limit=32 repair_remaining=0 remaining=0
