============================================================
                        SERVER
============================================================
num clients:                  1
TCP port:                     1236
IB device:                    <auto>
IB port:                      1
max outstanding CQEs:         64
max send work requests:       4096
max receive work requests:    4096
============================================================
index prefix:                     "/data/xjs/index/dvstor_sift100m/index/sift100m_R96_bw128_metis_pmd32_pq32_schema16"
storage shard:                    "/data/xjs/index/dvstor_sift100m/index/sift100m_R96_bw128_metis_pmd32_pq32_schema16_node3_of5.dat"
storage id:                       2
base vectors:                     100000000
vector ID namespace [0,N):        4294967295
registered memory GiB:            24
====================================================================
1 device(s) found
Selected device: ibp86s0
Selected port state: 4, lid: 8
interleaved policy
num_cores: 112
physical cores per socket: 28
hyperthreading enabled
local process CPU partition: rank 2/5 logical_cpus=22
pairing: 49224 -- 120543
[STATUS]: loaded index metadata from /data/xjs/index/dvstor_sift100m/index/sift100m_R96_bw128_metis_pmd32_pq32_schema16 (layout=plain, vector_data_type=uint8)
[STATUS]: storage-owner stage2 candidate width L=128 per shard
allocation size: 25769803776
allocated ALIGNED MEM (no hugepage) at 129658653769792 with buffer size 25769803776
[STATUS]: loading index (19261201856 Bytes) from /data/xjs/index/dvstor_sift100m/index/sift100m_R96_bw128_metis_pmd32_pq32_schema16_node3_of5.dat
[STATUS]: loaded GPU PQ codes (621329088 Bytes) at remote offset 19261205952
[STATUS]: storage-owner idmap loaded entries=20000000 format=owner_sharded_v2_bound immutable_base=true dynamic_shards=256 dynamic_reserved=65536
[STATUS]: compensated physical centroid restored on shard 2: vectors=19416534 entries=4
[STATUS]: register memory and distribute access token
[STATUS]: connect QPs of compute threads
[STATUS]: reserving 64 GPU/bootstrap QPs per compute node
pairing: 49229 -- 120548
pairing: 49234 -- 120553
pairing: 49239 -- 120558
pairing: 49244 -- 120563
pairing: 49249 -- 120568
pairing: 49254 -- 120573
pairing: 49259 -- 120578
pairing: 49264 -- 120583
pairing: 49269 -- 120588
pairing: 49274 -- 120593
pairing: 49279 -- 120598
pairing: 49284 -- 120603
pairing: 49289 -- 120608
pairing: 49294 -- 120613
pairing: 49299 -- 120618
pairing: 49304 -- 120623
pairing: 49309 -- 120628
pairing: 49314 -- 120633
pairing: 49319 -- 120638
pairing: 49324 -- 120643
pairing: 49329 -- 120648
pairing: 49334 -- 120653
pairing: 49339 -- 120658
pairing: 49344 -- 120663
pairing: 49349 -- 120668
pairing: 49354 -- 120673
pairing: 49359 -- 120678
pairing: 49364 -- 120683
pairing: 49369 -- 120688
pairing: 49374 -- 120693
pairing: 49379 -- 120698
pairing: 49384 -- 120703
pairing: 49389 -- 120770
pairing: 49454 -- 120771
pairing: 49455 -- 120772
pairing: 49456 -- 120773
pairing: 49457 -- 120774
pairing: 49458 -- 120775
pairing: 49459 -- 120776
pairing: 49460 -- 120777
pairing: 49461 -- 120778
pairing: 49462 -- 120779
pairing: 49463 -- 120780
pairing: 49464 -- 120781
pairing: 49465 -- 120782
pairing: 49466 -- 120783
pairing: 49467 -- 120784
pairing: 49468 -- 120785
pairing: 49469 -- 120786
pairing: 49470 -- 120787
pairing: 49471 -- 120788
pairing: 49472 -- 120789
pairing: 49473 -- 120790
pairing: 49474 -- 120791
pairing: 49475 -- 120792
pairing: 49476 -- 120793
pairing: 49477 -- 120794
pairing: 49478 -- 120795
pairing: 49479 -- 120796
pairing: 49480 -- 120797
pairing: 49481 -- 120798
pairing: 49482 -- 120799
pairing: 49483 -- 120800
pairing: 49484 -- 120801
[STATUS]: waiting for compute-node startup barrier
1 device(s) found
Selected device: ibp86s0
Selected port state: 4, lid: 8
pairing: 49547 -- 49555
pairing: 49557 -- 49562
pairing: 49565 -- 49570
pairing: 49572 -- 49578
pairing: 49581 -- 49586
pairing: 49589 -- 49594
pairing: 49597 -- 49602
pairing: 49605 -- 49610
pairing: 49613 -- 49615
pairing: 49618 -- 49621
pairing: 49623 -- 49627
pairing: 49629 -- 49633
pairing: 49635 -- 49639
pairing: 49641 -- 49646
pairing: 49647 -- 49651
pairing: 49653 -- 49657
pairing: 49659 -- 49655
pairing: 49661 -- 49662
pairing: 49664 -- 49663
pairing: 49666 -- 49665
pairing: 49668 -- 49667
pairing: 49670 -- 49669
pairing: 49672 -- 49671
pairing: 49674 -- 49673
pairing: 49676 -- 49675
pairing: 49678 -- 49677
pairing: 49680 -- 49679
pairing: 49682 -- 49681
pairing: 49684 -- 49683
pairing: 49686 -- 49685
pairing: 49688 -- 49687
pairing: 49690 -- 49691
[STATUS]: storage-owner peer RDMA QPs per peer: 8
[STATUS]: storage-owner peer QP0 reserved for RPC; data RDMA uses QP1..7
allocated ALIGNED MEM (no hugepage) at 129657586319424 with buffer size 67108864
allocated ALIGNED MEM (no hugepage) at 129657546473536 with buffer size 39839040
[STATUS]: storage-owner peer RPC receive slots per peer: 64 (requested=64)
[STATUS]: storage-owner peer RPC concurrent sends per peer: 16
[STATUS]: storage-owner peer RPC send credits: Stage1/graph are split at depth >= 2; responses use a dedicated sync buffer
[STATUS]: storage-owner peer async response capacity: 32768
[STATUS]: storage-owner Stage2 home RPC combining: enabled logical_capacity=18432 aggregate_capacity=4608 byte_budget=33593392
allocated ALIGNED MEM (no hugepage) at 105353636773120 with buffer size 110592
allocated ALIGNED MEM (no hugepage) at 129657817833536 with buffer size 212992
allocated ALIGNED MEM (no hugepage) at 129657817415744 with buffer size 212992
[STATUS]: storage-owner peer reverse-update workers: 2
[STATUS]: storage-owner peer Stage1 workers: 3; Stage2-home workers: 1 (one reserved; shared lanes borrow authoritative work only)
[STATUS]: storage-owner physical control workers: cleanup=1 placement=1 (separate blocking domains)
[STATUS]: storage-owner peer progress threads: cq=1 response_dispatch=1
[STATUS]: storage-owner Stage1 artifact capacity: 67584 (64-way, per shard=1056) cleanup replay per shard=2048 active migration receipts=131072
[STATUS]: storage-owner peer reverse-update tuning: queue_depth=65536 coalesce_max=256
allocated ALIGNED MEM (no hugepage) at 129657805664320 with buffer size 855296
allocated ALIGNED MEM (no hugepage) at 129657804808256 with buffer size 855296
allocated ALIGNED MEM (no hugepage) at 129657801470016 with buffer size 855296
allocated ALIGNED MEM (no hugepage) at 129657800613952 with buffer size 855296
allocated ALIGNED MEM (no hugepage) at 129657797275712 with buffer size 855296
allocated ALIGNED MEM (no hugepage) at 129657796419648 with buffer size 855296
allocated ALIGNED MEM (no hugepage) at 129657793081408 with buffer size 855296
allocated ALIGNED MEM (no hugepage) at 129657792024640 with buffer size 855296
[STATUS]: storage-owner peer scratch: snapshot_slot=192 graph_slot=832 batch=256 lane_peak_rdma_wrs=56 lane_useful_wave_rdma_wrs=56 global_read_window=224 search_lanes_global=32 search_lanes_credit_derived=16 search_lane_lease_cap=32 search_lanes_physical_per_worker=4 ready_context_runtime_epoch=1 bytes_per_lane=213824 bytes_total=6842368
[STATUS]: storage-owner maintenance workers: 8 (configured=8, admission_baseline_workers=2, context_limit=32, semantic_execution_batch=8, work_conserving=true)
[STATUS]: storage-owner stage2 reverse outbox descriptors: 128 aggregates=128 wire_max_ops=3072 (shared per-peer work-conserving aggregation)
[STATUS]: storage-owner maintenance tuning: protocol=centroid-home-two-stage compaction_batch_target=32 packing_policy=deterministic_b8 packing_tail_wait_us=arrival_adaptive_capped_25000 packing_context_limit=8 backlog_limit=65536 admission_credit=bounded_accepted_backlog admission_window=65536 physical_completion_capacity=65536
[STATUS]: storage-owner peer RDMA read credits: per_data_qp=8 data_qps_per_peer=7 per_peer=56 global=224 shared_cq_read_budget=8095 ordered_snapshot_pairs_per_chain=4 (requested_per_data_qp=16)
[STATUS]: storage-owner online insert tuning: construction_beam=128 snapshot_batch=256 protocol=centroid-home-two-stage
[STATUS]: storage-owner stage1=physical-home local search and backlinks; stage2=generation-fenced home expand+score continuation
[STATUS]: storage-owner responses=foreground direct post; completion=repost by service poller
[STATUS]: storage-owner foreground pipeline: coordinators=12 cpu_lanes=3 (assigned_cpus=22, rpc_parallelism=16)
[STATUS]: storage-owner CPU plan: foreground_cpu=3 foreground_coordinators=12 maintenance=8 peer_stage1=4 (split into isolated Stage1/Stage2-home domains) peer_reverse=2 peer_cleanup=1 peer_placement=1 peer_progress=2 foreground_progress=1
[STATUS]: storage-owner insert runtime enabled on shard 2
