============================================================
                        SERVER
============================================================
num clients:                  1
TCP port:                     1235
IB device:                    <auto>
IB port:                      1
max outstanding CQEs:         64
max send work requests:       4096
max receive work requests:    4096
============================================================
index prefix:                     "/data/xjs/index/dvstor_sift100m/index/sift100m_R96_bw128_metis_pmd32_pq32_schema16"
storage shard:                    "/data/xjs/index/dvstor_sift100m/index/sift100m_R96_bw128_metis_pmd32_pq32_schema16_node2_of5.dat"
storage id:                       1
base vectors:                     100000000
vector ID namespace [0,N):        4294967295
registered memory GiB:            24
====================================================================
1 device(s) found
Selected device: ibp86s0
Selected port state: 4, lid: 8
interleaved policy
num_cores: 112
physical cores per socket: 28
hyperthreading enabled
local process CPU partition: rank 1/5 logical_cpus=22
pairing: 49223 -- 120542
[STATUS]: loaded index metadata from /data/xjs/index/dvstor_sift100m/index/sift100m_R96_bw128_metis_pmd32_pq32_schema16 (layout=plain, vector_data_type=uint8)
[STATUS]: storage-owner stage2 candidate width L=128 per shard
allocation size: 25769803776
allocated ALIGNED MEM (no hugepage) at 131718973489216 with buffer size 25769803776
[STATUS]: loading index (20436190144 Bytes) from /data/xjs/index/dvstor_sift100m/index/sift100m_R96_bw128_metis_pmd32_pq32_schema16_node2_of5.dat
[STATUS]: loaded GPU PQ codes (659231936 Bytes) at remote offset 20436194240
[STATUS]: storage-owner idmap loaded entries=20000000 format=owner_sharded_v2_bound immutable_base=true dynamic_shards=256 dynamic_reserved=65536
[STATUS]: compensated physical centroid restored on shard 1: vectors=20600998 entries=4
[STATUS]: register memory and distribute access token
[STATUS]: connect QPs of compute threads
[STATUS]: reserving 64 GPU/bootstrap QPs per compute node
pairing: 49228 -- 120547
pairing: 49233 -- 120552
pairing: 49238 -- 120557
pairing: 49243 -- 120562
pairing: 49248 -- 120567
pairing: 49253 -- 120572
pairing: 49258 -- 120577
pairing: 49263 -- 120582
pairing: 49268 -- 120587
pairing: 49273 -- 120592
pairing: 49278 -- 120597
pairing: 49283 -- 120602
pairing: 49288 -- 120607
pairing: 49293 -- 120612
pairing: 49298 -- 120617
pairing: 49303 -- 120622
pairing: 49308 -- 120627
pairing: 49313 -- 120632
pairing: 49318 -- 120637
pairing: 49323 -- 120642
pairing: 49328 -- 120647
pairing: 49333 -- 120652
pairing: 49338 -- 120657
pairing: 49343 -- 120662
pairing: 49348 -- 120667
pairing: 49353 -- 120672
pairing: 49358 -- 120677
pairing: 49363 -- 120682
pairing: 49368 -- 120687
pairing: 49373 -- 120692
pairing: 49378 -- 120697
pairing: 49383 -- 120702
pairing: 49388 -- 120738
pairing: 49423 -- 120739
pairing: 49424 -- 120740
pairing: 49425 -- 120741
pairing: 49426 -- 120742
pairing: 49427 -- 120743
pairing: 49428 -- 120744
pairing: 49429 -- 120745
pairing: 49430 -- 120746
pairing: 49431 -- 120747
pairing: 49432 -- 120748
pairing: 49433 -- 120749
pairing: 49434 -- 120750
pairing: 49435 -- 120751
pairing: 49436 -- 120752
pairing: 49437 -- 120753
pairing: 49438 -- 120754
pairing: 49439 -- 120755
pairing: 49440 -- 120756
pairing: 49441 -- 120757
pairing: 49442 -- 120758
pairing: 49443 -- 120759
pairing: 49444 -- 120760
pairing: 49445 -- 120761
pairing: 49446 -- 120762
pairing: 49447 -- 120763
pairing: 49448 -- 120764
pairing: 49449 -- 120765
pairing: 49450 -- 120766
pairing: 49451 -- 120767
pairing: 49452 -- 120768
pairing: 49453 -- 120769
[STATUS]: waiting for compute-node startup barrier
1 device(s) found
Selected device: ibp86s0
Selected port state: 4, lid: 8
pairing: 49549 -- 49552
pairing: 49554 -- 49560
pairing: 49563 -- 49568
pairing: 49571 -- 49576
pairing: 49579 -- 49584
pairing: 49587 -- 49592
pairing: 49595 -- 49600
pairing: 49603 -- 49608
pairing: 49611 -- 49609
pairing: 49615 -- 49613
pairing: 49617 -- 49614
pairing: 49619 -- 49616
pairing: 49621 -- 49618
pairing: 49624 -- 49620
pairing: 49626 -- 49622
pairing: 49627 -- 49623
pairing: 49630 -- 49625
pairing: 49632 -- 49628
pairing: 49633 -- 49629
pairing: 49636 -- 49631
pairing: 49637 -- 49634
pairing: 49639 -- 49635
pairing: 49642 -- 49638
pairing: 49643 -- 49640
pairing: 49646 -- 49641
pairing: 49648 -- 49644
pairing: 49649 -- 49645
pairing: 49651 -- 49647
pairing: 49654 -- 49650
pairing: 49656 -- 49652
pairing: 49657 -- 49653
pairing: 49660 -- 49658
[STATUS]: storage-owner peer RDMA QPs per peer: 8
[STATUS]: storage-owner peer QP0 reserved for RPC; data RDMA uses QP1..7
allocated ALIGNED MEM (no hugepage) at 131717906038848 with buffer size 67108864
allocated ALIGNED MEM (no hugepage) at 131717866192960 with buffer size 39839040
[STATUS]: storage-owner peer RPC receive slots per peer: 64 (requested=64)
[STATUS]: storage-owner peer RPC concurrent sends per peer: 16
[STATUS]: storage-owner peer RPC send credits: Stage1/graph are split at depth >= 2; responses use a dedicated sync buffer
[STATUS]: storage-owner peer async response capacity: 32768
[STATUS]: storage-owner Stage2 home RPC combining: enabled logical_capacity=18432 aggregate_capacity=4608 byte_budget=33593392
allocated ALIGNED MEM (no hugepage) at 102688151141632 with buffer size 110592
allocated ALIGNED MEM (no hugepage) at 131718141231168 with buffer size 212992
allocated ALIGNED MEM (no hugepage) at 131718137028672 with buffer size 212992
[STATUS]: storage-owner peer reverse-update workers: 2
[STATUS]: storage-owner peer Stage1 workers: 3; Stage2-home workers: 1 (one reserved; shared lanes borrow authoritative work only)
[STATUS]: storage-owner physical control workers: cleanup=1 placement=1 (separate blocking domains)
[STATUS]: storage-owner peer progress threads: cq=1 response_dispatch=1
[STATUS]: storage-owner Stage1 artifact capacity: 67584 (64-way, per shard=1056) cleanup replay per shard=2048 active migration receipts=131072
[STATUS]: storage-owner peer reverse-update tuning: queue_depth=65536 coalesce_max=256
allocated ALIGNED MEM (no hugepage) at 131718124331072 with buffer size 855296
allocated ALIGNED MEM (no hugepage) at 131718121189440 with buffer size 855296
allocated ALIGNED MEM (no hugepage) at 131718120333376 with buffer size 855296
allocated ALIGNED MEM (no hugepage) at 131718116995136 with buffer size 855296
allocated ALIGNED MEM (no hugepage) at 131718116139072 with buffer size 855296
allocated ALIGNED MEM (no hugepage) at 131718112800832 with buffer size 855296
allocated ALIGNED MEM (no hugepage) at 131718111744064 with buffer size 855296
allocated ALIGNED MEM (no hugepage) at 131718108405824 with buffer size 855296
[STATUS]: storage-owner peer scratch: snapshot_slot=192 graph_slot=832 batch=256 lane_peak_rdma_wrs=56 lane_useful_wave_rdma_wrs=56 global_read_window=224 search_lanes_global=32 search_lanes_credit_derived=16 search_lane_lease_cap=32 search_lanes_physical_per_worker=4 ready_context_runtime_epoch=1 bytes_per_lane=213824 bytes_total=6842368
[STATUS]: storage-owner maintenance workers: 8 (configured=8, admission_baseline_workers=2, context_limit=32, semantic_execution_batch=8, work_conserving=true)
[STATUS]: storage-owner stage2 reverse outbox descriptors: 128 aggregates=128 wire_max_ops=3072 (shared per-peer work-conserving aggregation)
[STATUS]: storage-owner maintenance tuning: protocol=centroid-home-two-stage compaction_batch_target=32 packing_policy=deterministic_b8 packing_tail_wait_us=arrival_adaptive_capped_25000 packing_context_limit=8 backlog_limit=65536 admission_credit=bounded_accepted_backlog admission_window=65536 physical_completion_capacity=65536
[STATUS]: storage-owner peer RDMA read credits: per_data_qp=8 data_qps_per_peer=7 per_peer=56 global=224 shared_cq_read_budget=8095 ordered_snapshot_pairs_per_chain=4 (requested_per_data_qp=16)
[STATUS]: storage-owner online insert tuning: construction_beam=128 snapshot_batch=256 protocol=centroid-home-two-stage
[STATUS]: storage-owner stage1=physical-home local search and backlinks; stage2=generation-fenced home expand+score continuation
[STATUS]: storage-owner responses=foreground direct post; completion=repost by service poller
[STATUS]: storage-owner foreground pipeline: coordinators=12 cpu_lanes=3 (assigned_cpus=22, rpc_parallelism=16)
[STATUS]: storage-owner CPU plan: foreground_cpu=3 foreground_coordinators=12 maintenance=8 peer_stage1=4 (split into isolated Stage1/Stage2-home domains) peer_reverse=2 peer_cleanup=1 peer_placement=1 peer_progress=2 foreground_progress=1
[STATUS]: storage-owner insert runtime enabled on shard 1
