============================================================
                        SERVER
============================================================
num clients:                  1
TCP port:                     1235
IB device:                    <auto>
IB port:                      1
max outstanding CQEs:         64
max send work requests:       4096
max receive work requests:    4096
============================================================
index prefix:                     "/data/xjs/index/dvstor_sift100m/index/sift100m_R96_bw128_metis_pmd32_pq32_schema16"
storage shard:                    "/data/xjs/index/dvstor_sift100m/index/sift100m_R96_bw128_metis_pmd32_pq32_schema16_node2_of5.dat"
storage id:                       1
base vectors:                     100000000
vector ID namespace [0,N):        4294967295
registered memory GiB:            24
====================================================================
1 device(s) found
Selected device: ibp86s0
Selected port state: 4, lid: 8
interleaved policy
num_cores: 112
physical cores per socket: 28
hyperthreading enabled
local process CPU partition: rank 1/5 logical_cpus=22
pairing: 47768 -- 119567
[STATUS]: loaded index metadata from /data/xjs/index/dvstor_sift100m/index/sift100m_R96_bw128_metis_pmd32_pq32_schema16 (layout=plain, vector_data_type=uint8)
[STATUS]: storage-owner stage2 candidate width L=128 per shard
allocation size: 25769803776
allocated ALIGNED MEM (no hugepage) at 126327279583296 with buffer size 25769803776
[STATUS]: loading index (20436190144 Bytes) from /data/xjs/index/dvstor_sift100m/index/sift100m_R96_bw128_metis_pmd32_pq32_schema16_node2_of5.dat
[STATUS]: loaded GPU PQ codes (659231936 Bytes) at remote offset 20436194240
[STATUS]: storage-owner idmap loaded entries=20000000 format=owner_sharded_v2_bound immutable_base=true dynamic_shards=256 dynamic_reserved=65536
[STATUS]: compensated physical centroid restored on shard 1: vectors=20600998 entries=4
[STATUS]: register memory and distribute access token
[STATUS]: connect QPs of compute threads
[STATUS]: reserving 64 GPU/bootstrap QPs per compute node
pairing: 47773 -- 119572
pairing: 47778 -- 119577
pairing: 47783 -- 119582
pairing: 47788 -- 119587
pairing: 47793 -- 119592
pairing: 47798 -- 119597
pairing: 47803 -- 119602
pairing: 47808 -- 119607
pairing: 47813 -- 119612
pairing: 47818 -- 119617
pairing: 47823 -- 119622
pairing: 47828 -- 119627
pairing: 47833 -- 119632
pairing: 47838 -- 119637
pairing: 47843 -- 119642
pairing: 47848 -- 119647
pairing: 47853 -- 119652
pairing: 47858 -- 119657
pairing: 47863 -- 119662
pairing: 47868 -- 119667
pairing: 47873 -- 119672
pairing: 47878 -- 119677
pairing: 47883 -- 119682
pairing: 47888 -- 119687
pairing: 47893 -- 119692
pairing: 47898 -- 119697
pairing: 47903 -- 119702
pairing: 47908 -- 119707
pairing: 47913 -- 119712
pairing: 47918 -- 119717
pairing: 47923 -- 119722
pairing: 47928 -- 119727
pairing: 47933 -- 119763
pairing: 47968 -- 119764
pairing: 47969 -- 119765
pairing: 47970 -- 119766
pairing: 47971 -- 119767
pairing: 47972 -- 119768
pairing: 47973 -- 119769
pairing: 47974 -- 119770
pairing: 47975 -- 119771
pairing: 47976 -- 119772
pairing: 47977 -- 119773
pairing: 47978 -- 119774
pairing: 47979 -- 119775
pairing: 47980 -- 119776
pairing: 47981 -- 119777
pairing: 47982 -- 119778
pairing: 47983 -- 119779
pairing: 47984 -- 119780
pairing: 47985 -- 119781
pairing: 47986 -- 119782
pairing: 47987 -- 119783
pairing: 47988 -- 119784
pairing: 47989 -- 119785
pairing: 47990 -- 119786
pairing: 47991 -- 119787
pairing: 47992 -- 119788
pairing: 47993 -- 119789
pairing: 47994 -- 119790
pairing: 47995 -- 119791
pairing: 47996 -- 119792
pairing: 47997 -- 119793
pairing: 47998 -- 119794
[STATUS]: waiting for compute-node startup barrier
1 device(s) found
Selected device: ibp86s0
Selected port state: 4, lid: 8
pairing: 48094 -- 48092
pairing: 48096 -- 48101
pairing: 48104 -- 48109
pairing: 48111 -- 48118
pairing: 48120 -- 48125
pairing: 48128 -- 48133
pairing: 48136 -- 48141
pairing: 48144 -- 48149
pairing: 48152 -- 48156
pairing: 48159 -- 48157
pairing: 48162 -- 48160
pairing: 48165 -- 48161
pairing: 48166 -- 48163
pairing: 48169 -- 48164
pairing: 48170 -- 48167
pairing: 48172 -- 48168
pairing: 48174 -- 48171
pairing: 48176 -- 48173
pairing: 48178 -- 48175
pairing: 48180 -- 48177
pairing: 48182 -- 48179
pairing: 48184 -- 48181
pairing: 48187 -- 48183
pairing: 48188 -- 48185
pairing: 48190 -- 48186
pairing: 48193 -- 48189
pairing: 48194 -- 48191
pairing: 48196 -- 48192
pairing: 48198 -- 48195
pairing: 48201 -- 48197
pairing: 48202 -- 48199
pairing: 48204 -- 48203
[STATUS]: storage-owner peer RDMA QPs per peer: 8
[STATUS]: storage-owner peer QP0 reserved for RPC; data RDMA uses QP1..7
allocated ALIGNED MEM (no hugepage) at 126326212132928 with buffer size 67108864
allocated ALIGNED MEM (no hugepage) at 103963014287936 with buffer size 25920
[STATUS]: storage-owner peer RPC receive slots per peer: 64 (requested=64)
[STATUS]: storage-owner peer RPC concurrent sends per peer: 16
[STATUS]: storage-owner peer RPC send credits: Stage1/graph are split at depth >= 2; responses use a dedicated sync buffer
[STATUS]: storage-owner peer async response capacity: 32768
[STATUS]: storage-owner peer update RPC payloads: disabled by append-only synchronous-exact mode
allocated ALIGNED MEM (no hugepage) at 103963014391680 with buffer size 110592
[STATUS]: storage-owner peer reverse-update workers: 0
[STATUS]: storage-owner peer Stage1 workers: 0; Stage2-home workers: 0 (disabled by synchronous-exact mode)
[STATUS]: storage-owner physical control workers: cleanup=0 placement=0 (separate blocking domains)
[STATUS]: storage-owner peer progress threads: cq=0 response_dispatch=0
[STATUS]: storage-owner target-side update workers and Stage1/cleanup/migration artifacts: disabled by append-only synchronous-exact mode
[STATUS]: storage-owner peer reverse-update tuning: queue_depth=65536 coalesce_max=256
[STATUS]: storage-owner Stage2 maintenance executor: disabled (synchronous-exact; no descriptor ring or public debt)
[STATUS]: storage-owner peer RDMA read credits: per_data_qp=8 data_qps_per_peer=7 per_peer=56 global=224 shared_cq_read_budget=8095 ordered_snapshot_pairs_per_chain=4 (requested_per_data_qp=16)
[STATUS]: storage-owner online insert tuning: construction_beam=128 snapshot_batch=256 protocol=single-owner-synchronous-exact
[STATUS]: storage-owner exact=append-only global search+prune+stable write+one-sided backlinks before token completion; upsert/erase/stage1/stage2/migration=disabled
[STATUS]: storage-owner responses=foreground direct post; completion=repost by service poller
[STATUS]: storage-owner foreground pipeline: coordinators=16 cpu_lanes=16 (assigned_cpus=22, rpc_parallelism=16)
[STATUS]: storage-owner CPU plan: foreground_cpu=16 foreground_coordinators=16 maintenance=0 peer_stage1=0 (split into isolated Stage1/Stage2-home domains) peer_reverse=0 peer_cleanup=0 peer_placement=0 peer_progress=0 foreground_progress=1
allocated ALIGNED MEM (no hugepage) at 126326447116352 with buffer size 213824
allocated ALIGNED MEM (no hugepage) at 126326444499008 with buffer size 213824
allocated ALIGNED MEM (no hugepage) at 126326444081216 with buffer size 213824
allocated ALIGNED MEM (no hugepage) at 126326443663424 with buffer size 213824
allocated ALIGNED MEM (no hugepage) at 126326443245632 with buffer size 213824
allocated ALIGNED MEM (no hugepage) at 126326440505408 with buffer size 213824
allocated ALIGNED MEM (no hugepage) at 126326440087616 with buffer size 213824
allocated ALIGNED MEM (no hugepage) at 126326439669824 with buffer size 213824
allocated ALIGNED MEM (no hugepage) at 126326439252032 with buffer size 213824
allocated ALIGNED MEM (no hugepage) at 126326438834240 with buffer size 213824
allocated ALIGNED MEM (no hugepage) at 126326436110400 with buffer size 213824
allocated ALIGNED MEM (no hugepage) at 126326435692608 with buffer size 213824
allocated ALIGNED MEM (no hugepage) at 126326435274816 with buffer size 213824
allocated ALIGNED MEM (no hugepage) at 126326434857024 with buffer size 213824
allocated ALIGNED MEM (no hugepage) at 126326432116800 with buffer size 213824
allocated ALIGNED MEM (no hugepage) at 126326431699008 with buffer size 213824
[STATUS]: storage-owner insert runtime enabled on shard 1
