============================================================
                        SERVER
============================================================
num clients:                  1
TCP port:                     1235
QP handshake timeout (ms):    10000
IB device:                    <auto>
IB port:                      1
max outstanding CQEs:         64
max send work requests:       4096
max receive work requests:    4096
============================================================
index prefix:                     "/data/xjs/index/dvstor_spacev100m/index/spacev100m_R96_bw128_balanced_pmd32_pq20_schema16"
storage shard:                    "/data/xjs/index/dvstor_spacev100m/index/spacev100m_R96_bw128_balanced_pmd32_pq20_schema16_node2_of5.dat"
storage id:                       1
base vectors:                     100000000
vector ID namespace [0,N):        4294967295
registered memory GiB:            22
====================================================================
1 device(s) found
Selected device: ibp86s0
Selected port state: 4, lid: 8, active_mtu: 5
interleaved policy
num_cores: 112
physical cores per socket: 28
hyperthreading enabled
local process CPU partition: rank 1/5 logical_cpus=22
pairing: 78951 -- 8690
[STATUS]: loaded index metadata from /data/xjs/index/dvstor_spacev100m/index/spacev100m_R96_bw128_balanced_pmd32_pq20_schema16 (layout=plain, vector_data_type=int8)
[STATUS]: storage-owner stage2 candidate width L=128 per shard
allocation size: 23622320128
allocated ALIGNED MEM (no hugepage) at 133691584020544 with buffer size 23622320128
[STATUS]: loading index (19200000128 Bytes) from /data/xjs/index/dvstor_spacev100m/index/spacev100m_R96_bw128_balanced_pmd32_pq20_schema16_node2_of5.dat
[STATUS]: loaded GPU PQ codes (400000000 Bytes) at remote offset 19200004224
[STATUS]: storage-owner idmap loaded entries=20000000 format=owner_sharded_v2_bound immutable_base=true dynamic_shards=256 dynamic_reserved=65536
[STATUS]: compensated physical centroid restored on shard 1: vectors=20000000 entries=4
[STATUS]: register memory and distribute access token
[STATUS]: connect QPs of compute threads
[STATUS]: reserving 64 GPU/bootstrap QPs per compute node
pairing: 78956 -- 8695
pairing: 78961 -- 8700
pairing: 78966 -- 8705
pairing: 78971 -- 8710
pairing: 78976 -- 8715
pairing: 78981 -- 8720
pairing: 78986 -- 8725
pairing: 78991 -- 8730
pairing: 78996 -- 8735
pairing: 79001 -- 8740
pairing: 79006 -- 8745
pairing: 79011 -- 8750
pairing: 79016 -- 8755
pairing: 79021 -- 8760
pairing: 79026 -- 8765
pairing: 79031 -- 8770
pairing: 79036 -- 8775
pairing: 79041 -- 8780
pairing: 79046 -- 8785
pairing: 79051 -- 8790
pairing: 79056 -- 8795
pairing: 79061 -- 8800
pairing: 79066 -- 8805
pairing: 79071 -- 8810
pairing: 79076 -- 8815
pairing: 79081 -- 8820
pairing: 79086 -- 8825
pairing: 79091 -- 8830
pairing: 79096 -- 8835
pairing: 79101 -- 8840
pairing: 79106 -- 8845
pairing: 79111 -- 8850
pairing: 79116 -- 8886
pairing: 79151 -- 8887
pairing: 79152 -- 8888
pairing: 79153 -- 8889
pairing: 79154 -- 8890
pairing: 79155 -- 8891
pairing: 79156 -- 8892
pairing: 79157 -- 8893
pairing: 79158 -- 8894
pairing: 79159 -- 8895
pairing: 79160 -- 8896
pairing: 79161 -- 8897
pairing: 79162 -- 8898
pairing: 79163 -- 8899
pairing: 79164 -- 8900
pairing: 79165 -- 8901
pairing: 79166 -- 8902
pairing: 79167 -- 8903
pairing: 79168 -- 8904
pairing: 79169 -- 8905
pairing: 79170 -- 8906
pairing: 79171 -- 8907
pairing: 79172 -- 8908
pairing: 79173 -- 8909
pairing: 79174 -- 8910
pairing: 79175 -- 8911
pairing: 79176 -- 8912
pairing: 79177 -- 8913
pairing: 79178 -- 8914
pairing: 79179 -- 8915
pairing: 79180 -- 8916
pairing: 79181 -- 8917
[STATUS]: waiting for compute-node startup barrier
1 device(s) found
Selected device: ibp86s0
Selected port state: 4, lid: 8, active_mtu: 5
pairing: 79276 -- 79275
pairing: 79279 -- 79284
pairing: 79286 -- 79292
pairing: 79294 -- 79300
pairing: 79303 -- 79308
pairing: 79311 -- 79316
pairing: 79319 -- 79324
pairing: 79327 -- 79332
pairing: 79335 -- 79339
pairing: 79342 -- 79341
pairing: 79345 -- 79343
pairing: 79347 -- 79344
pairing: 79349 -- 79346
pairing: 79351 -- 79348
pairing: 79353 -- 79350
pairing: 79355 -- 79352
pairing: 79357 -- 79354
pairing: 79359 -- 79356
pairing: 79361 -- 79358
pairing: 79363 -- 79360
pairing: 79365 -- 79362
pairing: 79367 -- 79364
pairing: 79369 -- 79366
pairing: 79371 -- 79368
pairing: 79373 -- 79370
pairing: 79375 -- 79372
pairing: 79377 -- 79374
pairing: 79379 -- 79376
pairing: 79382 -- 79378
pairing: 79383 -- 79380
pairing: 79385 -- 79381
pairing: 79388 -- 79386
[STATUS]: storage-owner peer RDMA QPs per peer: 8
[STATUS]: storage-owner peer QP0 reserved for RPC; data RDMA uses QP1..7
allocated ALIGNED MEM (no hugepage) at 133690516570176 with buffer size 67108864
allocated ALIGNED MEM (no hugepage) at 133690476724288 with buffer size 39839040
[STATUS]: storage-owner peer RPC receive slots per peer: 64 (requested=64)
[STATUS]: storage-owner peer RPC concurrent sends per peer: 16
[STATUS]: storage-owner peer RPC send credits: Stage1/graph are split at depth >= 2; responses use a dedicated sync buffer
[STATUS]: storage-owner peer async response capacity: 32768
[STATUS]: storage-owner Stage2 home RPC combining: enabled logical_capacity=18432 aggregate_capacity=4608 byte_budget=33586224
allocated ALIGNED MEM (no hugepage) at 102628574082560 with buffer size 96256
allocated ALIGNED MEM (no hugepage) at 133690743849024 with buffer size 212992
allocated ALIGNED MEM (no hugepage) at 133690743431232 with buffer size 212992
[STATUS]: storage-owner peer reverse-update workers: 2
[STATUS]: storage-owner peer Stage1 workers: 3; Stage2-home workers: 1 (one reserved; shared lanes borrow authoritative work only)
[STATUS]: storage-owner physical control workers: cleanup=1 placement=1 (separate blocking domains)
[STATUS]: storage-owner peer progress threads: cq=1 response_dispatch=1
[STATUS]: storage-owner Stage1 artifact capacity: 67584 (64-way, per shard=1056) cleanup replay per shard=2048 active migration receipts=131072
[STATUS]: storage-owner peer reverse-update tuning: queue_depth=65536 coalesce_max=256
allocated ALIGNED MEM (no hugepage) at 133690735714368 with buffer size 855296
allocated ALIGNED MEM (no hugepage) at 133690731720768 with buffer size 855296
allocated ALIGNED MEM (no hugepage) at 133690730864704 with buffer size 855296
allocated ALIGNED MEM (no hugepage) at 133690727526464 with buffer size 855296
allocated ALIGNED MEM (no hugepage) at 133690726670400 with buffer size 855296
allocated ALIGNED MEM (no hugepage) at 133690723332160 with buffer size 855296
allocated ALIGNED MEM (no hugepage) at 133690722476096 with buffer size 855296
allocated ALIGNED MEM (no hugepage) at 133690719137856 with buffer size 855296
[STATUS]: storage-owner peer scratch: snapshot_slot=192 graph_slot=832 batch=256 lane_peak_rdma_wrs=56 lane_useful_wave_rdma_wrs=56 global_read_window=224 search_lanes_global=32 search_lanes_credit_derived=16 search_lane_lease_cap=32 search_lanes_physical_per_worker=4 ready_context_runtime_epoch=1 bytes_per_lane=213824 bytes_total=6842368
[STATUS]: storage-owner maintenance workers: 8 (configured=8, admission_baseline_workers=2, context_limit=32, semantic_execution_batch=8, work_conserving=true)
[STATUS]: storage-owner stage2 reverse outbox descriptors: 128 aggregates=128 wire_max_ops=3072 (shared per-peer work-conserving aggregation)
[STATUS]: storage-owner maintenance tuning: protocol=centroid-home-two-stage compaction_batch_target=32 packing_policy=deterministic_b8 packing_tail_wait_us=arrival_adaptive_capped_25000 packing_context_limit=8 backlog_limit=65536 admission_credit=bounded_accepted_backlog admission_window=65536 physical_completion_capacity=65536
[STATUS]: storage-owner peer RDMA read credits: per_data_qp=8 data_qps_per_peer=7 per_peer=56 global=224 shared_cq_read_budget=8095 ordered_snapshot_pairs_per_chain=4 (requested_per_data_qp=16)
[STATUS]: storage-owner online insert tuning: construction_beam=128 snapshot_batch=256 protocol=centroid-home-two-stage
[STATUS]: storage-owner stage1=physical-home local search and backlinks; stage2=generation-fenced home expand+score continuation
[STATUS]: storage-owner responses=foreground direct post; completion=repost by service poller
[STATUS]: storage-owner foreground pipeline: coordinators=12 cpu_lanes=3 (assigned_cpus=22, rpc_parallelism=16)
[STATUS]: storage-owner CPU plan: foreground_cpu=3 foreground_coordinators=12 maintenance=8 peer_stage1=4 (split into isolated Stage1/Stage2-home domains) peer_reverse=2 peer_cleanup=1 peer_placement=1 peer_progress=2 foreground_progress=1
[STATUS]: storage-owner insert runtime enabled on shard 1
