============================================================
                        SERVER
============================================================
num clients:                  1
TCP port:                     1236
QP handshake timeout (ms):    10000
IB device:                    <auto>
IB port:                      1
max outstanding CQEs:         64
max send work requests:       4096
max receive work requests:    4096
============================================================
index prefix:                     "/data/xjs/index/dvstor_spacev100m/index/spacev100m_R96_bw128_balanced_pmd32_pq20_schema16"
storage shard:                    "/data/xjs/index/dvstor_spacev100m/index/spacev100m_R96_bw128_balanced_pmd32_pq20_schema16_node3_of5.dat"
storage id:                       2
base vectors:                     100000000
vector ID namespace [0,N):        4294967295
registered memory GiB:            22
====================================================================
1 device(s) found
Selected device: ibp86s0
Selected port state: 4, lid: 8, active_mtu: 5
interleaved policy
num_cores: 112
physical cores per socket: 28
hyperthreading enabled
local process CPU partition: rank 2/5 logical_cpus=22
pairing: 78952 -- 8691
[STATUS]: loaded index metadata from /data/xjs/index/dvstor_spacev100m/index/spacev100m_R96_bw128_balanced_pmd32_pq20_schema16 (layout=plain, vector_data_type=int8)
[STATUS]: storage-owner stage2 candidate width L=128 per shard
allocation size: 23622320128
allocated ALIGNED MEM (no hugepage) at 131828381909056 with buffer size 23622320128
[STATUS]: loading index (19200000128 Bytes) from /data/xjs/index/dvstor_spacev100m/index/spacev100m_R96_bw128_balanced_pmd32_pq20_schema16_node3_of5.dat
[STATUS]: loaded GPU PQ codes (400000000 Bytes) at remote offset 19200004224
[STATUS]: storage-owner idmap loaded entries=20000000 format=owner_sharded_v2_bound immutable_base=true dynamic_shards=256 dynamic_reserved=65536
[STATUS]: compensated physical centroid restored on shard 2: vectors=20000000 entries=4
[STATUS]: register memory and distribute access token
[STATUS]: connect QPs of compute threads
[STATUS]: reserving 64 GPU/bootstrap QPs per compute node
pairing: 78957 -- 8696
pairing: 78962 -- 8701
pairing: 78967 -- 8706
pairing: 78972 -- 8711
pairing: 78977 -- 8716
pairing: 78982 -- 8721
pairing: 78987 -- 8726
pairing: 78992 -- 8731
pairing: 78997 -- 8736
pairing: 79002 -- 8741
pairing: 79007 -- 8746
pairing: 79012 -- 8751
pairing: 79017 -- 8756
pairing: 79022 -- 8761
pairing: 79027 -- 8766
pairing: 79032 -- 8771
pairing: 79037 -- 8776
pairing: 79042 -- 8781
pairing: 79047 -- 8786
pairing: 79052 -- 8791
pairing: 79057 -- 8796
pairing: 79062 -- 8801
pairing: 79067 -- 8806
pairing: 79072 -- 8811
pairing: 79077 -- 8816
pairing: 79082 -- 8821
pairing: 79087 -- 8826
pairing: 79092 -- 8831
pairing: 79097 -- 8836
pairing: 79102 -- 8841
pairing: 79107 -- 8846
pairing: 79112 -- 8851
pairing: 79117 -- 8918
pairing: 79182 -- 8919
pairing: 79183 -- 8920
pairing: 79184 -- 8921
pairing: 79185 -- 8922
pairing: 79186 -- 8923
pairing: 79187 -- 8924
pairing: 79188 -- 8925
pairing: 79189 -- 8926
pairing: 79190 -- 8927
pairing: 79191 -- 8928
pairing: 79192 -- 8929
pairing: 79193 -- 8930
pairing: 79194 -- 8931
pairing: 79195 -- 8932
pairing: 79196 -- 8933
pairing: 79197 -- 8934
pairing: 79198 -- 8935
pairing: 79199 -- 8936
pairing: 79200 -- 8937
pairing: 79201 -- 8938
pairing: 79202 -- 8939
pairing: 79203 -- 8940
pairing: 79204 -- 8941
pairing: 79205 -- 8942
pairing: 79206 -- 8943
pairing: 79207 -- 8944
pairing: 79208 -- 8945
pairing: 79209 -- 8946
pairing: 79210 -- 8947
pairing: 79211 -- 8948
pairing: 79212 -- 8949
[STATUS]: waiting for compute-node startup barrier
1 device(s) found
Selected device: ibp86s0
Selected port state: 4, lid: 8, active_mtu: 5
pairing: 79277 -- 79280
pairing: 79282 -- 79289
pairing: 79291 -- 79296
pairing: 79299 -- 79304
pairing: 79307 -- 79312
pairing: 79315 -- 79320
pairing: 79323 -- 79328
pairing: 79331 -- 79336
pairing: 79339 -- 79335
pairing: 79343 -- 79345
pairing: 79348 -- 79351
pairing: 79354 -- 79357
pairing: 79360 -- 79363
pairing: 79366 -- 79369
pairing: 79372 -- 79375
pairing: 79378 -- 79382
pairing: 79384 -- 79387
pairing: 79389 -- 79390
pairing: 79392 -- 79391
pairing: 79395 -- 79393
pairing: 79396 -- 79394
pairing: 79399 -- 79397
pairing: 79400 -- 79398
pairing: 79402 -- 79401
pairing: 79404 -- 79403
pairing: 79407 -- 79405
pairing: 79408 -- 79406
pairing: 79411 -- 79409
pairing: 79412 -- 79410
pairing: 79414 -- 79413
pairing: 79416 -- 79415
pairing: 79419 -- 79417
[STATUS]: storage-owner peer RDMA QPs per peer: 8
[STATUS]: storage-owner peer QP0 reserved for RPC; data RDMA uses QP1..7
allocated ALIGNED MEM (no hugepage) at 131827314458688 with buffer size 67108864
allocated ALIGNED MEM (no hugepage) at 131827274612800 with buffer size 39839040
[STATUS]: storage-owner peer RPC receive slots per peer: 64 (requested=64)
[STATUS]: storage-owner peer RPC concurrent sends per peer: 16
[STATUS]: storage-owner peer RPC send credits: Stage1/graph are split at depth >= 2; responses use a dedicated sync buffer
[STATUS]: storage-owner peer async response capacity: 32768
[STATUS]: storage-owner Stage2 home RPC combining: enabled logical_capacity=18432 aggregate_capacity=4608 byte_budget=33586224
allocated ALIGNED MEM (no hugepage) at 105339736217088 with buffer size 96256
allocated ALIGNED MEM (no hugepage) at 131827545772096 with buffer size 212992
allocated ALIGNED MEM (no hugepage) at 131827545354304 with buffer size 212992
[STATUS]: storage-owner peer reverse-update workers: 2
[STATUS]: storage-owner peer Stage1 workers: 3; Stage2-home workers: 1 (one reserved; shared lanes borrow authoritative work only)
[STATUS]: storage-owner physical control workers: cleanup=1 placement=1 (separate blocking domains)
[STATUS]: storage-owner peer progress threads: cq=1 response_dispatch=1
[STATUS]: storage-owner Stage1 artifact capacity: 67584 (64-way, per shard=1056) cleanup replay per shard=2048 active migration receipts=131072
[STATUS]: storage-owner peer reverse-update tuning: queue_depth=65536 coalesce_max=256
allocated ALIGNED MEM (no hugepage) at 131827533803584 with buffer size 855296
allocated ALIGNED MEM (no hugepage) at 131827532947520 with buffer size 855296
allocated ALIGNED MEM (no hugepage) at 131827529609280 with buffer size 855296
allocated ALIGNED MEM (no hugepage) at 131827528753216 with buffer size 855296
allocated ALIGNED MEM (no hugepage) at 131827525414976 with buffer size 855296
allocated ALIGNED MEM (no hugepage) at 131827524358208 with buffer size 855296
allocated ALIGNED MEM (no hugepage) at 131827521019968 with buffer size 855296
allocated ALIGNED MEM (no hugepage) at 131827517026368 with buffer size 855296
[STATUS]: storage-owner peer scratch: snapshot_slot=192 graph_slot=832 batch=256 lane_peak_rdma_wrs=56 lane_useful_wave_rdma_wrs=56 global_read_window=224 search_lanes_global=32 search_lanes_credit_derived=16 search_lane_lease_cap=32 search_lanes_physical_per_worker=4 ready_context_runtime_epoch=1 bytes_per_lane=213824 bytes_total=6842368
[STATUS]: storage-owner maintenance workers: 8 (configured=8, admission_baseline_workers=2, context_limit=32, semantic_execution_batch=8, work_conserving=true)
[STATUS]: storage-owner stage2 reverse outbox descriptors: 128 aggregates=128 wire_max_ops=3072 (shared per-peer work-conserving aggregation)
[STATUS]: storage-owner maintenance tuning: protocol=centroid-home-two-stage compaction_batch_target=32 packing_policy=deterministic_b8 packing_tail_wait_us=arrival_adaptive_capped_25000 packing_context_limit=8 backlog_limit=65536 admission_credit=bounded_accepted_backlog admission_window=65536 physical_completion_capacity=65536
[STATUS]: storage-owner peer RDMA read credits: per_data_qp=8 data_qps_per_peer=7 per_peer=56 global=224 shared_cq_read_budget=8095 ordered_snapshot_pairs_per_chain=4 (requested_per_data_qp=16)
[STATUS]: storage-owner online insert tuning: construction_beam=128 snapshot_batch=256 protocol=centroid-home-two-stage
[STATUS]: storage-owner stage1=physical-home local search and backlinks; stage2=generation-fenced home expand+score continuation
[STATUS]: storage-owner responses=foreground direct post; completion=repost by service poller
[STATUS]: storage-owner foreground pipeline: coordinators=12 cpu_lanes=3 (assigned_cpus=22, rpc_parallelism=16)
[STATUS]: storage-owner CPU plan: foreground_cpu=3 foreground_coordinators=12 maintenance=8 peer_stage1=4 (split into isolated Stage1/Stage2-home domains) peer_reverse=2 peer_cleanup=1 peer_placement=1 peer_progress=2 foreground_progress=1
[STATUS]: storage-owner insert runtime enabled on shard 2
