============================================================
                        SERVER
============================================================
num clients:                  1
TCP port:                     1238
QP handshake timeout (ms):    10000
IB device:                    <auto>
IB port:                      1
max outstanding CQEs:         64
max send work requests:       4096
max receive work requests:    4096
============================================================
index prefix:                     "/data/xjs/index/dvstor_spacev100m/index/spacev100m_R96_bw128_balanced_pmd32_pq20_schema16"
storage shard:                    "/data/xjs/index/dvstor_spacev100m/index/spacev100m_R96_bw128_balanced_pmd32_pq20_schema16_node5_of5.dat"
storage id:                       4
base vectors:                     100000000
vector ID namespace [0,N):        4294967295
registered memory GiB:            22
====================================================================
1 device(s) found
Selected device: ibp86s0
Selected port state: 4, lid: 8, active_mtu: 5
interleaved policy
num_cores: 112
physical cores per socket: 28
hyperthreading enabled
local process CPU partition: rank 4/5 logical_cpus=22
pairing: 76044 -- 6743
[STATUS]: loaded index metadata from /data/xjs/index/dvstor_spacev100m/index/spacev100m_R96_bw128_balanced_pmd32_pq20_schema16 (layout=plain, vector_data_type=int8)
[STATUS]: storage-owner stage2 candidate width L=128 per shard
allocation size: 23622320128
allocated ALIGNED MEM (no hugepage) at 123846636077120 with buffer size 23622320128
[STATUS]: loading index (19200000128 Bytes) from /data/xjs/index/dvstor_spacev100m/index/spacev100m_R96_bw128_balanced_pmd32_pq20_schema16_node5_of5.dat
[STATUS]: loaded GPU PQ codes (400000000 Bytes) at remote offset 19200004224
[STATUS]: storage-owner idmap loaded entries=20000000 format=owner_sharded_v2_bound immutable_base=true dynamic_shards=256 dynamic_reserved=65536
[STATUS]: compensated physical centroid restored on shard 4: vectors=20000000 entries=4
[STATUS]: register memory and distribute access token
[STATUS]: connect QPs of compute threads
[STATUS]: reserving 64 GPU/bootstrap QPs per compute node
pairing: 76049 -- 6748
pairing: 76054 -- 6753
pairing: 76059 -- 6758
pairing: 76064 -- 6763
pairing: 76069 -- 6768
pairing: 76074 -- 6773
pairing: 76079 -- 6778
pairing: 76084 -- 6783
pairing: 76089 -- 6788
pairing: 76094 -- 6793
pairing: 76099 -- 6798
pairing: 76104 -- 6803
pairing: 76109 -- 6808
pairing: 76114 -- 6813
pairing: 76119 -- 6818
pairing: 76124 -- 6823
pairing: 76129 -- 6828
pairing: 76134 -- 6833
pairing: 76139 -- 6838
pairing: 76144 -- 6843
pairing: 76149 -- 6848
pairing: 76154 -- 6853
pairing: 76159 -- 6858
pairing: 76164 -- 6863
pairing: 76169 -- 6868
pairing: 76174 -- 6873
pairing: 76179 -- 6878
pairing: 76184 -- 6883
pairing: 76189 -- 6888
pairing: 76194 -- 6893
pairing: 76199 -- 6898
pairing: 76204 -- 6903
pairing: 76209 -- 7032
pairing: 76334 -- 7033
pairing: 76335 -- 7034
pairing: 76336 -- 7035
pairing: 76337 -- 7036
pairing: 76338 -- 7037
pairing: 76339 -- 7038
pairing: 76340 -- 7039
pairing: 76341 -- 7040
pairing: 76342 -- 7041
pairing: 76343 -- 7042
pairing: 76344 -- 7043
pairing: 76345 -- 7044
pairing: 76346 -- 7045
pairing: 76347 -- 7046
pairing: 76348 -- 7047
pairing: 76349 -- 7048
pairing: 76350 -- 7049
pairing: 76351 -- 7050
pairing: 76352 -- 7051
pairing: 76353 -- 7052
pairing: 76354 -- 7053
pairing: 76355 -- 7054
pairing: 76356 -- 7055
pairing: 76357 -- 7056
pairing: 76358 -- 7057
pairing: 76359 -- 7058
pairing: 76360 -- 7059
pairing: 76361 -- 7060
pairing: 76362 -- 7061
pairing: 76363 -- 7062
pairing: 76364 -- 7063
[STATUS]: waiting for compute-node startup barrier
1 device(s) found
Selected device: ibp86s0
Selected port state: 4, lid: 8, active_mtu: 5
pairing: 76371 -- 76377
pairing: 76378 -- 76385
pairing: 76387 -- 76392
pairing: 76395 -- 76400
pairing: 76403 -- 76408
pairing: 76411 -- 76416
pairing: 76419 -- 76424
pairing: 76427 -- 76430
pairing: 76434 -- 76437
pairing: 76440 -- 76443
pairing: 76446 -- 76449
pairing: 76452 -- 76455
pairing: 76458 -- 76462
pairing: 76464 -- 76467
pairing: 76470 -- 76473
pairing: 76475 -- 76477
pairing: 76480 -- 76479
pairing: 76483 -- 76484
pairing: 76487 -- 76488
pairing: 76490 -- 76492
pairing: 76494 -- 76496
pairing: 76498 -- 76501
pairing: 76503 -- 76504
pairing: 76506 -- 76508
pairing: 76510 -- 76509
pairing: 76512 -- 76511
pairing: 76514 -- 76513
pairing: 76516 -- 76515
pairing: 76518 -- 76517
pairing: 76520 -- 76519
pairing: 76522 -- 76521
pairing: 76524 -- 76523
[STATUS]: storage-owner peer RDMA QPs per peer: 8
[STATUS]: storage-owner peer QP0 reserved for RPC; data RDMA uses QP1..7
allocated ALIGNED MEM (no hugepage) at 123845568626752 with buffer size 67108864
allocated ALIGNED MEM (no hugepage) at 123845528780864 with buffer size 39839040
[STATUS]: storage-owner peer RPC receive slots per peer: 64 (requested=64)
[STATUS]: storage-owner peer RPC concurrent sends per peer: 16
[STATUS]: storage-owner peer RPC send credits: Stage1/graph are split at depth >= 2; responses use a dedicated sync buffer
[STATUS]: storage-owner peer async response capacity: 32768
[STATUS]: storage-owner Stage2 home RPC combining: enabled logical_capacity=18432 aggregate_capacity=4608 byte_budget=33586224
allocated ALIGNED MEM (no hugepage) at 104106136618496 with buffer size 96256
allocated ALIGNED MEM (no hugepage) at 123845803810880 with buffer size 212992
allocated ALIGNED MEM (no hugepage) at 123845799510080 with buffer size 212992
[STATUS]: storage-owner peer reverse-update workers: 2
[STATUS]: storage-owner peer Stage1 workers: 3; Stage2-home workers: 1 (one reserved; shared lanes borrow authoritative work only)
[STATUS]: storage-owner physical control workers: cleanup=1 placement=1 (separate blocking domains)
[STATUS]: storage-owner peer progress threads: cq=1 response_dispatch=1
[STATUS]: storage-owner Stage1 artifact capacity: 67584 (64-way, per shard=1056) cleanup replay per shard=2048 active migration receipts=131072
[STATUS]: storage-owner peer reverse-update tuning: queue_depth=65536 coalesce_max=256
allocated ALIGNED MEM (no hugepage) at 123845787971648 with buffer size 855296
allocated ALIGNED MEM (no hugepage) at 123845787115584 with buffer size 855296
allocated ALIGNED MEM (no hugepage) at 123845783777344 with buffer size 855296
allocated ALIGNED MEM (no hugepage) at 123845782921280 with buffer size 855296
allocated ALIGNED MEM (no hugepage) at 123845779583040 with buffer size 855296
allocated ALIGNED MEM (no hugepage) at 123845778526272 with buffer size 855296
allocated ALIGNED MEM (no hugepage) at 123845775188032 with buffer size 855296
allocated ALIGNED MEM (no hugepage) at 123845771194432 with buffer size 855296
[STATUS]: storage-owner peer scratch: snapshot_slot=192 graph_slot=832 batch=256 lane_peak_rdma_wrs=56 lane_useful_wave_rdma_wrs=56 global_read_window=224 search_lanes_global=32 search_lanes_credit_derived=16 search_lane_lease_cap=32 search_lanes_physical_per_worker=4 ready_context_runtime_epoch=1 bytes_per_lane=213824 bytes_total=6842368
[STATUS]: storage-owner maintenance workers: 8 (configured=8, admission_baseline_workers=2, context_limit=32, semantic_execution_batch=8, work_conserving=true)
[STATUS]: storage-owner stage2 reverse outbox descriptors: 128 aggregates=128 wire_max_ops=3072 (shared per-peer work-conserving aggregation)
[STATUS]: storage-owner maintenance tuning: protocol=centroid-home-two-stage compaction_batch_target=32 packing_policy=deterministic_b8 packing_tail_wait_us=arrival_adaptive_capped_25000 packing_context_limit=8 backlog_limit=65536 admission_credit=bounded_accepted_backlog admission_window=65536 physical_completion_capacity=65536
[STATUS]: storage-owner peer RDMA read credits: per_data_qp=8 data_qps_per_peer=7 per_peer=56 global=224 shared_cq_read_budget=8095 ordered_snapshot_pairs_per_chain=4 (requested_per_data_qp=16)
[STATUS]: storage-owner online insert tuning: construction_beam=128 snapshot_batch=256 protocol=centroid-home-two-stage
[STATUS]: storage-owner stage1=physical-home local search and backlinks; stage2=generation-fenced home expand+score continuation
[STATUS]: storage-owner responses=foreground direct post; completion=repost by service poller
[STATUS]: storage-owner foreground pipeline: coordinators=12 cpu_lanes=3 (assigned_cpus=22, rpc_parallelism=16)
[STATUS]: storage-owner CPU plan: foreground_cpu=3 foreground_coordinators=12 maintenance=8 peer_stage1=4 (split into isolated Stage1/Stage2-home domains) peer_reverse=2 peer_cleanup=1 peer_placement=1 peer_progress=2 foreground_progress=1
[STATUS]: storage-owner insert runtime enabled on shard 4
[STATUS]: storage-owner maintenance observation: enqueued=131 stage2_enqueued=131 cleanup_enqueued=0 stage2_tasks_done=114 stage2_finalized_live=114 cleanup_processed=0 stale=0 stage2_completion_ratio=0.870229 live_stage2_completion_ratio=0.870229 avg_stage2_delay_ms=137.145934 p99_stage2_delay_upper_ms=512.000000 p99_stage2_delay_over_30s=false stage2_delay_histogram=0,0,0,0,0,0,7,43,62,2,0,0,0,0,0,0,0,0 max_stage2_delay_ms=258.792494 compaction_batch_target=32 compaction_max_delay_ms=25.000000 stage2_rate_per_sec=22.698168 stage1_search_budget_exhausted=0 stage2_search_budget_exhausted=0 stage2_continuations=127 stage2_remote_frontier_items=750451 avg_stage2_remote_frontier=5909.062992 stage2_remote_expansions=12884 avg_stage2_remote_expansions=101.448819 stage2_scored_candidates=1065723 avg_stage2_scored_candidates=8391.519685 stage2_graph_read_waves=3174 avg_stage2_expansions_per_graph_wave=4.059231 stage2_graph_unique_reads=13375 stage2_graph_prefetch_issued=8888 stage2_graph_prefetch_hits=8431 stage2_graph_prefetch_wasted=378 stage2_graph_prefetch_promotion_ratio=0.957089 stage2_graph_issue_width_current=16 stage2_vector_read_waves=5630 avg_stage2_scores_per_vector_wave=189.293606 stage2_vector_unique_reads=984163 stage2_home_rpc_batches=7011 stage2_home_rpc_items=749910 avg_stage2_home_rpc_batch=106.961917 stage2_home_score_rpc_batches=2903 stage2_home_score_rpc_items=736535 stage2_home_score_rpc_queries=11172 stage2_home_score_rpc_request_bytes=18933328 stage2_home_score_rpc_response_bytes=23685296 avg_stage2_home_score_queries_per_rpc=3.848433 avg_stage2_home_score_rpc_batch=253.715122 stage2_home_scored_neighbors=818055 home_scores_per_expansion=1.090871 stage2_migrations=107 home_match_rate=0.061404 stage2_final_edges=4217 stage2_cross_edges_stage1_home=3606 stage2_cross_edges_final_home=2962 cross_edge_reduction_ratio=0.178591 failed=0 rpc_timeouts=0 reverse_aggregate_batches=0 reverse_aggregate_logical_requests=0 reverse_aggregate_ops=0 avg_reverse_aggregate_logicals=0.000000 avg_reverse_aggregate_ops=0.000000 max_backlog=8 admission_window=65536 completion_outstanding=17 completion_incomplete=17 completed_behind_hole=0 completion_logical_full_failures=0 completion_physical_full_failures=0 pressure_yields=0 stage2_batches=42 avg_stage2_batch_size=3.023810 packing_target_batch=8 packing_admit_queue_avg=3.023810 packing_admit_queue_max=8 packing_batch_1_7=41 packing_batch_8=1 packing_assembly_batches=42 packing_assembly_wait_ms=1041.952611 packing_arrival_interval_us=14136 packing_waited_batches=41 packing_wait_ms=1019.607000 packing_target_flushes=1 packing_deadline_flushes=41 packing_cleanup_flushes=0 stage2_phase_search_attempts=40 stage2_phase_search_task_attempts=114 stage2_phase_search_elapsed_ms=2845.385100 avg_stage2_phase_search_us_per_task=24959.518421 stage2_phase_freeze_prune_attempts=40 stage2_phase_freeze_prune_task_attempts=114 stage2_phase_freeze_prune_elapsed_ms=107.403445 avg_stage2_phase_freeze_prune_us_per_task=942.135482 stage2_phase_reverse_prepare_attempts=40 stage2_phase_reverse_prepare_task_attempts=114 stage2_phase_reverse_prepare_elapsed_ms=386.066821 avg_stage2_phase_reverse_prepare_us_per_task=3386.551061 stage2_phase_placement_authority_attempts=40 stage2_phase_placement_authority_task_attempts=114 stage2_phase_placement_authority_elapsed_ms=77.737186 avg_stage2_phase_placement_authority_us_per_task=681.905140 stage2_phase_completion_handoff_attempts=40 stage2_phase_completion_handoff_task_attempts=114 stage2_phase_completion_handoff_elapsed_ms=0.051545 avg_stage2_phase_completion_handoff_us_per_task=0.452149 stage2_phase_finalize_attempts=40 stage2_phase_finalize_task_attempts=114 stage2_phase_finalize_elapsed_ms=0.166250 avg_stage2_phase_finalize_us_per_task=1.458333 maintenance_worker_idle_waits=12416 maintenance_worker_idle_ms=37324.760054 maintenance_lost_wake_avoided=732 maintenance_targeted_wakes=15085 maintenance_generic_wakes=131 maintenance_broadcast_wakes=0 maintenance_context_slots_scanned=79584 maintenance_ready_notifications=12752 maintenance_ready_stale_notifications=0 maintenance_ready_tickets_drained=10588 maintenance_ready_overflow_scans=0 maintenance_ready_fallback_scans=5103 stage2_search_lane_lease_limit=32 stage2_search_lane_lease_peak=5 stage2_search_lane_lease_blocked=0 maintenance_worker_observed_idle_ratio=0.928951 maintenance_worker_observed_busy_ratio=0.071049 physical_stage1_items=131 physical_stage1_total_ns=673883822 physical_stage1_search_ns=637289694 physical_stage1_prune_ns=24560263 physical_stage1_allocate_write_ns=8477800 physical_stage1_backlink_ns=3133703 physical_stage1_candidates=16765 physical_stage1_remote_frontier_items=776012 physical_stage1_neighbors=4950 peer_stage1_enqueued=218 peer_stage1_processed=218 peer_stage1_items=212 avg_peer_stage1_items=0.972477 peer_stage1_rate_per_sec=42.210628 peer_stage1_max_queue=1 peer_stage1_active_workers=1 peer_stage2_home_enqueued=11149 peer_stage2_home_processed=11148 peer_stage2_home_items=1206557 avg_peer_stage2_home_items=108.230804 peer_stage2_home_max_queue=14 peer_stage2_home_response_queue_drops=0 peer_stage2_home_response_send_wait_ms=73.898147 avg_peer_stage2_home_queue_wait_us=17.299891 avg_peer_stage2_home_execution_us=56.735789 peer_stage1_release_deferred_batches=6 peer_stage1_release_deferred_items=6 peer_stage1_duplicate_retry_responses=0 peer_stage1_admission_retry_responses=0 peer_stage1_retry_response_drops=0 peer_stage1_admission_waiters=0 peer_stage1_admission_waiter_items=0 peer_stage1_admission_owned_items=0 peer_stage1_admission_wake_coverage=0 peer_stage1_admission_parked=0 peer_stage1_admission_woken=0 peer_stage1_admission_reparked=0 peer_stage1_max_admission_waiters=0 peer_stage1_duplicate_coalesced=0 peer_reverse_enqueued=299 peer_reverse_processed=299 peer_reverse_remaining=0 peer_reverse_items_enqueued=5930 peer_reverse_items_processed=5930 peer_reverse_rate_per_sec=1180.702945 peer_reverse_failed=7 peer_reverse_max_queue=4 reclaim_pending=0 reclaim_reused=107 dynamic_high_watermark=19600180864 stage2_remaining=4 cleanup_remaining=0 active_contexts=2 active_context_limit=32 repair_remaining=0 remaining=17
[STATUS]: storage-owner maintenance observation: enqueued=501 stage2_enqueued=501 cleanup_enqueued=0 stage2_tasks_done=492 stage2_finalized_live=492 cleanup_processed=0 stale=0 stage2_completion_ratio=0.982036 live_stage2_completion_ratio=0.982036 avg_stage2_delay_ms=130.555062 p99_stage2_delay_upper_ms=512.000000 p99_stage2_delay_over_30s=false stage2_delay_histogram=0,0,0,0,0,0,48,223,201,20,0,0,0,0,0,0,0,0 max_stage2_delay_ms=336.794422 compaction_batch_target=32 compaction_max_delay_ms=25.000000 stage2_rate_per_sec=49.089841 stage1_search_budget_exhausted=0 stage2_search_budget_exhausted=0 stage2_continuations=497 stage2_remote_frontier_items=2967888 avg_stage2_remote_frontier=5971.605634 stage2_remote_expansions=55451 avg_stage2_remote_expansions=111.571429 stage2_scored_candidates=4437217 avg_stage2_scored_candidates=8928.002012 stage2_graph_read_waves=12403 avg_stage2_expansions_per_graph_wave=4.470773 stage2_graph_unique_reads=57137 stage2_graph_prefetch_issued=39142 stage2_graph_prefetch_hits=37761 stage2_graph_prefetch_wasted=1363 stage2_graph_prefetch_promotion_ratio=0.965162 stage2_graph_issue_width_current=16 stage2_vector_read_waves=23419 avg_stage2_scores_per_vector_wave=189.470814 stage2_vector_unique_reads=4069801 stage2_home_rpc_batches=27945 stage2_home_rpc_items=3022967 avg_stage2_home_rpc_batch=108.175595 stage2_home_score_rpc_batches=11733 stage2_home_score_rpc_items=2965830 stage2_home_score_rpc_queries=46983 stage2_home_score_rpc_request_bytes=76440852 stage2_home_score_rpc_response_bytes=95376576 avg_stage2_home_score_queries_per_rpc=4.004347 avg_stage2_home_score_rpc_batch=252.776783 stage2_home_scored_neighbors=3333082 home_scores_per_expansion=1.102586 stage2_migrations=457 home_match_rate=0.071138 stage2_final_edges=19601 stage2_cross_edges_stage1_home=16696 stage2_cross_edges_final_home=13906 cross_edge_reduction_ratio=0.167106 failed=0 rpc_timeouts=0 reverse_aggregate_batches=0 reverse_aggregate_logical_requests=0 reverse_aggregate_ops=0 avg_reverse_aggregate_logicals=0.000000 avg_reverse_aggregate_ops=0.000000 max_backlog=8 admission_window=65536 completion_outstanding=9 completion_incomplete=9 completed_behind_hole=0 completion_logical_full_failures=0 completion_physical_full_failures=0 pressure_yields=4 stage2_batches=157 avg_stage2_batch_size=3.165605 packing_target_batch=8 packing_admit_queue_avg=3.165605 packing_admit_queue_max=8 packing_batch_1_7=152 packing_batch_8=5 packing_assembly_batches=157 packing_assembly_wait_ms=3907.068875 packing_arrival_interval_us=12031 packing_waited_batches=152 packing_wait_ms=3794.607000 packing_target_flushes=5 packing_deadline_flushes=152 packing_cleanup_flushes=0 stage2_phase_search_attempts=156 stage2_phase_search_task_attempts=494 stage2_phase_search_elapsed_ms=10483.998237 avg_stage2_phase_search_us_per_task=21222.668496 stage2_phase_freeze_prune_attempts=160 stage2_phase_freeze_prune_task_attempts=510 stage2_phase_freeze_prune_elapsed_ms=329.429688 avg_stage2_phase_freeze_prune_us_per_task=645.940565 stage2_phase_reverse_prepare_attempts=156 stage2_phase_reverse_prepare_task_attempts=494 stage2_phase_reverse_prepare_elapsed_ms=1208.674004 avg_stage2_phase_reverse_prepare_us_per_task=2446.708510 stage2_phase_placement_authority_attempts=155 stage2_phase_placement_authority_task_attempts=492 stage2_phase_placement_authority_elapsed_ms=199.483873 avg_stage2_phase_placement_authority_us_per_task=405.455026 stage2_phase_completion_handoff_attempts=155 stage2_phase_completion_handoff_task_attempts=492 stage2_phase_completion_handoff_elapsed_ms=0.207079 avg_stage2_phase_completion_handoff_us_per_task=0.420892 stage2_phase_finalize_attempts=155 stage2_phase_finalize_task_attempts=492 stage2_phase_finalize_elapsed_ms=0.662562 avg_stage2_phase_finalize_us_per_task=1.346671 maintenance_worker_idle_waits=41792 maintenance_worker_idle_ms=72489.656201 maintenance_lost_wake_avoided=3710 maintenance_targeted_wakes=66757 maintenance_generic_wakes=501 maintenance_broadcast_wakes=0 maintenance_context_slots_scanned=223840 maintenance_ready_notifications=52202 maintenance_ready_stale_notifications=0 maintenance_ready_tickets_drained=42820 maintenance_ready_overflow_scans=0 maintenance_ready_fallback_scans=14132 stage2_search_lane_lease_limit=32 stage2_search_lane_lease_peak=6 stage2_search_lane_lease_blocked=0 maintenance_worker_observed_idle_ratio=0.904092 maintenance_worker_observed_busy_ratio=0.095908 physical_stage1_items=501 physical_stage1_total_ns=2419944003 physical_stage1_search_ns=2284340723 physical_stage1_prune_ns=91928788 physical_stage1_allocate_write_ns=30298257 physical_stage1_backlink_ns=11862141 physical_stage1_candidates=64119 physical_stage1_remote_frontier_items=2992068 physical_stage1_neighbors=19586 peer_stage1_enqueued=810 peer_stage1_processed=810 peer_stage1_items=798 avg_peer_stage1_items=0.985185 peer_stage1_rate_per_sec=79.621328 peer_stage1_max_queue=2 peer_stage1_active_workers=0 peer_stage2_home_enqueued=39074 peer_stage2_home_processed=39073 peer_stage2_home_items=4323814 avg_peer_stage2_home_items=110.659893 peer_stage2_home_max_queue=17 peer_stage2_home_response_queue_drops=0 peer_stage2_home_response_send_wait_ms=319.550098 avg_peer_stage2_home_queue_wait_us=16.409694 avg_peer_stage2_home_execution_us=53.160079 peer_stage1_release_deferred_batches=12 peer_stage1_release_deferred_items=12 peer_stage1_duplicate_retry_responses=0 peer_stage1_admission_retry_responses=0 peer_stage1_retry_response_drops=0 peer_stage1_admission_waiters=0 peer_stage1_admission_waiter_items=0 peer_stage1_admission_owned_items=0 peer_stage1_admission_wake_coverage=0 peer_stage1_admission_parked=0 peer_stage1_admission_woken=0 peer_stage1_admission_reparked=0 peer_stage1_max_admission_waiters=0 peer_stage1_duplicate_coalesced=0 peer_reverse_enqueued=1069 peer_reverse_processed=1069 peer_reverse_remaining=0 peer_reverse_items_enqueued=23883 peer_reverse_items_processed=23883 peer_reverse_rate_per_sec=2382.952608 peer_reverse_failed=36 peer_reverse_max_queue=4 reclaim_pending=8 reclaim_reused=449 dynamic_high_watermark=19600594528 stage2_remaining=4 cleanup_remaining=0 active_contexts=2 active_context_limit=32 repair_remaining=0 remaining=9
[STATUS]: storage-owner maintenance observation: enqueued=1049 stage2_enqueued=1049 cleanup_enqueued=0 stage2_tasks_done=1046 stage2_finalized_live=1046 cleanup_processed=0 stale=0 stage2_completion_ratio=0.997140 live_stage2_completion_ratio=0.997140 avg_stage2_delay_ms=130.278557 p99_stage2_delay_upper_ms=512.000000 p99_stage2_delay_over_30s=false stage2_delay_histogram=0,0,0,0,0,0,77,518,415,36,0,0,0,0,0,0,0,0 max_stage2_delay_ms=336.794422 compaction_batch_target=32 compaction_max_delay_ms=25.000000 stage2_rate_per_sec=69.628822 stage1_search_budget_exhausted=0 stage2_search_budget_exhausted=0 stage2_continuations=1049 stage2_remote_frontier_items=6171768 avg_stage2_remote_frontier=5883.477598 stage2_remote_expansions=117418 avg_stage2_remote_expansions=111.933270 stage2_scored_candidates=9271432 avg_stage2_scored_candidates=8838.352717 stage2_graph_read_waves=26996 avg_stage2_expansions_per_graph_wave=4.349459 stage2_graph_unique_reads=120443 stage2_graph_prefetch_issued=82506 stage2_graph_prefetch_hits=79560 stage2_graph_prefetch_wasted=2908 stage2_graph_prefetch_promotion_ratio=0.964738 stage2_graph_issue_width_current=16 stage2_vector_read_waves=54005 avg_stage2_scores_per_vector_wave=171.677289 stage2_vector_unique_reads=8496376 stage2_home_rpc_batches=59267 stage2_home_rpc_items=6295878 avg_stage2_home_rpc_batch=106.229065 stage2_home_score_rpc_batches=24763 stage2_home_score_rpc_items=6175435 stage2_home_score_rpc_queries=104525 stage2_home_score_rpc_request_bytes=159847880 stage2_home_score_rpc_response_bytes=198609096 avg_stage2_home_score_queries_per_rpc=4.221015 avg_stage2_home_score_rpc_batch=249.381537 stage2_home_scored_neighbors=6950205 home_scores_per_expansion=1.103929 stage2_migrations=958 home_match_rate=0.084130 stage2_final_edges=43141 stage2_cross_edges_stage1_home=36674 stage2_cross_edges_final_home=30645 cross_edge_reduction_ratio=0.164394 failed=0 rpc_timeouts=0 reverse_aggregate_batches=0 reverse_aggregate_logical_requests=0 reverse_aggregate_ops=0 avg_reverse_aggregate_logicals=0.000000 avg_reverse_aggregate_ops=0.000000 max_backlog=8 admission_window=65536 completion_outstanding=3 completion_incomplete=3 completed_behind_hole=0 completion_logical_full_failures=0 completion_physical_full_failures=0 pressure_yields=11 stage2_batches=302 avg_stage2_batch_size=3.473510 packing_target_batch=8 packing_admit_queue_avg=3.473510 packing_admit_queue_max=8 packing_batch_1_7=287 packing_batch_8=15 packing_assembly_batches=302 packing_assembly_wait_ms=7494.765815 packing_arrival_interval_us=11473 packing_waited_batches=287 packing_wait_ms=7169.142000 packing_target_flushes=15 packing_deadline_flushes=287 packing_cleanup_flushes=0 stage2_phase_search_attempts=301 stage2_phase_search_task_attempts=1046 stage2_phase_search_elapsed_ms=21332.901698 avg_stage2_phase_search_us_per_task=20394.743497 stage2_phase_freeze_prune_attempts=312 stage2_phase_freeze_prune_task_attempts=1097 stage2_phase_freeze_prune_elapsed_ms=641.538319 avg_stage2_phase_freeze_prune_us_per_task=584.811594 stage2_phase_reverse_prepare_attempts=301 stage2_phase_reverse_prepare_task_attempts=1046 stage2_phase_reverse_prepare_elapsed_ms=2311.628486 avg_stage2_phase_reverse_prepare_us_per_task=2209.969872 stage2_phase_placement_authority_attempts=301 stage2_phase_placement_authority_task_attempts=1046 stage2_phase_placement_authority_elapsed_ms=333.611688 avg_stage2_phase_placement_authority_us_per_task=318.940428 stage2_phase_completion_handoff_attempts=301 stage2_phase_completion_handoff_task_attempts=1046 stage2_phase_completion_handoff_elapsed_ms=0.396742 avg_stage2_phase_completion_handoff_us_per_task=0.379294 stage2_phase_finalize_attempts=301 stage2_phase_finalize_task_attempts=1046 stage2_phase_finalize_elapsed_ms=1.345583 avg_stage2_phase_finalize_us_per_task=1.286408 maintenance_worker_idle_waits=89856 maintenance_worker_idle_ms=105381.671417 maintenance_lost_wake_avoided=8629 maintenance_targeted_wakes=150528 maintenance_generic_wakes=1049 maintenance_broadcast_wakes=0 maintenance_context_slots_scanned=436640 maintenance_ready_notifications=114931 maintenance_ready_stale_notifications=0 maintenance_ready_tickets_drained=95457 maintenance_ready_overflow_scans=0 maintenance_ready_fallback_scans=27431 stage2_search_lane_lease_limit=32 stage2_search_lane_lease_peak=6 stage2_search_lane_lease_blocked=0 maintenance_worker_observed_idle_ratio=0.876864 maintenance_worker_observed_busy_ratio=0.123136 physical_stage1_items=1049 physical_stage1_total_ns=4982981669 physical_stage1_search_ns=4689157477 physical_stage1_prune_ns=200277505 physical_stage1_allocate_write_ns=65429961 physical_stage1_backlink_ns=25024466 physical_stage1_candidates=134244 physical_stage1_remote_frontier_items=6171768 physical_stage1_neighbors=42340 peer_stage1_enqueued=1687 peer_stage1_processed=1687 peer_stage1_items=1660 avg_peer_stage1_items=0.983995 peer_stage1_rate_per_sec=110.500807 peer_stage1_max_queue=2 peer_stage1_active_workers=0 peer_stage2_home_enqueued=65632 peer_stage2_home_processed=65632 peer_stage2_home_items=7214948 avg_peer_stage2_home_items=109.930339 peer_stage2_home_max_queue=17 peer_stage2_home_response_queue_drops=0 peer_stage2_home_response_send_wait_ms=496.125888 avg_peer_stage2_home_queue_wait_us=15.350961 avg_peer_stage2_home_execution_us=51.516189 peer_stage1_release_deferred_batches=28 peer_stage1_release_deferred_items=28 peer_stage1_duplicate_retry_responses=0 peer_stage1_admission_retry_responses=0 peer_stage1_retry_response_drops=0 peer_stage1_admission_waiters=0 peer_stage1_admission_waiter_items=0 peer_stage1_admission_owned_items=0 peer_stage1_admission_wake_coverage=0 peer_stage1_admission_parked=0 peer_stage1_admission_woken=0 peer_stage1_admission_reparked=0 peer_stage1_max_admission_waiters=0 peer_stage1_duplicate_coalesced=0 peer_reverse_enqueued=1756 peer_reverse_processed=1756 peer_reverse_remaining=0 peer_reverse_items_enqueued=42446 peer_reverse_items_processed=42446 peer_reverse_rate_per_sec=2825.492325 peer_reverse_failed=51 peer_reverse_max_queue=4 reclaim_pending=6 reclaim_reused=952 dynamic_high_watermark=19601007200 stage2_remaining=0 cleanup_remaining=0 active_contexts=1 active_context_limit=32 repair_remaining=0 remaining=3
[STATUS]: storage-owner maintenance observation: enqueued=1407 stage2_enqueued=1407 cleanup_enqueued=0 stage2_tasks_done=1401 stage2_finalized_live=1401 cleanup_processed=0 stale=0 stage2_completion_ratio=0.995736 live_stage2_completion_ratio=0.995736 avg_stage2_delay_ms=125.510638 p99_stage2_delay_upper_ms=512.000000 p99_stage2_delay_over_30s=false stage2_delay_histogram=0,0,0,0,0,0,128,710,526,37,0,0,0,0,0,0,0,0 max_stage2_delay_ms=336.794422 compaction_batch_target=32 compaction_max_delay_ms=25.000000 stage2_rate_per_sec=69.968062 stage1_search_budget_exhausted=0 stage2_search_budget_exhausted=0 stage2_continuations=1407 stage2_remote_frontier_items=8159281 avg_stage2_remote_frontier=5799.062544 stage2_remote_expansions=157276 avg_stage2_remote_expansions=111.781095 stage2_scored_candidates=12235600 avg_stage2_scored_candidates=8696.233120 stage2_graph_read_waves=37031 avg_stage2_expansions_per_graph_wave=4.247144 stage2_graph_unique_reads=161085 stage2_graph_prefetch_issued=110504 stage2_graph_prefetch_hits=106695 stage2_graph_prefetch_wasted=3809 stage2_graph_prefetch_promotion_ratio=0.965531 stage2_graph_issue_width_current=16 stage2_vector_read_waves=77790 avg_stage2_scores_per_vector_wave=157.290140 stage2_vector_unique_reads=11211339 stage2_home_rpc_batches=79307 stage2_home_rpc_items=8299211 avg_stage2_home_rpc_batch=104.646639 stage2_home_score_rpc_batches=32892 stage2_home_score_rpc_items=8138126 stage2_home_score_rpc_queries=135880 stage2_home_score_rpc_request_bytes=210474924 stage2_home_score_rpc_response_bytes=261744264 avg_stage2_home_score_queries_per_rpc=4.131096 avg_stage2_home_score_rpc_batch=247.419616 stage2_home_scored_neighbors=9161923 home_scores_per_expansion=1.103951 stage2_migrations=1264 home_match_rate=0.097787 stage2_final_edges=57734 stage2_cross_edges_stage1_home=48989 stage2_cross_edges_final_home=41076 cross_edge_reduction_ratio=0.161526 failed=0 rpc_timeouts=0 reverse_aggregate_batches=0 reverse_aggregate_logical_requests=0 reverse_aggregate_ops=0 avg_reverse_aggregate_logicals=0.000000 avg_reverse_aggregate_ops=0.000000 max_backlog=8 admission_window=65536 completion_outstanding=6 completion_incomplete=6 completed_behind_hole=0 completion_logical_full_failures=0 completion_physical_full_failures=0 pressure_yields=12 stage2_batches=415 avg_stage2_batch_size=3.390361 packing_target_batch=8 packing_admit_queue_avg=3.390361 packing_admit_queue_max=8 packing_batch_1_7=395 packing_batch_8=20 packing_assembly_batches=415 packing_assembly_wait_ms=10305.288601 packing_arrival_interval_us=14364 packing_waited_batches=395 packing_wait_ms=9869.142000 packing_target_flushes=20 packing_deadline_flushes=395 packing_cleanup_flushes=0 stage2_phase_search_attempts=414 stage2_phase_search_task_attempts=1403 stage2_phase_search_elapsed_ms=27703.023274 avg_stage2_phase_search_us_per_task=19745.561849 stage2_phase_freeze_prune_attempts=425 stage2_phase_freeze_prune_task_attempts=1455 stage2_phase_freeze_prune_elapsed_ms=814.036380 avg_stage2_phase_freeze_prune_us_per_task=559.475175 stage2_phase_reverse_prepare_attempts=413 stage2_phase_reverse_prepare_task_attempts=1401 stage2_phase_reverse_prepare_elapsed_ms=2953.024692 avg_stage2_phase_reverse_prepare_us_per_task=2107.797782 stage2_phase_placement_authority_attempts=413 stage2_phase_placement_authority_task_attempts=1401 stage2_phase_placement_authority_elapsed_ms=442.927660 avg_stage2_phase_placement_authority_us_per_task=316.151078 stage2_phase_completion_handoff_attempts=413 stage2_phase_completion_handoff_task_attempts=1401 stage2_phase_completion_handoff_elapsed_ms=0.539858 avg_stage2_phase_completion_handoff_us_per_task=0.385338 stage2_phase_finalize_attempts=413 stage2_phase_finalize_task_attempts=1401 stage2_phase_finalize_elapsed_ms=1.791682 avg_stage2_phase_finalize_us_per_task=1.278859 maintenance_worker_idle_waits=125504 maintenance_worker_idle_ms=141443.923965 maintenance_lost_wake_avoided=11010 maintenance_targeted_wakes=203360 maintenance_generic_wakes=1407 maintenance_broadcast_wakes=0 maintenance_context_slots_scanned=566144 maintenance_ready_notifications=159481 maintenance_ready_stale_notifications=0 maintenance_ready_tickets_drained=133925 maintenance_ready_overflow_scans=0 maintenance_ready_fallback_scans=35527 stage2_search_lane_lease_limit=32 stage2_search_lane_lease_peak=6 stage2_search_lane_lease_blocked=0 maintenance_worker_observed_idle_ratio=0.882990 maintenance_worker_observed_busy_ratio=0.117010 physical_stage1_items=1407 physical_stage1_total_ns=6559071659 physical_stage1_search_ns=6171206440 physical_stage1_prune_ns=264548119 physical_stage1_allocate_write_ns=86488367 physical_stage1_backlink_ns=32651521 physical_stage1_candidates=180057 physical_stage1_remote_frontier_items=8159281 physical_stage1_neighbors=56482 peer_stage1_enqueued=2267 peer_stage1_processed=2267 peer_stage1_items=2228 avg_peer_stage1_items=0.982797 peer_stage1_rate_per_sec=111.269695 peer_stage1_max_queue=2 peer_stage1_active_workers=0 peer_stage2_home_enqueued=93988 peer_stage2_home_processed=93988 peer_stage2_home_items=10229410 avg_peer_stage2_home_items=108.837405 peer_stage2_home_max_queue=17 peer_stage2_home_response_queue_drops=0 peer_stage2_home_response_send_wait_ms=671.832094 avg_peer_stage2_home_queue_wait_us=14.499258 avg_peer_stage2_home_execution_us=50.129555 peer_stage1_release_deferred_batches=41 peer_stage1_release_deferred_items=41 peer_stage1_duplicate_retry_responses=0 peer_stage1_admission_retry_responses=0 peer_stage1_retry_response_drops=0 peer_stage1_admission_waiters=0 peer_stage1_admission_waiter_items=0 peer_stage1_admission_owned_items=0 peer_stage1_admission_wake_coverage=0 peer_stage1_admission_parked=0 peer_stage1_admission_woken=0 peer_stage1_admission_reparked=0 peer_stage1_max_admission_waiters=0 peer_stage1_duplicate_coalesced=0 peer_reverse_enqueued=2538 peer_reverse_processed=2536 peer_reverse_remaining=2 peer_reverse_items_enqueued=62272 peer_reverse_items_processed=62175 peer_reverse_rate_per_sec=3105.113692 peer_reverse_failed=69 peer_reverse_max_queue=4 reclaim_pending=0 reclaim_reused=1264 dynamic_high_watermark=19601482368 stage2_remaining=0 cleanup_remaining=0 active_contexts=2 active_context_limit=32 repair_remaining=0 remaining=6
[STATUS]: storage-owner maintenance observation: enqueued=1655 stage2_enqueued=1655 cleanup_enqueued=0 stage2_tasks_done=1653 stage2_finalized_live=1653 cleanup_processed=0 stale=0 stage2_completion_ratio=0.998792 live_stage2_completion_ratio=0.998792 avg_stage2_delay_ms=120.046616 p99_stage2_delay_upper_ms=512.000000 p99_stage2_delay_over_30s=false stage2_delay_histogram=0,0,0,0,0,0,198,848,570,37,0,0,0,0,0,0,0,0 max_stage2_delay_ms=336.794422 compaction_batch_target=32 compaction_max_delay_ms=25.000000 stage2_rate_per_sec=66.058048 stage1_search_budget_exhausted=0 stage2_search_budget_exhausted=0 stage2_continuations=1655 stage2_remote_frontier_items=9481910 avg_stage2_remote_frontier=5729.250755 stage2_remote_expansions=185283 avg_stage2_remote_expansions=111.953474 stage2_scored_candidates=14270261 avg_stage2_scored_candidates=8622.514199 stage2_graph_read_waves=44679 avg_stage2_expansions_per_graph_wave=4.146982 stage2_graph_unique_reads=189919 stage2_graph_prefetch_issued=129963 stage2_graph_prefetch_hits=125477 stage2_graph_prefetch_wasted=4467 stage2_graph_prefetch_promotion_ratio=0.965624 stage2_graph_issue_width_current=16 stage2_vector_read_waves=96220 avg_stage2_scores_per_vector_wave=148.308678 stage2_vector_unique_reads=13072470 stage2_home_rpc_batches=93725 stage2_home_rpc_items=9667031 avg_stage2_home_rpc_batch=103.142502 stage2_home_score_rpc_batches=38477 stage2_home_score_rpc_items=9477112 stage2_home_score_rpc_queries=153643 stage2_home_score_rpc_request_bytes=244652560 stage2_home_score_rpc_response_bytes=304818056 avg_stage2_home_score_queries_per_rpc=3.993113 avg_stage2_home_score_rpc_batch=246.305897 stage2_home_scored_neighbors=10674380 home_scores_per_expansion=1.104205 stage2_migrations=1500 home_match_rate=0.092559 stage2_final_edges=68242 stage2_cross_edges_stage1_home=57938 stage2_cross_edges_final_home=48534 cross_edge_reduction_ratio=0.162311 failed=0 rpc_timeouts=0 reverse_aggregate_batches=0 reverse_aggregate_logical_requests=0 reverse_aggregate_ops=0 avg_reverse_aggregate_logicals=0.000000 avg_reverse_aggregate_ops=0.000000 max_backlog=8 admission_window=65536 completion_outstanding=2 completion_incomplete=2 completed_behind_hole=0 completion_logical_full_failures=0 completion_physical_full_failures=0 pressure_yields=14 stage2_batches=512 avg_stage2_batch_size=3.232422 packing_target_batch=8 packing_admit_queue_avg=3.232422 packing_admit_queue_max=8 packing_batch_1_7=492 packing_batch_8=20 packing_assembly_batches=512 packing_assembly_wait_ms=12735.371775 packing_arrival_interval_us=21682 packing_waited_batches=492 packing_wait_ms=12294.142000 packing_target_flushes=20 packing_deadline_flushes=492 packing_cleanup_flushes=0 stage2_phase_search_attempts=511 stage2_phase_search_task_attempts=1653 stage2_phase_search_elapsed_ms=31444.435720 avg_stage2_phase_search_us_per_task=19022.647139 stage2_phase_freeze_prune_attempts=525 stage2_phase_freeze_prune_task_attempts=1716 stage2_phase_freeze_prune_elapsed_ms=970.583673 avg_stage2_phase_freeze_prune_us_per_task=565.608201 stage2_phase_reverse_prepare_attempts=511 stage2_phase_reverse_prepare_task_attempts=1653 stage2_phase_reverse_prepare_elapsed_ms=3481.322689 avg_stage2_phase_reverse_prepare_us_per_task=2106.063333 stage2_phase_placement_authority_attempts=511 stage2_phase_placement_authority_task_attempts=1653 stage2_phase_placement_authority_elapsed_ms=498.696686 avg_stage2_phase_placement_authority_us_per_task=301.691885 stage2_phase_completion_handoff_attempts=511 stage2_phase_completion_handoff_task_attempts=1653 stage2_phase_completion_handoff_elapsed_ms=0.651644 avg_stage2_phase_completion_handoff_us_per_task=0.394219 stage2_phase_finalize_attempts=511 stage2_phase_finalize_task_attempts=1653 stage2_phase_finalize_elapsed_ms=2.129026 avg_stage2_phase_finalize_us_per_task=1.287977 maintenance_worker_idle_waits=156288 maintenance_worker_idle_ms=178806.985651 maintenance_lost_wake_avoided=12643 maintenance_targeted_wakes=240311 maintenance_generic_wakes=1655 maintenance_broadcast_wakes=0 maintenance_context_slots_scanned=668992 maintenance_ready_notifications=192992 maintenance_ready_stale_notifications=0 maintenance_ready_tickets_drained=163262 maintenance_ready_overflow_scans=0 maintenance_ready_fallback_scans=41961 stage2_search_lane_lease_limit=32 stage2_search_lane_lease_peak=6 stage2_search_lane_lease_blocked=0 maintenance_worker_observed_idle_ratio=0.893197 maintenance_worker_observed_busy_ratio=0.106803 physical_stage1_items=1655 physical_stage1_total_ns=7604080299 physical_stage1_search_ns=7150632295 physical_stage1_prune_ns=309705624 physical_stage1_allocate_write_ns=100967688 physical_stage1_backlink_ns=37823512 physical_stage1_candidates=211786 physical_stage1_remote_frontier_items=9481910 physical_stage1_neighbors=66519 peer_stage1_enqueued=2659 peer_stage1_processed=2659 peer_stage1_items=2612 avg_peer_stage1_items=0.982324 peer_stage1_rate_per_sec=104.382106 peer_stage1_max_queue=3 peer_stage1_active_workers=0 peer_stage2_home_enqueued=122729 peer_stage2_home_processed=122729 peer_stage2_home_items=13251688 avg_peer_stage2_home_items=107.975197 peer_stage2_home_max_queue=17 peer_stage2_home_response_queue_drops=0 peer_stage2_home_response_send_wait_ms=842.562225 avg_peer_stage2_home_queue_wait_us=14.002067 avg_peer_stage2_home_execution_us=49.176252 peer_stage1_release_deferred_batches=49 peer_stage1_release_deferred_items=49 peer_stage1_duplicate_retry_responses=0 peer_stage1_admission_retry_responses=0 peer_stage1_retry_response_drops=0 peer_stage1_admission_waiters=0 peer_stage1_admission_waiter_items=0 peer_stage1_admission_owned_items=0 peer_stage1_admission_wake_coverage=0 peer_stage1_admission_parked=0 peer_stage1_admission_woken=0 peer_stage1_admission_reparked=0 peer_stage1_max_admission_waiters=0 peer_stage1_duplicate_coalesced=0 peer_reverse_enqueued=3311 peer_reverse_processed=3310 peer_reverse_remaining=1 peer_reverse_items_enqueued=80999 peer_reverse_items_processed=80955 peer_reverse_rate_per_sec=3235.165925 peer_reverse_failed=74 peer_reverse_max_queue=4 reclaim_pending=0 reclaim_reused=1500 dynamic_high_watermark=19601929760 stage2_remaining=0 cleanup_remaining=0 active_contexts=1 active_context_limit=32 repair_remaining=0 remaining=2
[STATUS]: storage-owner maintenance observation: enqueued=1767 stage2_enqueued=1767 cleanup_enqueued=0 stage2_tasks_done=1767 stage2_finalized_live=1767 cleanup_processed=0 stale=0 stage2_completion_ratio=1.000000 live_stage2_completion_ratio=1.000000 avg_stage2_delay_ms=117.327027 p99_stage2_delay_upper_ms=512.000000 p99_stage2_delay_over_30s=false stage2_delay_histogram=0,0,0,0,0,0,243,911,576,37,0,0,0,0,0,0,0,0 max_stage2_delay_ms=336.794422 compaction_batch_target=32 compaction_max_delay_ms=25.000000 stage2_rate_per_sec=58.850160 stage1_search_budget_exhausted=0 stage2_search_budget_exhausted=0 stage2_continuations=1767 stage2_remote_frontier_items=10082933 avg_stage2_remote_frontier=5706.243916 stage2_remote_expansions=198078 avg_stage2_remote_expansions=112.098472 stage2_scored_candidates=15182438 avg_stage2_scored_candidates=8592.211658 stage2_graph_read_waves=48661 avg_stage2_expansions_per_graph_wave=4.070570 stage2_graph_unique_reads=202877 stage2_graph_prefetch_issued=138454 stage2_graph_prefetch_hits=133655 stage2_graph_prefetch_wasted=4799 stage2_graph_prefetch_promotion_ratio=0.965339 stage2_graph_issue_width_current=16 stage2_vector_read_waves=106199 avg_stage2_scores_per_vector_wave=142.962156 stage2_vector_unique_reads=13906486 stage2_home_rpc_batches=100587 stage2_home_rpc_items=10276043 avg_stage2_home_rpc_batch=102.160746 stage2_home_score_rpc_batches=41005 stage2_home_score_rpc_items=10073166 stage2_home_score_rpc_queries=159595 stage2_home_score_rpc_request_bytes=259673016 stage2_home_score_rpc_response_bytes=323994464 avg_stage2_home_score_queries_per_rpc=3.892086 avg_stage2_home_score_rpc_batch=245.657017 stage2_home_scored_neighbors=11348580 home_scores_per_expansion=1.104373 stage2_migrations=1605 home_match_rate=0.091681 stage2_final_edges=72942 stage2_cross_edges_stage1_home=61923 stage2_cross_edges_final_home=51886 cross_edge_reduction_ratio=0.162088 failed=0 rpc_timeouts=0 reverse_aggregate_batches=0 reverse_aggregate_logical_requests=0 reverse_aggregate_ops=0 avg_reverse_aggregate_logicals=0.000000 avg_reverse_aggregate_ops=0.000000 max_backlog=8 admission_window=65536 completion_outstanding=0 completion_incomplete=0 completed_behind_hole=0 completion_logical_full_failures=0 completion_physical_full_failures=0 pressure_yields=21 stage2_batches=568 avg_stage2_batch_size=3.110915 packing_target_batch=8 packing_admit_queue_avg=3.110915 packing_admit_queue_max=8 packing_batch_1_7=548 packing_batch_8=20 packing_assembly_batches=568 packing_assembly_wait_ms=14138.277052 packing_arrival_interval_us=16939 packing_waited_batches=548 packing_wait_ms=13694.142000 packing_target_flushes=20 packing_deadline_flushes=548 packing_cleanup_flushes=0 stage2_phase_search_attempts=568 stage2_phase_search_task_attempts=1767 stage2_phase_search_elapsed_ms=33200.353401 avg_stage2_phase_search_us_per_task=18789.107754 stage2_phase_freeze_prune_attempts=589 stage2_phase_freeze_prune_task_attempts=1841 stage2_phase_freeze_prune_elapsed_ms=1031.337879 avg_stage2_phase_freeze_prune_us_per_task=560.205257 stage2_phase_reverse_prepare_attempts=568 stage2_phase_reverse_prepare_task_attempts=1767 stage2_phase_reverse_prepare_elapsed_ms=3769.176372 avg_stage2_phase_reverse_prepare_us_per_task=2133.093589 stage2_phase_placement_authority_attempts=568 stage2_phase_placement_authority_task_attempts=1767 stage2_phase_placement_authority_elapsed_ms=532.601837 avg_stage2_phase_placement_authority_us_per_task=301.415867 stage2_phase_completion_handoff_attempts=568 stage2_phase_completion_handoff_task_attempts=1767 stage2_phase_completion_handoff_elapsed_ms=0.718481 avg_stage2_phase_completion_handoff_us_per_task=0.406611 stage2_phase_finalize_attempts=568 stage2_phase_finalize_task_attempts=1767 stage2_phase_finalize_elapsed_ms=2.306672 avg_stage2_phase_finalize_us_per_task=1.305417 maintenance_worker_idle_waits=174272 maintenance_worker_idle_ms=217002.634353 maintenance_lost_wake_avoided=13259 maintenance_targeted_wakes=258409 maintenance_generic_wakes=1767 maintenance_broadcast_wakes=0 maintenance_context_slots_scanned=743536 maintenance_ready_notifications=210348 maintenance_ready_stale_notifications=0 maintenance_ready_tickets_drained=178676 maintenance_ready_overflow_scans=0 maintenance_ready_fallback_scans=46685 stage2_search_lane_lease_limit=32 stage2_search_lane_lease_peak=6 stage2_search_lane_lease_blocked=0 maintenance_worker_observed_idle_ratio=0.903413 maintenance_worker_observed_busy_ratio=0.096587 physical_stage1_items=1767 physical_stage1_total_ns=8065853954 physical_stage1_search_ns=7583704284 physical_stage1_prune_ns=329859575 physical_stage1_allocate_write_ns=107166988 physical_stage1_backlink_ns=39854816 physical_stage1_candidates=226121 physical_stage1_remote_frontier_items=10082933 physical_stage1_neighbors=71132 peer_stage1_enqueued=2833 peer_stage1_processed=2833 peer_stage1_items=2786 avg_peer_stage1_items=0.983410 peer_stage1_rate_per_sec=92.788085 peer_stage1_max_queue=3 peer_stage1_active_workers=0 peer_stage2_home_enqueued=143409 peer_stage2_home_processed=143409 peer_stage2_home_items=15372882 avg_peer_stage2_home_items=107.196076 peer_stage2_home_max_queue=17 peer_stage2_home_response_queue_drops=0 peer_stage2_home_response_send_wait_ms=963.444222 avg_peer_stage2_home_queue_wait_us=13.730767 avg_peer_stage2_home_execution_us=48.565573 peer_stage1_release_deferred_batches=49 peer_stage1_release_deferred_items=49 peer_stage1_duplicate_retry_responses=0 peer_stage1_admission_retry_responses=0 peer_stage1_retry_response_drops=0 peer_stage1_admission_waiters=0 peer_stage1_admission_waiter_items=0 peer_stage1_admission_owned_items=0 peer_stage1_admission_wake_coverage=0 peer_stage1_admission_parked=0 peer_stage1_admission_woken=0 peer_stage1_admission_reparked=0 peer_stage1_max_admission_waiters=0 peer_stage1_duplicate_coalesced=0 peer_reverse_enqueued=3889 peer_reverse_processed=3889 peer_reverse_remaining=0 peer_reverse_items_enqueued=95531 peer_reverse_items_processed=95531 peer_reverse_rate_per_sec=3181.672143 peer_reverse_failed=91 peer_reverse_max_queue=4 reclaim_pending=0 reclaim_reused=1605 dynamic_high_watermark=19602241248 stage2_remaining=0 cleanup_remaining=0 active_contexts=0 active_context_limit=32 repair_remaining=0 remaining=0
[STATUS]: storage-owner maintenance observation: enqueued=1767 stage2_enqueued=1767 cleanup_enqueued=0 stage2_tasks_done=1767 stage2_finalized_live=1767 cleanup_processed=0 stale=0 stage2_completion_ratio=1.000000 live_stage2_completion_ratio=1.000000 avg_stage2_delay_ms=117.327027 p99_stage2_delay_upper_ms=512.000000 p99_stage2_delay_over_30s=false stage2_delay_histogram=0,0,0,0,0,0,243,911,576,37,0,0,0,0,0,0,0,0 max_stage2_delay_ms=336.794422 compaction_batch_target=32 compaction_max_delay_ms=25.000000 stage2_rate_per_sec=50.442512 stage1_search_budget_exhausted=0 stage2_search_budget_exhausted=0 stage2_continuations=1767 stage2_remote_frontier_items=10082933 avg_stage2_remote_frontier=5706.243916 stage2_remote_expansions=198078 avg_stage2_remote_expansions=112.098472 stage2_scored_candidates=15182438 avg_stage2_scored_candidates=8592.211658 stage2_graph_read_waves=48661 avg_stage2_expansions_per_graph_wave=4.070570 stage2_graph_unique_reads=202877 stage2_graph_prefetch_issued=138454 stage2_graph_prefetch_hits=133655 stage2_graph_prefetch_wasted=4799 stage2_graph_prefetch_promotion_ratio=0.965339 stage2_graph_issue_width_current=16 stage2_vector_read_waves=106199 avg_stage2_scores_per_vector_wave=142.962156 stage2_vector_unique_reads=13906486 stage2_home_rpc_batches=100587 stage2_home_rpc_items=10276043 avg_stage2_home_rpc_batch=102.160746 stage2_home_score_rpc_batches=41005 stage2_home_score_rpc_items=10073166 stage2_home_score_rpc_queries=159595 stage2_home_score_rpc_request_bytes=259673016 stage2_home_score_rpc_response_bytes=323994464 avg_stage2_home_score_queries_per_rpc=3.892086 avg_stage2_home_score_rpc_batch=245.657017 stage2_home_scored_neighbors=11348580 home_scores_per_expansion=1.104373 stage2_migrations=1605 home_match_rate=0.091681 stage2_final_edges=72942 stage2_cross_edges_stage1_home=61923 stage2_cross_edges_final_home=51886 cross_edge_reduction_ratio=0.162088 failed=0 rpc_timeouts=0 reverse_aggregate_batches=0 reverse_aggregate_logical_requests=0 reverse_aggregate_ops=0 avg_reverse_aggregate_logicals=0.000000 avg_reverse_aggregate_ops=0.000000 max_backlog=8 admission_window=65536 completion_outstanding=0 completion_incomplete=0 completed_behind_hole=0 completion_logical_full_failures=0 completion_physical_full_failures=0 pressure_yields=21 stage2_batches=568 avg_stage2_batch_size=3.110915 packing_target_batch=8 packing_admit_queue_avg=3.110915 packing_admit_queue_max=8 packing_batch_1_7=548 packing_batch_8=20 packing_assembly_batches=568 packing_assembly_wait_ms=14138.277052 packing_arrival_interval_us=16939 packing_waited_batches=548 packing_wait_ms=13694.142000 packing_target_flushes=20 packing_deadline_flushes=548 packing_cleanup_flushes=0 stage2_phase_search_attempts=568 stage2_phase_search_task_attempts=1767 stage2_phase_search_elapsed_ms=33200.353401 avg_stage2_phase_search_us_per_task=18789.107754 stage2_phase_freeze_prune_attempts=589 stage2_phase_freeze_prune_task_attempts=1841 stage2_phase_freeze_prune_elapsed_ms=1031.337879 avg_stage2_phase_freeze_prune_us_per_task=560.205257 stage2_phase_reverse_prepare_attempts=568 stage2_phase_reverse_prepare_task_attempts=1767 stage2_phase_reverse_prepare_elapsed_ms=3769.176372 avg_stage2_phase_reverse_prepare_us_per_task=2133.093589 stage2_phase_placement_authority_attempts=568 stage2_phase_placement_authority_task_attempts=1767 stage2_phase_placement_authority_elapsed_ms=532.601837 avg_stage2_phase_placement_authority_us_per_task=301.415867 stage2_phase_completion_handoff_attempts=568 stage2_phase_completion_handoff_task_attempts=1767 stage2_phase_completion_handoff_elapsed_ms=0.718481 avg_stage2_phase_completion_handoff_us_per_task=0.406611 stage2_phase_finalize_attempts=568 stage2_phase_finalize_task_attempts=1767 stage2_phase_finalize_elapsed_ms=2.306672 avg_stage2_phase_finalize_us_per_task=1.305417 maintenance_worker_idle_waits=178240 maintenance_worker_idle_ms=256919.687272 maintenance_lost_wake_avoided=13259 maintenance_targeted_wakes=258409 maintenance_generic_wakes=1767 maintenance_broadcast_wakes=0 maintenance_context_slots_scanned=807024 maintenance_ready_notifications=210348 maintenance_ready_stale_notifications=0 maintenance_ready_tickets_drained=178676 maintenance_ready_overflow_scans=0 maintenance_ready_fallback_scans=50662 stage2_search_lane_lease_limit=32 stage2_search_lane_lease_peak=6 stage2_search_lane_lease_blocked=0 maintenance_worker_observed_idle_ratio=0.916785 maintenance_worker_observed_busy_ratio=0.083215 physical_stage1_items=1767 physical_stage1_total_ns=8065853954 physical_stage1_search_ns=7583704284 physical_stage1_prune_ns=329859575 physical_stage1_allocate_write_ns=107166988 physical_stage1_backlink_ns=39854816 physical_stage1_candidates=226121 physical_stage1_remote_frontier_items=10082933 physical_stage1_neighbors=71132 peer_stage1_enqueued=2833 peer_stage1_processed=2833 peer_stage1_items=2786 avg_peer_stage1_items=0.983410 peer_stage1_rate_per_sec=79.531883 peer_stage1_max_queue=3 peer_stage1_active_workers=0 peer_stage2_home_enqueued=143409 peer_stage2_home_processed=143409 peer_stage2_home_items=15372882 avg_peer_stage2_home_items=107.196076 peer_stage2_home_max_queue=17 peer_stage2_home_response_queue_drops=0 peer_stage2_home_response_send_wait_ms=963.444222 avg_peer_stage2_home_queue_wait_us=13.730767 avg_peer_stage2_home_execution_us=48.565573 peer_stage1_release_deferred_batches=49 peer_stage1_release_deferred_items=49 peer_stage1_duplicate_retry_responses=0 peer_stage1_admission_retry_responses=0 peer_stage1_retry_response_drops=0 peer_stage1_admission_waiters=0 peer_stage1_admission_waiter_items=0 peer_stage1_admission_owned_items=0 peer_stage1_admission_wake_coverage=0 peer_stage1_admission_parked=0 peer_stage1_admission_woken=0 peer_stage1_admission_reparked=0 peer_stage1_max_admission_waiters=0 peer_stage1_duplicate_coalesced=0 peer_reverse_enqueued=3889 peer_reverse_processed=3889 peer_reverse_remaining=0 peer_reverse_items_enqueued=95531 peer_reverse_items_processed=95531 peer_reverse_rate_per_sec=2727.121434 peer_reverse_failed=91 peer_reverse_max_queue=4 reclaim_pending=0 reclaim_reused=1605 dynamic_high_watermark=19602241248 stage2_remaining=0 cleanup_remaining=0 active_contexts=0 active_context_limit=32 repair_remaining=0 remaining=0
[STATUS]: storage-owner maintenance observation: enqueued=1767 stage2_enqueued=1767 cleanup_enqueued=0 stage2_tasks_done=1767 stage2_finalized_live=1767 cleanup_processed=0 stale=0 stage2_completion_ratio=1.000000 live_stage2_completion_ratio=1.000000 avg_stage2_delay_ms=117.327027 p99_stage2_delay_upper_ms=512.000000 p99_stage2_delay_over_30s=false stage2_delay_histogram=0,0,0,0,0,0,243,911,576,37,0,0,0,0,0,0,0,0 max_stage2_delay_ms=336.794422 compaction_batch_target=32 compaction_max_delay_ms=25.000000 stage2_rate_per_sec=44.139759 stage1_search_budget_exhausted=0 stage2_search_budget_exhausted=0 stage2_continuations=1767 stage2_remote_frontier_items=10082933 avg_stage2_remote_frontier=5706.243916 stage2_remote_expansions=198078 avg_stage2_remote_expansions=112.098472 stage2_scored_candidates=15182438 avg_stage2_scored_candidates=8592.211658 stage2_graph_read_waves=48661 avg_stage2_expansions_per_graph_wave=4.070570 stage2_graph_unique_reads=202877 stage2_graph_prefetch_issued=138454 stage2_graph_prefetch_hits=133655 stage2_graph_prefetch_wasted=4799 stage2_graph_prefetch_promotion_ratio=0.965339 stage2_graph_issue_width_current=16 stage2_vector_read_waves=106199 avg_stage2_scores_per_vector_wave=142.962156 stage2_vector_unique_reads=13906486 stage2_home_rpc_batches=100587 stage2_home_rpc_items=10276043 avg_stage2_home_rpc_batch=102.160746 stage2_home_score_rpc_batches=41005 stage2_home_score_rpc_items=10073166 stage2_home_score_rpc_queries=159595 stage2_home_score_rpc_request_bytes=259673016 stage2_home_score_rpc_response_bytes=323994464 avg_stage2_home_score_queries_per_rpc=3.892086 avg_stage2_home_score_rpc_batch=245.657017 stage2_home_scored_neighbors=11348580 home_scores_per_expansion=1.104373 stage2_migrations=1605 home_match_rate=0.091681 stage2_final_edges=72942 stage2_cross_edges_stage1_home=61923 stage2_cross_edges_final_home=51886 cross_edge_reduction_ratio=0.162088 failed=0 rpc_timeouts=0 reverse_aggregate_batches=0 reverse_aggregate_logical_requests=0 reverse_aggregate_ops=0 avg_reverse_aggregate_logicals=0.000000 avg_reverse_aggregate_ops=0.000000 max_backlog=8 admission_window=65536 completion_outstanding=0 completion_incomplete=0 completed_behind_hole=0 completion_logical_full_failures=0 completion_physical_full_failures=0 pressure_yields=21 stage2_batches=568 avg_stage2_batch_size=3.110915 packing_target_batch=8 packing_admit_queue_avg=3.110915 packing_admit_queue_max=8 packing_batch_1_7=548 packing_batch_8=20 packing_assembly_batches=568 packing_assembly_wait_ms=14138.277052 packing_arrival_interval_us=16939 packing_waited_batches=548 packing_wait_ms=13694.142000 packing_target_flushes=20 packing_deadline_flushes=548 packing_cleanup_flushes=0 stage2_phase_search_attempts=568 stage2_phase_search_task_attempts=1767 stage2_phase_search_elapsed_ms=33200.353401 avg_stage2_phase_search_us_per_task=18789.107754 stage2_phase_freeze_prune_attempts=589 stage2_phase_freeze_prune_task_attempts=1841 stage2_phase_freeze_prune_elapsed_ms=1031.337879 avg_stage2_phase_freeze_prune_us_per_task=560.205257 stage2_phase_reverse_prepare_attempts=568 stage2_phase_reverse_prepare_task_attempts=1767 stage2_phase_reverse_prepare_elapsed_ms=3769.176372 avg_stage2_phase_reverse_prepare_us_per_task=2133.093589 stage2_phase_placement_authority_attempts=568 stage2_phase_placement_authority_task_attempts=1767 stage2_phase_placement_authority_elapsed_ms=532.601837 avg_stage2_phase_placement_authority_us_per_task=301.415867 stage2_phase_completion_handoff_attempts=568 stage2_phase_completion_handoff_task_attempts=1767 stage2_phase_completion_handoff_elapsed_ms=0.718481 avg_stage2_phase_completion_handoff_us_per_task=0.406611 stage2_phase_finalize_attempts=568 stage2_phase_finalize_task_attempts=1767 stage2_phase_finalize_elapsed_ms=2.306672 avg_stage2_phase_finalize_us_per_task=1.305417 maintenance_worker_idle_waits=182144 maintenance_worker_idle_ms=296189.269067 maintenance_lost_wake_avoided=13259 maintenance_targeted_wakes=258409 maintenance_generic_wakes=1767 maintenance_broadcast_wakes=0 maintenance_context_slots_scanned=869488 maintenance_ready_notifications=210348 maintenance_ready_stale_notifications=0 maintenance_ready_tickets_drained=178676 maintenance_ready_overflow_scans=0 maintenance_ready_fallback_scans=54639 stage2_search_lane_lease_limit=32 stage2_search_lane_lease_peak=6 stage2_search_lane_lease_blocked=0 maintenance_worker_observed_idle_ratio=0.924853 maintenance_worker_observed_busy_ratio=0.075147 physical_stage1_items=1767 physical_stage1_total_ns=8065853954 physical_stage1_search_ns=7583704284 physical_stage1_prune_ns=329859575 physical_stage1_allocate_write_ns=107166988 physical_stage1_backlink_ns=39854816 physical_stage1_candidates=226121 physical_stage1_remote_frontier_items=10082933 physical_stage1_neighbors=71132 peer_stage1_enqueued=2833 peer_stage1_processed=2833 peer_stage1_items=2786 avg_peer_stage1_items=0.983410 peer_stage1_rate_per_sec=69.594436 peer_stage1_max_queue=3 peer_stage1_active_workers=0 peer_stage2_home_enqueued=143409 peer_stage2_home_processed=143409 peer_stage2_home_items=15372882 avg_peer_stage2_home_items=107.196076 peer_stage2_home_max_queue=17 peer_stage2_home_response_queue_drops=0 peer_stage2_home_response_send_wait_ms=963.444222 avg_peer_stage2_home_queue_wait_us=13.730767 avg_peer_stage2_home_execution_us=48.565573 peer_stage1_release_deferred_batches=49 peer_stage1_release_deferred_items=49 peer_stage1_duplicate_retry_responses=0 peer_stage1_admission_retry_responses=0 peer_stage1_retry_response_drops=0 peer_stage1_admission_waiters=0 peer_stage1_admission_waiter_items=0 peer_stage1_admission_owned_items=0 peer_stage1_admission_wake_coverage=0 peer_stage1_admission_parked=0 peer_stage1_admission_woken=0 peer_stage1_admission_reparked=0 peer_stage1_max_admission_waiters=0 peer_stage1_duplicate_coalesced=0 peer_reverse_enqueued=3889 peer_reverse_processed=3889 peer_reverse_remaining=0 peer_reverse_items_enqueued=95531 peer_reverse_items_processed=95531 peer_reverse_rate_per_sec=2386.369715 peer_reverse_failed=91 peer_reverse_max_queue=4 reclaim_pending=0 reclaim_reused=1605 dynamic_high_watermark=19602241248 stage2_remaining=0 cleanup_remaining=0 active_contexts=0 active_context_limit=32 repair_remaining=0 remaining=0
