============================================================
                        SERVER
============================================================
num clients:                  1
TCP port:                     1237
QP handshake timeout (ms):    10000
IB device:                    <auto>
IB port:                      1
max outstanding CQEs:         64
max send work requests:       4096
max receive work requests:    4096
============================================================
index prefix:                     "/data/xjs/index/dvstor_spacev100m/index/spacev100m_R96_bw128_balanced_pmd32_pq20_schema16"
storage shard:                    "/data/xjs/index/dvstor_spacev100m/index/spacev100m_R96_bw128_balanced_pmd32_pq20_schema16_node4_of5.dat"
storage id:                       3
base vectors:                     100000000
vector ID namespace [0,N):        4294967295
registered memory GiB:            22
====================================================================
1 device(s) found
Selected device: ibp86s0
Selected port state: 4, lid: 8, active_mtu: 5
interleaved policy
num_cores: 112
physical cores per socket: 28
hyperthreading enabled
local process CPU partition: rank 3/5 logical_cpus=22
pairing: 76043 -- 6742
[STATUS]: loaded index metadata from /data/xjs/index/dvstor_spacev100m/index/spacev100m_R96_bw128_balanced_pmd32_pq20_schema16 (layout=plain, vector_data_type=int8)
[STATUS]: storage-owner stage2 candidate width L=128 per shard
allocation size: 23622320128
allocated ALIGNED MEM (no hugepage) at 140230149537856 with buffer size 23622320128
[STATUS]: loading index (19200000128 Bytes) from /data/xjs/index/dvstor_spacev100m/index/spacev100m_R96_bw128_balanced_pmd32_pq20_schema16_node4_of5.dat
[STATUS]: loaded GPU PQ codes (400000000 Bytes) at remote offset 19200004224
[STATUS]: storage-owner idmap loaded entries=20000000 format=owner_sharded_v2_bound immutable_base=true dynamic_shards=256 dynamic_reserved=65536
[STATUS]: compensated physical centroid restored on shard 3: vectors=20000000 entries=4
[STATUS]: register memory and distribute access token
[STATUS]: connect QPs of compute threads
[STATUS]: reserving 64 GPU/bootstrap QPs per compute node
pairing: 76048 -- 6747
pairing: 76053 -- 6752
pairing: 76058 -- 6757
pairing: 76063 -- 6762
pairing: 76068 -- 6767
pairing: 76073 -- 6772
pairing: 76078 -- 6777
pairing: 76083 -- 6782
pairing: 76088 -- 6787
pairing: 76093 -- 6792
pairing: 76098 -- 6797
pairing: 76103 -- 6802
pairing: 76108 -- 6807
pairing: 76113 -- 6812
pairing: 76118 -- 6817
pairing: 76123 -- 6822
pairing: 76128 -- 6827
pairing: 76133 -- 6832
pairing: 76138 -- 6837
pairing: 76143 -- 6842
pairing: 76148 -- 6847
pairing: 76153 -- 6852
pairing: 76158 -- 6857
pairing: 76163 -- 6862
pairing: 76168 -- 6867
pairing: 76173 -- 6872
pairing: 76178 -- 6877
pairing: 76183 -- 6882
pairing: 76188 -- 6887
pairing: 76193 -- 6892
pairing: 76198 -- 6897
pairing: 76203 -- 6902
pairing: 76208 -- 7000
pairing: 76303 -- 7001
pairing: 76304 -- 7002
pairing: 76305 -- 7003
pairing: 76306 -- 7004
pairing: 76307 -- 7005
pairing: 76308 -- 7006
pairing: 76309 -- 7007
pairing: 76310 -- 7008
pairing: 76311 -- 7009
pairing: 76312 -- 7010
pairing: 76313 -- 7011
pairing: 76314 -- 7012
pairing: 76315 -- 7013
pairing: 76316 -- 7014
pairing: 76317 -- 7015
pairing: 76318 -- 7016
pairing: 76319 -- 7017
pairing: 76320 -- 7018
pairing: 76321 -- 7019
pairing: 76322 -- 7020
pairing: 76323 -- 7021
pairing: 76324 -- 7022
pairing: 76325 -- 7023
pairing: 76326 -- 7024
pairing: 76327 -- 7025
pairing: 76328 -- 7026
pairing: 76329 -- 7027
pairing: 76330 -- 7028
pairing: 76331 -- 7029
pairing: 76332 -- 7030
pairing: 76333 -- 7031
[STATUS]: waiting for compute-node startup barrier
1 device(s) found
Selected device: ibp86s0
Selected port state: 4, lid: 8, active_mtu: 5
pairing: 76368 -- 76373
pairing: 76375 -- 76380
pairing: 76383 -- 76388
pairing: 76391 -- 76396
pairing: 76399 -- 76404
pairing: 76407 -- 76412
pairing: 76415 -- 76420
pairing: 76423 -- 76428
pairing: 76431 -- 76432
pairing: 76436 -- 76439
pairing: 76442 -- 76445
pairing: 76448 -- 76451
pairing: 76454 -- 76457
pairing: 76460 -- 76463
pairing: 76466 -- 76469
pairing: 76472 -- 76476
pairing: 76478 -- 76474
pairing: 76481 -- 76482
pairing: 76485 -- 76486
pairing: 76489 -- 76491
pairing: 76493 -- 76495
pairing: 76497 -- 76499
pairing: 76500 -- 76502
pairing: 76505 -- 76507
pairing: 76509 -- 76510
pairing: 76511 -- 76512
pairing: 76513 -- 76514
pairing: 76515 -- 76516
pairing: 76517 -- 76518
pairing: 76519 -- 76520
pairing: 76521 -- 76522
pairing: 76523 -- 76524
[STATUS]: storage-owner peer RDMA QPs per peer: 8
[STATUS]: storage-owner peer QP0 reserved for RPC; data RDMA uses QP1..7
allocated ALIGNED MEM (no hugepage) at 140229082087488 with buffer size 67108864
allocated ALIGNED MEM (no hugepage) at 140229042241600 with buffer size 39839040
[STATUS]: storage-owner peer RPC receive slots per peer: 64 (requested=64)
[STATUS]: storage-owner peer RPC concurrent sends per peer: 16
[STATUS]: storage-owner peer RPC send credits: Stage1/graph are split at depth >= 2; responses use a dedicated sync buffer
[STATUS]: storage-owner peer async response capacity: 32768
[STATUS]: storage-owner Stage2 home RPC combining: enabled logical_capacity=18432 aggregate_capacity=4608 byte_budget=33586224
allocated ALIGNED MEM (no hugepage) at 105904561726976 with buffer size 96256
allocated ALIGNED MEM (no hugepage) at 140229309165632 with buffer size 212992
allocated ALIGNED MEM (no hugepage) at 140229308747840 with buffer size 212992
[STATUS]: storage-owner peer reverse-update workers: 2
[STATUS]: storage-owner peer Stage1 workers: 3; Stage2-home workers: 1 (one reserved; shared lanes borrow authoritative work only)
[STATUS]: storage-owner physical control workers: cleanup=1 placement=1 (separate blocking domains)
[STATUS]: storage-owner peer progress threads: cq=1 response_dispatch=1
[STATUS]: storage-owner Stage1 artifact capacity: 67584 (64-way, per shard=1056) cleanup replay per shard=2048 active migration receipts=131072
[STATUS]: storage-owner peer reverse-update tuning: queue_depth=65536 coalesce_max=256
allocated ALIGNED MEM (no hugepage) at 140229300379712 with buffer size 855296
allocated ALIGNED MEM (no hugepage) at 140229297238080 with buffer size 855296
allocated ALIGNED MEM (no hugepage) at 140229296382016 with buffer size 855296
allocated ALIGNED MEM (no hugepage) at 140229293043776 with buffer size 855296
allocated ALIGNED MEM (no hugepage) at 140229292187712 with buffer size 855296
allocated ALIGNED MEM (no hugepage) at 140229288849472 with buffer size 855296
allocated ALIGNED MEM (no hugepage) at 140229287993408 with buffer size 855296
allocated ALIGNED MEM (no hugepage) at 140229284655168 with buffer size 855296
[STATUS]: storage-owner peer scratch: snapshot_slot=192 graph_slot=832 batch=256 lane_peak_rdma_wrs=56 lane_useful_wave_rdma_wrs=56 global_read_window=224 search_lanes_global=32 search_lanes_credit_derived=16 search_lane_lease_cap=32 search_lanes_physical_per_worker=4 ready_context_runtime_epoch=1 bytes_per_lane=213824 bytes_total=6842368
[STATUS]: storage-owner maintenance workers: 8 (configured=8, admission_baseline_workers=2, context_limit=32, semantic_execution_batch=8, work_conserving=true)
[STATUS]: storage-owner stage2 reverse outbox descriptors: 128 aggregates=128 wire_max_ops=3072 (shared per-peer work-conserving aggregation)
[STATUS]: storage-owner maintenance tuning: protocol=centroid-home-two-stage compaction_batch_target=32 packing_policy=deterministic_b8 packing_tail_wait_us=arrival_adaptive_capped_25000 packing_context_limit=8 backlog_limit=65536 admission_credit=bounded_accepted_backlog admission_window=65536 physical_completion_capacity=65536
[STATUS]: storage-owner peer RDMA read credits: per_data_qp=8 data_qps_per_peer=7 per_peer=56 global=224 shared_cq_read_budget=8095 ordered_snapshot_pairs_per_chain=4 (requested_per_data_qp=16)
[STATUS]: storage-owner online insert tuning: construction_beam=128 snapshot_batch=256 protocol=centroid-home-two-stage
[STATUS]: storage-owner stage1=physical-home local search and backlinks; stage2=generation-fenced home expand+score continuation
[STATUS]: storage-owner responses=foreground direct post; completion=repost by service poller
[STATUS]: storage-owner foreground pipeline: coordinators=12 cpu_lanes=3 (assigned_cpus=22, rpc_parallelism=16)
[STATUS]: storage-owner CPU plan: foreground_cpu=3 foreground_coordinators=12 maintenance=8 peer_stage1=4 (split into isolated Stage1/Stage2-home domains) peer_reverse=2 peer_cleanup=1 peer_placement=1 peer_progress=2 foreground_progress=1
[STATUS]: storage-owner insert runtime enabled on shard 3
[STATUS]: storage-owner maintenance observation: enqueued=175 stage2_enqueued=175 cleanup_enqueued=0 stage2_tasks_done=165 stage2_finalized_live=165 cleanup_processed=0 stale=0 stage2_completion_ratio=0.942857 live_stage2_completion_ratio=0.942857 avg_stage2_delay_ms=196.919594 p99_stage2_delay_upper_ms=512.000000 p99_stage2_delay_over_30s=false stage2_delay_histogram=0,0,0,0,0,0,3,57,64,41,0,0,0,0,0,0,0,0 max_stage2_delay_ms=469.369066 compaction_batch_target=32 compaction_max_delay_ms=25.000000 stage2_rate_per_sec=32.795354 stage1_search_budget_exhausted=0 stage2_search_budget_exhausted=0 stage2_continuations=173 stage2_remote_frontier_items=946948 avg_stage2_remote_frontier=5473.687861 stage2_remote_expansions=18761 avg_stage2_remote_expansions=108.445087 stage2_scored_candidates=1400738 avg_stage2_scored_candidates=8096.751445 stage2_graph_read_waves=3885 avg_stage2_expansions_per_graph_wave=4.829086 stage2_graph_unique_reads=19504 stage2_graph_prefetch_issued=13420 stage2_graph_prefetch_hits=12910 stage2_graph_prefetch_wasted=453 stage2_graph_prefetch_promotion_ratio=0.966100 stage2_graph_issue_width_current=16 stage2_vector_read_waves=6780 avg_stage2_scores_per_vector_wave=206.598525 stage2_vector_unique_reads=1285228 stage2_home_rpc_batches=9037 stage2_home_rpc_items=959295 avg_stage2_home_rpc_batch=106.151931 stage2_home_score_rpc_batches=3707 stage2_home_score_rpc_items=939791 stage2_home_score_rpc_queries=17373 stage2_home_score_rpc_request_bytes=24470140 stage2_home_score_rpc_response_bytes=30221688 avg_stage2_home_score_queries_per_rpc=4.686539 avg_stage2_home_score_rpc_batch=253.517939 stage2_home_scored_neighbors=1055242 home_scores_per_expansion=1.100018 stage2_migrations=158 home_match_rate=0.042424 stage2_final_edges=5652 stage2_cross_edges_stage1_home=4928 stage2_cross_edges_final_home=3979 cross_edge_reduction_ratio=0.192573 failed=0 rpc_timeouts=0 reverse_aggregate_batches=0 reverse_aggregate_logical_requests=0 reverse_aggregate_ops=0 avg_reverse_aggregate_logicals=0.000000 avg_reverse_aggregate_ops=0.000000 max_backlog=8 admission_window=65536 completion_outstanding=10 completion_incomplete=10 completed_behind_hole=0 completion_logical_full_failures=0 completion_physical_full_failures=0 pressure_yields=334 stage2_batches=46 avg_stage2_batch_size=3.760870 packing_target_batch=8 packing_admit_queue_avg=3.760870 packing_admit_queue_max=8 packing_batch_1_7=42 packing_batch_8=4 packing_assembly_batches=46 packing_assembly_wait_ms=1139.950087 packing_arrival_interval_us=11362 packing_waited_batches=42 packing_wait_ms=1050.000000 packing_target_flushes=4 packing_deadline_flushes=42 packing_cleanup_flushes=0 stage2_phase_search_attempts=44 stage2_phase_search_task_attempts=165 stage2_phase_search_elapsed_ms=5170.772411 avg_stage2_phase_search_us_per_task=31338.014612 stage2_phase_freeze_prune_attempts=44 stage2_phase_freeze_prune_task_attempts=165 stage2_phase_freeze_prune_elapsed_ms=161.784390 avg_stage2_phase_freeze_prune_us_per_task=980.511455 stage2_phase_reverse_prepare_attempts=44 stage2_phase_reverse_prepare_task_attempts=165 stage2_phase_reverse_prepare_elapsed_ms=380.429278 avg_stage2_phase_reverse_prepare_us_per_task=2305.631988 stage2_phase_placement_authority_attempts=44 stage2_phase_placement_authority_task_attempts=165 stage2_phase_placement_authority_elapsed_ms=81.986819 avg_stage2_phase_placement_authority_us_per_task=496.889812 stage2_phase_completion_handoff_attempts=44 stage2_phase_completion_handoff_task_attempts=165 stage2_phase_completion_handoff_elapsed_ms=0.060972 avg_stage2_phase_completion_handoff_us_per_task=0.369527 stage2_phase_finalize_attempts=44 stage2_phase_finalize_task_attempts=165 stage2_phase_finalize_elapsed_ms=0.248676 avg_stage2_phase_finalize_us_per_task=1.507127 maintenance_worker_idle_waits=15552 maintenance_worker_idle_ms=35810.381601 maintenance_lost_wake_avoided=2548 maintenance_targeted_wakes=31780 maintenance_generic_wakes=175 maintenance_broadcast_wakes=0 maintenance_context_slots_scanned=133696 maintenance_ready_notifications=16065 maintenance_ready_stale_notifications=0 maintenance_ready_tickets_drained=13121 maintenance_ready_overflow_scans=0 maintenance_ready_fallback_scans=8554 stage2_search_lane_lease_limit=32 stage2_search_lane_lease_peak=7 stage2_search_lane_lease_blocked=0 maintenance_worker_observed_idle_ratio=0.889708 maintenance_worker_observed_busy_ratio=0.110292 physical_stage1_items=175 physical_stage1_total_ns=995969419 physical_stage1_search_ns=943545663 physical_stage1_prune_ns=32795016 physical_stage1_allocate_write_ns=14007437 physical_stage1_backlink_ns=4908257 physical_stage1_candidates=22395 physical_stage1_remote_frontier_items=956322 physical_stage1_neighbors=5791 peer_stage1_enqueued=295 peer_stage1_processed=295 peer_stage1_items=280 avg_peer_stage1_items=0.949153 peer_stage1_rate_per_sec=55.652722 peer_stage1_max_queue=3 peer_stage1_active_workers=0 peer_stage2_home_enqueued=10498 peer_stage2_home_processed=10498 peer_stage2_home_items=1161507 avg_peer_stage2_home_items=110.640789 peer_stage2_home_max_queue=17 peer_stage2_home_response_queue_drops=0 peer_stage2_home_response_send_wait_ms=68.904182 avg_peer_stage2_home_queue_wait_us=22.950650 avg_peer_stage2_home_execution_us=60.221719 peer_stage1_release_deferred_batches=15 peer_stage1_release_deferred_items=15 peer_stage1_duplicate_retry_responses=0 peer_stage1_admission_retry_responses=0 peer_stage1_retry_response_drops=0 peer_stage1_admission_waiters=0 peer_stage1_admission_waiter_items=0 peer_stage1_admission_owned_items=0 peer_stage1_admission_wake_coverage=0 peer_stage1_admission_parked=0 peer_stage1_admission_woken=0 peer_stage1_admission_reparked=0 peer_stage1_max_admission_waiters=0 peer_stage1_duplicate_coalesced=0 peer_reverse_enqueued=288 peer_reverse_processed=288 peer_reverse_remaining=0 peer_reverse_items_enqueued=5385 peer_reverse_items_processed=5385 peer_reverse_rate_per_sec=1070.321107 peer_reverse_failed=3 peer_reverse_max_queue=5 reclaim_pending=4 reclaim_reused=154 dynamic_high_watermark=19600161024 stage2_remaining=2 cleanup_remaining=0 active_contexts=2 active_context_limit=32 repair_remaining=0 remaining=10
[STATUS]: storage-owner maintenance observation: enqueued=1067 stage2_enqueued=1067 cleanup_enqueued=0 stage2_tasks_done=948 stage2_finalized_live=948 cleanup_processed=0 stale=0 stage2_completion_ratio=0.888472 live_stage2_completion_ratio=0.888472 avg_stage2_delay_ms=210.840712 p99_stage2_delay_upper_ms=512.000000 p99_stage2_delay_over_30s=false stage2_delay_histogram=0,0,0,0,0,0,20,182,497,241,8,0,0,0,0,0,0,0 max_stage2_delay_ms=540.390886 compaction_batch_target=32 compaction_max_delay_ms=25.000000 stage2_rate_per_sec=94.505213 stage1_search_budget_exhausted=0 stage2_search_budget_exhausted=0 stage2_continuations=1065 stage2_remote_frontier_items=6061473 avg_stage2_remote_frontier=5691.523944 stage2_remote_expansions=107625 avg_stage2_remote_expansions=101.056338 stage2_scored_candidates=8778653 avg_stage2_scored_candidates=8242.866667 stage2_graph_read_waves=20301 avg_stage2_expansions_per_graph_wave=5.301463 stage2_graph_unique_reads=114731 stage2_graph_prefetch_issued=81361 stage2_graph_prefetch_hits=78147 stage2_graph_prefetch_wasted=2313 stage2_graph_prefetch_promotion_ratio=0.971253 stage2_graph_issue_width_current=16 stage2_vector_read_waves=36458 avg_stage2_scores_per_vector_wave=240.788112 stage2_vector_unique_reads=8071389 stage2_home_rpc_batches=52384 stage2_home_rpc_items=6087537 avg_stage2_home_rpc_batch=116.209854 stage2_home_score_rpc_batches=23609 stage2_home_score_rpc_items=5972806 stage2_home_score_rpc_queries=137667 stage2_home_score_rpc_request_bytes=158248772 stage2_home_score_rpc_response_bytes=192076520 avg_stage2_home_score_queries_per_rpc=5.831124 avg_stage2_home_score_rpc_batch=252.988521 stage2_home_scored_neighbors=6681446 home_scores_per_expansion=1.097561 stage2_migrations=876 home_match_rate=0.075949 stage2_final_edges=36613 stage2_cross_edges_stage1_home=31550 stage2_cross_edges_final_home=25834 cross_edge_reduction_ratio=0.181173 failed=0 rpc_timeouts=0 reverse_aggregate_batches=0 reverse_aggregate_logical_requests=0 reverse_aggregate_ops=0 avg_reverse_aggregate_logicals=0.000000 avg_reverse_aggregate_ops=0.000000 max_backlog=8 admission_window=65536 completion_outstanding=173 completion_incomplete=119 completed_behind_hole=54 completion_logical_full_failures=0 completion_physical_full_failures=0 pressure_yields=1140 stage2_batches=216 avg_stage2_batch_size=4.930556 packing_target_batch=8 packing_admit_queue_avg=4.930556 packing_admit_queue_max=8 packing_batch_1_7=172 packing_batch_8=44 packing_assembly_batches=216 packing_assembly_wait_ms=4910.254913 packing_arrival_interval_us=2649 packing_waited_batches=172 packing_wait_ms=4130.512000 packing_target_flushes=44 packing_deadline_flushes=172 packing_cleanup_flushes=0 stage2_phase_search_attempts=201 stage2_phase_search_task_attempts=956 stage2_phase_search_elapsed_ms=28306.253831 avg_stage2_phase_search_us_per_task=29609.052124 stage2_phase_freeze_prune_attempts=204 stage2_phase_freeze_prune_task_attempts=977 stage2_phase_freeze_prune_elapsed_ms=642.281158 avg_stage2_phase_freeze_prune_us_per_task=657.401390 stage2_phase_reverse_prepare_attempts=200 stage2_phase_reverse_prepare_task_attempts=948 stage2_phase_reverse_prepare_elapsed_ms=1807.262620 avg_stage2_phase_reverse_prepare_us_per_task=1906.395169 stage2_phase_placement_authority_attempts=200 stage2_phase_placement_authority_task_attempts=948 stage2_phase_placement_authority_elapsed_ms=343.238791 avg_stage2_phase_placement_authority_us_per_task=362.066235 stage2_phase_completion_handoff_attempts=200 stage2_phase_completion_handoff_task_attempts=948 stage2_phase_completion_handoff_elapsed_ms=0.281468 avg_stage2_phase_completion_handoff_us_per_task=0.296907 stage2_phase_finalize_attempts=200 stage2_phase_finalize_task_attempts=948 stage2_phase_finalize_elapsed_ms=1.269523 avg_stage2_phase_finalize_us_per_task=1.339159 maintenance_worker_idle_waits=70528 maintenance_worker_idle_ms=64338.134237 maintenance_lost_wake_avoided=18642 maintenance_targeted_wakes=235260 maintenance_generic_wakes=1067 maintenance_broadcast_wakes=0 maintenance_context_slots_scanned=652096 maintenance_ready_notifications=89766 maintenance_ready_stale_notifications=0 maintenance_ready_tickets_drained=69412 maintenance_ready_overflow_scans=0 maintenance_ready_fallback_scans=40987 stage2_search_lane_lease_limit=32 stage2_search_lane_lease_peak=15 stage2_search_lane_lease_blocked=0 maintenance_worker_observed_idle_ratio=0.801726 maintenance_worker_observed_busy_ratio=0.198274 physical_stage1_items=1067 physical_stage1_total_ns=5221958933 physical_stage1_search_ns=4922923464 physical_stage1_prune_ns=202317008 physical_stage1_allocate_write_ns=69035576 physical_stage1_backlink_ns=24238996 physical_stage1_candidates=136539 physical_stage1_remote_frontier_items=6071234 physical_stage1_neighbors=40415 peer_stage1_enqueued=1776 peer_stage1_processed=1775 peer_stage1_items=1716 avg_peer_stage1_items=0.966761 peer_stage1_rate_per_sec=171.066398 peer_stage1_max_queue=3 peer_stage1_active_workers=1 peer_stage2_home_enqueued=32970 peer_stage2_home_processed=32970 peer_stage2_home_items=3564113 avg_peer_stage2_home_items=108.101699 peer_stage2_home_max_queue=17 peer_stage2_home_response_queue_drops=0 peer_stage2_home_response_send_wait_ms=219.271198 avg_peer_stage2_home_queue_wait_us=17.805887 avg_peer_stage2_home_execution_us=54.056477 peer_stage1_release_deferred_batches=60 peer_stage1_release_deferred_items=60 peer_stage1_duplicate_retry_responses=0 peer_stage1_admission_retry_responses=0 peer_stage1_retry_response_drops=0 peer_stage1_admission_waiters=0 peer_stage1_admission_waiter_items=0 peer_stage1_admission_owned_items=0 peer_stage1_admission_wake_coverage=0 peer_stage1_admission_parked=0 peer_stage1_admission_woken=0 peer_stage1_admission_reparked=0 peer_stage1_max_admission_waiters=0 peer_stage1_duplicate_coalesced=0 peer_reverse_enqueued=972 peer_reverse_processed=972 peer_reverse_remaining=0 peer_reverse_items_enqueued=19189 peer_reverse_items_processed=19189 peer_reverse_rate_per_sec=1912.933052 peer_reverse_failed=16 peer_reverse_max_queue=5 reclaim_pending=52 reclaim_reused=824 dynamic_high_watermark=19600705632 stage2_remaining=2 cleanup_remaining=0 active_contexts=16 active_context_limit=32 repair_remaining=0 remaining=119
[STATUS]: storage-owner maintenance observation: enqueued=2599 stage2_enqueued=2599 cleanup_enqueued=0 stage2_tasks_done=2516 stage2_finalized_live=2516 cleanup_processed=0 stale=0 stage2_completion_ratio=0.968065 live_stage2_completion_ratio=0.968065 avg_stage2_delay_ms=234.172383 p99_stage2_delay_upper_ms=512.000000 p99_stage2_delay_over_30s=false stage2_delay_histogram=0,0,0,0,0,0,20,238,1412,838,8,0,0,0,0,0,0,0 max_stage2_delay_ms=540.390886 compaction_batch_target=32 compaction_max_delay_ms=25.000000 stage2_rate_per_sec=167.385130 stage1_search_budget_exhausted=0 stage2_search_budget_exhausted=0 stage2_continuations=2596 stage2_remote_frontier_items=14942625 avg_stage2_remote_frontier=5756.018875 stage2_remote_expansions=282894 avg_stage2_remote_expansions=108.973035 stage2_scored_candidates=22047671 avg_stage2_scored_candidates=8492.939522 stage2_graph_read_waves=51966 avg_stage2_expansions_per_graph_wave=5.443829 stage2_graph_unique_reads=291749 stage2_graph_prefetch_issued=207551 stage2_graph_prefetch_hits=200980 stage2_graph_prefetch_wasted=6070 stage2_graph_prefetch_promotion_ratio=0.970683 stage2_graph_issue_width_current=16 stage2_vector_read_waves=97661 avg_stage2_scores_per_vector_wave=225.757170 stage2_vector_unique_reads=20231514 stage2_home_rpc_batches=132186 stage2_home_rpc_items=15189510 avg_stage2_home_rpc_batch=114.910127 stage2_home_score_rpc_batches=59565 stage2_home_score_rpc_items=14897761 stage2_home_score_rpc_queries=382799 stage2_home_score_rpc_request_bytes=398693704 stage2_home_score_rpc_response_bytes=479128848 avg_stage2_home_score_queries_per_rpc=6.426576 avg_stage2_home_score_rpc_batch=250.109309 stage2_home_scored_neighbors=16713298 home_scores_per_expansion=1.100318 stage2_migrations=2324 home_match_rate=0.076312 stage2_final_edges=99982 stage2_cross_edges_stage1_home=86154 stage2_cross_edges_final_home=70624 cross_edge_reduction_ratio=0.180259 failed=0 rpc_timeouts=0 reverse_aggregate_batches=0 reverse_aggregate_logical_requests=0 reverse_aggregate_ops=0 avg_reverse_aggregate_logicals=0.000000 avg_reverse_aggregate_ops=0.000000 max_backlog=8 admission_window=65536 completion_outstanding=113 completion_incomplete=83 completed_behind_hole=30 completion_logical_full_failures=0 completion_physical_full_failures=0 pressure_yields=3174 stage2_batches=434 avg_stage2_batch_size=5.981567 packing_target_batch=8 packing_admit_queue_avg=5.981567 packing_admit_queue_max=8 packing_batch_1_7=284 packing_batch_8=150 packing_assembly_batches=434 packing_assembly_wait_ms=9216.415952 packing_arrival_interval_us=2505 packing_waited_batches=284 packing_wait_ms=6525.329000 packing_target_flushes=150 packing_deadline_flushes=284 packing_cleanup_flushes=0 stage2_phase_search_attempts=423 stage2_phase_search_task_attempts=2516 stage2_phase_search_elapsed_ms=74824.904517 avg_stage2_phase_search_us_per_task=29739.628186 stage2_phase_freeze_prune_attempts=432 stage2_phase_freeze_prune_task_attempts=2578 stage2_phase_freeze_prune_elapsed_ms=1538.384552 avg_stage2_phase_freeze_prune_us_per_task=596.735668 stage2_phase_reverse_prepare_attempts=423 stage2_phase_reverse_prepare_task_attempts=2516 stage2_phase_reverse_prepare_elapsed_ms=4558.466511 avg_stage2_phase_reverse_prepare_us_per_task=1811.791141 stage2_phase_placement_authority_attempts=423 stage2_phase_placement_authority_task_attempts=2516 stage2_phase_placement_authority_elapsed_ms=722.776250 avg_stage2_phase_placement_authority_us_per_task=287.271959 stage2_phase_completion_handoff_attempts=423 stage2_phase_completion_handoff_task_attempts=2516 stage2_phase_completion_handoff_elapsed_ms=0.604490 avg_stage2_phase_completion_handoff_us_per_task=0.240258 stage2_phase_finalize_attempts=423 stage2_phase_finalize_task_attempts=2516 stage2_phase_finalize_elapsed_ms=3.195692 avg_stage2_phase_finalize_us_per_task=1.270148 maintenance_worker_idle_waits=172800 maintenance_worker_idle_ms=79319.190751 maintenance_lost_wake_avoided=52374 maintenance_targeted_wakes=669603 maintenance_generic_wakes=2599 maintenance_broadcast_wakes=0 maintenance_context_slots_scanned=1774992 maintenance_ready_notifications=232697 maintenance_ready_stale_notifications=0 maintenance_ready_tickets_drained=179460 maintenance_ready_overflow_scans=0 maintenance_ready_fallback_scans=111106 stage2_search_lane_lease_limit=32 stage2_search_lane_lease_peak=16 stage2_search_lane_lease_blocked=0 maintenance_worker_observed_idle_ratio=0.659621 maintenance_worker_observed_busy_ratio=0.340379 physical_stage1_items=2599 physical_stage1_total_ns=12324173985 physical_stage1_search_ns=11589131237 physical_stage1_prune_ns=486928071 physical_stage1_allocate_write_ns=175288077 physical_stage1_backlink_ns=65030979 physical_stage1_candidates=332585 physical_stage1_remote_frontier_items=14961011 physical_stage1_neighbors=101821 peer_stage1_enqueued=4281 peer_stage1_processed=4280 peer_stage1_items=4152 avg_peer_stage1_items=0.970093 peer_stage1_rate_per_sec=276.225382 peer_stage1_max_queue=3 peer_stage1_active_workers=1 peer_stage2_home_enqueued=47271 peer_stage2_home_processed=47271 peer_stage2_home_items=4991300 avg_peer_stage2_home_items=105.589050 peer_stage2_home_max_queue=17 peer_stage2_home_response_queue_drops=0 peer_stage2_home_response_send_wait_ms=325.989632 avg_peer_stage2_home_queue_wait_us=16.592779 avg_peer_stage2_home_execution_us=51.823909 peer_stage1_release_deferred_batches=131 peer_stage1_release_deferred_items=131 peer_stage1_duplicate_retry_responses=0 peer_stage1_admission_retry_responses=0 peer_stage1_retry_response_drops=0 peer_stage1_admission_waiters=0 peer_stage1_admission_waiter_items=0 peer_stage1_admission_owned_items=0 peer_stage1_admission_wake_coverage=0 peer_stage1_admission_parked=0 peer_stage1_admission_woken=0 peer_stage1_admission_reparked=0 peer_stage1_max_admission_waiters=0 peer_stage1_duplicate_coalesced=0 peer_reverse_enqueued=1489 peer_reverse_processed=1489 peer_reverse_remaining=0 peer_reverse_items_enqueued=28273 peer_reverse_items_processed=28273 peer_reverse_rate_per_sec=1880.953812 peer_reverse_failed=29 peer_reverse_max_queue=5 reclaim_pending=25 reclaim_reused=2299 dynamic_high_watermark=19600934784 stage2_remaining=3 cleanup_remaining=0 active_contexts=11 active_context_limit=32 repair_remaining=0 remaining=83
[STATUS]: storage-owner maintenance observation: enqueued=4127 stage2_enqueued=4127 cleanup_enqueued=0 stage2_tasks_done=4070 stage2_finalized_live=4070 cleanup_processed=0 stale=0 stage2_completion_ratio=0.986189 live_stage2_completion_ratio=0.986189 avg_stage2_delay_ms=229.840357 p99_stage2_delay_upper_ms=512.000000 p99_stage2_delay_over_30s=false stage2_delay_histogram=0,0,0,0,0,0,22,331,2445,1256,16,0,0,0,0,0,0,0 max_stage2_delay_ms=601.091324 compaction_batch_target=32 compaction_max_delay_ms=25.000000 stage2_rate_per_sec=203.180492 stage1_search_budget_exhausted=0 stage2_search_budget_exhausted=0 stage2_continuations=4125 stage2_remote_frontier_items=23291619 avg_stage2_remote_frontier=5646.453091 stage2_remote_expansions=458450 avg_stage2_remote_expansions=111.139394 stage2_scored_candidates=34587332 avg_stage2_scored_candidates=8384.807758 stage2_graph_read_waves=83932 avg_stage2_expansions_per_graph_wave=5.462160 stage2_graph_unique_reads=469122 stage2_graph_prefetch_issued=334993 stage2_graph_prefetch_hits=325256 stage2_graph_prefetch_wasted=9509 stage2_graph_prefetch_promotion_ratio=0.971595 stage2_graph_issue_width_current=16 stage2_vector_read_waves=161775 avg_stage2_scores_per_vector_wave=213.798992 stage2_vector_unique_reads=31738843 stage2_home_rpc_batches=210260 stage2_home_rpc_items=23833643 avg_stage2_home_rpc_batch=113.353196 stage2_home_score_rpc_batches=94098 stage2_home_score_rpc_items=23364521 stage2_home_score_rpc_queries=614902 stage2_home_score_rpc_request_bytes=626772304 stage2_home_score_rpc_response_bytes=751467248 avg_stage2_home_score_queries_per_rpc=6.534698 avg_stage2_home_score_rpc_batch=248.299868 stage2_home_scored_neighbors=26211871 home_scores_per_expansion=1.099784 stage2_migrations=3744 home_match_rate=0.080098 stage2_final_edges=160822 stage2_cross_edges_stage1_home=138417 stage2_cross_edges_final_home=113630 cross_edge_reduction_ratio=0.179075 failed=0 rpc_timeouts=0 reverse_aggregate_batches=0 reverse_aggregate_logical_requests=0 reverse_aggregate_ops=0 avg_reverse_aggregate_logicals=0.000000 avg_reverse_aggregate_ops=0.000000 max_backlog=9 admission_window=65536 completion_outstanding=81 completion_incomplete=57 completed_behind_hole=24 completion_logical_full_failures=0 completion_physical_full_failures=0 pressure_yields=3952 stage2_batches=654 avg_stage2_batch_size=6.307339 packing_target_batch=8 packing_admit_queue_avg=6.308869 packing_admit_queue_max=9 packing_batch_1_7=405 packing_batch_8=249 packing_assembly_batches=654 packing_assembly_wait_ms=13547.142051 packing_arrival_interval_us=3666 packing_waited_batches=405 packing_wait_ms=9112.926000 packing_target_flushes=249 packing_deadline_flushes=405 packing_cleanup_flushes=0 stage2_phase_search_attempts=648 stage2_phase_search_task_attempts=4083 stage2_phase_search_elapsed_ms=116389.340137 avg_stage2_phase_search_us_per_task=28505.838878 stage2_phase_freeze_prune_attempts=666 stage2_phase_freeze_prune_task_attempts=4207 stage2_phase_freeze_prune_elapsed_ms=2434.154614 avg_stage2_phase_freeze_prune_us_per_task=578.596295 stage2_phase_reverse_prepare_attempts=648 stage2_phase_reverse_prepare_task_attempts=4083 stage2_phase_reverse_prepare_elapsed_ms=7006.640631 avg_stage2_phase_reverse_prepare_us_per_task=1716.052077 stage2_phase_placement_authority_attempts=646 stage2_phase_placement_authority_task_attempts=4070 stage2_phase_placement_authority_elapsed_ms=1073.476454 avg_stage2_phase_placement_authority_us_per_task=263.753429 stage2_phase_completion_handoff_attempts=646 stage2_phase_completion_handoff_task_attempts=4070 stage2_phase_completion_handoff_elapsed_ms=0.925786 avg_stage2_phase_completion_handoff_us_per_task=0.227466 stage2_phase_finalize_attempts=646 stage2_phase_finalize_task_attempts=4070 stage2_phase_finalize_elapsed_ms=5.140730 avg_stage2_phase_finalize_us_per_task=1.263079 maintenance_worker_idle_waits=279360 maintenance_worker_idle_ms=96529.631536 maintenance_lost_wake_avoided=83436 maintenance_targeted_wakes=1042910 maintenance_generic_wakes=4127 maintenance_broadcast_wakes=0 maintenance_context_slots_scanned=2866368 maintenance_ready_notifications=376799 maintenance_ready_stale_notifications=0 maintenance_ready_tickets_drained=292651 maintenance_ready_overflow_scans=0 maintenance_ready_fallback_scans=179278 stage2_search_lane_lease_limit=32 stage2_search_lane_lease_peak=16 stage2_search_lane_lease_blocked=0 maintenance_worker_observed_idle_ratio=0.602363 maintenance_worker_observed_busy_ratio=0.397637 physical_stage1_items=4127 physical_stage1_total_ns=19163200711 physical_stage1_search_ns=17980371048 physical_stage1_prune_ns=781594289 physical_stage1_allocate_write_ns=283262635 physical_stage1_backlink_ns=105798143 physical_stage1_candidates=528108 physical_stage1_remote_frontier_items=23301360 physical_stage1_neighbors=161312 peer_stage1_enqueued=6757 peer_stage1_processed=6756 peer_stage1_items=6572 avg_peer_stage1_items=0.972765 peer_stage1_rate_per_sec=328.084077 peer_stage1_max_queue=9 peer_stage1_active_workers=1 peer_stage2_home_enqueued=61032 peer_stage2_home_processed=61032 peer_stage2_home_items=6343711 avg_peer_stage2_home_items=103.940736 peer_stage2_home_max_queue=17 peer_stage2_home_response_queue_drops=0 peer_stage2_home_response_send_wait_ms=429.377459 avg_peer_stage2_home_queue_wait_us=16.211698 avg_peer_stage2_home_execution_us=50.499378 peer_stage1_release_deferred_batches=192 peer_stage1_release_deferred_items=192 peer_stage1_duplicate_retry_responses=0 peer_stage1_admission_retry_responses=0 peer_stage1_retry_response_drops=0 peer_stage1_admission_waiters=0 peer_stage1_admission_waiter_items=0 peer_stage1_admission_owned_items=0 peer_stage1_admission_wake_coverage=0 peer_stage1_admission_parked=0 peer_stage1_admission_woken=0 peer_stage1_admission_reparked=0 peer_stage1_max_admission_waiters=0 peer_stage1_duplicate_coalesced=0 peer_reverse_enqueued=2023 peer_reverse_processed=2023 peer_reverse_remaining=0 peer_reverse_items_enqueued=37118 peer_reverse_items_processed=37118 peer_reverse_rate_per_sec=1852.986121 peer_reverse_failed=44 peer_reverse_max_queue=5 reclaim_pending=35 reclaim_reused=3709 dynamic_high_watermark=19601231392 stage2_remaining=2 cleanup_remaining=0 active_contexts=8 active_context_limit=32 repair_remaining=0 remaining=57
[STATUS]: storage-owner maintenance observation: enqueued=5649 stage2_enqueued=5649 cleanup_enqueued=0 stage2_tasks_done=5574 stage2_finalized_live=5574 cleanup_processed=0 stale=0 stage2_completion_ratio=0.986723 live_stage2_completion_ratio=0.986723 avg_stage2_delay_ms=222.791563 p99_stage2_delay_upper_ms=512.000000 p99_stage2_delay_over_30s=false stage2_delay_histogram=0,0,0,0,0,0,22,476,3468,1592,16,0,0,0,0,0,0,0 max_stage2_delay_ms=601.091324 compaction_batch_target=32 compaction_max_delay_ms=25.000000 stage2_rate_per_sec=222.679804 stage1_search_budget_exhausted=0 stage2_search_budget_exhausted=0 stage2_continuations=5645 stage2_remote_frontier_items=31167107 avg_stage2_remote_frontier=5521.188131 stage2_remote_expansions=628038 avg_stage2_remote_expansions=111.255624 stage2_scored_candidates=46150106 avg_stage2_scored_candidates=8175.395217 stage2_graph_read_waves=114785 avg_stage2_expansions_per_graph_wave=5.471429 stage2_graph_unique_reads=641752 stage2_graph_prefetch_issued=460201 stage2_graph_prefetch_hits=447172 stage2_graph_prefetch_wasted=12661 stage2_graph_prefetch_promotion_ratio=0.972466 stage2_graph_issue_width_current=16 stage2_vector_read_waves=226368 avg_stage2_scores_per_vector_wave=203.872040 stage2_vector_unique_reads=42380857 stage2_home_rpc_batches=284307 stage2_home_rpc_items=31933993 avg_stage2_home_rpc_batch=112.322219 stage2_home_score_rpc_batches=126513 stage2_home_score_rpc_items=31292241 stage2_home_score_rpc_queries=833067 stage2_home_score_rpc_request_bytes=840420676 stage2_home_score_rpc_response_bytes=1006472608 avg_stage2_home_score_queries_per_rpc=6.584833 avg_stage2_home_score_rpc_batch=247.344075 stage2_home_scored_neighbors=35060090 home_scores_per_expansion=1.097892 stage2_migrations=5115 home_match_rate=0.082347 stage2_final_edges=217637 stage2_cross_edges_stage1_home=186759 stage2_cross_edges_final_home=153759 cross_edge_reduction_ratio=0.176698 failed=0 rpc_timeouts=0 reverse_aggregate_batches=0 reverse_aggregate_logical_requests=0 reverse_aggregate_ops=0 avg_reverse_aggregate_logicals=0.000000 avg_reverse_aggregate_ops=0.000000 max_backlog=9 admission_window=65536 completion_outstanding=89 completion_incomplete=75 completed_behind_hole=14 completion_logical_full_failures=0 completion_physical_full_failures=0 pressure_yields=4180 stage2_batches=872 avg_stage2_batch_size=6.473624 packing_target_batch=8 packing_admit_queue_avg=6.474771 packing_admit_queue_max=9 packing_batch_1_7=527 packing_batch_8=345 packing_assembly_batches=872 packing_assembly_wait_ms=17927.292048 packing_arrival_interval_us=2244 packing_waited_batches=527 packing_wait_ms=11755.529000 packing_target_flushes=345 packing_deadline_flushes=527 packing_cleanup_flushes=0 stage2_phase_search_attempts=866 stage2_phase_search_task_attempts=5601 stage2_phase_search_elapsed_ms=152386.831520 avg_stage2_phase_search_us_per_task=27207.075794 stage2_phase_freeze_prune_attempts=896 stage2_phase_freeze_prune_task_attempts=5811 stage2_phase_freeze_prune_elapsed_ms=3195.125450 avg_stage2_phase_freeze_prune_us_per_task=549.840897 stage2_phase_reverse_prepare_attempts=864 stage2_phase_reverse_prepare_task_attempts=5589 stage2_phase_reverse_prepare_elapsed_ms=9193.245256 avg_stage2_phase_reverse_prepare_us_per_task=1644.881957 stage2_phase_placement_authority_attempts=862 stage2_phase_placement_authority_task_attempts=5574 stage2_phase_placement_authority_elapsed_ms=1389.688570 avg_stage2_phase_placement_authority_us_per_task=249.316213 stage2_phase_completion_handoff_attempts=862 stage2_phase_completion_handoff_task_attempts=5574 stage2_phase_completion_handoff_elapsed_ms=1.235969 avg_stage2_phase_completion_handoff_us_per_task=0.221738 stage2_phase_finalize_attempts=862 stage2_phase_finalize_task_attempts=5574 stage2_phase_finalize_elapsed_ms=6.901888 avg_stage2_phase_finalize_us_per_task=1.238229 maintenance_worker_idle_waits=374656 maintenance_worker_idle_ms=115793.026152 maintenance_lost_wake_avoided=106726 maintenance_targeted_wakes=1349579 maintenance_generic_wakes=5649 maintenance_broadcast_wakes=0 maintenance_context_slots_scanned=3749952 maintenance_ready_notifications=517257 maintenance_ready_stale_notifications=0 maintenance_ready_tickets_drained=404084 maintenance_ready_overflow_scans=0 maintenance_ready_fallback_scans=234620 stage2_search_lane_lease_limit=32 stage2_search_lane_lease_peak=16 stage2_search_lane_lease_blocked=0 maintenance_worker_observed_idle_ratio=0.578238 maintenance_worker_observed_busy_ratio=0.421762 physical_stage1_items=5649 physical_stage1_total_ns=25556623208 physical_stage1_search_ns=23960853048 physical_stage1_prune_ns=1052718305 physical_stage1_allocate_write_ns=385160464 physical_stage1_backlink_ns=140974428 physical_stage1_candidates=722841 physical_stage1_remote_frontier_items=31188027 physical_stage1_neighbors=218968 peer_stage1_enqueued=9247 peer_stage1_processed=9246 peer_stage1_items=9014 avg_peer_stage1_items=0.974908 peer_stage1_rate_per_sec=360.106880 peer_stage1_max_queue=9 peer_stage1_active_workers=1 peer_stage2_home_enqueued=74938 peer_stage2_home_processed=74938 peer_stage2_home_items=7679821 avg_peer_stage2_home_items=102.482332 peer_stage2_home_max_queue=17 peer_stage2_home_response_queue_drops=0 peer_stage2_home_response_send_wait_ms=529.223499 avg_peer_stage2_home_queue_wait_us=15.689364 avg_peer_stage2_home_execution_us=49.413487 peer_stage1_release_deferred_batches=243 peer_stage1_release_deferred_items=243 peer_stage1_duplicate_retry_responses=0 peer_stage1_admission_retry_responses=0 peer_stage1_retry_response_drops=0 peer_stage1_admission_waiters=0 peer_stage1_admission_waiter_items=0 peer_stage1_admission_owned_items=0 peer_stage1_admission_wake_coverage=0 peer_stage1_admission_parked=0 peer_stage1_admission_woken=0 peer_stage1_admission_reparked=0 peer_stage1_max_admission_waiters=0 peer_stage1_duplicate_coalesced=0 peer_reverse_enqueued=2564 peer_reverse_processed=2564 peer_reverse_remaining=0 peer_reverse_items_enqueued=45854 peer_reverse_items_processed=45854 peer_reverse_rate_per_sec=1831.854990 peer_reverse_failed=52 peer_reverse_max_queue=5 reclaim_pending=15 reclaim_reused=5100 dynamic_high_watermark=19601562720 stage2_remaining=4 cleanup_remaining=0 active_contexts=10 active_context_limit=32 repair_remaining=0 remaining=75
[STATUS]: storage-owner maintenance observation: enqueued=6693 stage2_enqueued=6693 cleanup_enqueued=0 stage2_tasks_done=6693 stage2_finalized_live=6693 cleanup_processed=0 stale=0 stage2_completion_ratio=1.000000 live_stage2_completion_ratio=1.000000 avg_stage2_delay_ms=219.374740 p99_stage2_delay_upper_ms=512.000000 p99_stage2_delay_over_30s=false stage2_delay_histogram=0,0,0,0,0,0,22,585,4271,1799,16,0,0,0,0,0,0,0 max_stage2_delay_ms=601.091324 compaction_batch_target=32 compaction_max_delay_ms=25.000000 stage2_rate_per_sec=222.846057 stage1_search_budget_exhausted=0 stage2_search_budget_exhausted=0 stage2_continuations=6693 stage2_remote_frontier_items=36556994 avg_stage2_remote_frontier=5461.974302 stage2_remote_expansions=750556 avg_stage2_remote_expansions=112.140445 stage2_scored_candidates=54264494 avg_stage2_scored_candidates=8107.648887 stage2_graph_read_waves=137929 avg_stage2_expansions_per_graph_wave=5.441611 stage2_graph_unique_reads=765483 stage2_graph_prefetch_issued=549075 stage2_graph_prefetch_hits=534148 stage2_graph_prefetch_wasted=14927 stage2_graph_prefetch_promotion_ratio=0.972814 stage2_graph_issue_width_current=16 stage2_vector_read_waves=275468 avg_stage2_scores_per_vector_wave=196.990191 stage2_vector_unique_reads=49833582 stage2_home_rpc_batches=337898 stage2_home_rpc_items=37570367 avg_stage2_home_rpc_batch=111.188486 stage2_home_score_rpc_batches=149432 stage2_home_score_rpc_items=36804884 stage2_home_score_rpc_queries=986426 stage2_home_score_rpc_request_bytes=989162932 stage2_home_score_rpc_response_bytes=1183813304 avg_stage2_home_score_queries_per_rpc=6.601170 avg_stage2_home_score_rpc_batch=246.298544 stage2_home_scored_neighbors=41233749 home_scores_per_expansion=1.097507 stage2_migrations=6134 home_match_rate=0.083520 stage2_final_edges=259157 stage2_cross_edges_stage1_home=222318 stage2_cross_edges_final_home=182992 cross_edge_reduction_ratio=0.176891 failed=0 rpc_timeouts=0 reverse_aggregate_batches=0 reverse_aggregate_logical_requests=0 reverse_aggregate_ops=0 avg_reverse_aggregate_logicals=0.000000 avg_reverse_aggregate_ops=0.000000 max_backlog=9 admission_window=65536 completion_outstanding=0 completion_incomplete=0 completed_behind_hole=0 completion_logical_full_failures=0 completion_physical_full_failures=0 pressure_yields=4840 stage2_batches=1021 avg_stage2_batch_size=6.555338 packing_target_batch=8 packing_admit_queue_avg=6.556317 packing_admit_queue_max=9 packing_batch_1_7=604 packing_batch_8=417 packing_assembly_batches=1021 packing_assembly_wait_ms=20856.376647 packing_arrival_interval_us=3560 packing_waited_batches=604 packing_wait_ms=13402.034000 packing_target_flushes=417 packing_deadline_flushes=604 packing_cleanup_flushes=0 stage2_phase_search_attempts=1021 stage2_phase_search_task_attempts=6693 stage2_phase_search_elapsed_ms=178277.323511 avg_stage2_phase_search_us_per_task=26636.384807 stage2_phase_freeze_prune_attempts=1066 stage2_phase_freeze_prune_task_attempts=7010 stage2_phase_freeze_prune_elapsed_ms=3740.835793 avg_stage2_phase_freeze_prune_us_per_task=533.642766 stage2_phase_reverse_prepare_attempts=1021 stage2_phase_reverse_prepare_task_attempts=6693 stage2_phase_reverse_prepare_elapsed_ms=10660.077193 avg_stage2_phase_reverse_prepare_us_per_task=1592.720334 stage2_phase_placement_authority_attempts=1021 stage2_phase_placement_authority_task_attempts=6693 stage2_phase_placement_authority_elapsed_ms=1563.502304 avg_stage2_phase_placement_authority_us_per_task=233.602615 stage2_phase_completion_handoff_attempts=1021 stage2_phase_completion_handoff_task_attempts=6693 stage2_phase_completion_handoff_elapsed_ms=1.460481 avg_stage2_phase_completion_handoff_us_per_task=0.218210 stage2_phase_finalize_attempts=1021 stage2_phase_finalize_task_attempts=6693 stage2_phase_finalize_elapsed_ms=8.210762 avg_stage2_phase_finalize_us_per_task=1.226769 maintenance_worker_idle_waits=451008 maintenance_worker_idle_ms=139259.620222 maintenance_lost_wake_avoided=124871 maintenance_targeted_wakes=1588523 maintenance_generic_wakes=6693 maintenance_broadcast_wakes=0 maintenance_context_slots_scanned=4454160 maintenance_ready_notifications=621717 maintenance_ready_stale_notifications=0 maintenance_ready_tickets_drained=488032 maintenance_ready_overflow_scans=0 maintenance_ready_fallback_scans=278658 stage2_search_lane_lease_limit=32 stage2_search_lane_lease_peak=16 stage2_search_lane_lease_blocked=0 maintenance_worker_observed_idle_ratio=0.579588 maintenance_worker_observed_busy_ratio=0.420412 physical_stage1_items=6693 physical_stage1_total_ns=29861885593 physical_stage1_search_ns=27977448453 physical_stage1_prune_ns=1236348452 physical_stage1_allocate_write_ns=458854474 physical_stage1_backlink_ns=169625622 physical_stage1_candidates=856422 physical_stage1_remote_frontier_items=36556994 physical_stage1_neighbors=258305 peer_stage1_enqueued=10947 peer_stage1_processed=10947 peer_stage1_items=10680 avg_peer_stage1_items=0.975610 peer_stage1_rate_per_sec=355.594783 peer_stage1_max_queue=9 peer_stage1_active_workers=0 peer_stage2_home_enqueued=84011 peer_stage2_home_processed=84011 peer_stage2_home_items=8537037 avg_peer_stage2_home_items=101.618086 peer_stage2_home_max_queue=17 peer_stage2_home_response_queue_drops=0 peer_stage2_home_response_send_wait_ms=595.434478 avg_peer_stage2_home_queue_wait_us=15.408947 avg_peer_stage2_home_execution_us=48.824538 peer_stage1_release_deferred_batches=282 peer_stage1_release_deferred_items=282 peer_stage1_duplicate_retry_responses=0 peer_stage1_admission_retry_responses=0 peer_stage1_retry_response_drops=0 peer_stage1_admission_waiters=0 peer_stage1_admission_waiter_items=0 peer_stage1_admission_owned_items=0 peer_stage1_admission_wake_coverage=0 peer_stage1_admission_parked=0 peer_stage1_admission_woken=0 peer_stage1_admission_reparked=0 peer_stage1_max_admission_waiters=0 peer_stage1_duplicate_coalesced=0 peer_reverse_enqueued=2937 peer_reverse_processed=2937 peer_reverse_remaining=0 peer_reverse_items_enqueued=51663 peer_reverse_items_processed=51663 peer_reverse_rate_per_sec=1720.139821 peer_reverse_failed=59 peer_reverse_max_queue=5 reclaim_pending=63 reclaim_reused=6071 dynamic_high_watermark=19601769056 stage2_remaining=0 cleanup_remaining=0 active_contexts=0 active_context_limit=32 repair_remaining=0 remaining=0
[STATUS]: storage-owner maintenance observation: enqueued=6693 stage2_enqueued=6693 cleanup_enqueued=0 stage2_tasks_done=6693 stage2_finalized_live=6693 cleanup_processed=0 stale=0 stage2_completion_ratio=1.000000 live_stage2_completion_ratio=1.000000 avg_stage2_delay_ms=219.374740 p99_stage2_delay_upper_ms=512.000000 p99_stage2_delay_over_30s=false stage2_delay_histogram=0,0,0,0,0,0,22,585,4271,1799,16,0,0,0,0,0,0,0 max_stage2_delay_ms=601.091324 compaction_batch_target=32 compaction_max_delay_ms=25.000000 stage2_rate_per_sec=191.029627 stage1_search_budget_exhausted=0 stage2_search_budget_exhausted=0 stage2_continuations=6693 stage2_remote_frontier_items=36556994 avg_stage2_remote_frontier=5461.974302 stage2_remote_expansions=750556 avg_stage2_remote_expansions=112.140445 stage2_scored_candidates=54264494 avg_stage2_scored_candidates=8107.648887 stage2_graph_read_waves=137929 avg_stage2_expansions_per_graph_wave=5.441611 stage2_graph_unique_reads=765483 stage2_graph_prefetch_issued=549075 stage2_graph_prefetch_hits=534148 stage2_graph_prefetch_wasted=14927 stage2_graph_prefetch_promotion_ratio=0.972814 stage2_graph_issue_width_current=16 stage2_vector_read_waves=275468 avg_stage2_scores_per_vector_wave=196.990191 stage2_vector_unique_reads=49833582 stage2_home_rpc_batches=337898 stage2_home_rpc_items=37570367 avg_stage2_home_rpc_batch=111.188486 stage2_home_score_rpc_batches=149432 stage2_home_score_rpc_items=36804884 stage2_home_score_rpc_queries=986426 stage2_home_score_rpc_request_bytes=989162932 stage2_home_score_rpc_response_bytes=1183813304 avg_stage2_home_score_queries_per_rpc=6.601170 avg_stage2_home_score_rpc_batch=246.298544 stage2_home_scored_neighbors=41233749 home_scores_per_expansion=1.097507 stage2_migrations=6134 home_match_rate=0.083520 stage2_final_edges=259157 stage2_cross_edges_stage1_home=222318 stage2_cross_edges_final_home=182992 cross_edge_reduction_ratio=0.176891 failed=0 rpc_timeouts=0 reverse_aggregate_batches=0 reverse_aggregate_logical_requests=0 reverse_aggregate_ops=0 avg_reverse_aggregate_logicals=0.000000 avg_reverse_aggregate_ops=0.000000 max_backlog=9 admission_window=65536 completion_outstanding=0 completion_incomplete=0 completed_behind_hole=0 completion_logical_full_failures=0 completion_physical_full_failures=0 pressure_yields=4840 stage2_batches=1021 avg_stage2_batch_size=6.555338 packing_target_batch=8 packing_admit_queue_avg=6.556317 packing_admit_queue_max=9 packing_batch_1_7=604 packing_batch_8=417 packing_assembly_batches=1021 packing_assembly_wait_ms=20856.376647 packing_arrival_interval_us=3560 packing_waited_batches=604 packing_wait_ms=13402.034000 packing_target_flushes=417 packing_deadline_flushes=604 packing_cleanup_flushes=0 stage2_phase_search_attempts=1021 stage2_phase_search_task_attempts=6693 stage2_phase_search_elapsed_ms=178277.323511 avg_stage2_phase_search_us_per_task=26636.384807 stage2_phase_freeze_prune_attempts=1066 stage2_phase_freeze_prune_task_attempts=7010 stage2_phase_freeze_prune_elapsed_ms=3740.835793 avg_stage2_phase_freeze_prune_us_per_task=533.642766 stage2_phase_reverse_prepare_attempts=1021 stage2_phase_reverse_prepare_task_attempts=6693 stage2_phase_reverse_prepare_elapsed_ms=10660.077193 avg_stage2_phase_reverse_prepare_us_per_task=1592.720334 stage2_phase_placement_authority_attempts=1021 stage2_phase_placement_authority_task_attempts=6693 stage2_phase_placement_authority_elapsed_ms=1563.502304 avg_stage2_phase_placement_authority_us_per_task=233.602615 stage2_phase_completion_handoff_attempts=1021 stage2_phase_completion_handoff_task_attempts=6693 stage2_phase_completion_handoff_elapsed_ms=1.460481 avg_stage2_phase_completion_handoff_us_per_task=0.218210 stage2_phase_finalize_attempts=1021 stage2_phase_finalize_task_attempts=6693 stage2_phase_finalize_elapsed_ms=8.210762 avg_stage2_phase_finalize_us_per_task=1.226769 maintenance_worker_idle_waits=454912 maintenance_worker_idle_ms=178530.241977 maintenance_lost_wake_avoided=124871 maintenance_targeted_wakes=1588523 maintenance_generic_wakes=6693 maintenance_broadcast_wakes=0 maintenance_context_slots_scanned=4516624 maintenance_ready_notifications=621717 maintenance_ready_stale_notifications=0 maintenance_ready_tickets_drained=488032 maintenance_ready_overflow_scans=0 maintenance_ready_fallback_scans=282635 stage2_search_lane_lease_limit=32 stage2_search_lane_lease_peak=16 stage2_search_lane_lease_blocked=0 maintenance_worker_observed_idle_ratio=0.636945 maintenance_worker_observed_busy_ratio=0.363055 physical_stage1_items=6693 physical_stage1_total_ns=29861885593 physical_stage1_search_ns=27977448453 physical_stage1_prune_ns=1236348452 physical_stage1_allocate_write_ns=458854474 physical_stage1_backlink_ns=169625622 physical_stage1_candidates=856422 physical_stage1_remote_frontier_items=36556994 physical_stage1_neighbors=258305 peer_stage1_enqueued=10947 peer_stage1_processed=10947 peer_stage1_items=10680 avg_peer_stage1_items=0.975610 peer_stage1_rate_per_sec=304.825403 peer_stage1_max_queue=9 peer_stage1_active_workers=0 peer_stage2_home_enqueued=84011 peer_stage2_home_processed=84011 peer_stage2_home_items=8537037 avg_peer_stage2_home_items=101.618086 peer_stage2_home_max_queue=17 peer_stage2_home_response_queue_drops=0 peer_stage2_home_response_send_wait_ms=595.434478 avg_peer_stage2_home_queue_wait_us=15.408947 avg_peer_stage2_home_execution_us=48.824538 peer_stage1_release_deferred_batches=282 peer_stage1_release_deferred_items=282 peer_stage1_duplicate_retry_responses=0 peer_stage1_admission_retry_responses=0 peer_stage1_retry_response_drops=0 peer_stage1_admission_waiters=0 peer_stage1_admission_waiter_items=0 peer_stage1_admission_owned_items=0 peer_stage1_admission_wake_coverage=0 peer_stage1_admission_parked=0 peer_stage1_admission_woken=0 peer_stage1_admission_reparked=0 peer_stage1_max_admission_waiters=0 peer_stage1_duplicate_coalesced=0 peer_reverse_enqueued=2937 peer_reverse_processed=2937 peer_reverse_remaining=0 peer_reverse_items_enqueued=51663 peer_reverse_items_processed=51663 peer_reverse_rate_per_sec=1474.550072 peer_reverse_failed=59 peer_reverse_max_queue=5 reclaim_pending=63 reclaim_reused=6071 dynamic_high_watermark=19601769056 stage2_remaining=0 cleanup_remaining=0 active_contexts=0 active_context_limit=32 repair_remaining=0 remaining=0
[STATUS]: storage-owner maintenance observation: enqueued=6693 stage2_enqueued=6693 cleanup_enqueued=0 stage2_tasks_done=6693 stage2_finalized_live=6693 cleanup_processed=0 stale=0 stage2_completion_ratio=1.000000 live_stage2_completion_ratio=1.000000 avg_stage2_delay_ms=219.374740 p99_stage2_delay_upper_ms=512.000000 p99_stage2_delay_over_30s=false stage2_delay_histogram=0,0,0,0,0,0,22,585,4271,1799,16,0,0,0,0,0,0,0 max_stage2_delay_ms=601.091324 compaction_batch_target=32 compaction_max_delay_ms=25.000000 stage2_rate_per_sec=167.172554 stage1_search_budget_exhausted=0 stage2_search_budget_exhausted=0 stage2_continuations=6693 stage2_remote_frontier_items=36556994 avg_stage2_remote_frontier=5461.974302 stage2_remote_expansions=750556 avg_stage2_remote_expansions=112.140445 stage2_scored_candidates=54264494 avg_stage2_scored_candidates=8107.648887 stage2_graph_read_waves=137929 avg_stage2_expansions_per_graph_wave=5.441611 stage2_graph_unique_reads=765483 stage2_graph_prefetch_issued=549075 stage2_graph_prefetch_hits=534148 stage2_graph_prefetch_wasted=14927 stage2_graph_prefetch_promotion_ratio=0.972814 stage2_graph_issue_width_current=16 stage2_vector_read_waves=275468 avg_stage2_scores_per_vector_wave=196.990191 stage2_vector_unique_reads=49833582 stage2_home_rpc_batches=337898 stage2_home_rpc_items=37570367 avg_stage2_home_rpc_batch=111.188486 stage2_home_score_rpc_batches=149432 stage2_home_score_rpc_items=36804884 stage2_home_score_rpc_queries=986426 stage2_home_score_rpc_request_bytes=989162932 stage2_home_score_rpc_response_bytes=1183813304 avg_stage2_home_score_queries_per_rpc=6.601170 avg_stage2_home_score_rpc_batch=246.298544 stage2_home_scored_neighbors=41233749 home_scores_per_expansion=1.097507 stage2_migrations=6134 home_match_rate=0.083520 stage2_final_edges=259157 stage2_cross_edges_stage1_home=222318 stage2_cross_edges_final_home=182992 cross_edge_reduction_ratio=0.176891 failed=0 rpc_timeouts=0 reverse_aggregate_batches=0 reverse_aggregate_logical_requests=0 reverse_aggregate_ops=0 avg_reverse_aggregate_logicals=0.000000 avg_reverse_aggregate_ops=0.000000 max_backlog=9 admission_window=65536 completion_outstanding=0 completion_incomplete=0 completed_behind_hole=0 completion_logical_full_failures=0 completion_physical_full_failures=0 pressure_yields=4840 stage2_batches=1021 avg_stage2_batch_size=6.555338 packing_target_batch=8 packing_admit_queue_avg=6.556317 packing_admit_queue_max=9 packing_batch_1_7=604 packing_batch_8=417 packing_assembly_batches=1021 packing_assembly_wait_ms=20856.376647 packing_arrival_interval_us=3560 packing_waited_batches=604 packing_wait_ms=13402.034000 packing_target_flushes=417 packing_deadline_flushes=604 packing_cleanup_flushes=0 stage2_phase_search_attempts=1021 stage2_phase_search_task_attempts=6693 stage2_phase_search_elapsed_ms=178277.323511 avg_stage2_phase_search_us_per_task=26636.384807 stage2_phase_freeze_prune_attempts=1066 stage2_phase_freeze_prune_task_attempts=7010 stage2_phase_freeze_prune_elapsed_ms=3740.835793 avg_stage2_phase_freeze_prune_us_per_task=533.642766 stage2_phase_reverse_prepare_attempts=1021 stage2_phase_reverse_prepare_task_attempts=6693 stage2_phase_reverse_prepare_elapsed_ms=10660.077193 avg_stage2_phase_reverse_prepare_us_per_task=1592.720334 stage2_phase_placement_authority_attempts=1021 stage2_phase_placement_authority_task_attempts=6693 stage2_phase_placement_authority_elapsed_ms=1563.502304 avg_stage2_phase_placement_authority_us_per_task=233.602615 stage2_phase_completion_handoff_attempts=1021 stage2_phase_completion_handoff_task_attempts=6693 stage2_phase_completion_handoff_elapsed_ms=1.460481 avg_stage2_phase_completion_handoff_us_per_task=0.218210 stage2_phase_finalize_attempts=1021 stage2_phase_finalize_task_attempts=6693 stage2_phase_finalize_elapsed_ms=8.210762 avg_stage2_phase_finalize_us_per_task=1.226769 maintenance_worker_idle_waits=459008 maintenance_worker_idle_ms=219730.433148 maintenance_lost_wake_avoided=124871 maintenance_targeted_wakes=1588523 maintenance_generic_wakes=6693 maintenance_broadcast_wakes=0 maintenance_context_slots_scanned=4582160 maintenance_ready_notifications=621717 maintenance_ready_stale_notifications=0 maintenance_ready_tickets_drained=488032 maintenance_ready_overflow_scans=0 maintenance_ready_fallback_scans=286611 stage2_search_lane_lease_limit=32 stage2_search_lane_lease_peak=16 stage2_search_lane_lease_blocked=0 maintenance_worker_observed_idle_ratio=0.686032 maintenance_worker_observed_busy_ratio=0.313968 physical_stage1_items=6693 physical_stage1_total_ns=29861885593 physical_stage1_search_ns=27977448453 physical_stage1_prune_ns=1236348452 physical_stage1_allocate_write_ns=458854474 physical_stage1_backlink_ns=169625622 physical_stage1_candidates=856422 physical_stage1_remote_frontier_items=36556994 physical_stage1_neighbors=258305 peer_stage1_enqueued=10947 peer_stage1_processed=10947 peer_stage1_items=10680 avg_peer_stage1_items=0.975610 peer_stage1_rate_per_sec=266.756742 peer_stage1_max_queue=9 peer_stage1_active_workers=0 peer_stage2_home_enqueued=84011 peer_stage2_home_processed=84011 peer_stage2_home_items=8537037 avg_peer_stage2_home_items=101.618086 peer_stage2_home_max_queue=17 peer_stage2_home_response_queue_drops=0 peer_stage2_home_response_send_wait_ms=595.434478 avg_peer_stage2_home_queue_wait_us=15.408947 avg_peer_stage2_home_execution_us=48.824538 peer_stage1_release_deferred_batches=282 peer_stage1_release_deferred_items=282 peer_stage1_duplicate_retry_responses=0 peer_stage1_admission_retry_responses=0 peer_stage1_retry_response_drops=0 peer_stage1_admission_waiters=0 peer_stage1_admission_waiter_items=0 peer_stage1_admission_owned_items=0 peer_stage1_admission_wake_coverage=0 peer_stage1_admission_parked=0 peer_stage1_admission_woken=0 peer_stage1_admission_reparked=0 peer_stage1_max_admission_waiters=0 peer_stage1_duplicate_coalesced=0 peer_reverse_enqueued=2937 peer_reverse_processed=2937 peer_reverse_remaining=0 peer_reverse_items_enqueued=51663 peer_reverse_items_processed=51663 peer_reverse_rate_per_sec=1290.398272 peer_reverse_failed=59 peer_reverse_max_queue=5 reclaim_pending=63 reclaim_reused=6071 dynamic_high_watermark=19601769056 stage2_remaining=0 cleanup_remaining=0 active_contexts=0 active_context_limit=32 repair_remaining=0 remaining=0
