============================================================
                        SERVER
============================================================
num clients:                  1
TCP port:                     1234
QP handshake timeout (ms):    10000
IB device:                    <auto>
IB port:                      1
max outstanding CQEs:         64
max send work requests:       4096
max receive work requests:    4096
============================================================
index prefix:                     "/data/xjs/index/dvstor_spacev100m/index/spacev100m_R96_bw128_balanced_pmd32_pq20_schema16"
storage shard:                    "/data/xjs/index/dvstor_spacev100m/index/spacev100m_R96_bw128_balanced_pmd32_pq20_schema16_node1_of5.dat"
storage id:                       0
base vectors:                     100000000
vector ID namespace [0,N):        4294967295
registered memory GiB:            22
====================================================================
1 device(s) found
Selected device: ibp86s0
Selected port state: 4, lid: 8, active_mtu: 5
interleaved policy
num_cores: 112
physical cores per socket: 28
hyperthreading enabled
local process CPU partition: rank 0/5 logical_cpus=24
pairing: 76040 -- 6739
[STATUS]: loaded index metadata from /data/xjs/index/dvstor_spacev100m/index/spacev100m_R96_bw128_balanced_pmd32_pq20_schema16 (layout=plain, vector_data_type=int8)
[STATUS]: storage-owner stage2 candidate width L=128 per shard
allocation size: 23622320128
allocated ALIGNED MEM (no hugepage) at 133147045920832 with buffer size 23622320128
[STATUS]: loading index (19200000128 Bytes) from /data/xjs/index/dvstor_spacev100m/index/spacev100m_R96_bw128_balanced_pmd32_pq20_schema16_node1_of5.dat
[STATUS]: loaded GPU PQ codes (400000000 Bytes) at remote offset 19200004224
[STATUS]: storage-owner idmap loaded entries=20000000 format=owner_sharded_v2_bound immutable_base=true dynamic_shards=256 dynamic_reserved=65536
[STATUS]: compensated physical centroid restored on shard 0: vectors=20000000 entries=4
[STATUS]: register memory and distribute access token
[STATUS]: connect QPs of compute threads
[STATUS]: reserving 64 GPU/bootstrap QPs per compute node
pairing: 76046 -- 6744
pairing: 76050 -- 6749
pairing: 76055 -- 6754
pairing: 76060 -- 6759
pairing: 76065 -- 6764
pairing: 76070 -- 6769
pairing: 76075 -- 6774
pairing: 76080 -- 6779
pairing: 76085 -- 6784
pairing: 76090 -- 6789
pairing: 76095 -- 6794
pairing: 76100 -- 6799
pairing: 76105 -- 6804
pairing: 76110 -- 6809
pairing: 76115 -- 6814
pairing: 76120 -- 6819
pairing: 76125 -- 6824
pairing: 76130 -- 6829
pairing: 76135 -- 6834
pairing: 76140 -- 6839
pairing: 76145 -- 6844
pairing: 76150 -- 6849
pairing: 76155 -- 6854
pairing: 76160 -- 6859
pairing: 76165 -- 6864
pairing: 76170 -- 6869
pairing: 76175 -- 6874
pairing: 76180 -- 6879
pairing: 76185 -- 6884
pairing: 76190 -- 6889
pairing: 76195 -- 6894
pairing: 76200 -- 6899
pairing: 76205 -- 6904
pairing: 76210 -- 6905
pairing: 76211 -- 6906
pairing: 76212 -- 6907
pairing: 76213 -- 6908
pairing: 76214 -- 6909
pairing: 76215 -- 6910
pairing: 76216 -- 6911
pairing: 76217 -- 6912
pairing: 76218 -- 6913
pairing: 76219 -- 6914
pairing: 76220 -- 6915
pairing: 76221 -- 6916
pairing: 76222 -- 6917
pairing: 76223 -- 6918
pairing: 76224 -- 6919
pairing: 76225 -- 6920
pairing: 76226 -- 6921
pairing: 76227 -- 6922
pairing: 76228 -- 6923
pairing: 76229 -- 6924
pairing: 76230 -- 6925
pairing: 76231 -- 6926
pairing: 76232 -- 6927
pairing: 76233 -- 6928
pairing: 76234 -- 6929
pairing: 76235 -- 6930
pairing: 76236 -- 6931
pairing: 76237 -- 6932
pairing: 76238 -- 6933
pairing: 76239 -- 6934
pairing: 76240 -- 6935
[STATUS]: waiting for compute-node startup barrier
1 device(s) found
Selected device: ibp86s0
Selected port state: 4, lid: 8, active_mtu: 5
pairing: 76365 -- 76367
pairing: 76370 -- 76366
pairing: 76373 -- 76368
pairing: 76374 -- 76369
pairing: 76377 -- 76371
pairing: 76379 -- 76372
pairing: 76380 -- 76375
pairing: 76382 -- 76376
pairing: 76385 -- 76378
pairing: 76386 -- 76381
pairing: 76388 -- 76383
pairing: 76390 -- 76384
pairing: 76392 -- 76387
pairing: 76394 -- 76389
pairing: 76396 -- 76391
pairing: 76398 -- 76393
pairing: 76400 -- 76395
pairing: 76402 -- 76397
pairing: 76404 -- 76399
pairing: 76406 -- 76401
pairing: 76408 -- 76403
pairing: 76410 -- 76405
pairing: 76412 -- 76407
pairing: 76414 -- 76409
pairing: 76416 -- 76411
pairing: 76418 -- 76413
pairing: 76420 -- 76415
pairing: 76422 -- 76417
pairing: 76424 -- 76419
pairing: 76426 -- 76421
pairing: 76428 -- 76423
pairing: 76430 -- 76427
[STATUS]: storage-owner peer RDMA QPs per peer: 8
[STATUS]: storage-owner peer QP0 reserved for RPC; data RDMA uses QP1..7
allocated ALIGNED MEM (no hugepage) at 133145978470464 with buffer size 67108864
allocated ALIGNED MEM (no hugepage) at 133145938624576 with buffer size 39839040
[STATUS]: storage-owner peer RPC receive slots per peer: 64 (requested=64)
[STATUS]: storage-owner peer RPC concurrent sends per peer: 16
[STATUS]: storage-owner peer RPC send credits: Stage1/graph are split at depth >= 2; responses use a dedicated sync buffer
[STATUS]: storage-owner peer async response capacity: 32768
[STATUS]: storage-owner Stage2 home RPC combining: enabled logical_capacity=18432 aggregate_capacity=4608 byte_budget=33586224
allocated ALIGNED MEM (no hugepage) at 98730656843264 with buffer size 96256
allocated ALIGNED MEM (no hugepage) at 133146213654592 with buffer size 212992
allocated ALIGNED MEM (no hugepage) at 133146209353792 with buffer size 212992
[STATUS]: storage-owner peer reverse-update workers: 2
[STATUS]: storage-owner peer Stage1 workers: 4; Stage2-home workers: 1 (one reserved; shared lanes borrow authoritative work only)
[STATUS]: storage-owner physical control workers: cleanup=2 placement=1 (separate blocking domains)
[STATUS]: storage-owner peer progress threads: cq=1 response_dispatch=1
[STATUS]: storage-owner Stage1 artifact capacity: 67712 (64-way, per shard=1058) cleanup replay per shard=2048 active migration receipts=131072
[STATUS]: storage-owner peer reverse-update tuning: queue_depth=65536 coalesce_max=256
allocated ALIGNED MEM (no hugepage) at 133146197815360 with buffer size 855296
allocated ALIGNED MEM (no hugepage) at 133146196959296 with buffer size 855296
allocated ALIGNED MEM (no hugepage) at 133146193621056 with buffer size 855296
allocated ALIGNED MEM (no hugepage) at 133146192564288 with buffer size 855296
allocated ALIGNED MEM (no hugepage) at 133146189226048 with buffer size 855296
allocated ALIGNED MEM (no hugepage) at 133146185232448 with buffer size 855296
allocated ALIGNED MEM (no hugepage) at 133146184376384 with buffer size 855296
allocated ALIGNED MEM (no hugepage) at 133146181038144 with buffer size 855296
[STATUS]: storage-owner peer scratch: snapshot_slot=192 graph_slot=832 batch=256 lane_peak_rdma_wrs=56 lane_useful_wave_rdma_wrs=56 global_read_window=224 search_lanes_global=32 search_lanes_credit_derived=16 search_lane_lease_cap=32 search_lanes_physical_per_worker=4 ready_context_runtime_epoch=1 bytes_per_lane=213824 bytes_total=6842368
[STATUS]: storage-owner maintenance workers: 8 (configured=8, admission_baseline_workers=2, context_limit=32, semantic_execution_batch=8, work_conserving=true)
[STATUS]: storage-owner stage2 reverse outbox descriptors: 128 aggregates=128 wire_max_ops=3072 (shared per-peer work-conserving aggregation)
[STATUS]: storage-owner maintenance tuning: protocol=centroid-home-two-stage compaction_batch_target=32 packing_policy=deterministic_b8 packing_tail_wait_us=arrival_adaptive_capped_25000 packing_context_limit=8 backlog_limit=65536 admission_credit=bounded_accepted_backlog admission_window=65536 physical_completion_capacity=65536
[STATUS]: storage-owner peer RDMA read credits: per_data_qp=8 data_qps_per_peer=7 per_peer=56 global=224 shared_cq_read_budget=8095 ordered_snapshot_pairs_per_chain=4 (requested_per_data_qp=16)
[STATUS]: storage-owner online insert tuning: construction_beam=128 snapshot_batch=256 protocol=centroid-home-two-stage
[STATUS]: storage-owner stage1=physical-home local search and backlinks; stage2=generation-fenced home expand+score continuation
[STATUS]: storage-owner responses=foreground direct post; completion=repost by service poller
[STATUS]: storage-owner foreground pipeline: coordinators=12 cpu_lanes=3 (assigned_cpus=24, rpc_parallelism=16)
[STATUS]: storage-owner CPU plan: foreground_cpu=3 foreground_coordinators=12 maintenance=8 peer_stage1=5 (split into isolated Stage1/Stage2-home domains) peer_reverse=2 peer_cleanup=2 peer_placement=1 peer_progress=2 foreground_progress=1
[STATUS]: storage-owner insert runtime enabled on shard 0
[STATUS]: storage-owner maintenance observation: enqueued=156 stage2_enqueued=156 cleanup_enqueued=0 stage2_tasks_done=152 stage2_finalized_live=152 cleanup_processed=0 stale=0 stage2_completion_ratio=0.974359 live_stage2_completion_ratio=0.974359 avg_stage2_delay_ms=180.016419 p99_stage2_delay_upper_ms=512.000000 p99_stage2_delay_over_30s=false stage2_delay_histogram=0,0,0,0,0,0,4,38,85,25,0,0,0,0,0,0,0,0 max_stage2_delay_ms=351.274968 compaction_batch_target=32 compaction_max_delay_ms=25.000000 stage2_rate_per_sec=30.264878 stage1_search_budget_exhausted=0 stage2_search_budget_exhausted=0 stage2_continuations=154 stage2_remote_frontier_items=1028018 avg_stage2_remote_frontier=6675.441558 stage2_remote_expansions=17211 avg_stage2_remote_expansions=111.759740 stage2_scored_candidates=1577599 avg_stage2_scored_candidates=10244.149351 stage2_graph_read_waves=4189 avg_stage2_expansions_per_graph_wave=4.108618 stage2_graph_unique_reads=17985 stage2_graph_prefetch_issued=11954 stage2_graph_prefetch_hits=11395 stage2_graph_prefetch_wasted=541 stage2_graph_prefetch_promotion_ratio=0.954675 stage2_graph_issue_width_current=16 stage2_vector_read_waves=7406 avg_stage2_scores_per_vector_wave=213.016338 stage2_vector_unique_reads=1440372 stage2_home_rpc_batches=9529 stage2_home_rpc_items=1048003 avg_stage2_home_rpc_batch=109.980376 stage2_home_score_rpc_batches=4068 stage2_home_score_rpc_items=1030018 stage2_home_score_rpc_queries=15319 stage2_home_score_rpc_request_bytes=26447592 stage2_home_score_rpc_response_bytes=33123464 avg_stage2_home_score_queries_per_rpc=3.765733 avg_stage2_home_score_rpc_batch=253.200098 stage2_home_scored_neighbors=1167245 home_scores_per_expansion=1.113780 stage2_migrations=144 home_match_rate=0.052632 stage2_final_edges=5320 stage2_cross_edges_stage1_home=4641 stage2_cross_edges_final_home=3731 cross_edge_reduction_ratio=0.196078 failed=0 rpc_timeouts=0 reverse_aggregate_batches=0 reverse_aggregate_logical_requests=0 reverse_aggregate_ops=0 avg_reverse_aggregate_logicals=0.000000 avg_reverse_aggregate_ops=0.000000 max_backlog=6 admission_window=65536 completion_outstanding=4 completion_incomplete=4 completed_behind_hole=0 completion_logical_full_failures=0 completion_physical_full_failures=0 pressure_yields=1 stage2_batches=48 avg_stage2_batch_size=3.208333 packing_target_batch=8 packing_admit_queue_avg=3.208333 packing_admit_queue_max=6 packing_batch_1_7=48 packing_batch_8=0 packing_assembly_batches=48 packing_assembly_wait_ms=1202.396467 packing_arrival_interval_us=19942 packing_waited_batches=48 packing_wait_ms=1200.000000 packing_target_flushes=0 packing_deadline_flushes=48 packing_cleanup_flushes=0 stage2_phase_search_attempts=47 stage2_phase_search_task_attempts=152 stage2_phase_search_elapsed_ms=5263.254556 avg_stage2_phase_search_us_per_task=34626.674711 stage2_phase_freeze_prune_attempts=48 stage2_phase_freeze_prune_task_attempts=155 stage2_phase_freeze_prune_elapsed_ms=124.828760 avg_stage2_phase_freeze_prune_us_per_task=805.346839 stage2_phase_reverse_prepare_attempts=47 stage2_phase_reverse_prepare_task_attempts=152 stage2_phase_reverse_prepare_elapsed_ms=504.240269 avg_stage2_phase_reverse_prepare_us_per_task=3317.370191 stage2_phase_placement_authority_attempts=47 stage2_phase_placement_authority_task_attempts=152 stage2_phase_placement_authority_elapsed_ms=119.575234 avg_stage2_phase_placement_authority_us_per_task=786.679171 stage2_phase_completion_handoff_attempts=47 stage2_phase_completion_handoff_task_attempts=152 stage2_phase_completion_handoff_elapsed_ms=0.069470 avg_stage2_phase_completion_handoff_us_per_task=0.457039 stage2_phase_finalize_attempts=47 stage2_phase_finalize_task_attempts=152 stage2_phase_finalize_elapsed_ms=0.246254 avg_stage2_phase_finalize_us_per_task=1.620092 maintenance_worker_idle_waits=15616 maintenance_worker_idle_ms=35994.054575 maintenance_lost_wake_avoided=2100 maintenance_targeted_wakes=29781 maintenance_generic_wakes=156 maintenance_broadcast_wakes=0 maintenance_context_slots_scanned=127376 maintenance_ready_notifications=17112 maintenance_ready_stale_notifications=0 maintenance_ready_tickets_drained=14079 maintenance_ready_overflow_scans=0 maintenance_ready_fallback_scans=8126 stage2_search_lane_lease_limit=32 stage2_search_lane_lease_peak=8 stage2_search_lane_lease_blocked=0 maintenance_worker_observed_idle_ratio=0.895852 maintenance_worker_observed_busy_ratio=0.104148 physical_stage1_items=156 physical_stage1_total_ns=1073702137 physical_stage1_search_ns=1022598557 physical_stage1_prune_ns=31834348 physical_stage1_allocate_write_ns=13856696 physical_stage1_backlink_ns=4902779 physical_stage1_candidates=19968 physical_stage1_remote_frontier_items=1043319 physical_stage1_neighbors=5006 peer_stage1_enqueued=266 peer_stage1_processed=266 peer_stage1_items=250 avg_peer_stage1_items=0.939850 peer_stage1_rate_per_sec=49.777760 peer_stage1_max_queue=2 peer_stage1_active_workers=0 peer_stage2_home_enqueued=10400 peer_stage2_home_processed=10399 peer_stage2_home_items=1130111 avg_peer_stage2_home_items=108.674969 peer_stage2_home_max_queue=11 peer_stage2_home_response_queue_drops=0 peer_stage2_home_response_send_wait_ms=70.406918 avg_peer_stage2_home_queue_wait_us=20.608087 avg_peer_stage2_home_execution_us=57.986398 peer_stage1_release_deferred_batches=16 peer_stage1_release_deferred_items=16 peer_stage1_duplicate_retry_responses=0 peer_stage1_admission_retry_responses=0 peer_stage1_retry_response_drops=0 peer_stage1_admission_waiters=0 peer_stage1_admission_waiter_items=0 peer_stage1_admission_owned_items=0 peer_stage1_admission_wake_coverage=0 peer_stage1_admission_parked=0 peer_stage1_admission_woken=0 peer_stage1_admission_reparked=0 peer_stage1_max_admission_waiters=0 peer_stage1_duplicate_coalesced=0 peer_reverse_enqueued=308 peer_reverse_processed=307 peer_reverse_remaining=1 peer_reverse_items_enqueued=5810 peer_reverse_items_processed=5782 peer_reverse_rate_per_sec=1151.260034 peer_reverse_failed=7 peer_reverse_max_queue=2 reclaim_pending=2 reclaim_reused=142 dynamic_high_watermark=19600221536 stage2_remaining=2 cleanup_remaining=0 active_contexts=1 active_context_limit=32 repair_remaining=0 remaining=4
[STATUS]: storage-owner maintenance observation: enqueued=537 stage2_enqueued=537 cleanup_enqueued=0 stage2_tasks_done=537 stage2_finalized_live=537 cleanup_processed=0 stale=0 stage2_completion_ratio=1.000000 live_stage2_completion_ratio=1.000000 avg_stage2_delay_ms=210.015003 p99_stage2_delay_upper_ms=1000.000000 p99_stage2_delay_over_30s=false stage2_delay_histogram=0,0,0,0,0,0,17,113,254,145,8,0,0,0,0,0,0,0 max_stage2_delay_ms=688.086825 compaction_batch_target=32 compaction_max_delay_ms=25.000000 stage2_rate_per_sec=53.579150 stage1_search_budget_exhausted=0 stage2_search_budget_exhausted=0 stage2_continuations=537 stage2_remote_frontier_items=3600362 avg_stage2_remote_frontier=6704.584730 stage2_remote_expansions=60841 avg_stage2_remote_expansions=113.297952 stage2_scored_candidates=5491505 avg_stage2_scored_candidates=10226.266294 stage2_graph_read_waves=14347 avg_stage2_expansions_per_graph_wave=4.240677 stage2_graph_unique_reads=62811 stage2_graph_prefetch_issued=41464 stage2_graph_prefetch_hits=39494 stage2_graph_prefetch_wasted=1970 stage2_graph_prefetch_promotion_ratio=0.952489 stage2_graph_issue_width_current=16 stage2_vector_read_waves=25740 avg_stage2_scores_per_vector_wave=213.345183 stage2_vector_unique_reads=5018949 stage2_home_rpc_batches=33422 stage2_home_rpc_items=3674184 avg_stage2_home_rpc_batch=109.933098 stage2_home_score_rpc_batches=14312 stage2_home_score_rpc_items=3611373 stage2_home_score_rpc_queries=61753 stage2_home_score_rpc_request_bytes=93534500 stage2_home_score_rpc_response_bytes=116137592 avg_stage2_home_score_queries_per_rpc=4.314771 avg_stage2_home_score_rpc_batch=252.331819 stage2_home_scored_neighbors=4083789 home_scores_per_expansion=1.111482 stage2_migrations=502 home_match_rate=0.065177 stage2_final_edges=20010 stage2_cross_edges_stage1_home=17460 stage2_cross_edges_final_home=14069 cross_edge_reduction_ratio=0.194215 failed=0 rpc_timeouts=0 reverse_aggregate_batches=0 reverse_aggregate_logical_requests=0 reverse_aggregate_ops=0 avg_reverse_aggregate_logicals=0.000000 avg_reverse_aggregate_ops=0.000000 max_backlog=8 admission_window=65536 completion_outstanding=0 completion_incomplete=0 completed_behind_hole=0 completion_logical_full_failures=0 completion_physical_full_failures=0 pressure_yields=1072 stage2_batches=150 avg_stage2_batch_size=3.580000 packing_target_batch=8 packing_admit_queue_avg=3.580000 packing_admit_queue_max=8 packing_batch_1_7=146 packing_batch_8=4 packing_assembly_batches=150 packing_assembly_wait_ms=3741.638652 packing_arrival_interval_us=25000 packing_waited_batches=146 packing_wait_ms=3648.254000 packing_target_flushes=4 packing_deadline_flushes=146 packing_cleanup_flushes=0 stage2_phase_search_attempts=150 stage2_phase_search_task_attempts=537 stage2_phase_search_elapsed_ms=20163.844109 avg_stage2_phase_search_us_per_task=37549.057931 stage2_phase_freeze_prune_attempts=151 stage2_phase_freeze_prune_task_attempts=540 stage2_phase_freeze_prune_elapsed_ms=366.207801 avg_stage2_phase_freeze_prune_us_per_task=678.162594 stage2_phase_reverse_prepare_attempts=150 stage2_phase_reverse_prepare_task_attempts=537 stage2_phase_reverse_prepare_elapsed_ms=1349.084245 avg_stage2_phase_reverse_prepare_us_per_task=2512.261164 stage2_phase_placement_authority_attempts=150 stage2_phase_placement_authority_task_attempts=537 stage2_phase_placement_authority_elapsed_ms=245.296691 avg_stage2_phase_placement_authority_us_per_task=456.790858 stage2_phase_completion_handoff_attempts=150 stage2_phase_completion_handoff_task_attempts=537 stage2_phase_completion_handoff_elapsed_ms=0.217447 avg_stage2_phase_completion_handoff_us_per_task=0.404929 stage2_phase_finalize_attempts=150 stage2_phase_finalize_task_attempts=537 stage2_phase_finalize_elapsed_ms=0.823953 avg_stage2_phase_finalize_us_per_task=1.534363 maintenance_worker_idle_waits=49472 maintenance_worker_idle_ms=69559.163896 maintenance_lost_wake_avoided=8856 maintenance_targeted_wakes=121537 maintenance_generic_wakes=537 maintenance_broadcast_wakes=0 maintenance_context_slots_scanned=392128 maintenance_ready_notifications=59840 maintenance_ready_stale_notifications=0 maintenance_ready_tickets_drained=48734 maintenance_ready_overflow_scans=0 maintenance_ready_fallback_scans=24628 stage2_search_lane_lease_limit=32 stage2_search_lane_lease_peak=10 stage2_search_lane_lease_blocked=0 maintenance_worker_observed_idle_ratio=0.867533 maintenance_worker_observed_busy_ratio=0.132467 physical_stage1_items=537 physical_stage1_total_ns=3028852952 physical_stage1_search_ns=2889326326 physical_stage1_prune_ns=89415979 physical_stage1_allocate_write_ns=35256813 physical_stage1_backlink_ns=13393759 physical_stage1_candidates=68728 physical_stage1_remote_frontier_items=3600362 physical_stage1_neighbors=17971 peer_stage1_enqueued=905 peer_stage1_processed=905 peer_stage1_items=874 avg_peer_stage1_items=0.965746 peer_stage1_rate_per_sec=87.203309 peer_stage1_max_queue=2 peer_stage1_active_workers=0 peer_stage2_home_enqueued=37767 peer_stage2_home_processed=37766 peer_stage2_home_items=4163157 avg_peer_stage2_home_items=110.235582 peer_stage2_home_max_queue=11 peer_stage2_home_response_queue_drops=0 peer_stage2_home_response_send_wait_ms=244.615876 avg_peer_stage2_home_queue_wait_us=15.812609 avg_peer_stage2_home_execution_us=54.571676 peer_stage1_release_deferred_batches=31 peer_stage1_release_deferred_items=31 peer_stage1_duplicate_retry_responses=0 peer_stage1_admission_retry_responses=0 peer_stage1_retry_response_drops=0 peer_stage1_admission_waiters=0 peer_stage1_admission_waiter_items=0 peer_stage1_admission_owned_items=0 peer_stage1_admission_wake_coverage=0 peer_stage1_admission_parked=0 peer_stage1_admission_woken=0 peer_stage1_admission_reparked=0 peer_stage1_max_admission_waiters=0 peer_stage1_duplicate_coalesced=0 peer_reverse_enqueued=1129 peer_reverse_processed=1129 peer_reverse_remaining=0 peer_reverse_items_enqueued=23422 peer_reverse_items_processed=23422 peer_reverse_rate_per_sec=2336.928955 peer_reverse_failed=23 peer_reverse_max_queue=2 reclaim_pending=0 reclaim_reused=502 dynamic_high_watermark=19600762176 stage2_remaining=0 cleanup_remaining=0 active_contexts=0 active_context_limit=32 repair_remaining=0 remaining=0
[STATUS]: storage-owner maintenance observation: enqueued=588 stage2_enqueued=588 cleanup_enqueued=0 stage2_tasks_done=587 stage2_finalized_live=587 cleanup_processed=0 stale=0 stage2_completion_ratio=0.998299 live_stage2_completion_ratio=0.998299 avg_stage2_delay_ms=198.293076 p99_stage2_delay_upper_ms=1000.000000 p99_stage2_delay_over_30s=false stage2_delay_histogram=0,0,0,0,0,0,39,138,257,145,8,0,0,0,0,0,0,0 max_stage2_delay_ms=688.086825 compaction_batch_target=32 compaction_max_delay_ms=25.000000 stage2_rate_per_sec=39.074611 stage1_search_budget_exhausted=0 stage2_search_budget_exhausted=0 stage2_continuations=588 stage2_remote_frontier_items=3928204 avg_stage2_remote_frontier=6680.619048 stage2_remote_expansions=66436 avg_stage2_remote_expansions=112.986395 stage2_scored_candidates=5984095 avg_stage2_scored_candidates=10177.032313 stage2_graph_read_waves=16413 avg_stage2_expansions_per_graph_wave=4.047767 stage2_graph_unique_reads=68724 stage2_graph_prefetch_issued=45126 stage2_graph_prefetch_hits=42932 stage2_graph_prefetch_wasted=2182 stage2_graph_prefetch_promotion_ratio=0.951634 stage2_graph_issue_width_current=16 stage2_vector_read_waves=30671 avg_stage2_scores_per_vector_wave=195.105963 stage2_vector_unique_reads=5470471 stage2_home_rpc_batches=36939 stage2_home_rpc_items=4002080 avg_stage2_home_rpc_batch=108.342944 stage2_home_score_rpc_batches=15630 stage2_home_score_rpc_items=3933356 stage2_home_score_rpc_queries=64189 stage2_home_score_rpc_request_bytes=101568596 stage2_home_score_rpc_response_bytes=126494144 avg_stage2_home_score_queries_per_rpc=4.106782 avg_stage2_home_score_rpc_batch=251.654255 stage2_home_scored_neighbors=4446846 home_scores_per_expansion=1.111134 stage2_migrations=548 home_match_rate=0.066440 stage2_final_edges=22104 stage2_cross_edges_stage1_home=19267 stage2_cross_edges_final_home=15557 cross_edge_reduction_ratio=0.192557 failed=0 rpc_timeouts=0 reverse_aggregate_batches=0 reverse_aggregate_logical_requests=0 reverse_aggregate_ops=0 avg_reverse_aggregate_logicals=0.000000 avg_reverse_aggregate_ops=0.000000 max_backlog=8 admission_window=65536 completion_outstanding=1 completion_incomplete=1 completed_behind_hole=0 completion_logical_full_failures=0 completion_physical_full_failures=0 pressure_yields=1073 stage2_batches=187 avg_stage2_batch_size=3.144385 packing_target_batch=8 packing_admit_queue_avg=3.144385 packing_admit_queue_max=8 packing_batch_1_7=183 packing_batch_8=4 packing_assembly_batches=187 packing_assembly_wait_ms=4668.771860 packing_arrival_interval_us=25000 packing_waited_batches=183 packing_wait_ms=4573.254000 packing_target_flushes=4 packing_deadline_flushes=183 packing_cleanup_flushes=0 stage2_phase_search_attempts=186 stage2_phase_search_task_attempts=587 stage2_phase_search_elapsed_ms=21091.128750 avg_stage2_phase_search_us_per_task=35930.372658 stage2_phase_freeze_prune_attempts=188 stage2_phase_freeze_prune_task_attempts=591 stage2_phase_freeze_prune_elapsed_ms=402.807552 avg_stage2_phase_freeze_prune_us_per_task=681.569462 stage2_phase_reverse_prepare_attempts=186 stage2_phase_reverse_prepare_task_attempts=587 stage2_phase_reverse_prepare_elapsed_ms=1468.922061 avg_stage2_phase_reverse_prepare_us_per_task=2502.422591 stage2_phase_placement_authority_attempts=186 stage2_phase_placement_authority_task_attempts=587 stage2_phase_placement_authority_elapsed_ms=269.039447 avg_stage2_phase_placement_authority_us_per_task=458.329552 stage2_phase_completion_handoff_attempts=186 stage2_phase_completion_handoff_task_attempts=587 stage2_phase_completion_handoff_elapsed_ms=0.270640 avg_stage2_phase_completion_handoff_us_per_task=0.461056 stage2_phase_finalize_attempts=186 stage2_phase_finalize_task_attempts=587 stage2_phase_finalize_elapsed_ms=0.952148 avg_stage2_phase_finalize_us_per_task=1.622058 maintenance_worker_idle_waits=61120 maintenance_worker_idle_ms=108576.815099 maintenance_lost_wake_avoided=9187 maintenance_targeted_wakes=130343 maintenance_generic_wakes=588 maintenance_broadcast_wakes=0 maintenance_context_slots_scanned=459840 maintenance_ready_notifications=68502 maintenance_ready_stale_notifications=0 maintenance_ready_tickets_drained=56545 maintenance_ready_overflow_scans=0 maintenance_ready_fallback_scans=28890 stage2_search_lane_lease_limit=32 stage2_search_lane_lease_peak=10 stage2_search_lane_lease_blocked=0 maintenance_worker_observed_idle_ratio=0.903449 maintenance_worker_observed_busy_ratio=0.096551 physical_stage1_items=588 physical_stage1_total_ns=3272161966 physical_stage1_search_ns=3119796001 physical_stage1_prune_ns=98323290 physical_stage1_allocate_write_ns=38112619 physical_stage1_backlink_ns=14316910 physical_stage1_candidates=75256 physical_stage1_remote_frontier_items=3928204 physical_stage1_neighbors=20063 peer_stage1_enqueued=981 peer_stage1_processed=981 peer_stage1_items=950 avg_peer_stage1_items=0.968400 peer_stage1_rate_per_sec=63.238297 peer_stage1_max_queue=2 peer_stage1_active_workers=0 peer_stage2_home_enqueued=71282 peer_stage2_home_processed=71282 peer_stage2_home_items=7787794 avg_peer_stage2_home_items=109.253304 peer_stage2_home_max_queue=11 peer_stage2_home_response_queue_drops=0 peer_stage2_home_response_send_wait_ms=424.653671 avg_peer_stage2_home_queue_wait_us=14.719402 avg_peer_stage2_home_execution_us=52.327797 peer_stage1_release_deferred_batches=31 peer_stage1_release_deferred_items=31 peer_stage1_duplicate_retry_responses=0 peer_stage1_admission_retry_responses=0 peer_stage1_retry_response_drops=0 peer_stage1_admission_waiters=0 peer_stage1_admission_waiter_items=0 peer_stage1_admission_owned_items=0 peer_stage1_admission_wake_coverage=0 peer_stage1_admission_parked=0 peer_stage1_admission_woken=0 peer_stage1_admission_reparked=0 peer_stage1_max_admission_waiters=0 peer_stage1_duplicate_coalesced=0 peer_reverse_enqueued=2075 peer_reverse_processed=2075 peer_reverse_remaining=0 peer_reverse_items_enqueued=46728 peer_reverse_items_processed=46728 peer_reverse_rate_per_sec=3110.525435 peer_reverse_failed=41 peer_reverse_max_queue=2 reclaim_pending=0 reclaim_reused=548 dynamic_high_watermark=19601436736 stage2_remaining=0 cleanup_remaining=0 active_contexts=1 active_context_limit=32 repair_remaining=0 remaining=1
[STATUS]: storage-owner maintenance observation: enqueued=662 stage2_enqueued=662 cleanup_enqueued=0 stage2_tasks_done=661 stage2_finalized_live=661 cleanup_processed=0 stale=0 stage2_completion_ratio=0.998489 live_stage2_completion_ratio=0.998489 avg_stage2_delay_ms=183.774496 p99_stage2_delay_upper_ms=1000.000000 p99_stage2_delay_over_30s=false stage2_delay_histogram=0,0,0,0,0,0,86,161,261,145,8,0,0,0,0,0,0,0 max_stage2_delay_ms=688.086825 compaction_batch_target=32 compaction_max_delay_ms=25.000000 stage2_rate_per_sec=33.009355 stage1_search_budget_exhausted=0 stage2_search_budget_exhausted=0 stage2_continuations=661 stage2_remote_frontier_items=4383277 avg_stage2_remote_frontier=6631.281392 stage2_remote_expansions=74739 avg_stage2_remote_expansions=113.069592 stage2_scored_candidates=6668261 avg_stage2_scored_candidates=10088.140696 stage2_graph_read_waves=19216 avg_stage2_expansions_per_graph_wave=3.889415 stage2_graph_unique_reads=77165 stage2_graph_prefetch_issued=50508 stage2_graph_prefetch_hits=48082 stage2_graph_prefetch_wasted=2426 stage2_graph_prefetch_promotion_ratio=0.951968 stage2_graph_issue_width_current=16 stage2_vector_read_waves=37469 avg_stage2_scores_per_vector_wave=177.967413 stage2_vector_unique_reads=6097145 stage2_home_rpc_batches=41775 stage2_home_rpc_items=4459836 avg_stage2_home_rpc_batch=106.758492 stage2_home_score_rpc_batches=17475 stage2_home_score_rpc_items=4382671 stage2_home_score_rpc_queries=67381 stage2_home_score_rpc_request_bytes=112759412 stage2_home_score_rpc_response_bytes=140946544 avg_stage2_home_score_queries_per_rpc=3.855851 avg_stage2_home_score_rpc_batch=250.796624 stage2_home_scored_neighbors=4953644 home_scores_per_expansion=1.110723 stage2_migrations=614 home_match_rate=0.071104 stage2_final_edges=25183 stage2_cross_edges_stage1_home=21893 stage2_cross_edges_final_home=17746 cross_edge_reduction_ratio=0.189421 failed=0 rpc_timeouts=0 reverse_aggregate_batches=0 reverse_aggregate_logical_requests=0 reverse_aggregate_ops=0 avg_reverse_aggregate_logicals=0.000000 avg_reverse_aggregate_ops=0.000000 max_backlog=8 admission_window=65536 completion_outstanding=1 completion_incomplete=1 completed_behind_hole=0 completion_logical_full_failures=0 completion_physical_full_failures=0 pressure_yields=1073 stage2_batches=239 avg_stage2_batch_size=2.765690 packing_target_batch=8 packing_admit_queue_avg=2.765690 packing_admit_queue_max=8 packing_batch_1_7=235 packing_batch_8=4 packing_assembly_batches=239 packing_assembly_wait_ms=5971.662026 packing_arrival_interval_us=25000 packing_waited_batches=235 packing_wait_ms=5873.254000 packing_target_flushes=4 packing_deadline_flushes=235 packing_cleanup_flushes=0 stage2_phase_search_attempts=239 stage2_phase_search_task_attempts=661 stage2_phase_search_elapsed_ms=22278.873765 avg_stage2_phase_search_us_per_task=33704.801460 stage2_phase_freeze_prune_attempts=241 stage2_phase_freeze_prune_task_attempts=665 stage2_phase_freeze_prune_elapsed_ms=448.090934 avg_stage2_phase_freeze_prune_us_per_task=673.820953 stage2_phase_reverse_prepare_attempts=239 stage2_phase_reverse_prepare_task_attempts=661 stage2_phase_reverse_prepare_elapsed_ms=1617.729114 avg_stage2_phase_reverse_prepare_us_per_task=2447.396542 stage2_phase_placement_authority_attempts=239 stage2_phase_placement_authority_task_attempts=661 stage2_phase_placement_authority_elapsed_ms=306.756755 avg_stage2_phase_placement_authority_us_per_task=464.079811 stage2_phase_completion_handoff_attempts=239 stage2_phase_completion_handoff_task_attempts=661 stage2_phase_completion_handoff_elapsed_ms=0.338198 avg_stage2_phase_completion_handoff_us_per_task=0.511646 stage2_phase_finalize_attempts=239 stage2_phase_finalize_task_attempts=661 stage2_phase_finalize_elapsed_ms=1.106532 avg_stage2_phase_finalize_us_per_task=1.674027 maintenance_worker_idle_waits=75840 maintenance_worker_idle_ms=147224.001333 maintenance_lost_wake_avoided=9658 maintenance_targeted_wakes=142585 maintenance_generic_wakes=662 maintenance_broadcast_wakes=0 maintenance_context_slots_scanned=530320 maintenance_ready_notifications=80436 maintenance_ready_stale_notifications=0 maintenance_ready_tickets_drained=67294 maintenance_ready_overflow_scans=0 maintenance_ready_fallback_scans=33348 stage2_search_lane_lease_limit=32 stage2_search_lane_lease_peak=10 stage2_search_lane_lease_blocked=0 maintenance_worker_observed_idle_ratio=0.919018 maintenance_worker_observed_busy_ratio=0.080982 physical_stage1_items=662 physical_stage1_total_ns=3613727599 physical_stage1_search_ns=3443025633 physical_stage1_prune_ns=111313574 physical_stage1_allocate_write_ns=41928100 physical_stage1_backlink_ns=15640124 physical_stage1_candidates=84728 physical_stage1_remote_frontier_items=4390240 physical_stage1_neighbors=22887 peer_stage1_enqueued=1089 peer_stage1_processed=1089 peer_stage1_items=1058 avg_peer_stage1_items=0.971534 peer_stage1_rate_per_sec=52.834943 peer_stage1_max_queue=2 peer_stage1_active_workers=0 peer_stage2_home_enqueued=103720 peer_stage2_home_processed=103720 peer_stage2_home_items=11192279 avg_peer_stage2_home_items=107.908590 peer_stage2_home_max_queue=11 peer_stage2_home_response_queue_drops=0 peer_stage2_home_response_send_wait_ms=607.025078 avg_peer_stage2_home_queue_wait_us=14.314623 avg_peer_stage2_home_execution_us=50.986259 peer_stage1_release_deferred_batches=31 peer_stage1_release_deferred_items=31 peer_stage1_duplicate_retry_responses=0 peer_stage1_admission_retry_responses=0 peer_stage1_retry_response_drops=0 peer_stage1_admission_waiters=0 peer_stage1_admission_waiter_items=0 peer_stage1_admission_owned_items=0 peer_stage1_admission_wake_coverage=0 peer_stage1_admission_parked=0 peer_stage1_admission_woken=0 peer_stage1_admission_reparked=0 peer_stage1_max_admission_waiters=0 peer_stage1_duplicate_coalesced=0 peer_reverse_enqueued=3012 peer_reverse_processed=3012 peer_reverse_remaining=0 peer_reverse_items_enqueued=69040 peer_reverse_items_processed=69040 peer_reverse_rate_per_sec=3447.754687 peer_reverse_failed=63 peer_reverse_max_queue=2 reclaim_pending=0 reclaim_reused=614 dynamic_high_watermark=19602093440 stage2_remaining=1 cleanup_remaining=0 active_contexts=0 active_context_limit=32 repair_remaining=0 remaining=1
[STATUS]: storage-owner maintenance observation: enqueued=741 stage2_enqueued=741 cleanup_enqueued=0 stage2_tasks_done=739 stage2_finalized_live=739 cleanup_processed=0 stale=0 stage2_completion_ratio=0.997301 live_stage2_completion_ratio=0.997301 avg_stage2_delay_ms=171.605071 p99_stage2_delay_upper_ms=1000.000000 p99_stage2_delay_over_30s=false stage2_delay_histogram=0,0,0,0,0,0,125,199,262,145,8,0,0,0,0,0,0,0 max_stage2_delay_ms=688.086825 compaction_batch_target=32 compaction_max_delay_ms=25.000000 stage2_rate_per_sec=29.529984 stage1_search_budget_exhausted=0 stage2_search_budget_exhausted=0 stage2_continuations=739 stage2_remote_frontier_items=4847563 avg_stage2_remote_frontier=6559.625169 stage2_remote_expansions=83495 avg_stage2_remote_expansions=112.983762 stage2_scored_candidates=7343718 avg_stage2_scored_candidates=9937.372124 stage2_graph_read_waves=22324 avg_stage2_expansions_per_graph_wave=3.740145 stage2_graph_unique_reads=86176 stage2_graph_prefetch_issued=56140 stage2_graph_prefetch_hits=53459 stage2_graph_prefetch_wasted=2681 stage2_graph_prefetch_promotion_ratio=0.952244 stage2_graph_issue_width_current=16 stage2_vector_read_waves=45238 avg_stage2_scores_per_vector_wave=162.335161 stage2_vector_unique_reads=6719776 stage2_home_rpc_batches=46972 stage2_home_rpc_items=4927887 avg_stage2_home_rpc_batch=104.911160 stage2_home_score_rpc_batches=19362 stage2_home_score_rpc_items=4841711 stage2_home_score_rpc_queries=70524 stage2_home_score_rpc_request_bytes=124180760 stage2_home_score_rpc_response_bytes=155711808 avg_stage2_home_score_queries_per_rpc=3.642392 avg_stage2_home_score_rpc_batch=250.062545 stage2_home_scored_neighbors=5465485 home_scores_per_expansion=1.109093 stage2_migrations=685 home_match_rate=0.073072 stage2_final_edges=28058 stage2_cross_edges_stage1_home=24379 stage2_cross_edges_final_home=19761 cross_edge_reduction_ratio=0.189425 failed=0 rpc_timeouts=0 reverse_aggregate_batches=0 reverse_aggregate_logical_requests=0 reverse_aggregate_ops=0 avg_reverse_aggregate_logicals=0.000000 avg_reverse_aggregate_ops=0.000000 max_backlog=8 admission_window=65536 completion_outstanding=2 completion_incomplete=2 completed_behind_hole=0 completion_logical_full_failures=0 completion_physical_full_failures=0 pressure_yields=1073 stage2_batches=294 avg_stage2_batch_size=2.513605 packing_target_batch=8 packing_admit_queue_avg=2.513605 packing_admit_queue_max=8 packing_batch_1_7=290 packing_batch_8=4 packing_assembly_batches=294 packing_assembly_wait_ms=7349.723162 packing_arrival_interval_us=21706 packing_waited_batches=290 packing_wait_ms=7248.254000 packing_target_flushes=4 packing_deadline_flushes=290 packing_cleanup_flushes=0 stage2_phase_search_attempts=294 stage2_phase_search_task_attempts=739 stage2_phase_search_elapsed_ms=23551.807266 avg_stage2_phase_search_us_per_task=31869.833919 stage2_phase_freeze_prune_attempts=296 stage2_phase_freeze_prune_task_attempts=743 stage2_phase_freeze_prune_elapsed_ms=509.044202 avg_stage2_phase_freeze_prune_us_per_task=685.120057 stage2_phase_reverse_prepare_attempts=294 stage2_phase_reverse_prepare_task_attempts=739 stage2_phase_reverse_prepare_elapsed_ms=1801.215009 avg_stage2_phase_reverse_prepare_us_per_task=2437.368077 stage2_phase_placement_authority_attempts=294 stage2_phase_placement_authority_task_attempts=739 stage2_phase_placement_authority_elapsed_ms=330.338415 avg_stage2_phase_placement_authority_us_per_task=447.007327 stage2_phase_completion_handoff_attempts=294 stage2_phase_completion_handoff_task_attempts=739 stage2_phase_completion_handoff_elapsed_ms=0.406937 avg_stage2_phase_completion_handoff_us_per_task=0.550659 stage2_phase_finalize_attempts=294 stage2_phase_finalize_task_attempts=739 stage2_phase_finalize_elapsed_ms=1.267807 avg_stage2_phase_finalize_us_per_task=1.715571 maintenance_worker_idle_waits=91712 maintenance_worker_idle_ms=186953.862522 maintenance_lost_wake_avoided=10137 maintenance_targeted_wakes=156054 maintenance_generic_wakes=741 maintenance_broadcast_wakes=0 maintenance_context_slots_scanned=602320 maintenance_ready_notifications=93668 maintenance_ready_stale_notifications=0 maintenance_ready_tickets_drained=79273 maintenance_ready_overflow_scans=0 maintenance_ready_fallback_scans=37792 stage2_search_lane_lease_limit=32 stage2_search_lane_lease_peak=10 stage2_search_lane_lease_blocked=0 maintenance_worker_observed_idle_ratio=0.933820 maintenance_worker_observed_busy_ratio=0.066180 physical_stage1_items=741 physical_stage1_total_ns=3978660174 physical_stage1_search_ns=3788992189 physical_stage1_prune_ns=123940480 physical_stage1_allocate_write_ns=46516133 physical_stage1_backlink_ns=17062359 physical_stage1_candidates=94840 physical_stage1_remote_frontier_items=4861034 physical_stage1_neighbors=25708 peer_stage1_enqueued=1209 peer_stage1_processed=1209 peer_stage1_items=1178 avg_peer_stage1_items=0.974359 peer_stage1_rate_per_sec=47.072152 peer_stage1_max_queue=2 peer_stage1_active_workers=0 peer_stage2_home_enqueued=135139 peer_stage2_home_processed=135139 peer_stage2_home_items=14452057 avg_peer_stage2_home_items=106.942163 peer_stage2_home_max_queue=11 peer_stage2_home_response_queue_drops=0 peer_stage2_home_response_send_wait_ms=776.146755 avg_peer_stage2_home_queue_wait_us=14.364135 avg_peer_stage2_home_execution_us=49.927161 peer_stage1_release_deferred_batches=31 peer_stage1_release_deferred_items=31 peer_stage1_duplicate_retry_responses=0 peer_stage1_admission_retry_responses=0 peer_stage1_retry_response_drops=0 peer_stage1_admission_waiters=0 peer_stage1_admission_waiter_items=0 peer_stage1_admission_owned_items=0 peer_stage1_admission_wake_coverage=0 peer_stage1_admission_parked=0 peer_stage1_admission_woken=0 peer_stage1_admission_reparked=0 peer_stage1_max_admission_waiters=0 peer_stage1_duplicate_coalesced=0 peer_reverse_enqueued=3915 peer_reverse_processed=3915 peer_reverse_remaining=0 peer_reverse_items_enqueued=90290 peer_reverse_items_processed=90290 peer_reverse_rate_per_sec=3607.932631 peer_reverse_failed=78 peer_reverse_max_queue=2 reclaim_pending=0 reclaim_reused=685 dynamic_high_watermark=19602734272 stage2_remaining=2 cleanup_remaining=0 active_contexts=0 active_context_limit=32 repair_remaining=0 remaining=2
[STATUS]: storage-owner maintenance observation: enqueued=825 stage2_enqueued=825 cleanup_enqueued=0 stage2_tasks_done=825 stage2_finalized_live=825 cleanup_processed=0 stale=0 stage2_completion_ratio=1.000000 live_stage2_completion_ratio=1.000000 avg_stage2_delay_ms=162.218275 p99_stage2_delay_upper_ms=512.000000 p99_stage2_delay_over_30s=false stage2_delay_histogram=0,0,0,0,0,0,154,249,269,145,8,0,0,0,0,0,0,0 max_stage2_delay_ms=688.086825 compaction_batch_target=32 compaction_max_delay_ms=25.000000 stage2_rate_per_sec=27.476112 stage1_search_budget_exhausted=0 stage2_search_budget_exhausted=0 stage2_continuations=825 stage2_remote_frontier_items=5354812 avg_stage2_remote_frontier=6490.681212 stage2_remote_expansions=93272 avg_stage2_remote_expansions=113.056970 stage2_scored_candidates=8098220 avg_stage2_scored_candidates=9816.024242 stage2_graph_read_waves=25434 avg_stage2_expansions_per_graph_wave=3.667217 stage2_graph_unique_reads=96226 stage2_graph_prefetch_issued=62638 stage2_graph_prefetch_hits=59684 stage2_graph_prefetch_wasted=2954 stage2_graph_prefetch_promotion_ratio=0.952840 stage2_graph_issue_width_current=16 stage2_vector_read_waves=52868 avg_stage2_scores_per_vector_wave=153.178104 stage2_vector_unique_reads=7412449 stage2_home_rpc_batches=52515 stage2_home_rpc_items=5440640 avg_stage2_home_rpc_batch=103.601638 stage2_home_score_rpc_batches=21480 stage2_home_score_rpc_items=5344414 stage2_home_score_rpc_queries=75738 stage2_home_score_rpc_request_bytes=136867696 stage2_home_score_rpc_response_bytes=171884128 avg_stage2_home_score_queries_per_rpc=3.525978 avg_stage2_home_score_rpc_batch=248.808845 stage2_home_scored_neighbors=6029937 home_scores_per_expansion=1.108314 stage2_migrations=767 home_match_rate=0.070303 stage2_final_edges=31535 stage2_cross_edges_stage1_home=27375 stage2_cross_edges_final_home=22211 cross_edge_reduction_ratio=0.188639 failed=0 rpc_timeouts=0 reverse_aggregate_batches=0 reverse_aggregate_logical_requests=0 reverse_aggregate_ops=0 avg_reverse_aggregate_logicals=0.000000 avg_reverse_aggregate_ops=0.000000 max_backlog=8 admission_window=65536 completion_outstanding=0 completion_incomplete=0 completed_behind_hole=0 completion_logical_full_failures=0 completion_physical_full_failures=0 pressure_yields=1073 stage2_batches=341 avg_stage2_batch_size=2.419355 packing_target_batch=8 packing_admit_queue_avg=2.419355 packing_admit_queue_max=8 packing_batch_1_7=337 packing_batch_8=4 packing_assembly_batches=341 packing_assembly_wait_ms=8527.165167 packing_arrival_interval_us=25000 packing_waited_batches=337 packing_wait_ms=8423.254000 packing_target_flushes=4 packing_deadline_flushes=337 packing_cleanup_flushes=0 stage2_phase_search_attempts=341 stage2_phase_search_task_attempts=825 stage2_phase_search_elapsed_ms=24936.749462 avg_stage2_phase_search_us_per_task=30226.362984 stage2_phase_freeze_prune_attempts=343 stage2_phase_freeze_prune_task_attempts=829 stage2_phase_freeze_prune_elapsed_ms=553.573059 avg_stage2_phase_freeze_prune_us_per_task=667.760023 stage2_phase_reverse_prepare_attempts=341 stage2_phase_reverse_prepare_task_attempts=825 stage2_phase_reverse_prepare_elapsed_ms=1941.174034 avg_stage2_phase_reverse_prepare_us_per_task=2352.938223 stage2_phase_placement_authority_attempts=341 stage2_phase_placement_authority_task_attempts=825 stage2_phase_placement_authority_elapsed_ms=366.463608 avg_stage2_phase_placement_authority_us_per_task=444.198313 stage2_phase_completion_handoff_attempts=341 stage2_phase_completion_handoff_task_attempts=825 stage2_phase_completion_handoff_elapsed_ms=0.464410 avg_stage2_phase_completion_handoff_us_per_task=0.562921 stage2_phase_finalize_attempts=341 stage2_phase_finalize_task_attempts=825 stage2_phase_finalize_elapsed_ms=1.425290 avg_stage2_phase_finalize_us_per_task=1.727624 maintenance_worker_idle_waits=106880 maintenance_worker_idle_ms=225339.270306 maintenance_lost_wake_avoided=10670 maintenance_targeted_wakes=169836 maintenance_generic_wakes=825 maintenance_broadcast_wakes=0 maintenance_context_slots_scanned=673696 maintenance_ready_notifications=107093 maintenance_ready_stale_notifications=0 maintenance_ready_tickets_drained=91294 maintenance_ready_overflow_scans=0 maintenance_ready_fallback_scans=42317 stage2_search_lane_lease_limit=32 stage2_search_lane_lease_peak=10 stage2_search_lane_lease_blocked=0 maintenance_worker_observed_idle_ratio=0.938098 maintenance_worker_observed_busy_ratio=0.061902 physical_stage1_items=825 physical_stage1_total_ns=4344852416 physical_stage1_search_ns=4133970620 physical_stage1_prune_ns=138432621 physical_stage1_allocate_write_ns=51376453 physical_stage1_backlink_ns=18698533 physical_stage1_candidates=105591 physical_stage1_remote_frontier_items=5354812 physical_stage1_neighbors=29088 peer_stage1_enqueued=1342 peer_stage1_processed=1342 peer_stage1_items=1310 avg_peer_stage1_items=0.976155 peer_stage1_rate_per_sec=43.628735 peer_stage1_max_queue=2 peer_stage1_active_workers=0 peer_stage2_home_enqueued=156617 peer_stage2_home_processed=156617 peer_stage2_home_items=16604246 avg_peer_stage2_home_items=106.018159 peer_stage2_home_max_queue=11 peer_stage2_home_response_queue_drops=0 peer_stage2_home_response_send_wait_ms=892.395820 avg_peer_stage2_home_queue_wait_us=14.233938 avg_peer_stage2_home_execution_us=49.302579 peer_stage1_release_deferred_batches=32 peer_stage1_release_deferred_items=32 peer_stage1_duplicate_retry_responses=0 peer_stage1_admission_retry_responses=0 peer_stage1_retry_response_drops=0 peer_stage1_admission_waiters=0 peer_stage1_admission_waiter_items=0 peer_stage1_admission_owned_items=0 peer_stage1_admission_wake_coverage=0 peer_stage1_admission_parked=0 peer_stage1_admission_woken=0 peer_stage1_admission_reparked=0 peer_stage1_max_admission_waiters=0 peer_stage1_duplicate_coalesced=0 peer_reverse_enqueued=4554 peer_reverse_processed=4554 peer_reverse_remaining=0 peer_reverse_items_enqueued=105367 peer_reverse_items_processed=105367 peer_reverse_rate_per_sec=3509.182360 peer_reverse_failed=108 peer_reverse_max_queue=2 reclaim_pending=0 reclaim_reused=767 dynamic_high_watermark=19603170752 stage2_remaining=0 cleanup_remaining=0 active_contexts=0 active_context_limit=32 repair_remaining=0 remaining=0
[STATUS]: storage-owner maintenance observation: enqueued=825 stage2_enqueued=825 cleanup_enqueued=0 stage2_tasks_done=825 stage2_finalized_live=825 cleanup_processed=0 stale=0 stage2_completion_ratio=1.000000 live_stage2_completion_ratio=1.000000 avg_stage2_delay_ms=162.218275 p99_stage2_delay_upper_ms=512.000000 p99_stage2_delay_over_30s=false stage2_delay_histogram=0,0,0,0,0,0,154,249,269,145,8,0,0,0,0,0,0,0 max_stage2_delay_ms=688.086825 compaction_batch_target=32 compaction_max_delay_ms=25.000000 stage2_rate_per_sec=23.553807 stage1_search_budget_exhausted=0 stage2_search_budget_exhausted=0 stage2_continuations=825 stage2_remote_frontier_items=5354812 avg_stage2_remote_frontier=6490.681212 stage2_remote_expansions=93272 avg_stage2_remote_expansions=113.056970 stage2_scored_candidates=8098220 avg_stage2_scored_candidates=9816.024242 stage2_graph_read_waves=25434 avg_stage2_expansions_per_graph_wave=3.667217 stage2_graph_unique_reads=96226 stage2_graph_prefetch_issued=62638 stage2_graph_prefetch_hits=59684 stage2_graph_prefetch_wasted=2954 stage2_graph_prefetch_promotion_ratio=0.952840 stage2_graph_issue_width_current=16 stage2_vector_read_waves=52868 avg_stage2_scores_per_vector_wave=153.178104 stage2_vector_unique_reads=7412449 stage2_home_rpc_batches=52515 stage2_home_rpc_items=5440640 avg_stage2_home_rpc_batch=103.601638 stage2_home_score_rpc_batches=21480 stage2_home_score_rpc_items=5344414 stage2_home_score_rpc_queries=75738 stage2_home_score_rpc_request_bytes=136867696 stage2_home_score_rpc_response_bytes=171884128 avg_stage2_home_score_queries_per_rpc=3.525978 avg_stage2_home_score_rpc_batch=248.808845 stage2_home_scored_neighbors=6029937 home_scores_per_expansion=1.108314 stage2_migrations=767 home_match_rate=0.070303 stage2_final_edges=31535 stage2_cross_edges_stage1_home=27375 stage2_cross_edges_final_home=22211 cross_edge_reduction_ratio=0.188639 failed=0 rpc_timeouts=0 reverse_aggregate_batches=0 reverse_aggregate_logical_requests=0 reverse_aggregate_ops=0 avg_reverse_aggregate_logicals=0.000000 avg_reverse_aggregate_ops=0.000000 max_backlog=8 admission_window=65536 completion_outstanding=0 completion_incomplete=0 completed_behind_hole=0 completion_logical_full_failures=0 completion_physical_full_failures=0 pressure_yields=1073 stage2_batches=341 avg_stage2_batch_size=2.419355 packing_target_batch=8 packing_admit_queue_avg=2.419355 packing_admit_queue_max=8 packing_batch_1_7=337 packing_batch_8=4 packing_assembly_batches=341 packing_assembly_wait_ms=8527.165167 packing_arrival_interval_us=25000 packing_waited_batches=337 packing_wait_ms=8423.254000 packing_target_flushes=4 packing_deadline_flushes=337 packing_cleanup_flushes=0 stage2_phase_search_attempts=341 stage2_phase_search_task_attempts=825 stage2_phase_search_elapsed_ms=24936.749462 avg_stage2_phase_search_us_per_task=30226.362984 stage2_phase_freeze_prune_attempts=343 stage2_phase_freeze_prune_task_attempts=829 stage2_phase_freeze_prune_elapsed_ms=553.573059 avg_stage2_phase_freeze_prune_us_per_task=667.760023 stage2_phase_reverse_prepare_attempts=341 stage2_phase_reverse_prepare_task_attempts=825 stage2_phase_reverse_prepare_elapsed_ms=1941.174034 avg_stage2_phase_reverse_prepare_us_per_task=2352.938223 stage2_phase_placement_authority_attempts=341 stage2_phase_placement_authority_task_attempts=825 stage2_phase_placement_authority_elapsed_ms=366.463608 avg_stage2_phase_placement_authority_us_per_task=444.198313 stage2_phase_completion_handoff_attempts=341 stage2_phase_completion_handoff_task_attempts=825 stage2_phase_completion_handoff_elapsed_ms=0.464410 avg_stage2_phase_completion_handoff_us_per_task=0.562921 stage2_phase_finalize_attempts=341 stage2_phase_finalize_task_attempts=825 stage2_phase_finalize_elapsed_ms=1.425290 avg_stage2_phase_finalize_us_per_task=1.727624 maintenance_worker_idle_waits=110720 maintenance_worker_idle_ms=263966.575588 maintenance_lost_wake_avoided=10670 maintenance_targeted_wakes=169836 maintenance_generic_wakes=825 maintenance_broadcast_wakes=0 maintenance_context_slots_scanned=735136 maintenance_ready_notifications=107093 maintenance_ready_stale_notifications=0 maintenance_ready_tickets_drained=91294 maintenance_ready_overflow_scans=0 maintenance_ready_fallback_scans=46293 stage2_search_lane_lease_limit=32 stage2_search_lane_lease_peak=10 stage2_search_lane_lease_blocked=0 maintenance_worker_observed_idle_ratio=0.942033 maintenance_worker_observed_busy_ratio=0.057967 physical_stage1_items=825 physical_stage1_total_ns=4344852416 physical_stage1_search_ns=4133970620 physical_stage1_prune_ns=138432621 physical_stage1_allocate_write_ns=51376453 physical_stage1_backlink_ns=18698533 physical_stage1_candidates=105591 physical_stage1_remote_frontier_items=5354812 physical_stage1_neighbors=29088 peer_stage1_enqueued=1342 peer_stage1_processed=1342 peer_stage1_items=1310 avg_peer_stage1_items=0.976155 peer_stage1_rate_per_sec=37.400590 peer_stage1_max_queue=2 peer_stage1_active_workers=0 peer_stage2_home_enqueued=156617 peer_stage2_home_processed=156617 peer_stage2_home_items=16604246 avg_peer_stage2_home_items=106.018159 peer_stage2_home_max_queue=11 peer_stage2_home_response_queue_drops=0 peer_stage2_home_response_send_wait_ms=892.395820 avg_peer_stage2_home_queue_wait_us=14.233938 avg_peer_stage2_home_execution_us=49.302579 peer_stage1_release_deferred_batches=32 peer_stage1_release_deferred_items=32 peer_stage1_duplicate_retry_responses=0 peer_stage1_admission_retry_responses=0 peer_stage1_retry_response_drops=0 peer_stage1_admission_waiters=0 peer_stage1_admission_waiter_items=0 peer_stage1_admission_owned_items=0 peer_stage1_admission_wake_coverage=0 peer_stage1_admission_parked=0 peer_stage1_admission_woken=0 peer_stage1_admission_reparked=0 peer_stage1_max_admission_waiters=0 peer_stage1_duplicate_coalesced=0 peer_reverse_enqueued=4554 peer_reverse_processed=4554 peer_reverse_remaining=0 peer_reverse_items_enqueued=105367 peer_reverse_items_processed=105367 peer_reverse_rate_per_sec=3008.235120 peer_reverse_failed=108 peer_reverse_max_queue=2 reclaim_pending=0 reclaim_reused=767 dynamic_high_watermark=19603170752 stage2_remaining=0 cleanup_remaining=0 active_contexts=0 active_context_limit=32 repair_remaining=0 remaining=0
[STATUS]: storage-owner maintenance observation: enqueued=825 stage2_enqueued=825 cleanup_enqueued=0 stage2_tasks_done=825 stage2_finalized_live=825 cleanup_processed=0 stale=0 stage2_completion_ratio=1.000000 live_stage2_completion_ratio=1.000000 avg_stage2_delay_ms=162.218275 p99_stage2_delay_upper_ms=512.000000 p99_stage2_delay_over_30s=false stage2_delay_histogram=0,0,0,0,0,0,154,249,269,145,8,0,0,0,0,0,0,0 max_stage2_delay_ms=688.086825 compaction_batch_target=32 compaction_max_delay_ms=25.000000 stage2_rate_per_sec=20.610674 stage1_search_budget_exhausted=0 stage2_search_budget_exhausted=0 stage2_continuations=825 stage2_remote_frontier_items=5354812 avg_stage2_remote_frontier=6490.681212 stage2_remote_expansions=93272 avg_stage2_remote_expansions=113.056970 stage2_scored_candidates=8098220 avg_stage2_scored_candidates=9816.024242 stage2_graph_read_waves=25434 avg_stage2_expansions_per_graph_wave=3.667217 stage2_graph_unique_reads=96226 stage2_graph_prefetch_issued=62638 stage2_graph_prefetch_hits=59684 stage2_graph_prefetch_wasted=2954 stage2_graph_prefetch_promotion_ratio=0.952840 stage2_graph_issue_width_current=16 stage2_vector_read_waves=52868 avg_stage2_scores_per_vector_wave=153.178104 stage2_vector_unique_reads=7412449 stage2_home_rpc_batches=52515 stage2_home_rpc_items=5440640 avg_stage2_home_rpc_batch=103.601638 stage2_home_score_rpc_batches=21480 stage2_home_score_rpc_items=5344414 stage2_home_score_rpc_queries=75738 stage2_home_score_rpc_request_bytes=136867696 stage2_home_score_rpc_response_bytes=171884128 avg_stage2_home_score_queries_per_rpc=3.525978 avg_stage2_home_score_rpc_batch=248.808845 stage2_home_scored_neighbors=6029937 home_scores_per_expansion=1.108314 stage2_migrations=767 home_match_rate=0.070303 stage2_final_edges=31535 stage2_cross_edges_stage1_home=27375 stage2_cross_edges_final_home=22211 cross_edge_reduction_ratio=0.188639 failed=0 rpc_timeouts=0 reverse_aggregate_batches=0 reverse_aggregate_logical_requests=0 reverse_aggregate_ops=0 avg_reverse_aggregate_logicals=0.000000 avg_reverse_aggregate_ops=0.000000 max_backlog=8 admission_window=65536 completion_outstanding=0 completion_incomplete=0 completed_behind_hole=0 completion_logical_full_failures=0 completion_physical_full_failures=0 pressure_yields=1073 stage2_batches=341 avg_stage2_batch_size=2.419355 packing_target_batch=8 packing_admit_queue_avg=2.419355 packing_admit_queue_max=8 packing_batch_1_7=337 packing_batch_8=4 packing_assembly_batches=341 packing_assembly_wait_ms=8527.165167 packing_arrival_interval_us=25000 packing_waited_batches=337 packing_wait_ms=8423.254000 packing_target_flushes=4 packing_deadline_flushes=337 packing_cleanup_flushes=0 stage2_phase_search_attempts=341 stage2_phase_search_task_attempts=825 stage2_phase_search_elapsed_ms=24936.749462 avg_stage2_phase_search_us_per_task=30226.362984 stage2_phase_freeze_prune_attempts=343 stage2_phase_freeze_prune_task_attempts=829 stage2_phase_freeze_prune_elapsed_ms=553.573059 avg_stage2_phase_freeze_prune_us_per_task=667.760023 stage2_phase_reverse_prepare_attempts=341 stage2_phase_reverse_prepare_task_attempts=825 stage2_phase_reverse_prepare_elapsed_ms=1941.174034 avg_stage2_phase_reverse_prepare_us_per_task=2352.938223 stage2_phase_placement_authority_attempts=341 stage2_phase_placement_authority_task_attempts=825 stage2_phase_placement_authority_elapsed_ms=366.463608 avg_stage2_phase_placement_authority_us_per_task=444.198313 stage2_phase_completion_handoff_attempts=341 stage2_phase_completion_handoff_task_attempts=825 stage2_phase_completion_handoff_elapsed_ms=0.464410 avg_stage2_phase_completion_handoff_us_per_task=0.562921 stage2_phase_finalize_attempts=341 stage2_phase_finalize_task_attempts=825 stage2_phase_finalize_elapsed_ms=1.425290 avg_stage2_phase_finalize_us_per_task=1.727624 maintenance_worker_idle_waits=114752 maintenance_worker_idle_ms=304524.763801 maintenance_lost_wake_avoided=10670 maintenance_targeted_wakes=169836 maintenance_generic_wakes=825 maintenance_broadcast_wakes=0 maintenance_context_slots_scanned=799648 maintenance_ready_notifications=107093 maintenance_ready_stale_notifications=0 maintenance_ready_tickets_drained=91294 maintenance_ready_overflow_scans=0 maintenance_ready_fallback_scans=50269 stage2_search_lane_lease_limit=32 stage2_search_lane_lease_peak=10 stage2_search_lane_lease_blocked=0 maintenance_worker_observed_idle_ratio=0.950979 maintenance_worker_observed_busy_ratio=0.049021 physical_stage1_items=825 physical_stage1_total_ns=4344852416 physical_stage1_search_ns=4133970620 physical_stage1_prune_ns=138432621 physical_stage1_allocate_write_ns=51376453 physical_stage1_backlink_ns=18698533 physical_stage1_candidates=105591 physical_stage1_remote_frontier_items=5354812 physical_stage1_neighbors=29088 peer_stage1_enqueued=1342 peer_stage1_processed=1342 peer_stage1_items=1310 avg_peer_stage1_items=0.976155 peer_stage1_rate_per_sec=32.727252 peer_stage1_max_queue=2 peer_stage1_active_workers=0 peer_stage2_home_enqueued=156617 peer_stage2_home_processed=156617 peer_stage2_home_items=16604246 avg_peer_stage2_home_items=106.018159 peer_stage2_home_max_queue=11 peer_stage2_home_response_queue_drops=0 peer_stage2_home_response_send_wait_ms=892.395820 avg_peer_stage2_home_queue_wait_us=14.233938 avg_peer_stage2_home_execution_us=49.302579 peer_stage1_release_deferred_batches=32 peer_stage1_release_deferred_items=32 peer_stage1_duplicate_retry_responses=0 peer_stage1_admission_retry_responses=0 peer_stage1_retry_response_drops=0 peer_stage1_admission_waiters=0 peer_stage1_admission_waiter_items=0 peer_stage1_admission_owned_items=0 peer_stage1_admission_wake_coverage=0 peer_stage1_admission_parked=0 peer_stage1_admission_woken=0 peer_stage1_admission_reparked=0 peer_stage1_max_admission_waiters=0 peer_stage1_duplicate_coalesced=0 peer_reverse_enqueued=4554 peer_reverse_processed=4554 peer_reverse_remaining=0 peer_reverse_items_enqueued=105367 peer_reverse_items_processed=105367 peer_reverse_rate_per_sec=2632.345322 peer_reverse_failed=108 peer_reverse_max_queue=2 reclaim_pending=0 reclaim_reused=767 dynamic_high_watermark=19603170752 stage2_remaining=0 cleanup_remaining=0 active_contexts=0 active_context_limit=32 repair_remaining=0 remaining=0
