============================================================
                        SERVER
============================================================
num clients:                  1
TCP port:                     1238
QP handshake timeout (ms):    10000
IB device:                    <auto>
IB port:                      1
max outstanding CQEs:         64
max send work requests:       4096
max receive work requests:    4096
============================================================
index prefix:                     "/data/xjs/index/dvstor_spacev100m/index/spacev100m_R96_bw128_balanced_pmd32_pq20_schema16"
storage shard:                    "/data/xjs/index/dvstor_spacev100m/index/spacev100m_R96_bw128_balanced_pmd32_pq20_schema16_node5_of5.dat"
storage id:                       4
base vectors:                     100000000
vector ID namespace [0,N):        4294967295
registered memory GiB:            22
====================================================================
1 device(s) found
Selected device: ibp86s0
Selected port state: 4, lid: 8, active_mtu: 5
interleaved policy
num_cores: 112
physical cores per socket: 28
hyperthreading enabled
local process CPU partition: rank 4/5 logical_cpus=22
pairing: 79439 -- 9018
[STATUS]: loaded index metadata from /data/xjs/index/dvstor_spacev100m/index/spacev100m_R96_bw128_balanced_pmd32_pq20_schema16 (layout=plain, vector_data_type=int8)
[STATUS]: storage-owner stage2 candidate width L=128 per shard
allocation size: 23622320128
allocated ALIGNED MEM (no hugepage) at 133191738327104 with buffer size 23622320128
[STATUS]: loading index (19200000128 Bytes) from /data/xjs/index/dvstor_spacev100m/index/spacev100m_R96_bw128_balanced_pmd32_pq20_schema16_node5_of5.dat
[STATUS]: loaded GPU PQ codes (400000000 Bytes) at remote offset 19200004224
[STATUS]: storage-owner idmap loaded entries=20000000 format=owner_sharded_v2_bound immutable_base=true dynamic_shards=256 dynamic_reserved=65536
[STATUS]: compensated physical centroid restored on shard 4: vectors=20000000 entries=4
[STATUS]: register memory and distribute access token
[STATUS]: connect QPs of compute threads
[STATUS]: reserving 64 GPU/bootstrap QPs per compute node
pairing: 79444 -- 9023
pairing: 79449 -- 9028
pairing: 79454 -- 9033
pairing: 79459 -- 9038
pairing: 79464 -- 9043
pairing: 79469 -- 9048
pairing: 79474 -- 9053
pairing: 79479 -- 9058
pairing: 79484 -- 9063
pairing: 79489 -- 9068
pairing: 79494 -- 9073
pairing: 79499 -- 9078
pairing: 79504 -- 9083
pairing: 79509 -- 9088
pairing: 79514 -- 9093
pairing: 79519 -- 9098
pairing: 79524 -- 9103
pairing: 79529 -- 9108
pairing: 79534 -- 9113
pairing: 79539 -- 9118
pairing: 79544 -- 9123
pairing: 79549 -- 9128
pairing: 79554 -- 9133
pairing: 79559 -- 9138
pairing: 79564 -- 9143
pairing: 79569 -- 9148
pairing: 79574 -- 9153
pairing: 79579 -- 9158
pairing: 79584 -- 9163
pairing: 79589 -- 9168
pairing: 79594 -- 9173
pairing: 79599 -- 9178
pairing: 79604 -- 9307
pairing: 79729 -- 9308
pairing: 79730 -- 9309
pairing: 79731 -- 9310
pairing: 79732 -- 9311
pairing: 79733 -- 9312
pairing: 79734 -- 9313
pairing: 79735 -- 9314
pairing: 79736 -- 9315
pairing: 79737 -- 9316
pairing: 79738 -- 9317
pairing: 79739 -- 9318
pairing: 79740 -- 9319
pairing: 79741 -- 9320
pairing: 79742 -- 9321
pairing: 79743 -- 9322
pairing: 79744 -- 9323
pairing: 79745 -- 9324
pairing: 79746 -- 9325
pairing: 79747 -- 9326
pairing: 79748 -- 9327
pairing: 79749 -- 9328
pairing: 79750 -- 9329
pairing: 79751 -- 9330
pairing: 79752 -- 9331
pairing: 79753 -- 9332
pairing: 79754 -- 9333
pairing: 79755 -- 9334
pairing: 79756 -- 9335
pairing: 79757 -- 9336
pairing: 79758 -- 9337
pairing: 79759 -- 9338
[STATUS]: waiting for compute-node startup barrier
1 device(s) found
Selected device: ibp86s0
Selected port state: 4, lid: 8, active_mtu: 5
pairing: 79766 -- 79771
pairing: 79773 -- 79780
pairing: 79782 -- 79787
pairing: 79790 -- 79795
pairing: 79798 -- 79803
pairing: 79806 -- 79811
pairing: 79814 -- 79819
pairing: 79822 -- 79825
pairing: 79829 -- 79832
pairing: 79835 -- 79838
pairing: 79840 -- 79844
pairing: 79846 -- 79850
pairing: 79853 -- 79856
pairing: 79859 -- 79862
pairing: 79865 -- 79868
pairing: 79871 -- 79872
pairing: 79874 -- 79875
pairing: 79877 -- 79879
pairing: 79881 -- 79883
pairing: 79886 -- 79887
pairing: 79890 -- 79892
pairing: 79894 -- 79895
pairing: 79898 -- 79899
pairing: 79902 -- 79904
pairing: 79905 -- 79903
pairing: 79907 -- 79906
pairing: 79909 -- 79908
pairing: 79911 -- 79910
pairing: 79913 -- 79912
pairing: 79915 -- 79914
pairing: 79917 -- 79916
pairing: 79919 -- 79918
[STATUS]: storage-owner peer RDMA QPs per peer: 8
[STATUS]: storage-owner peer QP0 reserved for RPC; data RDMA uses QP1..7
allocated ALIGNED MEM (no hugepage) at 133190670876736 with buffer size 67108864
allocated ALIGNED MEM (no hugepage) at 133190631030848 with buffer size 39839040
[STATUS]: storage-owner peer RPC receive slots per peer: 64 (requested=64)
[STATUS]: storage-owner peer RPC concurrent sends per peer: 16
[STATUS]: storage-owner peer RPC send credits: Stage1/graph are split at depth >= 2; responses use a dedicated sync buffer
[STATUS]: storage-owner peer async response capacity: 32768
[STATUS]: storage-owner Stage2 home RPC combining: enabled logical_capacity=18432 aggregate_capacity=4608 byte_budget=33586224
allocated ALIGNED MEM (no hugepage) at 101599462462976 with buffer size 96256
allocated ALIGNED MEM (no hugepage) at 133190906060864 with buffer size 212992
allocated ALIGNED MEM (no hugepage) at 133190901760064 with buffer size 212992
[STATUS]: storage-owner peer reverse-update workers: 2
[STATUS]: storage-owner peer Stage1 workers: 3; Stage2-home workers: 1 (one reserved; shared lanes borrow authoritative work only)
[STATUS]: storage-owner physical control workers: cleanup=1 placement=1 (separate blocking domains)
[STATUS]: storage-owner peer progress threads: cq=1 response_dispatch=1
[STATUS]: storage-owner Stage1 artifact capacity: 67584 (64-way, per shard=1056) cleanup replay per shard=2048 active migration receipts=131072
[STATUS]: storage-owner peer reverse-update tuning: queue_depth=65536 coalesce_max=256
allocated ALIGNED MEM (no hugepage) at 133190890221632 with buffer size 855296
allocated ALIGNED MEM (no hugepage) at 133190889365568 with buffer size 855296
allocated ALIGNED MEM (no hugepage) at 133190886027328 with buffer size 855296
allocated ALIGNED MEM (no hugepage) at 133190885171264 with buffer size 855296
allocated ALIGNED MEM (no hugepage) at 133190881833024 with buffer size 855296
allocated ALIGNED MEM (no hugepage) at 133190880776256 with buffer size 855296
allocated ALIGNED MEM (no hugepage) at 133190877438016 with buffer size 855296
allocated ALIGNED MEM (no hugepage) at 133190873444416 with buffer size 855296
[STATUS]: storage-owner peer scratch: snapshot_slot=192 graph_slot=832 batch=256 lane_peak_rdma_wrs=56 lane_useful_wave_rdma_wrs=56 global_read_window=224 search_lanes_global=32 search_lanes_credit_derived=16 search_lane_lease_cap=32 search_lanes_physical_per_worker=4 ready_context_runtime_epoch=1 bytes_per_lane=213824 bytes_total=6842368
[STATUS]: storage-owner maintenance workers: 8 (configured=8, admission_baseline_workers=2, context_limit=32, semantic_execution_batch=8, work_conserving=true)
[STATUS]: storage-owner stage2 reverse outbox descriptors: 128 aggregates=128 wire_max_ops=3072 (shared per-peer work-conserving aggregation)
[STATUS]: storage-owner maintenance tuning: protocol=centroid-home-two-stage compaction_batch_target=32 packing_policy=deterministic_b8 packing_tail_wait_us=arrival_adaptive_capped_25000 packing_context_limit=8 backlog_limit=65536 admission_credit=bounded_accepted_backlog admission_window=65536 physical_completion_capacity=65536
[STATUS]: storage-owner peer RDMA read credits: per_data_qp=8 data_qps_per_peer=7 per_peer=56 global=224 shared_cq_read_budget=8095 ordered_snapshot_pairs_per_chain=4 (requested_per_data_qp=16)
[STATUS]: storage-owner online insert tuning: construction_beam=128 snapshot_batch=256 protocol=centroid-home-two-stage
[STATUS]: storage-owner stage1=physical-home local search and backlinks; stage2=generation-fenced home expand+score continuation
[STATUS]: storage-owner responses=foreground direct post; completion=repost by service poller
[STATUS]: storage-owner foreground pipeline: coordinators=12 cpu_lanes=3 (assigned_cpus=22, rpc_parallelism=16)
[STATUS]: storage-owner CPU plan: foreground_cpu=3 foreground_coordinators=12 maintenance=8 peer_stage1=4 (split into isolated Stage1/Stage2-home domains) peer_reverse=2 peer_cleanup=1 peer_placement=1 peer_progress=2 foreground_progress=1
[STATUS]: storage-owner insert runtime enabled on shard 4
