============================================================
                        SERVER
============================================================
num clients:                  1
TCP port:                     1237
QP handshake timeout (ms):    10000
IB device:                    <auto>
IB port:                      1
max outstanding CQEs:         64
max send work requests:       4096
max receive work requests:    4096
============================================================
index prefix:                     "/data/xjs/index/dvstor_spacev100m/index/spacev100m_R96_bw128_balanced_pmd32_pq20_schema16"
storage shard:                    "/data/xjs/index/dvstor_spacev100m/index/spacev100m_R96_bw128_balanced_pmd32_pq20_schema16_node4_of5.dat"
storage id:                       3
base vectors:                     100000000
vector ID namespace [0,N):        4294967295
registered memory GiB:            22
====================================================================
1 device(s) found
Selected device: ibp86s0
Selected port state: 4, lid: 8, active_mtu: 5
interleaved policy
num_cores: 112
physical cores per socket: 28
hyperthreading enabled
local process CPU partition: rank 3/5 logical_cpus=22
pairing: 78468 -- 8367
[STATUS]: loaded index metadata from /data/xjs/index/dvstor_spacev100m/index/spacev100m_R96_bw128_balanced_pmd32_pq20_schema16 (layout=plain, vector_data_type=int8)
[STATUS]: storage-owner stage2 candidate width L=128 per shard
allocation size: 23622320128
allocated ALIGNED MEM (no hugepage) at 131506754289728 with buffer size 23622320128
[STATUS]: loading index (19200000128 Bytes) from /data/xjs/index/dvstor_spacev100m/index/spacev100m_R96_bw128_balanced_pmd32_pq20_schema16_node4_of5.dat
[STATUS]: loaded GPU PQ codes (400000000 Bytes) at remote offset 19200004224
[STATUS]: storage-owner idmap loaded entries=20000000 format=owner_sharded_v2_bound immutable_base=true dynamic_shards=256 dynamic_reserved=65536
[STATUS]: compensated physical centroid restored on shard 3: vectors=20000000 entries=4
[STATUS]: register memory and distribute access token
[STATUS]: connect QPs of compute threads
[STATUS]: reserving 64 GPU/bootstrap QPs per compute node
pairing: 78474 -- 8372
pairing: 78478 -- 8377
pairing: 78483 -- 8382
pairing: 78488 -- 8387
pairing: 78493 -- 8392
pairing: 78498 -- 8397
pairing: 78503 -- 8402
pairing: 78508 -- 8407
pairing: 78513 -- 8412
pairing: 78518 -- 8417
pairing: 78523 -- 8422
pairing: 78528 -- 8427
pairing: 78533 -- 8432
pairing: 78538 -- 8437
pairing: 78543 -- 8442
pairing: 78548 -- 8447
pairing: 78553 -- 8452
pairing: 78558 -- 8457
pairing: 78563 -- 8462
pairing: 78568 -- 8467
pairing: 78573 -- 8472
pairing: 78578 -- 8477
pairing: 78583 -- 8482
pairing: 78588 -- 8487
pairing: 78593 -- 8492
pairing: 78598 -- 8497
pairing: 78603 -- 8502
pairing: 78608 -- 8507
pairing: 78613 -- 8512
pairing: 78618 -- 8517
pairing: 78623 -- 8522
pairing: 78628 -- 8527
pairing: 78633 -- 8625
pairing: 78728 -- 8626
pairing: 78729 -- 8627
pairing: 78730 -- 8628
pairing: 78731 -- 8629
pairing: 78732 -- 8630
pairing: 78733 -- 8631
pairing: 78734 -- 8632
pairing: 78735 -- 8633
pairing: 78736 -- 8634
pairing: 78737 -- 8635
pairing: 78738 -- 8636
pairing: 78739 -- 8637
pairing: 78740 -- 8638
pairing: 78741 -- 8639
pairing: 78742 -- 8640
pairing: 78743 -- 8641
pairing: 78744 -- 8642
pairing: 78745 -- 8643
pairing: 78746 -- 8644
pairing: 78747 -- 8645
pairing: 78748 -- 8646
pairing: 78749 -- 8647
pairing: 78750 -- 8648
pairing: 78751 -- 8649
pairing: 78752 -- 8650
pairing: 78753 -- 8651
pairing: 78754 -- 8652
pairing: 78755 -- 8653
pairing: 78756 -- 8654
pairing: 78757 -- 8655
pairing: 78758 -- 8656
[STATUS]: waiting for compute-node startup barrier
1 device(s) found
Selected device: ibp86s0
Selected port state: 4, lid: 8, active_mtu: 5
pairing: 78793 -- 78798
pairing: 78800 -- 78805
pairing: 78808 -- 78813
pairing: 78816 -- 78821
pairing: 78824 -- 78829
pairing: 78832 -- 78837
pairing: 78840 -- 78845
pairing: 78848 -- 78853
pairing: 78856 -- 78857
pairing: 78861 -- 78864
pairing: 78867 -- 78870
pairing: 78873 -- 78876
pairing: 78879 -- 78882
pairing: 78885 -- 78888
pairing: 78891 -- 78894
pairing: 78897 -- 78901
pairing: 78902 -- 78899
pairing: 78905 -- 78906
pairing: 78907 -- 78910
pairing: 78911 -- 78913
pairing: 78916 -- 78917
pairing: 78919 -- 78921
pairing: 78924 -- 78925
pairing: 78928 -- 78929
pairing: 78931 -- 78935
pairing: 78937 -- 78936
pairing: 78938 -- 78939
pairing: 78940 -- 78941
pairing: 78942 -- 78943
pairing: 78944 -- 78945
pairing: 78946 -- 78947
pairing: 78948 -- 78949
[STATUS]: storage-owner peer RDMA QPs per peer: 8
[STATUS]: storage-owner peer QP0 reserved for RPC; data RDMA uses QP1..7
allocated ALIGNED MEM (no hugepage) at 131505686839360 with buffer size 67108864
allocated ALIGNED MEM (no hugepage) at 131505646993472 with buffer size 39839040
[STATUS]: storage-owner peer RPC receive slots per peer: 64 (requested=64)
[STATUS]: storage-owner peer RPC concurrent sends per peer: 16
[STATUS]: storage-owner peer RPC send credits: Stage1/graph are split at depth >= 2; responses use a dedicated sync buffer
[STATUS]: storage-owner peer async response capacity: 32768
[STATUS]: storage-owner Stage2 home RPC combining: enabled logical_capacity=18432 aggregate_capacity=4608 byte_budget=33586224
allocated ALIGNED MEM (no hugepage) at 103061743334912 with buffer size 96256
allocated ALIGNED MEM (no hugepage) at 131505922023488 with buffer size 212992
allocated ALIGNED MEM (no hugepage) at 131505918353472 with buffer size 212992
[STATUS]: storage-owner peer reverse-update workers: 2
[STATUS]: storage-owner peer Stage1 workers: 3; Stage2-home workers: 1 (one reserved; shared lanes borrow authoritative work only)
[STATUS]: storage-owner physical control workers: cleanup=1 placement=1 (separate blocking domains)
[STATUS]: storage-owner peer progress threads: cq=1 response_dispatch=1
[STATUS]: storage-owner Stage1 artifact capacity: 67584 (64-way, per shard=1056) cleanup replay per shard=2048 active migration receipts=131072
[STATUS]: storage-owner peer reverse-update tuning: queue_depth=65536 coalesce_max=256
allocated ALIGNED MEM (no hugepage) at 131505909325888 with buffer size 855296
allocated ALIGNED MEM (no hugepage) at 131505906184256 with buffer size 855296
allocated ALIGNED MEM (no hugepage) at 131505905127488 with buffer size 855296
allocated ALIGNED MEM (no hugepage) at 131505901789248 with buffer size 855296
allocated ALIGNED MEM (no hugepage) at 131505897795648 with buffer size 855296
allocated ALIGNED MEM (no hugepage) at 131505896939584 with buffer size 855296
allocated ALIGNED MEM (no hugepage) at 131505893601344 with buffer size 855296
allocated ALIGNED MEM (no hugepage) at 131505892745280 with buffer size 855296
[STATUS]: storage-owner peer scratch: snapshot_slot=192 graph_slot=832 batch=256 lane_peak_rdma_wrs=56 lane_useful_wave_rdma_wrs=56 global_read_window=224 search_lanes_global=32 search_lanes_credit_derived=16 search_lane_lease_cap=32 search_lanes_physical_per_worker=4 ready_context_runtime_epoch=1 bytes_per_lane=213824 bytes_total=6842368
[STATUS]: storage-owner maintenance workers: 8 (configured=8, admission_baseline_workers=2, context_limit=32, semantic_execution_batch=8, work_conserving=true)
[STATUS]: storage-owner stage2 reverse outbox descriptors: 128 aggregates=128 wire_max_ops=3072 (shared per-peer work-conserving aggregation)
[STATUS]: storage-owner maintenance tuning: protocol=centroid-home-two-stage compaction_batch_target=32 packing_policy=deterministic_b8 packing_tail_wait_us=arrival_adaptive_capped_25000 packing_context_limit=8 backlog_limit=65536 admission_credit=bounded_accepted_backlog admission_window=65536 physical_completion_capacity=65536
[STATUS]: storage-owner peer RDMA read credits: per_data_qp=8 data_qps_per_peer=7 per_peer=56 global=224 shared_cq_read_budget=8095 ordered_snapshot_pairs_per_chain=4 (requested_per_data_qp=16)
[STATUS]: storage-owner online insert tuning: construction_beam=128 snapshot_batch=256 protocol=centroid-home-two-stage
[STATUS]: storage-owner stage1=physical-home local search and backlinks; stage2=generation-fenced home expand+score continuation
[STATUS]: storage-owner responses=foreground direct post; completion=repost by service poller
[STATUS]: storage-owner foreground pipeline: coordinators=12 cpu_lanes=3 (assigned_cpus=22, rpc_parallelism=16)
[STATUS]: storage-owner CPU plan: foreground_cpu=3 foreground_coordinators=12 maintenance=8 peer_stage1=4 (split into isolated Stage1/Stage2-home domains) peer_reverse=2 peer_cleanup=1 peer_placement=1 peer_progress=2 foreground_progress=1
[STATUS]: storage-owner insert runtime enabled on shard 3
