============================================================
                        SERVER
============================================================
num clients:                  1
TCP port:                     1236
QP handshake timeout (ms):    10000
IB device:                    <auto>
IB port:                      1
max outstanding CQEs:         64
max send work requests:       4096
max receive work requests:    4096
============================================================
index prefix:                     "/data/xjs/index/dvstor_spacev100m/index/spacev100m_R96_bw128_metis_pmd32_pq20_schema16"
storage shard:                    "/data/xjs/index/dvstor_spacev100m/index/spacev100m_R96_bw128_metis_pmd32_pq20_schema16_node3_of5.dat"
storage id:                       2
base vectors:                     100000000
vector ID namespace [0,N):        4294967295
registered memory GiB:            23
====================================================================
1 device(s) found
Selected device: ibp86s0
Selected port state: 4, lid: 8, active_mtu: 5
interleaved policy
num_cores: 112
physical cores per socket: 28
hyperthreading enabled
local process CPU partition: rank 2/5 logical_cpus=22
pairing: 80892 -- 9991
[STATUS]: loaded index metadata from /data/xjs/index/dvstor_spacev100m/index/spacev100m_R96_bw128_metis_pmd32_pq20_schema16 (layout=plain, vector_data_type=int8)
[STATUS]: storage-owner stage2 candidate width L=128 per shard
allocation size: 24696061952
allocated ALIGNED MEM (no hugepage) at 137517309362240 with buffer size 24696061952
[STATUS]: loading index (19573325888 Bytes) from /data/xjs/index/dvstor_spacev100m/index/spacev100m_R96_bw128_metis_pmd32_pq20_schema16_node3_of5.dat
[STATUS]: loaded GPU PQ codes (407777620 Bytes) at remote offset 19573329984
[STATUS]: storage-owner idmap loaded entries=20000000 format=owner_sharded_v2_bound immutable_base=true dynamic_shards=256 dynamic_reserved=65536
[STATUS]: compensated physical centroid restored on shard 2: vectors=20388881 entries=4
[STATUS]: register memory and distribute access token
[STATUS]: connect QPs of compute threads
[STATUS]: reserving 64 GPU/bootstrap QPs per compute node
pairing: 80897 -- 9996
pairing: 80902 -- 10001
pairing: 80907 -- 10006
pairing: 80912 -- 10011
pairing: 80917 -- 10016
pairing: 80922 -- 10021
pairing: 80927 -- 10026
pairing: 80932 -- 10031
pairing: 80937 -- 10036
pairing: 80942 -- 10041
pairing: 80947 -- 10046
pairing: 80952 -- 10051
pairing: 80957 -- 10056
pairing: 80962 -- 10061
pairing: 80967 -- 10066
pairing: 80972 -- 10071
pairing: 80977 -- 10076
pairing: 80982 -- 10081
pairing: 80987 -- 10086
pairing: 80992 -- 10091
pairing: 80997 -- 10096
pairing: 81002 -- 10101
pairing: 81007 -- 10106
pairing: 81012 -- 10111
pairing: 81017 -- 10116
pairing: 81022 -- 10121
pairing: 81027 -- 10126
pairing: 81032 -- 10131
pairing: 81037 -- 10136
pairing: 81042 -- 10141
pairing: 81047 -- 10146
pairing: 81052 -- 10151
pairing: 81057 -- 10218
pairing: 81122 -- 10219
pairing: 81123 -- 10220
pairing: 81124 -- 10221
pairing: 81125 -- 10222
pairing: 81126 -- 10223
pairing: 81127 -- 10224
pairing: 81128 -- 10225
pairing: 81129 -- 10226
pairing: 81130 -- 10227
pairing: 81131 -- 10228
pairing: 81132 -- 10229
pairing: 81133 -- 10230
pairing: 81134 -- 10231
pairing: 81135 -- 10232
pairing: 81136 -- 10233
pairing: 81137 -- 10234
pairing: 81138 -- 10235
pairing: 81139 -- 10236
pairing: 81140 -- 10237
pairing: 81141 -- 10238
pairing: 81142 -- 10239
pairing: 81143 -- 10240
pairing: 81144 -- 10241
pairing: 81145 -- 10242
pairing: 81146 -- 10243
pairing: 81147 -- 10244
pairing: 81148 -- 10245
pairing: 81149 -- 10246
pairing: 81150 -- 10247
pairing: 81151 -- 10248
pairing: 81152 -- 10249
[STATUS]: waiting for compute-node startup barrier
1 device(s) found
Selected device: ibp86s0
Selected port state: 4, lid: 8, active_mtu: 5
pairing: 81217 -- 81215
pairing: 81220 -- 81224
pairing: 81227 -- 81232
pairing: 81234 -- 81240
pairing: 81243 -- 81248
pairing: 81251 -- 81256
pairing: 81259 -- 81264
pairing: 81267 -- 81271
pairing: 81274 -- 81282
pairing: 81284 -- 81287
pairing: 81290 -- 81293
pairing: 81296 -- 81299
pairing: 81302 -- 81305
pairing: 81308 -- 81311
pairing: 81314 -- 81317
pairing: 81320 -- 81323
pairing: 81326 -- 81328
pairing: 81331 -- 81330
pairing: 81333 -- 81329
pairing: 81334 -- 81332
pairing: 81337 -- 81335
pairing: 81338 -- 81336
pairing: 81341 -- 81339
pairing: 81342 -- 81340
pairing: 81345 -- 81343
pairing: 81347 -- 81344
pairing: 81349 -- 81346
pairing: 81351 -- 81348
pairing: 81353 -- 81350
pairing: 81354 -- 81352
pairing: 81357 -- 81355
pairing: 81359 -- 81358
[STATUS]: storage-owner peer RDMA QPs per peer: 8
[STATUS]: storage-owner peer QP0 reserved for RPC; data RDMA uses QP1..7
allocated ALIGNED MEM (no hugepage) at 137516241911872 with buffer size 67108864
allocated ALIGNED MEM (no hugepage) at 137516202065984 with buffer size 39839040
[STATUS]: storage-owner peer RPC receive slots per peer: 64 (requested=64)
[STATUS]: storage-owner peer RPC concurrent sends per peer: 16
[STATUS]: storage-owner peer RPC send credits: Stage1/graph are split at depth >= 2; responses use a dedicated sync buffer
[STATUS]: storage-owner peer async response capacity: 32768
[STATUS]: storage-owner Stage2 home RPC combining: enabled logical_capacity=18432 aggregate_capacity=4608 byte_budget=33586224
allocated ALIGNED MEM (no hugepage) at 109308426396160 with buffer size 96256
allocated ALIGNED MEM (no hugepage) at 137516473225280 with buffer size 212992
allocated ALIGNED MEM (no hugepage) at 137516472807488 with buffer size 212992
[STATUS]: storage-owner peer reverse-update workers: 2
[STATUS]: storage-owner peer Stage1 workers: 3; Stage2-home workers: 1 (one reserved; shared lanes borrow authoritative work only)
[STATUS]: storage-owner physical control workers: cleanup=1 placement=1 (separate blocking domains)
[STATUS]: storage-owner peer progress threads: cq=1 response_dispatch=1
[STATUS]: storage-owner Stage1 artifact capacity: 67584 (64-way, per shard=1056) cleanup replay per shard=2048 active migration receipts=131072
[STATUS]: storage-owner peer reverse-update tuning: queue_depth=65536 coalesce_max=256
allocated ALIGNED MEM (no hugepage) at 137516461256768 with buffer size 855296
allocated ALIGNED MEM (no hugepage) at 137516460400704 with buffer size 855296
allocated ALIGNED MEM (no hugepage) at 137516457062464 with buffer size 855296
allocated ALIGNED MEM (no hugepage) at 137516456206400 with buffer size 855296
allocated ALIGNED MEM (no hugepage) at 137516452868160 with buffer size 855296
allocated ALIGNED MEM (no hugepage) at 137516451811392 with buffer size 855296
allocated ALIGNED MEM (no hugepage) at 137516448473152 with buffer size 855296
allocated ALIGNED MEM (no hugepage) at 137516444479552 with buffer size 855296
[STATUS]: storage-owner peer scratch: snapshot_slot=192 graph_slot=832 batch=256 lane_peak_rdma_wrs=56 lane_useful_wave_rdma_wrs=56 global_read_window=224 search_lanes_global=32 search_lanes_credit_derived=16 search_lane_lease_cap=32 search_lanes_physical_per_worker=4 ready_context_runtime_epoch=1 bytes_per_lane=213824 bytes_total=6842368
[STATUS]: storage-owner maintenance workers: 8 (configured=8, admission_baseline_workers=2, context_limit=32, semantic_execution_batch=8, work_conserving=true)
[STATUS]: storage-owner stage2 reverse outbox descriptors: 128 aggregates=128 wire_max_ops=3072 (shared per-peer work-conserving aggregation)
[STATUS]: storage-owner maintenance tuning: protocol=centroid-home-two-stage compaction_batch_target=32 packing_policy=deterministic_b8 packing_tail_wait_us=arrival_adaptive_capped_25000 packing_context_limit=8 backlog_limit=65536 admission_credit=bounded_accepted_backlog admission_window=65536 physical_completion_capacity=65536
[STATUS]: storage-owner peer RDMA read credits: per_data_qp=8 data_qps_per_peer=7 per_peer=56 global=224 shared_cq_read_budget=8095 ordered_snapshot_pairs_per_chain=4 (requested_per_data_qp=16)
[STATUS]: storage-owner online insert tuning: construction_beam=128 snapshot_batch=256 protocol=centroid-home-two-stage
[STATUS]: storage-owner stage1=physical-home local search and backlinks; stage2=generation-fenced home expand+score continuation
[STATUS]: storage-owner responses=foreground direct post; completion=repost by service poller
[STATUS]: storage-owner foreground pipeline: coordinators=12 cpu_lanes=3 (assigned_cpus=22, rpc_parallelism=16)
[STATUS]: storage-owner CPU plan: foreground_cpu=3 foreground_coordinators=12 maintenance=8 peer_stage1=4 (split into isolated Stage1/Stage2-home domains) peer_reverse=2 peer_cleanup=1 peer_placement=1 peer_progress=2 foreground_progress=1
[STATUS]: storage-owner insert runtime enabled on shard 2
[STATUS]: storage-owner maintenance observation: enqueued=2 stage2_enqueued=2 cleanup_enqueued=0 stage2_tasks_done=0 stage2_finalized_live=0 cleanup_processed=0 stale=0 stage2_completion_ratio=0.000000 live_stage2_completion_ratio=0.000000 avg_stage2_delay_ms=0.000000 p99_stage2_delay_upper_ms=0.000000 p99_stage2_delay_over_30s=false stage2_delay_histogram=0,0,0,0,0,0,0,0,0,0,0,0,0,0,0,0,0,0 max_stage2_delay_ms=0.000000 compaction_batch_target=32 compaction_max_delay_ms=25.000000 stage2_rate_per_sec=0.000000 stage1_search_budget_exhausted=0 stage2_search_budget_exhausted=0 stage2_continuations=0 stage2_remote_frontier_items=0 avg_stage2_remote_frontier=0.000000 stage2_remote_expansions=0 avg_stage2_remote_expansions=0.000000 stage2_scored_candidates=0 avg_stage2_scored_candidates=0.000000 stage2_graph_read_waves=0 avg_stage2_expansions_per_graph_wave=0.000000 stage2_graph_unique_reads=0 stage2_graph_prefetch_issued=0 stage2_graph_prefetch_hits=0 stage2_graph_prefetch_wasted=0 stage2_graph_prefetch_promotion_ratio=0.000000 stage2_graph_issue_width_current=4 stage2_vector_read_waves=0 avg_stage2_scores_per_vector_wave=0.000000 stage2_vector_unique_reads=0 stage2_home_rpc_batches=0 stage2_home_rpc_items=0 avg_stage2_home_rpc_batch=0.000000 stage2_home_score_rpc_batches=0 stage2_home_score_rpc_items=0 stage2_home_score_rpc_queries=0 stage2_home_score_rpc_request_bytes=0 stage2_home_score_rpc_response_bytes=0 avg_stage2_home_score_queries_per_rpc=0.000000 avg_stage2_home_score_rpc_batch=0.000000 stage2_home_scored_neighbors=0 home_scores_per_expansion=0.000000 stage2_migrations=0 home_match_rate=0.000000 stage2_final_edges=0 stage2_cross_edges_stage1_home=0 stage2_cross_edges_final_home=0 cross_edge_reduction_ratio=0.000000 failed=0 rpc_timeouts=0 reverse_aggregate_batches=0 reverse_aggregate_logical_requests=0 reverse_aggregate_ops=0 avg_reverse_aggregate_logicals=0.000000 avg_reverse_aggregate_ops=0.000000 max_backlog=2 admission_window=65536 completion_outstanding=2 completion_incomplete=2 completed_behind_hole=0 completion_logical_full_failures=0 completion_physical_full_failures=0 pressure_yields=0 stage2_batches=0 avg_stage2_batch_size=0.000000 packing_target_batch=8 packing_admit_queue_avg=0.000000 packing_admit_queue_max=0 packing_batch_1_7=0 packing_batch_8=0 packing_assembly_batches=0 packing_assembly_wait_ms=0.000000 packing_arrival_interval_us=25000 packing_waited_batches=0 packing_wait_ms=0.000000 packing_target_flushes=0 packing_deadline_flushes=0 packing_cleanup_flushes=0 stage2_phase_search_attempts=0 stage2_phase_search_task_attempts=0 stage2_phase_search_elapsed_ms=0.000000 avg_stage2_phase_search_us_per_task=0.000000 stage2_phase_freeze_prune_attempts=0 stage2_phase_freeze_prune_task_attempts=0 stage2_phase_freeze_prune_elapsed_ms=0.000000 avg_stage2_phase_freeze_prune_us_per_task=0.000000 stage2_phase_reverse_prepare_attempts=0 stage2_phase_reverse_prepare_task_attempts=0 stage2_phase_reverse_prepare_elapsed_ms=0.000000 avg_stage2_phase_reverse_prepare_us_per_task=0.000000 stage2_phase_placement_authority_attempts=0 stage2_phase_placement_authority_task_attempts=0 stage2_phase_placement_authority_elapsed_ms=0.000000 avg_stage2_phase_placement_authority_us_per_task=0.000000 stage2_phase_completion_handoff_attempts=0 stage2_phase_completion_handoff_task_attempts=0 stage2_phase_completion_handoff_elapsed_ms=0.000000 avg_stage2_phase_completion_handoff_us_per_task=0.000000 stage2_phase_finalize_attempts=0 stage2_phase_finalize_task_attempts=0 stage2_phase_finalize_elapsed_ms=0.000000 avg_stage2_phase_finalize_us_per_task=0.000000 maintenance_worker_idle_waits=3584 maintenance_worker_idle_ms=36054.692709 maintenance_lost_wake_avoided=0 maintenance_targeted_wakes=0 maintenance_generic_wakes=2 maintenance_broadcast_wakes=0 maintenance_context_slots_scanned=57216 maintenance_ready_notifications=0 maintenance_ready_stale_notifications=0 maintenance_ready_tickets_drained=0 maintenance_ready_overflow_scans=0 maintenance_ready_fallback_scans=3970 stage2_search_lane_lease_limit=32 stage2_search_lane_lease_peak=0 stage2_search_lane_lease_blocked=0 maintenance_worker_observed_idle_ratio=0.896607 maintenance_worker_observed_busy_ratio=0.103393 physical_stage1_items=2 physical_stage1_total_ns=15578057 physical_stage1_search_ns=15032146 physical_stage1_prune_ns=255688 physical_stage1_allocate_write_ns=188486 physical_stage1_backlink_ns=89175 physical_stage1_candidates=256 physical_stage1_remote_frontier_items=4775 physical_stage1_neighbors=24 peer_stage1_enqueued=4 peer_stage1_processed=4 peer_stage1_items=4 avg_peer_stage1_items=1.000000 peer_stage1_rate_per_sec=0.795775 peer_stage1_max_queue=1 peer_stage1_active_workers=0 peer_stage2_home_enqueued=0 peer_stage2_home_processed=0 peer_stage2_home_items=0 avg_peer_stage2_home_items=0.000000 peer_stage2_home_max_queue=0 peer_stage2_home_response_queue_drops=0 peer_stage2_home_response_send_wait_ms=0.000000 avg_peer_stage2_home_queue_wait_us=0.000000 avg_peer_stage2_home_execution_us=0.000000 peer_stage1_release_deferred_batches=0 peer_stage1_release_deferred_items=0 peer_stage1_duplicate_retry_responses=0 peer_stage1_admission_retry_responses=0 peer_stage1_retry_response_drops=0 peer_stage1_admission_waiters=0 peer_stage1_admission_waiter_items=0 peer_stage1_admission_owned_items=0 peer_stage1_admission_wake_coverage=0 peer_stage1_admission_parked=0 peer_stage1_admission_woken=0 peer_stage1_admission_reparked=0 peer_stage1_max_admission_waiters=0 peer_stage1_duplicate_coalesced=0 peer_reverse_enqueued=0 peer_reverse_processed=0 peer_reverse_remaining=0 peer_reverse_items_enqueued=0 peer_reverse_items_processed=0 peer_reverse_rate_per_sec=0.000000 peer_reverse_failed=0 peer_reverse_max_queue=0 reclaim_pending=0 reclaim_reused=0 dynamic_high_watermark=19981110304 stage2_remaining=2 cleanup_remaining=0 active_contexts=0 active_context_limit=32 repair_remaining=0 remaining=2
[STATUS]: storage-owner maintenance observation: enqueued=2 stage2_enqueued=2 cleanup_enqueued=0 stage2_tasks_done=0 stage2_finalized_live=0 cleanup_processed=0 stale=0 stage2_completion_ratio=0.000000 live_stage2_completion_ratio=0.000000 avg_stage2_delay_ms=0.000000 p99_stage2_delay_upper_ms=0.000000 p99_stage2_delay_over_30s=false stage2_delay_histogram=0,0,0,0,0,0,0,0,0,0,0,0,0,0,0,0,0,0 max_stage2_delay_ms=0.000000 compaction_batch_target=32 compaction_max_delay_ms=25.000000 stage2_rate_per_sec=0.000000 stage1_search_budget_exhausted=0 stage2_search_budget_exhausted=0 stage2_continuations=0 stage2_remote_frontier_items=0 avg_stage2_remote_frontier=0.000000 stage2_remote_expansions=0 avg_stage2_remote_expansions=0.000000 stage2_scored_candidates=0 avg_stage2_scored_candidates=0.000000 stage2_graph_read_waves=0 avg_stage2_expansions_per_graph_wave=0.000000 stage2_graph_unique_reads=0 stage2_graph_prefetch_issued=0 stage2_graph_prefetch_hits=0 stage2_graph_prefetch_wasted=0 stage2_graph_prefetch_promotion_ratio=0.000000 stage2_graph_issue_width_current=4 stage2_vector_read_waves=0 avg_stage2_scores_per_vector_wave=0.000000 stage2_vector_unique_reads=0 stage2_home_rpc_batches=0 stage2_home_rpc_items=0 avg_stage2_home_rpc_batch=0.000000 stage2_home_score_rpc_batches=0 stage2_home_score_rpc_items=0 stage2_home_score_rpc_queries=0 stage2_home_score_rpc_request_bytes=0 stage2_home_score_rpc_response_bytes=0 avg_stage2_home_score_queries_per_rpc=0.000000 avg_stage2_home_score_rpc_batch=0.000000 stage2_home_scored_neighbors=0 home_scores_per_expansion=0.000000 stage2_migrations=0 home_match_rate=0.000000 stage2_final_edges=0 stage2_cross_edges_stage1_home=0 stage2_cross_edges_final_home=0 cross_edge_reduction_ratio=0.000000 failed=0 rpc_timeouts=0 reverse_aggregate_batches=0 reverse_aggregate_logical_requests=0 reverse_aggregate_ops=0 avg_reverse_aggregate_logicals=0.000000 avg_reverse_aggregate_ops=0.000000 max_backlog=2 admission_window=65536 completion_outstanding=2 completion_incomplete=2 completed_behind_hole=0 completion_logical_full_failures=0 completion_physical_full_failures=0 pressure_yields=0 stage2_batches=0 avg_stage2_batch_size=0.000000 packing_target_batch=8 packing_admit_queue_avg=0.000000 packing_admit_queue_max=0 packing_batch_1_7=0 packing_batch_8=0 packing_assembly_batches=0 packing_assembly_wait_ms=0.000000 packing_arrival_interval_us=25000 packing_waited_batches=0 packing_wait_ms=0.000000 packing_target_flushes=0 packing_deadline_flushes=0 packing_cleanup_flushes=0 stage2_phase_search_attempts=0 stage2_phase_search_task_attempts=0 stage2_phase_search_elapsed_ms=0.000000 avg_stage2_phase_search_us_per_task=0.000000 stage2_phase_freeze_prune_attempts=0 stage2_phase_freeze_prune_task_attempts=0 stage2_phase_freeze_prune_elapsed_ms=0.000000 avg_stage2_phase_freeze_prune_us_per_task=0.000000 stage2_phase_reverse_prepare_attempts=0 stage2_phase_reverse_prepare_task_attempts=0 stage2_phase_reverse_prepare_elapsed_ms=0.000000 avg_stage2_phase_reverse_prepare_us_per_task=0.000000 stage2_phase_placement_authority_attempts=0 stage2_phase_placement_authority_task_attempts=0 stage2_phase_placement_authority_elapsed_ms=0.000000 avg_stage2_phase_placement_authority_us_per_task=0.000000 stage2_phase_completion_handoff_attempts=0 stage2_phase_completion_handoff_task_attempts=0 stage2_phase_completion_handoff_elapsed_ms=0.000000 avg_stage2_phase_completion_handoff_us_per_task=0.000000 stage2_phase_finalize_attempts=0 stage2_phase_finalize_task_attempts=0 stage2_phase_finalize_elapsed_ms=0.000000 avg_stage2_phase_finalize_us_per_task=0.000000 maintenance_worker_idle_waits=7680 maintenance_worker_idle_ms=77265.490166 maintenance_lost_wake_avoided=0 maintenance_targeted_wakes=0 maintenance_generic_wakes=2 maintenance_broadcast_wakes=0 maintenance_context_slots_scanned=122752 maintenance_ready_notifications=0 maintenance_ready_stale_notifications=0 maintenance_ready_tickets_drained=0 maintenance_ready_overflow_scans=0 maintenance_ready_fallback_scans=7946 stage2_search_lane_lease_limit=32 stage2_search_lane_lease_peak=0 stage2_search_lane_lease_blocked=0 maintenance_worker_observed_idle_ratio=0.963211 maintenance_worker_observed_busy_ratio=0.036789 physical_stage1_items=2 physical_stage1_total_ns=15578057 physical_stage1_search_ns=15032146 physical_stage1_prune_ns=255688 physical_stage1_allocate_write_ns=188486 physical_stage1_backlink_ns=89175 physical_stage1_candidates=256 physical_stage1_remote_frontier_items=4775 physical_stage1_neighbors=24 peer_stage1_enqueued=4 peer_stage1_processed=4 peer_stage1_items=4 avg_peer_stage1_items=1.000000 peer_stage1_rate_per_sec=0.398920 peer_stage1_max_queue=1 peer_stage1_active_workers=0 peer_stage2_home_enqueued=0 peer_stage2_home_processed=0 peer_stage2_home_items=0 avg_peer_stage2_home_items=0.000000 peer_stage2_home_max_queue=0 peer_stage2_home_response_queue_drops=0 peer_stage2_home_response_send_wait_ms=0.000000 avg_peer_stage2_home_queue_wait_us=0.000000 avg_peer_stage2_home_execution_us=0.000000 peer_stage1_release_deferred_batches=0 peer_stage1_release_deferred_items=0 peer_stage1_duplicate_retry_responses=0 peer_stage1_admission_retry_responses=0 peer_stage1_retry_response_drops=0 peer_stage1_admission_waiters=0 peer_stage1_admission_waiter_items=0 peer_stage1_admission_owned_items=0 peer_stage1_admission_wake_coverage=0 peer_stage1_admission_parked=0 peer_stage1_admission_woken=0 peer_stage1_admission_reparked=0 peer_stage1_max_admission_waiters=0 peer_stage1_duplicate_coalesced=0 peer_reverse_enqueued=0 peer_reverse_processed=0 peer_reverse_remaining=0 peer_reverse_items_enqueued=0 peer_reverse_items_processed=0 peer_reverse_rate_per_sec=0.000000 peer_reverse_failed=0 peer_reverse_max_queue=0 reclaim_pending=0 reclaim_reused=0 dynamic_high_watermark=19981110304 stage2_remaining=2 cleanup_remaining=0 active_contexts=0 active_context_limit=32 repair_remaining=0 remaining=2
[STATUS]: storage-owner maintenance observation: enqueued=2 stage2_enqueued=2 cleanup_enqueued=0 stage2_tasks_done=0 stage2_finalized_live=0 cleanup_processed=0 stale=0 stage2_completion_ratio=0.000000 live_stage2_completion_ratio=0.000000 avg_stage2_delay_ms=0.000000 p99_stage2_delay_upper_ms=0.000000 p99_stage2_delay_over_30s=false stage2_delay_histogram=0,0,0,0,0,0,0,0,0,0,0,0,0,0,0,0,0,0 max_stage2_delay_ms=0.000000 compaction_batch_target=32 compaction_max_delay_ms=25.000000 stage2_rate_per_sec=0.000000 stage1_search_budget_exhausted=0 stage2_search_budget_exhausted=0 stage2_continuations=0 stage2_remote_frontier_items=0 avg_stage2_remote_frontier=0.000000 stage2_remote_expansions=0 avg_stage2_remote_expansions=0.000000 stage2_scored_candidates=0 avg_stage2_scored_candidates=0.000000 stage2_graph_read_waves=0 avg_stage2_expansions_per_graph_wave=0.000000 stage2_graph_unique_reads=0 stage2_graph_prefetch_issued=0 stage2_graph_prefetch_hits=0 stage2_graph_prefetch_wasted=0 stage2_graph_prefetch_promotion_ratio=0.000000 stage2_graph_issue_width_current=4 stage2_vector_read_waves=0 avg_stage2_scores_per_vector_wave=0.000000 stage2_vector_unique_reads=0 stage2_home_rpc_batches=0 stage2_home_rpc_items=0 avg_stage2_home_rpc_batch=0.000000 stage2_home_score_rpc_batches=0 stage2_home_score_rpc_items=0 stage2_home_score_rpc_queries=0 stage2_home_score_rpc_request_bytes=0 stage2_home_score_rpc_response_bytes=0 avg_stage2_home_score_queries_per_rpc=0.000000 avg_stage2_home_score_rpc_batch=0.000000 stage2_home_scored_neighbors=0 home_scores_per_expansion=0.000000 stage2_migrations=0 home_match_rate=0.000000 stage2_final_edges=0 stage2_cross_edges_stage1_home=0 stage2_cross_edges_final_home=0 cross_edge_reduction_ratio=0.000000 failed=0 rpc_timeouts=0 reverse_aggregate_batches=0 reverse_aggregate_logical_requests=0 reverse_aggregate_ops=0 avg_reverse_aggregate_logicals=0.000000 avg_reverse_aggregate_ops=0.000000 max_backlog=2 admission_window=65536 completion_outstanding=2 completion_incomplete=2 completed_behind_hole=0 completion_logical_full_failures=0 completion_physical_full_failures=0 pressure_yields=0 stage2_batches=0 avg_stage2_batch_size=0.000000 packing_target_batch=8 packing_admit_queue_avg=0.000000 packing_admit_queue_max=0 packing_batch_1_7=0 packing_batch_8=0 packing_assembly_batches=0 packing_assembly_wait_ms=0.000000 packing_arrival_interval_us=25000 packing_waited_batches=0 packing_wait_ms=0.000000 packing_target_flushes=0 packing_deadline_flushes=0 packing_cleanup_flushes=0 stage2_phase_search_attempts=0 stage2_phase_search_task_attempts=0 stage2_phase_search_elapsed_ms=0.000000 avg_stage2_phase_search_us_per_task=0.000000 stage2_phase_freeze_prune_attempts=0 stage2_phase_freeze_prune_task_attempts=0 stage2_phase_freeze_prune_elapsed_ms=0.000000 avg_stage2_phase_freeze_prune_us_per_task=0.000000 stage2_phase_reverse_prepare_attempts=0 stage2_phase_reverse_prepare_task_attempts=0 stage2_phase_reverse_prepare_elapsed_ms=0.000000 avg_stage2_phase_reverse_prepare_us_per_task=0.000000 stage2_phase_placement_authority_attempts=0 stage2_phase_placement_authority_task_attempts=0 stage2_phase_placement_authority_elapsed_ms=0.000000 avg_stage2_phase_placement_authority_us_per_task=0.000000 stage2_phase_completion_handoff_attempts=0 stage2_phase_completion_handoff_task_attempts=0 stage2_phase_completion_handoff_elapsed_ms=0.000000 avg_stage2_phase_completion_handoff_us_per_task=0.000000 stage2_phase_finalize_attempts=0 stage2_phase_finalize_task_attempts=0 stage2_phase_finalize_elapsed_ms=0.000000 avg_stage2_phase_finalize_us_per_task=0.000000 maintenance_worker_idle_waits=11776 maintenance_worker_idle_ms=118462.130701 maintenance_lost_wake_avoided=0 maintenance_targeted_wakes=0 maintenance_generic_wakes=2 maintenance_broadcast_wakes=0 maintenance_context_slots_scanned=188288 maintenance_ready_notifications=0 maintenance_ready_stale_notifications=0 maintenance_ready_tickets_drained=0 maintenance_ready_overflow_scans=0 maintenance_ready_fallback_scans=11922 stage2_search_lane_lease_limit=32 stage2_search_lane_lease_peak=0 stage2_search_lane_lease_blocked=0 maintenance_worker_observed_idle_ratio=0.985253 maintenance_worker_observed_busy_ratio=0.014747 physical_stage1_items=2 physical_stage1_total_ns=15578057 physical_stage1_search_ns=15032146 physical_stage1_prune_ns=255688 physical_stage1_allocate_write_ns=188486 physical_stage1_backlink_ns=89175 physical_stage1_candidates=256 physical_stage1_remote_frontier_items=4775 physical_stage1_neighbors=24 peer_stage1_enqueued=4 peer_stage1_processed=4 peer_stage1_items=4 avg_peer_stage1_items=1.000000 peer_stage1_rate_per_sec=0.266145 peer_stage1_max_queue=1 peer_stage1_active_workers=0 peer_stage2_home_enqueued=1 peer_stage2_home_processed=1 peer_stage2_home_items=256 avg_peer_stage2_home_items=256.000000 peer_stage2_home_max_queue=1 peer_stage2_home_response_queue_drops=0 peer_stage2_home_response_send_wait_ms=0.218956 avg_peer_stage2_home_queue_wait_us=37.729000 avg_peer_stage2_home_execution_us=117.376000 peer_stage1_release_deferred_batches=0 peer_stage1_release_deferred_items=0 peer_stage1_duplicate_retry_responses=0 peer_stage1_admission_retry_responses=0 peer_stage1_retry_response_drops=0 peer_stage1_admission_waiters=0 peer_stage1_admission_waiter_items=0 peer_stage1_admission_owned_items=0 peer_stage1_admission_wake_coverage=0 peer_stage1_admission_parked=0 peer_stage1_admission_woken=0 peer_stage1_admission_reparked=0 peer_stage1_max_admission_waiters=0 peer_stage1_duplicate_coalesced=0 peer_reverse_enqueued=0 peer_reverse_processed=0 peer_reverse_remaining=0 peer_reverse_items_enqueued=0 peer_reverse_items_processed=0 peer_reverse_rate_per_sec=0.000000 peer_reverse_failed=0 peer_reverse_max_queue=0 reclaim_pending=0 reclaim_reused=0 dynamic_high_watermark=19981110304 stage2_remaining=2 cleanup_remaining=0 active_contexts=0 active_context_limit=32 repair_remaining=0 remaining=2
[STATUS]: storage-owner maintenance observation: enqueued=2 stage2_enqueued=2 cleanup_enqueued=0 stage2_tasks_done=2 stage2_finalized_live=2 cleanup_processed=0 stale=0 stage2_completion_ratio=1.000000 live_stage2_completion_ratio=1.000000 avg_stage2_delay_ms=14926.148512 p99_stage2_delay_upper_ms=16000.000000 p99_stage2_delay_over_30s=false stage2_delay_histogram=0,0,0,0,0,0,0,0,0,0,0,0,0,0,0,2,0,0 max_stage2_delay_ms=15036.115165 compaction_batch_target=32 compaction_max_delay_ms=25.000000 stage2_rate_per_sec=0.099851 stage1_search_budget_exhausted=0 stage2_search_budget_exhausted=0 stage2_continuations=2 stage2_remote_frontier_items=4775 avg_stage2_remote_frontier=2387.500000 stage2_remote_expansions=259 avg_stage2_remote_expansions=129.500000 stage2_scored_candidates=17800 avg_stage2_scored_candidates=8900.000000 stage2_graph_read_waves=99 avg_stage2_expansions_per_graph_wave=2.616162 stage2_graph_unique_reads=279 stage2_graph_prefetch_issued=121 stage2_graph_prefetch_hits=101 stage2_graph_prefetch_wasted=20 stage2_graph_prefetch_promotion_ratio=0.834711 stage2_graph_issue_width_current=4 stage2_vector_read_waves=111 avg_stage2_scores_per_vector_wave=160.360360 stage2_vector_unique_reads=5094 stage2_home_rpc_batches=119 stage2_home_rpc_items=4949 avg_stage2_home_rpc_batch=41.588235 stage2_home_score_rpc_batches=19 stage2_home_score_rpc_items=4670 stage2_home_score_rpc_queries=37 stage2_home_score_rpc_request_bytes=116692 stage2_home_score_rpc_response_bytes=150200 avg_stage2_home_score_queries_per_rpc=1.947368 avg_stage2_home_score_rpc_batch=245.789474 stage2_home_scored_neighbors=17376 home_scores_per_expansion=3.511012 stage2_migrations=2 home_match_rate=0.000000 stage2_final_edges=67 stage2_cross_edges_stage1_home=66 stage2_cross_edges_final_home=1 cross_edge_reduction_ratio=0.984848 failed=0 rpc_timeouts=0 reverse_aggregate_batches=0 reverse_aggregate_logical_requests=0 reverse_aggregate_ops=0 avg_reverse_aggregate_logicals=0.000000 avg_reverse_aggregate_ops=0.000000 max_backlog=2 admission_window=65536 completion_outstanding=0 completion_incomplete=0 completed_behind_hole=0 completion_logical_full_failures=0 completion_physical_full_failures=0 pressure_yields=0 stage2_batches=1 avg_stage2_batch_size=2.000000 packing_target_batch=8 packing_admit_queue_avg=2.000000 packing_admit_queue_max=2 packing_batch_1_7=1 packing_batch_8=0 packing_assembly_batches=1 packing_assembly_wait_ms=15000.059069 packing_arrival_interval_us=25000 packing_waited_batches=1 packing_wait_ms=25.000000 packing_target_flushes=0 packing_deadline_flushes=1 packing_cleanup_flushes=0 stage2_phase_search_attempts=1 stage2_phase_search_task_attempts=2 stage2_phase_search_elapsed_ms=20.215684 avg_stage2_phase_search_us_per_task=10107.842000 stage2_phase_freeze_prune_attempts=1 stage2_phase_freeze_prune_task_attempts=2 stage2_phase_freeze_prune_elapsed_ms=2.007763 avg_stage2_phase_freeze_prune_us_per_task=1003.881500 stage2_phase_reverse_prepare_attempts=1 stage2_phase_reverse_prepare_task_attempts=2 stage2_phase_reverse_prepare_elapsed_ms=3.264610 avg_stage2_phase_reverse_prepare_us_per_task=1632.305000 stage2_phase_placement_authority_attempts=1 stage2_phase_placement_authority_task_attempts=2 stage2_phase_placement_authority_elapsed_ms=0.288354 avg_stage2_phase_placement_authority_us_per_task=144.177000 stage2_phase_completion_handoff_attempts=1 stage2_phase_completion_handoff_task_attempts=2 stage2_phase_completion_handoff_elapsed_ms=0.000921 avg_stage2_phase_completion_handoff_us_per_task=0.460500 stage2_phase_finalize_attempts=1 stage2_phase_finalize_task_attempts=2 stage2_phase_finalize_elapsed_ms=0.003717 avg_stage2_phase_finalize_us_per_task=1.858500 maintenance_worker_idle_waits=16064 maintenance_worker_idle_ms=159344.877280 maintenance_lost_wake_avoided=3 maintenance_targeted_wakes=297 maintenance_generic_wakes=2 maintenance_broadcast_wakes=0 maintenance_context_slots_scanned=253360 maintenance_ready_notifications=257 maintenance_ready_stale_notifications=0 maintenance_ready_tickets_drained=218 maintenance_ready_overflow_scans=0 maintenance_ready_fallback_scans=15900 stage2_search_lane_lease_limit=32 stage2_search_lane_lease_peak=1 stage2_search_lane_lease_blocked=0 maintenance_worker_observed_idle_ratio=0.994417 maintenance_worker_observed_busy_ratio=0.005583 physical_stage1_items=2 physical_stage1_total_ns=15578057 physical_stage1_search_ns=15032146 physical_stage1_prune_ns=255688 physical_stage1_allocate_write_ns=188486 physical_stage1_backlink_ns=89175 physical_stage1_candidates=256 physical_stage1_remote_frontier_items=4775 physical_stage1_neighbors=24 peer_stage1_enqueued=4 peer_stage1_processed=4 peer_stage1_items=4 avg_peer_stage1_items=1.000000 peer_stage1_rate_per_sec=0.199701 peer_stage1_max_queue=1 peer_stage1_active_workers=0 peer_stage2_home_enqueued=261 peer_stage2_home_processed=261 peer_stage2_home_items=45753 avg_peer_stage2_home_items=175.298851 peer_stage2_home_max_queue=2 peer_stage2_home_response_queue_drops=0 peer_stage2_home_response_send_wait_ms=1.593905 avg_peer_stage2_home_queue_wait_us=23.119356 avg_peer_stage2_home_execution_us=82.407686 peer_stage1_release_deferred_batches=0 peer_stage1_release_deferred_items=0 peer_stage1_duplicate_retry_responses=0 peer_stage1_admission_retry_responses=0 peer_stage1_retry_response_drops=0 peer_stage1_admission_waiters=0 peer_stage1_admission_waiter_items=0 peer_stage1_admission_owned_items=0 peer_stage1_admission_wake_coverage=0 peer_stage1_admission_parked=0 peer_stage1_admission_woken=0 peer_stage1_admission_reparked=0 peer_stage1_max_admission_waiters=0 peer_stage1_duplicate_coalesced=0 peer_reverse_enqueued=16 peer_reverse_processed=16 peer_reverse_remaining=0 peer_reverse_items_enqueued=32 peer_reverse_items_processed=32 peer_reverse_rate_per_sec=1.597609 peer_reverse_failed=0 peer_reverse_max_queue=1 reclaim_pending=2 reclaim_reused=0 dynamic_high_watermark=19981111296 stage2_remaining=0 cleanup_remaining=0 active_contexts=0 active_context_limit=32 repair_remaining=0 remaining=0
[STATUS]: storage-owner maintenance observation: enqueued=2 stage2_enqueued=2 cleanup_enqueued=0 stage2_tasks_done=2 stage2_finalized_live=2 cleanup_processed=0 stale=0 stage2_completion_ratio=1.000000 live_stage2_completion_ratio=1.000000 avg_stage2_delay_ms=14926.148512 p99_stage2_delay_upper_ms=16000.000000 p99_stage2_delay_over_30s=false stage2_delay_histogram=0,0,0,0,0,0,0,0,0,0,0,0,0,0,0,2,0,0 max_stage2_delay_ms=15036.115165 compaction_batch_target=32 compaction_max_delay_ms=25.000000 stage2_rate_per_sec=0.079898 stage1_search_budget_exhausted=0 stage2_search_budget_exhausted=0 stage2_continuations=2 stage2_remote_frontier_items=4775 avg_stage2_remote_frontier=2387.500000 stage2_remote_expansions=259 avg_stage2_remote_expansions=129.500000 stage2_scored_candidates=17800 avg_stage2_scored_candidates=8900.000000 stage2_graph_read_waves=99 avg_stage2_expansions_per_graph_wave=2.616162 stage2_graph_unique_reads=279 stage2_graph_prefetch_issued=121 stage2_graph_prefetch_hits=101 stage2_graph_prefetch_wasted=20 stage2_graph_prefetch_promotion_ratio=0.834711 stage2_graph_issue_width_current=4 stage2_vector_read_waves=111 avg_stage2_scores_per_vector_wave=160.360360 stage2_vector_unique_reads=5094 stage2_home_rpc_batches=119 stage2_home_rpc_items=4949 avg_stage2_home_rpc_batch=41.588235 stage2_home_score_rpc_batches=19 stage2_home_score_rpc_items=4670 stage2_home_score_rpc_queries=37 stage2_home_score_rpc_request_bytes=116692 stage2_home_score_rpc_response_bytes=150200 avg_stage2_home_score_queries_per_rpc=1.947368 avg_stage2_home_score_rpc_batch=245.789474 stage2_home_scored_neighbors=17376 home_scores_per_expansion=3.511012 stage2_migrations=2 home_match_rate=0.000000 stage2_final_edges=67 stage2_cross_edges_stage1_home=66 stage2_cross_edges_final_home=1 cross_edge_reduction_ratio=0.984848 failed=0 rpc_timeouts=0 reverse_aggregate_batches=0 reverse_aggregate_logical_requests=0 reverse_aggregate_ops=0 avg_reverse_aggregate_logicals=0.000000 avg_reverse_aggregate_ops=0.000000 max_backlog=2 admission_window=65536 completion_outstanding=0 completion_incomplete=0 completed_behind_hole=0 completion_logical_full_failures=0 completion_physical_full_failures=0 pressure_yields=0 stage2_batches=1 avg_stage2_batch_size=2.000000 packing_target_batch=8 packing_admit_queue_avg=2.000000 packing_admit_queue_max=2 packing_batch_1_7=1 packing_batch_8=0 packing_assembly_batches=1 packing_assembly_wait_ms=15000.059069 packing_arrival_interval_us=25000 packing_waited_batches=1 packing_wait_ms=25.000000 packing_target_flushes=0 packing_deadline_flushes=1 packing_cleanup_flushes=0 stage2_phase_search_attempts=1 stage2_phase_search_task_attempts=2 stage2_phase_search_elapsed_ms=20.215684 avg_stage2_phase_search_us_per_task=10107.842000 stage2_phase_freeze_prune_attempts=1 stage2_phase_freeze_prune_task_attempts=2 stage2_phase_freeze_prune_elapsed_ms=2.007763 avg_stage2_phase_freeze_prune_us_per_task=1003.881500 stage2_phase_reverse_prepare_attempts=1 stage2_phase_reverse_prepare_task_attempts=2 stage2_phase_reverse_prepare_elapsed_ms=3.264610 avg_stage2_phase_reverse_prepare_us_per_task=1632.305000 stage2_phase_placement_authority_attempts=1 stage2_phase_placement_authority_task_attempts=2 stage2_phase_placement_authority_elapsed_ms=0.288354 avg_stage2_phase_placement_authority_us_per_task=144.177000 stage2_phase_completion_handoff_attempts=1 stage2_phase_completion_handoff_task_attempts=2 stage2_phase_completion_handoff_elapsed_ms=0.000921 avg_stage2_phase_completion_handoff_us_per_task=0.460500 stage2_phase_finalize_attempts=1 stage2_phase_finalize_task_attempts=2 stage2_phase_finalize_elapsed_ms=0.003717 avg_stage2_phase_finalize_us_per_task=1.858500 maintenance_worker_idle_waits=19712 maintenance_worker_idle_ms=196042.292508 maintenance_lost_wake_avoided=3 maintenance_targeted_wakes=297 maintenance_generic_wakes=2 maintenance_broadcast_wakes=0 maintenance_context_slots_scanned=311728 maintenance_ready_notifications=257 maintenance_ready_stale_notifications=0 maintenance_ready_tickets_drained=218 maintenance_ready_overflow_scans=0 maintenance_ready_fallback_scans=19877 stage2_search_lane_lease_limit=32 stage2_search_lane_lease_peak=1 stage2_search_lane_lease_blocked=0 maintenance_worker_observed_idle_ratio=0.978960 maintenance_worker_observed_busy_ratio=0.021040 physical_stage1_items=2 physical_stage1_total_ns=15578057 physical_stage1_search_ns=15032146 physical_stage1_prune_ns=255688 physical_stage1_allocate_write_ns=188486 physical_stage1_backlink_ns=89175 physical_stage1_candidates=256 physical_stage1_remote_frontier_items=4775 physical_stage1_neighbors=24 peer_stage1_enqueued=4 peer_stage1_processed=4 peer_stage1_items=4 avg_peer_stage1_items=1.000000 peer_stage1_rate_per_sec=0.159796 peer_stage1_max_queue=1 peer_stage1_active_workers=0 peer_stage2_home_enqueued=261 peer_stage2_home_processed=261 peer_stage2_home_items=45753 avg_peer_stage2_home_items=175.298851 peer_stage2_home_max_queue=2 peer_stage2_home_response_queue_drops=0 peer_stage2_home_response_send_wait_ms=1.593905 avg_peer_stage2_home_queue_wait_us=23.119356 avg_peer_stage2_home_execution_us=82.407686 peer_stage1_release_deferred_batches=0 peer_stage1_release_deferred_items=0 peer_stage1_duplicate_retry_responses=0 peer_stage1_admission_retry_responses=0 peer_stage1_retry_response_drops=0 peer_stage1_admission_waiters=0 peer_stage1_admission_waiter_items=0 peer_stage1_admission_owned_items=0 peer_stage1_admission_wake_coverage=0 peer_stage1_admission_parked=0 peer_stage1_admission_woken=0 peer_stage1_admission_reparked=0 peer_stage1_max_admission_waiters=0 peer_stage1_duplicate_coalesced=0 peer_reverse_enqueued=16 peer_reverse_processed=16 peer_reverse_remaining=0 peer_reverse_items_enqueued=32 peer_reverse_items_processed=32 peer_reverse_rate_per_sec=1.278366 peer_reverse_failed=0 peer_reverse_max_queue=1 reclaim_pending=2 reclaim_reused=0 dynamic_high_watermark=19981111296 stage2_remaining=0 cleanup_remaining=0 active_contexts=0 active_context_limit=32 repair_remaining=0 remaining=0
[STATUS]: storage-owner maintenance observation: enqueued=2 stage2_enqueued=2 cleanup_enqueued=0 stage2_tasks_done=2 stage2_finalized_live=2 cleanup_processed=0 stale=0 stage2_completion_ratio=1.000000 live_stage2_completion_ratio=1.000000 avg_stage2_delay_ms=14926.148512 p99_stage2_delay_upper_ms=16000.000000 p99_stage2_delay_over_30s=false stage2_delay_histogram=0,0,0,0,0,0,0,0,0,0,0,0,0,0,0,2,0,0 max_stage2_delay_ms=15036.115165 compaction_batch_target=32 compaction_max_delay_ms=25.000000 stage2_rate_per_sec=0.066593 stage1_search_budget_exhausted=0 stage2_search_budget_exhausted=0 stage2_continuations=2 stage2_remote_frontier_items=4775 avg_stage2_remote_frontier=2387.500000 stage2_remote_expansions=259 avg_stage2_remote_expansions=129.500000 stage2_scored_candidates=17800 avg_stage2_scored_candidates=8900.000000 stage2_graph_read_waves=99 avg_stage2_expansions_per_graph_wave=2.616162 stage2_graph_unique_reads=279 stage2_graph_prefetch_issued=121 stage2_graph_prefetch_hits=101 stage2_graph_prefetch_wasted=20 stage2_graph_prefetch_promotion_ratio=0.834711 stage2_graph_issue_width_current=4 stage2_vector_read_waves=111 avg_stage2_scores_per_vector_wave=160.360360 stage2_vector_unique_reads=5094 stage2_home_rpc_batches=119 stage2_home_rpc_items=4949 avg_stage2_home_rpc_batch=41.588235 stage2_home_score_rpc_batches=19 stage2_home_score_rpc_items=4670 stage2_home_score_rpc_queries=37 stage2_home_score_rpc_request_bytes=116692 stage2_home_score_rpc_response_bytes=150200 avg_stage2_home_score_queries_per_rpc=1.947368 avg_stage2_home_score_rpc_batch=245.789474 stage2_home_scored_neighbors=17376 home_scores_per_expansion=3.511012 stage2_migrations=2 home_match_rate=0.000000 stage2_final_edges=67 stage2_cross_edges_stage1_home=66 stage2_cross_edges_final_home=1 cross_edge_reduction_ratio=0.984848 failed=0 rpc_timeouts=0 reverse_aggregate_batches=0 reverse_aggregate_logical_requests=0 reverse_aggregate_ops=0 avg_reverse_aggregate_logicals=0.000000 avg_reverse_aggregate_ops=0.000000 max_backlog=2 admission_window=65536 completion_outstanding=0 completion_incomplete=0 completed_behind_hole=0 completion_logical_full_failures=0 completion_physical_full_failures=0 pressure_yields=0 stage2_batches=1 avg_stage2_batch_size=2.000000 packing_target_batch=8 packing_admit_queue_avg=2.000000 packing_admit_queue_max=2 packing_batch_1_7=1 packing_batch_8=0 packing_assembly_batches=1 packing_assembly_wait_ms=15000.059069 packing_arrival_interval_us=25000 packing_waited_batches=1 packing_wait_ms=25.000000 packing_target_flushes=0 packing_deadline_flushes=1 packing_cleanup_flushes=0 stage2_phase_search_attempts=1 stage2_phase_search_task_attempts=2 stage2_phase_search_elapsed_ms=20.215684 avg_stage2_phase_search_us_per_task=10107.842000 stage2_phase_freeze_prune_attempts=1 stage2_phase_freeze_prune_task_attempts=2 stage2_phase_freeze_prune_elapsed_ms=2.007763 avg_stage2_phase_freeze_prune_us_per_task=1003.881500 stage2_phase_reverse_prepare_attempts=1 stage2_phase_reverse_prepare_task_attempts=2 stage2_phase_reverse_prepare_elapsed_ms=3.264610 avg_stage2_phase_reverse_prepare_us_per_task=1632.305000 stage2_phase_placement_authority_attempts=1 stage2_phase_placement_authority_task_attempts=2 stage2_phase_placement_authority_elapsed_ms=0.288354 avg_stage2_phase_placement_authority_us_per_task=144.177000 stage2_phase_completion_handoff_attempts=1 stage2_phase_completion_handoff_task_attempts=2 stage2_phase_completion_handoff_elapsed_ms=0.000921 avg_stage2_phase_completion_handoff_us_per_task=0.460500 stage2_phase_finalize_attempts=1 stage2_phase_finalize_task_attempts=2 stage2_phase_finalize_elapsed_ms=0.003717 avg_stage2_phase_finalize_us_per_task=1.858500 maintenance_worker_idle_waits=23808 maintenance_worker_idle_ms=237252.788605 maintenance_lost_wake_avoided=3 maintenance_targeted_wakes=297 maintenance_generic_wakes=2 maintenance_broadcast_wakes=0 maintenance_context_slots_scanned=377264 maintenance_ready_notifications=257 maintenance_ready_stale_notifications=0 maintenance_ready_tickets_drained=218 maintenance_ready_overflow_scans=0 maintenance_ready_fallback_scans=23853 stage2_search_lane_lease_limit=32 stage2_search_lane_lease_peak=1 stage2_search_lane_lease_blocked=0 maintenance_worker_observed_idle_ratio=0.987463 maintenance_worker_observed_busy_ratio=0.012537 physical_stage1_items=2 physical_stage1_total_ns=15578057 physical_stage1_search_ns=15032146 physical_stage1_prune_ns=255688 physical_stage1_allocate_write_ns=188486 physical_stage1_backlink_ns=89175 physical_stage1_candidates=256 physical_stage1_remote_frontier_items=4775 physical_stage1_neighbors=24 peer_stage1_enqueued=4 peer_stage1_processed=4 peer_stage1_items=4 avg_peer_stage1_items=1.000000 peer_stage1_rate_per_sec=0.133186 peer_stage1_max_queue=1 peer_stage1_active_workers=0 peer_stage2_home_enqueued=261 peer_stage2_home_processed=261 peer_stage2_home_items=45753 avg_peer_stage2_home_items=175.298851 peer_stage2_home_max_queue=2 peer_stage2_home_response_queue_drops=0 peer_stage2_home_response_send_wait_ms=1.593905 avg_peer_stage2_home_queue_wait_us=23.119356 avg_peer_stage2_home_execution_us=82.407686 peer_stage1_release_deferred_batches=0 peer_stage1_release_deferred_items=0 peer_stage1_duplicate_retry_responses=0 peer_stage1_admission_retry_responses=0 peer_stage1_retry_response_drops=0 peer_stage1_admission_waiters=0 peer_stage1_admission_waiter_items=0 peer_stage1_admission_owned_items=0 peer_stage1_admission_wake_coverage=0 peer_stage1_admission_parked=0 peer_stage1_admission_woken=0 peer_stage1_admission_reparked=0 peer_stage1_max_admission_waiters=0 peer_stage1_duplicate_coalesced=0 peer_reverse_enqueued=16 peer_reverse_processed=16 peer_reverse_remaining=0 peer_reverse_items_enqueued=32 peer_reverse_items_processed=32 peer_reverse_rate_per_sec=1.065490 peer_reverse_failed=0 peer_reverse_max_queue=1 reclaim_pending=2 reclaim_reused=0 dynamic_high_watermark=19981111296 stage2_remaining=0 cleanup_remaining=0 active_contexts=0 active_context_limit=32 repair_remaining=0 remaining=0
[STATUS]: storage-owner maintenance observation: enqueued=2 stage2_enqueued=2 cleanup_enqueued=0 stage2_tasks_done=2 stage2_finalized_live=2 cleanup_processed=0 stale=0 stage2_completion_ratio=1.000000 live_stage2_completion_ratio=1.000000 avg_stage2_delay_ms=14926.148512 p99_stage2_delay_upper_ms=16000.000000 p99_stage2_delay_over_30s=false stage2_delay_histogram=0,0,0,0,0,0,0,0,0,0,0,0,0,0,0,2,0,0 max_stage2_delay_ms=15036.115165 compaction_batch_target=32 compaction_max_delay_ms=25.000000 stage2_rate_per_sec=0.057088 stage1_search_budget_exhausted=0 stage2_search_budget_exhausted=0 stage2_continuations=2 stage2_remote_frontier_items=4775 avg_stage2_remote_frontier=2387.500000 stage2_remote_expansions=259 avg_stage2_remote_expansions=129.500000 stage2_scored_candidates=17800 avg_stage2_scored_candidates=8900.000000 stage2_graph_read_waves=99 avg_stage2_expansions_per_graph_wave=2.616162 stage2_graph_unique_reads=279 stage2_graph_prefetch_issued=121 stage2_graph_prefetch_hits=101 stage2_graph_prefetch_wasted=20 stage2_graph_prefetch_promotion_ratio=0.834711 stage2_graph_issue_width_current=4 stage2_vector_read_waves=111 avg_stage2_scores_per_vector_wave=160.360360 stage2_vector_unique_reads=5094 stage2_home_rpc_batches=119 stage2_home_rpc_items=4949 avg_stage2_home_rpc_batch=41.588235 stage2_home_score_rpc_batches=19 stage2_home_score_rpc_items=4670 stage2_home_score_rpc_queries=37 stage2_home_score_rpc_request_bytes=116692 stage2_home_score_rpc_response_bytes=150200 avg_stage2_home_score_queries_per_rpc=1.947368 avg_stage2_home_score_rpc_batch=245.789474 stage2_home_scored_neighbors=17376 home_scores_per_expansion=3.511012 stage2_migrations=2 home_match_rate=0.000000 stage2_final_edges=67 stage2_cross_edges_stage1_home=66 stage2_cross_edges_final_home=1 cross_edge_reduction_ratio=0.984848 failed=0 rpc_timeouts=0 reverse_aggregate_batches=0 reverse_aggregate_logical_requests=0 reverse_aggregate_ops=0 avg_reverse_aggregate_logicals=0.000000 avg_reverse_aggregate_ops=0.000000 max_backlog=2 admission_window=65536 completion_outstanding=0 completion_incomplete=0 completed_behind_hole=0 completion_logical_full_failures=0 completion_physical_full_failures=0 pressure_yields=0 stage2_batches=1 avg_stage2_batch_size=2.000000 packing_target_batch=8 packing_admit_queue_avg=2.000000 packing_admit_queue_max=2 packing_batch_1_7=1 packing_batch_8=0 packing_assembly_batches=1 packing_assembly_wait_ms=15000.059069 packing_arrival_interval_us=25000 packing_waited_batches=1 packing_wait_ms=25.000000 packing_target_flushes=0 packing_deadline_flushes=1 packing_cleanup_flushes=0 stage2_phase_search_attempts=1 stage2_phase_search_task_attempts=2 stage2_phase_search_elapsed_ms=20.215684 avg_stage2_phase_search_us_per_task=10107.842000 stage2_phase_freeze_prune_attempts=1 stage2_phase_freeze_prune_task_attempts=2 stage2_phase_freeze_prune_elapsed_ms=2.007763 avg_stage2_phase_freeze_prune_us_per_task=1003.881500 stage2_phase_reverse_prepare_attempts=1 stage2_phase_reverse_prepare_task_attempts=2 stage2_phase_reverse_prepare_elapsed_ms=3.264610 avg_stage2_phase_reverse_prepare_us_per_task=1632.305000 stage2_phase_placement_authority_attempts=1 stage2_phase_placement_authority_task_attempts=2 stage2_phase_placement_authority_elapsed_ms=0.288354 avg_stage2_phase_placement_authority_us_per_task=144.177000 stage2_phase_completion_handoff_attempts=1 stage2_phase_completion_handoff_task_attempts=2 stage2_phase_completion_handoff_elapsed_ms=0.000921 avg_stage2_phase_completion_handoff_us_per_task=0.460500 stage2_phase_finalize_attempts=1 stage2_phase_finalize_task_attempts=2 stage2_phase_finalize_elapsed_ms=0.003717 avg_stage2_phase_finalize_us_per_task=1.858500 maintenance_worker_idle_waits=27840 maintenance_worker_idle_ms=277818.957703 maintenance_lost_wake_avoided=3 maintenance_targeted_wakes=297 maintenance_generic_wakes=2 maintenance_broadcast_wakes=0 maintenance_context_slots_scanned=441776 maintenance_ready_notifications=257 maintenance_ready_stale_notifications=0 maintenance_ready_tickets_drained=218 maintenance_ready_overflow_scans=0 maintenance_ready_fallback_scans=27827 stage2_search_lane_lease_limit=32 stage2_search_lane_lease_peak=1 stage2_search_lane_lease_blocked=0 maintenance_worker_observed_idle_ratio=0.991260 maintenance_worker_observed_busy_ratio=0.008740 physical_stage1_items=2 physical_stage1_total_ns=15578057 physical_stage1_search_ns=15032146 physical_stage1_prune_ns=255688 physical_stage1_allocate_write_ns=188486 physical_stage1_backlink_ns=89175 physical_stage1_candidates=256 physical_stage1_remote_frontier_items=4775 physical_stage1_neighbors=24 peer_stage1_enqueued=4 peer_stage1_processed=4 peer_stage1_items=4 avg_peer_stage1_items=1.000000 peer_stage1_rate_per_sec=0.114176 peer_stage1_max_queue=1 peer_stage1_active_workers=0 peer_stage2_home_enqueued=261 peer_stage2_home_processed=261 peer_stage2_home_items=45753 avg_peer_stage2_home_items=175.298851 peer_stage2_home_max_queue=2 peer_stage2_home_response_queue_drops=0 peer_stage2_home_response_send_wait_ms=1.593905 avg_peer_stage2_home_queue_wait_us=23.119356 avg_peer_stage2_home_execution_us=82.407686 peer_stage1_release_deferred_batches=0 peer_stage1_release_deferred_items=0 peer_stage1_duplicate_retry_responses=0 peer_stage1_admission_retry_responses=0 peer_stage1_retry_response_drops=0 peer_stage1_admission_waiters=0 peer_stage1_admission_waiter_items=0 peer_stage1_admission_owned_items=0 peer_stage1_admission_wake_coverage=0 peer_stage1_admission_parked=0 peer_stage1_admission_woken=0 peer_stage1_admission_reparked=0 peer_stage1_max_admission_waiters=0 peer_stage1_duplicate_coalesced=0 peer_reverse_enqueued=16 peer_reverse_processed=16 peer_reverse_remaining=0 peer_reverse_items_enqueued=32 peer_reverse_items_processed=32 peer_reverse_rate_per_sec=0.913410 peer_reverse_failed=0 peer_reverse_max_queue=1 reclaim_pending=2 reclaim_reused=0 dynamic_high_watermark=19981111296 stage2_remaining=0 cleanup_remaining=0 active_contexts=0 active_context_limit=32 repair_remaining=0 remaining=0
[STATUS]: storage-owner maintenance observation: enqueued=2 stage2_enqueued=2 cleanup_enqueued=0 stage2_tasks_done=2 stage2_finalized_live=2 cleanup_processed=0 stale=0 stage2_completion_ratio=1.000000 live_stage2_completion_ratio=1.000000 avg_stage2_delay_ms=14926.148512 p99_stage2_delay_upper_ms=16000.000000 p99_stage2_delay_over_30s=false stage2_delay_histogram=0,0,0,0,0,0,0,0,0,0,0,0,0,0,0,2,0,0 max_stage2_delay_ms=15036.115165 compaction_batch_target=32 compaction_max_delay_ms=25.000000 stage2_rate_per_sec=0.049958 stage1_search_budget_exhausted=0 stage2_search_budget_exhausted=0 stage2_continuations=2 stage2_remote_frontier_items=4775 avg_stage2_remote_frontier=2387.500000 stage2_remote_expansions=259 avg_stage2_remote_expansions=129.500000 stage2_scored_candidates=17800 avg_stage2_scored_candidates=8900.000000 stage2_graph_read_waves=99 avg_stage2_expansions_per_graph_wave=2.616162 stage2_graph_unique_reads=279 stage2_graph_prefetch_issued=121 stage2_graph_prefetch_hits=101 stage2_graph_prefetch_wasted=20 stage2_graph_prefetch_promotion_ratio=0.834711 stage2_graph_issue_width_current=4 stage2_vector_read_waves=111 avg_stage2_scores_per_vector_wave=160.360360 stage2_vector_unique_reads=5094 stage2_home_rpc_batches=119 stage2_home_rpc_items=4949 avg_stage2_home_rpc_batch=41.588235 stage2_home_score_rpc_batches=19 stage2_home_score_rpc_items=4670 stage2_home_score_rpc_queries=37 stage2_home_score_rpc_request_bytes=116692 stage2_home_score_rpc_response_bytes=150200 avg_stage2_home_score_queries_per_rpc=1.947368 avg_stage2_home_score_rpc_batch=245.789474 stage2_home_scored_neighbors=17376 home_scores_per_expansion=3.511012 stage2_migrations=2 home_match_rate=0.000000 stage2_final_edges=67 stage2_cross_edges_stage1_home=66 stage2_cross_edges_final_home=1 cross_edge_reduction_ratio=0.984848 failed=0 rpc_timeouts=0 reverse_aggregate_batches=0 reverse_aggregate_logical_requests=0 reverse_aggregate_ops=0 avg_reverse_aggregate_logicals=0.000000 avg_reverse_aggregate_ops=0.000000 max_backlog=2 admission_window=65536 completion_outstanding=0 completion_incomplete=0 completed_behind_hole=0 completion_logical_full_failures=0 completion_physical_full_failures=0 pressure_yields=0 stage2_batches=1 avg_stage2_batch_size=2.000000 packing_target_batch=8 packing_admit_queue_avg=2.000000 packing_admit_queue_max=2 packing_batch_1_7=1 packing_batch_8=0 packing_assembly_batches=1 packing_assembly_wait_ms=15000.059069 packing_arrival_interval_us=25000 packing_waited_batches=1 packing_wait_ms=25.000000 packing_target_flushes=0 packing_deadline_flushes=1 packing_cleanup_flushes=0 stage2_phase_search_attempts=1 stage2_phase_search_task_attempts=2 stage2_phase_search_elapsed_ms=20.215684 avg_stage2_phase_search_us_per_task=10107.842000 stage2_phase_freeze_prune_attempts=1 stage2_phase_freeze_prune_task_attempts=2 stage2_phase_freeze_prune_elapsed_ms=2.007763 avg_stage2_phase_freeze_prune_us_per_task=1003.881500 stage2_phase_reverse_prepare_attempts=1 stage2_phase_reverse_prepare_task_attempts=2 stage2_phase_reverse_prepare_elapsed_ms=3.264610 avg_stage2_phase_reverse_prepare_us_per_task=1632.305000 stage2_phase_placement_authority_attempts=1 stage2_phase_placement_authority_task_attempts=2 stage2_phase_placement_authority_elapsed_ms=0.288354 avg_stage2_phase_placement_authority_us_per_task=144.177000 stage2_phase_completion_handoff_attempts=1 stage2_phase_completion_handoff_task_attempts=2 stage2_phase_completion_handoff_elapsed_ms=0.000921 avg_stage2_phase_completion_handoff_us_per_task=0.460500 stage2_phase_finalize_attempts=1 stage2_phase_finalize_task_attempts=2 stage2_phase_finalize_elapsed_ms=0.003717 avg_stage2_phase_finalize_us_per_task=1.858500 maintenance_worker_idle_waits=31936 maintenance_worker_idle_ms=319016.369563 maintenance_lost_wake_avoided=3 maintenance_targeted_wakes=297 maintenance_generic_wakes=2 maintenance_broadcast_wakes=0 maintenance_context_slots_scanned=507312 maintenance_ready_notifications=257 maintenance_ready_stale_notifications=0 maintenance_ready_tickets_drained=218 maintenance_ready_overflow_scans=0 maintenance_ready_fallback_scans=31803 stage2_search_lane_lease_limit=32 stage2_search_lane_lease_peak=1 stage2_search_lane_lease_blocked=0 maintenance_worker_observed_idle_ratio=0.996082 maintenance_worker_observed_busy_ratio=0.003918 physical_stage1_items=2 physical_stage1_total_ns=15578057 physical_stage1_search_ns=15032146 physical_stage1_prune_ns=255688 physical_stage1_allocate_write_ns=188486 physical_stage1_backlink_ns=89175 physical_stage1_candidates=256 physical_stage1_remote_frontier_items=4775 physical_stage1_neighbors=24 peer_stage1_enqueued=4 peer_stage1_processed=4 peer_stage1_items=4 avg_peer_stage1_items=1.000000 peer_stage1_rate_per_sec=0.099915 peer_stage1_max_queue=1 peer_stage1_active_workers=0 peer_stage2_home_enqueued=261 peer_stage2_home_processed=261 peer_stage2_home_items=45753 avg_peer_stage2_home_items=175.298851 peer_stage2_home_max_queue=2 peer_stage2_home_response_queue_drops=0 peer_stage2_home_response_send_wait_ms=1.593905 avg_peer_stage2_home_queue_wait_us=23.119356 avg_peer_stage2_home_execution_us=82.407686 peer_stage1_release_deferred_batches=0 peer_stage1_release_deferred_items=0 peer_stage1_duplicate_retry_responses=0 peer_stage1_admission_retry_responses=0 peer_stage1_retry_response_drops=0 peer_stage1_admission_waiters=0 peer_stage1_admission_waiter_items=0 peer_stage1_admission_owned_items=0 peer_stage1_admission_wake_coverage=0 peer_stage1_admission_parked=0 peer_stage1_admission_woken=0 peer_stage1_admission_reparked=0 peer_stage1_max_admission_waiters=0 peer_stage1_duplicate_coalesced=0 peer_reverse_enqueued=16 peer_reverse_processed=16 peer_reverse_remaining=0 peer_reverse_items_enqueued=32 peer_reverse_items_processed=32 peer_reverse_rate_per_sec=0.799323 peer_reverse_failed=0 peer_reverse_max_queue=1 reclaim_pending=2 reclaim_reused=0 dynamic_high_watermark=19981111296 stage2_remaining=0 cleanup_remaining=0 active_contexts=0 active_context_limit=32 repair_remaining=0 remaining=0
[STATUS]: storage-owner maintenance observation: enqueued=2 stage2_enqueued=2 cleanup_enqueued=0 stage2_tasks_done=2 stage2_finalized_live=2 cleanup_processed=0 stale=0 stage2_completion_ratio=1.000000 live_stage2_completion_ratio=1.000000 avg_stage2_delay_ms=14926.148512 p99_stage2_delay_upper_ms=16000.000000 p99_stage2_delay_over_30s=false stage2_delay_histogram=0,0,0,0,0,0,0,0,0,0,0,0,0,0,0,2,0,0 max_stage2_delay_ms=15036.115165 compaction_batch_target=32 compaction_max_delay_ms=25.000000 stage2_rate_per_sec=0.044409 stage1_search_budget_exhausted=0 stage2_search_budget_exhausted=0 stage2_continuations=2 stage2_remote_frontier_items=4775 avg_stage2_remote_frontier=2387.500000 stage2_remote_expansions=259 avg_stage2_remote_expansions=129.500000 stage2_scored_candidates=17800 avg_stage2_scored_candidates=8900.000000 stage2_graph_read_waves=99 avg_stage2_expansions_per_graph_wave=2.616162 stage2_graph_unique_reads=279 stage2_graph_prefetch_issued=121 stage2_graph_prefetch_hits=101 stage2_graph_prefetch_wasted=20 stage2_graph_prefetch_promotion_ratio=0.834711 stage2_graph_issue_width_current=4 stage2_vector_read_waves=111 avg_stage2_scores_per_vector_wave=160.360360 stage2_vector_unique_reads=5094 stage2_home_rpc_batches=119 stage2_home_rpc_items=4949 avg_stage2_home_rpc_batch=41.588235 stage2_home_score_rpc_batches=19 stage2_home_score_rpc_items=4670 stage2_home_score_rpc_queries=37 stage2_home_score_rpc_request_bytes=116692 stage2_home_score_rpc_response_bytes=150200 avg_stage2_home_score_queries_per_rpc=1.947368 avg_stage2_home_score_rpc_batch=245.789474 stage2_home_scored_neighbors=17376 home_scores_per_expansion=3.511012 stage2_migrations=2 home_match_rate=0.000000 stage2_final_edges=67 stage2_cross_edges_stage1_home=66 stage2_cross_edges_final_home=1 cross_edge_reduction_ratio=0.984848 failed=0 rpc_timeouts=0 reverse_aggregate_batches=0 reverse_aggregate_logical_requests=0 reverse_aggregate_ops=0 avg_reverse_aggregate_logicals=0.000000 avg_reverse_aggregate_ops=0.000000 max_backlog=2 admission_window=65536 completion_outstanding=0 completion_incomplete=0 completed_behind_hole=0 completion_logical_full_failures=0 completion_physical_full_failures=0 pressure_yields=0 stage2_batches=1 avg_stage2_batch_size=2.000000 packing_target_batch=8 packing_admit_queue_avg=2.000000 packing_admit_queue_max=2 packing_batch_1_7=1 packing_batch_8=0 packing_assembly_batches=1 packing_assembly_wait_ms=15000.059069 packing_arrival_interval_us=25000 packing_waited_batches=1 packing_wait_ms=25.000000 packing_target_flushes=0 packing_deadline_flushes=1 packing_cleanup_flushes=0 stage2_phase_search_attempts=1 stage2_phase_search_task_attempts=2 stage2_phase_search_elapsed_ms=20.215684 avg_stage2_phase_search_us_per_task=10107.842000 stage2_phase_freeze_prune_attempts=1 stage2_phase_freeze_prune_task_attempts=2 stage2_phase_freeze_prune_elapsed_ms=2.007763 avg_stage2_phase_freeze_prune_us_per_task=1003.881500 stage2_phase_reverse_prepare_attempts=1 stage2_phase_reverse_prepare_task_attempts=2 stage2_phase_reverse_prepare_elapsed_ms=3.264610 avg_stage2_phase_reverse_prepare_us_per_task=1632.305000 stage2_phase_placement_authority_attempts=1 stage2_phase_placement_authority_task_attempts=2 stage2_phase_placement_authority_elapsed_ms=0.288354 avg_stage2_phase_placement_authority_us_per_task=144.177000 stage2_phase_completion_handoff_attempts=1 stage2_phase_completion_handoff_task_attempts=2 stage2_phase_completion_handoff_elapsed_ms=0.000921 avg_stage2_phase_completion_handoff_us_per_task=0.460500 stage2_phase_finalize_attempts=1 stage2_phase_finalize_task_attempts=2 stage2_phase_finalize_elapsed_ms=0.003717 avg_stage2_phase_finalize_us_per_task=1.858500 maintenance_worker_idle_waits=35584 maintenance_worker_idle_ms=355711.700280 maintenance_lost_wake_avoided=3 maintenance_targeted_wakes=297 maintenance_generic_wakes=2 maintenance_broadcast_wakes=0 maintenance_context_slots_scanned=565680 maintenance_ready_notifications=257 maintenance_ready_stale_notifications=0 maintenance_ready_tickets_drained=218 maintenance_ready_overflow_scans=0 maintenance_ready_fallback_scans=35779 stage2_search_lane_lease_limit=32 stage2_search_lane_lease_peak=1 stage2_search_lane_lease_blocked=0 maintenance_worker_observed_idle_ratio=0.987304 maintenance_worker_observed_busy_ratio=0.012696 physical_stage1_items=2 physical_stage1_total_ns=15578057 physical_stage1_search_ns=15032146 physical_stage1_prune_ns=255688 physical_stage1_allocate_write_ns=188486 physical_stage1_backlink_ns=89175 physical_stage1_candidates=256 physical_stage1_remote_frontier_items=4775 physical_stage1_neighbors=24 peer_stage1_enqueued=4 peer_stage1_processed=4 peer_stage1_items=4 avg_peer_stage1_items=1.000000 peer_stage1_rate_per_sec=0.088818 peer_stage1_max_queue=1 peer_stage1_active_workers=0 peer_stage2_home_enqueued=261 peer_stage2_home_processed=261 peer_stage2_home_items=45753 avg_peer_stage2_home_items=175.298851 peer_stage2_home_max_queue=2 peer_stage2_home_response_queue_drops=0 peer_stage2_home_response_send_wait_ms=1.593905 avg_peer_stage2_home_queue_wait_us=23.119356 avg_peer_stage2_home_execution_us=82.407686 peer_stage1_release_deferred_batches=0 peer_stage1_release_deferred_items=0 peer_stage1_duplicate_retry_responses=0 peer_stage1_admission_retry_responses=0 peer_stage1_retry_response_drops=0 peer_stage1_admission_waiters=0 peer_stage1_admission_waiter_items=0 peer_stage1_admission_owned_items=0 peer_stage1_admission_wake_coverage=0 peer_stage1_admission_parked=0 peer_stage1_admission_woken=0 peer_stage1_admission_reparked=0 peer_stage1_max_admission_waiters=0 peer_stage1_duplicate_coalesced=0 peer_reverse_enqueued=16 peer_reverse_processed=16 peer_reverse_remaining=0 peer_reverse_items_enqueued=32 peer_reverse_items_processed=32 peer_reverse_rate_per_sec=0.710547 peer_reverse_failed=0 peer_reverse_max_queue=1 reclaim_pending=2 reclaim_reused=0 dynamic_high_watermark=19981111296 stage2_remaining=0 cleanup_remaining=0 active_contexts=0 active_context_limit=32 repair_remaining=0 remaining=0
[STATUS]: storage-owner maintenance observation: enqueued=2 stage2_enqueued=2 cleanup_enqueued=0 stage2_tasks_done=2 stage2_finalized_live=2 cleanup_processed=0 stale=0 stage2_completion_ratio=1.000000 live_stage2_completion_ratio=1.000000 avg_stage2_delay_ms=14926.148512 p99_stage2_delay_upper_ms=16000.000000 p99_stage2_delay_over_30s=false stage2_delay_histogram=0,0,0,0,0,0,0,0,0,0,0,0,0,0,0,2,0,0 max_stage2_delay_ms=15036.115165 compaction_batch_target=32 compaction_max_delay_ms=25.000000 stage2_rate_per_sec=0.039970 stage1_search_budget_exhausted=0 stage2_search_budget_exhausted=0 stage2_continuations=2 stage2_remote_frontier_items=4775 avg_stage2_remote_frontier=2387.500000 stage2_remote_expansions=259 avg_stage2_remote_expansions=129.500000 stage2_scored_candidates=17800 avg_stage2_scored_candidates=8900.000000 stage2_graph_read_waves=99 avg_stage2_expansions_per_graph_wave=2.616162 stage2_graph_unique_reads=279 stage2_graph_prefetch_issued=121 stage2_graph_prefetch_hits=101 stage2_graph_prefetch_wasted=20 stage2_graph_prefetch_promotion_ratio=0.834711 stage2_graph_issue_width_current=4 stage2_vector_read_waves=111 avg_stage2_scores_per_vector_wave=160.360360 stage2_vector_unique_reads=5094 stage2_home_rpc_batches=119 stage2_home_rpc_items=4949 avg_stage2_home_rpc_batch=41.588235 stage2_home_score_rpc_batches=19 stage2_home_score_rpc_items=4670 stage2_home_score_rpc_queries=37 stage2_home_score_rpc_request_bytes=116692 stage2_home_score_rpc_response_bytes=150200 avg_stage2_home_score_queries_per_rpc=1.947368 avg_stage2_home_score_rpc_batch=245.789474 stage2_home_scored_neighbors=17376 home_scores_per_expansion=3.511012 stage2_migrations=2 home_match_rate=0.000000 stage2_final_edges=67 stage2_cross_edges_stage1_home=66 stage2_cross_edges_final_home=1 cross_edge_reduction_ratio=0.984848 failed=0 rpc_timeouts=0 reverse_aggregate_batches=0 reverse_aggregate_logical_requests=0 reverse_aggregate_ops=0 avg_reverse_aggregate_logicals=0.000000 avg_reverse_aggregate_ops=0.000000 max_backlog=2 admission_window=65536 completion_outstanding=0 completion_incomplete=0 completed_behind_hole=0 completion_logical_full_failures=0 completion_physical_full_failures=0 pressure_yields=0 stage2_batches=1 avg_stage2_batch_size=2.000000 packing_target_batch=8 packing_admit_queue_avg=2.000000 packing_admit_queue_max=2 packing_batch_1_7=1 packing_batch_8=0 packing_assembly_batches=1 packing_assembly_wait_ms=15000.059069 packing_arrival_interval_us=25000 packing_waited_batches=1 packing_wait_ms=25.000000 packing_target_flushes=0 packing_deadline_flushes=1 packing_cleanup_flushes=0 stage2_phase_search_attempts=1 stage2_phase_search_task_attempts=2 stage2_phase_search_elapsed_ms=20.215684 avg_stage2_phase_search_us_per_task=10107.842000 stage2_phase_freeze_prune_attempts=1 stage2_phase_freeze_prune_task_attempts=2 stage2_phase_freeze_prune_elapsed_ms=2.007763 avg_stage2_phase_freeze_prune_us_per_task=1003.881500 stage2_phase_reverse_prepare_attempts=1 stage2_phase_reverse_prepare_task_attempts=2 stage2_phase_reverse_prepare_elapsed_ms=3.264610 avg_stage2_phase_reverse_prepare_us_per_task=1632.305000 stage2_phase_placement_authority_attempts=1 stage2_phase_placement_authority_task_attempts=2 stage2_phase_placement_authority_elapsed_ms=0.288354 avg_stage2_phase_placement_authority_us_per_task=144.177000 stage2_phase_completion_handoff_attempts=1 stage2_phase_completion_handoff_task_attempts=2 stage2_phase_completion_handoff_elapsed_ms=0.000921 avg_stage2_phase_completion_handoff_us_per_task=0.460500 stage2_phase_finalize_attempts=1 stage2_phase_finalize_task_attempts=2 stage2_phase_finalize_elapsed_ms=0.003717 avg_stage2_phase_finalize_us_per_task=1.858500 maintenance_worker_idle_waits=39680 maintenance_worker_idle_ms=396909.441004 maintenance_lost_wake_avoided=3 maintenance_targeted_wakes=297 maintenance_generic_wakes=2 maintenance_broadcast_wakes=0 maintenance_context_slots_scanned=631216 maintenance_ready_notifications=257 maintenance_ready_stale_notifications=0 maintenance_ready_tickets_drained=218 maintenance_ready_overflow_scans=0 maintenance_ready_fallback_scans=39756 stage2_search_lane_lease_limit=32 stage2_search_lane_lease_peak=1 stage2_search_lane_lease_blocked=0 maintenance_worker_observed_idle_ratio=0.991528 maintenance_worker_observed_busy_ratio=0.008472 physical_stage1_items=2 physical_stage1_total_ns=15578057 physical_stage1_search_ns=15032146 physical_stage1_prune_ns=255688 physical_stage1_allocate_write_ns=188486 physical_stage1_backlink_ns=89175 physical_stage1_candidates=256 physical_stage1_remote_frontier_items=4775 physical_stage1_neighbors=24 peer_stage1_enqueued=4 peer_stage1_processed=4 peer_stage1_items=4 avg_peer_stage1_items=1.000000 peer_stage1_rate_per_sec=0.079940 peer_stage1_max_queue=1 peer_stage1_active_workers=0 peer_stage2_home_enqueued=261 peer_stage2_home_processed=261 peer_stage2_home_items=45753 avg_peer_stage2_home_items=175.298851 peer_stage2_home_max_queue=2 peer_stage2_home_response_queue_drops=0 peer_stage2_home_response_send_wait_ms=1.593905 avg_peer_stage2_home_queue_wait_us=23.119356 avg_peer_stage2_home_execution_us=82.407686 peer_stage1_release_deferred_batches=0 peer_stage1_release_deferred_items=0 peer_stage1_duplicate_retry_responses=0 peer_stage1_admission_retry_responses=0 peer_stage1_retry_response_drops=0 peer_stage1_admission_waiters=0 peer_stage1_admission_waiter_items=0 peer_stage1_admission_owned_items=0 peer_stage1_admission_wake_coverage=0 peer_stage1_admission_parked=0 peer_stage1_admission_woken=0 peer_stage1_admission_reparked=0 peer_stage1_max_admission_waiters=0 peer_stage1_duplicate_coalesced=0 peer_reverse_enqueued=16 peer_reverse_processed=16 peer_reverse_remaining=0 peer_reverse_items_enqueued=32 peer_reverse_items_processed=32 peer_reverse_rate_per_sec=0.639519 peer_reverse_failed=0 peer_reverse_max_queue=1 reclaim_pending=2 reclaim_reused=0 dynamic_high_watermark=19981111296 stage2_remaining=0 cleanup_remaining=0 active_contexts=0 active_context_limit=32 repair_remaining=0 remaining=0
[STATUS]: storage-owner maintenance observation: enqueued=2 stage2_enqueued=2 cleanup_enqueued=0 stage2_tasks_done=2 stage2_finalized_live=2 cleanup_processed=0 stale=0 stage2_completion_ratio=1.000000 live_stage2_completion_ratio=1.000000 avg_stage2_delay_ms=14926.148512 p99_stage2_delay_upper_ms=16000.000000 p99_stage2_delay_over_30s=false stage2_delay_histogram=0,0,0,0,0,0,0,0,0,0,0,0,0,0,0,2,0,0 max_stage2_delay_ms=15036.115165 compaction_batch_target=32 compaction_max_delay_ms=25.000000 stage2_rate_per_sec=0.036339 stage1_search_budget_exhausted=0 stage2_search_budget_exhausted=0 stage2_continuations=2 stage2_remote_frontier_items=4775 avg_stage2_remote_frontier=2387.500000 stage2_remote_expansions=259 avg_stage2_remote_expansions=129.500000 stage2_scored_candidates=17800 avg_stage2_scored_candidates=8900.000000 stage2_graph_read_waves=99 avg_stage2_expansions_per_graph_wave=2.616162 stage2_graph_unique_reads=279 stage2_graph_prefetch_issued=121 stage2_graph_prefetch_hits=101 stage2_graph_prefetch_wasted=20 stage2_graph_prefetch_promotion_ratio=0.834711 stage2_graph_issue_width_current=4 stage2_vector_read_waves=111 avg_stage2_scores_per_vector_wave=160.360360 stage2_vector_unique_reads=5094 stage2_home_rpc_batches=119 stage2_home_rpc_items=4949 avg_stage2_home_rpc_batch=41.588235 stage2_home_score_rpc_batches=19 stage2_home_score_rpc_items=4670 stage2_home_score_rpc_queries=37 stage2_home_score_rpc_request_bytes=116692 stage2_home_score_rpc_response_bytes=150200 avg_stage2_home_score_queries_per_rpc=1.947368 avg_stage2_home_score_rpc_batch=245.789474 stage2_home_scored_neighbors=17376 home_scores_per_expansion=3.511012 stage2_migrations=2 home_match_rate=0.000000 stage2_final_edges=67 stage2_cross_edges_stage1_home=66 stage2_cross_edges_final_home=1 cross_edge_reduction_ratio=0.984848 failed=0 rpc_timeouts=0 reverse_aggregate_batches=0 reverse_aggregate_logical_requests=0 reverse_aggregate_ops=0 avg_reverse_aggregate_logicals=0.000000 avg_reverse_aggregate_ops=0.000000 max_backlog=2 admission_window=65536 completion_outstanding=0 completion_incomplete=0 completed_behind_hole=0 completion_logical_full_failures=0 completion_physical_full_failures=0 pressure_yields=0 stage2_batches=1 avg_stage2_batch_size=2.000000 packing_target_batch=8 packing_admit_queue_avg=2.000000 packing_admit_queue_max=2 packing_batch_1_7=1 packing_batch_8=0 packing_assembly_batches=1 packing_assembly_wait_ms=15000.059069 packing_arrival_interval_us=25000 packing_waited_batches=1 packing_wait_ms=25.000000 packing_target_flushes=0 packing_deadline_flushes=1 packing_cleanup_flushes=0 stage2_phase_search_attempts=1 stage2_phase_search_task_attempts=2 stage2_phase_search_elapsed_ms=20.215684 avg_stage2_phase_search_us_per_task=10107.842000 stage2_phase_freeze_prune_attempts=1 stage2_phase_freeze_prune_task_attempts=2 stage2_phase_freeze_prune_elapsed_ms=2.007763 avg_stage2_phase_freeze_prune_us_per_task=1003.881500 stage2_phase_reverse_prepare_attempts=1 stage2_phase_reverse_prepare_task_attempts=2 stage2_phase_reverse_prepare_elapsed_ms=3.264610 avg_stage2_phase_reverse_prepare_us_per_task=1632.305000 stage2_phase_placement_authority_attempts=1 stage2_phase_placement_authority_task_attempts=2 stage2_phase_placement_authority_elapsed_ms=0.288354 avg_stage2_phase_placement_authority_us_per_task=144.177000 stage2_phase_completion_handoff_attempts=1 stage2_phase_completion_handoff_task_attempts=2 stage2_phase_completion_handoff_elapsed_ms=0.000921 avg_stage2_phase_completion_handoff_us_per_task=0.460500 stage2_phase_finalize_attempts=1 stage2_phase_finalize_task_attempts=2 stage2_phase_finalize_elapsed_ms=0.003717 avg_stage2_phase_finalize_us_per_task=1.858500 maintenance_worker_idle_waits=43712 maintenance_worker_idle_ms=437463.473575 maintenance_lost_wake_avoided=3 maintenance_targeted_wakes=297 maintenance_generic_wakes=2 maintenance_broadcast_wakes=0 maintenance_context_slots_scanned=695728 maintenance_ready_notifications=257 maintenance_ready_stale_notifications=0 maintenance_ready_tickets_drained=218 maintenance_ready_overflow_scans=0 maintenance_ready_fallback_scans=43733 stage2_search_lane_lease_limit=32 stage2_search_lane_lease_peak=1 stage2_search_lane_lease_blocked=0 maintenance_worker_observed_idle_ratio=0.993553 maintenance_worker_observed_busy_ratio=0.006447 physical_stage1_items=2 physical_stage1_total_ns=15578057 physical_stage1_search_ns=15032146 physical_stage1_prune_ns=255688 physical_stage1_allocate_write_ns=188486 physical_stage1_backlink_ns=89175 physical_stage1_candidates=256 physical_stage1_remote_frontier_items=4775 physical_stage1_neighbors=24 peer_stage1_enqueued=4 peer_stage1_processed=4 peer_stage1_items=4 avg_peer_stage1_items=1.000000 peer_stage1_rate_per_sec=0.072677 peer_stage1_max_queue=1 peer_stage1_active_workers=0 peer_stage2_home_enqueued=261 peer_stage2_home_processed=261 peer_stage2_home_items=45753 avg_peer_stage2_home_items=175.298851 peer_stage2_home_max_queue=2 peer_stage2_home_response_queue_drops=0 peer_stage2_home_response_send_wait_ms=1.593905 avg_peer_stage2_home_queue_wait_us=23.119356 avg_peer_stage2_home_execution_us=82.407686 peer_stage1_release_deferred_batches=0 peer_stage1_release_deferred_items=0 peer_stage1_duplicate_retry_responses=0 peer_stage1_admission_retry_responses=0 peer_stage1_retry_response_drops=0 peer_stage1_admission_waiters=0 peer_stage1_admission_waiter_items=0 peer_stage1_admission_owned_items=0 peer_stage1_admission_wake_coverage=0 peer_stage1_admission_parked=0 peer_stage1_admission_woken=0 peer_stage1_admission_reparked=0 peer_stage1_max_admission_waiters=0 peer_stage1_duplicate_coalesced=0 peer_reverse_enqueued=16 peer_reverse_processed=16 peer_reverse_remaining=0 peer_reverse_items_enqueued=32 peer_reverse_items_processed=32 peer_reverse_rate_per_sec=0.581419 peer_reverse_failed=0 peer_reverse_max_queue=1 reclaim_pending=2 reclaim_reused=0 dynamic_high_watermark=19981111296 stage2_remaining=0 cleanup_remaining=0 active_contexts=0 active_context_limit=32 repair_remaining=0 remaining=0
[STATUS]: storage-owner maintenance observation: enqueued=2 stage2_enqueued=2 cleanup_enqueued=0 stage2_tasks_done=2 stage2_finalized_live=2 cleanup_processed=0 stale=0 stage2_completion_ratio=1.000000 live_stage2_completion_ratio=1.000000 avg_stage2_delay_ms=14926.148512 p99_stage2_delay_upper_ms=16000.000000 p99_stage2_delay_over_30s=false stage2_delay_histogram=0,0,0,0,0,0,0,0,0,0,0,0,0,0,0,2,0,0 max_stage2_delay_ms=15036.115165 compaction_batch_target=32 compaction_max_delay_ms=25.000000 stage2_rate_per_sec=0.033311 stage1_search_budget_exhausted=0 stage2_search_budget_exhausted=0 stage2_continuations=2 stage2_remote_frontier_items=4775 avg_stage2_remote_frontier=2387.500000 stage2_remote_expansions=259 avg_stage2_remote_expansions=129.500000 stage2_scored_candidates=17800 avg_stage2_scored_candidates=8900.000000 stage2_graph_read_waves=99 avg_stage2_expansions_per_graph_wave=2.616162 stage2_graph_unique_reads=279 stage2_graph_prefetch_issued=121 stage2_graph_prefetch_hits=101 stage2_graph_prefetch_wasted=20 stage2_graph_prefetch_promotion_ratio=0.834711 stage2_graph_issue_width_current=4 stage2_vector_read_waves=111 avg_stage2_scores_per_vector_wave=160.360360 stage2_vector_unique_reads=5094 stage2_home_rpc_batches=119 stage2_home_rpc_items=4949 avg_stage2_home_rpc_batch=41.588235 stage2_home_score_rpc_batches=19 stage2_home_score_rpc_items=4670 stage2_home_score_rpc_queries=37 stage2_home_score_rpc_request_bytes=116692 stage2_home_score_rpc_response_bytes=150200 avg_stage2_home_score_queries_per_rpc=1.947368 avg_stage2_home_score_rpc_batch=245.789474 stage2_home_scored_neighbors=17376 home_scores_per_expansion=3.511012 stage2_migrations=2 home_match_rate=0.000000 stage2_final_edges=67 stage2_cross_edges_stage1_home=66 stage2_cross_edges_final_home=1 cross_edge_reduction_ratio=0.984848 failed=0 rpc_timeouts=0 reverse_aggregate_batches=0 reverse_aggregate_logical_requests=0 reverse_aggregate_ops=0 avg_reverse_aggregate_logicals=0.000000 avg_reverse_aggregate_ops=0.000000 max_backlog=2 admission_window=65536 completion_outstanding=0 completion_incomplete=0 completed_behind_hole=0 completion_logical_full_failures=0 completion_physical_full_failures=0 pressure_yields=0 stage2_batches=1 avg_stage2_batch_size=2.000000 packing_target_batch=8 packing_admit_queue_avg=2.000000 packing_admit_queue_max=2 packing_batch_1_7=1 packing_batch_8=0 packing_assembly_batches=1 packing_assembly_wait_ms=15000.059069 packing_arrival_interval_us=25000 packing_waited_batches=1 packing_wait_ms=25.000000 packing_target_flushes=0 packing_deadline_flushes=1 packing_cleanup_flushes=0 stage2_phase_search_attempts=1 stage2_phase_search_task_attempts=2 stage2_phase_search_elapsed_ms=20.215684 avg_stage2_phase_search_us_per_task=10107.842000 stage2_phase_freeze_prune_attempts=1 stage2_phase_freeze_prune_task_attempts=2 stage2_phase_freeze_prune_elapsed_ms=2.007763 avg_stage2_phase_freeze_prune_us_per_task=1003.881500 stage2_phase_reverse_prepare_attempts=1 stage2_phase_reverse_prepare_task_attempts=2 stage2_phase_reverse_prepare_elapsed_ms=3.264610 avg_stage2_phase_reverse_prepare_us_per_task=1632.305000 stage2_phase_placement_authority_attempts=1 stage2_phase_placement_authority_task_attempts=2 stage2_phase_placement_authority_elapsed_ms=0.288354 avg_stage2_phase_placement_authority_us_per_task=144.177000 stage2_phase_completion_handoff_attempts=1 stage2_phase_completion_handoff_task_attempts=2 stage2_phase_completion_handoff_elapsed_ms=0.000921 avg_stage2_phase_completion_handoff_us_per_task=0.460500 stage2_phase_finalize_attempts=1 stage2_phase_finalize_task_attempts=2 stage2_phase_finalize_elapsed_ms=0.003717 avg_stage2_phase_finalize_us_per_task=1.858500 maintenance_worker_idle_waits=47808 maintenance_worker_idle_ms=478660.506564 maintenance_lost_wake_avoided=3 maintenance_targeted_wakes=297 maintenance_generic_wakes=2 maintenance_broadcast_wakes=0 maintenance_context_slots_scanned=761264 maintenance_ready_notifications=257 maintenance_ready_stale_notifications=0 maintenance_ready_tickets_drained=218 maintenance_ready_overflow_scans=0 maintenance_ready_fallback_scans=47710 stage2_search_lane_lease_limit=32 stage2_search_lane_lease_peak=1 stage2_search_lane_lease_blocked=0 maintenance_worker_observed_idle_ratio=0.996536 maintenance_worker_observed_busy_ratio=0.003464 physical_stage1_items=2 physical_stage1_total_ns=15578057 physical_stage1_search_ns=15032146 physical_stage1_prune_ns=255688 physical_stage1_allocate_write_ns=188486 physical_stage1_backlink_ns=89175 physical_stage1_candidates=256 physical_stage1_remote_frontier_items=4775 physical_stage1_neighbors=24 peer_stage1_enqueued=4 peer_stage1_processed=4 peer_stage1_items=4 avg_peer_stage1_items=1.000000 peer_stage1_rate_per_sec=0.066622 peer_stage1_max_queue=1 peer_stage1_active_workers=0 peer_stage2_home_enqueued=261 peer_stage2_home_processed=261 peer_stage2_home_items=45753 avg_peer_stage2_home_items=175.298851 peer_stage2_home_max_queue=2 peer_stage2_home_response_queue_drops=0 peer_stage2_home_response_send_wait_ms=1.593905 avg_peer_stage2_home_queue_wait_us=23.119356 avg_peer_stage2_home_execution_us=82.407686 peer_stage1_release_deferred_batches=0 peer_stage1_release_deferred_items=0 peer_stage1_duplicate_retry_responses=0 peer_stage1_admission_retry_responses=0 peer_stage1_retry_response_drops=0 peer_stage1_admission_waiters=0 peer_stage1_admission_waiter_items=0 peer_stage1_admission_owned_items=0 peer_stage1_admission_wake_coverage=0 peer_stage1_admission_parked=0 peer_stage1_admission_woken=0 peer_stage1_admission_reparked=0 peer_stage1_max_admission_waiters=0 peer_stage1_duplicate_coalesced=0 peer_reverse_enqueued=16 peer_reverse_processed=16 peer_reverse_remaining=0 peer_reverse_items_enqueued=32 peer_reverse_items_processed=32 peer_reverse_rate_per_sec=0.532973 peer_reverse_failed=0 peer_reverse_max_queue=1 reclaim_pending=2 reclaim_reused=0 dynamic_high_watermark=19981111296 stage2_remaining=0 cleanup_remaining=0 active_contexts=0 active_context_limit=32 repair_remaining=0 remaining=0
