============================================================
                        SERVER
============================================================
num clients:                  1
TCP port:                     1237
QP handshake timeout (ms):    10000
IB device:                    <auto>
IB port:                      1
max outstanding CQEs:         64
max send work requests:       4096
max receive work requests:    4096
============================================================
index prefix:                     "/data/xjs/index/dvstor_spacev100m/index/spacev100m_R96_bw128_metis_pmd32_pq20_schema16"
storage shard:                    "/data/xjs/index/dvstor_spacev100m/index/spacev100m_R96_bw128_metis_pmd32_pq20_schema16_node4_of5.dat"
storage id:                       3
base vectors:                     100000000
vector ID namespace [0,N):        4294967295
registered memory GiB:            23
====================================================================
1 device(s) found
Selected device: ibp86s0
Selected port state: 4, lid: 8, active_mtu: 5
interleaved policy
num_cores: 112
physical cores per socket: 28
hyperthreading enabled
local process CPU partition: rank 3/5 logical_cpus=22
pairing: 83803 -- 11942
[STATUS]: loaded index metadata from /data/xjs/index/dvstor_spacev100m/index/spacev100m_R96_bw128_metis_pmd32_pq20_schema16 (layout=plain, vector_data_type=int8)
[STATUS]: storage-owner stage2 candidate width L=128 per shard
allocation size: 24696061952
allocated ALIGNED MEM (no hugepage) at 135392942620736 with buffer size 24696061952
[STATUS]: loading index (19573328768 Bytes) from /data/xjs/index/dvstor_spacev100m/index/spacev100m_R96_bw128_metis_pmd32_pq20_schema16_node4_of5.dat
[STATUS]: loaded GPU PQ codes (407777680 Bytes) at remote offset 19573332864
[STATUS]: storage-owner idmap loaded entries=20000000 format=owner_sharded_v2_bound immutable_base=true dynamic_shards=256 dynamic_reserved=65536
[STATUS]: compensated physical centroid restored on shard 3: vectors=20388884 entries=4
[STATUS]: register memory and distribute access token
[STATUS]: connect QPs of compute threads
[STATUS]: reserving 64 GPU/bootstrap QPs per compute node
pairing: 83809 -- 11947
pairing: 83813 -- 11952
pairing: 83818 -- 11957
pairing: 83823 -- 11962
pairing: 83828 -- 11967
pairing: 83833 -- 11972
pairing: 83838 -- 11977
pairing: 83843 -- 11982
pairing: 83848 -- 11987
pairing: 83853 -- 11992
pairing: 83858 -- 11997
pairing: 83863 -- 12002
pairing: 83868 -- 12007
pairing: 83873 -- 12012
pairing: 83878 -- 12017
pairing: 83883 -- 12022
pairing: 83888 -- 12027
pairing: 83893 -- 12032
pairing: 83898 -- 12037
pairing: 83903 -- 12042
pairing: 83908 -- 12047
pairing: 83913 -- 12052
pairing: 83918 -- 12057
pairing: 83923 -- 12062
pairing: 83928 -- 12067
pairing: 83933 -- 12072
pairing: 83938 -- 12077
pairing: 83947 -- 12082
pairing: 83948 -- 12087
pairing: 83953 -- 12092
pairing: 83958 -- 12097
pairing: 83963 -- 12102
pairing: 83968 -- 12200
pairing: 84063 -- 12201
pairing: 84064 -- 12202
pairing: 84065 -- 12203
pairing: 84066 -- 12204
pairing: 84067 -- 12205
pairing: 84068 -- 12206
pairing: 84069 -- 12207
pairing: 84070 -- 12208
pairing: 84071 -- 12209
pairing: 84072 -- 12210
pairing: 84073 -- 12211
pairing: 84074 -- 12212
pairing: 84075 -- 12213
pairing: 84076 -- 12214
pairing: 84077 -- 12215
pairing: 84078 -- 12216
pairing: 84079 -- 12217
pairing: 84080 -- 12218
pairing: 84081 -- 12219
pairing: 84082 -- 12220
pairing: 84083 -- 12221
pairing: 84084 -- 12222
pairing: 84085 -- 12223
pairing: 84086 -- 12224
pairing: 84087 -- 12225
pairing: 84088 -- 12226
pairing: 84089 -- 12227
pairing: 84090 -- 12228
pairing: 84091 -- 12229
pairing: 84092 -- 12230
pairing: 84093 -- 12231
[STATUS]: waiting for compute-node startup barrier
1 device(s) found
Selected device: ibp86s0
Selected port state: 4, lid: 8, active_mtu: 5
pairing: 84128 -- 84133
pairing: 84134 -- 84141
pairing: 84142 -- 84149
pairing: 84151 -- 84156
pairing: 84159 -- 84164
pairing: 84167 -- 84173
pairing: 84175 -- 84179
pairing: 84182 -- 84185
pairing: 84188 -- 84190
pairing: 84192 -- 84193
pairing: 84196 -- 84198
pairing: 84203 -- 84206
pairing: 84208 -- 84211
pairing: 84214 -- 84218
pairing: 84220 -- 84223
pairing: 84226 -- 84229
pairing: 84232 -- 84230
pairing: 84236 -- 84235
pairing: 84239 -- 84240
pairing: 84244 -- 84242
pairing: 84246 -- 84249
pairing: 84251 -- 84253
pairing: 84255 -- 84256
pairing: 84259 -- 84260
pairing: 84263 -- 84270
pairing: 84272 -- 84271
pairing: 84273 -- 84274
pairing: 84276 -- 84275
pairing: 84277 -- 84278
pairing: 84279 -- 84280
pairing: 84282 -- 84281
pairing: 84283 -- 84284
[STATUS]: storage-owner peer RDMA QPs per peer: 8
[STATUS]: storage-owner peer QP0 reserved for RPC; data RDMA uses QP1..7
allocated ALIGNED MEM (no hugepage) at 135391875170368 with buffer size 67108864
allocated ALIGNED MEM (no hugepage) at 135391835324480 with buffer size 39839040
[STATUS]: storage-owner peer RPC receive slots per peer: 64 (requested=64)
[STATUS]: storage-owner peer RPC concurrent sends per peer: 16
[STATUS]: storage-owner peer RPC send credits: Stage1/graph are split at depth >= 2; responses use a dedicated sync buffer
[STATUS]: storage-owner peer async response capacity: 32768
[STATUS]: storage-owner Stage2 home RPC combining: enabled logical_capacity=18432 aggregate_capacity=4608 byte_budget=33586224
allocated ALIGNED MEM (no hugepage) at 93923498856960 with buffer size 96256
allocated ALIGNED MEM (no hugepage) at 135392110354496 with buffer size 212992
allocated ALIGNED MEM (no hugepage) at 135392106053696 with buffer size 212992
[STATUS]: storage-owner peer reverse-update workers: 2
[STATUS]: storage-owner peer Stage1 workers: 3; Stage2-home workers: 1 (one reserved; shared lanes borrow authoritative work only)
[STATUS]: storage-owner physical control workers: cleanup=1 placement=1 (separate blocking domains)
[STATUS]: storage-owner peer progress threads: cq=1 response_dispatch=1
[STATUS]: storage-owner Stage1 artifact capacity: 67584 (64-way, per shard=1056) cleanup replay per shard=2048 active migration receipts=131072
[STATUS]: storage-owner peer reverse-update tuning: queue_depth=65536 coalesce_max=256
allocated ALIGNED MEM (no hugepage) at 135392094515264 with buffer size 855296
allocated ALIGNED MEM (no hugepage) at 135392093659200 with buffer size 855296
allocated ALIGNED MEM (no hugepage) at 135392090320960 with buffer size 855296
allocated ALIGNED MEM (no hugepage) at 135392089464896 with buffer size 855296
allocated ALIGNED MEM (no hugepage) at 135392086126656 with buffer size 855296
allocated ALIGNED MEM (no hugepage) at 135392085069888 with buffer size 855296
allocated ALIGNED MEM (no hugepage) at 135392081731648 with buffer size 855296
allocated ALIGNED MEM (no hugepage) at 135392077738048 with buffer size 855296
[STATUS]: storage-owner peer scratch: snapshot_slot=192 graph_slot=832 batch=256 lane_peak_rdma_wrs=56 lane_useful_wave_rdma_wrs=56 global_read_window=224 search_lanes_global=32 search_lanes_credit_derived=16 search_lane_lease_cap=32 search_lanes_physical_per_worker=4 ready_context_runtime_epoch=1 bytes_per_lane=213824 bytes_total=6842368
[STATUS]: storage-owner maintenance workers: 8 (configured=8, admission_baseline_workers=2, context_limit=32, semantic_execution_batch=8, work_conserving=true)
[STATUS]: storage-owner stage2 reverse outbox descriptors: 128 aggregates=128 wire_max_ops=3072 (shared per-peer work-conserving aggregation)
[STATUS]: storage-owner maintenance tuning: protocol=centroid-home-two-stage compaction_batch_target=32 packing_policy=deterministic_b8 packing_tail_wait_us=arrival_adaptive_capped_25000 packing_context_limit=8 backlog_limit=65536 admission_credit=bounded_accepted_backlog admission_window=65536 physical_completion_capacity=65536
[STATUS]: storage-owner peer RDMA read credits: per_data_qp=8 data_qps_per_peer=7 per_peer=56 global=224 shared_cq_read_budget=8095 ordered_snapshot_pairs_per_chain=4 (requested_per_data_qp=16)
[STATUS]: storage-owner online insert tuning: construction_beam=128 snapshot_batch=256 protocol=centroid-home-two-stage
[STATUS]: storage-owner stage1=physical-home local search and backlinks; stage2=generation-fenced home expand+score continuation
[STATUS]: storage-owner responses=foreground direct post; completion=repost by service poller
[STATUS]: storage-owner foreground pipeline: coordinators=12 cpu_lanes=3 (assigned_cpus=22, rpc_parallelism=16)
[STATUS]: storage-owner CPU plan: foreground_cpu=3 foreground_coordinators=12 maintenance=8 peer_stage1=4 (split into isolated Stage1/Stage2-home domains) peer_reverse=2 peer_cleanup=1 peer_placement=1 peer_progress=2 foreground_progress=1
[STATUS]: storage-owner insert runtime enabled on shard 3
