============================================================
                        SERVER
============================================================
num clients:                  1
TCP port:                     1234
QP handshake timeout (ms):    10000
IB device:                    <auto>
IB port:                      1
max outstanding CQEs:         64
max send work requests:       4096
max receive work requests:    4096
============================================================
index prefix:                     "/data/xjs/index/dvstor_spacev100m/index/spacev100m_R96_bw128_metis_pmd32_pq20_schema16"
storage shard:                    "/data/xjs/index/dvstor_spacev100m/index/spacev100m_R96_bw128_metis_pmd32_pq20_schema16_node1_of5.dat"
storage id:                       0
base vectors:                     100000000
vector ID namespace [0,N):        4294967295
registered memory GiB:            23
====================================================================
1 device(s) found
Selected device: ibp86s0
Selected port state: 4, lid: 8, active_mtu: 5
interleaved policy
num_cores: 112
physical cores per socket: 28
hyperthreading enabled
local process CPU partition: rank 0/5 logical_cpus=24
pairing: 83800 -- 11939
[STATUS]: loaded index metadata from /data/xjs/index/dvstor_spacev100m/index/spacev100m_R96_bw128_metis_pmd32_pq20_schema16 (layout=plain, vector_data_type=int8)
[STATUS]: storage-owner stage2 candidate width L=128 per shard
allocation size: 24696061952
allocated ALIGNED MEM (no hugepage) at 128096940326976 with buffer size 24696061952
[STATUS]: loading index (18640080128 Bytes) from /data/xjs/index/dvstor_spacev100m/index/spacev100m_R96_bw128_metis_pmd32_pq20_schema16_node1_of5.dat
[STATUS]: loaded GPU PQ codes (388335000 Bytes) at remote offset 18640084224
[STATUS]: storage-owner idmap loaded entries=20000000 format=owner_sharded_v2_bound immutable_base=true dynamic_shards=256 dynamic_reserved=65536
[STATUS]: compensated physical centroid restored on shard 0: vectors=19416750 entries=4
[STATUS]: register memory and distribute access token
[STATUS]: connect QPs of compute threads
[STATUS]: reserving 64 GPU/bootstrap QPs per compute node
pairing: 83805 -- 11944
pairing: 83810 -- 11949
pairing: 83815 -- 11954
pairing: 83820 -- 11959
pairing: 83825 -- 11964
pairing: 83830 -- 11969
pairing: 83835 -- 11974
pairing: 83840 -- 11979
pairing: 83845 -- 11984
pairing: 83850 -- 11989
pairing: 83855 -- 11994
pairing: 83860 -- 11999
pairing: 83865 -- 12004
pairing: 83870 -- 12009
pairing: 83875 -- 12014
pairing: 83880 -- 12019
pairing: 83885 -- 12024
pairing: 83890 -- 12029
pairing: 83895 -- 12034
pairing: 83900 -- 12039
pairing: 83905 -- 12044
pairing: 83910 -- 12049
pairing: 83915 -- 12054
pairing: 83920 -- 12059
pairing: 83925 -- 12064
pairing: 83930 -- 12069
pairing: 83935 -- 12074
pairing: 83940 -- 12079
pairing: 83944 -- 12084
pairing: 83950 -- 12089
pairing: 83955 -- 12094
pairing: 83960 -- 12099
pairing: 83965 -- 12104
pairing: 83970 -- 12105
pairing: 83971 -- 12106
pairing: 83972 -- 12107
pairing: 83973 -- 12108
pairing: 83974 -- 12109
pairing: 83975 -- 12110
pairing: 83976 -- 12111
pairing: 83977 -- 12112
pairing: 83978 -- 12113
pairing: 83979 -- 12114
pairing: 83980 -- 12115
pairing: 83981 -- 12116
pairing: 83982 -- 12117
pairing: 83983 -- 12118
pairing: 83984 -- 12119
pairing: 83985 -- 12120
pairing: 83986 -- 12121
pairing: 83987 -- 12122
pairing: 83988 -- 12123
pairing: 83989 -- 12124
pairing: 83990 -- 12125
pairing: 83991 -- 12126
pairing: 83992 -- 12127
pairing: 83993 -- 12128
pairing: 83994 -- 12129
pairing: 83995 -- 12130
pairing: 83996 -- 12131
pairing: 83997 -- 12132
pairing: 83998 -- 12133
pairing: 83999 -- 12134
pairing: 84000 -- 12135
[STATUS]: waiting for compute-node startup barrier
1 device(s) found
Selected device: ibp86s0
Selected port state: 4, lid: 8, active_mtu: 5
pairing: 84127 -- 84125
pairing: 84131 -- 84126
pairing: 84133 -- 84128
pairing: 84135 -- 84129
pairing: 84137 -- 84130
pairing: 84139 -- 84132
pairing: 84141 -- 84134
pairing: 84143 -- 84136
pairing: 84145 -- 84138
pairing: 84147 -- 84140
pairing: 84149 -- 84142
pairing: 84150 -- 84144
pairing: 84153 -- 84146
pairing: 84154 -- 84148
pairing: 84156 -- 84151
pairing: 84158 -- 84152
pairing: 84160 -- 84155
pairing: 84162 -- 84157
pairing: 84164 -- 84159
pairing: 84166 -- 84161
pairing: 84168 -- 84163
pairing: 84170 -- 84165
pairing: 84173 -- 84167
pairing: 84174 -- 84169
pairing: 84176 -- 84171
pairing: 84178 -- 84172
pairing: 84179 -- 84175
pairing: 84181 -- 84177
pairing: 84183 -- 84180
pairing: 84185 -- 84182
pairing: 84187 -- 84197
pairing: 84200 -- 84201
[STATUS]: storage-owner peer RDMA QPs per peer: 8
[STATUS]: storage-owner peer QP0 reserved for RPC; data RDMA uses QP1..7
allocated ALIGNED MEM (no hugepage) at 128095872876608 with buffer size 67108864
allocated ALIGNED MEM (no hugepage) at 128095833030720 with buffer size 39839040
[STATUS]: storage-owner peer RPC receive slots per peer: 64 (requested=64)
[STATUS]: storage-owner peer RPC concurrent sends per peer: 16
[STATUS]: storage-owner peer RPC send credits: Stage1/graph are split at depth >= 2; responses use a dedicated sync buffer
[STATUS]: storage-owner peer async response capacity: 32768
[STATUS]: storage-owner Stage2 home RPC combining: enabled logical_capacity=18432 aggregate_capacity=4608 byte_budget=33586224
allocated ALIGNED MEM (no hugepage) at 94144064595264 with buffer size 96256
allocated ALIGNED MEM (no hugepage) at 128096108060736 with buffer size 212992
allocated ALIGNED MEM (no hugepage) at 128096104390720 with buffer size 212992
[STATUS]: storage-owner peer reverse-update workers: 2
[STATUS]: storage-owner peer Stage1 workers: 4; Stage2-home workers: 1 (one reserved; shared lanes borrow authoritative work only)
[STATUS]: storage-owner physical control workers: cleanup=2 placement=1 (separate blocking domains)
[STATUS]: storage-owner peer progress threads: cq=1 response_dispatch=1
[STATUS]: storage-owner Stage1 artifact capacity: 67712 (64-way, per shard=1058) cleanup replay per shard=2048 active migration receipts=131072
[STATUS]: storage-owner peer reverse-update tuning: queue_depth=65536 coalesce_max=256
allocated ALIGNED MEM (no hugepage) at 128096095363136 with buffer size 855296
allocated ALIGNED MEM (no hugepage) at 128096092020800 with buffer size 855296
allocated ALIGNED MEM (no hugepage) at 128096088027200 with buffer size 855296
allocated ALIGNED MEM (no hugepage) at 128096087171136 with buffer size 855296
allocated ALIGNED MEM (no hugepage) at 128096083832896 with buffer size 855296
allocated ALIGNED MEM (no hugepage) at 128096082976832 with buffer size 855296
allocated ALIGNED MEM (no hugepage) at 128096079638592 with buffer size 855296
allocated ALIGNED MEM (no hugepage) at 128096078782528 with buffer size 855296
[STATUS]: storage-owner peer scratch: snapshot_slot=192 graph_slot=832 batch=256 lane_peak_rdma_wrs=56 lane_useful_wave_rdma_wrs=56 global_read_window=224 search_lanes_global=32 search_lanes_credit_derived=16 search_lane_lease_cap=32 search_lanes_physical_per_worker=4 ready_context_runtime_epoch=1 bytes_per_lane=213824 bytes_total=6842368
[STATUS]: storage-owner maintenance workers: 8 (configured=8, admission_baseline_workers=2, context_limit=32, semantic_execution_batch=8, work_conserving=true)
[STATUS]: storage-owner stage2 reverse outbox descriptors: 128 aggregates=128 wire_max_ops=3072 (shared per-peer work-conserving aggregation)
[STATUS]: storage-owner maintenance tuning: protocol=centroid-home-two-stage compaction_batch_target=32 packing_policy=deterministic_b8 packing_tail_wait_us=arrival_adaptive_capped_25000 packing_context_limit=8 backlog_limit=65536 admission_credit=bounded_accepted_backlog admission_window=65536 physical_completion_capacity=65536
[STATUS]: storage-owner peer RDMA read credits: per_data_qp=8 data_qps_per_peer=7 per_peer=56 global=224 shared_cq_read_budget=8095 ordered_snapshot_pairs_per_chain=4 (requested_per_data_qp=16)
[STATUS]: storage-owner online insert tuning: construction_beam=128 snapshot_batch=256 protocol=centroid-home-two-stage
[STATUS]: storage-owner stage1=physical-home local search and backlinks; stage2=generation-fenced home expand+score continuation
[STATUS]: storage-owner responses=foreground direct post; completion=repost by service poller
[STATUS]: storage-owner foreground pipeline: coordinators=12 cpu_lanes=3 (assigned_cpus=24, rpc_parallelism=16)
[STATUS]: storage-owner CPU plan: foreground_cpu=3 foreground_coordinators=12 maintenance=8 peer_stage1=5 (split into isolated Stage1/Stage2-home domains) peer_reverse=2 peer_cleanup=2 peer_placement=1 peer_progress=2 foreground_progress=1
[STATUS]: storage-owner insert runtime enabled on shard 0
