[breakdown] concurrency clients=256 source=auto auto_required=256 auto_cap=512 gpu_query_slots=256 storage_rpc_inflight=80 (5x16) derivation=gpu_query_slots
[breakdown] performance query: /data/xjs/datasets/spacev1b/spacev100m/spacev100m_to_110m_query.i8bin [100000000,110000000)
[breakdown] unique performance-query budget rows=10000000 total_timed_seconds=25 max_average_query_qps_without_reuse=400000.0
[ 17%] Built target rdma_library
[ 23%] Built target dvstor_gpu_kernels
[ 82%] Built target dvstor_runtime
[ 88%] Built target dvstor_breakdown_support
[100%] Built target dvstor_breakdown_benchmark
[mn-memory] required=23 GiB source=metadata policy=20% of base nodes limiting_shard=4 dynamic_slots=4077777 record_bytes=992
[breakdown] profile=04_gpu_persistent_gpunetio command: /home/xjs/experiment/dvstor/build/dvstor_breakdown_benchmark --service-config /home/xjs/experiment/dvstor/experiment/spacev100m/program3/results/program3_20260830_221433/performance_late_c16/04_gpu_persistent_gpunetio/service_04_gpu_persistent_gpunetio_20260830_222225.ini --profile-name 04_gpu_persistent_gpunetio --system-variant-label full --workload query --warmup-ops 100 --measure-ops 1000 --warmup-seconds 5 --measure-seconds 20 --client-threads 256 --read-ratio 0.5 --mixed-mode fixed_threads --write-threads 0 --target-query-qps 0 --target-write-qps 0 --write-insert-ratio 1 --write-upsert-ratio 0 --write-delete-ratio 0 --report-json /home/xjs/experiment/dvstor/experiment/spacev100m/program3/results/program3_20260830_221433/performance_late_c16/04_gpu_persistent_gpunetio/spacev100m_04_gpu_persistent_gpunetio_20260830_222225.json --report-text /home/xjs/experiment/dvstor/experiment/spacev100m/program3/results/program3_20260830_221433/performance_late_c16/04_gpu_persistent_gpunetio/spacev100m_04_gpu_persistent_gpunetio_20260830_222225.txt --recall-query-file /data/xjs/index/dvstor_spacev100m/prepared/recall_query.i8bin --groundtruth-file /data/xjs/index/dvstor_spacev100m/prepared/recall_groundtruth.bin --recall-queries 1000 --recall-k 10 --recall-mode all --recall-base-id-limit 0 --performance-query-file /data/xjs/datasets/spacev1b/spacev100m/spacev100m_to_110m_query.i8bin --storage-maintenance-log /home/xjs/experiment/dvstor/experiment/spacev100m/logs/memory_node_1_04_gpu_persistent_gpunetio.log --storage-maintenance-log /home/xjs/experiment/dvstor/experiment/spacev100m/logs/memory_node_2_04_gpu_persistent_gpunetio.log --storage-maintenance-log /home/xjs/experiment/dvstor/experiment/spacev100m/logs/memory_node_3_04_gpu_persistent_gpunetio.log --storage-maintenance-log /home/xjs/experiment/dvstor/experiment/spacev100m/logs/memory_node_4_04_gpu_persistent_gpunetio.log --storage-maintenance-log /home/xjs/experiment/dvstor/experiment/spacev100m/logs/memory_node_5_04_gpu_persistent_gpunetio.log
============================================================
                        CLIENT
============================================================
connect to:                   [192.168.6.202:1234, 192.168.6.202:1235, 192.168.6.202:1236, 192.168.6.202:1237, 192.168.6.202:1238, ]
is initiator:                 true
TCP port:                     2234
QP handshake timeout (ms):    10000
IB device:                    <auto>
IB port:                      1
max outstanding CQEs:         64
max send work requests:       4096
max receive work requests:    4096
============================================================
index prefix:                     "/data/xjs/index/dvstor_spacev100m/index/spacev100m_R96_bw128_metis_pmd32_pq20_schema16"
threads:                          64
dimension:                        100
max vectors:                      100000000
vector ID namespace [0,N):        4294967295
K / R:                            10 / 96
vector data type:                 int8
--------------------------------------------------------------------
query engine:                     persistent_gpu_opq_pq
remote transport:                 GPU-initiated GPUNetIO
GPU device:                       1
GPU concurrent query slots:       256
GPU memory limit/reserve GiB:     40/4
GPU traversal/rerank width:       128/128
GPU max expansions:               384
GPU device stack bytes/thread:    4096
GPU graph commit/issue width:     16/16
dynamic graph access mode:        adaptive
GPU graph read policy:            live-extent
GPU dynamic graph extent:         true
GPU-RDMA progression mode:        manual
GPU Beam merge policy:            stable-run
query RDMA trace mode/rate:       off/1000
query RDMA trace output:          ""
GPU RDMA QPs per storage node:    32
GPU direct CQ timeout ms:         250
GPU persistent blocks/SM cap:     4
compute updates enabled:          false
storage update completion mode:   decoupled
storage update protocol:          centroid-home two-stage
storage RPC depth/batch:          16/32
storage batch max wait us:        10000
storage Stage2 batch max wait us: 25000
storage Stage2 initial delay ms:  0
Stage2 exact score-many:          true
Stage2 home RPC combining:        true
Stage2 graph issue width:         16
storage peer QPs per peer:        8
storage stage2 maintenance:       8 workers, backlog 65536
====================================================================
[breakdown] workload input preflight passed before service startup
1 device(s) found
Selected device: mlx5_0
Selected port state: 4, lid: 1, active_mtu: 5
interleaved policy
num_cores: 112
physical cores per socket: 28
hyperthreading enabled
local process CPU partition: rank 0/1 logical_cpus=112
[STATUS]: loaded schema-16 GPU index metadata from /data/xjs/index/dvstor_spacev100m/index/spacev100m_R96_bw128_metis_pmd32_pq20_schema16 (OPQ/PQ20, vector_data_type=int8)
client id: 0
number of clients: 1
connect to server 192.168.6.202:1234
pairing: 12589 -- 84770
connect to server 192.168.6.202:1235
pairing: 12590 -- 84771
connect to server 192.168.6.202:1236
pairing: 12591 -- 84772
connect to server 192.168.6.202:1237
pairing: 12592 -- 84773
connect to server 192.168.6.202:1238
pairing: 12593 -- 84774
[STATUS]: receive access tokens of remote memory regions
[STATUS]: compute updates disabled: update executor is not started
[STATUS]: search: GPU-persistent OPQ/PQ20 beam + final RDMA exact rerank
[gpu-search] synthesized navigation manifest in memory from metadata
[gpu-search] graph-read-policy=live-extent extent_quantum=8 extent_source="/data/xjs/index/dvstor_spacev100m/index/spacev100m_R96_bw128_metis_pmd32_pq20_schema16.gextent8" extent_classes=100000000 extent_payload_bytes=100000000
[gpu-search] query routing=versioned centroid routes centroid_shards=5 live_entries_per_shard=4 start_shards=1
[gpu-search] device=NVIDIA A800 80GB PCIe cc=8.0 sm_count=108 global_memory=85119205376 gpudirect_rdma=1
[gpu-search] navigation budget codes=2000000000 dynamic_code_scratch=14680064 dynamic_code_arena=616458384 dynamic_code_arena_slots=25685766 dynamic_request_scratch=10485760 navigation_candidates=6291456 direct_queue_scratch=1866240 graph_scratch=16777216 graph_request_metadata=32768 speculative_graph_request_metadata=270336 graph_extent_classes=100000000 query_rdma_trace=0 centroid_route=528 shard_centroids=2000 explicit=3116937160 limit=38654705664 bytes
[STATUS]: exporting GPUNetIO QP resource=0 lane=0 server=0 qpn=12594 gpu_pci=0000:5C:00.0 ibdev=mlx5_0 handler=GPU_SM_DB
[STATUS]: exporting GPUNetIO QP resource=0 lane=0 server=1 qpn=12595 gpu_pci=0000:5C:00.0 ibdev=mlx5_0 handler=GPU_SM_DB
[STATUS]: exporting GPUNetIO QP resource=0 lane=0 server=2 qpn=12596 gpu_pci=0000:5C:00.0 ibdev=mlx5_0 handler=GPU_SM_DB
[STATUS]: exporting GPUNetIO QP resource=0 lane=0 server=3 qpn=12597 gpu_pci=0000:5C:00.0 ibdev=mlx5_0 handler=GPU_SM_DB
[STATUS]: exporting GPUNetIO QP resource=0 lane=0 server=4 qpn=12598 gpu_pci=0000:5C:00.0 ibdev=mlx5_0 handler=GPU_SM_DB
[STATUS]: exporting GPUNetIO QP resource=0 lane=1 server=0 qpn=12599 gpu_pci=0000:5C:00.0 ibdev=mlx5_0 handler=GPU_SM_DB
[STATUS]: exporting GPUNetIO QP resource=0 lane=1 server=1 qpn=12600 gpu_pci=0000:5C:00.0 ibdev=mlx5_0 handler=GPU_SM_DB
[STATUS]: exporting GPUNetIO QP resource=0 lane=1 server=2 qpn=12601 gpu_pci=0000:5C:00.0 ibdev=mlx5_0 handler=GPU_SM_DB
[STATUS]: exporting GPUNetIO QP resource=0 lane=1 server=3 qpn=12602 gpu_pci=0000:5C:00.0 ibdev=mlx5_0 handler=GPU_SM_DB
[STATUS]: exporting GPUNetIO QP resource=0 lane=1 server=4 qpn=12603 gpu_pci=0000:5C:00.0 ibdev=mlx5_0 handler=GPU_SM_DB
[STATUS]: exporting GPUNetIO QP resource=0 lane=2 server=0 qpn=12604 gpu_pci=0000:5C:00.0 ibdev=mlx5_0 handler=GPU_SM_DB
[STATUS]: exporting GPUNetIO QP resource=0 lane=2 server=1 qpn=12605 gpu_pci=0000:5C:00.0 ibdev=mlx5_0 handler=GPU_SM_DB
[STATUS]: exporting GPUNetIO QP resource=0 lane=2 server=2 qpn=12606 gpu_pci=0000:5C:00.0 ibdev=mlx5_0 handler=GPU_SM_DB
[STATUS]: exporting GPUNetIO QP resource=0 lane=2 server=3 qpn=12607 gpu_pci=0000:5C:00.0 ibdev=mlx5_0 handler=GPU_SM_DB
[STATUS]: exporting GPUNetIO QP resource=0 lane=2 server=4 qpn=12608 gpu_pci=0000:5C:00.0 ibdev=mlx5_0 handler=GPU_SM_DB
[STATUS]: exporting GPUNetIO QP resource=0 lane=3 server=0 qpn=12609 gpu_pci=0000:5C:00.0 ibdev=mlx5_0 handler=GPU_SM_DB
[STATUS]: exporting GPUNetIO QP resource=0 lane=3 server=1 qpn=12610 gpu_pci=0000:5C:00.0 ibdev=mlx5_0 handler=GPU_SM_DB
[STATUS]: exporting GPUNetIO QP resource=0 lane=3 server=2 qpn=12611 gpu_pci=0000:5C:00.0 ibdev=mlx5_0 handler=GPU_SM_DB
[STATUS]: exporting GPUNetIO QP resource=0 lane=3 server=3 qpn=12612 gpu_pci=0000:5C:00.0 ibdev=mlx5_0 handler=GPU_SM_DB
[STATUS]: exporting GPUNetIO QP resource=0 lane=3 server=4 qpn=12613 gpu_pci=0000:5C:00.0 ibdev=mlx5_0 handler=GPU_SM_DB
[STATUS]: exporting GPUNetIO QP resource=0 lane=4 server=0 qpn=12614 gpu_pci=0000:5C:00.0 ibdev=mlx5_0 handler=GPU_SM_DB
[STATUS]: exporting GPUNetIO QP resource=0 lane=4 server=1 qpn=12615 gpu_pci=0000:5C:00.0 ibdev=mlx5_0 handler=GPU_SM_DB
[STATUS]: exporting GPUNetIO QP resource=0 lane=4 server=2 qpn=12616 gpu_pci=0000:5C:00.0 ibdev=mlx5_0 handler=GPU_SM_DB
[STATUS]: exporting GPUNetIO QP resource=0 lane=4 server=3 qpn=12617 gpu_pci=0000:5C:00.0 ibdev=mlx5_0 handler=GPU_SM_DB
[STATUS]: exporting GPUNetIO QP resource=0 lane=4 server=4 qpn=12618 gpu_pci=0000:5C:00.0 ibdev=mlx5_0 handler=GPU_SM_DB
[STATUS]: exporting GPUNetIO QP resource=0 lane=5 server=0 qpn=12619 gpu_pci=0000:5C:00.0 ibdev=mlx5_0 handler=GPU_SM_DB
[STATUS]: exporting GPUNetIO QP resource=0 lane=5 server=1 qpn=12620 gpu_pci=0000:5C:00.0 ibdev=mlx5_0 handler=GPU_SM_DB
[STATUS]: exporting GPUNetIO QP resource=0 lane=5 server=2 qpn=12621 gpu_pci=0000:5C:00.0 ibdev=mlx5_0 handler=GPU_SM_DB
[STATUS]: exporting GPUNetIO QP resource=0 lane=5 server=3 qpn=12622 gpu_pci=0000:5C:00.0 ibdev=mlx5_0 handler=GPU_SM_DB
[STATUS]: exporting GPUNetIO QP resource=0 lane=5 server=4 qpn=12623 gpu_pci=0000:5C:00.0 ibdev=mlx5_0 handler=GPU_SM_DB
[STATUS]: exporting GPUNetIO QP resource=0 lane=6 server=0 qpn=12624 gpu_pci=0000:5C:00.0 ibdev=mlx5_0 handler=GPU_SM_DB
[STATUS]: exporting GPUNetIO QP resource=0 lane=6 server=1 qpn=12625 gpu_pci=0000:5C:00.0 ibdev=mlx5_0 handler=GPU_SM_DB
[STATUS]: exporting GPUNetIO QP resource=0 lane=6 server=2 qpn=12626 gpu_pci=0000:5C:00.0 ibdev=mlx5_0 handler=GPU_SM_DB
[STATUS]: exporting GPUNetIO QP resource=0 lane=6 server=3 qpn=12627 gpu_pci=0000:5C:00.0 ibdev=mlx5_0 handler=GPU_SM_DB
[STATUS]: exporting GPUNetIO QP resource=0 lane=6 server=4 qpn=12628 gpu_pci=0000:5C:00.0 ibdev=mlx5_0 handler=GPU_SM_DB
[STATUS]: exporting GPUNetIO QP resource=0 lane=7 server=0 qpn=12629 gpu_pci=0000:5C:00.0 ibdev=mlx5_0 handler=GPU_SM_DB
[STATUS]: exporting GPUNetIO QP resource=0 lane=7 server=1 qpn=12630 gpu_pci=0000:5C:00.0 ibdev=mlx5_0 handler=GPU_SM_DB
[STATUS]: exporting GPUNetIO QP resource=0 lane=7 server=2 qpn=12631 gpu_pci=0000:5C:00.0 ibdev=mlx5_0 handler=GPU_SM_DB
[STATUS]: exporting GPUNetIO QP resource=0 lane=7 server=3 qpn=12632 gpu_pci=0000:5C:00.0 ibdev=mlx5_0 handler=GPU_SM_DB
[STATUS]: exporting GPUNetIO QP resource=0 lane=7 server=4 qpn=12633 gpu_pci=0000:5C:00.0 ibdev=mlx5_0 handler=GPU_SM_DB
[STATUS]: exporting GPUNetIO QP resource=0 lane=8 server=0 qpn=12634 gpu_pci=0000:5C:00.0 ibdev=mlx5_0 handler=GPU_SM_DB
[STATUS]: exporting GPUNetIO QP resource=0 lane=8 server=1 qpn=12635 gpu_pci=0000:5C:00.0 ibdev=mlx5_0 handler=GPU_SM_DB
[STATUS]: exporting GPUNetIO QP resource=0 lane=8 server=2 qpn=12636 gpu_pci=0000:5C:00.0 ibdev=mlx5_0 handler=GPU_SM_DB
[STATUS]: exporting GPUNetIO QP resource=0 lane=8 server=3 qpn=12637 gpu_pci=0000:5C:00.0 ibdev=mlx5_0 handler=GPU_SM_DB
[STATUS]: exporting GPUNetIO QP resource=0 lane=8 server=4 qpn=12638 gpu_pci=0000:5C:00.0 ibdev=mlx5_0 handler=GPU_SM_DB
[STATUS]: exporting GPUNetIO QP resource=0 lane=9 server=0 qpn=12639 gpu_pci=0000:5C:00.0 ibdev=mlx5_0 handler=GPU_SM_DB
[STATUS]: exporting GPUNetIO QP resource=0 lane=9 server=1 qpn=12640 gpu_pci=0000:5C:00.0 ibdev=mlx5_0 handler=GPU_SM_DB
[STATUS]: exporting GPUNetIO QP resource=0 lane=9 server=2 qpn=12641 gpu_pci=0000:5C:00.0 ibdev=mlx5_0 handler=GPU_SM_DB
[STATUS]: exporting GPUNetIO QP resource=0 lane=9 server=3 qpn=12642 gpu_pci=0000:5C:00.0 ibdev=mlx5_0 handler=GPU_SM_DB
[STATUS]: exporting GPUNetIO QP resource=0 lane=9 server=4 qpn=12643 gpu_pci=0000:5C:00.0 ibdev=mlx5_0 handler=GPU_SM_DB
[STATUS]: exporting GPUNetIO QP resource=0 lane=10 server=0 qpn=12644 gpu_pci=0000:5C:00.0 ibdev=mlx5_0 handler=GPU_SM_DB
[STATUS]: exporting GPUNetIO QP resource=0 lane=10 server=1 qpn=12645 gpu_pci=0000:5C:00.0 ibdev=mlx5_0 handler=GPU_SM_DB
[STATUS]: exporting GPUNetIO QP resource=0 lane=10 server=2 qpn=12646 gpu_pci=0000:5C:00.0 ibdev=mlx5_0 handler=GPU_SM_DB
[STATUS]: exporting GPUNetIO QP resource=0 lane=10 server=3 qpn=12647 gpu_pci=0000:5C:00.0 ibdev=mlx5_0 handler=GPU_SM_DB
[STATUS]: exporting GPUNetIO QP resource=0 lane=10 server=4 qpn=12648 gpu_pci=0000:5C:00.0 ibdev=mlx5_0 handler=GPU_SM_DB
[STATUS]: exporting GPUNetIO QP resource=0 lane=11 server=0 qpn=12649 gpu_pci=0000:5C:00.0 ibdev=mlx5_0 handler=GPU_SM_DB
[STATUS]: exporting GPUNetIO QP resource=0 lane=11 server=1 qpn=12650 gpu_pci=0000:5C:00.0 ibdev=mlx5_0 handler=GPU_SM_DB
[STATUS]: exporting GPUNetIO QP resource=0 lane=11 server=2 qpn=12651 gpu_pci=0000:5C:00.0 ibdev=mlx5_0 handler=GPU_SM_DB
[STATUS]: exporting GPUNetIO QP resource=0 lane=11 server=3 qpn=12652 gpu_pci=0000:5C:00.0 ibdev=mlx5_0 handler=GPU_SM_DB
[STATUS]: exporting GPUNetIO QP resource=0 lane=11 server=4 qpn=12653 gpu_pci=0000:5C:00.0 ibdev=mlx5_0 handler=GPU_SM_DB
[STATUS]: exporting GPUNetIO QP resource=0 lane=12 server=0 qpn=12654 gpu_pci=0000:5C:00.0 ibdev=mlx5_0 handler=GPU_SM_DB
[STATUS]: exporting GPUNetIO QP resource=0 lane=12 server=1 qpn=12655 gpu_pci=0000:5C:00.0 ibdev=mlx5_0 handler=GPU_SM_DB
[STATUS]: exporting GPUNetIO QP resource=0 lane=12 server=2 qpn=12656 gpu_pci=0000:5C:00.0 ibdev=mlx5_0 handler=GPU_SM_DB
[STATUS]: exporting GPUNetIO QP resource=0 lane=12 server=3 qpn=12657 gpu_pci=0000:5C:00.0 ibdev=mlx5_0 handler=GPU_SM_DB
[STATUS]: exporting GPUNetIO QP resource=0 lane=12 server=4 qpn=12658 gpu_pci=0000:5C:00.0 ibdev=mlx5_0 handler=GPU_SM_DB
[STATUS]: exporting GPUNetIO QP resource=0 lane=13 server=0 qpn=12659 gpu_pci=0000:5C:00.0 ibdev=mlx5_0 handler=GPU_SM_DB
[STATUS]: exporting GPUNetIO QP resource=0 lane=13 server=1 qpn=12660 gpu_pci=0000:5C:00.0 ibdev=mlx5_0 handler=GPU_SM_DB
[STATUS]: exporting GPUNetIO QP resource=0 lane=13 server=2 qpn=12661 gpu_pci=0000:5C:00.0 ibdev=mlx5_0 handler=GPU_SM_DB
[STATUS]: exporting GPUNetIO QP resource=0 lane=13 server=3 qpn=12662 gpu_pci=0000:5C:00.0 ibdev=mlx5_0 handler=GPU_SM_DB
[STATUS]: exporting GPUNetIO QP resource=0 lane=13 server=4 qpn=12663 gpu_pci=0000:5C:00.0 ibdev=mlx5_0 handler=GPU_SM_DB
[STATUS]: exporting GPUNetIO QP resource=0 lane=14 server=0 qpn=12664 gpu_pci=0000:5C:00.0 ibdev=mlx5_0 handler=GPU_SM_DB
[STATUS]: exporting GPUNetIO QP resource=0 lane=14 server=1 qpn=12665 gpu_pci=0000:5C:00.0 ibdev=mlx5_0 handler=GPU_SM_DB
[STATUS]: exporting GPUNetIO QP resource=0 lane=14 server=2 qpn=12666 gpu_pci=0000:5C:00.0 ibdev=mlx5_0 handler=GPU_SM_DB
[STATUS]: exporting GPUNetIO QP resource=0 lane=14 server=3 qpn=12667 gpu_pci=0000:5C:00.0 ibdev=mlx5_0 handler=GPU_SM_DB
[STATUS]: exporting GPUNetIO QP resource=0 lane=14 server=4 qpn=12668 gpu_pci=0000:5C:00.0 ibdev=mlx5_0 handler=GPU_SM_DB
[STATUS]: exporting GPUNetIO QP resource=0 lane=15 server=0 qpn=12669 gpu_pci=0000:5C:00.0 ibdev=mlx5_0 handler=GPU_SM_DB
[STATUS]: exporting GPUNetIO QP resource=0 lane=15 server=1 qpn=12670 gpu_pci=0000:5C:00.0 ibdev=mlx5_0 handler=GPU_SM_DB
[STATUS]: exporting GPUNetIO QP resource=0 lane=15 server=2 qpn=12671 gpu_pci=0000:5C:00.0 ibdev=mlx5_0 handler=GPU_SM_DB
[STATUS]: exporting GPUNetIO QP resource=0 lane=15 server=3 qpn=12672 gpu_pci=0000:5C:00.0 ibdev=mlx5_0 handler=GPU_SM_DB
[STATUS]: exporting GPUNetIO QP resource=0 lane=15 server=4 qpn=12673 gpu_pci=0000:5C:00.0 ibdev=mlx5_0 handler=GPU_SM_DB
[STATUS]: exporting GPUNetIO QP resource=0 lane=16 server=0 qpn=12674 gpu_pci=0000:5C:00.0 ibdev=mlx5_0 handler=GPU_SM_DB
[STATUS]: exporting GPUNetIO QP resource=0 lane=16 server=1 qpn=12675 gpu_pci=0000:5C:00.0 ibdev=mlx5_0 handler=GPU_SM_DB
[STATUS]: exporting GPUNetIO QP resource=0 lane=16 server=2 qpn=12676 gpu_pci=0000:5C:00.0 ibdev=mlx5_0 handler=GPU_SM_DB
[STATUS]: exporting GPUNetIO QP resource=0 lane=16 server=3 qpn=12677 gpu_pci=0000:5C:00.0 ibdev=mlx5_0 handler=GPU_SM_DB
[STATUS]: exporting GPUNetIO QP resource=0 lane=16 server=4 qpn=12678 gpu_pci=0000:5C:00.0 ibdev=mlx5_0 handler=GPU_SM_DB
[STATUS]: exporting GPUNetIO QP resource=0 lane=17 server=0 qpn=12679 gpu_pci=0000:5C:00.0 ibdev=mlx5_0 handler=GPU_SM_DB
[STATUS]: exporting GPUNetIO QP resource=0 lane=17 server=1 qpn=12680 gpu_pci=0000:5C:00.0 ibdev=mlx5_0 handler=GPU_SM_DB
[STATUS]: exporting GPUNetIO QP resource=0 lane=17 server=2 qpn=12681 gpu_pci=0000:5C:00.0 ibdev=mlx5_0 handler=GPU_SM_DB
[STATUS]: exporting GPUNetIO QP resource=0 lane=17 server=3 qpn=12682 gpu_pci=0000:5C:00.0 ibdev=mlx5_0 handler=GPU_SM_DB
[STATUS]: exporting GPUNetIO QP resource=0 lane=17 server=4 qpn=12683 gpu_pci=0000:5C:00.0 ibdev=mlx5_0 handler=GPU_SM_DB
[STATUS]: exporting GPUNetIO QP resource=0 lane=18 server=0 qpn=12684 gpu_pci=0000:5C:00.0 ibdev=mlx5_0 handler=GPU_SM_DB
[STATUS]: exporting GPUNetIO QP resource=0 lane=18 server=1 qpn=12685 gpu_pci=0000:5C:00.0 ibdev=mlx5_0 handler=GPU_SM_DB
[STATUS]: exporting GPUNetIO QP resource=0 lane=18 server=2 qpn=12686 gpu_pci=0000:5C:00.0 ibdev=mlx5_0 handler=GPU_SM_DB
[STATUS]: exporting GPUNetIO QP resource=0 lane=18 server=3 qpn=12687 gpu_pci=0000:5C:00.0 ibdev=mlx5_0 handler=GPU_SM_DB
[STATUS]: exporting GPUNetIO QP resource=0 lane=18 server=4 qpn=12688 gpu_pci=0000:5C:00.0 ibdev=mlx5_0 handler=GPU_SM_DB
[STATUS]: exporting GPUNetIO QP resource=0 lane=19 server=0 qpn=12689 gpu_pci=0000:5C:00.0 ibdev=mlx5_0 handler=GPU_SM_DB
[STATUS]: exporting GPUNetIO QP resource=0 lane=19 server=1 qpn=12690 gpu_pci=0000:5C:00.0 ibdev=mlx5_0 handler=GPU_SM_DB
[STATUS]: exporting GPUNetIO QP resource=0 lane=19 server=2 qpn=12691 gpu_pci=0000:5C:00.0 ibdev=mlx5_0 handler=GPU_SM_DB
[STATUS]: exporting GPUNetIO QP resource=0 lane=19 server=3 qpn=12692 gpu_pci=0000:5C:00.0 ibdev=mlx5_0 handler=GPU_SM_DB
[STATUS]: exporting GPUNetIO QP resource=0 lane=19 server=4 qpn=12693 gpu_pci=0000:5C:00.0 ibdev=mlx5_0 handler=GPU_SM_DB
[STATUS]: exporting GPUNetIO QP resource=0 lane=20 server=0 qpn=12694 gpu_pci=0000:5C:00.0 ibdev=mlx5_0 handler=GPU_SM_DB
[STATUS]: exporting GPUNetIO QP resource=0 lane=20 server=1 qpn=12695 gpu_pci=0000:5C:00.0 ibdev=mlx5_0 handler=GPU_SM_DB
[STATUS]: exporting GPUNetIO QP resource=0 lane=20 server=2 qpn=12696 gpu_pci=0000:5C:00.0 ibdev=mlx5_0 handler=GPU_SM_DB
[STATUS]: exporting GPUNetIO QP resource=0 lane=20 server=3 qpn=12697 gpu_pci=0000:5C:00.0 ibdev=mlx5_0 handler=GPU_SM_DB
[STATUS]: exporting GPUNetIO QP resource=0 lane=20 server=4 qpn=12698 gpu_pci=0000:5C:00.0 ibdev=mlx5_0 handler=GPU_SM_DB
[STATUS]: exporting GPUNetIO QP resource=0 lane=21 server=0 qpn=12699 gpu_pci=0000:5C:00.0 ibdev=mlx5_0 handler=GPU_SM_DB
[STATUS]: exporting GPUNetIO QP resource=0 lane=21 server=1 qpn=12700 gpu_pci=0000:5C:00.0 ibdev=mlx5_0 handler=GPU_SM_DB
[STATUS]: exporting GPUNetIO QP resource=0 lane=21 server=2 qpn=12701 gpu_pci=0000:5C:00.0 ibdev=mlx5_0 handler=GPU_SM_DB
[STATUS]: exporting GPUNetIO QP resource=0 lane=21 server=3 qpn=12702 gpu_pci=0000:5C:00.0 ibdev=mlx5_0 handler=GPU_SM_DB
[STATUS]: exporting GPUNetIO QP resource=0 lane=21 server=4 qpn=12703 gpu_pci=0000:5C:00.0 ibdev=mlx5_0 handler=GPU_SM_DB
[STATUS]: exporting GPUNetIO QP resource=0 lane=22 server=0 qpn=12704 gpu_pci=0000:5C:00.0 ibdev=mlx5_0 handler=GPU_SM_DB
[STATUS]: exporting GPUNetIO QP resource=0 lane=22 server=1 qpn=12705 gpu_pci=0000:5C:00.0 ibdev=mlx5_0 handler=GPU_SM_DB
[STATUS]: exporting GPUNetIO QP resource=0 lane=22 server=2 qpn=12706 gpu_pci=0000:5C:00.0 ibdev=mlx5_0 handler=GPU_SM_DB
[STATUS]: exporting GPUNetIO QP resource=0 lane=22 server=3 qpn=12707 gpu_pci=0000:5C:00.0 ibdev=mlx5_0 handler=GPU_SM_DB
[STATUS]: exporting GPUNetIO QP resource=0 lane=22 server=4 qpn=12708 gpu_pci=0000:5C:00.0 ibdev=mlx5_0 handler=GPU_SM_DB
[STATUS]: exporting GPUNetIO QP resource=0 lane=23 server=0 qpn=12709 gpu_pci=0000:5C:00.0 ibdev=mlx5_0 handler=GPU_SM_DB
[STATUS]: exporting GPUNetIO QP resource=0 lane=23 server=1 qpn=12710 gpu_pci=0000:5C:00.0 ibdev=mlx5_0 handler=GPU_SM_DB
[STATUS]: exporting GPUNetIO QP resource=0 lane=23 server=2 qpn=12711 gpu_pci=0000:5C:00.0 ibdev=mlx5_0 handler=GPU_SM_DB
[STATUS]: exporting GPUNetIO QP resource=0 lane=23 server=3 qpn=12712 gpu_pci=0000:5C:00.0 ibdev=mlx5_0 handler=GPU_SM_DB
[STATUS]: exporting GPUNetIO QP resource=0 lane=23 server=4 qpn=12713 gpu_pci=0000:5C:00.0 ibdev=mlx5_0 handler=GPU_SM_DB
[STATUS]: exporting GPUNetIO QP resource=0 lane=24 server=0 qpn=12714 gpu_pci=0000:5C:00.0 ibdev=mlx5_0 handler=GPU_SM_DB
[STATUS]: exporting GPUNetIO QP resource=0 lane=24 server=1 qpn=12715 gpu_pci=0000:5C:00.0 ibdev=mlx5_0 handler=GPU_SM_DB
[STATUS]: exporting GPUNetIO QP resource=0 lane=24 server=2 qpn=12716 gpu_pci=0000:5C:00.0 ibdev=mlx5_0 handler=GPU_SM_DB
[STATUS]: exporting GPUNetIO QP resource=0 lane=24 server=3 qpn=12717 gpu_pci=0000:5C:00.0 ibdev=mlx5_0 handler=GPU_SM_DB
[STATUS]: exporting GPUNetIO QP resource=0 lane=24 server=4 qpn=12718 gpu_pci=0000:5C:00.0 ibdev=mlx5_0 handler=GPU_SM_DB
[STATUS]: exporting GPUNetIO QP resource=0 lane=25 server=0 qpn=12719 gpu_pci=0000:5C:00.0 ibdev=mlx5_0 handler=GPU_SM_DB
[STATUS]: exporting GPUNetIO QP resource=0 lane=25 server=1 qpn=12720 gpu_pci=0000:5C:00.0 ibdev=mlx5_0 handler=GPU_SM_DB
[STATUS]: exporting GPUNetIO QP resource=0 lane=25 server=2 qpn=12721 gpu_pci=0000:5C:00.0 ibdev=mlx5_0 handler=GPU_SM_DB
[STATUS]: exporting GPUNetIO QP resource=0 lane=25 server=3 qpn=12722 gpu_pci=0000:5C:00.0 ibdev=mlx5_0 handler=GPU_SM_DB
[STATUS]: exporting GPUNetIO QP resource=0 lane=25 server=4 qpn=12723 gpu_pci=0000:5C:00.0 ibdev=mlx5_0 handler=GPU_SM_DB
[STATUS]: exporting GPUNetIO QP resource=0 lane=26 server=0 qpn=12724 gpu_pci=0000:5C:00.0 ibdev=mlx5_0 handler=GPU_SM_DB
[STATUS]: exporting GPUNetIO QP resource=0 lane=26 server=1 qpn=12725 gpu_pci=0000:5C:00.0 ibdev=mlx5_0 handler=GPU_SM_DB
[STATUS]: exporting GPUNetIO QP resource=0 lane=26 server=2 qpn=12726 gpu_pci=0000:5C:00.0 ibdev=mlx5_0 handler=GPU_SM_DB
[STATUS]: exporting GPUNetIO QP resource=0 lane=26 server=3 qpn=12727 gpu_pci=0000:5C:00.0 ibdev=mlx5_0 handler=GPU_SM_DB
[STATUS]: exporting GPUNetIO QP resource=0 lane=26 server=4 qpn=12728 gpu_pci=0000:5C:00.0 ibdev=mlx5_0 handler=GPU_SM_DB
[STATUS]: exporting GPUNetIO QP resource=0 lane=27 server=0 qpn=12729 gpu_pci=0000:5C:00.0 ibdev=mlx5_0 handler=GPU_SM_DB
[STATUS]: exporting GPUNetIO QP resource=0 lane=27 server=1 qpn=12730 gpu_pci=0000:5C:00.0 ibdev=mlx5_0 handler=GPU_SM_DB
[STATUS]: exporting GPUNetIO QP resource=0 lane=27 server=2 qpn=12731 gpu_pci=0000:5C:00.0 ibdev=mlx5_0 handler=GPU_SM_DB
[STATUS]: exporting GPUNetIO QP resource=0 lane=27 server=3 qpn=12732 gpu_pci=0000:5C:00.0 ibdev=mlx5_0 handler=GPU_SM_DB
[STATUS]: exporting GPUNetIO QP resource=0 lane=27 server=4 qpn=12733 gpu_pci=0000:5C:00.0 ibdev=mlx5_0 handler=GPU_SM_DB
[STATUS]: exporting GPUNetIO QP resource=0 lane=28 server=0 qpn=12734 gpu_pci=0000:5C:00.0 ibdev=mlx5_0 handler=GPU_SM_DB
[STATUS]: exporting GPUNetIO QP resource=0 lane=28 server=1 qpn=12735 gpu_pci=0000:5C:00.0 ibdev=mlx5_0 handler=GPU_SM_DB
[STATUS]: exporting GPUNetIO QP resource=0 lane=28 server=2 qpn=12736 gpu_pci=0000:5C:00.0 ibdev=mlx5_0 handler=GPU_SM_DB
[STATUS]: exporting GPUNetIO QP resource=0 lane=28 server=3 qpn=12737 gpu_pci=0000:5C:00.0 ibdev=mlx5_0 handler=GPU_SM_DB
[STATUS]: exporting GPUNetIO QP resource=0 lane=28 server=4 qpn=12738 gpu_pci=0000:5C:00.0 ibdev=mlx5_0 handler=GPU_SM_DB
[STATUS]: exporting GPUNetIO QP resource=0 lane=29 server=0 qpn=12739 gpu_pci=0000:5C:00.0 ibdev=mlx5_0 handler=GPU_SM_DB
[STATUS]: exporting GPUNetIO QP resource=0 lane=29 server=1 qpn=12740 gpu_pci=0000:5C:00.0 ibdev=mlx5_0 handler=GPU_SM_DB
[STATUS]: exporting GPUNetIO QP resource=0 lane=29 server=2 qpn=12741 gpu_pci=0000:5C:00.0 ibdev=mlx5_0 handler=GPU_SM_DB
[STATUS]: exporting GPUNetIO QP resource=0 lane=29 server=3 qpn=12742 gpu_pci=0000:5C:00.0 ibdev=mlx5_0 handler=GPU_SM_DB
[STATUS]: exporting GPUNetIO QP resource=0 lane=29 server=4 qpn=12743 gpu_pci=0000:5C:00.0 ibdev=mlx5_0 handler=GPU_SM_DB
[STATUS]: exporting GPUNetIO QP resource=0 lane=30 server=0 qpn=12744 gpu_pci=0000:5C:00.0 ibdev=mlx5_0 handler=GPU_SM_DB
[STATUS]: exporting GPUNetIO QP resource=0 lane=30 server=1 qpn=12745 gpu_pci=0000:5C:00.0 ibdev=mlx5_0 handler=GPU_SM_DB
[STATUS]: exporting GPUNetIO QP resource=0 lane=30 server=2 qpn=12746 gpu_pci=0000:5C:00.0 ibdev=mlx5_0 handler=GPU_SM_DB
[STATUS]: exporting GPUNetIO QP resource=0 lane=30 server=3 qpn=12747 gpu_pci=0000:5C:00.0 ibdev=mlx5_0 handler=GPU_SM_DB
[STATUS]: exporting GPUNetIO QP resource=0 lane=30 server=4 qpn=12748 gpu_pci=0000:5C:00.0 ibdev=mlx5_0 handler=GPU_SM_DB
[STATUS]: exporting GPUNetIO QP resource=0 lane=31 server=0 qpn=12749 gpu_pci=0000:5C:00.0 ibdev=mlx5_0 handler=GPU_SM_DB
[STATUS]: exporting GPUNetIO QP resource=0 lane=31 server=1 qpn=12750 gpu_pci=0000:5C:00.0 ibdev=mlx5_0 handler=GPU_SM_DB
[STATUS]: exporting GPUNetIO QP resource=0 lane=31 server=2 qpn=12751 gpu_pci=0000:5C:00.0 ibdev=mlx5_0 handler=GPU_SM_DB
[STATUS]: exporting GPUNetIO QP resource=0 lane=31 server=3 qpn=12752 gpu_pci=0000:5C:00.0 ibdev=mlx5_0 handler=GPU_SM_DB
[STATUS]: exporting GPUNetIO QP resource=0 lane=31 server=4 qpn=12753 gpu_pci=0000:5C:00.0 ibdev=mlx5_0 handler=GPU_SM_DB
[STATUS]: GPUNetIO GPU MR registration=peer_memory bytes=2040528896
[STATUS]: GPUNetIO startup RDMA read probe passed for 160 QPs
[STATUS]: GPUNetIO RDMA Read implementation=manual_wqe_locked
1 device(s) found
Selected device: mlx5_0
Selected port state: 4, lid: 1, active_mtu: 5
pairing: 12754 -- 84935
pairing: 12755 -- 84940
pairing: 12756 -- 84941
pairing: 12757 -- 84942
pairing: 12758 -- 84943
pairing: 12759 -- 84944
pairing: 12760 -- 84945
pairing: 12761 -- 84946
pairing: 12762 -- 84947
pairing: 12763 -- 84948
pairing: 12764 -- 84949
pairing: 12765 -- 84950
pairing: 12766 -- 84951
pairing: 12767 -- 84952
pairing: 12768 -- 84953
pairing: 12769 -- 84954
pairing: 12770 -- 84955
pairing: 12771 -- 84956
pairing: 12772 -- 84957
pairing: 12773 -- 84958
pairing: 12774 -- 84959
pairing: 12775 -- 84960
pairing: 12776 -- 84961
pairing: 12777 -- 84962
pairing: 12778 -- 84963
pairing: 12779 -- 84964
pairing: 12780 -- 84965
pairing: 12781 -- 84966
pairing: 12782 -- 84967
pairing: 12783 -- 84968
pairing: 12784 -- 84969
pairing: 12785 -- 84970
pairing: 12786 -- 84936
pairing: 12787 -- 84971
pairing: 12788 -- 84972
pairing: 12789 -- 84973
pairing: 12790 -- 84974
pairing: 12791 -- 84975
pairing: 12792 -- 84976
pairing: 12793 -- 84977
pairing: 12794 -- 84978
pairing: 12795 -- 84979
pairing: 12796 -- 84980
pairing: 12797 -- 84981
pairing: 12798 -- 84982
pairing: 12799 -- 84983
pairing: 12800 -- 84984
pairing: 12801 -- 84985
pairing: 12802 -- 84986
pairing: 12803 -- 84987
pairing: 12804 -- 84988
pairing: 12805 -- 84989
pairing: 12806 -- 84990
pairing: 12807 -- 84991
pairing: 12808 -- 84992
pairing: 12809 -- 84993
pairing: 12810 -- 84994
pairing: 12811 -- 84995
pairing: 12812 -- 84996
pairing: 12813 -- 84997
pairing: 12814 -- 84998
pairing: 12815 -- 84999
pairing: 12816 -- 85000
pairing: 12817 -- 85001
pairing: 12818 -- 84937
pairing: 12819 -- 85002
pairing: 12820 -- 85003
pairing: 12821 -- 85004
pairing: 12822 -- 85005
pairing: 12823 -- 85006
pairing: 12824 -- 85007
pairing: 12825 -- 85008
pairing: 12826 -- 85009
pairing: 12827 -- 85010
pairing: 12828 -- 85011
pairing: 12829 -- 85012
pairing: 12830 -- 85013
pairing: 12831 -- 85014
pairing: 12832 -- 85015
pairing: 12833 -- 85016
pairing: 12834 -- 85017
pairing: 12835 -- 85018
pairing: 12836 -- 85019
pairing: 12837 -- 85020
pairing: 12838 -- 85021
pairing: 12839 -- 85022
pairing: 12840 -- 85023
pairing: 12841 -- 85024
pairing: 12842 -- 85025
pairing: 12843 -- 85026
pairing: 12844 -- 85027
pairing: 12845 -- 85028
pairing: 12846 -- 85029
pairing: 12847 -- 85030
pairing: 12848 -- 85031
pairing: 12849 -- 85032
pairing: 12850 -- 84938
pairing: 12851 -- 85033
pairing: 12852 -- 85034
pairing: 12853 -- 85035
pairing: 12854 -- 85036
pairing: 12855 -- 85037
pairing: 12856 -- 85038
pairing: 12857 -- 85039
pairing: 12858 -- 85040
pairing: 12859 -- 85041
pairing: 12860 -- 85042
pairing: 12861 -- 85043
pairing: 12862 -- 85044
pairing: 12863 -- 85045
pairing: 12864 -- 85046
pairing: 12865 -- 85047
pairing: 12866 -- 85048
pairing: 12867 -- 85049
pairing: 12868 -- 85050
pairing: 12869 -- 85051
pairing: 12870 -- 85052
pairing: 12871 -- 85053
pairing: 12872 -- 85054
pairing: 12873 -- 85055
pairing: 12874 -- 85056
pairing: 12875 -- 85057
pairing: 12876 -- 85058
pairing: 12877 -- 85059
pairing: 12878 -- 85060
pairing: 12879 -- 85061
pairing: 12880 -- 85062
pairing: 12881 -- 85063
pairing: 12882 -- 84939
pairing: 12883 -- 85064
pairing: 12884 -- 85065
pairing: 12885 -- 85066
pairing: 12886 -- 85067
pairing: 12887 -- 85068
pairing: 12888 -- 85069
pairing: 12889 -- 85070
pairing: 12890 -- 85071
pairing: 12891 -- 85072
pairing: 12892 -- 85073
pairing: 12893 -- 85074
pairing: 12894 -- 85075
pairing: 12895 -- 85076
pairing: 12896 -- 85077
pairing: 12897 -- 85078
pairing: 12898 -- 85079
pairing: 12899 -- 85080
pairing: 12900 -- 85081
pairing: 12901 -- 85082
pairing: 12902 -- 85083
pairing: 12903 -- 85084
pairing: 12904 -- 85085
pairing: 12905 -- 85086
pairing: 12906 -- 85087
pairing: 12907 -- 85088
pairing: 12908 -- 85089
pairing: 12909 -- 85090
pairing: 12910 -- 85091
pairing: 12911 -- 85092
pairing: 12912 -- 85093
pairing: 12913 -- 85094
[gpu-search] bootstrap=CPU-posted GPUDirect RDMA; queries=strict GPU-initiated GPUNetIO
[gpu-search] streamed 2000000000 PQ bytes directly into final GPU storage; ordinal audit passed for 15 entries
[gpu-search] persistent occupancy candidate threads=128 hardware_blocks_per_sm=3 configured_cap=4 effective_blocks_per_sm=3 grid_capacity=324 owner_blocks=40 query_blocks=256 resident_query_warps=1024 selected=true
[gpu-search] persistent occupancy candidate threads=256 hardware_blocks_per_sm=1 configured_cap=4 effective_blocks_per_sm=1 grid_capacity=108 owner_blocks=20 query_blocks=86 resident_query_warps=688 selected=false
[gpu-search] persistent kernel resources registers/thread=166 static_shared_bytes=49112 local_bytes/thread=920 max_threads/block=128
[gpu-search] unified persistent CTAs=40-owner+256-query+1-dispatch+1-control QP-owner-warps=160 threads/CTA=128 query_slots=256 resident_capacity=324 launched=298
[STATUS]: query engine: persistent GPU + GPUNetIO slots=256
[breakdown] preparing workload: workload=query
[breakdown] recall query data ready: count=10000 dtype=int8 vector_bytes=100
[breakdown] performance query data ready: count=10000000 dtype=int8 vector_bytes=100 policy=single_pass_no_reuse
[breakdown][recall] done 1000/1000 ops, avg_rate=34820 ops/s
[breakdown][recall] before_performance recall@10=0.8678 queries=1000
[breakdown] effective insert start id=100010000
[breakdown] starting warmup query
[gpu-search] slow query e2e_us=10052 gpu_us=6337 prepare_us=96 graph_us=3209 score_us=937 beam_us=1300 exact_us=596 beam_select_us=0 rdma_issue_us=275 rdma_wait_us=1971 graph_validation_us=747 neighbor_decode_us=161 pq_score_us=554 visited_us=221 beam_merge_us=1300 graph_reads=213 graph_rereads=0 graph_bytes=119632 graph_extent_reads=213 graph_full_reads=0 graph_extent_fallbacks=0 graph_extent_underhints=0 graph_extent_promotions=0 dynamic_graph_short_reads=0 dynamic_graph_full_reads=0 dynamic_graph_bytes=0 dynamic_graph_fallbacks=0 dynamic_graph_promotions=0 dynamic_graph_demotions=0 logical_expansions=213 critical_graph_reads=213 speculative_graph_reads=0 speculative_promoted=0 speculative_stale=0 speculative_wasted_bytes=0 rdma_completion_latency_ns=10880000 rdma_completion_groups=90 issue_width_max=0 commit_width_max=16 critical_misses=213 certificate_rejects=0 graph_batches=46 graph_rounds=18 route_hits=0 exact_reads=128 exact_snapshot_trains=5 exact_snapshot_fallbacks=0 terminal_exact_cache_attempted=0 terminal_exact_cache_issued=0 terminal_exact_cache_promoted=0 terminal_exact_cache_misses=0 terminal_exact_cache_wasted_bytes=0 terminal_exact_cache_queue_rejects=0 dynamic_pq_reads=0 dynamic_pq_us=0 dynamic_pq_incarnation_rejects=0 dynamic_pq_arena_hits=0 dynamic_pq_batch_deduplicated=0
[gpu-search] slow query e2e_us=11042 gpu_us=10990 prepare_us=99 graph_us=6635 score_us=1331 beam_us=1788 exact_us=862 beam_select_us=0 rdma_issue_us=441 rdma_wait_us=5018 graph_validation_us=865 neighbor_decode_us=201 pq_score_us=793 visited_us=336 beam_merge_us=1788 graph_reads=335 graph_rereads=0 graph_bytes=167280 graph_extent_reads=335 graph_full_reads=0 graph_extent_fallbacks=0 graph_extent_underhints=0 graph_extent_promotions=0 dynamic_graph_short_reads=0 dynamic_graph_full_reads=0 dynamic_graph_bytes=0 dynamic_graph_fallbacks=0 dynamic_graph_promotions=0 dynamic_graph_demotions=0 logical_expansions=335 critical_graph_reads=335 speculative_graph_reads=0 speculative_promoted=0 speculative_stale=0 speculative_wasted_bytes=0 rdma_completion_latency_ns=26700800 rdma_completion_groups=125 issue_width_max=0 commit_width_max=16 critical_misses=335 certificate_rejects=0 graph_batches=77 graph_rounds=25 route_hits=0 exact_reads=128 exact_snapshot_trains=5 exact_snapshot_fallbacks=0 terminal_exact_cache_attempted=0 terminal_exact_cache_issued=0 terminal_exact_cache_promoted=0 terminal_exact_cache_misses=0 terminal_exact_cache_wasted_bytes=0 terminal_exact_cache_queue_rejects=0 dynamic_pq_reads=0 dynamic_pq_us=0 dynamic_pq_incarnation_rejects=0 dynamic_pq_arena_hits=0 dynamic_pq_batch_deduplicated=0
[gpu-search] slow query e2e_us=10377 gpu_us=10327 prepare_us=89 graph_us=6581 score_us=930 beam_us=1622 exact_us=845 beam_select_us=0 rdma_issue_us=317 rdma_wait_us=5203 graph_validation_us=858 neighbor_decode_us=160 pq_score_us=546 visited_us=223 beam_merge_us=1622 graph_reads=216 graph_rereads=0 graph_bytes=120512 graph_extent_reads=216 graph_full_reads=0 graph_extent_fallbacks=0 graph_extent_underhints=0 graph_extent_promotions=0 dynamic_graph_short_reads=0 dynamic_graph_full_reads=0 dynamic_graph_bytes=0 dynamic_graph_fallbacks=0 dynamic_graph_promotions=0 dynamic_graph_demotions=0 logical_expansions=216 critical_graph_reads=216 speculative_graph_reads=0 speculative_promoted=0 speculative_stale=0 speculative_wasted_bytes=0 rdma_completion_latency_ns=27197440 rdma_completion_groups=120 issue_width_max=0 commit_width_max=16 critical_misses=216 certificate_rejects=0 graph_batches=32 graph_rounds=24 route_hits=0 exact_reads=128 exact_snapshot_trains=3 exact_snapshot_fallbacks=0 terminal_exact_cache_attempted=0 terminal_exact_cache_issued=0 terminal_exact_cache_promoted=0 terminal_exact_cache_misses=0 terminal_exact_cache_wasted_bytes=0 terminal_exact_cache_queue_rejects=0 dynamic_pq_reads=0 dynamic_pq_us=0 dynamic_pq_incarnation_rejects=0 dynamic_pq_arena_hits=0 dynamic_pq_batch_deduplicated=0
[gpu-search] slow query e2e_us=11284 gpu_us=11246 prepare_us=93 graph_us=7250 score_us=1019 beam_us=1631 exact_us=1018 beam_select_us=0 rdma_issue_us=325 rdma_wait_us=5940 graph_validation_us=776 neighbor_decode_us=145 pq_score_us=628 visited_us=245 beam_merge_us=1631 graph_reads=235 graph_rereads=0 graph_bytes=138608 graph_extent_reads=235 graph_full_reads=0 graph_extent_fallbacks=0 graph_extent_underhints=0 graph_extent_promotions=0 dynamic_graph_short_reads=0 dynamic_graph_full_reads=0 dynamic_graph_bytes=0 dynamic_graph_fallbacks=0 dynamic_graph_promotions=0 dynamic_graph_demotions=0 logical_expansions=235 critical_graph_reads=235 speculative_graph_reads=0 speculative_promoted=0 speculative_stale=0 speculative_wasted_bytes=0 rdma_completion_latency_ns=30868480 rdma_completion_groups=110 issue_width_max=0 commit_width_max=16 critical_misses=235 certificate_rejects=0 graph_batches=25 graph_rounds=22 route_hits=0 exact_reads=128 exact_snapshot_trains=1 exact_snapshot_fallbacks=0 terminal_exact_cache_attempted=0 terminal_exact_cache_issued=0 terminal_exact_cache_promoted=0 terminal_exact_cache_misses=0 terminal_exact_cache_wasted_bytes=0 terminal_exact_cache_queue_rejects=0 dynamic_pq_reads=0 dynamic_pq_us=0 dynamic_pq_incarnation_rejects=0 dynamic_pq_arena_hits=0 dynamic_pq_batch_deduplicated=0
[gpu-search] slow query e2e_us=10389 gpu_us=10213 prepare_us=87 graph_us=6951 score_us=744 beam_us=1130 exact_us=1143 beam_select_us=0 rdma_issue_us=284 rdma_wait_us=5939 graph_validation_us=513 neighbor_decode_us=109 pq_score_us=461 visited_us=174 beam_merge_us=1130 graph_reads=220 graph_rereads=0 graph_bytes=103744 graph_extent_reads=220 graph_full_reads=0 graph_extent_fallbacks=0 graph_extent_underhints=0 graph_extent_promotions=0 dynamic_graph_short_reads=0 dynamic_graph_full_reads=0 dynamic_graph_bytes=0 dynamic_graph_fallbacks=0 dynamic_graph_promotions=0 dynamic_graph_demotions=0 logical_expansions=220 critical_graph_reads=220 speculative_graph_reads=0 speculative_promoted=0 speculative_stale=0 speculative_wasted_bytes=0 rdma_completion_latency_ns=30689280 rdma_completion_groups=80 issue_width_max=0 commit_width_max=16 critical_misses=220 certificate_rejects=0 graph_batches=46 graph_rounds=16 route_hits=0 exact_reads=128 exact_snapshot_trains=5 exact_snapshot_fallbacks=0 terminal_exact_cache_attempted=0 terminal_exact_cache_issued=0 terminal_exact_cache_promoted=0 terminal_exact_cache_misses=0 terminal_exact_cache_wasted_bytes=0 terminal_exact_cache_queue_rejects=0 dynamic_pq_reads=0 dynamic_pq_us=0 dynamic_pq_incarnation_rejects=0 dynamic_pq_arena_hits=0 dynamic_pq_batch_deduplicated=0
[gpu-search] slow query e2e_us=11356 gpu_us=11261 prepare_us=110 graph_us=7083 score_us=1032 beam_us=1458 exact_us=1365 beam_select_us=0 rdma_issue_us=303 rdma_wait_us=5802 graph_validation_us=713 neighbor_decode_us=147 pq_score_us=642 visited_us=242 beam_merge_us=1458 graph_reads=252 graph_rereads=0 graph_bytes=139264 graph_extent_reads=252 graph_full_reads=0 graph_extent_fallbacks=0 graph_extent_underhints=0 graph_extent_promotions=0 dynamic_graph_short_reads=0 dynamic_graph_full_reads=0 dynamic_graph_bytes=0 dynamic_graph_fallbacks=0 dynamic_graph_promotions=0 dynamic_graph_demotions=0 logical_expansions=252 critical_graph_reads=252 speculative_graph_reads=0 speculative_promoted=0 speculative_stale=0 speculative_wasted_bytes=0 rdma_completion_latency_ns=30100480 rdma_completion_groups=100 issue_width_max=0 commit_width_max=16 critical_misses=252 certificate_rejects=0 graph_batches=40 graph_rounds=20 route_hits=0 exact_reads=128 exact_snapshot_trains=4 exact_snapshot_fallbacks=0 terminal_exact_cache_attempted=0 terminal_exact_cache_issued=0 terminal_exact_cache_promoted=0 terminal_exact_cache_misses=0 terminal_exact_cache_wasted_bytes=0 terminal_exact_cache_queue_rejects=0 dynamic_pq_reads=0 dynamic_pq_us=0 dynamic_pq_incarnation_rejects=0 dynamic_pq_arena_hits=0 dynamic_pq_batch_deduplicated=0
[gpu-search] slow query e2e_us=10635 gpu_us=10584 prepare_us=82 graph_us=6437 score_us=1027 beam_us=1381 exact_us=1463 beam_select_us=0 rdma_issue_us=283 rdma_wait_us=5266 graph_validation_us=682 neighbor_decode_us=140 pq_score_us=621 visited_us=265 beam_merge_us=1381 graph_reads=257 graph_rereads=0 graph_bytes=147280 graph_extent_reads=257 graph_full_reads=0 graph_extent_fallbacks=0 graph_extent_underhints=0 graph_extent_promotions=0 dynamic_graph_short_reads=0 dynamic_graph_full_reads=0 dynamic_graph_bytes=0 dynamic_graph_fallbacks=0 dynamic_graph_promotions=0 dynamic_graph_demotions=0 logical_expansions=257 critical_graph_reads=257 speculative_graph_reads=0 speculative_promoted=0 speculative_stale=0 speculative_wasted_bytes=0 rdma_completion_latency_ns=27371520 rdma_completion_groups=95 issue_width_max=0 commit_width_max=16 critical_misses=257 certificate_rejects=0 graph_batches=60 graph_rounds=19 route_hits=0 exact_reads=128 exact_snapshot_trains=5 exact_snapshot_fallbacks=0 terminal_exact_cache_attempted=0 terminal_exact_cache_issued=0 terminal_exact_cache_promoted=0 terminal_exact_cache_misses=0 terminal_exact_cache_wasted_bytes=0 terminal_exact_cache_queue_rejects=0 dynamic_pq_reads=0 dynamic_pq_us=0 dynamic_pq_incarnation_rejects=0 dynamic_pq_arena_hits=0 dynamic_pq_batch_deduplicated=0
[gpu-search] slow query e2e_us=10405 gpu_us=10351 prepare_us=97 graph_us=7285 score_us=573 beam_us=1062 exact_us=1175 beam_select_us=0 rdma_issue_us=270 rdma_wait_us=6326 graph_validation_us=459 neighbor_decode_us=99 pq_score_us=343 visited_us=131 beam_merge_us=1062 graph_reads=229 graph_rereads=0 graph_bytes=83792 graph_extent_reads=229 graph_full_reads=0 graph_extent_fallbacks=0 graph_extent_underhints=0 graph_extent_promotions=0 dynamic_graph_short_reads=0 dynamic_graph_full_reads=0 dynamic_graph_bytes=0 dynamic_graph_fallbacks=0 dynamic_graph_promotions=0 dynamic_graph_demotions=0 logical_expansions=229 critical_graph_reads=229 speculative_graph_reads=0 speculative_promoted=0 speculative_stale=0 speculative_wasted_bytes=0 rdma_completion_latency_ns=32599040 rdma_completion_groups=80 issue_width_max=0 commit_width_max=16 critical_misses=229 certificate_rejects=0 graph_batches=25 graph_rounds=16 route_hits=0 exact_reads=128 exact_snapshot_trains=2 exact_snapshot_fallbacks=0 terminal_exact_cache_attempted=0 terminal_exact_cache_issued=0 terminal_exact_cache_promoted=0 terminal_exact_cache_misses=0 terminal_exact_cache_wasted_bytes=0 terminal_exact_cache_queue_rejects=0 dynamic_pq_reads=0 dynamic_pq_us=0 dynamic_pq_incarnation_rejects=0 dynamic_pq_arena_hits=0 dynamic_pq_batch_deduplicated=0
[gpu-search] slow query e2e_us=10603 gpu_us=10363 prepare_us=87 graph_us=6712 score_us=944 beam_us=1388 exact_us=1017 beam_select_us=0 rdma_issue_us=280 rdma_wait_us=5494 graph_validation_us=691 neighbor_decode_us=141 pq_score_us=586 visited_us=216 beam_merge_us=1388 graph_reads=216 graph_rereads=0 graph_bytes=117184 graph_extent_reads=216 graph_full_reads=0 graph_extent_fallbacks=0 graph_extent_underhints=0 graph_extent_promotions=0 dynamic_graph_short_reads=0 dynamic_graph_full_reads=0 dynamic_graph_bytes=0 dynamic_graph_fallbacks=0 dynamic_graph_promotions=0 dynamic_graph_demotions=0 logical_expansions=216 critical_graph_reads=216 speculative_graph_reads=0 speculative_promoted=0 speculative_stale=0 speculative_wasted_bytes=0 rdma_completion_latency_ns=28487680 rdma_completion_groups=105 issue_width_max=0 commit_width_max=16 critical_misses=216 certificate_rejects=0 graph_batches=25 graph_rounds=21 route_hits=0 exact_reads=128 exact_snapshot_trains=2 exact_snapshot_fallbacks=0 terminal_exact_cache_attempted=0 terminal_exact_cache_issued=0 terminal_exact_cache_promoted=0 terminal_exact_cache_misses=0 terminal_exact_cache_wasted_bytes=0 terminal_exact_cache_queue_rejects=0 dynamic_pq_reads=0 dynamic_pq_us=0 dynamic_pq_incarnation_rejects=0 dynamic_pq_arena_hits=0 dynamic_pq_batch_deduplicated=0
[gpu-search] slow query e2e_us=11019 gpu_us=10969 prepare_us=84 graph_us=7559 score_us=610 beam_us=1247 exact_us=1269 beam_select_us=0 rdma_issue_us=275 rdma_wait_us=6575 graph_validation_us=471 neighbor_decode_us=92 pq_score_us=376 visited_us=141 beam_merge_us=1247 graph_reads=235 graph_rereads=0 graph_bytes=88176 graph_extent_reads=235 graph_full_reads=0 graph_extent_fallbacks=0 graph_extent_underhints=0 graph_extent_promotions=0 dynamic_graph_short_reads=0 dynamic_graph_full_reads=0 dynamic_graph_bytes=0 dynamic_graph_fallbacks=0 dynamic_graph_promotions=0 dynamic_graph_demotions=0 logical_expansions=235 critical_graph_reads=235 speculative_graph_reads=0 speculative_promoted=0 speculative_stale=0 speculative_wasted_bytes=0 rdma_completion_latency_ns=33884160 rdma_completion_groups=100 issue_width_max=0 commit_width_max=16 critical_misses=235 certificate_rejects=0 graph_batches=26 graph_rounds=20 route_hits=0 exact_reads=128 exact_snapshot_trains=2 exact_snapshot_fallbacks=0 terminal_exact_cache_attempted=0 terminal_exact_cache_issued=0 terminal_exact_cache_promoted=0 terminal_exact_cache_misses=0 terminal_exact_cache_wasted_bytes=0 terminal_exact_cache_queue_rejects=0 dynamic_pq_reads=0 dynamic_pq_us=0 dynamic_pq_incarnation_rejects=0 dynamic_pq_arena_hits=0 dynamic_pq_batch_deduplicated=0
[gpu-search] slow query e2e_us=12492 gpu_us=12418 prepare_us=86 graph_us=8735 score_us=796 beam_us=1353 exact_us=1237 beam_select_us=0 rdma_issue_us=266 rdma_wait_us=7690 graph_validation_us=578 neighbor_decode_us=119 pq_score_us=486 visited_us=191 beam_merge_us=1353 graph_reads=205 graph_rereads=0 graph_bytes=115408 graph_extent_reads=205 graph_full_reads=0 graph_extent_fallbacks=0 graph_extent_underhints=0 graph_extent_promotions=0 dynamic_graph_short_reads=0 dynamic_graph_full_reads=0 dynamic_graph_bytes=0 dynamic_graph_fallbacks=0 dynamic_graph_promotions=0 dynamic_graph_demotions=0 logical_expansions=205 critical_graph_reads=205 speculative_graph_reads=0 speculative_promoted=0 speculative_stale=0 speculative_wasted_bytes=0 rdma_completion_latency_ns=39449600 rdma_completion_groups=105 issue_width_max=0 commit_width_max=16 critical_misses=205 certificate_rejects=0 graph_batches=38 graph_rounds=21 route_hits=0 exact_reads=128 exact_snapshot_trains=3 exact_snapshot_fallbacks=0 terminal_exact_cache_attempted=0 terminal_exact_cache_issued=0 terminal_exact_cache_promoted=0 terminal_exact_cache_misses=0 terminal_exact_cache_wasted_bytes=0 terminal_exact_cache_queue_rejects=0 dynamic_pq_reads=0 dynamic_pq_us=0 dynamic_pq_incarnation_rejects=0 dynamic_pq_arena_hits=0 dynamic_pq_batch_deduplicated=0
[gpu-search] slow query e2e_us=10164 gpu_us=10133 prepare_us=96 graph_us=7386 score_us=679 beam_us=1031 exact_us=788 beam_select_us=0 rdma_issue_us=257 rdma_wait_us=6430 graph_validation_us=497 neighbor_decode_us=107 pq_score_us=424 visited_us=146 beam_merge_us=1031 graph_reads=198 graph_rereads=0 graph_bytes=97056 graph_extent_reads=198 graph_full_reads=0 graph_extent_fallbacks=0 graph_extent_underhints=0 graph_extent_promotions=0 dynamic_graph_short_reads=0 dynamic_graph_full_reads=0 dynamic_graph_bytes=0 dynamic_graph_fallbacks=0 dynamic_graph_promotions=0 dynamic_graph_demotions=0 logical_expansions=198 critical_graph_reads=198 speculative_graph_reads=0 speculative_promoted=0 speculative_stale=0 speculative_wasted_bytes=0 rdma_completion_latency_ns=33090560 rdma_completion_groups=75 issue_width_max=0 commit_width_max=16 critical_misses=198 certificate_rejects=0 graph_batches=33 graph_rounds=15 route_hits=0 exact_reads=128 exact_snapshot_trains=4 exact_snapshot_fallbacks=0 terminal_exact_cache_attempted=0 terminal_exact_cache_issued=0 terminal_exact_cache_promoted=0 terminal_exact_cache_misses=0 terminal_exact_cache_wasted_bytes=0 terminal_exact_cache_queue_rejects=0 dynamic_pq_reads=0 dynamic_pq_us=0 dynamic_pq_incarnation_rejects=0 dynamic_pq_arena_hits=0 dynamic_pq_batch_deduplicated=0
[gpu-search] slow query e2e_us=10519 gpu_us=10462 prepare_us=86 graph_us=7711 score_us=650 beam_us=1069 exact_us=789 beam_select_us=0 rdma_issue_us=231 rdma_wait_us=6777 graph_validation_us=521 neighbor_decode_us=97 pq_score_us=403 visited_us=149 beam_merge_us=1069 graph_reads=212 graph_rereads=0 graph_bytes=93952 graph_extent_reads=212 graph_full_reads=0 graph_extent_fallbacks=0 graph_extent_underhints=0 graph_extent_promotions=0 dynamic_graph_short_reads=0 dynamic_graph_full_reads=0 dynamic_graph_bytes=0 dynamic_graph_fallbacks=0 dynamic_graph_promotions=0 dynamic_graph_demotions=0 logical_expansions=212 critical_graph_reads=212 speculative_graph_reads=0 speculative_promoted=0 speculative_stale=0 speculative_wasted_bytes=0 rdma_completion_latency_ns=34728960 rdma_completion_groups=80 issue_width_max=0 commit_width_max=16 critical_misses=212 certificate_rejects=0 graph_batches=45 graph_rounds=16 route_hits=0 exact_reads=128 exact_snapshot_trains=5 exact_snapshot_fallbacks=0 terminal_exact_cache_attempted=0 terminal_exact_cache_issued=0 terminal_exact_cache_promoted=0 terminal_exact_cache_misses=0 terminal_exact_cache_wasted_bytes=0 terminal_exact_cache_queue_rejects=0 dynamic_pq_reads=0 dynamic_pq_us=0 dynamic_pq_incarnation_rejects=0 dynamic_pq_arena_hits=0 dynamic_pq_batch_deduplicated=0
[gpu-search] slow query e2e_us=11172 gpu_us=11119 prepare_us=84 graph_us=7680 score_us=930 beam_us=1300 exact_us=947 beam_select_us=0 rdma_issue_us=241 rdma_wait_us=6602 graph_validation_us=623 neighbor_decode_us=138 pq_score_us=576 visited_us=215 beam_merge_us=1300 graph_reads=204 graph_rereads=0 graph_bytes=125632 graph_extent_reads=204 graph_full_reads=0 graph_extent_fallbacks=0 graph_extent_underhints=0 graph_extent_promotions=0 dynamic_graph_short_reads=0 dynamic_graph_full_reads=0 dynamic_graph_bytes=0 dynamic_graph_fallbacks=0 dynamic_graph_promotions=0 dynamic_graph_demotions=0 logical_expansions=204 critical_graph_reads=204 speculative_graph_reads=0 speculative_promoted=0 speculative_stale=0 speculative_wasted_bytes=0 rdma_completion_latency_ns=33873920 rdma_completion_groups=80 issue_width_max=0 commit_width_max=16 critical_misses=204 certificate_rejects=0 graph_batches=27 graph_rounds=16 route_hits=0 exact_reads=128 exact_snapshot_trains=3 exact_snapshot_fallbacks=0 terminal_exact_cache_attempted=0 terminal_exact_cache_issued=0 terminal_exact_cache_promoted=0 terminal_exact_cache_misses=0 terminal_exact_cache_wasted_bytes=0 terminal_exact_cache_queue_rejects=0 dynamic_pq_reads=0 dynamic_pq_us=0 dynamic_pq_incarnation_rejects=0 dynamic_pq_arena_hits=0 dynamic_pq_batch_deduplicated=0
[gpu-search] slow query e2e_us=10826 gpu_us=10754 prepare_us=85 graph_us=6179 score_us=844 beam_us=1361 exact_us=2063 beam_select_us=0 rdma_issue_us=310 rdma_wait_us=5020 graph_validation_us=614 neighbor_decode_us=143 pq_score_us=506 visited_us=194 beam_merge_us=1361 graph_reads=243 graph_rereads=0 graph_bytes=112624 graph_extent_reads=243 graph_full_reads=0 graph_extent_fallbacks=0 graph_extent_underhints=0 graph_extent_promotions=0 dynamic_graph_short_reads=0 dynamic_graph_full_reads=0 dynamic_graph_bytes=0 dynamic_graph_fallbacks=0 dynamic_graph_promotions=0 dynamic_graph_demotions=0 logical_expansions=243 critical_graph_reads=243 speculative_graph_reads=0 speculative_promoted=0 speculative_stale=0 speculative_wasted_bytes=0 rdma_completion_latency_ns=26260480 rdma_completion_groups=105 issue_width_max=0 commit_width_max=16 critical_misses=243 certificate_rejects=0 graph_batches=57 graph_rounds=21 route_hits=0 exact_reads=128 exact_snapshot_trains=4 exact_snapshot_fallbacks=0 terminal_exact_cache_attempted=0 terminal_exact_cache_issued=0 terminal_exact_cache_promoted=0 terminal_exact_cache_misses=0 terminal_exact_cache_wasted_bytes=0 terminal_exact_cache_queue_rejects=0 dynamic_pq_reads=0 dynamic_pq_us=0 dynamic_pq_incarnation_rejects=0 dynamic_pq_arena_hits=0 dynamic_pq_batch_deduplicated=0
[gpu-search] slow query e2e_us=10184 gpu_us=10130 prepare_us=106 graph_us=6530 score_us=855 beam_us=1203 exact_us=1256 beam_select_us=0 rdma_issue_us=297 rdma_wait_us=5350 graph_validation_us=650 neighbor_decode_us=138 pq_score_us=521 visited_us=194 beam_merge_us=1203 graph_reads=242 graph_rereads=0 graph_bytes=120736 graph_extent_reads=242 graph_full_reads=0 graph_extent_fallbacks=0 graph_extent_underhints=0 graph_extent_promotions=0 dynamic_graph_short_reads=0 dynamic_graph_full_reads=0 dynamic_graph_bytes=0 dynamic_graph_fallbacks=0 dynamic_graph_promotions=0 dynamic_graph_demotions=0 logical_expansions=242 critical_graph_reads=242 speculative_graph_reads=0 speculative_promoted=0 speculative_stale=0 speculative_wasted_bytes=0 rdma_completion_latency_ns=27847680 rdma_completion_groups=90 issue_width_max=0 commit_width_max=16 critical_misses=242 certificate_rejects=0 graph_batches=43 graph_rounds=18 route_hits=0 exact_reads=128 exact_snapshot_trains=4 exact_snapshot_fallbacks=0 terminal_exact_cache_attempted=0 terminal_exact_cache_issued=0 terminal_exact_cache_promoted=0 terminal_exact_cache_misses=0 terminal_exact_cache_wasted_bytes=0 terminal_exact_cache_queue_rejects=0 dynamic_pq_reads=0 dynamic_pq_us=0 dynamic_pq_incarnation_rejects=0 dynamic_pq_arena_hits=0 dynamic_pq_batch_deduplicated=0
[breakdown][warmup-query] progress elapsed=5s/5s, completed=246708 ops, rate=49341.6 ops/s, interval_rate=49341.6 ops/s
[breakdown][warmup-query] done measurement_elapsed=5s/5s, measurement_completed=246708 ops, measurement_avg_rate=49341.6 ops/s, drain_elapsed=0.0080079s, drain_completed=255 ops
[breakdown] starting measure phase
[breakdown][measure-query] progress elapsed=5s/20s, completed=247666 ops, rate=49533.2 ops/s, interval_rate=49533.2 ops/s
[breakdown][measure-query] progress elapsed=10s/20s, completed=495936 ops, rate=49593.6 ops/s, interval_rate=49654 ops/s
[breakdown][measure-query] progress elapsed=15s/20s, completed=744035 ops, rate=49602.3 ops/s, interval_rate=49619.8 ops/s
[breakdown][measure-query] progress elapsed=20s/20s, completed=992418 ops, rate=49620.9 ops/s, interval_rate=49676.6 ops/s
[breakdown][measure-query] done measurement_elapsed=20s/20s, measurement_completed=992418 ops, measurement_avg_rate=49620.9 ops/s, drain_elapsed=0.00736426s, drain_completed=256 ops
[breakdown][static_gt_post_recall] done 1000/1000 ops, avg_rate=37807.9 ops/s
[breakdown][recall] after_performance recall@10=0.911 queries=1000
system_variant
  profile_name: 04_gpu_persistent_gpunetio
  label: full
  update_mutation_api: insert_upsert_erase
  storage_owner_update_completion_mode: decoupled
  gpu_dynamic_graph_access_mode: adaptive
  gpu_rdma_search_progression_mode: manual
  index_prefix: /data/xjs/index/dvstor_spacev100m/index/spacev100m_R96_bw128_metis_pmd32_pq20_schema16
  index_schema_version: 16
  index_build_fingerprint: 5346303778508711625
query_inputs
  recall_source: /data/xjs/index/dvstor_spacev100m/prepared/recall_query.i8bin
  recall_rows: 10000
  performance_source: /data/xjs/datasets/spacev1b/spacev100m/spacev100m_to_110m_query.i8bin
  performance_rows: 10000000
  performance_row_reuse_policy: single_pass_no_reuse
  performance_warmup/measure/total_rows_consumed: 246963/992674/1239637
throughput
  duration_seconds: 20.0073
  total_ops_per_sec: 49615.6 (ops=992674)
  query_ops_per_sec: 49615.6 (ops=992674)
  effective_query_ops_per_sec: 49615.6
  write_ops_per_sec: 0 (ops=0)
  effective_write_ops_per_sec: 0
  insert_ops_per_sec: 0 (ops=0)
  client_drain_seconds: 0.00730241
  scheduled_query/write_ops: 0/0
  query/write_rate_attainment_ratio: 1/1
  nominal/effective_rate_basis: effective_wall_clock/wall_clock_including_client_drain
  query_head/tail_qps: 49602.3/49650.1
  query_tail_to_head_ratio: 1.00096
  query_min_5s_qps: 49533.2
  write_head/tail_qps: 0/0
  write_tail_to_head_ratio: 0
  write_min_5s_qps: 0
  zero_completion_windows: 0
  zero_query/write_windows: 0/0
stage2
  source: storage_logs
  shards observed/requested: 0/5
  p99_stage2_delay_upper_ms: unavailable
  remaining/max_backlog: 0/0
  completion_outstanding/admission_window: unavailable
  completion_incomplete/admission_window: unavailable
  completion admission stalls logical/physical: unavailable
  backlog_slope_per_sec: 0
  failures (hard): 0
  peer_reverse_retry_attempts: unavailable
  locality telemetry: unavailable
  search budget exhausted (stage1/stage2): unavailable
  execution batching: unavailable
  executor service demand: unavailable
recall
  recall@10: 0.8678
  queries: 1000
  mode/base_id_limit/search_width/insufficient_queries: all/0/10/0
  query_file: /data/xjs/index/dvstor_spacev100m/prepared/recall_query.i8bin
  groundtruth_file: /data/xjs/index/dvstor_spacev100m/prepared/recall_groundtruth.bin
static_gt_post_recall
  recall@10: 0.911
  queries: 1000
  mode/base_id_limit/search_width/insufficient_queries: all/0/10/0
  query_file: /data/xjs/index/dvstor_spacev100m/prepared/recall_query.i8bin
  groundtruth_file: /data/xjs/index/dvstor_spacev100m/prepared/recall_groundtruth.bin
gpu_persistent
  GPU memory explicit/base_pq/route GiB: 2.90287/1.86265/2.35438e-06
  average_batch_size: 1.18475
  average_submission_wait_us: 3.28361
  rdma_read_bytes: 115133453904
  owner WQE submitted/capacity/utilization: 479711597/21261746176/0.0225622
  owner critical/speculative batches: 28466714/0
  graph_route_hit_ratio/refreshes: 0/0
  graph snapshot reread records total/per_query: 0/0
  graph RDMA bytes total/per_query/per_parent: 99377732176/100111/485.187
  graph live/full/fallback/underhint/promotions reads: 204823629/0/0/0/0
  expanded parents/neighbor sum/average degree: 204823629/11237782311/54.8657
  expanded degree histogram (ceil(degree/8), overflow=13): [0,3980950,2020364,9674776,19888455,26867870,28035177,25401411,21473232,17146422,13821568,10962133,25551271,0]
  dynamic expanded parents/neighbor sum/average degree/share: 0/0/0/0
  dynamic expanded degree histogram (ceil(degree/8), overflow=13): [0,0,0,0,0,0,0,0,0,0,0,0,0,0]
  DynaExtent short/full/bytes/fallback/promotions/demotions: 0/0/0/0/0/0
  DynaExtent snapshot-attempts/nonfallback-full-attempts/short-physical-ratio/fallback-ratio/bytes-per-physical-read: 0/0/0/0/0
  ASFE logical expansions total/per_query: 204823629/206.335
  ASFE critical/speculative graph reads: 204823629/0
  ASFE critical/speculative graph bytes: 99377732176/0
  ASFE core reads/bytes/arrived/promoted/stale: 0/0/0/0/0
  ASFE core waves/ready waves/ready ratio: 0/0/0
  terminal exact cache attempts/rate: 0/0
  terminal exact cache issued/promoted/misses/rejects (total/per_query): 0/0, 0/0, 0/0, 0/0
  terminal exact cache promotion/waste ratio: 0/0
  terminal exact cache wasted bytes total/per_query: 0/0
  ASFE completion scoring batches/candidates (total/per_query/candidates_per_batch): 0/0, 0/0/0
  ASFE reusable exact certificates total/per_query: 0/0
  ASFE streamed runs/ordered scoring batches/candidates (total/per_query/candidates_per_batch): 0/0, 0/0, 0/0/0
  OOO ROB parents retired beyond an unresolved rank hole (total/per_query): 0/0
  ASFE reusable prefix ranks/full/issued certificates (total/per_query): 0/0, 0/0, 0/0
  ASFE certificate rejects total/per_query: 0/0
  ASFE speculative wasted bytes/ratio: 0/0
  ASFE speculative arrived/promoted/stale/queue_rejects: 0/0/0/0
  ASFE promotion/waste ratio: 0/0
  ASFE issue/commit epochs: 0/15437638
  ASFE average issue/commit width: 0/13.2678
  ASFE issue capacity/utilization: 0/0
  ASFE max issue/commit width: 0/16
  ASFE critical ROB hits/speculative wait ns/us_per_query: 0/0/0
  ASFE critical misses/ROB hit ratio: 204823629/0
  ASFE RDMA completion groups/avg us (critical/speculative): 77188190/110.25 (0/0)
  GPU occupancy threads/registers/static_shared: 128/166/49112
  GPU occupancy active/effective blocks per SM: 3/3
  GPU persistent query/owner/total blocks: 256/40/298
  centroid route publications/shard_updates/live/snapshot_skips: 0/0/20/0
  centroid route probe_reads/body_reads/unchanged_polls/poll_us: 1570/0/314/63918
  centroid route query snapshot retries/timeouts: 0/0
  GPU query/prepare/graph/score/beam/exact us: 5089.71/97.4308/2523.05/732.056/1114.65/457.191
  exact snapshot train batches/fallbacks/success ratio: 2902166/0/1
  GPU graph commit/issue width: 16/16
  GPU graph read/dynamic extent: live-extent/1
  GPU Beam merge policy: stable-run
  Stage2 score-many/graph-issue/home-combining: 1/16/1
  GPU Beam merge total/prepare/sort/materialize us: 1114.65/38.8025/265/749.651
  dynamic PQ candidates/reads/bytes/incarnation_rejects: 0/0/0/0
  dynamic PQ reads/query and wait_us/query: 0/0
  dynamic PQ arena hits/batch_dedup/authoritative_avoidance: 0/0/0
  dynamic PQ arena publish success/race/capacity: 0/0/25685766
storage_owner_runtime
  submitted/completed batches: 0/0
  submitted/completed items: 0/0
  average batch / average RPC wall us / max RPC wall us: 0/0/0
query breakdown
  count: 992674
  latency_ms: mean=5.15702 p50=5.08353 p95=6.36573 p99=7.10847 p999=8.22267
  fine_grained_breakdown: disabled
json: /home/xjs/experiment/dvstor/experiment/spacev100m/program3/results/program3_20260830_221433/performance_late_c16/04_gpu_persistent_gpunetio/spacev100m_04_gpu_persistent_gpunetio_20260830_222225.json
text: /home/xjs/experiment/dvstor/experiment/spacev100m/program3/results/program3_20260830_221433/performance_late_c16/04_gpu_persistent_gpunetio/spacev100m_04_gpu_persistent_gpunetio_20260830_222225.txt
