[breakdown] concurrency clients=512 source=auto auto_required=512 auto_cap=1024 gpu_query_slots=256 storage_rpc_inflight=80 (5x16) derivation=max(ceil(gpu_query_slots/read_ratio),ceil(shards_x_storage_rpc_depth/write_ratio))
[breakdown] fixed-thread offered split reads=256 writes=256 (READ_RATIO controls concurrent callers, not guaranteed completed-op ratio)
[breakdown] performance query: /data/xjs/datasets/sift1b/sift100m_to_110m_query.u8bin [100000000,110000000)
[breakdown] insert: /data/xjs/datasets/sift1b/sift110m_to_120m_insert.u8bin [110000000,120000000)
[breakdown] unique performance-query budget rows=10000000 total_timed_seconds=135 max_average_query_qps_without_reuse=74074.1
[ 15%] Built target rdma_library
[ 25%] Built target dvstor_gpu_kernels
[ 80%] Built target dvstor_runtime
[ 90%] Built target dvstor_breakdown_support
[100%] Built target dvstor_breakdown_benchmark
[mn-memory] auto=24 GiB source=metadata policy=20% of base nodes limiting_shard=2 dynamic_slots=4120200 record_bytes=1040
[breakdown] profile=04_gpu_persistent_gpunetio_baseline command: /home/xjs/experiment/dvstor/build/dvstor_breakdown_benchmark --service-config /home/xjs/experiment/dvstor/motivation/ablation/results/ablation_20260823_165201/program1/04_gpu_persistent_gpunetio_baseline/service_04_gpu_persistent_gpunetio_baseline_20260823_171033.ini --profile-name 04_gpu_persistent_gpunetio_baseline --system-variant-label baseline --workload mixed --warmup-ops 100 --measure-ops 1000 --warmup-seconds 15 --measure-seconds 120 --client-threads 512 --read-ratio 0.5 --mixed-mode fixed_threads --write-threads 0 --target-query-qps 0 --target-write-qps 0 --write-insert-ratio 1 --write-upsert-ratio 0 --write-delete-ratio 0 --report-json /home/xjs/experiment/dvstor/motivation/ablation/results/ablation_20260823_165201/program1/04_gpu_persistent_gpunetio_baseline/sift100m_04_gpu_persistent_gpunetio_baseline_20260823_171033.json --report-text /home/xjs/experiment/dvstor/motivation/ablation/results/ablation_20260823_165201/program1/04_gpu_persistent_gpunetio_baseline/sift100m_04_gpu_persistent_gpunetio_baseline_20260823_171033.txt --recall-query-file /data/xjs/index/dvstor_sift100m/converted/query.u8bin --groundtruth-file /data/xjs/index/dvstor_sift100m/converted/groundtruth_100M.bin --recall-queries 1000 --recall-k 10 --recall-mode all --recall-base-id-limit 0 --performance-query-file /data/xjs/datasets/sift1b/sift100m_to_110m_query.u8bin --insert-start-id 111000000 --insert-file /data/xjs/datasets/sift1b/sift110m_to_120m_insert.u8bin --storage-maintenance-log /home/xjs/experiment/dvstor/experiment/logs/memory_node_1_04_gpu_persistent_gpunetio_baseline.log --storage-maintenance-log /home/xjs/experiment/dvstor/experiment/logs/memory_node_2_04_gpu_persistent_gpunetio_baseline.log --storage-maintenance-log /home/xjs/experiment/dvstor/experiment/logs/memory_node_3_04_gpu_persistent_gpunetio_baseline.log --storage-maintenance-log /home/xjs/experiment/dvstor/experiment/logs/memory_node_4_04_gpu_persistent_gpunetio_baseline.log --storage-maintenance-log /home/xjs/experiment/dvstor/experiment/logs/memory_node_5_04_gpu_persistent_gpunetio_baseline.log
============================================================
                        CLIENT
============================================================
connect to:                   [192.168.6.202:1234, 192.168.6.202:1235, 192.168.6.202:1236, 192.168.6.202:1237, 192.168.6.202:1238, ]
is initiator:                 true
TCP port:                     2234
IB device:                    <auto>
IB port:                      1
max outstanding CQEs:         64
max send work requests:       4096
max receive work requests:    4096
============================================================
index prefix:                     "/data/xjs/index/dvstor_sift100m/index/sift100m_R96_bw128_metis_pmd32_pq32_schema16"
threads:                          64
dimension:                        128
max vectors:                      100000000
vector ID namespace [0,N):        4294967295
K / R:                            10 / 96
vector data type:                 uint8
--------------------------------------------------------------------
query engine:                     persistent_gpu_opq_pq
remote transport:                 GPU-initiated GPUNetIO
GPU device:                       1
GPU concurrent query slots:       256
GPU memory limit/reserve GiB:     40/4
GPU traversal/rerank width:       128/128
GPU max expansions:               384
GPU graph commit/issue width:     16/16
dynamic graph access mode:        fixed
GPU graph read policy:            fixed
GPU dynamic graph extent:         false
GPU-RDMA progression mode:        manual
GPU Beam merge policy:            stable-run
query RDMA trace mode/rate:       off/1000
query RDMA trace output:          ""
GPU RDMA QPs per storage node:    32
GPU direct CQ timeout ms:         250
GPU persistent blocks/SM cap:     4
compute updates enabled:          true
storage update completion mode:   decoupled
storage update protocol:          centroid-home two-stage
storage RPC depth/batch:          16/32
storage batch max wait us:        10000
storage Stage2 batch max wait us: 25000
storage Stage2 initial delay ms:  0
Stage2 exact score-many:          true
Stage2 home RPC combining:        true
Stage2 graph issue width:         16
storage peer QPs per peer:        8
storage stage2 maintenance:       8 workers, backlog 65536
====================================================================
1 device(s) found
Selected device: mlx5_0
Selected port state: 4, lid: 1
interleaved policy
num_cores: 112
physical cores per socket: 28
hyperthreading enabled
local process CPU partition: rank 0/1 logical_cpus=112
client id: 0
number of clients: 1
connect to server 192.168.6.202:1234
pairing: 2511 -- 68312
connect to server 192.168.6.202:1235
pairing: 2512 -- 68313
connect to server 192.168.6.202:1236
pairing: 2513 -- 68314
connect to server 192.168.6.202:1237
pairing: 2514 -- 68315
connect to server 192.168.6.202:1238
pairing: 2515 -- 68316
[STATUS]: receive access tokens of remote memory regions
[STATUS]: loaded schema-16 GPU index metadata from /data/xjs/index/dvstor_sift100m/index/sift100m_R96_bw128_metis_pmd32_pq32_schema16 (OPQ/PQ32, vector_data_type=uint8)
[STATUS]: storage-owner authority: deterministic ID shard; physical placement: storage directory + centroid home
[STATUS]: search: GPU-persistent OPQ/PQ32 beam + final RDMA exact rerank
[gpu-search] synthesized navigation manifest in memory from metadata
[gpu-search] graph-read-policy=fixed graph_record_bytes=832
[gpu-search] query routing=versioned centroid routes centroid_shards=5 live_entries_per_shard=4 start_shards=1
[gpu-search] navigation budget codes=3200000000 dynamic_code_scratch=20971520 dynamic_code_arena=915541956 dynamic_code_arena_slots=25431721 dynamic_request_scratch=10485760 navigation_candidates=6291456 direct_queue_scratch=1866240 graph_scratch=16777216 graph_request_metadata=0 speculative_graph_request_metadata=237568 graph_extent_classes=0 query_rdma_trace=0 centroid_route=528 shard_centroids=2560 explicit=4527077356 limit=38654705664 bytes
[STATUS]: exporting GPUNetIO QP resource=0 lane=0 server=0 qpn=2516 gpu_pci=0000:5C:00.0 ibdev=mlx5_0 handler=GPU_SM_DB
[STATUS]: exporting GPUNetIO QP resource=0 lane=0 server=1 qpn=2517 gpu_pci=0000:5C:00.0 ibdev=mlx5_0 handler=GPU_SM_DB
[STATUS]: exporting GPUNetIO QP resource=0 lane=0 server=2 qpn=2518 gpu_pci=0000:5C:00.0 ibdev=mlx5_0 handler=GPU_SM_DB
[STATUS]: exporting GPUNetIO QP resource=0 lane=0 server=3 qpn=2519 gpu_pci=0000:5C:00.0 ibdev=mlx5_0 handler=GPU_SM_DB
[STATUS]: exporting GPUNetIO QP resource=0 lane=0 server=4 qpn=2520 gpu_pci=0000:5C:00.0 ibdev=mlx5_0 handler=GPU_SM_DB
[STATUS]: exporting GPUNetIO QP resource=0 lane=1 server=0 qpn=2521 gpu_pci=0000:5C:00.0 ibdev=mlx5_0 handler=GPU_SM_DB
[STATUS]: exporting GPUNetIO QP resource=0 lane=1 server=1 qpn=2522 gpu_pci=0000:5C:00.0 ibdev=mlx5_0 handler=GPU_SM_DB
[STATUS]: exporting GPUNetIO QP resource=0 lane=1 server=2 qpn=2523 gpu_pci=0000:5C:00.0 ibdev=mlx5_0 handler=GPU_SM_DB
[STATUS]: exporting GPUNetIO QP resource=0 lane=1 server=3 qpn=2524 gpu_pci=0000:5C:00.0 ibdev=mlx5_0 handler=GPU_SM_DB
[STATUS]: exporting GPUNetIO QP resource=0 lane=1 server=4 qpn=2525 gpu_pci=0000:5C:00.0 ibdev=mlx5_0 handler=GPU_SM_DB
[STATUS]: exporting GPUNetIO QP resource=0 lane=2 server=0 qpn=2526 gpu_pci=0000:5C:00.0 ibdev=mlx5_0 handler=GPU_SM_DB
[STATUS]: exporting GPUNetIO QP resource=0 lane=2 server=1 qpn=2527 gpu_pci=0000:5C:00.0 ibdev=mlx5_0 handler=GPU_SM_DB
[STATUS]: exporting GPUNetIO QP resource=0 lane=2 server=2 qpn=2528 gpu_pci=0000:5C:00.0 ibdev=mlx5_0 handler=GPU_SM_DB
[STATUS]: exporting GPUNetIO QP resource=0 lane=2 server=3 qpn=2529 gpu_pci=0000:5C:00.0 ibdev=mlx5_0 handler=GPU_SM_DB
[STATUS]: exporting GPUNetIO QP resource=0 lane=2 server=4 qpn=2530 gpu_pci=0000:5C:00.0 ibdev=mlx5_0 handler=GPU_SM_DB
[STATUS]: exporting GPUNetIO QP resource=0 lane=3 server=0 qpn=2531 gpu_pci=0000:5C:00.0 ibdev=mlx5_0 handler=GPU_SM_DB
[STATUS]: exporting GPUNetIO QP resource=0 lane=3 server=1 qpn=2532 gpu_pci=0000:5C:00.0 ibdev=mlx5_0 handler=GPU_SM_DB
[STATUS]: exporting GPUNetIO QP resource=0 lane=3 server=2 qpn=2533 gpu_pci=0000:5C:00.0 ibdev=mlx5_0 handler=GPU_SM_DB
[STATUS]: exporting GPUNetIO QP resource=0 lane=3 server=3 qpn=2534 gpu_pci=0000:5C:00.0 ibdev=mlx5_0 handler=GPU_SM_DB
[STATUS]: exporting GPUNetIO QP resource=0 lane=3 server=4 qpn=2535 gpu_pci=0000:5C:00.0 ibdev=mlx5_0 handler=GPU_SM_DB
[STATUS]: exporting GPUNetIO QP resource=0 lane=4 server=0 qpn=2536 gpu_pci=0000:5C:00.0 ibdev=mlx5_0 handler=GPU_SM_DB
[STATUS]: exporting GPUNetIO QP resource=0 lane=4 server=1 qpn=2537 gpu_pci=0000:5C:00.0 ibdev=mlx5_0 handler=GPU_SM_DB
[STATUS]: exporting GPUNetIO QP resource=0 lane=4 server=2 qpn=2538 gpu_pci=0000:5C:00.0 ibdev=mlx5_0 handler=GPU_SM_DB
[STATUS]: exporting GPUNetIO QP resource=0 lane=4 server=3 qpn=2539 gpu_pci=0000:5C:00.0 ibdev=mlx5_0 handler=GPU_SM_DB
[STATUS]: exporting GPUNetIO QP resource=0 lane=4 server=4 qpn=2540 gpu_pci=0000:5C:00.0 ibdev=mlx5_0 handler=GPU_SM_DB
[STATUS]: exporting GPUNetIO QP resource=0 lane=5 server=0 qpn=2541 gpu_pci=0000:5C:00.0 ibdev=mlx5_0 handler=GPU_SM_DB
[STATUS]: exporting GPUNetIO QP resource=0 lane=5 server=1 qpn=2542 gpu_pci=0000:5C:00.0 ibdev=mlx5_0 handler=GPU_SM_DB
[STATUS]: exporting GPUNetIO QP resource=0 lane=5 server=2 qpn=2543 gpu_pci=0000:5C:00.0 ibdev=mlx5_0 handler=GPU_SM_DB
[STATUS]: exporting GPUNetIO QP resource=0 lane=5 server=3 qpn=2544 gpu_pci=0000:5C:00.0 ibdev=mlx5_0 handler=GPU_SM_DB
[STATUS]: exporting GPUNetIO QP resource=0 lane=5 server=4 qpn=2545 gpu_pci=0000:5C:00.0 ibdev=mlx5_0 handler=GPU_SM_DB
[STATUS]: exporting GPUNetIO QP resource=0 lane=6 server=0 qpn=2546 gpu_pci=0000:5C:00.0 ibdev=mlx5_0 handler=GPU_SM_DB
[STATUS]: exporting GPUNetIO QP resource=0 lane=6 server=1 qpn=2547 gpu_pci=0000:5C:00.0 ibdev=mlx5_0 handler=GPU_SM_DB
[STATUS]: exporting GPUNetIO QP resource=0 lane=6 server=2 qpn=2548 gpu_pci=0000:5C:00.0 ibdev=mlx5_0 handler=GPU_SM_DB
[STATUS]: exporting GPUNetIO QP resource=0 lane=6 server=3 qpn=2549 gpu_pci=0000:5C:00.0 ibdev=mlx5_0 handler=GPU_SM_DB
[STATUS]: exporting GPUNetIO QP resource=0 lane=6 server=4 qpn=2550 gpu_pci=0000:5C:00.0 ibdev=mlx5_0 handler=GPU_SM_DB
[STATUS]: exporting GPUNetIO QP resource=0 lane=7 server=0 qpn=2551 gpu_pci=0000:5C:00.0 ibdev=mlx5_0 handler=GPU_SM_DB
[STATUS]: exporting GPUNetIO QP resource=0 lane=7 server=1 qpn=2552 gpu_pci=0000:5C:00.0 ibdev=mlx5_0 handler=GPU_SM_DB
[STATUS]: exporting GPUNetIO QP resource=0 lane=7 server=2 qpn=2553 gpu_pci=0000:5C:00.0 ibdev=mlx5_0 handler=GPU_SM_DB
[STATUS]: exporting GPUNetIO QP resource=0 lane=7 server=3 qpn=2554 gpu_pci=0000:5C:00.0 ibdev=mlx5_0 handler=GPU_SM_DB
[STATUS]: exporting GPUNetIO QP resource=0 lane=7 server=4 qpn=2555 gpu_pci=0000:5C:00.0 ibdev=mlx5_0 handler=GPU_SM_DB
[STATUS]: exporting GPUNetIO QP resource=0 lane=8 server=0 qpn=2556 gpu_pci=0000:5C:00.0 ibdev=mlx5_0 handler=GPU_SM_DB
[STATUS]: exporting GPUNetIO QP resource=0 lane=8 server=1 qpn=2557 gpu_pci=0000:5C:00.0 ibdev=mlx5_0 handler=GPU_SM_DB
[STATUS]: exporting GPUNetIO QP resource=0 lane=8 server=2 qpn=2558 gpu_pci=0000:5C:00.0 ibdev=mlx5_0 handler=GPU_SM_DB
[STATUS]: exporting GPUNetIO QP resource=0 lane=8 server=3 qpn=2559 gpu_pci=0000:5C:00.0 ibdev=mlx5_0 handler=GPU_SM_DB
[STATUS]: exporting GPUNetIO QP resource=0 lane=8 server=4 qpn=2560 gpu_pci=0000:5C:00.0 ibdev=mlx5_0 handler=GPU_SM_DB
[STATUS]: exporting GPUNetIO QP resource=0 lane=9 server=0 qpn=2561 gpu_pci=0000:5C:00.0 ibdev=mlx5_0 handler=GPU_SM_DB
[STATUS]: exporting GPUNetIO QP resource=0 lane=9 server=1 qpn=2562 gpu_pci=0000:5C:00.0 ibdev=mlx5_0 handler=GPU_SM_DB
[STATUS]: exporting GPUNetIO QP resource=0 lane=9 server=2 qpn=2563 gpu_pci=0000:5C:00.0 ibdev=mlx5_0 handler=GPU_SM_DB
[STATUS]: exporting GPUNetIO QP resource=0 lane=9 server=3 qpn=2564 gpu_pci=0000:5C:00.0 ibdev=mlx5_0 handler=GPU_SM_DB
[STATUS]: exporting GPUNetIO QP resource=0 lane=9 server=4 qpn=2565 gpu_pci=0000:5C:00.0 ibdev=mlx5_0 handler=GPU_SM_DB
[STATUS]: exporting GPUNetIO QP resource=0 lane=10 server=0 qpn=2566 gpu_pci=0000:5C:00.0 ibdev=mlx5_0 handler=GPU_SM_DB
[STATUS]: exporting GPUNetIO QP resource=0 lane=10 server=1 qpn=2567 gpu_pci=0000:5C:00.0 ibdev=mlx5_0 handler=GPU_SM_DB
[STATUS]: exporting GPUNetIO QP resource=0 lane=10 server=2 qpn=2568 gpu_pci=0000:5C:00.0 ibdev=mlx5_0 handler=GPU_SM_DB
[STATUS]: exporting GPUNetIO QP resource=0 lane=10 server=3 qpn=2569 gpu_pci=0000:5C:00.0 ibdev=mlx5_0 handler=GPU_SM_DB
[STATUS]: exporting GPUNetIO QP resource=0 lane=10 server=4 qpn=2570 gpu_pci=0000:5C:00.0 ibdev=mlx5_0 handler=GPU_SM_DB
[STATUS]: exporting GPUNetIO QP resource=0 lane=11 server=0 qpn=2571 gpu_pci=0000:5C:00.0 ibdev=mlx5_0 handler=GPU_SM_DB
[STATUS]: exporting GPUNetIO QP resource=0 lane=11 server=1 qpn=2572 gpu_pci=0000:5C:00.0 ibdev=mlx5_0 handler=GPU_SM_DB
[STATUS]: exporting GPUNetIO QP resource=0 lane=11 server=2 qpn=2573 gpu_pci=0000:5C:00.0 ibdev=mlx5_0 handler=GPU_SM_DB
[STATUS]: exporting GPUNetIO QP resource=0 lane=11 server=3 qpn=2574 gpu_pci=0000:5C:00.0 ibdev=mlx5_0 handler=GPU_SM_DB
[STATUS]: exporting GPUNetIO QP resource=0 lane=11 server=4 qpn=2575 gpu_pci=0000:5C:00.0 ibdev=mlx5_0 handler=GPU_SM_DB
[STATUS]: exporting GPUNetIO QP resource=0 lane=12 server=0 qpn=2576 gpu_pci=0000:5C:00.0 ibdev=mlx5_0 handler=GPU_SM_DB
[STATUS]: exporting GPUNetIO QP resource=0 lane=12 server=1 qpn=2577 gpu_pci=0000:5C:00.0 ibdev=mlx5_0 handler=GPU_SM_DB
[STATUS]: exporting GPUNetIO QP resource=0 lane=12 server=2 qpn=2578 gpu_pci=0000:5C:00.0 ibdev=mlx5_0 handler=GPU_SM_DB
[STATUS]: exporting GPUNetIO QP resource=0 lane=12 server=3 qpn=2579 gpu_pci=0000:5C:00.0 ibdev=mlx5_0 handler=GPU_SM_DB
[STATUS]: exporting GPUNetIO QP resource=0 lane=12 server=4 qpn=2580 gpu_pci=0000:5C:00.0 ibdev=mlx5_0 handler=GPU_SM_DB
[STATUS]: exporting GPUNetIO QP resource=0 lane=13 server=0 qpn=2581 gpu_pci=0000:5C:00.0 ibdev=mlx5_0 handler=GPU_SM_DB
[STATUS]: exporting GPUNetIO QP resource=0 lane=13 server=1 qpn=2582 gpu_pci=0000:5C:00.0 ibdev=mlx5_0 handler=GPU_SM_DB
[STATUS]: exporting GPUNetIO QP resource=0 lane=13 server=2 qpn=2583 gpu_pci=0000:5C:00.0 ibdev=mlx5_0 handler=GPU_SM_DB
[STATUS]: exporting GPUNetIO QP resource=0 lane=13 server=3 qpn=2584 gpu_pci=0000:5C:00.0 ibdev=mlx5_0 handler=GPU_SM_DB
[STATUS]: exporting GPUNetIO QP resource=0 lane=13 server=4 qpn=2585 gpu_pci=0000:5C:00.0 ibdev=mlx5_0 handler=GPU_SM_DB
[STATUS]: exporting GPUNetIO QP resource=0 lane=14 server=0 qpn=2586 gpu_pci=0000:5C:00.0 ibdev=mlx5_0 handler=GPU_SM_DB
[STATUS]: exporting GPUNetIO QP resource=0 lane=14 server=1 qpn=2587 gpu_pci=0000:5C:00.0 ibdev=mlx5_0 handler=GPU_SM_DB
[STATUS]: exporting GPUNetIO QP resource=0 lane=14 server=2 qpn=2588 gpu_pci=0000:5C:00.0 ibdev=mlx5_0 handler=GPU_SM_DB
[STATUS]: exporting GPUNetIO QP resource=0 lane=14 server=3 qpn=2589 gpu_pci=0000:5C:00.0 ibdev=mlx5_0 handler=GPU_SM_DB
[STATUS]: exporting GPUNetIO QP resource=0 lane=14 server=4 qpn=2590 gpu_pci=0000:5C:00.0 ibdev=mlx5_0 handler=GPU_SM_DB
[STATUS]: exporting GPUNetIO QP resource=0 lane=15 server=0 qpn=2591 gpu_pci=0000:5C:00.0 ibdev=mlx5_0 handler=GPU_SM_DB
[STATUS]: exporting GPUNetIO QP resource=0 lane=15 server=1 qpn=2592 gpu_pci=0000:5C:00.0 ibdev=mlx5_0 handler=GPU_SM_DB
[STATUS]: exporting GPUNetIO QP resource=0 lane=15 server=2 qpn=2593 gpu_pci=0000:5C:00.0 ibdev=mlx5_0 handler=GPU_SM_DB
[STATUS]: exporting GPUNetIO QP resource=0 lane=15 server=3 qpn=2594 gpu_pci=0000:5C:00.0 ibdev=mlx5_0 handler=GPU_SM_DB
[STATUS]: exporting GPUNetIO QP resource=0 lane=15 server=4 qpn=2595 gpu_pci=0000:5C:00.0 ibdev=mlx5_0 handler=GPU_SM_DB
[STATUS]: exporting GPUNetIO QP resource=0 lane=16 server=0 qpn=2596 gpu_pci=0000:5C:00.0 ibdev=mlx5_0 handler=GPU_SM_DB
[STATUS]: exporting GPUNetIO QP resource=0 lane=16 server=1 qpn=2597 gpu_pci=0000:5C:00.0 ibdev=mlx5_0 handler=GPU_SM_DB
[STATUS]: exporting GPUNetIO QP resource=0 lane=16 server=2 qpn=2598 gpu_pci=0000:5C:00.0 ibdev=mlx5_0 handler=GPU_SM_DB
[STATUS]: exporting GPUNetIO QP resource=0 lane=16 server=3 qpn=2599 gpu_pci=0000:5C:00.0 ibdev=mlx5_0 handler=GPU_SM_DB
[STATUS]: exporting GPUNetIO QP resource=0 lane=16 server=4 qpn=2600 gpu_pci=0000:5C:00.0 ibdev=mlx5_0 handler=GPU_SM_DB
[STATUS]: exporting GPUNetIO QP resource=0 lane=17 server=0 qpn=2601 gpu_pci=0000:5C:00.0 ibdev=mlx5_0 handler=GPU_SM_DB
[STATUS]: exporting GPUNetIO QP resource=0 lane=17 server=1 qpn=2602 gpu_pci=0000:5C:00.0 ibdev=mlx5_0 handler=GPU_SM_DB
[STATUS]: exporting GPUNetIO QP resource=0 lane=17 server=2 qpn=2603 gpu_pci=0000:5C:00.0 ibdev=mlx5_0 handler=GPU_SM_DB
[STATUS]: exporting GPUNetIO QP resource=0 lane=17 server=3 qpn=2604 gpu_pci=0000:5C:00.0 ibdev=mlx5_0 handler=GPU_SM_DB
[STATUS]: exporting GPUNetIO QP resource=0 lane=17 server=4 qpn=2605 gpu_pci=0000:5C:00.0 ibdev=mlx5_0 handler=GPU_SM_DB
[STATUS]: exporting GPUNetIO QP resource=0 lane=18 server=0 qpn=2606 gpu_pci=0000:5C:00.0 ibdev=mlx5_0 handler=GPU_SM_DB
[STATUS]: exporting GPUNetIO QP resource=0 lane=18 server=1 qpn=2607 gpu_pci=0000:5C:00.0 ibdev=mlx5_0 handler=GPU_SM_DB
[STATUS]: exporting GPUNetIO QP resource=0 lane=18 server=2 qpn=2608 gpu_pci=0000:5C:00.0 ibdev=mlx5_0 handler=GPU_SM_DB
[STATUS]: exporting GPUNetIO QP resource=0 lane=18 server=3 qpn=2609 gpu_pci=0000:5C:00.0 ibdev=mlx5_0 handler=GPU_SM_DB
[STATUS]: exporting GPUNetIO QP resource=0 lane=18 server=4 qpn=2610 gpu_pci=0000:5C:00.0 ibdev=mlx5_0 handler=GPU_SM_DB
[STATUS]: exporting GPUNetIO QP resource=0 lane=19 server=0 qpn=2611 gpu_pci=0000:5C:00.0 ibdev=mlx5_0 handler=GPU_SM_DB
[STATUS]: exporting GPUNetIO QP resource=0 lane=19 server=1 qpn=2612 gpu_pci=0000:5C:00.0 ibdev=mlx5_0 handler=GPU_SM_DB
[STATUS]: exporting GPUNetIO QP resource=0 lane=19 server=2 qpn=2613 gpu_pci=0000:5C:00.0 ibdev=mlx5_0 handler=GPU_SM_DB
[STATUS]: exporting GPUNetIO QP resource=0 lane=19 server=3 qpn=2614 gpu_pci=0000:5C:00.0 ibdev=mlx5_0 handler=GPU_SM_DB
[STATUS]: exporting GPUNetIO QP resource=0 lane=19 server=4 qpn=2615 gpu_pci=0000:5C:00.0 ibdev=mlx5_0 handler=GPU_SM_DB
[STATUS]: exporting GPUNetIO QP resource=0 lane=20 server=0 qpn=2616 gpu_pci=0000:5C:00.0 ibdev=mlx5_0 handler=GPU_SM_DB
[STATUS]: exporting GPUNetIO QP resource=0 lane=20 server=1 qpn=2617 gpu_pci=0000:5C:00.0 ibdev=mlx5_0 handler=GPU_SM_DB
[STATUS]: exporting GPUNetIO QP resource=0 lane=20 server=2 qpn=2618 gpu_pci=0000:5C:00.0 ibdev=mlx5_0 handler=GPU_SM_DB
[STATUS]: exporting GPUNetIO QP resource=0 lane=20 server=3 qpn=2619 gpu_pci=0000:5C:00.0 ibdev=mlx5_0 handler=GPU_SM_DB
[STATUS]: exporting GPUNetIO QP resource=0 lane=20 server=4 qpn=2620 gpu_pci=0000:5C:00.0 ibdev=mlx5_0 handler=GPU_SM_DB
[STATUS]: exporting GPUNetIO QP resource=0 lane=21 server=0 qpn=2621 gpu_pci=0000:5C:00.0 ibdev=mlx5_0 handler=GPU_SM_DB
[STATUS]: exporting GPUNetIO QP resource=0 lane=21 server=1 qpn=2622 gpu_pci=0000:5C:00.0 ibdev=mlx5_0 handler=GPU_SM_DB
[STATUS]: exporting GPUNetIO QP resource=0 lane=21 server=2 qpn=2623 gpu_pci=0000:5C:00.0 ibdev=mlx5_0 handler=GPU_SM_DB
[STATUS]: exporting GPUNetIO QP resource=0 lane=21 server=3 qpn=2624 gpu_pci=0000:5C:00.0 ibdev=mlx5_0 handler=GPU_SM_DB
[STATUS]: exporting GPUNetIO QP resource=0 lane=21 server=4 qpn=2625 gpu_pci=0000:5C:00.0 ibdev=mlx5_0 handler=GPU_SM_DB
[STATUS]: exporting GPUNetIO QP resource=0 lane=22 server=0 qpn=2626 gpu_pci=0000:5C:00.0 ibdev=mlx5_0 handler=GPU_SM_DB
[STATUS]: exporting GPUNetIO QP resource=0 lane=22 server=1 qpn=2627 gpu_pci=0000:5C:00.0 ibdev=mlx5_0 handler=GPU_SM_DB
[STATUS]: exporting GPUNetIO QP resource=0 lane=22 server=2 qpn=2628 gpu_pci=0000:5C:00.0 ibdev=mlx5_0 handler=GPU_SM_DB
[STATUS]: exporting GPUNetIO QP resource=0 lane=22 server=3 qpn=2629 gpu_pci=0000:5C:00.0 ibdev=mlx5_0 handler=GPU_SM_DB
[STATUS]: exporting GPUNetIO QP resource=0 lane=22 server=4 qpn=2630 gpu_pci=0000:5C:00.0 ibdev=mlx5_0 handler=GPU_SM_DB
[STATUS]: exporting GPUNetIO QP resource=0 lane=23 server=0 qpn=2631 gpu_pci=0000:5C:00.0 ibdev=mlx5_0 handler=GPU_SM_DB
[STATUS]: exporting GPUNetIO QP resource=0 lane=23 server=1 qpn=2632 gpu_pci=0000:5C:00.0 ibdev=mlx5_0 handler=GPU_SM_DB
[STATUS]: exporting GPUNetIO QP resource=0 lane=23 server=2 qpn=2633 gpu_pci=0000:5C:00.0 ibdev=mlx5_0 handler=GPU_SM_DB
[STATUS]: exporting GPUNetIO QP resource=0 lane=23 server=3 qpn=2634 gpu_pci=0000:5C:00.0 ibdev=mlx5_0 handler=GPU_SM_DB
[STATUS]: exporting GPUNetIO QP resource=0 lane=23 server=4 qpn=2635 gpu_pci=0000:5C:00.0 ibdev=mlx5_0 handler=GPU_SM_DB
[STATUS]: exporting GPUNetIO QP resource=0 lane=24 server=0 qpn=2636 gpu_pci=0000:5C:00.0 ibdev=mlx5_0 handler=GPU_SM_DB
[STATUS]: exporting GPUNetIO QP resource=0 lane=24 server=1 qpn=2637 gpu_pci=0000:5C:00.0 ibdev=mlx5_0 handler=GPU_SM_DB
[STATUS]: exporting GPUNetIO QP resource=0 lane=24 server=2 qpn=2638 gpu_pci=0000:5C:00.0 ibdev=mlx5_0 handler=GPU_SM_DB
[STATUS]: exporting GPUNetIO QP resource=0 lane=24 server=3 qpn=2639 gpu_pci=0000:5C:00.0 ibdev=mlx5_0 handler=GPU_SM_DB
[STATUS]: exporting GPUNetIO QP resource=0 lane=24 server=4 qpn=2640 gpu_pci=0000:5C:00.0 ibdev=mlx5_0 handler=GPU_SM_DB
[STATUS]: exporting GPUNetIO QP resource=0 lane=25 server=0 qpn=2641 gpu_pci=0000:5C:00.0 ibdev=mlx5_0 handler=GPU_SM_DB
[STATUS]: exporting GPUNetIO QP resource=0 lane=25 server=1 qpn=2642 gpu_pci=0000:5C:00.0 ibdev=mlx5_0 handler=GPU_SM_DB
[STATUS]: exporting GPUNetIO QP resource=0 lane=25 server=2 qpn=2643 gpu_pci=0000:5C:00.0 ibdev=mlx5_0 handler=GPU_SM_DB
[STATUS]: exporting GPUNetIO QP resource=0 lane=25 server=3 qpn=2644 gpu_pci=0000:5C:00.0 ibdev=mlx5_0 handler=GPU_SM_DB
[STATUS]: exporting GPUNetIO QP resource=0 lane=25 server=4 qpn=2645 gpu_pci=0000:5C:00.0 ibdev=mlx5_0 handler=GPU_SM_DB
[STATUS]: exporting GPUNetIO QP resource=0 lane=26 server=0 qpn=2646 gpu_pci=0000:5C:00.0 ibdev=mlx5_0 handler=GPU_SM_DB
[STATUS]: exporting GPUNetIO QP resource=0 lane=26 server=1 qpn=2647 gpu_pci=0000:5C:00.0 ibdev=mlx5_0 handler=GPU_SM_DB
[STATUS]: exporting GPUNetIO QP resource=0 lane=26 server=2 qpn=2648 gpu_pci=0000:5C:00.0 ibdev=mlx5_0 handler=GPU_SM_DB
[STATUS]: exporting GPUNetIO QP resource=0 lane=26 server=3 qpn=2649 gpu_pci=0000:5C:00.0 ibdev=mlx5_0 handler=GPU_SM_DB
[STATUS]: exporting GPUNetIO QP resource=0 lane=26 server=4 qpn=2650 gpu_pci=0000:5C:00.0 ibdev=mlx5_0 handler=GPU_SM_DB
[STATUS]: exporting GPUNetIO QP resource=0 lane=27 server=0 qpn=2651 gpu_pci=0000:5C:00.0 ibdev=mlx5_0 handler=GPU_SM_DB
[STATUS]: exporting GPUNetIO QP resource=0 lane=27 server=1 qpn=2652 gpu_pci=0000:5C:00.0 ibdev=mlx5_0 handler=GPU_SM_DB
[STATUS]: exporting GPUNetIO QP resource=0 lane=27 server=2 qpn=2653 gpu_pci=0000:5C:00.0 ibdev=mlx5_0 handler=GPU_SM_DB
[STATUS]: exporting GPUNetIO QP resource=0 lane=27 server=3 qpn=2654 gpu_pci=0000:5C:00.0 ibdev=mlx5_0 handler=GPU_SM_DB
[STATUS]: exporting GPUNetIO QP resource=0 lane=27 server=4 qpn=2655 gpu_pci=0000:5C:00.0 ibdev=mlx5_0 handler=GPU_SM_DB
[STATUS]: exporting GPUNetIO QP resource=0 lane=28 server=0 qpn=2656 gpu_pci=0000:5C:00.0 ibdev=mlx5_0 handler=GPU_SM_DB
[STATUS]: exporting GPUNetIO QP resource=0 lane=28 server=1 qpn=2657 gpu_pci=0000:5C:00.0 ibdev=mlx5_0 handler=GPU_SM_DB
[STATUS]: exporting GPUNetIO QP resource=0 lane=28 server=2 qpn=2658 gpu_pci=0000:5C:00.0 ibdev=mlx5_0 handler=GPU_SM_DB
[STATUS]: exporting GPUNetIO QP resource=0 lane=28 server=3 qpn=2659 gpu_pci=0000:5C:00.0 ibdev=mlx5_0 handler=GPU_SM_DB
[STATUS]: exporting GPUNetIO QP resource=0 lane=28 server=4 qpn=2660 gpu_pci=0000:5C:00.0 ibdev=mlx5_0 handler=GPU_SM_DB
[STATUS]: exporting GPUNetIO QP resource=0 lane=29 server=0 qpn=2661 gpu_pci=0000:5C:00.0 ibdev=mlx5_0 handler=GPU_SM_DB
[STATUS]: exporting GPUNetIO QP resource=0 lane=29 server=1 qpn=2662 gpu_pci=0000:5C:00.0 ibdev=mlx5_0 handler=GPU_SM_DB
[STATUS]: exporting GPUNetIO QP resource=0 lane=29 server=2 qpn=2663 gpu_pci=0000:5C:00.0 ibdev=mlx5_0 handler=GPU_SM_DB
[STATUS]: exporting GPUNetIO QP resource=0 lane=29 server=3 qpn=2664 gpu_pci=0000:5C:00.0 ibdev=mlx5_0 handler=GPU_SM_DB
[STATUS]: exporting GPUNetIO QP resource=0 lane=29 server=4 qpn=2665 gpu_pci=0000:5C:00.0 ibdev=mlx5_0 handler=GPU_SM_DB
[STATUS]: exporting GPUNetIO QP resource=0 lane=30 server=0 qpn=2666 gpu_pci=0000:5C:00.0 ibdev=mlx5_0 handler=GPU_SM_DB
[STATUS]: exporting GPUNetIO QP resource=0 lane=30 server=1 qpn=2667 gpu_pci=0000:5C:00.0 ibdev=mlx5_0 handler=GPU_SM_DB
[STATUS]: exporting GPUNetIO QP resource=0 lane=30 server=2 qpn=2668 gpu_pci=0000:5C:00.0 ibdev=mlx5_0 handler=GPU_SM_DB
[STATUS]: exporting GPUNetIO QP resource=0 lane=30 server=3 qpn=2669 gpu_pci=0000:5C:00.0 ibdev=mlx5_0 handler=GPU_SM_DB
[STATUS]: exporting GPUNetIO QP resource=0 lane=30 server=4 qpn=2670 gpu_pci=0000:5C:00.0 ibdev=mlx5_0 handler=GPU_SM_DB
[STATUS]: exporting GPUNetIO QP resource=0 lane=31 server=0 qpn=2671 gpu_pci=0000:5C:00.0 ibdev=mlx5_0 handler=GPU_SM_DB
[STATUS]: exporting GPUNetIO QP resource=0 lane=31 server=1 qpn=2672 gpu_pci=0000:5C:00.0 ibdev=mlx5_0 handler=GPU_SM_DB
[STATUS]: exporting GPUNetIO QP resource=0 lane=31 server=2 qpn=2673 gpu_pci=0000:5C:00.0 ibdev=mlx5_0 handler=GPU_SM_DB
[STATUS]: exporting GPUNetIO QP resource=0 lane=31 server=3 qpn=2674 gpu_pci=0000:5C:00.0 ibdev=mlx5_0 handler=GPU_SM_DB
[STATUS]: exporting GPUNetIO QP resource=0 lane=31 server=4 qpn=2675 gpu_pci=0000:5C:00.0 ibdev=mlx5_0 handler=GPU_SM_DB
[STATUS]: GPUNetIO GPU MR registration=peer_memory bytes=3248422912
[STATUS]: GPUNetIO startup RDMA read probe passed for 160 QPs
[STATUS]: GPUNetIO RDMA Read implementation=manual_wqe_locked
1 device(s) found
Selected device: mlx5_0
Selected port state: 4, lid: 1
pairing: 2676 -- 68477
pairing: 2677 -- 68482
pairing: 2678 -- 68483
pairing: 2679 -- 68484
pairing: 2680 -- 68485
pairing: 2681 -- 68486
pairing: 2682 -- 68487
pairing: 2683 -- 68488
pairing: 2684 -- 68489
pairing: 2685 -- 68490
pairing: 2686 -- 68491
pairing: 2687 -- 68492
pairing: 2688 -- 68493
pairing: 2689 -- 68494
pairing: 2690 -- 68495
pairing: 2691 -- 68496
pairing: 2692 -- 68497
pairing: 2693 -- 68498
pairing: 2694 -- 68499
pairing: 2695 -- 68500
pairing: 2696 -- 68501
pairing: 2697 -- 68502
pairing: 2698 -- 68503
pairing: 2699 -- 68504
pairing: 2700 -- 68505
pairing: 2701 -- 68506
pairing: 2702 -- 68507
pairing: 2703 -- 68508
pairing: 2704 -- 68509
pairing: 2705 -- 68510
pairing: 2706 -- 68511
pairing: 2707 -- 68512
pairing: 2708 -- 68478
pairing: 2709 -- 68513
pairing: 2710 -- 68514
pairing: 2711 -- 68515
pairing: 2712 -- 68516
pairing: 2713 -- 68517
pairing: 2714 -- 68518
pairing: 2715 -- 68519
pairing: 2716 -- 68520
pairing: 2717 -- 68521
pairing: 2718 -- 68522
pairing: 2719 -- 68523
pairing: 2720 -- 68524
pairing: 2721 -- 68525
pairing: 2722 -- 68526
pairing: 2723 -- 68527
pairing: 2724 -- 68528
pairing: 2725 -- 68529
pairing: 2726 -- 68530
pairing: 2727 -- 68531
pairing: 2728 -- 68532
pairing: 2729 -- 68533
pairing: 2730 -- 68534
pairing: 2731 -- 68535
pairing: 2732 -- 68536
pairing: 2733 -- 68537
pairing: 2734 -- 68538
pairing: 2735 -- 68539
pairing: 2736 -- 68540
pairing: 2737 -- 68541
pairing: 2738 -- 68542
pairing: 2739 -- 68543
pairing: 2740 -- 68479
pairing: 2741 -- 68544
pairing: 2742 -- 68545
pairing: 2743 -- 68546
pairing: 2744 -- 68547
pairing: 2745 -- 68548
pairing: 2746 -- 68549
pairing: 2747 -- 68550
pairing: 2748 -- 68551
pairing: 2749 -- 68552
pairing: 2750 -- 68553
pairing: 2751 -- 68554
pairing: 2752 -- 68555
pairing: 2753 -- 68556
pairing: 2754 -- 68557
pairing: 2755 -- 68558
pairing: 2756 -- 68559
pairing: 2757 -- 68560
pairing: 2758 -- 68561
pairing: 2759 -- 68562
pairing: 2760 -- 68563
pairing: 2761 -- 68564
pairing: 2762 -- 68565
pairing: 2763 -- 68566
pairing: 2764 -- 68567
pairing: 2765 -- 68568
pairing: 2766 -- 68569
pairing: 2767 -- 68570
pairing: 2768 -- 68571
pairing: 2769 -- 68572
pairing: 2770 -- 68573
pairing: 2771 -- 68574
pairing: 2772 -- 68480
pairing: 2773 -- 68575
pairing: 2774 -- 68576
pairing: 2775 -- 68577
pairing: 2776 -- 68578
pairing: 2777 -- 68579
pairing: 2778 -- 68580
pairing: 2779 -- 68581
pairing: 2780 -- 68582
pairing: 2781 -- 68583
pairing: 2782 -- 68584
pairing: 2783 -- 68585
pairing: 2784 -- 68586
pairing: 2785 -- 68587
pairing: 2786 -- 68588
pairing: 2787 -- 68589
pairing: 2788 -- 68590
pairing: 2789 -- 68591
pairing: 2790 -- 68592
pairing: 2791 -- 68593
pairing: 2792 -- 68594
pairing: 2793 -- 68595
pairing: 2794 -- 68596
pairing: 2795 -- 68597
pairing: 2796 -- 68598
pairing: 2797 -- 68599
pairing: 2798 -- 68600
pairing: 2799 -- 68601
pairing: 2800 -- 68602
pairing: 2801 -- 68603
pairing: 2802 -- 68604
pairing: 2803 -- 68605
pairing: 2804 -- 68481
pairing: 2805 -- 68606
pairing: 2806 -- 68607
pairing: 2807 -- 68608
pairing: 2808 -- 68609
pairing: 2809 -- 68610
pairing: 2810 -- 68611
pairing: 2811 -- 68612
pairing: 2812 -- 68613
pairing: 2813 -- 68614
pairing: 2814 -- 68615
pairing: 2815 -- 68616
pairing: 2816 -- 68617
pairing: 2817 -- 68618
pairing: 2818 -- 68619
pairing: 2819 -- 68620
pairing: 2820 -- 68621
pairing: 2821 -- 68622
pairing: 2822 -- 68623
pairing: 2823 -- 68624
pairing: 2824 -- 68625
pairing: 2825 -- 68626
pairing: 2826 -- 68627
pairing: 2827 -- 68628
pairing: 2828 -- 68629
pairing: 2829 -- 68630
pairing: 2830 -- 68631
pairing: 2831 -- 68632
pairing: 2832 -- 68633
pairing: 2833 -- 68634
pairing: 2834 -- 68635
pairing: 2835 -- 68636
[gpu-search] bootstrap=CPU-posted GPUDirect RDMA; queries=strict GPU-initiated GPUNetIO
[gpu-search] streamed 3200000000 PQ bytes directly into final GPU storage; ordinal audit passed for 15 entries
[gpu-search] persistent occupancy candidate threads=128 hardware_blocks_per_sm=3 configured_cap=4 effective_blocks_per_sm=3 grid_capacity=324 owner_blocks=40 query_blocks=256 resident_query_warps=1024 selected=true
[gpu-search] persistent occupancy candidate threads=256 hardware_blocks_per_sm=1 configured_cap=4 effective_blocks_per_sm=1 grid_capacity=108 owner_blocks=20 query_blocks=86 resident_query_warps=688 selected=false
[gpu-search] persistent kernel resources registers/thread=166 static_shared_bytes=49112 max_threads/block=128
[gpu-search] unified persistent CTAs=40-owner+256-query+1-dispatch+1-control QP-owner-warps=160 threads/CTA=128 query_slots=256 resident_capacity=324 launched=298
[STATUS]: query engine: persistent GPU + GPUNetIO slots=256
[STATUS]: storage-owner update cores: progress=28 response=0
[STATUS]: storage-owner acknowledgement=query-visible stage1 graph publication; submission=bounded authority rings; batching=authority-wide; progress=single work-conserving executor
[breakdown] mixed fixed thread split: reads=256, writes=256
[breakdown] preparing workload: bootstrap_count=131072, workload=mixed
[breakdown] insert-file vectors: count=10000000 dim=128 dtype=uint8
[breakdown] bootstrap vectors ready (synthetic)
[breakdown] recall query data ready: count=10000 dtype=uint8 vector_bytes=128
[breakdown] performance query data ready: count=10000000 dtype=uint8 vector_bytes=128 policy=single_pass_no_reuse
[gpu-search] slow query e2e_us=29572 gpu_us=3556 prepare_us=126 graph_us=1459 score_us=510 beam_us=992 exact_us=309 beam_select_us=0 rdma_issue_us=158 rdma_wait_us=622 graph_validation_us=567 neighbor_decode_us=91 pq_score_us=283 visited_us=134 beam_merge_us=992 graph_reads=196 graph_rereads=0 graph_bytes=163072 graph_extent_reads=0 graph_full_reads=196 graph_extent_fallbacks=0 graph_extent_underhints=0 graph_extent_promotions=0 dynamic_graph_short_reads=0 dynamic_graph_full_reads=0 dynamic_graph_bytes=0 dynamic_graph_fallbacks=0 dynamic_graph_promotions=0 dynamic_graph_demotions=0 logical_expansions=196 critical_graph_reads=196 speculative_graph_reads=0 speculative_promoted=0 speculative_stale=0 speculative_wasted_bytes=0 rdma_completion_latency_ns=3624960 rdma_completion_groups=75 issue_width_max=0 commit_width_max=16 critical_misses=196 certificate_rejects=0 graph_batches=15 graph_rounds=15 route_hits=0 exact_reads=128 exact_snapshot_trains=1 exact_snapshot_fallbacks=0 terminal_exact_cache_attempted=0 terminal_exact_cache_issued=0 terminal_exact_cache_promoted=0 terminal_exact_cache_misses=0 terminal_exact_cache_wasted_bytes=0 terminal_exact_cache_queue_rejects=0 dynamic_pq_reads=0 dynamic_pq_us=0 dynamic_pq_incarnation_rejects=0 dynamic_pq_arena_hits=0 dynamic_pq_batch_deduplicated=0
[gpu-search] slow query e2e_us=29748 gpu_us=3465 prepare_us=91 graph_us=1393 score_us=569 beam_us=935 exact_us=337 beam_select_us=0 rdma_issue_us=127 rdma_wait_us=599 graph_validation_us=550 neighbor_decode_us=98 pq_score_us=312 visited_us=158 beam_merge_us=935 graph_reads=170 graph_rereads=0 graph_bytes=141440 graph_extent_reads=0 graph_full_reads=170 graph_extent_fallbacks=0 graph_extent_underhints=0 graph_extent_promotions=0 dynamic_graph_short_reads=0 dynamic_graph_full_reads=0 dynamic_graph_bytes=0 dynamic_graph_fallbacks=0 dynamic_graph_promotions=0 dynamic_graph_demotions=0 logical_expansions=170 critical_graph_reads=170 speculative_graph_reads=0 speculative_promoted=0 speculative_stale=0 speculative_wasted_bytes=0 rdma_completion_latency_ns=3389440 rdma_completion_groups=60 issue_width_max=0 commit_width_max=16 critical_misses=170 certificate_rejects=0 graph_batches=14 graph_rounds=12 route_hits=0 exact_reads=128 exact_snapshot_trains=2 exact_snapshot_fallbacks=0 terminal_exact_cache_attempted=0 terminal_exact_cache_issued=0 terminal_exact_cache_promoted=0 terminal_exact_cache_misses=0 terminal_exact_cache_wasted_bytes=0 terminal_exact_cache_queue_rejects=0 dynamic_pq_reads=0 dynamic_pq_us=0 dynamic_pq_incarnation_rejects=0 dynamic_pq_arena_hits=0 dynamic_pq_batch_deduplicated=0
[gpu-search] slow query e2e_us=29934 gpu_us=3716 prepare_us=94 graph_us=1624 score_us=474 beam_us=954 exact_us=414 beam_select_us=0 rdma_issue_us=145 rdma_wait_us=746 graph_validation_us=642 neighbor_decode_us=94 pq_score_us=258 visited_us=122 beam_merge_us=954 graph_reads=189 graph_rereads=0 graph_bytes=157248 graph_extent_reads=0 graph_full_reads=189 graph_extent_fallbacks=0 graph_extent_underhints=0 graph_extent_promotions=0 dynamic_graph_short_reads=0 dynamic_graph_full_reads=0 dynamic_graph_bytes=0 dynamic_graph_fallbacks=0 dynamic_graph_promotions=0 dynamic_graph_demotions=0 logical_expansions=189 critical_graph_reads=189 speculative_graph_reads=0 speculative_promoted=0 speculative_stale=0 speculative_wasted_bytes=0 rdma_completion_latency_ns=4193280 rdma_completion_groups=75 issue_width_max=0 commit_width_max=16 critical_misses=189 certificate_rejects=0 graph_batches=15 graph_rounds=15 route_hits=0 exact_reads=128 exact_snapshot_trains=1 exact_snapshot_fallbacks=0 terminal_exact_cache_attempted=0 terminal_exact_cache_issued=0 terminal_exact_cache_promoted=0 terminal_exact_cache_misses=0 terminal_exact_cache_wasted_bytes=0 terminal_exact_cache_queue_rejects=0 dynamic_pq_reads=0 dynamic_pq_us=0 dynamic_pq_incarnation_rejects=0 dynamic_pq_arena_hits=0 dynamic_pq_batch_deduplicated=0
[gpu-search] slow query e2e_us=30048 gpu_us=3566 prepare_us=103 graph_us=1602 score_us=424 beam_us=925 exact_us=371 beam_select_us=0 rdma_issue_us=169 rdma_wait_us=748 graph_validation_us=541 neighbor_decode_us=81 pq_score_us=235 visited_us=107 beam_merge_us=925 graph_reads=206 graph_rereads=0 graph_bytes=171392 graph_extent_reads=0 graph_full_reads=206 graph_extent_fallbacks=0 graph_extent_underhints=0 graph_extent_promotions=0 dynamic_graph_short_reads=0 dynamic_graph_full_reads=0 dynamic_graph_bytes=0 dynamic_graph_fallbacks=0 dynamic_graph_promotions=0 dynamic_graph_demotions=0 logical_expansions=206 critical_graph_reads=206 speculative_graph_reads=0 speculative_promoted=0 speculative_stale=0 speculative_wasted_bytes=0 rdma_completion_latency_ns=4254720 rdma_completion_groups=70 issue_width_max=0 commit_width_max=16 critical_misses=206 certificate_rejects=0 graph_batches=22 graph_rounds=14 route_hits=0 exact_reads=128 exact_snapshot_trains=3 exact_snapshot_fallbacks=0 terminal_exact_cache_attempted=0 terminal_exact_cache_issued=0 terminal_exact_cache_promoted=0 terminal_exact_cache_misses=0 terminal_exact_cache_wasted_bytes=0 terminal_exact_cache_queue_rejects=0 dynamic_pq_reads=0 dynamic_pq_us=0 dynamic_pq_incarnation_rejects=0 dynamic_pq_arena_hits=0 dynamic_pq_batch_deduplicated=0
[gpu-search] slow query e2e_us=30284 gpu_us=3771 prepare_us=93 graph_us=1823 score_us=422 beam_us=869 exact_us=409 beam_select_us=0 rdma_issue_us=162 rdma_wait_us=806 graph_validation_us=699 neighbor_decode_us=90 pq_score_us=225 visited_us=106 beam_merge_us=869 graph_reads=197 graph_rereads=0 graph_bytes=163904 graph_extent_reads=0 graph_full_reads=197 graph_extent_fallbacks=0 graph_extent_underhints=0 graph_extent_promotions=0 dynamic_graph_short_reads=0 dynamic_graph_full_reads=0 dynamic_graph_bytes=0 dynamic_graph_fallbacks=0 dynamic_graph_promotions=0 dynamic_graph_demotions=0 logical_expansions=197 critical_graph_reads=197 speculative_graph_reads=0 speculative_promoted=0 speculative_stale=0 speculative_wasted_bytes=0 rdma_completion_latency_ns=4541440 rdma_completion_groups=70 issue_width_max=0 commit_width_max=16 critical_misses=197 certificate_rejects=0 graph_batches=14 graph_rounds=14 route_hits=0 exact_reads=128 exact_snapshot_trains=1 exact_snapshot_fallbacks=0 terminal_exact_cache_attempted=0 terminal_exact_cache_issued=0 terminal_exact_cache_promoted=0 terminal_exact_cache_misses=0 terminal_exact_cache_wasted_bytes=0 terminal_exact_cache_queue_rejects=0 dynamic_pq_reads=0 dynamic_pq_us=0 dynamic_pq_incarnation_rejects=0 dynamic_pq_arena_hits=0 dynamic_pq_batch_deduplicated=0
[gpu-search] slow query e2e_us=30197 gpu_us=3441 prepare_us=97 graph_us=1645 score_us=357 beam_us=847 exact_us=338 beam_select_us=0 rdma_issue_us=159 rdma_wait_us=772 graph_validation_us=596 neighbor_decode_us=74 pq_score_us=196 visited_us=87 beam_merge_us=847 graph_reads=189 graph_rereads=0 graph_bytes=157248 graph_extent_reads=0 graph_full_reads=189 graph_extent_fallbacks=0 graph_extent_underhints=0 graph_extent_promotions=0 dynamic_graph_short_reads=0 dynamic_graph_full_reads=0 dynamic_graph_bytes=0 dynamic_graph_fallbacks=0 dynamic_graph_promotions=0 dynamic_graph_demotions=0 logical_expansions=189 critical_graph_reads=189 speculative_graph_reads=0 speculative_promoted=0 speculative_stale=0 speculative_wasted_bytes=0 rdma_completion_latency_ns=4387840 rdma_completion_groups=75 issue_width_max=0 commit_width_max=16 critical_misses=189 certificate_rejects=0 graph_batches=18 graph_rounds=15 route_hits=0 exact_reads=128 exact_snapshot_trains=2 exact_snapshot_fallbacks=0 terminal_exact_cache_attempted=0 terminal_exact_cache_issued=0 terminal_exact_cache_promoted=0 terminal_exact_cache_misses=0 terminal_exact_cache_wasted_bytes=0 terminal_exact_cache_queue_rejects=0 dynamic_pq_reads=0 dynamic_pq_us=0 dynamic_pq_incarnation_rejects=0 dynamic_pq_arena_hits=0 dynamic_pq_batch_deduplicated=0
[gpu-search] slow query e2e_us=30563 gpu_us=3671 prepare_us=98 graph_us=1493 score_us=530 beam_us=968 exact_us=432 beam_select_us=0 rdma_issue_us=160 rdma_wait_us=689 graph_validation_us=500 neighbor_decode_us=89 pq_score_us=297 visited_us=143 beam_merge_us=968 graph_reads=191 graph_rereads=0 graph_bytes=158912 graph_extent_reads=0 graph_full_reads=191 graph_extent_fallbacks=0 graph_extent_underhints=0 graph_extent_promotions=0 dynamic_graph_short_reads=0 dynamic_graph_full_reads=0 dynamic_graph_bytes=0 dynamic_graph_fallbacks=0 dynamic_graph_promotions=0 dynamic_graph_demotions=0 logical_expansions=191 critical_graph_reads=191 speculative_graph_reads=0 speculative_promoted=0 speculative_stale=0 speculative_wasted_bytes=0 rdma_completion_latency_ns=3962880 rdma_completion_groups=70 issue_width_max=0 commit_width_max=16 critical_misses=191 certificate_rejects=0 graph_batches=35 graph_rounds=14 route_hits=0 exact_reads=128 exact_snapshot_trains=3 exact_snapshot_fallbacks=0 terminal_exact_cache_attempted=0 terminal_exact_cache_issued=0 terminal_exact_cache_promoted=0 terminal_exact_cache_misses=0 terminal_exact_cache_wasted_bytes=0 terminal_exact_cache_queue_rejects=0 dynamic_pq_reads=0 dynamic_pq_us=0 dynamic_pq_incarnation_rejects=0 dynamic_pq_arena_hits=0 dynamic_pq_batch_deduplicated=0
[gpu-search] slow query e2e_us=30740 gpu_us=3798 prepare_us=93 graph_us=1683 score_us=511 beam_us=973 exact_us=391 beam_select_us=0 rdma_issue_us=141 rdma_wait_us=718 graph_validation_us=696 neighbor_decode_us=101 pq_score_us=273 visited_us=137 beam_merge_us=973 graph_reads=194 graph_rereads=0 graph_bytes=161408 graph_extent_reads=0 graph_full_reads=194 graph_extent_fallbacks=0 graph_extent_underhints=0 graph_extent_promotions=0 dynamic_graph_short_reads=0 dynamic_graph_full_reads=0 dynamic_graph_bytes=0 dynamic_graph_fallbacks=0 dynamic_graph_promotions=0 dynamic_graph_demotions=0 logical_expansions=194 critical_graph_reads=194 speculative_graph_reads=0 speculative_promoted=0 speculative_stale=0 speculative_wasted_bytes=0 rdma_completion_latency_ns=4024320 rdma_completion_groups=65 issue_width_max=0 commit_width_max=16 critical_misses=194 certificate_rejects=0 graph_batches=13 graph_rounds=13 route_hits=0 exact_reads=128 exact_snapshot_trains=1 exact_snapshot_fallbacks=0 terminal_exact_cache_attempted=0 terminal_exact_cache_issued=0 terminal_exact_cache_promoted=0 terminal_exact_cache_misses=0 terminal_exact_cache_wasted_bytes=0 terminal_exact_cache_queue_rejects=0 dynamic_pq_reads=0 dynamic_pq_us=0 dynamic_pq_incarnation_rejects=0 dynamic_pq_arena_hits=0 dynamic_pq_batch_deduplicated=0
[gpu-search] slow query e2e_us=30937 gpu_us=3949 prepare_us=94 graph_us=1567 score_us=591 beam_us=1112 exact_us=422 beam_select_us=0 rdma_issue_us=153 rdma_wait_us=659 graph_validation_us=573 neighbor_decode_us=98 pq_score_us=349 visited_us=143 beam_merge_us=1112 graph_reads=197 graph_rereads=0 graph_bytes=163904 graph_extent_reads=0 graph_full_reads=197 graph_extent_fallbacks=0 graph_extent_underhints=0 graph_extent_promotions=0 dynamic_graph_short_reads=0 dynamic_graph_full_reads=0 dynamic_graph_bytes=0 dynamic_graph_fallbacks=0 dynamic_graph_promotions=0 dynamic_graph_demotions=0 logical_expansions=197 critical_graph_reads=197 speculative_graph_reads=0 speculative_promoted=0 speculative_stale=0 speculative_wasted_bytes=0 rdma_completion_latency_ns=3773440 rdma_completion_groups=70 issue_width_max=0 commit_width_max=16 critical_misses=197 certificate_rejects=0 graph_batches=14 graph_rounds=14 route_hits=0 exact_reads=128 exact_snapshot_trains=1 exact_snapshot_fallbacks=0 terminal_exact_cache_attempted=0 terminal_exact_cache_issued=0 terminal_exact_cache_promoted=0 terminal_exact_cache_misses=0 terminal_exact_cache_wasted_bytes=0 terminal_exact_cache_queue_rejects=0 dynamic_pq_reads=0 dynamic_pq_us=0 dynamic_pq_incarnation_rejects=0 dynamic_pq_arena_hits=0 dynamic_pq_batch_deduplicated=0
[gpu-search] slow query e2e_us=30789 gpu_us=3528 prepare_us=94 graph_us=1600 score_us=355 beam_us=870 exact_us=450 beam_select_us=0 rdma_issue_us=157 rdma_wait_us=718 graph_validation_us=604 neighbor_decode_us=73 pq_score_us=195 visited_us=85 beam_merge_us=870 graph_reads=179 graph_rereads=0 graph_bytes=148928 graph_extent_reads=0 graph_full_reads=179 graph_extent_fallbacks=0 graph_extent_underhints=0 graph_extent_promotions=0 dynamic_graph_short_reads=0 dynamic_graph_full_reads=0 dynamic_graph_bytes=0 dynamic_graph_fallbacks=0 dynamic_graph_promotions=0 dynamic_graph_demotions=0 logical_expansions=179 critical_graph_reads=179 speculative_graph_reads=0 speculative_promoted=0 speculative_stale=0 speculative_wasted_bytes=0 rdma_completion_latency_ns=4101120 rdma_completion_groups=70 issue_width_max=0 commit_width_max=16 critical_misses=179 certificate_rejects=0 graph_batches=14 graph_rounds=14 route_hits=0 exact_reads=128 exact_snapshot_trains=1 exact_snapshot_fallbacks=0 terminal_exact_cache_attempted=0 terminal_exact_cache_issued=0 terminal_exact_cache_promoted=0 terminal_exact_cache_misses=0 terminal_exact_cache_wasted_bytes=0 terminal_exact_cache_queue_rejects=0 dynamic_pq_reads=0 dynamic_pq_us=0 dynamic_pq_incarnation_rejects=0 dynamic_pq_arena_hits=0 dynamic_pq_batch_deduplicated=0
[gpu-search] slow query e2e_us=30999 gpu_us=3601 prepare_us=98 graph_us=1526 score_us=493 beam_us=907 exact_us=427 beam_select_us=0 rdma_issue_us=158 rdma_wait_us=679 graph_validation_us=545 neighbor_decode_us=94 pq_score_us=271 visited_us=127 beam_merge_us=907 graph_reads=191 graph_rereads=0 graph_bytes=158912 graph_extent_reads=0 graph_full_reads=191 graph_extent_fallbacks=0 graph_extent_underhints=0 graph_extent_promotions=0 dynamic_graph_short_reads=0 dynamic_graph_full_reads=0 dynamic_graph_bytes=0 dynamic_graph_fallbacks=0 dynamic_graph_promotions=0 dynamic_graph_demotions=0 logical_expansions=191 critical_graph_reads=191 speculative_graph_reads=0 speculative_promoted=0 speculative_stale=0 speculative_wasted_bytes=0 rdma_completion_latency_ns=3911680 rdma_completion_groups=70 issue_width_max=0 commit_width_max=16 critical_misses=191 certificate_rejects=0 graph_batches=14 graph_rounds=14 route_hits=0 exact_reads=128 exact_snapshot_trains=1 exact_snapshot_fallbacks=0 terminal_exact_cache_attempted=0 terminal_exact_cache_issued=0 terminal_exact_cache_promoted=0 terminal_exact_cache_misses=0 terminal_exact_cache_wasted_bytes=0 terminal_exact_cache_queue_rejects=0 dynamic_pq_reads=0 dynamic_pq_us=0 dynamic_pq_incarnation_rejects=0 dynamic_pq_arena_hits=0 dynamic_pq_batch_deduplicated=0
[gpu-search] slow query e2e_us=31074 gpu_us=3592 prepare_us=110 graph_us=1700 score_us=362 beam_us=852 exact_us=396 beam_select_us=0 rdma_issue_us=169 rdma_wait_us=713 graph_validation_us=682 neighbor_decode_us=79 pq_score_us=197 visited_us=85 beam_merge_us=852 graph_reads=198 graph_rereads=0 graph_bytes=164736 graph_extent_reads=0 graph_full_reads=198 graph_extent_fallbacks=0 graph_extent_underhints=0 graph_extent_promotions=0 dynamic_graph_short_reads=0 dynamic_graph_full_reads=0 dynamic_graph_bytes=0 dynamic_graph_fallbacks=0 dynamic_graph_promotions=0 dynamic_graph_demotions=0 logical_expansions=198 critical_graph_reads=198 speculative_graph_reads=0 speculative_promoted=0 speculative_stale=0 speculative_wasted_bytes=0 rdma_completion_latency_ns=4126720 rdma_completion_groups=75 issue_width_max=0 commit_width_max=16 critical_misses=198 certificate_rejects=0 graph_batches=15 graph_rounds=15 route_hits=0 exact_reads=128 exact_snapshot_trains=1 exact_snapshot_fallbacks=0 terminal_exact_cache_attempted=0 terminal_exact_cache_issued=0 terminal_exact_cache_promoted=0 terminal_exact_cache_misses=0 terminal_exact_cache_wasted_bytes=0 terminal_exact_cache_queue_rejects=0 dynamic_pq_reads=0 dynamic_pq_us=0 dynamic_pq_incarnation_rejects=0 dynamic_pq_arena_hits=0 dynamic_pq_batch_deduplicated=0
[gpu-search] slow query e2e_us=31528 gpu_us=3949 prepare_us=108 graph_us=1557 score_us=659 beam_us=1058 exact_us=400 beam_select_us=0 rdma_issue_us=152 rdma_wait_us=688 graph_validation_us=605 neighbor_decode_us=124 pq_score_us=372 visited_us=162 beam_merge_us=1058 graph_reads=190 graph_rereads=0 graph_bytes=158080 graph_extent_reads=0 graph_full_reads=190 graph_extent_fallbacks=0 graph_extent_underhints=0 graph_extent_promotions=0 dynamic_graph_short_reads=0 dynamic_graph_full_reads=0 dynamic_graph_bytes=0 dynamic_graph_fallbacks=0 dynamic_graph_promotions=0 dynamic_graph_demotions=0 logical_expansions=190 critical_graph_reads=190 speculative_graph_reads=0 speculative_promoted=0 speculative_stale=0 speculative_wasted_bytes=0 rdma_completion_latency_ns=3937280 rdma_completion_groups=70 issue_width_max=0 commit_width_max=16 critical_misses=190 certificate_rejects=0 graph_batches=17 graph_rounds=14 route_hits=0 exact_reads=128 exact_snapshot_trains=2 exact_snapshot_fallbacks=0 terminal_exact_cache_attempted=0 terminal_exact_cache_issued=0 terminal_exact_cache_promoted=0 terminal_exact_cache_misses=0 terminal_exact_cache_wasted_bytes=0 terminal_exact_cache_queue_rejects=0 dynamic_pq_reads=0 dynamic_pq_us=0 dynamic_pq_incarnation_rejects=0 dynamic_pq_arena_hits=0 dynamic_pq_batch_deduplicated=0
[gpu-search] slow query e2e_us=31174 gpu_us=3485 prepare_us=97 graph_us=1514 score_us=454 beam_us=871 exact_us=411 beam_select_us=0 rdma_issue_us=146 rdma_wait_us=725 graph_validation_us=516 neighbor_decode_us=83 pq_score_us=252 visited_us=118 beam_merge_us=871 graph_reads=184 graph_rereads=0 graph_bytes=153088 graph_extent_reads=0 graph_full_reads=184 graph_extent_fallbacks=0 graph_extent_underhints=0 graph_extent_promotions=0 dynamic_graph_short_reads=0 dynamic_graph_full_reads=0 dynamic_graph_bytes=0 dynamic_graph_fallbacks=0 dynamic_graph_promotions=0 dynamic_graph_demotions=0 logical_expansions=184 critical_graph_reads=184 speculative_graph_reads=0 speculative_promoted=0 speculative_stale=0 speculative_wasted_bytes=0 rdma_completion_latency_ns=4111360 rdma_completion_groups=65 issue_width_max=0 commit_width_max=16 critical_misses=184 certificate_rejects=0 graph_batches=15 graph_rounds=13 route_hits=0 exact_reads=128 exact_snapshot_trains=2 exact_snapshot_fallbacks=0 terminal_exact_cache_attempted=0 terminal_exact_cache_issued=0 terminal_exact_cache_promoted=0 terminal_exact_cache_misses=0 terminal_exact_cache_wasted_bytes=0 terminal_exact_cache_queue_rejects=0 dynamic_pq_reads=0 dynamic_pq_us=0 dynamic_pq_incarnation_rejects=0 dynamic_pq_arena_hits=0 dynamic_pq_batch_deduplicated=0
[gpu-search] slow query e2e_us=31646 gpu_us=3718 prepare_us=102 graph_us=1658 score_us=444 beam_us=908 exact_us=442 beam_select_us=0 rdma_issue_us=151 rdma_wait_us=684 graph_validation_us=704 neighbor_decode_us=107 pq_score_us=232 visited_us=104 beam_merge_us=908 graph_reads=167 graph_rereads=0 graph_bytes=138944 graph_extent_reads=0 graph_full_reads=167 graph_extent_fallbacks=0 graph_extent_underhints=0 graph_extent_promotions=0 dynamic_graph_short_reads=0 dynamic_graph_full_reads=0 dynamic_graph_bytes=0 dynamic_graph_fallbacks=0 dynamic_graph_promotions=0 dynamic_graph_demotions=0 logical_expansions=167 critical_graph_reads=167 speculative_graph_reads=0 speculative_promoted=0 speculative_stale=0 speculative_wasted_bytes=0 rdma_completion_latency_ns=3932160 rdma_completion_groups=70 issue_width_max=0 commit_width_max=16 critical_misses=167 certificate_rejects=0 graph_batches=19 graph_rounds=14 route_hits=0 exact_reads=128 exact_snapshot_trains=3 exact_snapshot_fallbacks=0 terminal_exact_cache_attempted=0 terminal_exact_cache_issued=0 terminal_exact_cache_promoted=0 terminal_exact_cache_misses=0 terminal_exact_cache_wasted_bytes=0 terminal_exact_cache_queue_rejects=0 dynamic_pq_reads=0 dynamic_pq_us=0 dynamic_pq_incarnation_rejects=0 dynamic_pq_arena_hits=0 dynamic_pq_batch_deduplicated=0
[gpu-search] slow query e2e_us=31568 gpu_us=3524 prepare_us=102 graph_us=1390 score_us=593 beam_us=885 exact_us=413 beam_select_us=0 rdma_issue_us=157 rdma_wait_us=627 graph_validation_us=504 neighbor_decode_us=104 pq_score_us=321 visited_us=167 beam_merge_us=885 graph_reads=175 graph_rereads=0 graph_bytes=145600 graph_extent_reads=0 graph_full_reads=175 graph_extent_fallbacks=0 graph_extent_underhints=0 graph_extent_promotions=0 dynamic_graph_short_reads=0 dynamic_graph_full_reads=0 dynamic_graph_bytes=0 dynamic_graph_fallbacks=0 dynamic_graph_promotions=0 dynamic_graph_demotions=0 logical_expansions=175 critical_graph_reads=175 speculative_graph_reads=0 speculative_promoted=0 speculative_stale=0 speculative_wasted_bytes=0 rdma_completion_latency_ns=3676160 rdma_completion_groups=65 issue_width_max=0 commit_width_max=16 critical_misses=175 certificate_rejects=0 graph_batches=13 graph_rounds=13 route_hits=0 exact_reads=128 exact_snapshot_trains=1 exact_snapshot_fallbacks=0 terminal_exact_cache_attempted=0 terminal_exact_cache_issued=0 terminal_exact_cache_promoted=0 terminal_exact_cache_misses=0 terminal_exact_cache_wasted_bytes=0 terminal_exact_cache_queue_rejects=0 dynamic_pq_reads=0 dynamic_pq_us=0 dynamic_pq_incarnation_rejects=0 dynamic_pq_arena_hits=0 dynamic_pq_batch_deduplicated=0
[breakdown][recall] done 1000/1000 ops, avg_rate=17575.1 ops/s
[breakdown][recall] before_performance recall@10=0.9392 queries=1000
[breakdown] effective insert start id=111000000
[breakdown] starting warmup mixed
[storage-owner] sender batch telemetry owner=2 batches=32 items=77 avg_batch=2.40625 full_batches=0 tail_escape_batches=32 max_wait_flush_batches=0 queue_visibility_stalls=0 partial_visible_batches=0 published=0
[storage-owner] sender completion telemetry owner=2 batches=32 items=77 avg_batch=2.40625 avg_rpc_wall_us=19.1929 max_rpc_wall_us=61.412 max_active_rpcs=1 max_published=13
[storage-owner] sender batch telemetry owner=2 batches=64 items=109 avg_batch=1.70312 full_batches=0 tail_escape_batches=64 max_wait_flush_batches=0 queue_visibility_stalls=0 partial_visible_batches=0 published=0
[storage-owner] sender completion telemetry owner=2 batches=64 items=109 avg_batch=1.70312 avg_rpc_wall_us=15.4345 max_rpc_wall_us=61.412 max_active_rpcs=1 max_published=13
[storage-owner] sender batch telemetry owner=2 batches=128 items=176 avg_batch=1.375 full_batches=0 tail_escape_batches=128 max_wait_flush_batches=0 queue_visibility_stalls=0 partial_visible_batches=0 published=0
[storage-owner] sender completion telemetry owner=2 batches=128 items=176 avg_batch=1.375 avg_rpc_wall_us=13.2653 max_rpc_wall_us=61.412 max_active_rpcs=1 max_published=13
[storage-owner] sender batch telemetry owner=4 batches=32 items=78 avg_batch=2.4375 full_batches=0 tail_escape_batches=32 max_wait_flush_batches=0 queue_visibility_stalls=0 partial_visible_batches=0 published=0
[storage-owner] sender completion telemetry owner=4 batches=32 items=78 avg_batch=2.4375 avg_rpc_wall_us=21.4769 max_rpc_wall_us=62.892 max_active_rpcs=1 max_published=14
[storage-owner] sender batch telemetry owner=4 batches=64 items=110 avg_batch=1.71875 full_batches=0 tail_escape_batches=64 max_wait_flush_batches=0 queue_visibility_stalls=0 partial_visible_batches=0 published=0
[storage-owner] sender completion telemetry owner=4 batches=64 items=110 avg_batch=1.71875 avg_rpc_wall_us=17.0623 max_rpc_wall_us=62.892 max_active_rpcs=1 max_published=14
[storage-owner] sender batch telemetry owner=1 batches=32 items=77 avg_batch=2.40625 full_batches=0 tail_escape_batches=32 max_wait_flush_batches=0 queue_visibility_stalls=0 partial_visible_batches=0 published=0
[storage-owner] sender completion telemetry owner=1 batches=32 items=77 avg_batch=2.40625 avg_rpc_wall_us=19.4945 max_rpc_wall_us=62.201 max_active_rpcs=1 max_published=13
[storage-owner] sender batch telemetry owner=1 batches=64 items=109 avg_batch=1.70312 full_batches=0 tail_escape_batches=64 max_wait_flush_batches=0 queue_visibility_stalls=0 partial_visible_batches=0 published=0
[storage-owner] sender completion telemetry owner=1 batches=64 items=109 avg_batch=1.70312 avg_rpc_wall_us=15.6186 max_rpc_wall_us=62.201 max_active_rpcs=1 max_published=13
[storage-owner] sender batch telemetry owner=4 batches=128 items=174 avg_batch=1.35938 full_batches=0 tail_escape_batches=128 max_wait_flush_batches=0 queue_visibility_stalls=0 partial_visible_batches=0 published=0
[storage-owner] sender completion telemetry owner=4 batches=128 items=174 avg_batch=1.35938 avg_rpc_wall_us=14.8175 max_rpc_wall_us=62.892 max_active_rpcs=1 max_published=14
[storage-owner] sender batch telemetry owner=2 batches=256 items=502 avg_batch=1.96094 full_batches=0 tail_escape_batches=256 max_wait_flush_batches=0 queue_visibility_stalls=0 partial_visible_batches=0 published=0
[storage-owner] sender completion telemetry owner=2 batches=256 items=502 avg_batch=1.96094 avg_rpc_wall_us=12.9967 max_rpc_wall_us=61.412 max_active_rpcs=1 max_published=13
[storage-owner] sender batch telemetry owner=0 batches=32 items=80 avg_batch=2.5 full_batches=0 tail_escape_batches=32 max_wait_flush_batches=0 queue_visibility_stalls=0 partial_visible_batches=0 published=0
[storage-owner] sender completion telemetry owner=0 batches=32 items=80 avg_batch=2.5 avg_rpc_wall_us=21.2135 max_rpc_wall_us=134.22 max_active_rpcs=1 max_published=17
[storage-owner] sender batch telemetry owner=1 batches=128 items=178 avg_batch=1.39062 full_batches=0 tail_escape_batches=128 max_wait_flush_batches=0 queue_visibility_stalls=0 partial_visible_batches=0 published=0
[storage-owner] sender completion telemetry owner=1 batches=128 items=178 avg_batch=1.39062 avg_rpc_wall_us=14.4203 max_rpc_wall_us=62.201 max_active_rpcs=1 max_published=13
[storage-owner] sender batch telemetry owner=0 batches=64 items=147 avg_batch=2.29688 full_batches=0 tail_escape_batches=64 max_wait_flush_batches=0 queue_visibility_stalls=0 partial_visible_batches=0 published=0
[storage-owner] sender completion telemetry owner=0 batches=64 items=147 avg_batch=2.29688 avg_rpc_wall_us=17.4294 max_rpc_wall_us=134.22 max_active_rpcs=1 max_published=17
[storage-owner] sender batch telemetry owner=4 batches=256 items=561 avg_batch=2.19141 full_batches=0 tail_escape_batches=256 max_wait_flush_batches=0 queue_visibility_stalls=0 partial_visible_batches=0 published=0
[storage-owner] sender completion telemetry owner=4 batches=256 items=561 avg_batch=2.19141 avg_rpc_wall_us=14.4683 max_rpc_wall_us=62.892 max_active_rpcs=1 max_published=14
[storage-owner] sender batch telemetry owner=0 batches=128 items=339 avg_batch=2.64844 full_batches=0 tail_escape_batches=128 max_wait_flush_batches=0 queue_visibility_stalls=0 partial_visible_batches=0 published=0
[storage-owner] sender completion telemetry owner=0 batches=128 items=339 avg_batch=2.64844 avg_rpc_wall_us=16.3968 max_rpc_wall_us=134.22 max_active_rpcs=1 max_published=17
[storage-owner] sender batch telemetry owner=1 batches=256 items=656 avg_batch=2.5625 full_batches=0 tail_escape_batches=256 max_wait_flush_batches=0 queue_visibility_stalls=0 partial_visible_batches=0 published=0
[storage-owner] sender completion telemetry owner=1 batches=256 items=656 avg_batch=2.5625 avg_rpc_wall_us=14.5845 max_rpc_wall_us=62.201 max_active_rpcs=1 max_published=13
[storage-owner] sender batch telemetry owner=3 batches=32 items=77 avg_batch=2.40625 full_batches=0 tail_escape_batches=32 max_wait_flush_batches=0 queue_visibility_stalls=0 partial_visible_batches=0 published=0
[storage-owner] sender completion telemetry owner=3 batches=32 items=77 avg_batch=2.40625 avg_rpc_wall_us=203.897 max_rpc_wall_us=5874.58 max_active_rpcs=1 max_published=14
[storage-owner] sender batch telemetry owner=3 batches=64 items=109 avg_batch=1.70312 full_batches=0 tail_escape_batches=64 max_wait_flush_batches=0 queue_visibility_stalls=0 partial_visible_batches=0 published=0
[storage-owner] sender completion telemetry owner=3 batches=64 items=109 avg_batch=1.70312 avg_rpc_wall_us=109.252 max_rpc_wall_us=5874.58 max_active_rpcs=1 max_published=14
[storage-owner] sender batch telemetry owner=0 batches=256 items=949 avg_batch=3.70703 full_batches=0 tail_escape_batches=256 max_wait_flush_batches=0 queue_visibility_stalls=0 partial_visible_batches=0 published=0
[storage-owner] sender completion telemetry owner=0 batches=256 items=949 avg_batch=3.70703 avg_rpc_wall_us=16.3939 max_rpc_wall_us=134.22 max_active_rpcs=1 max_published=17
[storage-owner] sender batch telemetry owner=2 batches=512 items=2072 avg_batch=4.04688 full_batches=0 tail_escape_batches=512 max_wait_flush_batches=0 queue_visibility_stalls=0 partial_visible_batches=0 published=0
[storage-owner] sender completion telemetry owner=2 batches=512 items=2072 avg_batch=4.04688 avg_rpc_wall_us=13.7101 max_rpc_wall_us=61.412 max_active_rpcs=1 max_published=13
[storage-owner] sender batch telemetry owner=3 batches=128 items=200 avg_batch=1.5625 full_batches=0 tail_escape_batches=128 max_wait_flush_batches=0 queue_visibility_stalls=0 partial_visible_batches=0 published=0
[storage-owner] sender completion telemetry owner=3 batches=128 items=200 avg_batch=1.5625 avg_rpc_wall_us=62.7425 max_rpc_wall_us=5874.58 max_active_rpcs=1 max_published=14
[storage-owner] sender batch telemetry owner=4 batches=512 items=2247 avg_batch=4.38867 full_batches=0 tail_escape_batches=512 max_wait_flush_batches=0 queue_visibility_stalls=0 partial_visible_batches=0 published=0
[storage-owner] sender completion telemetry owner=4 batches=512 items=2247 avg_batch=4.38867 avg_rpc_wall_us=15.6082 max_rpc_wall_us=62.892 max_active_rpcs=1 max_published=14
[storage-owner] sender batch telemetry owner=3 batches=256 items=877 avg_batch=3.42578 full_batches=0 tail_escape_batches=256 max_wait_flush_batches=0 queue_visibility_stalls=0 partial_visible_batches=0 published=0
[storage-owner] sender completion telemetry owner=3 batches=256 items=877 avg_batch=3.42578 avg_rpc_wall_us=38.5577 max_rpc_wall_us=5874.58 max_active_rpcs=1 max_published=14
[storage-owner] sender batch telemetry owner=1 batches=512 items=2224 avg_batch=4.34375 full_batches=0 tail_escape_batches=512 max_wait_flush_batches=0 queue_visibility_stalls=0 partial_visible_batches=0 published=0
[storage-owner] sender completion telemetry owner=1 batches=512 items=2224 avg_batch=4.34375 avg_rpc_wall_us=15.3116 max_rpc_wall_us=62.201 max_active_rpcs=1 max_published=13
[storage-owner] sender batch telemetry owner=0 batches=512 items=4496 avg_batch=8.78125 full_batches=0 tail_escape_batches=512 max_wait_flush_batches=0 queue_visibility_stalls=0 partial_visible_batches=0 published=0
[storage-owner] sender completion telemetry owner=0 batches=512 items=4496 avg_batch=8.78125 avg_rpc_wall_us=16.1667 max_rpc_wall_us=134.22 max_active_rpcs=1 max_published=19
[storage-owner] sender batch telemetry owner=3 batches=512 items=2528 avg_batch=4.9375 full_batches=0 tail_escape_batches=512 max_wait_flush_batches=0 queue_visibility_stalls=0 partial_visible_batches=0 published=0
[storage-owner] sender completion telemetry owner=3 batches=512 items=2528 avg_batch=4.9375 avg_rpc_wall_us=26.7658 max_rpc_wall_us=5874.58 max_active_rpcs=1 max_published=14
[storage-owner] sender batch telemetry owner=2 batches=1024 items=10209 avg_batch=9.96973 full_batches=0 tail_escape_batches=1024 max_wait_flush_batches=0 queue_visibility_stalls=0 partial_visible_batches=0 published=0
[storage-owner] sender completion telemetry owner=2 batches=1024 items=10209 avg_batch=9.96973 avg_rpc_wall_us=15.2309 max_rpc_wall_us=61.412 max_active_rpcs=1 max_published=30
[storage-owner] sender batch telemetry owner=4 batches=1024 items=9646 avg_batch=9.41992 full_batches=0 tail_escape_batches=1024 max_wait_flush_batches=0 queue_visibility_stalls=0 partial_visible_batches=0 published=0
[storage-owner] sender completion telemetry owner=4 batches=1024 items=9646 avg_batch=9.41992 avg_rpc_wall_us=22.5202 max_rpc_wall_us=6232.37 max_active_rpcs=1 max_published=24
[storage-owner] sender batch telemetry owner=0 batches=1024 items=18560 avg_batch=18.125 full_batches=178 tail_escape_batches=845 max_wait_flush_batches=1 queue_visibility_stalls=0 partial_visible_batches=0 published=0
[storage-owner] sender completion telemetry owner=0 batches=1024 items=18560 avg_batch=18.125 avg_rpc_wall_us=17.5704 max_rpc_wall_us=134.22 max_active_rpcs=3 max_published=38
[storage-owner] sender batch telemetry owner=1 batches=1024 items=3864 avg_batch=3.77344 full_batches=0 tail_escape_batches=1024 max_wait_flush_batches=0 queue_visibility_stalls=0 partial_visible_batches=0 published=0
[storage-owner] sender completion telemetry owner=1 batches=1024 items=3864 avg_batch=3.77344 avg_rpc_wall_us=15.1059 max_rpc_wall_us=68.306 max_active_rpcs=1 max_published=13
[storage-owner] sender batch telemetry owner=3 batches=1024 items=6361 avg_batch=6.21191 full_batches=0 tail_escape_batches=1024 max_wait_flush_batches=0 queue_visibility_stalls=0 partial_visible_batches=0 published=0
[storage-owner] sender completion telemetry owner=3 batches=1024 items=6361 avg_batch=6.21191 avg_rpc_wall_us=20.7626 max_rpc_wall_us=5874.58 max_active_rpcs=1 max_published=14
[storage-owner] sender batch telemetry owner=3 batches=2048 items=15534 avg_batch=7.58496 full_batches=0 tail_escape_batches=2048 max_wait_flush_batches=0 queue_visibility_stalls=0 partial_visible_batches=0 published=0
[storage-owner] sender completion telemetry owner=3 batches=2048 items=15534 avg_batch=7.58496 avg_rpc_wall_us=16.9844 max_rpc_wall_us=5874.58 max_active_rpcs=1 max_published=18
[storage-owner] sender batch telemetry owner=2 batches=2048 items=13553 avg_batch=6.61768 full_batches=0 tail_escape_batches=2048 max_wait_flush_batches=0 queue_visibility_stalls=0 partial_visible_batches=0 published=0
[storage-owner] sender completion telemetry owner=2 batches=2048 items=13553 avg_batch=6.61768 avg_rpc_wall_us=14.5025 max_rpc_wall_us=61.412 max_active_rpcs=1 max_published=30
[storage-owner] sender batch telemetry owner=4 batches=2048 items=16314 avg_batch=7.96582 full_batches=28 tail_escape_batches=2020 max_wait_flush_batches=0 queue_visibility_stalls=0 partial_visible_batches=0 published=0
[storage-owner] sender completion telemetry owner=4 batches=2048 items=16314 avg_batch=7.96582 avg_rpc_wall_us=19.3515 max_rpc_wall_us=6232.37 max_active_rpcs=2 max_published=32
[storage-owner] sender batch telemetry owner=0 batches=2048 items=21969 avg_batch=10.7271 full_batches=178 tail_escape_batches=1869 max_wait_flush_batches=1 queue_visibility_stalls=0 partial_visible_batches=0 published=0
[storage-owner] sender completion telemetry owner=0 batches=2048 items=21969 avg_batch=10.7271 avg_rpc_wall_us=16.0431 max_rpc_wall_us=134.22 max_active_rpcs=3 max_published=38
[storage-owner] sender batch telemetry owner=1 batches=2048 items=6968 avg_batch=3.40234 full_batches=0 tail_escape_batches=2048 max_wait_flush_batches=0 queue_visibility_stalls=0 partial_visible_batches=0 published=0
[storage-owner] sender completion telemetry owner=1 batches=2048 items=6968 avg_batch=3.40234 avg_rpc_wall_us=14.5403 max_rpc_wall_us=68.306 max_active_rpcs=1 max_published=13
[storage-owner] sender batch telemetry owner=4 batches=4096 items=35506 avg_batch=8.66846 full_batches=28 tail_escape_batches=4068 max_wait_flush_batches=0 queue_visibility_stalls=0 partial_visible_batches=0 published=0
[storage-owner] sender completion telemetry owner=4 batches=4096 items=35506 avg_batch=8.66846 avg_rpc_wall_us=18.0477 max_rpc_wall_us=6232.37 max_active_rpcs=2 max_published=32
[storage-owner] sender batch telemetry owner=2 batches=4096 items=28686 avg_batch=7.00342 full_batches=0 tail_escape_batches=4096 max_wait_flush_batches=0 queue_visibility_stalls=0 partial_visible_batches=0 published=0
[storage-owner] sender completion telemetry owner=2 batches=4096 items=28686 avg_batch=7.00342 avg_rpc_wall_us=15.3128 max_rpc_wall_us=65.688 max_active_rpcs=1 max_published=30
[storage-owner] sender batch telemetry owner=0 batches=4096 items=36624 avg_batch=8.94141 full_batches=178 tail_escape_batches=3917 max_wait_flush_batches=1 queue_visibility_stalls=0 partial_visible_batches=0 published=0
[storage-owner] sender completion telemetry owner=0 batches=4096 items=36624 avg_batch=8.94141 avg_rpc_wall_us=16.2749 max_rpc_wall_us=134.22 max_active_rpcs=3 max_published=38
[storage-owner] sender batch telemetry owner=3 batches=4096 items=20698 avg_batch=5.05322 full_batches=0 tail_escape_batches=4096 max_wait_flush_batches=0 queue_visibility_stalls=0 partial_visible_batches=0 published=0
[storage-owner] sender completion telemetry owner=3 batches=4096 items=20698 avg_batch=5.05322 avg_rpc_wall_us=16.134 max_rpc_wall_us=5874.58 max_active_rpcs=1 max_published=18
[storage-owner] sender batch telemetry owner=1 batches=4096 items=15252 avg_batch=3.72363 full_batches=0 tail_escape_batches=4096 max_wait_flush_batches=0 queue_visibility_stalls=0 partial_visible_batches=0 published=0
[storage-owner] sender completion telemetry owner=1 batches=4096 items=15252 avg_batch=3.72363 avg_rpc_wall_us=14.789 max_rpc_wall_us=68.306 max_active_rpcs=1 max_published=13
[storage-owner] sender batch telemetry owner=0 batches=8192 items=51216 avg_batch=6.25195 full_batches=178 tail_escape_batches=8013 max_wait_flush_batches=1 queue_visibility_stalls=0 partial_visible_batches=0 published=0
[storage-owner] sender completion telemetry owner=0 batches=8192 items=51216 avg_batch=6.25195 avg_rpc_wall_us=15.0129 max_rpc_wall_us=134.22 max_active_rpcs=3 max_published=38
[storage-owner] sender batch telemetry owner=2 batches=8192 items=43982 avg_batch=5.3689 full_batches=0 tail_escape_batches=8192 max_wait_flush_batches=0 queue_visibility_stalls=0 partial_visible_batches=0 published=0
[storage-owner] sender completion telemetry owner=2 batches=8192 items=43982 avg_batch=5.3689 avg_rpc_wall_us=14.5555 max_rpc_wall_us=65.688 max_active_rpcs=1 max_published=30
[storage-owner] sender batch telemetry owner=4 batches=8192 items=57764 avg_batch=7.05127 full_batches=28 tail_escape_batches=8164 max_wait_flush_batches=0 queue_visibility_stalls=0 partial_visible_batches=0 published=0
[storage-owner] sender completion telemetry owner=4 batches=8192 items=57764 avg_batch=7.05127 avg_rpc_wall_us=16.8079 max_rpc_wall_us=6232.37 max_active_rpcs=2 max_published=32
[storage-owner] sender batch telemetry owner=3 batches=8192 items=30360 avg_batch=3.70605 full_batches=0 tail_escape_batches=8192 max_wait_flush_batches=0 queue_visibility_stalls=0 partial_visible_batches=0 published=0
[storage-owner] sender completion telemetry owner=3 batches=8192 items=30360 avg_batch=3.70605 avg_rpc_wall_us=15.126 max_rpc_wall_us=5874.58 max_active_rpcs=1 max_published=18
[storage-owner] sender batch telemetry owner=1 batches=8192 items=32036 avg_batch=3.91064 full_batches=0 tail_escape_batches=8192 max_wait_flush_batches=0 queue_visibility_stalls=0 partial_visible_batches=0 published=0
[storage-owner] sender completion telemetry owner=1 batches=8192 items=32036 avg_batch=3.91064 avg_rpc_wall_us=14.5478 max_rpc_wall_us=68.306 max_active_rpcs=1 max_published=13
[storage-owner] sender batch telemetry owner=0 batches=16384 items=84965 avg_batch=5.18585 full_batches=178 tail_escape_batches=16205 max_wait_flush_batches=1 queue_visibility_stalls=0 partial_visible_batches=0 published=0
[storage-owner] sender completion telemetry owner=0 batches=16384 items=84965 avg_batch=5.18585 avg_rpc_wall_us=14.6339 max_rpc_wall_us=134.22 max_active_rpcs=3 max_published=38
[storage-owner] sender batch telemetry owner=2 batches=16384 items=97133 avg_batch=5.92853 full_batches=0 tail_escape_batches=16384 max_wait_flush_batches=0 queue_visibility_stalls=0 partial_visible_batches=0 published=0
[storage-owner] sender completion telemetry owner=2 batches=16384 items=97133 avg_batch=5.92853 avg_rpc_wall_us=14.7967 max_rpc_wall_us=4957.35 max_active_rpcs=1 max_published=30
[storage-owner] sender batch telemetry owner=1 batches=16384 items=64789 avg_batch=3.95441 full_batches=0 tail_escape_batches=16384 max_wait_flush_batches=0 queue_visibility_stalls=0 partial_visible_batches=0 published=0
[storage-owner] sender completion telemetry owner=1 batches=16384 items=64789 avg_batch=3.95441 avg_rpc_wall_us=14.7063 max_rpc_wall_us=750.747 max_active_rpcs=1 max_published=19
[storage-owner] sender batch telemetry owner=4 batches=16384 items=93005 avg_batch=5.67657 full_batches=28 tail_escape_batches=16356 max_wait_flush_batches=0 queue_visibility_stalls=0 partial_visible_batches=0 published=0
[storage-owner] sender completion telemetry owner=4 batches=16384 items=93005 avg_batch=5.67657 avg_rpc_wall_us=16.2083 max_rpc_wall_us=6232.37 max_active_rpcs=2 max_published=32
[storage-owner] sender batch telemetry owner=3 batches=16384 items=49778 avg_batch=3.03821 full_batches=0 tail_escape_batches=16384 max_wait_flush_batches=0 queue_visibility_stalls=0 partial_visible_batches=0 published=0
[storage-owner] sender completion telemetry owner=3 batches=16384 items=49778 avg_batch=3.03821 avg_rpc_wall_us=15.2737 max_rpc_wall_us=5874.58 max_active_rpcs=1 max_published=18
[storage-owner] sender batch telemetry owner=0 batches=32768 items=175793 avg_batch=5.36478 full_batches=178 tail_escape_batches=32588 max_wait_flush_batches=2 queue_visibility_stalls=0 partial_visible_batches=0 published=0
[storage-owner] sender completion telemetry owner=0 batches=32768 items=175793 avg_batch=5.36478 avg_rpc_wall_us=14.8018 max_rpc_wall_us=13146.8 max_active_rpcs=3 max_published=38
[storage-owner] sender batch telemetry owner=2 batches=32768 items=178432 avg_batch=5.44531 full_batches=0 tail_escape_batches=32768 max_wait_flush_batches=0 queue_visibility_stalls=0 partial_visible_batches=0 published=0
[storage-owner] sender completion telemetry owner=2 batches=32768 items=178432 avg_batch=5.44531 avg_rpc_wall_us=14.9319 max_rpc_wall_us=5895.54 max_active_rpcs=1 max_published=30
[storage-owner] sender batch telemetry owner=1 batches=32768 items=150528 avg_batch=4.59375 full_batches=0 tail_escape_batches=32768 max_wait_flush_batches=0 queue_visibility_stalls=0 partial_visible_batches=0 published=0
[storage-owner] sender completion telemetry owner=1 batches=32768 items=150528 avg_batch=4.59375 avg_rpc_wall_us=14.5458 max_rpc_wall_us=750.747 max_active_rpcs=1 max_published=22
[storage-owner] sender batch telemetry owner=4 batches=32768 items=173931 avg_batch=5.30795 full_batches=28 tail_escape_batches=32740 max_wait_flush_batches=0 queue_visibility_stalls=0 partial_visible_batches=0 published=0
[storage-owner] sender completion telemetry owner=4 batches=32768 items=173931 avg_batch=5.30795 avg_rpc_wall_us=15.8256 max_rpc_wall_us=6232.37 max_active_rpcs=2 max_published=32
[storage-owner] sender batch telemetry owner=3 batches=32768 items=110415 avg_batch=3.3696 full_batches=0 tail_escape_batches=32768 max_wait_flush_batches=0 queue_visibility_stalls=0 partial_visible_batches=0 published=0
[storage-owner] sender completion telemetry owner=3 batches=32768 items=110415 avg_batch=3.3696 avg_rpc_wall_us=15.1282 max_rpc_wall_us=5874.58 max_active_rpcs=1 max_published=19
[storage-owner] sender batch telemetry owner=0 batches=65536 items=341296 avg_batch=5.20776 full_batches=491 tail_escape_batches=65039 max_wait_flush_batches=6 queue_visibility_stalls=0 partial_visible_batches=0 published=0
[storage-owner] sender completion telemetry owner=0 batches=65536 items=341296 avg_batch=5.20776 avg_rpc_wall_us=14.7636 max_rpc_wall_us=13146.8 max_active_rpcs=3 max_published=44
[storage-owner] sender batch telemetry owner=1 batches=65536 items=304426 avg_batch=4.64517 full_batches=157 tail_escape_batches=65374 max_wait_flush_batches=5 queue_visibility_stalls=0 partial_visible_batches=0 published=0
[storage-owner] sender completion telemetry owner=1 batches=65536 items=304426 avg_batch=4.64517 avg_rpc_wall_us=14.798 max_rpc_wall_us=3619.26 max_active_rpcs=6 max_published=35
[storage-owner] sender batch telemetry owner=4 batches=65536 items=344674 avg_batch=5.25931 full_batches=28 tail_escape_batches=65508 max_wait_flush_batches=0 queue_visibility_stalls=0 partial_visible_batches=0 published=0
[storage-owner] sender completion telemetry owner=4 batches=65536 items=344674 avg_batch=5.25931 avg_rpc_wall_us=15.7336 max_rpc_wall_us=6232.37 max_active_rpcs=2 max_published=32
[storage-owner] sender batch telemetry owner=2 batches=65536 items=314321 avg_batch=4.79616 full_batches=0 tail_escape_batches=65536 max_wait_flush_batches=0 queue_visibility_stalls=0 partial_visible_batches=0 published=0
[storage-owner] sender completion telemetry owner=2 batches=65536 items=314321 avg_batch=4.79616 avg_rpc_wall_us=14.7135 max_rpc_wall_us=5895.54 max_active_rpcs=1 max_published=31
[storage-owner] sender batch telemetry owner=3 batches=65536 items=261237 avg_batch=3.98616 full_batches=0 tail_escape_batches=65535 max_wait_flush_batches=1 queue_visibility_stalls=0 partial_visible_batches=0 published=0
[storage-owner] sender completion telemetry owner=3 batches=65536 items=261237 avg_batch=3.98616 avg_rpc_wall_us=15.7798 max_rpc_wall_us=15842.4 max_active_rpcs=2 max_published=27
[breakdown][warmup-mixed] progress elapsed=5s/15s, completed=295124 ops, rate=59024.8 ops/s, interval_rate=59024.8 ops/s, interval_read_qps=56401.8, interval_write_qps=2623
[storage-owner] sender batch telemetry owner=0 batches=131072 items=674636 avg_batch=5.14706 full_batches=826 tail_escape_batches=130236 max_wait_flush_batches=10 queue_visibility_stalls=0 partial_visible_batches=0 published=0
[storage-owner] sender completion telemetry owner=0 batches=131072 items=674636 avg_batch=5.14706 avg_rpc_wall_us=14.8306 max_rpc_wall_us=13146.8 max_active_rpcs=4 max_published=44
[storage-owner] sender batch telemetry owner=1 batches=131072 items=625863 avg_batch=4.77496 full_batches=283 tail_escape_batches=130784 max_wait_flush_batches=5 queue_visibility_stalls=0 partial_visible_batches=0 published=0
[storage-owner] sender completion telemetry owner=1 batches=131072 items=625863 avg_batch=4.77496 avg_rpc_wall_us=15.045 max_rpc_wall_us=9366.34 max_active_rpcs=6 max_published=37
[storage-owner] sender batch telemetry owner=4 batches=131072 items=670907 avg_batch=5.11861 full_batches=84 tail_escape_batches=130988 max_wait_flush_batches=0 queue_visibility_stalls=0 partial_visible_batches=0 published=0
[storage-owner] sender completion telemetry owner=4 batches=131072 items=670907 avg_batch=5.11861 avg_rpc_wall_us=15.8734 max_rpc_wall_us=6232.37 max_active_rpcs=2 max_published=33
[storage-owner] sender batch telemetry owner=2 batches=131072 items=654657 avg_batch=4.99464 full_batches=1488 tail_escape_batches=129563 max_wait_flush_batches=21 queue_visibility_stalls=0 partial_visible_batches=0 published=0
[storage-owner] sender completion telemetry owner=2 batches=131072 items=654657 avg_batch=4.99464 avg_rpc_wall_us=15.224 max_rpc_wall_us=21700.5 max_active_rpcs=7 max_published=52
[storage-owner] sender batch telemetry owner=3 batches=131072 items=597828 avg_batch=4.56107 full_batches=1 tail_escape_batches=131070 max_wait_flush_batches=1 queue_visibility_stalls=0 partial_visible_batches=0 published=0
[storage-owner] sender completion telemetry owner=3 batches=131072 items=597828 avg_batch=4.56107 avg_rpc_wall_us=15.6047 max_rpc_wall_us=15842.4 max_active_rpcs=2 max_published=32
[breakdown][warmup-mixed] progress elapsed=10s/15s, completed=596219 ops, rate=59621.9 ops/s, interval_rate=60219 ops/s, interval_read_qps=57329.2, interval_write_qps=2889.8
[storage-owner] sender batch telemetry owner=0 batches=262144 items=1343713 avg_batch=5.12586 full_batches=1212 tail_escape_batches=260918 max_wait_flush_batches=14 queue_visibility_stalls=0 partial_visible_batches=0 published=0
[storage-owner] sender completion telemetry owner=0 batches=262144 items=1343713 avg_batch=5.12586 avg_rpc_wall_us=14.6714 max_rpc_wall_us=18351.4 max_active_rpcs=4 max_published=44
[storage-owner] sender batch telemetry owner=1 batches=262144 items=1229911 avg_batch=4.69174 full_batches=283 tail_escape_batches=261856 max_wait_flush_batches=5 queue_visibility_stalls=0 partial_visible_batches=0 published=0
[storage-owner] sender completion telemetry owner=1 batches=262144 items=1229911 avg_batch=4.69174 avg_rpc_wall_us=14.7937 max_rpc_wall_us=9366.34 max_active_rpcs=6 max_published=37
[storage-owner] sender batch telemetry owner=4 batches=262144 items=1369038 avg_batch=5.22247 full_batches=87 tail_escape_batches=262057 max_wait_flush_batches=0 queue_visibility_stalls=0 partial_visible_batches=0 published=0
[storage-owner] sender completion telemetry owner=4 batches=262144 items=1369038 avg_batch=5.22247 avg_rpc_wall_us=15.5758 max_rpc_wall_us=6232.37 max_active_rpcs=2 max_published=33
[breakdown][warmup-mixed] progress elapsed=15s/15s, completed=897048 ops, rate=59803.2 ops/s, interval_rate=60165.8 ops/s, interval_read_qps=57380, interval_write_qps=2785.8
[breakdown][warmup-mixed] done measurement_elapsed=15s/15s, measurement_completed=897048 ops, measurement_avg_rate=59803.2 ops/s, drain_elapsed=0.14433s, drain_completed=508 ops
[breakdown][warmup] maintenance drain elapsed=3.042s complete=yes
[breakdown] starting measure phase
[storage-owner] sender batch telemetry owner=2 batches=262144 items=1306292 avg_batch=4.98311 full_batches=2751 tail_escape_batches=259361 max_wait_flush_batches=32 queue_visibility_stalls=0 partial_visible_batches=0 published=0
[storage-owner] sender completion telemetry owner=2 batches=262144 items=1306292 avg_batch=4.98311 avg_rpc_wall_us=14.7723 max_rpc_wall_us=21700.5 max_active_rpcs=7 max_published=52
[storage-owner] sender batch telemetry owner=3 batches=262144 items=1212938 avg_batch=4.62699 full_batches=733 tail_escape_batches=261397 max_wait_flush_batches=14 queue_visibility_stalls=0 partial_visible_batches=0 published=0
[storage-owner] sender completion telemetry owner=3 batches=262144 items=1212938 avg_batch=4.62699 avg_rpc_wall_us=15.1301 max_rpc_wall_us=19048.9 max_active_rpcs=6 max_published=44
[breakdown][measure-mixed] progress elapsed=5s/120s, completed=299492 ops, rate=59898.4 ops/s, interval_rate=59898.4 ops/s, interval_read_qps=57184, interval_write_qps=2714.4
[breakdown][measure-mixed] progress elapsed=10s/120s, completed=597919 ops, rate=59791.9 ops/s, interval_rate=59685.4 ops/s, interval_read_qps=57258.8, interval_write_qps=2426.6
[storage-owner] sender batch telemetry owner=0 batches=524288 items=2730619 avg_batch=5.20824 full_batches=1720 tail_escape_batches=522552 max_wait_flush_batches=16 queue_visibility_stalls=0 partial_visible_batches=0 published=0
[storage-owner] sender completion telemetry owner=0 batches=524288 items=2730619 avg_batch=5.20824 avg_rpc_wall_us=14.4711 max_rpc_wall_us=18351.4 max_active_rpcs=4 max_published=44
[storage-owner] sender batch telemetry owner=4 batches=524288 items=2661423 avg_batch=5.07626 full_batches=690 tail_escape_batches=523590 max_wait_flush_batches=8 queue_visibility_stalls=0 partial_visible_batches=0 published=0
[storage-owner] sender completion telemetry owner=4 batches=524288 items=2661423 avg_batch=5.07626 avg_rpc_wall_us=15.5342 max_rpc_wall_us=19659.8 max_active_rpcs=4 max_published=37
[storage-owner] sender batch telemetry owner=1 batches=524288 items=2588393 avg_batch=4.93697 full_batches=1158 tail_escape_batches=523117 max_wait_flush_batches=13 queue_visibility_stalls=0 partial_visible_batches=0 published=0
[storage-owner] sender completion telemetry owner=1 batches=524288 items=2588393 avg_batch=4.93697 avg_rpc_wall_us=14.665 max_rpc_wall_us=9366.34 max_active_rpcs=6 max_published=38
[breakdown][measure-mixed] progress elapsed=15s/120s, completed=897502 ops, rate=59833.5 ops/s, interval_rate=59916.6 ops/s, interval_read_qps=57308.2, interval_write_qps=2608.4
[storage-owner] sender batch telemetry owner=2 batches=524288 items=2792030 avg_batch=5.32537 full_batches=3467 tail_escape_batches=520784 max_wait_flush_batches=37 queue_visibility_stalls=0 partial_visible_batches=0 published=0
[storage-owner] sender completion telemetry owner=2 batches=524288 items=2792030 avg_batch=5.32537 avg_rpc_wall_us=14.7106 max_rpc_wall_us=21700.5 max_active_rpcs=7 max_published=52
[breakdown][measure-mixed] progress elapsed=20s/120s, completed=1197445 ops, rate=59872.2 ops/s, interval_rate=59988.6 ops/s, interval_read_qps=57230.8, interval_write_qps=2757.8
[storage-owner] sender batch telemetry owner=3 batches=524288 items=2446374 avg_batch=4.66609 full_batches=2760 tail_escape_batches=521489 max_wait_flush_batches=39 queue_visibility_stalls=0 partial_visible_batches=0 published=0
[storage-owner] sender completion telemetry owner=3 batches=524288 items=2446374 avg_batch=4.66609 avg_rpc_wall_us=15.1007 max_rpc_wall_us=19048.9 max_active_rpcs=6 max_published=48
[breakdown][measure-mixed] progress elapsed=25s/120s, completed=1496624 ops, rate=59865 ops/s, interval_rate=59835.8 ops/s, interval_read_qps=57282.4, interval_write_qps=2553.4
[breakdown][measure-mixed] progress elapsed=30s/120s, completed=1795511 ops, rate=59850.4 ops/s, interval_rate=59777.4 ops/s, interval_read_qps=57294.6, interval_write_qps=2482.8
[breakdown][measure-mixed] progress elapsed=35s/120s, completed=2093585 ops, rate=59816.7 ops/s, interval_rate=59614.8 ops/s, interval_read_qps=57164.4, interval_write_qps=2450.4
[storage-owner] sender batch telemetry owner=0 batches=1048576 items=5433112 avg_batch=5.18142 full_batches=2271 tail_escape_batches=1046283 max_wait_flush_batches=22 queue_visibility_stalls=0 partial_visible_batches=0 published=0
[storage-owner] sender completion telemetry owner=0 batches=1048576 items=5433112 avg_batch=5.18142 avg_rpc_wall_us=14.459 max_rpc_wall_us=19178.1 max_active_rpcs=5 max_published=44
[storage-owner] sender batch telemetry owner=1 batches=1048576 items=5209893 avg_batch=4.96854 full_batches=1932 tail_escape_batches=1046627 max_wait_flush_batches=17 queue_visibility_stalls=0 partial_visible_batches=0 published=0
[storage-owner] sender completion telemetry owner=1 batches=1048576 items=5209893 avg_batch=4.96854 avg_rpc_wall_us=14.7274 max_rpc_wall_us=18045.4 max_active_rpcs=6 max_published=39
[breakdown][measure-mixed] progress elapsed=40s/120s, completed=2391875 ops, rate=59796.9 ops/s, interval_rate=59658 ops/s, interval_read_qps=57222.8, interval_write_qps=2435.2
[storage-owner] sender batch telemetry owner=4 batches=1048576 items=5286669 avg_batch=5.04176 full_batches=1273 tail_escape_batches=1047292 max_wait_flush_batches=11 queue_visibility_stalls=0 partial_visible_batches=0 published=0
[storage-owner] sender completion telemetry owner=4 batches=1048576 items=5286669 avg_batch=5.04176 avg_rpc_wall_us=15.6054 max_rpc_wall_us=19659.8 max_active_rpcs=4 max_published=38
[storage-owner] mutation completion rejected owner=4 operation_id=34359739274 status=4 generation=1 new_raw=0x0 old_raw=0x0 count=1
[storage-owner] mutation completion rejected owner=2 operation_id=34359739314 status=4 generation=1 new_raw=0x0 old_raw=0x0 count=2
[storage-owner] mutation completion rejected owner=2 operation_id=34359739253 status=4 generation=1 new_raw=0x0 old_raw=0x0 count=3
[storage-owner] mutation completion rejected owner=1 operation_id=34359739216 status=4 generation=1 new_raw=0x0 old_raw=0x0 count=4
[breakdown][measure-mixed] done measurement_elapsed=42.0231s/120s, measurement_completed=2492643 ops, measurement_avg_rate=59316 ops/s, drain_elapsed=0s, drain_completed=0 ops
breakdown benchmark failed: mixed mutation was rejected or timed out
