============================================================
                        SERVER
============================================================
num clients:                  1
TCP port:                     1235
IB device:                    <auto>
IB port:                      1
max outstanding CQEs:         64
max send work requests:       4096
max receive work requests:    4096
============================================================
index prefix:                     "/data/xjs/index/dvstor_spacev100m/index/spacev100m_R96_bw128_balanced_pmd32_pq20_schema16"
storage shard:                    "/data/xjs/index/dvstor_spacev100m/index/spacev100m_R96_bw128_balanced_pmd32_pq20_schema16_node2_of5.dat"
storage id:                       1
base vectors:                     100000000
vector ID namespace [0,N):        4294967295
registered memory GiB:            22
====================================================================
1 device(s) found
Selected device: ibp86s0
Selected port state: 4, lid: 8
interleaved policy
num_cores: 112
physical cores per socket: 28
hyperthreading enabled
local process CPU partition: rank 1/5 logical_cpus=22
pairing: 72641 -- 4465
[STATUS]: loaded index metadata from /data/xjs/index/dvstor_spacev100m/index/spacev100m_R96_bw128_balanced_pmd32_pq20_schema16 (layout=plain, vector_data_type=int8)
[STATUS]: storage-owner stage2 candidate width L=128 per shard
allocation size: 23622320128
allocated ALIGNED MEM (no hugepage) at 139721642606656 with buffer size 23622320128
[STATUS]: loading index (19200000128 Bytes) from /data/xjs/index/dvstor_spacev100m/index/spacev100m_R96_bw128_balanced_pmd32_pq20_schema16_node2_of5.dat
[STATUS]: loaded GPU PQ codes (400000000 Bytes) at remote offset 19200004224
[STATUS]: storage-owner idmap loaded entries=20000000 format=owner_sharded_v2_bound immutable_base=true dynamic_shards=256 dynamic_reserved=65536
[STATUS]: compensated physical centroid restored on shard 1: vectors=20000000 entries=4
[STATUS]: register memory and distribute access token
[STATUS]: connect QPs of compute threads
[STATUS]: reserving 64 GPU/bootstrap QPs per compute node
pairing: 72646 -- 4470
pairing: 72651 -- 4475
pairing: 72656 -- 4480
pairing: 72661 -- 4485
pairing: 72666 -- 4490
pairing: 72671 -- 4495
pairing: 72676 -- 4500
pairing: 72681 -- 4505
pairing: 72686 -- 4510
pairing: 72691 -- 4515
pairing: 72696 -- 4520
pairing: 72701 -- 4525
pairing: 72706 -- 4530
pairing: 72711 -- 4535
pairing: 72716 -- 4540
pairing: 72721 -- 4545
pairing: 72726 -- 4550
pairing: 72731 -- 4555
pairing: 72736 -- 4560
pairing: 72741 -- 4565
pairing: 72746 -- 4570
pairing: 72751 -- 4575
pairing: 72756 -- 4580
pairing: 72761 -- 4585
pairing: 72766 -- 4590
pairing: 72771 -- 4595
pairing: 72776 -- 4600
pairing: 72781 -- 4605
pairing: 72786 -- 4610
pairing: 72791 -- 4615
pairing: 72796 -- 4620
pairing: 72801 -- 4625
pairing: 72806 -- 4661
pairing: 72841 -- 4662
pairing: 72842 -- 4663
pairing: 72843 -- 4664
pairing: 72844 -- 4665
pairing: 72845 -- 4666
pairing: 72846 -- 4667
pairing: 72847 -- 4668
pairing: 72848 -- 4669
pairing: 72849 -- 4670
pairing: 72850 -- 4671
pairing: 72851 -- 4672
pairing: 72852 -- 4673
pairing: 72853 -- 4674
pairing: 72854 -- 4675
pairing: 72855 -- 4676
pairing: 72856 -- 4677
pairing: 72857 -- 4678
pairing: 72858 -- 4679
pairing: 72859 -- 4680
pairing: 72860 -- 4681
pairing: 72861 -- 4682
pairing: 72862 -- 4683
pairing: 72863 -- 4684
pairing: 72864 -- 4685
pairing: 72865 -- 4686
pairing: 72866 -- 4687
pairing: 72867 -- 4688
pairing: 72868 -- 4689
pairing: 72869 -- 4690
pairing: 72870 -- 4691
pairing: 72871 -- 4692
[STATUS]: waiting for compute-node startup barrier
1 device(s) found
Selected device: ibp86s0
Selected port state: 4, lid: 8
pairing: 72966 -- 72965
pairing: 72969 -- 72974
pairing: 72976 -- 72982
pairing: 72984 -- 72990
pairing: 72993 -- 72998
pairing: 73001 -- 73006
pairing: 73009 -- 73014
pairing: 73017 -- 73022
pairing: 73025 -- 73029
pairing: 73032 -- 73031
pairing: 73036 -- 73033
pairing: 73037 -- 73034
pairing: 73039 -- 73035
pairing: 73042 -- 73038
pairing: 73043 -- 73040
pairing: 73046 -- 73041
pairing: 73047 -- 73044
pairing: 73049 -- 73045
pairing: 73051 -- 73048
pairing: 73053 -- 73050
pairing: 73055 -- 73052
pairing: 73057 -- 73054
pairing: 73059 -- 73056
pairing: 73061 -- 73058
pairing: 73063 -- 73060
pairing: 73066 -- 73062
pairing: 73067 -- 73064
pairing: 73069 -- 73065
pairing: 73072 -- 73068
pairing: 73073 -- 73070
pairing: 73075 -- 73074
pairing: 73077 -- 73076
[STATUS]: storage-owner peer RDMA QPs per peer: 8
[STATUS]: storage-owner peer QP0 reserved for RPC; data RDMA uses QP1..7
allocated ALIGNED MEM (no hugepage) at 139720575156288 with buffer size 67108864
allocated ALIGNED MEM (no hugepage) at 139720535310400 with buffer size 39839040
[STATUS]: storage-owner peer RPC receive slots per peer: 64 (requested=64)
[STATUS]: storage-owner peer RPC concurrent sends per peer: 16
[STATUS]: storage-owner peer RPC send credits: Stage1/graph are split at depth >= 2; responses use a dedicated sync buffer
[STATUS]: storage-owner peer async response capacity: 32768
[STATUS]: storage-owner Stage2 home RPC combining: enabled logical_capacity=18432 aggregate_capacity=4608 byte_budget=33586224
allocated ALIGNED MEM (no hugepage) at 96751244673024 with buffer size 96256
allocated ALIGNED MEM (no hugepage) at 139720810340416 with buffer size 212992
allocated ALIGNED MEM (no hugepage) at 139720806670400 with buffer size 212992
[STATUS]: storage-owner peer reverse-update workers: 2
[STATUS]: storage-owner peer Stage1 workers: 3; Stage2-home workers: 1 (one reserved; shared lanes borrow authoritative work only)
[STATUS]: storage-owner physical control workers: cleanup=1 placement=1 (separate blocking domains)
[STATUS]: storage-owner peer progress threads: cq=1 response_dispatch=1
[STATUS]: storage-owner Stage1 artifact capacity: 67584 (64-way, per shard=1056) cleanup replay per shard=2048 active migration receipts=131072
[STATUS]: storage-owner peer reverse-update tuning: queue_depth=65536 coalesce_max=256
allocated ALIGNED MEM (no hugepage) at 139720797642816 with buffer size 855296
allocated ALIGNED MEM (no hugepage) at 139720794501184 with buffer size 855296
allocated ALIGNED MEM (no hugepage) at 139720793444416 with buffer size 855296
allocated ALIGNED MEM (no hugepage) at 139720790106176 with buffer size 855296
allocated ALIGNED MEM (no hugepage) at 139720786112576 with buffer size 855296
allocated ALIGNED MEM (no hugepage) at 139720785256512 with buffer size 855296
allocated ALIGNED MEM (no hugepage) at 139720781918272 with buffer size 855296
allocated ALIGNED MEM (no hugepage) at 139720781062208 with buffer size 855296
[STATUS]: storage-owner peer scratch: snapshot_slot=192 graph_slot=832 batch=256 lane_peak_rdma_wrs=56 lane_useful_wave_rdma_wrs=56 global_read_window=224 search_lanes_global=32 search_lanes_credit_derived=16 search_lane_lease_cap=32 search_lanes_physical_per_worker=4 ready_context_runtime_epoch=1 bytes_per_lane=213824 bytes_total=6842368
[STATUS]: storage-owner maintenance workers: 8 (configured=8, admission_baseline_workers=2, context_limit=32, semantic_execution_batch=8, work_conserving=true)
[STATUS]: storage-owner stage2 reverse outbox descriptors: 128 aggregates=128 wire_max_ops=3072 (shared per-peer work-conserving aggregation)
[STATUS]: storage-owner maintenance tuning: protocol=centroid-home-two-stage compaction_batch_target=32 packing_policy=deterministic_b8 packing_tail_wait_us=arrival_adaptive_capped_25000 packing_context_limit=8 backlog_limit=65536 admission_credit=bounded_accepted_backlog admission_window=65536 physical_completion_capacity=65536
[STATUS]: storage-owner peer RDMA read credits: per_data_qp=8 data_qps_per_peer=7 per_peer=56 global=224 shared_cq_read_budget=8095 ordered_snapshot_pairs_per_chain=4 (requested_per_data_qp=16)
[STATUS]: storage-owner online insert tuning: construction_beam=128 snapshot_batch=256 protocol=centroid-home-two-stage
[STATUS]: storage-owner stage1=physical-home local search and backlinks; stage2=generation-fenced home expand+score continuation
[STATUS]: storage-owner responses=foreground direct post; completion=repost by service poller
[STATUS]: storage-owner foreground pipeline: coordinators=12 cpu_lanes=3 (assigned_cpus=22, rpc_parallelism=16)
[STATUS]: storage-owner CPU plan: foreground_cpu=3 foreground_coordinators=12 maintenance=8 peer_stage1=4 (split into isolated Stage1/Stage2-home domains) peer_reverse=2 peer_cleanup=1 peer_placement=1 peer_progress=2 foreground_progress=1
[STATUS]: storage-owner insert runtime enabled on shard 1
[STATUS]: storage-owner maintenance observation: enqueued=164 stage2_enqueued=164 cleanup_enqueued=0 stage2_tasks_done=164 stage2_finalized_live=164 cleanup_processed=0 stale=0 stage2_completion_ratio=1.000000 live_stage2_completion_ratio=1.000000 avg_stage2_delay_ms=1034.576700 p99_stage2_delay_upper_ms=2000.000000 p99_stage2_delay_over_30s=false stage2_delay_histogram=0,0,0,0,0,0,0,0,10,21,29,104,0,0,0,0,0,0 max_stage2_delay_ms=1508.337459 compaction_batch_target=32 compaction_max_delay_ms=25.000000 stage2_rate_per_sec=32.654429 stage1_search_budget_exhausted=0 stage2_search_budget_exhausted=0 stage2_continuations=164 stage2_remote_frontier_items=1039099 avg_stage2_remote_frontier=6335.969512 stage2_remote_expansions=18617 avg_stage2_remote_expansions=113.518293 stage2_scored_candidates=1552141 avg_stage2_scored_candidates=9464.274390 stage2_graph_read_waves=2932 avg_stage2_expansions_per_graph_wave=6.349591 stage2_graph_unique_reads=19078 stage2_graph_prefetch_issued=13373 stage2_graph_prefetch_hits=12912 stage2_graph_prefetch_wasted=461 stage2_graph_prefetch_promotion_ratio=0.965528 stage2_graph_issue_width_current=16 stage2_vector_read_waves=4412 avg_stage2_scores_per_vector_wave=351.799864 stage2_vector_unique_reads=1423778 stage2_home_rpc_batches=8692 stage2_home_rpc_items=1067252 avg_stage2_home_rpc_batch=122.785550 stage2_home_score_rpc_batches=4111 stage2_home_score_rpc_items=1048174 stage2_home_score_rpc_queries=26597 stage2_home_score_rpc_request_bytes=28013188 stage2_home_score_rpc_response_bytes=33706024 avg_stage2_home_score_queries_per_rpc=6.469715 avg_stage2_home_score_rpc_batch=254.968134 stage2_home_scored_neighbors=1176540 home_scores_per_expansion=1.102401 stage2_migrations=155 home_match_rate=0.054878 stage2_final_edges=6085 stage2_cross_edges_stage1_home=5337 stage2_cross_edges_final_home=4242 cross_edge_reduction_ratio=0.205171 failed=0 rpc_timeouts=0 reverse_aggregate_batches=0 reverse_aggregate_logical_requests=0 reverse_aggregate_ops=0 avg_reverse_aggregate_logicals=0.000000 avg_reverse_aggregate_ops=0.000000 max_backlog=8 admission_window=65536 completion_outstanding=0 completion_incomplete=0 completed_behind_hole=0 completion_logical_full_failures=0 completion_physical_full_failures=0 pressure_yields=5921 stage2_batches=26 avg_stage2_batch_size=6.307692 packing_target_batch=8 packing_admit_queue_avg=6.307692 packing_admit_queue_max=8 packing_batch_1_7=17 packing_batch_8=9 packing_assembly_batches=26 packing_assembly_wait_ms=491.315531 packing_arrival_interval_us=5455 packing_waited_batches=17 packing_wait_ms=340.958000 packing_target_flushes=9 packing_deadline_flushes=17 packing_cleanup_flushes=0 stage2_phase_search_attempts=26 stage2_phase_search_task_attempts=164 stage2_phase_search_elapsed_ms=16696.919984 avg_stage2_phase_search_us_per_task=101810.487707 stage2_phase_freeze_prune_attempts=26 stage2_phase_freeze_prune_task_attempts=164 stage2_phase_freeze_prune_elapsed_ms=1055.295842 avg_stage2_phase_freeze_prune_us_per_task=6434.730744 stage2_phase_reverse_prepare_attempts=26 stage2_phase_reverse_prepare_task_attempts=164 stage2_phase_reverse_prepare_elapsed_ms=3887.007418 avg_stage2_phase_reverse_prepare_us_per_task=23701.264744 stage2_phase_placement_authority_attempts=26 stage2_phase_placement_authority_task_attempts=164 stage2_phase_placement_authority_elapsed_ms=2016.595813 avg_stage2_phase_placement_authority_us_per_task=12296.315933 stage2_phase_completion_handoff_attempts=26 stage2_phase_completion_handoff_task_attempts=164 stage2_phase_completion_handoff_elapsed_ms=0.078437 avg_stage2_phase_completion_handoff_us_per_task=0.478274 stage2_phase_finalize_attempts=26 stage2_phase_finalize_task_attempts=164 stage2_phase_finalize_elapsed_ms=0.406838 avg_stage2_phase_finalize_us_per_task=2.480720 maintenance_worker_idle_waits=19072 maintenance_worker_idle_ms=31105.584424 maintenance_lost_wake_avoided=8728 maintenance_targeted_wakes=87376 maintenance_generic_wakes=163 maintenance_broadcast_wakes=0 maintenance_context_slots_scanned=256912 maintenance_ready_notifications=13568 maintenance_ready_stale_notifications=0 maintenance_ready_tickets_drained=10526 maintenance_ready_overflow_scans=0 maintenance_ready_fallback_scans=16258 stage2_search_lane_lease_limit=32 stage2_search_lane_lease_peak=19 stage2_search_lane_lease_blocked=0 maintenance_worker_observed_idle_ratio=0.774188 maintenance_worker_observed_busy_ratio=0.225812 physical_stage1_items=164 physical_stage1_total_ns=992429481 physical_stage1_search_ns=938762693 physical_stage1_prune_ns=30028588 physical_stage1_allocate_write_ns=12006839 physical_stage1_backlink_ns=11161124 physical_stage1_candidates=20990 physical_stage1_remote_frontier_items=1039099 physical_stage1_neighbors=5876 peer_stage1_enqueued=265 peer_stage1_processed=265 peer_stage1_items=262 avg_peer_stage1_items=0.988679 peer_stage1_rate_per_sec=52.167442 peer_stage1_max_queue=6 peer_stage1_active_workers=0 peer_stage2_home_enqueued=11836 peer_stage2_home_processed=11836 peer_stage2_home_items=1471088 avg_peer_stage2_home_items=124.289287 peer_stage2_home_max_queue=42 peer_stage2_home_response_queue_drops=0 peer_stage2_home_response_send_wait_ms=102.702655 avg_peer_stage2_home_queue_wait_us=39.262681 avg_peer_stage2_home_execution_us=67.197045 peer_stage1_release_deferred_batches=3 peer_stage1_release_deferred_items=3 peer_stage1_duplicate_retry_responses=0 peer_stage1_admission_retry_responses=0 peer_stage1_retry_response_drops=0 peer_stage1_admission_waiters=0 peer_stage1_admission_waiter_items=0 peer_stage1_admission_owned_items=0 peer_stage1_admission_wake_coverage=0 peer_stage1_admission_parked=0 peer_stage1_admission_woken=0 peer_stage1_admission_reparked=0 peer_stage1_max_admission_waiters=0 peer_stage1_duplicate_coalesced=0 peer_reverse_enqueued=260 peer_reverse_processed=260 peer_reverse_remaining=0 peer_reverse_items_enqueued=8265 peer_reverse_items_processed=8265 peer_reverse_rate_per_sec=1645.663773 peer_reverse_failed=4 peer_reverse_max_queue=4 reclaim_pending=91 reclaim_reused=64 dynamic_high_watermark=19600350496 stage2_remaining=0 cleanup_remaining=0 active_contexts=0 active_context_limit=32 repair_remaining=0 remaining=0
[STATUS]: storage-owner maintenance observation: enqueued=164 stage2_enqueued=164 cleanup_enqueued=0 stage2_tasks_done=164 stage2_finalized_live=164 cleanup_processed=0 stale=0 stage2_completion_ratio=1.000000 live_stage2_completion_ratio=1.000000 avg_stage2_delay_ms=1034.576700 p99_stage2_delay_upper_ms=2000.000000 p99_stage2_delay_over_30s=false stage2_delay_histogram=0,0,0,0,0,0,0,0,10,21,29,104,0,0,0,0,0,0 max_stage2_delay_ms=1508.337459 compaction_batch_target=32 compaction_max_delay_ms=25.000000 stage2_rate_per_sec=16.363268 stage1_search_budget_exhausted=0 stage2_search_budget_exhausted=0 stage2_continuations=164 stage2_remote_frontier_items=1039099 avg_stage2_remote_frontier=6335.969512 stage2_remote_expansions=18617 avg_stage2_remote_expansions=113.518293 stage2_scored_candidates=1552141 avg_stage2_scored_candidates=9464.274390 stage2_graph_read_waves=2932 avg_stage2_expansions_per_graph_wave=6.349591 stage2_graph_unique_reads=19078 stage2_graph_prefetch_issued=13373 stage2_graph_prefetch_hits=12912 stage2_graph_prefetch_wasted=461 stage2_graph_prefetch_promotion_ratio=0.965528 stage2_graph_issue_width_current=16 stage2_vector_read_waves=4412 avg_stage2_scores_per_vector_wave=351.799864 stage2_vector_unique_reads=1423778 stage2_home_rpc_batches=8692 stage2_home_rpc_items=1067252 avg_stage2_home_rpc_batch=122.785550 stage2_home_score_rpc_batches=4111 stage2_home_score_rpc_items=1048174 stage2_home_score_rpc_queries=26597 stage2_home_score_rpc_request_bytes=28013188 stage2_home_score_rpc_response_bytes=33706024 avg_stage2_home_score_queries_per_rpc=6.469715 avg_stage2_home_score_rpc_batch=254.968134 stage2_home_scored_neighbors=1176540 home_scores_per_expansion=1.102401 stage2_migrations=155 home_match_rate=0.054878 stage2_final_edges=6085 stage2_cross_edges_stage1_home=5337 stage2_cross_edges_final_home=4242 cross_edge_reduction_ratio=0.205171 failed=0 rpc_timeouts=0 reverse_aggregate_batches=0 reverse_aggregate_logical_requests=0 reverse_aggregate_ops=0 avg_reverse_aggregate_logicals=0.000000 avg_reverse_aggregate_ops=0.000000 max_backlog=8 admission_window=65536 completion_outstanding=0 completion_incomplete=0 completed_behind_hole=0 completion_logical_full_failures=0 completion_physical_full_failures=0 pressure_yields=5921 stage2_batches=26 avg_stage2_batch_size=6.307692 packing_target_batch=8 packing_admit_queue_avg=6.307692 packing_admit_queue_max=8 packing_batch_1_7=17 packing_batch_8=9 packing_assembly_batches=26 packing_assembly_wait_ms=491.315531 packing_arrival_interval_us=5455 packing_waited_batches=17 packing_wait_ms=340.958000 packing_target_flushes=9 packing_deadline_flushes=17 packing_cleanup_flushes=0 stage2_phase_search_attempts=26 stage2_phase_search_task_attempts=164 stage2_phase_search_elapsed_ms=16696.919984 avg_stage2_phase_search_us_per_task=101810.487707 stage2_phase_freeze_prune_attempts=26 stage2_phase_freeze_prune_task_attempts=164 stage2_phase_freeze_prune_elapsed_ms=1055.295842 avg_stage2_phase_freeze_prune_us_per_task=6434.730744 stage2_phase_reverse_prepare_attempts=26 stage2_phase_reverse_prepare_task_attempts=164 stage2_phase_reverse_prepare_elapsed_ms=3887.007418 avg_stage2_phase_reverse_prepare_us_per_task=23701.264744 stage2_phase_placement_authority_attempts=26 stage2_phase_placement_authority_task_attempts=164 stage2_phase_placement_authority_elapsed_ms=2016.595813 avg_stage2_phase_placement_authority_us_per_task=12296.315933 stage2_phase_completion_handoff_attempts=26 stage2_phase_completion_handoff_task_attempts=164 stage2_phase_completion_handoff_elapsed_ms=0.078437 avg_stage2_phase_completion_handoff_us_per_task=0.478274 stage2_phase_finalize_attempts=26 stage2_phase_finalize_task_attempts=164 stage2_phase_finalize_elapsed_ms=0.406838 avg_stage2_phase_finalize_us_per_task=2.480720 maintenance_worker_idle_waits=23040 maintenance_worker_idle_ms=71024.456292 maintenance_lost_wake_avoided=8728 maintenance_targeted_wakes=87376 maintenance_generic_wakes=163 maintenance_broadcast_wakes=0 maintenance_context_slots_scanned=320400 maintenance_ready_notifications=13568 maintenance_ready_stale_notifications=0 maintenance_ready_tickets_drained=10526 maintenance_ready_overflow_scans=0 maintenance_ready_fallback_scans=20231 stage2_search_lane_lease_limit=32 stage2_search_lane_lease_peak=19 stage2_search_lane_lease_blocked=0 maintenance_worker_observed_idle_ratio=0.885817 maintenance_worker_observed_busy_ratio=0.114183 physical_stage1_items=164 physical_stage1_total_ns=992429481 physical_stage1_search_ns=938762693 physical_stage1_prune_ns=30028588 physical_stage1_allocate_write_ns=12006839 physical_stage1_backlink_ns=11161124 physical_stage1_candidates=20990 physical_stage1_remote_frontier_items=1039099 physical_stage1_neighbors=5876 peer_stage1_enqueued=265 peer_stage1_processed=265 peer_stage1_items=262 avg_peer_stage1_items=0.988679 peer_stage1_rate_per_sec=26.141318 peer_stage1_max_queue=6 peer_stage1_active_workers=0 peer_stage2_home_enqueued=11836 peer_stage2_home_processed=11836 peer_stage2_home_items=1471088 avg_peer_stage2_home_items=124.289287 peer_stage2_home_max_queue=42 peer_stage2_home_response_queue_drops=0 peer_stage2_home_response_send_wait_ms=102.702655 avg_peer_stage2_home_queue_wait_us=39.262681 avg_peer_stage2_home_execution_us=67.197045 peer_stage1_release_deferred_batches=3 peer_stage1_release_deferred_items=3 peer_stage1_duplicate_retry_responses=0 peer_stage1_admission_retry_responses=0 peer_stage1_retry_response_drops=0 peer_stage1_admission_waiters=0 peer_stage1_admission_waiter_items=0 peer_stage1_admission_owned_items=0 peer_stage1_admission_wake_coverage=0 peer_stage1_admission_parked=0 peer_stage1_admission_woken=0 peer_stage1_admission_reparked=0 peer_stage1_max_admission_waiters=0 peer_stage1_duplicate_coalesced=0 peer_reverse_enqueued=260 peer_reverse_processed=260 peer_reverse_remaining=0 peer_reverse_items_enqueued=8265 peer_reverse_items_processed=8265 peer_reverse_rate_per_sec=824.648844 peer_reverse_failed=4 peer_reverse_max_queue=4 reclaim_pending=91 reclaim_reused=64 dynamic_high_watermark=19600350496 stage2_remaining=0 cleanup_remaining=0 active_contexts=0 active_context_limit=32 repair_remaining=0 remaining=0
[STATUS]: storage-owner maintenance observation: enqueued=164 stage2_enqueued=164 cleanup_enqueued=0 stage2_tasks_done=164 stage2_finalized_live=164 cleanup_processed=0 stale=0 stage2_completion_ratio=1.000000 live_stage2_completion_ratio=1.000000 avg_stage2_delay_ms=1034.576700 p99_stage2_delay_upper_ms=2000.000000 p99_stage2_delay_over_30s=false stage2_delay_histogram=0,0,0,0,0,0,0,0,10,21,29,104,0,0,0,0,0,0 max_stage2_delay_ms=1508.337459 compaction_batch_target=32 compaction_max_delay_ms=25.000000 stage2_rate_per_sec=10.915177 stage1_search_budget_exhausted=0 stage2_search_budget_exhausted=0 stage2_continuations=164 stage2_remote_frontier_items=1039099 avg_stage2_remote_frontier=6335.969512 stage2_remote_expansions=18617 avg_stage2_remote_expansions=113.518293 stage2_scored_candidates=1552141 avg_stage2_scored_candidates=9464.274390 stage2_graph_read_waves=2932 avg_stage2_expansions_per_graph_wave=6.349591 stage2_graph_unique_reads=19078 stage2_graph_prefetch_issued=13373 stage2_graph_prefetch_hits=12912 stage2_graph_prefetch_wasted=461 stage2_graph_prefetch_promotion_ratio=0.965528 stage2_graph_issue_width_current=16 stage2_vector_read_waves=4412 avg_stage2_scores_per_vector_wave=351.799864 stage2_vector_unique_reads=1423778 stage2_home_rpc_batches=8692 stage2_home_rpc_items=1067252 avg_stage2_home_rpc_batch=122.785550 stage2_home_score_rpc_batches=4111 stage2_home_score_rpc_items=1048174 stage2_home_score_rpc_queries=26597 stage2_home_score_rpc_request_bytes=28013188 stage2_home_score_rpc_response_bytes=33706024 avg_stage2_home_score_queries_per_rpc=6.469715 avg_stage2_home_score_rpc_batch=254.968134 stage2_home_scored_neighbors=1176540 home_scores_per_expansion=1.102401 stage2_migrations=155 home_match_rate=0.054878 stage2_final_edges=6085 stage2_cross_edges_stage1_home=5337 stage2_cross_edges_final_home=4242 cross_edge_reduction_ratio=0.205171 failed=0 rpc_timeouts=0 reverse_aggregate_batches=0 reverse_aggregate_logical_requests=0 reverse_aggregate_ops=0 avg_reverse_aggregate_logicals=0.000000 avg_reverse_aggregate_ops=0.000000 max_backlog=8 admission_window=65536 completion_outstanding=0 completion_incomplete=0 completed_behind_hole=0 completion_logical_full_failures=0 completion_physical_full_failures=0 pressure_yields=5921 stage2_batches=26 avg_stage2_batch_size=6.307692 packing_target_batch=8 packing_admit_queue_avg=6.307692 packing_admit_queue_max=8 packing_batch_1_7=17 packing_batch_8=9 packing_assembly_batches=26 packing_assembly_wait_ms=491.315531 packing_arrival_interval_us=5455 packing_waited_batches=17 packing_wait_ms=340.958000 packing_target_flushes=9 packing_deadline_flushes=17 packing_cleanup_flushes=0 stage2_phase_search_attempts=26 stage2_phase_search_task_attempts=164 stage2_phase_search_elapsed_ms=16696.919984 avg_stage2_phase_search_us_per_task=101810.487707 stage2_phase_freeze_prune_attempts=26 stage2_phase_freeze_prune_task_attempts=164 stage2_phase_freeze_prune_elapsed_ms=1055.295842 avg_stage2_phase_freeze_prune_us_per_task=6434.730744 stage2_phase_reverse_prepare_attempts=26 stage2_phase_reverse_prepare_task_attempts=164 stage2_phase_reverse_prepare_elapsed_ms=3887.007418 avg_stage2_phase_reverse_prepare_us_per_task=23701.264744 stage2_phase_placement_authority_attempts=26 stage2_phase_placement_authority_task_attempts=164 stage2_phase_placement_authority_elapsed_ms=2016.595813 avg_stage2_phase_placement_authority_us_per_task=12296.315933 stage2_phase_completion_handoff_attempts=26 stage2_phase_completion_handoff_task_attempts=164 stage2_phase_completion_handoff_elapsed_ms=0.078437 avg_stage2_phase_completion_handoff_us_per_task=0.478274 stage2_phase_finalize_attempts=26 stage2_phase_finalize_task_attempts=164 stage2_phase_finalize_elapsed_ms=0.406838 avg_stage2_phase_finalize_us_per_task=2.480720 maintenance_worker_idle_waits=26944 maintenance_worker_idle_ms=110296.789343 maintenance_lost_wake_avoided=8728 maintenance_targeted_wakes=87376 maintenance_generic_wakes=163 maintenance_broadcast_wakes=0 maintenance_context_slots_scanned=382864 maintenance_ready_notifications=13568 maintenance_ready_stale_notifications=0 maintenance_ready_tickets_drained=10526 maintenance_ready_overflow_scans=0 maintenance_ready_fallback_scans=24207 stage2_search_lane_lease_limit=32 stage2_search_lane_lease_peak=19 stage2_search_lane_lease_blocked=0 maintenance_worker_observed_idle_ratio=0.917614 maintenance_worker_observed_busy_ratio=0.082386 physical_stage1_items=164 physical_stage1_total_ns=992429481 physical_stage1_search_ns=938762693 physical_stage1_prune_ns=30028588 physical_stage1_allocate_write_ns=12006839 physical_stage1_backlink_ns=11161124 physical_stage1_candidates=20990 physical_stage1_remote_frontier_items=1039099 physical_stage1_neighbors=5876 peer_stage1_enqueued=265 peer_stage1_processed=265 peer_stage1_items=262 avg_peer_stage1_items=0.988679 peer_stage1_rate_per_sec=17.437660 peer_stage1_max_queue=6 peer_stage1_active_workers=0 peer_stage2_home_enqueued=11836 peer_stage2_home_processed=11836 peer_stage2_home_items=1471088 avg_peer_stage2_home_items=124.289287 peer_stage2_home_max_queue=42 peer_stage2_home_response_queue_drops=0 peer_stage2_home_response_send_wait_ms=102.702655 avg_peer_stage2_home_queue_wait_us=39.262681 avg_peer_stage2_home_execution_us=67.197045 peer_stage1_release_deferred_batches=3 peer_stage1_release_deferred_items=3 peer_stage1_duplicate_retry_responses=0 peer_stage1_admission_retry_responses=0 peer_stage1_retry_response_drops=0 peer_stage1_admission_waiters=0 peer_stage1_admission_waiter_items=0 peer_stage1_admission_owned_items=0 peer_stage1_admission_wake_coverage=0 peer_stage1_admission_parked=0 peer_stage1_admission_woken=0 peer_stage1_admission_reparked=0 peer_stage1_max_admission_waiters=0 peer_stage1_duplicate_coalesced=0 peer_reverse_enqueued=260 peer_reverse_processed=260 peer_reverse_remaining=0 peer_reverse_items_enqueued=8265 peer_reverse_items_processed=8265 peer_reverse_rate_per_sec=550.084964 peer_reverse_failed=4 peer_reverse_max_queue=4 reclaim_pending=91 reclaim_reused=64 dynamic_high_watermark=19600350496 stage2_remaining=0 cleanup_remaining=0 active_contexts=0 active_context_limit=32 repair_remaining=0 remaining=0
[STATUS]: storage-owner maintenance observation: enqueued=164 stage2_enqueued=164 cleanup_enqueued=0 stage2_tasks_done=164 stage2_finalized_live=164 cleanup_processed=0 stale=0 stage2_completion_ratio=1.000000 live_stage2_completion_ratio=1.000000 avg_stage2_delay_ms=1034.576700 p99_stage2_delay_upper_ms=2000.000000 p99_stage2_delay_over_30s=false stage2_delay_histogram=0,0,0,0,0,0,0,0,10,21,29,104,0,0,0,0,0,0 max_stage2_delay_ms=1508.337459 compaction_batch_target=32 compaction_max_delay_ms=25.000000 stage2_rate_per_sec=8.189617 stage1_search_budget_exhausted=0 stage2_search_budget_exhausted=0 stage2_continuations=164 stage2_remote_frontier_items=1039099 avg_stage2_remote_frontier=6335.969512 stage2_remote_expansions=18617 avg_stage2_remote_expansions=113.518293 stage2_scored_candidates=1552141 avg_stage2_scored_candidates=9464.274390 stage2_graph_read_waves=2932 avg_stage2_expansions_per_graph_wave=6.349591 stage2_graph_unique_reads=19078 stage2_graph_prefetch_issued=13373 stage2_graph_prefetch_hits=12912 stage2_graph_prefetch_wasted=461 stage2_graph_prefetch_promotion_ratio=0.965528 stage2_graph_issue_width_current=16 stage2_vector_read_waves=4412 avg_stage2_scores_per_vector_wave=351.799864 stage2_vector_unique_reads=1423778 stage2_home_rpc_batches=8692 stage2_home_rpc_items=1067252 avg_stage2_home_rpc_batch=122.785550 stage2_home_score_rpc_batches=4111 stage2_home_score_rpc_items=1048174 stage2_home_score_rpc_queries=26597 stage2_home_score_rpc_request_bytes=28013188 stage2_home_score_rpc_response_bytes=33706024 avg_stage2_home_score_queries_per_rpc=6.469715 avg_stage2_home_score_rpc_batch=254.968134 stage2_home_scored_neighbors=1176540 home_scores_per_expansion=1.102401 stage2_migrations=155 home_match_rate=0.054878 stage2_final_edges=6085 stage2_cross_edges_stage1_home=5337 stage2_cross_edges_final_home=4242 cross_edge_reduction_ratio=0.205171 failed=0 rpc_timeouts=0 reverse_aggregate_batches=0 reverse_aggregate_logical_requests=0 reverse_aggregate_ops=0 avg_reverse_aggregate_logicals=0.000000 avg_reverse_aggregate_ops=0.000000 max_backlog=8 admission_window=65536 completion_outstanding=0 completion_incomplete=0 completed_behind_hole=0 completion_logical_full_failures=0 completion_physical_full_failures=0 pressure_yields=5921 stage2_batches=26 avg_stage2_batch_size=6.307692 packing_target_batch=8 packing_admit_queue_avg=6.307692 packing_admit_queue_max=8 packing_batch_1_7=17 packing_batch_8=9 packing_assembly_batches=26 packing_assembly_wait_ms=491.315531 packing_arrival_interval_us=5455 packing_waited_batches=17 packing_wait_ms=340.958000 packing_target_flushes=9 packing_deadline_flushes=17 packing_cleanup_flushes=0 stage2_phase_search_attempts=26 stage2_phase_search_task_attempts=164 stage2_phase_search_elapsed_ms=16696.919984 avg_stage2_phase_search_us_per_task=101810.487707 stage2_phase_freeze_prune_attempts=26 stage2_phase_freeze_prune_task_attempts=164 stage2_phase_freeze_prune_elapsed_ms=1055.295842 avg_stage2_phase_freeze_prune_us_per_task=6434.730744 stage2_phase_reverse_prepare_attempts=26 stage2_phase_reverse_prepare_task_attempts=164 stage2_phase_reverse_prepare_elapsed_ms=3887.007418 avg_stage2_phase_reverse_prepare_us_per_task=23701.264744 stage2_phase_placement_authority_attempts=26 stage2_phase_placement_authority_task_attempts=164 stage2_phase_placement_authority_elapsed_ms=2016.595813 avg_stage2_phase_placement_authority_us_per_task=12296.315933 stage2_phase_completion_handoff_attempts=26 stage2_phase_completion_handoff_task_attempts=164 stage2_phase_completion_handoff_elapsed_ms=0.078437 avg_stage2_phase_completion_handoff_us_per_task=0.478274 stage2_phase_finalize_attempts=26 stage2_phase_finalize_task_attempts=164 stage2_phase_finalize_elapsed_ms=0.406838 avg_stage2_phase_finalize_us_per_task=2.480720 maintenance_worker_idle_waits=30848 maintenance_worker_idle_ms=149568.729114 maintenance_lost_wake_avoided=8728 maintenance_targeted_wakes=87376 maintenance_generic_wakes=163 maintenance_broadcast_wakes=0 maintenance_context_slots_scanned=445328 maintenance_ready_notifications=13568 maintenance_ready_stale_notifications=0 maintenance_ready_tickets_drained=10526 maintenance_ready_overflow_scans=0 maintenance_ready_fallback_scans=28183 stage2_search_lane_lease_limit=32 stage2_search_lane_lease_peak=19 stage2_search_lane_lease_blocked=0 maintenance_worker_observed_idle_ratio=0.933621 maintenance_worker_observed_busy_ratio=0.066379 physical_stage1_items=164 physical_stage1_total_ns=992429481 physical_stage1_search_ns=938762693 physical_stage1_prune_ns=30028588 physical_stage1_allocate_write_ns=12006839 physical_stage1_backlink_ns=11161124 physical_stage1_candidates=20990 physical_stage1_remote_frontier_items=1039099 physical_stage1_neighbors=5876 peer_stage1_enqueued=265 peer_stage1_processed=265 peer_stage1_items=262 avg_peer_stage1_items=0.988679 peer_stage1_rate_per_sec=13.083412 peer_stage1_max_queue=6 peer_stage1_active_workers=0 peer_stage2_home_enqueued=11836 peer_stage2_home_processed=11836 peer_stage2_home_items=1471088 avg_peer_stage2_home_items=124.289287 peer_stage2_home_max_queue=42 peer_stage2_home_response_queue_drops=0 peer_stage2_home_response_send_wait_ms=102.702655 avg_peer_stage2_home_queue_wait_us=39.262681 avg_peer_stage2_home_execution_us=67.197045 peer_stage1_release_deferred_batches=3 peer_stage1_release_deferred_items=3 peer_stage1_duplicate_retry_responses=0 peer_stage1_admission_retry_responses=0 peer_stage1_retry_response_drops=0 peer_stage1_admission_waiters=0 peer_stage1_admission_waiter_items=0 peer_stage1_admission_owned_items=0 peer_stage1_admission_wake_coverage=0 peer_stage1_admission_parked=0 peer_stage1_admission_woken=0 peer_stage1_admission_reparked=0 peer_stage1_max_admission_waiters=0 peer_stage1_duplicate_coalesced=0 peer_reverse_enqueued=260 peer_reverse_processed=260 peer_reverse_remaining=0 peer_reverse_items_enqueued=8265 peer_reverse_items_processed=8265 peer_reverse_rate_per_sec=412.726725 peer_reverse_failed=4 peer_reverse_max_queue=4 reclaim_pending=91 reclaim_reused=64 dynamic_high_watermark=19600350496 stage2_remaining=0 cleanup_remaining=0 active_contexts=0 active_context_limit=32 repair_remaining=0 remaining=0
[STATUS]: storage-owner maintenance observation: enqueued=164 stage2_enqueued=164 cleanup_enqueued=0 stage2_tasks_done=164 stage2_finalized_live=164 cleanup_processed=0 stale=0 stage2_completion_ratio=1.000000 live_stage2_completion_ratio=1.000000 avg_stage2_delay_ms=1034.576700 p99_stage2_delay_upper_ms=2000.000000 p99_stage2_delay_over_30s=false stage2_delay_histogram=0,0,0,0,0,0,0,0,10,21,29,104,0,0,0,0,0,0 max_stage2_delay_ms=1508.337459 compaction_batch_target=32 compaction_max_delay_ms=25.000000 stage2_rate_per_sec=6.553170 stage1_search_budget_exhausted=0 stage2_search_budget_exhausted=0 stage2_continuations=164 stage2_remote_frontier_items=1039099 avg_stage2_remote_frontier=6335.969512 stage2_remote_expansions=18617 avg_stage2_remote_expansions=113.518293 stage2_scored_candidates=1552141 avg_stage2_scored_candidates=9464.274390 stage2_graph_read_waves=2932 avg_stage2_expansions_per_graph_wave=6.349591 stage2_graph_unique_reads=19078 stage2_graph_prefetch_issued=13373 stage2_graph_prefetch_hits=12912 stage2_graph_prefetch_wasted=461 stage2_graph_prefetch_promotion_ratio=0.965528 stage2_graph_issue_width_current=16 stage2_vector_read_waves=4412 avg_stage2_scores_per_vector_wave=351.799864 stage2_vector_unique_reads=1423778 stage2_home_rpc_batches=8692 stage2_home_rpc_items=1067252 avg_stage2_home_rpc_batch=122.785550 stage2_home_score_rpc_batches=4111 stage2_home_score_rpc_items=1048174 stage2_home_score_rpc_queries=26597 stage2_home_score_rpc_request_bytes=28013188 stage2_home_score_rpc_response_bytes=33706024 avg_stage2_home_score_queries_per_rpc=6.469715 avg_stage2_home_score_rpc_batch=254.968134 stage2_home_scored_neighbors=1176540 home_scores_per_expansion=1.102401 stage2_migrations=155 home_match_rate=0.054878 stage2_final_edges=6085 stage2_cross_edges_stage1_home=5337 stage2_cross_edges_final_home=4242 cross_edge_reduction_ratio=0.205171 failed=0 rpc_timeouts=0 reverse_aggregate_batches=0 reverse_aggregate_logical_requests=0 reverse_aggregate_ops=0 avg_reverse_aggregate_logicals=0.000000 avg_reverse_aggregate_ops=0.000000 max_backlog=8 admission_window=65536 completion_outstanding=0 completion_incomplete=0 completed_behind_hole=0 completion_logical_full_failures=0 completion_physical_full_failures=0 pressure_yields=5921 stage2_batches=26 avg_stage2_batch_size=6.307692 packing_target_batch=8 packing_admit_queue_avg=6.307692 packing_admit_queue_max=8 packing_batch_1_7=17 packing_batch_8=9 packing_assembly_batches=26 packing_assembly_wait_ms=491.315531 packing_arrival_interval_us=5455 packing_waited_batches=17 packing_wait_ms=340.958000 packing_target_flushes=9 packing_deadline_flushes=17 packing_cleanup_flushes=0 stage2_phase_search_attempts=26 stage2_phase_search_task_attempts=164 stage2_phase_search_elapsed_ms=16696.919984 avg_stage2_phase_search_us_per_task=101810.487707 stage2_phase_freeze_prune_attempts=26 stage2_phase_freeze_prune_task_attempts=164 stage2_phase_freeze_prune_elapsed_ms=1055.295842 avg_stage2_phase_freeze_prune_us_per_task=6434.730744 stage2_phase_reverse_prepare_attempts=26 stage2_phase_reverse_prepare_task_attempts=164 stage2_phase_reverse_prepare_elapsed_ms=3887.007418 avg_stage2_phase_reverse_prepare_us_per_task=23701.264744 stage2_phase_placement_authority_attempts=26 stage2_phase_placement_authority_task_attempts=164 stage2_phase_placement_authority_elapsed_ms=2016.595813 avg_stage2_phase_placement_authority_us_per_task=12296.315933 stage2_phase_completion_handoff_attempts=26 stage2_phase_completion_handoff_task_attempts=164 stage2_phase_completion_handoff_elapsed_ms=0.078437 avg_stage2_phase_completion_handoff_us_per_task=0.478274 stage2_phase_finalize_attempts=26 stage2_phase_finalize_task_attempts=164 stage2_phase_finalize_elapsed_ms=0.406838 avg_stage2_phase_finalize_us_per_task=2.480720 maintenance_worker_idle_waits=34944 maintenance_worker_idle_ms=190770.318788 maintenance_lost_wake_avoided=8728 maintenance_targeted_wakes=87376 maintenance_generic_wakes=163 maintenance_broadcast_wakes=0 maintenance_context_slots_scanned=510864 maintenance_ready_notifications=13568 maintenance_ready_stale_notifications=0 maintenance_ready_tickets_drained=10526 maintenance_ready_overflow_scans=0 maintenance_ready_fallback_scans=32160 stage2_search_lane_lease_limit=32 stage2_search_lane_lease_peak=19 stage2_search_lane_lease_blocked=0 maintenance_worker_observed_idle_ratio=0.952858 maintenance_worker_observed_busy_ratio=0.047142 physical_stage1_items=164 physical_stage1_total_ns=992429481 physical_stage1_search_ns=938762693 physical_stage1_prune_ns=30028588 physical_stage1_allocate_write_ns=12006839 physical_stage1_backlink_ns=11161124 physical_stage1_candidates=20990 physical_stage1_remote_frontier_items=1039099 physical_stage1_neighbors=5876 peer_stage1_enqueued=265 peer_stage1_processed=265 peer_stage1_items=262 avg_peer_stage1_items=0.988679 peer_stage1_rate_per_sec=10.469088 peer_stage1_max_queue=6 peer_stage1_active_workers=0 peer_stage2_home_enqueued=11836 peer_stage2_home_processed=11836 peer_stage2_home_items=1471088 avg_peer_stage2_home_items=124.289287 peer_stage2_home_max_queue=42 peer_stage2_home_response_queue_drops=0 peer_stage2_home_response_send_wait_ms=102.702655 avg_peer_stage2_home_queue_wait_us=39.262681 avg_peer_stage2_home_execution_us=67.197045 peer_stage1_release_deferred_batches=3 peer_stage1_release_deferred_items=3 peer_stage1_duplicate_retry_responses=0 peer_stage1_admission_retry_responses=0 peer_stage1_retry_response_drops=0 peer_stage1_admission_waiters=0 peer_stage1_admission_waiter_items=0 peer_stage1_admission_owned_items=0 peer_stage1_admission_wake_coverage=0 peer_stage1_admission_parked=0 peer_stage1_admission_woken=0 peer_stage1_admission_reparked=0 peer_stage1_max_admission_waiters=0 peer_stage1_duplicate_coalesced=0 peer_reverse_enqueued=260 peer_reverse_processed=260 peer_reverse_remaining=0 peer_reverse_items_enqueued=8265 peer_reverse_items_processed=8265 peer_reverse_rate_per_sec=330.255786 peer_reverse_failed=4 peer_reverse_max_queue=4 reclaim_pending=91 reclaim_reused=64 dynamic_high_watermark=19600350496 stage2_remaining=0 cleanup_remaining=0 active_contexts=0 active_context_limit=32 repair_remaining=0 remaining=0
[STATUS]: storage-owner maintenance observation: enqueued=164 stage2_enqueued=164 cleanup_enqueued=0 stage2_tasks_done=164 stage2_finalized_live=164 cleanup_processed=0 stale=0 stage2_completion_ratio=1.000000 live_stage2_completion_ratio=1.000000 avg_stage2_delay_ms=1034.576700 p99_stage2_delay_upper_ms=2000.000000 p99_stage2_delay_over_30s=false stage2_delay_histogram=0,0,0,0,0,0,0,0,10,21,29,104,0,0,0,0,0,0 max_stage2_delay_ms=1508.337459 compaction_batch_target=32 compaction_max_delay_ms=25.000000 stage2_rate_per_sec=5.460907 stage1_search_budget_exhausted=0 stage2_search_budget_exhausted=0 stage2_continuations=164 stage2_remote_frontier_items=1039099 avg_stage2_remote_frontier=6335.969512 stage2_remote_expansions=18617 avg_stage2_remote_expansions=113.518293 stage2_scored_candidates=1552141 avg_stage2_scored_candidates=9464.274390 stage2_graph_read_waves=2932 avg_stage2_expansions_per_graph_wave=6.349591 stage2_graph_unique_reads=19078 stage2_graph_prefetch_issued=13373 stage2_graph_prefetch_hits=12912 stage2_graph_prefetch_wasted=461 stage2_graph_prefetch_promotion_ratio=0.965528 stage2_graph_issue_width_current=16 stage2_vector_read_waves=4412 avg_stage2_scores_per_vector_wave=351.799864 stage2_vector_unique_reads=1423778 stage2_home_rpc_batches=8692 stage2_home_rpc_items=1067252 avg_stage2_home_rpc_batch=122.785550 stage2_home_score_rpc_batches=4111 stage2_home_score_rpc_items=1048174 stage2_home_score_rpc_queries=26597 stage2_home_score_rpc_request_bytes=28013188 stage2_home_score_rpc_response_bytes=33706024 avg_stage2_home_score_queries_per_rpc=6.469715 avg_stage2_home_score_rpc_batch=254.968134 stage2_home_scored_neighbors=1176540 home_scores_per_expansion=1.102401 stage2_migrations=155 home_match_rate=0.054878 stage2_final_edges=6085 stage2_cross_edges_stage1_home=5337 stage2_cross_edges_final_home=4242 cross_edge_reduction_ratio=0.205171 failed=0 rpc_timeouts=0 reverse_aggregate_batches=0 reverse_aggregate_logical_requests=0 reverse_aggregate_ops=0 avg_reverse_aggregate_logicals=0.000000 avg_reverse_aggregate_ops=0.000000 max_backlog=8 admission_window=65536 completion_outstanding=0 completion_incomplete=0 completed_behind_hole=0 completion_logical_full_failures=0 completion_physical_full_failures=0 pressure_yields=5921 stage2_batches=26 avg_stage2_batch_size=6.307692 packing_target_batch=8 packing_admit_queue_avg=6.307692 packing_admit_queue_max=8 packing_batch_1_7=17 packing_batch_8=9 packing_assembly_batches=26 packing_assembly_wait_ms=491.315531 packing_arrival_interval_us=5455 packing_waited_batches=17 packing_wait_ms=340.958000 packing_target_flushes=9 packing_deadline_flushes=17 packing_cleanup_flushes=0 stage2_phase_search_attempts=26 stage2_phase_search_task_attempts=164 stage2_phase_search_elapsed_ms=16696.919984 avg_stage2_phase_search_us_per_task=101810.487707 stage2_phase_freeze_prune_attempts=26 stage2_phase_freeze_prune_task_attempts=164 stage2_phase_freeze_prune_elapsed_ms=1055.295842 avg_stage2_phase_freeze_prune_us_per_task=6434.730744 stage2_phase_reverse_prepare_attempts=26 stage2_phase_reverse_prepare_task_attempts=164 stage2_phase_reverse_prepare_elapsed_ms=3887.007418 avg_stage2_phase_reverse_prepare_us_per_task=23701.264744 stage2_phase_placement_authority_attempts=26 stage2_phase_placement_authority_task_attempts=164 stage2_phase_placement_authority_elapsed_ms=2016.595813 avg_stage2_phase_placement_authority_us_per_task=12296.315933 stage2_phase_completion_handoff_attempts=26 stage2_phase_completion_handoff_task_attempts=164 stage2_phase_completion_handoff_elapsed_ms=0.078437 avg_stage2_phase_completion_handoff_us_per_task=0.478274 stage2_phase_finalize_attempts=26 stage2_phase_finalize_task_attempts=164 stage2_phase_finalize_elapsed_ms=0.406838 avg_stage2_phase_finalize_us_per_task=2.480720 maintenance_worker_idle_waits=38912 maintenance_worker_idle_ms=230689.276267 maintenance_lost_wake_avoided=8728 maintenance_targeted_wakes=87376 maintenance_generic_wakes=163 maintenance_broadcast_wakes=0 maintenance_context_slots_scanned=574352 maintenance_ready_notifications=13568 maintenance_ready_stale_notifications=0 maintenance_ready_tickets_drained=10526 maintenance_ready_overflow_scans=0 maintenance_ready_fallback_scans=36138 stage2_search_lane_lease_limit=32 stage2_search_lane_lease_peak=19 stage2_search_lane_lease_blocked=0 maintenance_worker_observed_idle_ratio=0.960193 maintenance_worker_observed_busy_ratio=0.039807 physical_stage1_items=164 physical_stage1_total_ns=992429481 physical_stage1_search_ns=938762693 physical_stage1_prune_ns=30028588 physical_stage1_allocate_write_ns=12006839 physical_stage1_backlink_ns=11161124 physical_stage1_candidates=20990 physical_stage1_remote_frontier_items=1039099 physical_stage1_neighbors=5876 peer_stage1_enqueued=265 peer_stage1_processed=265 peer_stage1_items=262 avg_peer_stage1_items=0.988679 peer_stage1_rate_per_sec=8.724131 peer_stage1_max_queue=6 peer_stage1_active_workers=0 peer_stage2_home_enqueued=11836 peer_stage2_home_processed=11836 peer_stage2_home_items=1471088 avg_peer_stage2_home_items=124.289287 peer_stage2_home_max_queue=42 peer_stage2_home_response_queue_drops=0 peer_stage2_home_response_send_wait_ms=102.702655 avg_peer_stage2_home_queue_wait_us=39.262681 avg_peer_stage2_home_execution_us=67.197045 peer_stage1_release_deferred_batches=3 peer_stage1_release_deferred_items=3 peer_stage1_duplicate_retry_responses=0 peer_stage1_admission_retry_responses=0 peer_stage1_retry_response_drops=0 peer_stage1_admission_waiters=0 peer_stage1_admission_waiter_items=0 peer_stage1_admission_owned_items=0 peer_stage1_admission_wake_coverage=0 peer_stage1_admission_parked=0 peer_stage1_admission_woken=0 peer_stage1_admission_reparked=0 peer_stage1_max_admission_waiters=0 peer_stage1_duplicate_coalesced=0 peer_reverse_enqueued=260 peer_reverse_processed=260 peer_reverse_remaining=0 peer_reverse_items_enqueued=8265 peer_reverse_items_processed=8265 peer_reverse_rate_per_sec=275.209712 peer_reverse_failed=4 peer_reverse_max_queue=4 reclaim_pending=91 reclaim_reused=64 dynamic_high_watermark=19600350496 stage2_remaining=0 cleanup_remaining=0 active_contexts=0 active_context_limit=32 repair_remaining=0 remaining=0
[STATUS]: storage-owner maintenance observation: enqueued=164 stage2_enqueued=164 cleanup_enqueued=0 stage2_tasks_done=164 stage2_finalized_live=164 cleanup_processed=0 stale=0 stage2_completion_ratio=1.000000 live_stage2_completion_ratio=1.000000 avg_stage2_delay_ms=1034.576700 p99_stage2_delay_upper_ms=2000.000000 p99_stage2_delay_over_30s=false stage2_delay_histogram=0,0,0,0,0,0,0,0,10,21,29,104,0,0,0,0,0,0 max_stage2_delay_ms=1508.337459 compaction_batch_target=32 compaction_max_delay_ms=25.000000 stage2_rate_per_sec=4.681447 stage1_search_budget_exhausted=0 stage2_search_budget_exhausted=0 stage2_continuations=164 stage2_remote_frontier_items=1039099 avg_stage2_remote_frontier=6335.969512 stage2_remote_expansions=18617 avg_stage2_remote_expansions=113.518293 stage2_scored_candidates=1552141 avg_stage2_scored_candidates=9464.274390 stage2_graph_read_waves=2932 avg_stage2_expansions_per_graph_wave=6.349591 stage2_graph_unique_reads=19078 stage2_graph_prefetch_issued=13373 stage2_graph_prefetch_hits=12912 stage2_graph_prefetch_wasted=461 stage2_graph_prefetch_promotion_ratio=0.965528 stage2_graph_issue_width_current=16 stage2_vector_read_waves=4412 avg_stage2_scores_per_vector_wave=351.799864 stage2_vector_unique_reads=1423778 stage2_home_rpc_batches=8692 stage2_home_rpc_items=1067252 avg_stage2_home_rpc_batch=122.785550 stage2_home_score_rpc_batches=4111 stage2_home_score_rpc_items=1048174 stage2_home_score_rpc_queries=26597 stage2_home_score_rpc_request_bytes=28013188 stage2_home_score_rpc_response_bytes=33706024 avg_stage2_home_score_queries_per_rpc=6.469715 avg_stage2_home_score_rpc_batch=254.968134 stage2_home_scored_neighbors=1176540 home_scores_per_expansion=1.102401 stage2_migrations=155 home_match_rate=0.054878 stage2_final_edges=6085 stage2_cross_edges_stage1_home=5337 stage2_cross_edges_final_home=4242 cross_edge_reduction_ratio=0.205171 failed=0 rpc_timeouts=0 reverse_aggregate_batches=0 reverse_aggregate_logical_requests=0 reverse_aggregate_ops=0 avg_reverse_aggregate_logicals=0.000000 avg_reverse_aggregate_ops=0.000000 max_backlog=8 admission_window=65536 completion_outstanding=0 completion_incomplete=0 completed_behind_hole=0 completion_logical_full_failures=0 completion_physical_full_failures=0 pressure_yields=5921 stage2_batches=26 avg_stage2_batch_size=6.307692 packing_target_batch=8 packing_admit_queue_avg=6.307692 packing_admit_queue_max=8 packing_batch_1_7=17 packing_batch_8=9 packing_assembly_batches=26 packing_assembly_wait_ms=491.315531 packing_arrival_interval_us=5455 packing_waited_batches=17 packing_wait_ms=340.958000 packing_target_flushes=9 packing_deadline_flushes=17 packing_cleanup_flushes=0 stage2_phase_search_attempts=26 stage2_phase_search_task_attempts=164 stage2_phase_search_elapsed_ms=16696.919984 avg_stage2_phase_search_us_per_task=101810.487707 stage2_phase_freeze_prune_attempts=26 stage2_phase_freeze_prune_task_attempts=164 stage2_phase_freeze_prune_elapsed_ms=1055.295842 avg_stage2_phase_freeze_prune_us_per_task=6434.730744 stage2_phase_reverse_prepare_attempts=26 stage2_phase_reverse_prepare_task_attempts=164 stage2_phase_reverse_prepare_elapsed_ms=3887.007418 avg_stage2_phase_reverse_prepare_us_per_task=23701.264744 stage2_phase_placement_authority_attempts=26 stage2_phase_placement_authority_task_attempts=164 stage2_phase_placement_authority_elapsed_ms=2016.595813 avg_stage2_phase_placement_authority_us_per_task=12296.315933 stage2_phase_completion_handoff_attempts=26 stage2_phase_completion_handoff_task_attempts=164 stage2_phase_completion_handoff_elapsed_ms=0.078437 avg_stage2_phase_completion_handoff_us_per_task=0.478274 stage2_phase_finalize_attempts=26 stage2_phase_finalize_task_attempts=164 stage2_phase_finalize_elapsed_ms=0.406838 avg_stage2_phase_finalize_us_per_task=2.480720 maintenance_worker_idle_waits=42880 maintenance_worker_idle_ms=270606.697034 maintenance_lost_wake_avoided=8728 maintenance_targeted_wakes=87376 maintenance_generic_wakes=163 maintenance_broadcast_wakes=0 maintenance_context_slots_scanned=637840 maintenance_ready_notifications=13568 maintenance_ready_stale_notifications=0 maintenance_ready_tickets_drained=10526 maintenance_ready_overflow_scans=0 maintenance_ready_fallback_scans=40113 stage2_search_lane_lease_limit=32 stage2_search_lane_lease_peak=19 stage2_search_lane_lease_blocked=0 maintenance_worker_observed_idle_ratio=0.965572 maintenance_worker_observed_busy_ratio=0.034428 physical_stage1_items=164 physical_stage1_total_ns=992429481 physical_stage1_search_ns=938762693 physical_stage1_prune_ns=30028588 physical_stage1_allocate_write_ns=12006839 physical_stage1_backlink_ns=11161124 physical_stage1_candidates=20990 physical_stage1_remote_frontier_items=1039099 physical_stage1_neighbors=5876 peer_stage1_enqueued=265 peer_stage1_processed=265 peer_stage1_items=262 avg_peer_stage1_items=0.988679 peer_stage1_rate_per_sec=7.478897 peer_stage1_max_queue=6 peer_stage1_active_workers=0 peer_stage2_home_enqueued=11836 peer_stage2_home_processed=11836 peer_stage2_home_items=1471088 avg_peer_stage2_home_items=124.289287 peer_stage2_home_max_queue=42 peer_stage2_home_response_queue_drops=0 peer_stage2_home_response_send_wait_ms=102.702655 avg_peer_stage2_home_queue_wait_us=39.262681 avg_peer_stage2_home_execution_us=67.197045 peer_stage1_release_deferred_batches=3 peer_stage1_release_deferred_items=3 peer_stage1_duplicate_retry_responses=0 peer_stage1_admission_retry_responses=0 peer_stage1_retry_response_drops=0 peer_stage1_admission_waiters=0 peer_stage1_admission_waiter_items=0 peer_stage1_admission_owned_items=0 peer_stage1_admission_wake_coverage=0 peer_stage1_admission_parked=0 peer_stage1_admission_woken=0 peer_stage1_admission_reparked=0 peer_stage1_max_admission_waiters=0 peer_stage1_duplicate_coalesced=0 peer_reverse_enqueued=260 peer_reverse_processed=260 peer_reverse_remaining=0 peer_reverse_items_enqueued=8265 peer_reverse_items_processed=8265 peer_reverse_rate_per_sec=235.927802 peer_reverse_failed=4 peer_reverse_max_queue=4 reclaim_pending=91 reclaim_reused=64 dynamic_high_watermark=19600350496 stage2_remaining=0 cleanup_remaining=0 active_contexts=0 active_context_limit=32 repair_remaining=0 remaining=0
[STATUS]: storage-owner maintenance observation: enqueued=164 stage2_enqueued=164 cleanup_enqueued=0 stage2_tasks_done=164 stage2_finalized_live=164 cleanup_processed=0 stale=0 stage2_completion_ratio=1.000000 live_stage2_completion_ratio=1.000000 avg_stage2_delay_ms=1034.576700 p99_stage2_delay_upper_ms=2000.000000 p99_stage2_delay_over_30s=false stage2_delay_histogram=0,0,0,0,0,0,0,0,10,21,29,104,0,0,0,0,0,0 max_stage2_delay_ms=1508.337459 compaction_batch_target=32 compaction_max_delay_ms=25.000000 stage2_rate_per_sec=4.096554 stage1_search_budget_exhausted=0 stage2_search_budget_exhausted=0 stage2_continuations=164 stage2_remote_frontier_items=1039099 avg_stage2_remote_frontier=6335.969512 stage2_remote_expansions=18617 avg_stage2_remote_expansions=113.518293 stage2_scored_candidates=1552141 avg_stage2_scored_candidates=9464.274390 stage2_graph_read_waves=2932 avg_stage2_expansions_per_graph_wave=6.349591 stage2_graph_unique_reads=19078 stage2_graph_prefetch_issued=13373 stage2_graph_prefetch_hits=12912 stage2_graph_prefetch_wasted=461 stage2_graph_prefetch_promotion_ratio=0.965528 stage2_graph_issue_width_current=16 stage2_vector_read_waves=4412 avg_stage2_scores_per_vector_wave=351.799864 stage2_vector_unique_reads=1423778 stage2_home_rpc_batches=8692 stage2_home_rpc_items=1067252 avg_stage2_home_rpc_batch=122.785550 stage2_home_score_rpc_batches=4111 stage2_home_score_rpc_items=1048174 stage2_home_score_rpc_queries=26597 stage2_home_score_rpc_request_bytes=28013188 stage2_home_score_rpc_response_bytes=33706024 avg_stage2_home_score_queries_per_rpc=6.469715 avg_stage2_home_score_rpc_batch=254.968134 stage2_home_scored_neighbors=1176540 home_scores_per_expansion=1.102401 stage2_migrations=155 home_match_rate=0.054878 stage2_final_edges=6085 stage2_cross_edges_stage1_home=5337 stage2_cross_edges_final_home=4242 cross_edge_reduction_ratio=0.205171 failed=0 rpc_timeouts=0 reverse_aggregate_batches=0 reverse_aggregate_logical_requests=0 reverse_aggregate_ops=0 avg_reverse_aggregate_logicals=0.000000 avg_reverse_aggregate_ops=0.000000 max_backlog=8 admission_window=65536 completion_outstanding=0 completion_incomplete=0 completed_behind_hole=0 completion_logical_full_failures=0 completion_physical_full_failures=0 pressure_yields=5921 stage2_batches=26 avg_stage2_batch_size=6.307692 packing_target_batch=8 packing_admit_queue_avg=6.307692 packing_admit_queue_max=8 packing_batch_1_7=17 packing_batch_8=9 packing_assembly_batches=26 packing_assembly_wait_ms=491.315531 packing_arrival_interval_us=5455 packing_waited_batches=17 packing_wait_ms=340.958000 packing_target_flushes=9 packing_deadline_flushes=17 packing_cleanup_flushes=0 stage2_phase_search_attempts=26 stage2_phase_search_task_attempts=164 stage2_phase_search_elapsed_ms=16696.919984 avg_stage2_phase_search_us_per_task=101810.487707 stage2_phase_freeze_prune_attempts=26 stage2_phase_freeze_prune_task_attempts=164 stage2_phase_freeze_prune_elapsed_ms=1055.295842 avg_stage2_phase_freeze_prune_us_per_task=6434.730744 stage2_phase_reverse_prepare_attempts=26 stage2_phase_reverse_prepare_task_attempts=164 stage2_phase_reverse_prepare_elapsed_ms=3887.007418 avg_stage2_phase_reverse_prepare_us_per_task=23701.264744 stage2_phase_placement_authority_attempts=26 stage2_phase_placement_authority_task_attempts=164 stage2_phase_placement_authority_elapsed_ms=2016.595813 avg_stage2_phase_placement_authority_us_per_task=12296.315933 stage2_phase_completion_handoff_attempts=26 stage2_phase_completion_handoff_task_attempts=164 stage2_phase_completion_handoff_elapsed_ms=0.078437 avg_stage2_phase_completion_handoff_us_per_task=0.478274 stage2_phase_finalize_attempts=26 stage2_phase_finalize_task_attempts=164 stage2_phase_finalize_elapsed_ms=0.406838 avg_stage2_phase_finalize_us_per_task=2.480720 maintenance_worker_idle_waits=46784 maintenance_worker_idle_ms=309880.499465 maintenance_lost_wake_avoided=8728 maintenance_targeted_wakes=87376 maintenance_generic_wakes=163 maintenance_broadcast_wakes=0 maintenance_context_slots_scanned=700304 maintenance_ready_notifications=13568 maintenance_ready_stale_notifications=0 maintenance_ready_tickets_drained=10526 maintenance_ready_overflow_scans=0 maintenance_ready_fallback_scans=44090 stage2_search_lane_lease_limit=32 stage2_search_lane_lease_peak=19 stage2_search_lane_lease_blocked=0 maintenance_worker_observed_idle_ratio=0.967563 maintenance_worker_observed_busy_ratio=0.032437 physical_stage1_items=164 physical_stage1_total_ns=992429481 physical_stage1_search_ns=938762693 physical_stage1_prune_ns=30028588 physical_stage1_allocate_write_ns=12006839 physical_stage1_backlink_ns=11161124 physical_stage1_candidates=20990 physical_stage1_remote_frontier_items=1039099 physical_stage1_neighbors=5876 peer_stage1_enqueued=265 peer_stage1_processed=265 peer_stage1_items=262 avg_peer_stage1_items=0.988679 peer_stage1_rate_per_sec=6.544495 peer_stage1_max_queue=6 peer_stage1_active_workers=0 peer_stage2_home_enqueued=11836 peer_stage2_home_processed=11836 peer_stage2_home_items=1471088 avg_peer_stage2_home_items=124.289287 peer_stage2_home_max_queue=42 peer_stage2_home_response_queue_drops=0 peer_stage2_home_response_send_wait_ms=102.702655 avg_peer_stage2_home_queue_wait_us=39.262681 avg_peer_stage2_home_execution_us=67.197045 peer_stage1_release_deferred_batches=3 peer_stage1_release_deferred_items=3 peer_stage1_duplicate_retry_responses=0 peer_stage1_admission_retry_responses=0 peer_stage1_retry_response_drops=0 peer_stage1_admission_waiters=0 peer_stage1_admission_waiter_items=0 peer_stage1_admission_owned_items=0 peer_stage1_admission_wake_coverage=0 peer_stage1_admission_parked=0 peer_stage1_admission_woken=0 peer_stage1_admission_reparked=0 peer_stage1_max_admission_waiters=0 peer_stage1_duplicate_coalesced=0 peer_reverse_enqueued=260 peer_reverse_processed=260 peer_reverse_remaining=0 peer_reverse_items_enqueued=8265 peer_reverse_items_processed=8265 peer_reverse_rate_per_sec=206.451349 peer_reverse_failed=4 peer_reverse_max_queue=4 reclaim_pending=91 reclaim_reused=64 dynamic_high_watermark=19600350496 stage2_remaining=0 cleanup_remaining=0 active_contexts=0 active_context_limit=32 repair_remaining=0 remaining=0
[STATUS]: storage-owner maintenance observation: enqueued=164 stage2_enqueued=164 cleanup_enqueued=0 stage2_tasks_done=164 stage2_finalized_live=164 cleanup_processed=0 stale=0 stage2_completion_ratio=1.000000 live_stage2_completion_ratio=1.000000 avg_stage2_delay_ms=1034.576700 p99_stage2_delay_upper_ms=2000.000000 p99_stage2_delay_over_30s=false stage2_delay_histogram=0,0,0,0,0,0,0,0,10,21,29,104,0,0,0,0,0,0 max_stage2_delay_ms=1508.337459 compaction_batch_target=32 compaction_max_delay_ms=25.000000 stage2_rate_per_sec=3.641706 stage1_search_budget_exhausted=0 stage2_search_budget_exhausted=0 stage2_continuations=164 stage2_remote_frontier_items=1039099 avg_stage2_remote_frontier=6335.969512 stage2_remote_expansions=18617 avg_stage2_remote_expansions=113.518293 stage2_scored_candidates=1552141 avg_stage2_scored_candidates=9464.274390 stage2_graph_read_waves=2932 avg_stage2_expansions_per_graph_wave=6.349591 stage2_graph_unique_reads=19078 stage2_graph_prefetch_issued=13373 stage2_graph_prefetch_hits=12912 stage2_graph_prefetch_wasted=461 stage2_graph_prefetch_promotion_ratio=0.965528 stage2_graph_issue_width_current=16 stage2_vector_read_waves=4412 avg_stage2_scores_per_vector_wave=351.799864 stage2_vector_unique_reads=1423778 stage2_home_rpc_batches=8692 stage2_home_rpc_items=1067252 avg_stage2_home_rpc_batch=122.785550 stage2_home_score_rpc_batches=4111 stage2_home_score_rpc_items=1048174 stage2_home_score_rpc_queries=26597 stage2_home_score_rpc_request_bytes=28013188 stage2_home_score_rpc_response_bytes=33706024 avg_stage2_home_score_queries_per_rpc=6.469715 avg_stage2_home_score_rpc_batch=254.968134 stage2_home_scored_neighbors=1176540 home_scores_per_expansion=1.102401 stage2_migrations=155 home_match_rate=0.054878 stage2_final_edges=6085 stage2_cross_edges_stage1_home=5337 stage2_cross_edges_final_home=4242 cross_edge_reduction_ratio=0.205171 failed=0 rpc_timeouts=0 reverse_aggregate_batches=0 reverse_aggregate_logical_requests=0 reverse_aggregate_ops=0 avg_reverse_aggregate_logicals=0.000000 avg_reverse_aggregate_ops=0.000000 max_backlog=8 admission_window=65536 completion_outstanding=0 completion_incomplete=0 completed_behind_hole=0 completion_logical_full_failures=0 completion_physical_full_failures=0 pressure_yields=5921 stage2_batches=26 avg_stage2_batch_size=6.307692 packing_target_batch=8 packing_admit_queue_avg=6.307692 packing_admit_queue_max=8 packing_batch_1_7=17 packing_batch_8=9 packing_assembly_batches=26 packing_assembly_wait_ms=491.315531 packing_arrival_interval_us=5455 packing_waited_batches=17 packing_wait_ms=340.958000 packing_target_flushes=9 packing_deadline_flushes=17 packing_cleanup_flushes=0 stage2_phase_search_attempts=26 stage2_phase_search_task_attempts=164 stage2_phase_search_elapsed_ms=16696.919984 avg_stage2_phase_search_us_per_task=101810.487707 stage2_phase_freeze_prune_attempts=26 stage2_phase_freeze_prune_task_attempts=164 stage2_phase_freeze_prune_elapsed_ms=1055.295842 avg_stage2_phase_freeze_prune_us_per_task=6434.730744 stage2_phase_reverse_prepare_attempts=26 stage2_phase_reverse_prepare_task_attempts=164 stage2_phase_reverse_prepare_elapsed_ms=3887.007418 avg_stage2_phase_reverse_prepare_us_per_task=23701.264744 stage2_phase_placement_authority_attempts=26 stage2_phase_placement_authority_task_attempts=164 stage2_phase_placement_authority_elapsed_ms=2016.595813 avg_stage2_phase_placement_authority_us_per_task=12296.315933 stage2_phase_completion_handoff_attempts=26 stage2_phase_completion_handoff_task_attempts=164 stage2_phase_completion_handoff_elapsed_ms=0.078437 avg_stage2_phase_completion_handoff_us_per_task=0.478274 stage2_phase_finalize_attempts=26 stage2_phase_finalize_task_attempts=164 stage2_phase_finalize_elapsed_ms=0.406838 avg_stage2_phase_finalize_us_per_task=2.480720 maintenance_worker_idle_waits=50816 maintenance_worker_idle_ms=350440.950720 maintenance_lost_wake_avoided=8728 maintenance_targeted_wakes=87376 maintenance_generic_wakes=163 maintenance_broadcast_wakes=0 maintenance_context_slots_scanned=764816 maintenance_ready_notifications=13568 maintenance_ready_stale_notifications=0 maintenance_ready_tickets_drained=10526 maintenance_ready_overflow_scans=0 maintenance_ready_fallback_scans=48067 stage2_search_lane_lease_limit=32 stage2_search_lane_lease_peak=19 stage2_search_lane_lease_blocked=0 maintenance_worker_observed_idle_ratio=0.972716 maintenance_worker_observed_busy_ratio=0.027284 physical_stage1_items=164 physical_stage1_total_ns=992429481 physical_stage1_search_ns=938762693 physical_stage1_prune_ns=30028588 physical_stage1_allocate_write_ns=12006839 physical_stage1_backlink_ns=11161124 physical_stage1_candidates=20990 physical_stage1_remote_frontier_items=1039099 physical_stage1_neighbors=5876 peer_stage1_enqueued=265 peer_stage1_processed=265 peer_stage1_items=262 avg_peer_stage1_items=0.988679 peer_stage1_rate_per_sec=5.817847 peer_stage1_max_queue=6 peer_stage1_active_workers=0 peer_stage2_home_enqueued=11836 peer_stage2_home_processed=11836 peer_stage2_home_items=1471088 avg_peer_stage2_home_items=124.289287 peer_stage2_home_max_queue=42 peer_stage2_home_response_queue_drops=0 peer_stage2_home_response_send_wait_ms=102.702655 avg_peer_stage2_home_queue_wait_us=39.262681 avg_peer_stage2_home_execution_us=67.197045 peer_stage1_release_deferred_batches=3 peer_stage1_release_deferred_items=3 peer_stage1_duplicate_retry_responses=0 peer_stage1_admission_retry_responses=0 peer_stage1_retry_response_drops=0 peer_stage1_admission_waiters=0 peer_stage1_admission_waiter_items=0 peer_stage1_admission_owned_items=0 peer_stage1_admission_wake_coverage=0 peer_stage1_admission_parked=0 peer_stage1_admission_woken=0 peer_stage1_admission_reparked=0 peer_stage1_max_admission_waiters=0 peer_stage1_duplicate_coalesced=0 peer_reverse_enqueued=260 peer_reverse_processed=260 peer_reverse_remaining=0 peer_reverse_items_enqueued=8265 peer_reverse_items_processed=8265 peer_reverse_rate_per_sec=183.528658 peer_reverse_failed=4 peer_reverse_max_queue=4 reclaim_pending=91 reclaim_reused=64 dynamic_high_watermark=19600350496 stage2_remaining=0 cleanup_remaining=0 active_contexts=0 active_context_limit=32 repair_remaining=0 remaining=0
