============================================================
                        SERVER
============================================================
num clients:                  1
TCP port:                     1237
IB device:                    <auto>
IB port:                      1
max outstanding CQEs:         64
max send work requests:       4096
max receive work requests:    4096
============================================================
index prefix:                     "/data/xjs/index/dvstor_spacev100m/index/spacev100m_R96_bw128_balanced_pmd32_pq20_schema16"
storage shard:                    "/data/xjs/index/dvstor_spacev100m/index/spacev100m_R96_bw128_balanced_pmd32_pq20_schema16_node4_of5.dat"
storage id:                       3
base vectors:                     100000000
vector ID namespace [0,N):        4294967295
registered memory GiB:            22
====================================================================
1 device(s) found
Selected device: ibp86s0
Selected port state: 4, lid: 8
interleaved policy
num_cores: 112
physical cores per socket: 28
hyperthreading enabled
local process CPU partition: rank 3/5 logical_cpus=22
pairing: 72643 -- 4467
[STATUS]: loaded index metadata from /data/xjs/index/dvstor_spacev100m/index/spacev100m_R96_bw128_balanced_pmd32_pq20_schema16 (layout=plain, vector_data_type=int8)
[STATUS]: storage-owner stage2 candidate width L=128 per shard
allocation size: 23622320128
allocated ALIGNED MEM (no hugepage) at 123137010171968 with buffer size 23622320128
[STATUS]: loading index (19200000128 Bytes) from /data/xjs/index/dvstor_spacev100m/index/spacev100m_R96_bw128_balanced_pmd32_pq20_schema16_node4_of5.dat
[STATUS]: loaded GPU PQ codes (400000000 Bytes) at remote offset 19200004224
[STATUS]: storage-owner idmap loaded entries=20000000 format=owner_sharded_v2_bound immutable_base=true dynamic_shards=256 dynamic_reserved=65536
[STATUS]: compensated physical centroid restored on shard 3: vectors=20000000 entries=4
[STATUS]: register memory and distribute access token
[STATUS]: connect QPs of compute threads
[STATUS]: reserving 64 GPU/bootstrap QPs per compute node
pairing: 72648 -- 4472
pairing: 72653 -- 4477
pairing: 72658 -- 4482
pairing: 72663 -- 4487
pairing: 72668 -- 4492
pairing: 72673 -- 4497
pairing: 72678 -- 4502
pairing: 72683 -- 4507
pairing: 72688 -- 4512
pairing: 72693 -- 4517
pairing: 72698 -- 4522
pairing: 72703 -- 4527
pairing: 72708 -- 4532
pairing: 72713 -- 4537
pairing: 72718 -- 4542
pairing: 72723 -- 4547
pairing: 72728 -- 4552
pairing: 72733 -- 4557
pairing: 72738 -- 4562
pairing: 72743 -- 4567
pairing: 72748 -- 4572
pairing: 72753 -- 4577
pairing: 72758 -- 4582
pairing: 72763 -- 4587
pairing: 72768 -- 4592
pairing: 72773 -- 4597
pairing: 72778 -- 4602
pairing: 72783 -- 4607
pairing: 72788 -- 4612
pairing: 72793 -- 4617
pairing: 72798 -- 4622
pairing: 72803 -- 4627
pairing: 72808 -- 4725
pairing: 72903 -- 4726
pairing: 72904 -- 4727
pairing: 72905 -- 4728
pairing: 72906 -- 4729
pairing: 72907 -- 4730
pairing: 72908 -- 4731
pairing: 72909 -- 4732
pairing: 72910 -- 4733
pairing: 72911 -- 4734
pairing: 72912 -- 4735
pairing: 72913 -- 4736
pairing: 72914 -- 4737
pairing: 72915 -- 4738
pairing: 72916 -- 4739
pairing: 72917 -- 4740
pairing: 72918 -- 4741
pairing: 72919 -- 4742
pairing: 72920 -- 4743
pairing: 72921 -- 4744
pairing: 72922 -- 4745
pairing: 72923 -- 4746
pairing: 72924 -- 4747
pairing: 72925 -- 4748
pairing: 72926 -- 4749
pairing: 72927 -- 4750
pairing: 72928 -- 4751
pairing: 72929 -- 4752
pairing: 72930 -- 4753
pairing: 72931 -- 4754
pairing: 72932 -- 4755
pairing: 72933 -- 4756
[STATUS]: waiting for compute-node startup barrier
1 device(s) found
Selected device: ibp86s0
Selected port state: 4, lid: 8
pairing: 72968 -- 72973
pairing: 72975 -- 72980
pairing: 72983 -- 72988
pairing: 72991 -- 72996
pairing: 72999 -- 73004
pairing: 73007 -- 73012
pairing: 73015 -- 73020
pairing: 73023 -- 73028
pairing: 73033 -- 73036
pairing: 73038 -- 73042
pairing: 73044 -- 73047
pairing: 73050 -- 73053
pairing: 73056 -- 73059
pairing: 73062 -- 73066
pairing: 73068 -- 73072
pairing: 73074 -- 73075
pairing: 73078 -- 73071
pairing: 73081 -- 73083
pairing: 73085 -- 73087
pairing: 73089 -- 73091
pairing: 73093 -- 73094
pairing: 73097 -- 73098
pairing: 73101 -- 73102
pairing: 73105 -- 73106
pairing: 73109 -- 73110
pairing: 73112 -- 73111
pairing: 73114 -- 73113
pairing: 73116 -- 73115
pairing: 73118 -- 73117
pairing: 73120 -- 73119
pairing: 73122 -- 73121
pairing: 73124 -- 73123
[STATUS]: storage-owner peer RDMA QPs per peer: 8
[STATUS]: storage-owner peer QP0 reserved for RPC; data RDMA uses QP1..7
allocated ALIGNED MEM (no hugepage) at 123135942721600 with buffer size 67108864
allocated ALIGNED MEM (no hugepage) at 123135902875712 with buffer size 39839040
[STATUS]: storage-owner peer RPC receive slots per peer: 64 (requested=64)
[STATUS]: storage-owner peer RPC concurrent sends per peer: 16
[STATUS]: storage-owner peer RPC send credits: Stage1/graph are split at depth >= 2; responses use a dedicated sync buffer
[STATUS]: storage-owner peer async response capacity: 32768
[STATUS]: storage-owner Stage2 home RPC combining: enabled logical_capacity=18432 aggregate_capacity=4608 byte_budget=33586224
allocated ALIGNED MEM (no hugepage) at 104396819460096 with buffer size 96256
allocated ALIGNED MEM (no hugepage) at 123136177705024 with buffer size 212992
allocated ALIGNED MEM (no hugepage) at 123136170000448 with buffer size 212992
[STATUS]: storage-owner peer reverse-update workers: 2
[STATUS]: storage-owner peer Stage1 workers: 3; Stage2-home workers: 1 (one reserved; shared lanes borrow authoritative work only)
[STATUS]: storage-owner physical control workers: cleanup=1 placement=1 (separate blocking domains)
[STATUS]: storage-owner peer progress threads: cq=1 response_dispatch=1
[STATUS]: storage-owner Stage1 artifact capacity: 67584 (64-way, per shard=1056) cleanup replay per shard=2048 active migration receipts=131072
[STATUS]: storage-owner peer reverse-update tuning: queue_depth=65536 coalesce_max=256
allocated ALIGNED MEM (no hugepage) at 123136162066496 with buffer size 855296
allocated ALIGNED MEM (no hugepage) at 123136161210432 with buffer size 855296
allocated ALIGNED MEM (no hugepage) at 123136157872192 with buffer size 855296
allocated ALIGNED MEM (no hugepage) at 123136156815424 with buffer size 855296
allocated ALIGNED MEM (no hugepage) at 123136153477184 with buffer size 855296
allocated ALIGNED MEM (no hugepage) at 123136149483584 with buffer size 855296
allocated ALIGNED MEM (no hugepage) at 123136148627520 with buffer size 855296
allocated ALIGNED MEM (no hugepage) at 123136145289280 with buffer size 855296
[STATUS]: storage-owner peer scratch: snapshot_slot=192 graph_slot=832 batch=256 lane_peak_rdma_wrs=56 lane_useful_wave_rdma_wrs=56 global_read_window=224 search_lanes_global=32 search_lanes_credit_derived=16 search_lane_lease_cap=32 search_lanes_physical_per_worker=4 ready_context_runtime_epoch=1 bytes_per_lane=213824 bytes_total=6842368
[STATUS]: storage-owner maintenance workers: 8 (configured=8, admission_baseline_workers=2, context_limit=32, semantic_execution_batch=8, work_conserving=true)
[STATUS]: storage-owner stage2 reverse outbox descriptors: 128 aggregates=128 wire_max_ops=3072 (shared per-peer work-conserving aggregation)
[STATUS]: storage-owner maintenance tuning: protocol=centroid-home-two-stage compaction_batch_target=32 packing_policy=deterministic_b8 packing_tail_wait_us=arrival_adaptive_capped_25000 packing_context_limit=8 backlog_limit=65536 admission_credit=bounded_accepted_backlog admission_window=65536 physical_completion_capacity=65536
[STATUS]: storage-owner peer RDMA read credits: per_data_qp=8 data_qps_per_peer=7 per_peer=56 global=224 shared_cq_read_budget=8095 ordered_snapshot_pairs_per_chain=4 (requested_per_data_qp=16)
[STATUS]: storage-owner online insert tuning: construction_beam=128 snapshot_batch=256 protocol=centroid-home-two-stage
[STATUS]: storage-owner stage1=physical-home local search and backlinks; stage2=generation-fenced home expand+score continuation
[STATUS]: storage-owner responses=foreground direct post; completion=repost by service poller
[STATUS]: storage-owner foreground pipeline: coordinators=12 cpu_lanes=3 (assigned_cpus=22, rpc_parallelism=16)
[STATUS]: storage-owner CPU plan: foreground_cpu=3 foreground_coordinators=12 maintenance=8 peer_stage1=4 (split into isolated Stage1/Stage2-home domains) peer_reverse=2 peer_cleanup=1 peer_placement=1 peer_progress=2 foreground_progress=1
[STATUS]: storage-owner insert runtime enabled on shard 3
[STATUS]: storage-owner maintenance observation: enqueued=306 stage2_enqueued=306 cleanup_enqueued=0 stage2_tasks_done=306 stage2_finalized_live=306 cleanup_processed=0 stale=0 stage2_completion_ratio=1.000000 live_stage2_completion_ratio=1.000000 avg_stage2_delay_ms=1195.894812 p99_stage2_delay_upper_ms=2000.000000 p99_stage2_delay_over_30s=false stage2_delay_histogram=0,0,0,0,0,0,0,0,11,20,33,242,0,0,0,0,0,0 max_stage2_delay_ms=1677.774290 compaction_batch_target=32 compaction_max_delay_ms=25.000000 stage2_rate_per_sec=60.925095 stage1_search_budget_exhausted=0 stage2_search_budget_exhausted=0 stage2_continuations=306 stage2_remote_frontier_items=1686078 avg_stage2_remote_frontier=5510.058824 stage2_remote_expansions=34452 avg_stage2_remote_expansions=112.588235 stage2_scored_candidates=2483620 avg_stage2_scored_candidates=8116.405229 stage2_graph_read_waves=4666 avg_stage2_expansions_per_graph_wave=7.383626 stage2_graph_unique_reads=35187 stage2_graph_prefetch_issued=25705 stage2_graph_prefetch_hits=24970 stage2_graph_prefetch_wasted=735 stage2_graph_prefetch_promotion_ratio=0.971406 stage2_graph_issue_width_current=16 stage2_vector_read_waves=6948 avg_stage2_scores_per_vector_wave=357.458261 stage2_vector_unique_reads=2284149 stage2_home_rpc_batches=13802 stage2_home_rpc_items=1736742 avg_stage2_home_rpc_batch=125.832633 stage2_home_score_rpc_batches=6679 stage2_home_score_rpc_items=1701555 stage2_home_score_rpc_queries=48232 stage2_home_score_rpc_request_bytes=45981080 stage2_home_score_rpc_response_bytes=54716952 avg_stage2_home_score_queries_per_rpc=7.221440 avg_stage2_home_score_rpc_batch=254.761940 stage2_home_scored_neighbors=1901025 home_scores_per_expansion=1.094593 stage2_migrations=279 home_match_rate=0.088235 stage2_final_edges=11104 stage2_cross_edges_stage1_home=9601 stage2_cross_edges_final_home=7768 cross_edge_reduction_ratio=0.190918 failed=0 rpc_timeouts=0 reverse_aggregate_batches=0 reverse_aggregate_logical_requests=0 reverse_aggregate_ops=0 avg_reverse_aggregate_logicals=0.000000 avg_reverse_aggregate_ops=0.000000 max_backlog=40 admission_window=65536 completion_outstanding=0 completion_incomplete=0 completed_behind_hole=0 completion_logical_full_failures=0 completion_physical_full_failures=0 pressure_yields=32953 stage2_batches=42 avg_stage2_batch_size=7.285714 packing_target_batch=8 packing_admit_queue_avg=9.476190 packing_admit_queue_max=40 packing_batch_1_7=14 packing_batch_8=28 packing_assembly_batches=42 packing_assembly_wait_ms=3001.206989 packing_arrival_interval_us=2321 packing_waited_batches=14 packing_wait_ms=160.370000 packing_target_flushes=28 packing_deadline_flushes=14 packing_cleanup_flushes=0 stage2_phase_search_attempts=42 stage2_phase_search_task_attempts=306 stage2_phase_search_elapsed_ms=38519.249105 avg_stage2_phase_search_us_per_task=125879.899036 stage2_phase_freeze_prune_attempts=43 stage2_phase_freeze_prune_task_attempts=314 stage2_phase_freeze_prune_elapsed_ms=1270.621489 avg_stage2_phase_freeze_prune_us_per_task=4046.565252 stage2_phase_reverse_prepare_attempts=42 stage2_phase_reverse_prepare_task_attempts=306 stage2_phase_reverse_prepare_elapsed_ms=3955.906144 avg_stage2_phase_reverse_prepare_us_per_task=12927.797856 stage2_phase_placement_authority_attempts=42 stage2_phase_placement_authority_task_attempts=306 stage2_phase_placement_authority_elapsed_ms=1758.461067 avg_stage2_phase_placement_authority_us_per_task=5746.604794 stage2_phase_completion_handoff_attempts=42 stage2_phase_completion_handoff_task_attempts=306 stage2_phase_completion_handoff_elapsed_ms=0.096138 avg_stage2_phase_completion_handoff_us_per_task=0.314176 stage2_phase_finalize_attempts=42 stage2_phase_finalize_task_attempts=306 stage2_phase_finalize_elapsed_ms=0.715835 avg_stage2_phase_finalize_us_per_task=2.339330 maintenance_worker_idle_waits=37376 maintenance_worker_idle_ms=27770.081092 maintenance_lost_wake_avoided=24888 maintenance_targeted_wakes=255681 maintenance_generic_wakes=305 maintenance_broadcast_wakes=0 maintenance_context_slots_scanned=580256 maintenance_ready_notifications=22039 maintenance_ready_stale_notifications=0 maintenance_ready_tickets_drained=15856 maintenance_ready_overflow_scans=0 maintenance_ready_fallback_scans=36508 stage2_search_lane_lease_limit=32 stage2_search_lane_lease_peak=32 stage2_search_lane_lease_blocked=0 maintenance_worker_observed_idle_ratio=0.691134 maintenance_worker_observed_busy_ratio=0.308866 physical_stage1_items=306 physical_stage1_total_ns=1619505642 physical_stage1_search_ns=1514505758 physical_stage1_prune_ns=72242313 physical_stage1_allocate_write_ns=24377415 physical_stage1_backlink_ns=7593133 physical_stage1_candidates=39167 physical_stage1_remote_frontier_items=1686078 physical_stage1_neighbors=11557 peer_stage1_enqueued=487 peer_stage1_processed=487 peer_stage1_items=486 avg_peer_stage1_items=0.997947 peer_stage1_rate_per_sec=96.763386 peer_stage1_max_queue=12 peer_stage1_active_workers=0 peer_stage2_home_enqueued=10455 peer_stage2_home_processed=10455 peer_stage2_home_items=1301190 avg_peer_stage2_home_items=124.456241 peer_stage2_home_max_queue=56 peer_stage2_home_response_queue_drops=0 peer_stage2_home_response_send_wait_ms=363.156099 avg_peer_stage2_home_queue_wait_us=222.159244 avg_peer_stage2_home_execution_us=70.812872 peer_stage1_release_deferred_batches=3 peer_stage1_release_deferred_items=3 peer_stage1_duplicate_retry_responses=0 peer_stage1_admission_retry_responses=0 peer_stage1_retry_response_drops=0 peer_stage1_admission_waiters=0 peer_stage1_admission_waiter_items=0 peer_stage1_admission_owned_items=0 peer_stage1_admission_wake_coverage=0 peer_stage1_admission_parked=0 peer_stage1_admission_woken=0 peer_stage1_admission_reparked=0 peer_stage1_max_admission_waiters=0 peer_stage1_duplicate_coalesced=0 peer_reverse_enqueued=221 peer_reverse_processed=221 peer_reverse_remaining=0 peer_reverse_items_enqueued=6782 peer_reverse_items_processed=6782 peer_reverse_rate_per_sec=1350.307162 peer_reverse_failed=1 peer_reverse_max_queue=35 reclaim_pending=239 reclaim_reused=40 dynamic_high_watermark=19600448704 stage2_remaining=0 cleanup_remaining=0 active_contexts=0 active_context_limit=32 repair_remaining=0 remaining=0
[STATUS]: storage-owner maintenance observation: enqueued=306 stage2_enqueued=306 cleanup_enqueued=0 stage2_tasks_done=306 stage2_finalized_live=306 cleanup_processed=0 stale=0 stage2_completion_ratio=1.000000 live_stage2_completion_ratio=1.000000 avg_stage2_delay_ms=1195.894812 p99_stage2_delay_upper_ms=2000.000000 p99_stage2_delay_over_30s=false stage2_delay_histogram=0,0,0,0,0,0,0,0,11,20,33,242,0,0,0,0,0,0 max_stage2_delay_ms=1677.774290 compaction_batch_target=32 compaction_max_delay_ms=25.000000 stage2_rate_per_sec=30.530639 stage1_search_budget_exhausted=0 stage2_search_budget_exhausted=0 stage2_continuations=306 stage2_remote_frontier_items=1686078 avg_stage2_remote_frontier=5510.058824 stage2_remote_expansions=34452 avg_stage2_remote_expansions=112.588235 stage2_scored_candidates=2483620 avg_stage2_scored_candidates=8116.405229 stage2_graph_read_waves=4666 avg_stage2_expansions_per_graph_wave=7.383626 stage2_graph_unique_reads=35187 stage2_graph_prefetch_issued=25705 stage2_graph_prefetch_hits=24970 stage2_graph_prefetch_wasted=735 stage2_graph_prefetch_promotion_ratio=0.971406 stage2_graph_issue_width_current=16 stage2_vector_read_waves=6948 avg_stage2_scores_per_vector_wave=357.458261 stage2_vector_unique_reads=2284149 stage2_home_rpc_batches=13802 stage2_home_rpc_items=1736742 avg_stage2_home_rpc_batch=125.832633 stage2_home_score_rpc_batches=6679 stage2_home_score_rpc_items=1701555 stage2_home_score_rpc_queries=48232 stage2_home_score_rpc_request_bytes=45981080 stage2_home_score_rpc_response_bytes=54716952 avg_stage2_home_score_queries_per_rpc=7.221440 avg_stage2_home_score_rpc_batch=254.761940 stage2_home_scored_neighbors=1901025 home_scores_per_expansion=1.094593 stage2_migrations=279 home_match_rate=0.088235 stage2_final_edges=11104 stage2_cross_edges_stage1_home=9601 stage2_cross_edges_final_home=7768 cross_edge_reduction_ratio=0.190918 failed=0 rpc_timeouts=0 reverse_aggregate_batches=0 reverse_aggregate_logical_requests=0 reverse_aggregate_ops=0 avg_reverse_aggregate_logicals=0.000000 avg_reverse_aggregate_ops=0.000000 max_backlog=40 admission_window=65536 completion_outstanding=0 completion_incomplete=0 completed_behind_hole=0 completion_logical_full_failures=0 completion_physical_full_failures=0 pressure_yields=32953 stage2_batches=42 avg_stage2_batch_size=7.285714 packing_target_batch=8 packing_admit_queue_avg=9.476190 packing_admit_queue_max=40 packing_batch_1_7=14 packing_batch_8=28 packing_assembly_batches=42 packing_assembly_wait_ms=3001.206989 packing_arrival_interval_us=2321 packing_waited_batches=14 packing_wait_ms=160.370000 packing_target_flushes=28 packing_deadline_flushes=14 packing_cleanup_flushes=0 stage2_phase_search_attempts=42 stage2_phase_search_task_attempts=306 stage2_phase_search_elapsed_ms=38519.249105 avg_stage2_phase_search_us_per_task=125879.899036 stage2_phase_freeze_prune_attempts=43 stage2_phase_freeze_prune_task_attempts=314 stage2_phase_freeze_prune_elapsed_ms=1270.621489 avg_stage2_phase_freeze_prune_us_per_task=4046.565252 stage2_phase_reverse_prepare_attempts=42 stage2_phase_reverse_prepare_task_attempts=306 stage2_phase_reverse_prepare_elapsed_ms=3955.906144 avg_stage2_phase_reverse_prepare_us_per_task=12927.797856 stage2_phase_placement_authority_attempts=42 stage2_phase_placement_authority_task_attempts=306 stage2_phase_placement_authority_elapsed_ms=1758.461067 avg_stage2_phase_placement_authority_us_per_task=5746.604794 stage2_phase_completion_handoff_attempts=42 stage2_phase_completion_handoff_task_attempts=306 stage2_phase_completion_handoff_elapsed_ms=0.096138 avg_stage2_phase_completion_handoff_us_per_task=0.314176 stage2_phase_finalize_attempts=42 stage2_phase_finalize_task_attempts=306 stage2_phase_finalize_elapsed_ms=0.715835 avg_stage2_phase_finalize_us_per_task=2.339330 maintenance_worker_idle_waits=41408 maintenance_worker_idle_ms=68339.453445 maintenance_lost_wake_avoided=24888 maintenance_targeted_wakes=255681 maintenance_generic_wakes=305 maintenance_broadcast_wakes=0 maintenance_context_slots_scanned=644768 maintenance_ready_notifications=22039 maintenance_ready_stale_notifications=0 maintenance_ready_tickets_drained=15856 maintenance_ready_overflow_scans=0 maintenance_ready_fallback_scans=40481 stage2_search_lane_lease_limit=32 stage2_search_lane_lease_peak=32 stage2_search_lane_lease_blocked=0 maintenance_worker_observed_idle_ratio=0.852307 maintenance_worker_observed_busy_ratio=0.147693 physical_stage1_items=306 physical_stage1_total_ns=1619505642 physical_stage1_search_ns=1514505758 physical_stage1_prune_ns=72242313 physical_stage1_allocate_write_ns=24377415 physical_stage1_backlink_ns=7593133 physical_stage1_candidates=39167 physical_stage1_remote_frontier_items=1686078 physical_stage1_neighbors=11557 peer_stage1_enqueued=487 peer_stage1_processed=487 peer_stage1_items=486 avg_peer_stage1_items=0.997947 peer_stage1_rate_per_sec=48.489838 peer_stage1_max_queue=12 peer_stage1_active_workers=0 peer_stage2_home_enqueued=10455 peer_stage2_home_processed=10455 peer_stage2_home_items=1301190 avg_peer_stage2_home_items=124.456241 peer_stage2_home_max_queue=56 peer_stage2_home_response_queue_drops=0 peer_stage2_home_response_send_wait_ms=363.156099 avg_peer_stage2_home_queue_wait_us=222.159244 avg_peer_stage2_home_execution_us=70.812872 peer_stage1_release_deferred_batches=3 peer_stage1_release_deferred_items=3 peer_stage1_duplicate_retry_responses=0 peer_stage1_admission_retry_responses=0 peer_stage1_retry_response_drops=0 peer_stage1_admission_waiters=0 peer_stage1_admission_waiter_items=0 peer_stage1_admission_owned_items=0 peer_stage1_admission_wake_coverage=0 peer_stage1_admission_parked=0 peer_stage1_admission_woken=0 peer_stage1_admission_reparked=0 peer_stage1_max_admission_waiters=0 peer_stage1_duplicate_coalesced=0 peer_reverse_enqueued=221 peer_reverse_processed=221 peer_reverse_remaining=0 peer_reverse_items_enqueued=6782 peer_reverse_items_processed=6782 peer_reverse_rate_per_sec=676.662725 peer_reverse_failed=1 peer_reverse_max_queue=35 reclaim_pending=239 reclaim_reused=40 dynamic_high_watermark=19600448704 stage2_remaining=0 cleanup_remaining=0 active_contexts=0 active_context_limit=32 repair_remaining=0 remaining=0
[STATUS]: storage-owner maintenance observation: enqueued=306 stage2_enqueued=306 cleanup_enqueued=0 stage2_tasks_done=306 stage2_finalized_live=306 cleanup_processed=0 stale=0 stage2_completion_ratio=1.000000 live_stage2_completion_ratio=1.000000 avg_stage2_delay_ms=1195.894812 p99_stage2_delay_upper_ms=2000.000000 p99_stage2_delay_over_30s=false stage2_delay_histogram=0,0,0,0,0,0,0,0,11,20,33,242,0,0,0,0,0,0 max_stage2_delay_ms=1677.774290 compaction_batch_target=32 compaction_max_delay_ms=25.000000 stage2_rate_per_sec=20.366682 stage1_search_budget_exhausted=0 stage2_search_budget_exhausted=0 stage2_continuations=306 stage2_remote_frontier_items=1686078 avg_stage2_remote_frontier=5510.058824 stage2_remote_expansions=34452 avg_stage2_remote_expansions=112.588235 stage2_scored_candidates=2483620 avg_stage2_scored_candidates=8116.405229 stage2_graph_read_waves=4666 avg_stage2_expansions_per_graph_wave=7.383626 stage2_graph_unique_reads=35187 stage2_graph_prefetch_issued=25705 stage2_graph_prefetch_hits=24970 stage2_graph_prefetch_wasted=735 stage2_graph_prefetch_promotion_ratio=0.971406 stage2_graph_issue_width_current=16 stage2_vector_read_waves=6948 avg_stage2_scores_per_vector_wave=357.458261 stage2_vector_unique_reads=2284149 stage2_home_rpc_batches=13802 stage2_home_rpc_items=1736742 avg_stage2_home_rpc_batch=125.832633 stage2_home_score_rpc_batches=6679 stage2_home_score_rpc_items=1701555 stage2_home_score_rpc_queries=48232 stage2_home_score_rpc_request_bytes=45981080 stage2_home_score_rpc_response_bytes=54716952 avg_stage2_home_score_queries_per_rpc=7.221440 avg_stage2_home_score_rpc_batch=254.761940 stage2_home_scored_neighbors=1901025 home_scores_per_expansion=1.094593 stage2_migrations=279 home_match_rate=0.088235 stage2_final_edges=11104 stage2_cross_edges_stage1_home=9601 stage2_cross_edges_final_home=7768 cross_edge_reduction_ratio=0.190918 failed=0 rpc_timeouts=0 reverse_aggregate_batches=0 reverse_aggregate_logical_requests=0 reverse_aggregate_ops=0 avg_reverse_aggregate_logicals=0.000000 avg_reverse_aggregate_ops=0.000000 max_backlog=40 admission_window=65536 completion_outstanding=0 completion_incomplete=0 completed_behind_hole=0 completion_logical_full_failures=0 completion_physical_full_failures=0 pressure_yields=32953 stage2_batches=42 avg_stage2_batch_size=7.285714 packing_target_batch=8 packing_admit_queue_avg=9.476190 packing_admit_queue_max=40 packing_batch_1_7=14 packing_batch_8=28 packing_assembly_batches=42 packing_assembly_wait_ms=3001.206989 packing_arrival_interval_us=2321 packing_waited_batches=14 packing_wait_ms=160.370000 packing_target_flushes=28 packing_deadline_flushes=14 packing_cleanup_flushes=0 stage2_phase_search_attempts=42 stage2_phase_search_task_attempts=306 stage2_phase_search_elapsed_ms=38519.249105 avg_stage2_phase_search_us_per_task=125879.899036 stage2_phase_freeze_prune_attempts=43 stage2_phase_freeze_prune_task_attempts=314 stage2_phase_freeze_prune_elapsed_ms=1270.621489 avg_stage2_phase_freeze_prune_us_per_task=4046.565252 stage2_phase_reverse_prepare_attempts=42 stage2_phase_reverse_prepare_task_attempts=306 stage2_phase_reverse_prepare_elapsed_ms=3955.906144 avg_stage2_phase_reverse_prepare_us_per_task=12927.797856 stage2_phase_placement_authority_attempts=42 stage2_phase_placement_authority_task_attempts=306 stage2_phase_placement_authority_elapsed_ms=1758.461067 avg_stage2_phase_placement_authority_us_per_task=5746.604794 stage2_phase_completion_handoff_attempts=42 stage2_phase_completion_handoff_task_attempts=306 stage2_phase_completion_handoff_elapsed_ms=0.096138 avg_stage2_phase_completion_handoff_us_per_task=0.314176 stage2_phase_finalize_attempts=42 stage2_phase_finalize_task_attempts=306 stage2_phase_finalize_elapsed_ms=0.715835 avg_stage2_phase_finalize_us_per_task=2.339330 maintenance_worker_idle_waits=45440 maintenance_worker_idle_ms=108928.040845 maintenance_lost_wake_avoided=24888 maintenance_targeted_wakes=255681 maintenance_generic_wakes=305 maintenance_broadcast_wakes=0 maintenance_context_slots_scanned=709280 maintenance_ready_notifications=22039 maintenance_ready_stale_notifications=0 maintenance_ready_tickets_drained=15856 maintenance_ready_overflow_scans=0 maintenance_ready_fallback_scans=44455 stage2_search_lane_lease_limit=32 stage2_search_lane_lease_peak=32 stage2_search_lane_lease_blocked=0 maintenance_worker_observed_idle_ratio=0.906251 maintenance_worker_observed_busy_ratio=0.093749 physical_stage1_items=306 physical_stage1_total_ns=1619505642 physical_stage1_search_ns=1514505758 physical_stage1_prune_ns=72242313 physical_stage1_allocate_write_ns=24377415 physical_stage1_backlink_ns=7593133 physical_stage1_candidates=39167 physical_stage1_remote_frontier_items=1686078 physical_stage1_neighbors=11557 peer_stage1_enqueued=487 peer_stage1_processed=487 peer_stage1_items=486 avg_peer_stage1_items=0.997947 peer_stage1_rate_per_sec=32.347084 peer_stage1_max_queue=12 peer_stage1_active_workers=0 peer_stage2_home_enqueued=10455 peer_stage2_home_processed=10455 peer_stage2_home_items=1301190 avg_peer_stage2_home_items=124.456241 peer_stage2_home_max_queue=56 peer_stage2_home_response_queue_drops=0 peer_stage2_home_response_send_wait_ms=363.156099 avg_peer_stage2_home_queue_wait_us=222.159244 avg_peer_stage2_home_execution_us=70.812872 peer_stage1_release_deferred_batches=3 peer_stage1_release_deferred_items=3 peer_stage1_duplicate_retry_responses=0 peer_stage1_admission_retry_responses=0 peer_stage1_retry_response_drops=0 peer_stage1_admission_waiters=0 peer_stage1_admission_waiter_items=0 peer_stage1_admission_owned_items=0 peer_stage1_admission_wake_coverage=0 peer_stage1_admission_parked=0 peer_stage1_admission_woken=0 peer_stage1_admission_reparked=0 peer_stage1_max_admission_waiters=0 peer_stage1_duplicate_coalesced=0 peer_reverse_enqueued=221 peer_reverse_processed=221 peer_reverse_remaining=0 peer_reverse_items_enqueued=6782 peer_reverse_items_processed=6782 peer_reverse_rate_per_sec=451.394900 peer_reverse_failed=1 peer_reverse_max_queue=35 reclaim_pending=239 reclaim_reused=40 dynamic_high_watermark=19600448704 stage2_remaining=0 cleanup_remaining=0 active_contexts=0 active_context_limit=32 repair_remaining=0 remaining=0
[STATUS]: storage-owner maintenance observation: enqueued=306 stage2_enqueued=306 cleanup_enqueued=0 stage2_tasks_done=306 stage2_finalized_live=306 cleanup_processed=0 stale=0 stage2_completion_ratio=1.000000 live_stage2_completion_ratio=1.000000 avg_stage2_delay_ms=1195.894812 p99_stage2_delay_upper_ms=2000.000000 p99_stage2_delay_over_30s=false stage2_delay_histogram=0,0,0,0,0,0,0,0,11,20,33,242,0,0,0,0,0,0 max_stage2_delay_ms=1677.774290 compaction_batch_target=32 compaction_max_delay_ms=25.000000 stage2_rate_per_sec=15.280668 stage1_search_budget_exhausted=0 stage2_search_budget_exhausted=0 stage2_continuations=306 stage2_remote_frontier_items=1686078 avg_stage2_remote_frontier=5510.058824 stage2_remote_expansions=34452 avg_stage2_remote_expansions=112.588235 stage2_scored_candidates=2483620 avg_stage2_scored_candidates=8116.405229 stage2_graph_read_waves=4666 avg_stage2_expansions_per_graph_wave=7.383626 stage2_graph_unique_reads=35187 stage2_graph_prefetch_issued=25705 stage2_graph_prefetch_hits=24970 stage2_graph_prefetch_wasted=735 stage2_graph_prefetch_promotion_ratio=0.971406 stage2_graph_issue_width_current=16 stage2_vector_read_waves=6948 avg_stage2_scores_per_vector_wave=357.458261 stage2_vector_unique_reads=2284149 stage2_home_rpc_batches=13802 stage2_home_rpc_items=1736742 avg_stage2_home_rpc_batch=125.832633 stage2_home_score_rpc_batches=6679 stage2_home_score_rpc_items=1701555 stage2_home_score_rpc_queries=48232 stage2_home_score_rpc_request_bytes=45981080 stage2_home_score_rpc_response_bytes=54716952 avg_stage2_home_score_queries_per_rpc=7.221440 avg_stage2_home_score_rpc_batch=254.761940 stage2_home_scored_neighbors=1901025 home_scores_per_expansion=1.094593 stage2_migrations=279 home_match_rate=0.088235 stage2_final_edges=11104 stage2_cross_edges_stage1_home=9601 stage2_cross_edges_final_home=7768 cross_edge_reduction_ratio=0.190918 failed=0 rpc_timeouts=0 reverse_aggregate_batches=0 reverse_aggregate_logical_requests=0 reverse_aggregate_ops=0 avg_reverse_aggregate_logicals=0.000000 avg_reverse_aggregate_ops=0.000000 max_backlog=40 admission_window=65536 completion_outstanding=0 completion_incomplete=0 completed_behind_hole=0 completion_logical_full_failures=0 completion_physical_full_failures=0 pressure_yields=32953 stage2_batches=42 avg_stage2_batch_size=7.285714 packing_target_batch=8 packing_admit_queue_avg=9.476190 packing_admit_queue_max=40 packing_batch_1_7=14 packing_batch_8=28 packing_assembly_batches=42 packing_assembly_wait_ms=3001.206989 packing_arrival_interval_us=2321 packing_waited_batches=14 packing_wait_ms=160.370000 packing_target_flushes=28 packing_deadline_flushes=14 packing_cleanup_flushes=0 stage2_phase_search_attempts=42 stage2_phase_search_task_attempts=306 stage2_phase_search_elapsed_ms=38519.249105 avg_stage2_phase_search_us_per_task=125879.899036 stage2_phase_freeze_prune_attempts=43 stage2_phase_freeze_prune_task_attempts=314 stage2_phase_freeze_prune_elapsed_ms=1270.621489 avg_stage2_phase_freeze_prune_us_per_task=4046.565252 stage2_phase_reverse_prepare_attempts=42 stage2_phase_reverse_prepare_task_attempts=306 stage2_phase_reverse_prepare_elapsed_ms=3955.906144 avg_stage2_phase_reverse_prepare_us_per_task=12927.797856 stage2_phase_placement_authority_attempts=42 stage2_phase_placement_authority_task_attempts=306 stage2_phase_placement_authority_elapsed_ms=1758.461067 avg_stage2_phase_placement_authority_us_per_task=5746.604794 stage2_phase_completion_handoff_attempts=42 stage2_phase_completion_handoff_task_attempts=306 stage2_phase_completion_handoff_elapsed_ms=0.096138 avg_stage2_phase_completion_handoff_us_per_task=0.314176 stage2_phase_finalize_attempts=42 stage2_phase_finalize_task_attempts=306 stage2_phase_finalize_elapsed_ms=0.715835 avg_stage2_phase_finalize_us_per_task=2.339330 maintenance_worker_idle_waits=49152 maintenance_worker_idle_ms=146278.975659 maintenance_lost_wake_avoided=24888 maintenance_targeted_wakes=255681 maintenance_generic_wakes=305 maintenance_broadcast_wakes=0 maintenance_context_slots_scanned=768672 maintenance_ready_notifications=22039 maintenance_ready_stale_notifications=0 maintenance_ready_tickets_drained=15856 maintenance_ready_overflow_scans=0 maintenance_ready_fallback_scans=48429 stage2_search_lane_lease_limit=32 stage2_search_lane_lease_peak=32 stage2_search_lane_lease_blocked=0 maintenance_worker_observed_idle_ratio=0.913088 maintenance_worker_observed_busy_ratio=0.086912 physical_stage1_items=306 physical_stage1_total_ns=1619505642 physical_stage1_search_ns=1514505758 physical_stage1_prune_ns=72242313 physical_stage1_allocate_write_ns=24377415 physical_stage1_backlink_ns=7593133 physical_stage1_candidates=39167 physical_stage1_remote_frontier_items=1686078 physical_stage1_neighbors=11557 peer_stage1_enqueued=487 peer_stage1_processed=487 peer_stage1_items=486 avg_peer_stage1_items=0.997947 peer_stage1_rate_per_sec=24.269296 peer_stage1_max_queue=12 peer_stage1_active_workers=0 peer_stage2_home_enqueued=10455 peer_stage2_home_processed=10455 peer_stage2_home_items=1301190 avg_peer_stage2_home_items=124.456241 peer_stage2_home_max_queue=56 peer_stage2_home_response_queue_drops=0 peer_stage2_home_response_send_wait_ms=363.156099 avg_peer_stage2_home_queue_wait_us=222.159244 avg_peer_stage2_home_execution_us=70.812872 peer_stage1_release_deferred_batches=3 peer_stage1_release_deferred_items=3 peer_stage1_duplicate_retry_responses=0 peer_stage1_admission_retry_responses=0 peer_stage1_retry_response_drops=0 peer_stage1_admission_waiters=0 peer_stage1_admission_waiter_items=0 peer_stage1_admission_owned_items=0 peer_stage1_admission_wake_coverage=0 peer_stage1_admission_parked=0 peer_stage1_admission_woken=0 peer_stage1_admission_reparked=0 peer_stage1_max_admission_waiters=0 peer_stage1_duplicate_coalesced=0 peer_reverse_enqueued=221 peer_reverse_processed=221 peer_reverse_remaining=0 peer_reverse_items_enqueued=6782 peer_reverse_items_processed=6782 peer_reverse_rate_per_sec=338.671536 peer_reverse_failed=1 peer_reverse_max_queue=35 reclaim_pending=239 reclaim_reused=40 dynamic_high_watermark=19600448704 stage2_remaining=0 cleanup_remaining=0 active_contexts=0 active_context_limit=32 repair_remaining=0 remaining=0
[STATUS]: storage-owner maintenance observation: enqueued=306 stage2_enqueued=306 cleanup_enqueued=0 stage2_tasks_done=306 stage2_finalized_live=306 cleanup_processed=0 stale=0 stage2_completion_ratio=1.000000 live_stage2_completion_ratio=1.000000 avg_stage2_delay_ms=1195.894812 p99_stage2_delay_upper_ms=2000.000000 p99_stage2_delay_over_30s=false stage2_delay_histogram=0,0,0,0,0,0,0,0,11,20,33,242,0,0,0,0,0,0 max_stage2_delay_ms=1677.774290 compaction_batch_target=32 compaction_max_delay_ms=25.000000 stage2_rate_per_sec=12.227390 stage1_search_budget_exhausted=0 stage2_search_budget_exhausted=0 stage2_continuations=306 stage2_remote_frontier_items=1686078 avg_stage2_remote_frontier=5510.058824 stage2_remote_expansions=34452 avg_stage2_remote_expansions=112.588235 stage2_scored_candidates=2483620 avg_stage2_scored_candidates=8116.405229 stage2_graph_read_waves=4666 avg_stage2_expansions_per_graph_wave=7.383626 stage2_graph_unique_reads=35187 stage2_graph_prefetch_issued=25705 stage2_graph_prefetch_hits=24970 stage2_graph_prefetch_wasted=735 stage2_graph_prefetch_promotion_ratio=0.971406 stage2_graph_issue_width_current=16 stage2_vector_read_waves=6948 avg_stage2_scores_per_vector_wave=357.458261 stage2_vector_unique_reads=2284149 stage2_home_rpc_batches=13802 stage2_home_rpc_items=1736742 avg_stage2_home_rpc_batch=125.832633 stage2_home_score_rpc_batches=6679 stage2_home_score_rpc_items=1701555 stage2_home_score_rpc_queries=48232 stage2_home_score_rpc_request_bytes=45981080 stage2_home_score_rpc_response_bytes=54716952 avg_stage2_home_score_queries_per_rpc=7.221440 avg_stage2_home_score_rpc_batch=254.761940 stage2_home_scored_neighbors=1901025 home_scores_per_expansion=1.094593 stage2_migrations=279 home_match_rate=0.088235 stage2_final_edges=11104 stage2_cross_edges_stage1_home=9601 stage2_cross_edges_final_home=7768 cross_edge_reduction_ratio=0.190918 failed=0 rpc_timeouts=0 reverse_aggregate_batches=0 reverse_aggregate_logical_requests=0 reverse_aggregate_ops=0 avg_reverse_aggregate_logicals=0.000000 avg_reverse_aggregate_ops=0.000000 max_backlog=40 admission_window=65536 completion_outstanding=0 completion_incomplete=0 completed_behind_hole=0 completion_logical_full_failures=0 completion_physical_full_failures=0 pressure_yields=32953 stage2_batches=42 avg_stage2_batch_size=7.285714 packing_target_batch=8 packing_admit_queue_avg=9.476190 packing_admit_queue_max=40 packing_batch_1_7=14 packing_batch_8=28 packing_assembly_batches=42 packing_assembly_wait_ms=3001.206989 packing_arrival_interval_us=2321 packing_waited_batches=14 packing_wait_ms=160.370000 packing_target_flushes=28 packing_deadline_flushes=14 packing_cleanup_flushes=0 stage2_phase_search_attempts=42 stage2_phase_search_task_attempts=306 stage2_phase_search_elapsed_ms=38519.249105 avg_stage2_phase_search_us_per_task=125879.899036 stage2_phase_freeze_prune_attempts=43 stage2_phase_freeze_prune_task_attempts=314 stage2_phase_freeze_prune_elapsed_ms=1270.621489 avg_stage2_phase_freeze_prune_us_per_task=4046.565252 stage2_phase_reverse_prepare_attempts=42 stage2_phase_reverse_prepare_task_attempts=306 stage2_phase_reverse_prepare_elapsed_ms=3955.906144 avg_stage2_phase_reverse_prepare_us_per_task=12927.797856 stage2_phase_placement_authority_attempts=42 stage2_phase_placement_authority_task_attempts=306 stage2_phase_placement_authority_elapsed_ms=1758.461067 avg_stage2_phase_placement_authority_us_per_task=5746.604794 stage2_phase_completion_handoff_attempts=42 stage2_phase_completion_handoff_task_attempts=306 stage2_phase_completion_handoff_elapsed_ms=0.096138 avg_stage2_phase_completion_handoff_us_per_task=0.314176 stage2_phase_finalize_attempts=42 stage2_phase_finalize_task_attempts=306 stage2_phase_finalize_elapsed_ms=0.715835 avg_stage2_phase_finalize_us_per_task=2.339330 maintenance_worker_idle_waits=53248 maintenance_worker_idle_ms=187504.680437 maintenance_lost_wake_avoided=24888 maintenance_targeted_wakes=255681 maintenance_generic_wakes=305 maintenance_broadcast_wakes=0 maintenance_context_slots_scanned=834208 maintenance_ready_notifications=22039 maintenance_ready_stale_notifications=0 maintenance_ready_tickets_drained=15856 maintenance_ready_overflow_scans=0 maintenance_ready_fallback_scans=52403 stage2_search_lane_lease_limit=32 stage2_search_lane_lease_peak=32 stage2_search_lane_lease_blocked=0 maintenance_worker_observed_idle_ratio=0.936558 maintenance_worker_observed_busy_ratio=0.063442 physical_stage1_items=306 physical_stage1_total_ns=1619505642 physical_stage1_search_ns=1514505758 physical_stage1_prune_ns=72242313 physical_stage1_allocate_write_ns=24377415 physical_stage1_backlink_ns=7593133 physical_stage1_candidates=39167 physical_stage1_remote_frontier_items=1686078 physical_stage1_neighbors=11557 peer_stage1_enqueued=487 peer_stage1_processed=487 peer_stage1_items=486 avg_peer_stage1_items=0.997947 peer_stage1_rate_per_sec=19.419972 peer_stage1_max_queue=12 peer_stage1_active_workers=0 peer_stage2_home_enqueued=10455 peer_stage2_home_processed=10455 peer_stage2_home_items=1301190 avg_peer_stage2_home_items=124.456241 peer_stage2_home_max_queue=56 peer_stage2_home_response_queue_drops=0 peer_stage2_home_response_send_wait_ms=363.156099 avg_peer_stage2_home_queue_wait_us=222.159244 avg_peer_stage2_home_execution_us=70.812872 peer_stage1_release_deferred_batches=3 peer_stage1_release_deferred_items=3 peer_stage1_duplicate_retry_responses=0 peer_stage1_admission_retry_responses=0 peer_stage1_retry_response_drops=0 peer_stage1_admission_waiters=0 peer_stage1_admission_waiter_items=0 peer_stage1_admission_owned_items=0 peer_stage1_admission_wake_coverage=0 peer_stage1_admission_parked=0 peer_stage1_admission_woken=0 peer_stage1_admission_reparked=0 peer_stage1_max_admission_waiters=0 peer_stage1_duplicate_coalesced=0 peer_reverse_enqueued=221 peer_reverse_processed=221 peer_reverse_remaining=0 peer_reverse_items_enqueued=6782 peer_reverse_items_processed=6782 peer_reverse_rate_per_sec=271.000514 peer_reverse_failed=1 peer_reverse_max_queue=35 reclaim_pending=239 reclaim_reused=40 dynamic_high_watermark=19600448704 stage2_remaining=0 cleanup_remaining=0 active_contexts=0 active_context_limit=32 repair_remaining=0 remaining=0
[STATUS]: storage-owner maintenance observation: enqueued=306 stage2_enqueued=306 cleanup_enqueued=0 stage2_tasks_done=306 stage2_finalized_live=306 cleanup_processed=0 stale=0 stage2_completion_ratio=1.000000 live_stage2_completion_ratio=1.000000 avg_stage2_delay_ms=1195.894812 p99_stage2_delay_upper_ms=2000.000000 p99_stage2_delay_over_30s=false stage2_delay_histogram=0,0,0,0,0,0,0,0,11,20,33,242,0,0,0,0,0,0 max_stage2_delay_ms=1677.774290 compaction_batch_target=32 compaction_max_delay_ms=25.000000 stage2_rate_per_sec=10.190228 stage1_search_budget_exhausted=0 stage2_search_budget_exhausted=0 stage2_continuations=306 stage2_remote_frontier_items=1686078 avg_stage2_remote_frontier=5510.058824 stage2_remote_expansions=34452 avg_stage2_remote_expansions=112.588235 stage2_scored_candidates=2483620 avg_stage2_scored_candidates=8116.405229 stage2_graph_read_waves=4666 avg_stage2_expansions_per_graph_wave=7.383626 stage2_graph_unique_reads=35187 stage2_graph_prefetch_issued=25705 stage2_graph_prefetch_hits=24970 stage2_graph_prefetch_wasted=735 stage2_graph_prefetch_promotion_ratio=0.971406 stage2_graph_issue_width_current=16 stage2_vector_read_waves=6948 avg_stage2_scores_per_vector_wave=357.458261 stage2_vector_unique_reads=2284149 stage2_home_rpc_batches=13802 stage2_home_rpc_items=1736742 avg_stage2_home_rpc_batch=125.832633 stage2_home_score_rpc_batches=6679 stage2_home_score_rpc_items=1701555 stage2_home_score_rpc_queries=48232 stage2_home_score_rpc_request_bytes=45981080 stage2_home_score_rpc_response_bytes=54716952 avg_stage2_home_score_queries_per_rpc=7.221440 avg_stage2_home_score_rpc_batch=254.761940 stage2_home_scored_neighbors=1901025 home_scores_per_expansion=1.094593 stage2_migrations=279 home_match_rate=0.088235 stage2_final_edges=11104 stage2_cross_edges_stage1_home=9601 stage2_cross_edges_final_home=7768 cross_edge_reduction_ratio=0.190918 failed=0 rpc_timeouts=0 reverse_aggregate_batches=0 reverse_aggregate_logical_requests=0 reverse_aggregate_ops=0 avg_reverse_aggregate_logicals=0.000000 avg_reverse_aggregate_ops=0.000000 max_backlog=40 admission_window=65536 completion_outstanding=0 completion_incomplete=0 completed_behind_hole=0 completion_logical_full_failures=0 completion_physical_full_failures=0 pressure_yields=32953 stage2_batches=42 avg_stage2_batch_size=7.285714 packing_target_batch=8 packing_admit_queue_avg=9.476190 packing_admit_queue_max=40 packing_batch_1_7=14 packing_batch_8=28 packing_assembly_batches=42 packing_assembly_wait_ms=3001.206989 packing_arrival_interval_us=2321 packing_waited_batches=14 packing_wait_ms=160.370000 packing_target_flushes=28 packing_deadline_flushes=14 packing_cleanup_flushes=0 stage2_phase_search_attempts=42 stage2_phase_search_task_attempts=306 stage2_phase_search_elapsed_ms=38519.249105 avg_stage2_phase_search_us_per_task=125879.899036 stage2_phase_freeze_prune_attempts=43 stage2_phase_freeze_prune_task_attempts=314 stage2_phase_freeze_prune_elapsed_ms=1270.621489 avg_stage2_phase_freeze_prune_us_per_task=4046.565252 stage2_phase_reverse_prepare_attempts=42 stage2_phase_reverse_prepare_task_attempts=306 stage2_phase_reverse_prepare_elapsed_ms=3955.906144 avg_stage2_phase_reverse_prepare_us_per_task=12927.797856 stage2_phase_placement_authority_attempts=42 stage2_phase_placement_authority_task_attempts=306 stage2_phase_placement_authority_elapsed_ms=1758.461067 avg_stage2_phase_placement_authority_us_per_task=5746.604794 stage2_phase_completion_handoff_attempts=42 stage2_phase_completion_handoff_task_attempts=306 stage2_phase_completion_handoff_elapsed_ms=0.096138 avg_stage2_phase_completion_handoff_us_per_task=0.314176 stage2_phase_finalize_attempts=42 stage2_phase_finalize_task_attempts=306 stage2_phase_finalize_elapsed_ms=0.715835 avg_stage2_phase_finalize_us_per_task=2.339330 maintenance_worker_idle_waits=57280 maintenance_worker_idle_ms=228067.644745 maintenance_lost_wake_avoided=24888 maintenance_targeted_wakes=255681 maintenance_generic_wakes=305 maintenance_broadcast_wakes=0 maintenance_context_slots_scanned=898720 maintenance_ready_notifications=22039 maintenance_ready_stale_notifications=0 maintenance_ready_tickets_drained=15856 maintenance_ready_overflow_scans=0 maintenance_ready_fallback_scans=56380 stage2_search_lane_lease_limit=32 stage2_search_lane_lease_peak=32 stage2_search_lane_lease_blocked=0 maintenance_worker_observed_idle_ratio=0.949371 maintenance_worker_observed_busy_ratio=0.050629 physical_stage1_items=306 physical_stage1_total_ns=1619505642 physical_stage1_search_ns=1514505758 physical_stage1_prune_ns=72242313 physical_stage1_allocate_write_ns=24377415 physical_stage1_backlink_ns=7593133 physical_stage1_candidates=39167 physical_stage1_remote_frontier_items=1686078 physical_stage1_neighbors=11557 peer_stage1_enqueued=487 peer_stage1_processed=487 peer_stage1_items=486 avg_peer_stage1_items=0.997947 peer_stage1_rate_per_sec=16.184480 peer_stage1_max_queue=12 peer_stage1_active_workers=0 peer_stage2_home_enqueued=10455 peer_stage2_home_processed=10455 peer_stage2_home_items=1301190 avg_peer_stage2_home_items=124.456241 peer_stage2_home_max_queue=56 peer_stage2_home_response_queue_drops=0 peer_stage2_home_response_send_wait_ms=363.156099 avg_peer_stage2_home_queue_wait_us=222.159244 avg_peer_stage2_home_execution_us=70.812872 peer_stage1_release_deferred_batches=3 peer_stage1_release_deferred_items=3 peer_stage1_duplicate_retry_responses=0 peer_stage1_admission_retry_responses=0 peer_stage1_retry_response_drops=0 peer_stage1_admission_waiters=0 peer_stage1_admission_waiter_items=0 peer_stage1_admission_owned_items=0 peer_stage1_admission_wake_coverage=0 peer_stage1_admission_parked=0 peer_stage1_admission_woken=0 peer_stage1_admission_reparked=0 peer_stage1_max_admission_waiters=0 peer_stage1_duplicate_coalesced=0 peer_reverse_enqueued=221 peer_reverse_processed=221 peer_reverse_remaining=0 peer_reverse_items_enqueued=6782 peer_reverse_items_processed=6782 peer_reverse_rate_per_sec=225.850084 peer_reverse_failed=1 peer_reverse_max_queue=35 reclaim_pending=239 reclaim_reused=40 dynamic_high_watermark=19600448704 stage2_remaining=0 cleanup_remaining=0 active_contexts=0 active_context_limit=32 repair_remaining=0 remaining=0
[STATUS]: storage-owner maintenance observation: enqueued=306 stage2_enqueued=306 cleanup_enqueued=0 stage2_tasks_done=306 stage2_finalized_live=306 cleanup_processed=0 stale=0 stage2_completion_ratio=1.000000 live_stage2_completion_ratio=1.000000 avg_stage2_delay_ms=1195.894812 p99_stage2_delay_upper_ms=2000.000000 p99_stage2_delay_over_30s=false stage2_delay_histogram=0,0,0,0,0,0,0,0,11,20,33,242,0,0,0,0,0,0 max_stage2_delay_ms=1677.774290 compaction_batch_target=32 compaction_max_delay_ms=25.000000 stage2_rate_per_sec=8.735359 stage1_search_budget_exhausted=0 stage2_search_budget_exhausted=0 stage2_continuations=306 stage2_remote_frontier_items=1686078 avg_stage2_remote_frontier=5510.058824 stage2_remote_expansions=34452 avg_stage2_remote_expansions=112.588235 stage2_scored_candidates=2483620 avg_stage2_scored_candidates=8116.405229 stage2_graph_read_waves=4666 avg_stage2_expansions_per_graph_wave=7.383626 stage2_graph_unique_reads=35187 stage2_graph_prefetch_issued=25705 stage2_graph_prefetch_hits=24970 stage2_graph_prefetch_wasted=735 stage2_graph_prefetch_promotion_ratio=0.971406 stage2_graph_issue_width_current=16 stage2_vector_read_waves=6948 avg_stage2_scores_per_vector_wave=357.458261 stage2_vector_unique_reads=2284149 stage2_home_rpc_batches=13802 stage2_home_rpc_items=1736742 avg_stage2_home_rpc_batch=125.832633 stage2_home_score_rpc_batches=6679 stage2_home_score_rpc_items=1701555 stage2_home_score_rpc_queries=48232 stage2_home_score_rpc_request_bytes=45981080 stage2_home_score_rpc_response_bytes=54716952 avg_stage2_home_score_queries_per_rpc=7.221440 avg_stage2_home_score_rpc_batch=254.761940 stage2_home_scored_neighbors=1901025 home_scores_per_expansion=1.094593 stage2_migrations=279 home_match_rate=0.088235 stage2_final_edges=11104 stage2_cross_edges_stage1_home=9601 stage2_cross_edges_final_home=7768 cross_edge_reduction_ratio=0.190918 failed=0 rpc_timeouts=0 reverse_aggregate_batches=0 reverse_aggregate_logical_requests=0 reverse_aggregate_ops=0 avg_reverse_aggregate_logicals=0.000000 avg_reverse_aggregate_ops=0.000000 max_backlog=40 admission_window=65536 completion_outstanding=0 completion_incomplete=0 completed_behind_hole=0 completion_logical_full_failures=0 completion_physical_full_failures=0 pressure_yields=32953 stage2_batches=42 avg_stage2_batch_size=7.285714 packing_target_batch=8 packing_admit_queue_avg=9.476190 packing_admit_queue_max=40 packing_batch_1_7=14 packing_batch_8=28 packing_assembly_batches=42 packing_assembly_wait_ms=3001.206989 packing_arrival_interval_us=2321 packing_waited_batches=14 packing_wait_ms=160.370000 packing_target_flushes=28 packing_deadline_flushes=14 packing_cleanup_flushes=0 stage2_phase_search_attempts=42 stage2_phase_search_task_attempts=306 stage2_phase_search_elapsed_ms=38519.249105 avg_stage2_phase_search_us_per_task=125879.899036 stage2_phase_freeze_prune_attempts=43 stage2_phase_freeze_prune_task_attempts=314 stage2_phase_freeze_prune_elapsed_ms=1270.621489 avg_stage2_phase_freeze_prune_us_per_task=4046.565252 stage2_phase_reverse_prepare_attempts=42 stage2_phase_reverse_prepare_task_attempts=306 stage2_phase_reverse_prepare_elapsed_ms=3955.906144 avg_stage2_phase_reverse_prepare_us_per_task=12927.797856 stage2_phase_placement_authority_attempts=42 stage2_phase_placement_authority_task_attempts=306 stage2_phase_placement_authority_elapsed_ms=1758.461067 avg_stage2_phase_placement_authority_us_per_task=5746.604794 stage2_phase_completion_handoff_attempts=42 stage2_phase_completion_handoff_task_attempts=306 stage2_phase_completion_handoff_elapsed_ms=0.096138 avg_stage2_phase_completion_handoff_us_per_task=0.314176 stage2_phase_finalize_attempts=42 stage2_phase_finalize_task_attempts=306 stage2_phase_finalize_elapsed_ms=0.715835 avg_stage2_phase_finalize_us_per_task=2.339330 maintenance_worker_idle_waits=61312 maintenance_worker_idle_ms=268628.042758 maintenance_lost_wake_avoided=24888 maintenance_targeted_wakes=255681 maintenance_generic_wakes=305 maintenance_broadcast_wakes=0 maintenance_context_slots_scanned=963232 maintenance_ready_notifications=22039 maintenance_ready_stale_notifications=0 maintenance_ready_tickets_drained=15856 maintenance_ready_overflow_scans=0 maintenance_ready_fallback_scans=60356 stage2_search_lane_lease_limit=32 stage2_search_lane_lease_peak=32 stage2_search_lane_lease_blocked=0 maintenance_worker_observed_idle_ratio=0.958563 maintenance_worker_observed_busy_ratio=0.041437 physical_stage1_items=306 physical_stage1_total_ns=1619505642 physical_stage1_search_ns=1514505758 physical_stage1_prune_ns=72242313 physical_stage1_allocate_write_ns=24377415 physical_stage1_backlink_ns=7593133 physical_stage1_candidates=39167 physical_stage1_remote_frontier_items=1686078 physical_stage1_neighbors=11557 peer_stage1_enqueued=487 peer_stage1_processed=487 peer_stage1_items=486 avg_peer_stage1_items=0.997947 peer_stage1_rate_per_sec=13.873805 peer_stage1_max_queue=12 peer_stage1_active_workers=0 peer_stage2_home_enqueued=10455 peer_stage2_home_processed=10455 peer_stage2_home_items=1301190 avg_peer_stage2_home_items=124.456241 peer_stage2_home_max_queue=56 peer_stage2_home_response_queue_drops=0 peer_stage2_home_response_send_wait_ms=363.156099 avg_peer_stage2_home_queue_wait_us=222.159244 avg_peer_stage2_home_execution_us=70.812872 peer_stage1_release_deferred_batches=3 peer_stage1_release_deferred_items=3 peer_stage1_duplicate_retry_responses=0 peer_stage1_admission_retry_responses=0 peer_stage1_retry_response_drops=0 peer_stage1_admission_waiters=0 peer_stage1_admission_waiter_items=0 peer_stage1_admission_owned_items=0 peer_stage1_admission_wake_coverage=0 peer_stage1_admission_parked=0 peer_stage1_admission_woken=0 peer_stage1_admission_reparked=0 peer_stage1_max_admission_waiters=0 peer_stage1_duplicate_coalesced=0 peer_reverse_enqueued=221 peer_reverse_processed=221 peer_reverse_remaining=0 peer_reverse_items_enqueued=6782 peer_reverse_items_processed=6782 peer_reverse_rate_per_sec=193.605244 peer_reverse_failed=1 peer_reverse_max_queue=35 reclaim_pending=239 reclaim_reused=40 dynamic_high_watermark=19600448704 stage2_remaining=0 cleanup_remaining=0 active_contexts=0 active_context_limit=32 repair_remaining=0 remaining=0
[STATUS]: storage-owner maintenance observation: enqueued=306 stage2_enqueued=306 cleanup_enqueued=0 stage2_tasks_done=306 stage2_finalized_live=306 cleanup_processed=0 stale=0 stage2_completion_ratio=1.000000 live_stage2_completion_ratio=1.000000 avg_stage2_delay_ms=1195.894812 p99_stage2_delay_upper_ms=2000.000000 p99_stage2_delay_over_30s=false stage2_delay_histogram=0,0,0,0,0,0,0,0,11,20,33,242,0,0,0,0,0,0 max_stage2_delay_ms=1677.774290 compaction_batch_target=32 compaction_max_delay_ms=25.000000 stage2_rate_per_sec=7.644101 stage1_search_budget_exhausted=0 stage2_search_budget_exhausted=0 stage2_continuations=306 stage2_remote_frontier_items=1686078 avg_stage2_remote_frontier=5510.058824 stage2_remote_expansions=34452 avg_stage2_remote_expansions=112.588235 stage2_scored_candidates=2483620 avg_stage2_scored_candidates=8116.405229 stage2_graph_read_waves=4666 avg_stage2_expansions_per_graph_wave=7.383626 stage2_graph_unique_reads=35187 stage2_graph_prefetch_issued=25705 stage2_graph_prefetch_hits=24970 stage2_graph_prefetch_wasted=735 stage2_graph_prefetch_promotion_ratio=0.971406 stage2_graph_issue_width_current=16 stage2_vector_read_waves=6948 avg_stage2_scores_per_vector_wave=357.458261 stage2_vector_unique_reads=2284149 stage2_home_rpc_batches=13802 stage2_home_rpc_items=1736742 avg_stage2_home_rpc_batch=125.832633 stage2_home_score_rpc_batches=6679 stage2_home_score_rpc_items=1701555 stage2_home_score_rpc_queries=48232 stage2_home_score_rpc_request_bytes=45981080 stage2_home_score_rpc_response_bytes=54716952 avg_stage2_home_score_queries_per_rpc=7.221440 avg_stage2_home_score_rpc_batch=254.761940 stage2_home_scored_neighbors=1901025 home_scores_per_expansion=1.094593 stage2_migrations=279 home_match_rate=0.088235 stage2_final_edges=11104 stage2_cross_edges_stage1_home=9601 stage2_cross_edges_final_home=7768 cross_edge_reduction_ratio=0.190918 failed=0 rpc_timeouts=0 reverse_aggregate_batches=0 reverse_aggregate_logical_requests=0 reverse_aggregate_ops=0 avg_reverse_aggregate_logicals=0.000000 avg_reverse_aggregate_ops=0.000000 max_backlog=40 admission_window=65536 completion_outstanding=0 completion_incomplete=0 completed_behind_hole=0 completion_logical_full_failures=0 completion_physical_full_failures=0 pressure_yields=32953 stage2_batches=42 avg_stage2_batch_size=7.285714 packing_target_batch=8 packing_admit_queue_avg=9.476190 packing_admit_queue_max=40 packing_batch_1_7=14 packing_batch_8=28 packing_assembly_batches=42 packing_assembly_wait_ms=3001.206989 packing_arrival_interval_us=2321 packing_waited_batches=14 packing_wait_ms=160.370000 packing_target_flushes=28 packing_deadline_flushes=14 packing_cleanup_flushes=0 stage2_phase_search_attempts=42 stage2_phase_search_task_attempts=306 stage2_phase_search_elapsed_ms=38519.249105 avg_stage2_phase_search_us_per_task=125879.899036 stage2_phase_freeze_prune_attempts=43 stage2_phase_freeze_prune_task_attempts=314 stage2_phase_freeze_prune_elapsed_ms=1270.621489 avg_stage2_phase_freeze_prune_us_per_task=4046.565252 stage2_phase_reverse_prepare_attempts=42 stage2_phase_reverse_prepare_task_attempts=306 stage2_phase_reverse_prepare_elapsed_ms=3955.906144 avg_stage2_phase_reverse_prepare_us_per_task=12927.797856 stage2_phase_placement_authority_attempts=42 stage2_phase_placement_authority_task_attempts=306 stage2_phase_placement_authority_elapsed_ms=1758.461067 avg_stage2_phase_placement_authority_us_per_task=5746.604794 stage2_phase_completion_handoff_attempts=42 stage2_phase_completion_handoff_task_attempts=306 stage2_phase_completion_handoff_elapsed_ms=0.096138 avg_stage2_phase_completion_handoff_us_per_task=0.314176 stage2_phase_finalize_attempts=42 stage2_phase_finalize_task_attempts=306 stage2_phase_finalize_elapsed_ms=0.715835 avg_stage2_phase_finalize_us_per_task=2.339330 maintenance_worker_idle_waits=65152 maintenance_worker_idle_ms=307257.676949 maintenance_lost_wake_avoided=24888 maintenance_targeted_wakes=255681 maintenance_generic_wakes=305 maintenance_broadcast_wakes=0 maintenance_context_slots_scanned=1024672 maintenance_ready_notifications=22039 maintenance_ready_stale_notifications=0 maintenance_ready_tickets_drained=15856 maintenance_ready_overflow_scans=0 maintenance_ready_fallback_scans=64332 stage2_search_lane_lease_limit=32 stage2_search_lane_lease_peak=32 stage2_search_lane_lease_blocked=0 maintenance_worker_observed_idle_ratio=0.959440 maintenance_worker_observed_busy_ratio=0.040560 physical_stage1_items=306 physical_stage1_total_ns=1619505642 physical_stage1_search_ns=1514505758 physical_stage1_prune_ns=72242313 physical_stage1_allocate_write_ns=24377415 physical_stage1_backlink_ns=7593133 physical_stage1_candidates=39167 physical_stage1_remote_frontier_items=1686078 physical_stage1_neighbors=11557 peer_stage1_enqueued=487 peer_stage1_processed=487 peer_stage1_items=486 avg_peer_stage1_items=0.997947 peer_stage1_rate_per_sec=12.140631 peer_stage1_max_queue=12 peer_stage1_active_workers=0 peer_stage2_home_enqueued=10455 peer_stage2_home_processed=10455 peer_stage2_home_items=1301190 avg_peer_stage2_home_items=124.456241 peer_stage2_home_max_queue=56 peer_stage2_home_response_queue_drops=0 peer_stage2_home_response_send_wait_ms=363.156099 avg_peer_stage2_home_queue_wait_us=222.159244 avg_peer_stage2_home_execution_us=70.812872 peer_stage1_release_deferred_batches=3 peer_stage1_release_deferred_items=3 peer_stage1_duplicate_retry_responses=0 peer_stage1_admission_retry_responses=0 peer_stage1_retry_response_drops=0 peer_stage1_admission_waiters=0 peer_stage1_admission_waiter_items=0 peer_stage1_admission_owned_items=0 peer_stage1_admission_wake_coverage=0 peer_stage1_admission_parked=0 peer_stage1_admission_woken=0 peer_stage1_admission_reparked=0 peer_stage1_max_admission_waiters=0 peer_stage1_duplicate_coalesced=0 peer_reverse_enqueued=221 peer_reverse_processed=221 peer_reverse_remaining=0 peer_reverse_items_enqueued=6782 peer_reverse_items_processed=6782 peer_reverse_rate_per_sec=169.419258 peer_reverse_failed=1 peer_reverse_max_queue=35 reclaim_pending=239 reclaim_reused=40 dynamic_high_watermark=19600448704 stage2_remaining=0 cleanup_remaining=0 active_contexts=0 active_context_limit=32 repair_remaining=0 remaining=0
[STATUS]: storage-owner maintenance observation: enqueued=306 stage2_enqueued=306 cleanup_enqueued=0 stage2_tasks_done=306 stage2_finalized_live=306 cleanup_processed=0 stale=0 stage2_completion_ratio=1.000000 live_stage2_completion_ratio=1.000000 avg_stage2_delay_ms=1195.894812 p99_stage2_delay_upper_ms=2000.000000 p99_stage2_delay_over_30s=false stage2_delay_histogram=0,0,0,0,0,0,0,0,11,20,33,242,0,0,0,0,0,0 max_stage2_delay_ms=1677.774290 compaction_batch_target=32 compaction_max_delay_ms=25.000000 stage2_rate_per_sec=6.795153 stage1_search_budget_exhausted=0 stage2_search_budget_exhausted=0 stage2_continuations=306 stage2_remote_frontier_items=1686078 avg_stage2_remote_frontier=5510.058824 stage2_remote_expansions=34452 avg_stage2_remote_expansions=112.588235 stage2_scored_candidates=2483620 avg_stage2_scored_candidates=8116.405229 stage2_graph_read_waves=4666 avg_stage2_expansions_per_graph_wave=7.383626 stage2_graph_unique_reads=35187 stage2_graph_prefetch_issued=25705 stage2_graph_prefetch_hits=24970 stage2_graph_prefetch_wasted=735 stage2_graph_prefetch_promotion_ratio=0.971406 stage2_graph_issue_width_current=16 stage2_vector_read_waves=6948 avg_stage2_scores_per_vector_wave=357.458261 stage2_vector_unique_reads=2284149 stage2_home_rpc_batches=13802 stage2_home_rpc_items=1736742 avg_stage2_home_rpc_batch=125.832633 stage2_home_score_rpc_batches=6679 stage2_home_score_rpc_items=1701555 stage2_home_score_rpc_queries=48232 stage2_home_score_rpc_request_bytes=45981080 stage2_home_score_rpc_response_bytes=54716952 avg_stage2_home_score_queries_per_rpc=7.221440 avg_stage2_home_score_rpc_batch=254.761940 stage2_home_scored_neighbors=1901025 home_scores_per_expansion=1.094593 stage2_migrations=279 home_match_rate=0.088235 stage2_final_edges=11104 stage2_cross_edges_stage1_home=9601 stage2_cross_edges_final_home=7768 cross_edge_reduction_ratio=0.190918 failed=0 rpc_timeouts=0 reverse_aggregate_batches=0 reverse_aggregate_logical_requests=0 reverse_aggregate_ops=0 avg_reverse_aggregate_logicals=0.000000 avg_reverse_aggregate_ops=0.000000 max_backlog=40 admission_window=65536 completion_outstanding=0 completion_incomplete=0 completed_behind_hole=0 completion_logical_full_failures=0 completion_physical_full_failures=0 pressure_yields=32953 stage2_batches=42 avg_stage2_batch_size=7.285714 packing_target_batch=8 packing_admit_queue_avg=9.476190 packing_admit_queue_max=40 packing_batch_1_7=14 packing_batch_8=28 packing_assembly_batches=42 packing_assembly_wait_ms=3001.206989 packing_arrival_interval_us=2321 packing_waited_batches=14 packing_wait_ms=160.370000 packing_target_flushes=28 packing_deadline_flushes=14 packing_cleanup_flushes=0 stage2_phase_search_attempts=42 stage2_phase_search_task_attempts=306 stage2_phase_search_elapsed_ms=38519.249105 avg_stage2_phase_search_us_per_task=125879.899036 stage2_phase_freeze_prune_attempts=43 stage2_phase_freeze_prune_task_attempts=314 stage2_phase_freeze_prune_elapsed_ms=1270.621489 avg_stage2_phase_freeze_prune_us_per_task=4046.565252 stage2_phase_reverse_prepare_attempts=42 stage2_phase_reverse_prepare_task_attempts=306 stage2_phase_reverse_prepare_elapsed_ms=3955.906144 avg_stage2_phase_reverse_prepare_us_per_task=12927.797856 stage2_phase_placement_authority_attempts=42 stage2_phase_placement_authority_task_attempts=306 stage2_phase_placement_authority_elapsed_ms=1758.461067 avg_stage2_phase_placement_authority_us_per_task=5746.604794 stage2_phase_completion_handoff_attempts=42 stage2_phase_completion_handoff_task_attempts=306 stage2_phase_completion_handoff_elapsed_ms=0.096138 avg_stage2_phase_completion_handoff_us_per_task=0.314176 stage2_phase_finalize_attempts=42 stage2_phase_finalize_task_attempts=306 stage2_phase_finalize_elapsed_ms=0.715835 avg_stage2_phase_finalize_us_per_task=2.339330 maintenance_worker_idle_waits=69120 maintenance_worker_idle_ms=347175.968981 maintenance_lost_wake_avoided=24888 maintenance_targeted_wakes=255681 maintenance_generic_wakes=305 maintenance_broadcast_wakes=0 maintenance_context_slots_scanned=1088160 maintenance_ready_notifications=22039 maintenance_ready_stale_notifications=0 maintenance_ready_tickets_drained=15856 maintenance_ready_overflow_scans=0 maintenance_ready_fallback_scans=68307 stage2_search_lane_lease_limit=32 stage2_search_lane_lease_peak=32 stage2_search_lane_lease_blocked=0 maintenance_worker_observed_idle_ratio=0.963690 maintenance_worker_observed_busy_ratio=0.036310 physical_stage1_items=306 physical_stage1_total_ns=1619505642 physical_stage1_search_ns=1514505758 physical_stage1_prune_ns=72242313 physical_stage1_allocate_write_ns=24377415 physical_stage1_backlink_ns=7593133 physical_stage1_candidates=39167 physical_stage1_remote_frontier_items=1686078 physical_stage1_neighbors=11557 peer_stage1_enqueued=487 peer_stage1_processed=487 peer_stage1_items=486 avg_peer_stage1_items=0.997947 peer_stage1_rate_per_sec=10.792301 peer_stage1_max_queue=12 peer_stage1_active_workers=0 peer_stage2_home_enqueued=10455 peer_stage2_home_processed=10455 peer_stage2_home_items=1301190 avg_peer_stage2_home_items=124.456241 peer_stage2_home_max_queue=56 peer_stage2_home_response_queue_drops=0 peer_stage2_home_response_send_wait_ms=363.156099 avg_peer_stage2_home_queue_wait_us=222.159244 avg_peer_stage2_home_execution_us=70.812872 peer_stage1_release_deferred_batches=3 peer_stage1_release_deferred_items=3 peer_stage1_duplicate_retry_responses=0 peer_stage1_admission_retry_responses=0 peer_stage1_retry_response_drops=0 peer_stage1_admission_waiters=0 peer_stage1_admission_waiter_items=0 peer_stage1_admission_owned_items=0 peer_stage1_admission_wake_coverage=0 peer_stage1_admission_parked=0 peer_stage1_admission_woken=0 peer_stage1_admission_reparked=0 peer_stage1_max_admission_waiters=0 peer_stage1_duplicate_coalesced=0 peer_reverse_enqueued=221 peer_reverse_processed=221 peer_reverse_remaining=0 peer_reverse_items_enqueued=6782 peer_reverse_items_processed=6782 peer_reverse_rate_per_sec=150.603675 peer_reverse_failed=1 peer_reverse_max_queue=35 reclaim_pending=239 reclaim_reused=40 dynamic_high_watermark=19600448704 stage2_remaining=0 cleanup_remaining=0 active_contexts=0 active_context_limit=32 repair_remaining=0 remaining=0
