============================================================
                        SERVER
============================================================
num clients:                  1
TCP port:                     1238
QP handshake timeout (ms):    10000
IB device:                    <auto>
IB port:                      1
max outstanding CQEs:         64
max send work requests:       4096
max receive work requests:    4096
============================================================
index prefix:                     "/data/xjs/index/dvstor_spacev100m/index/spacev100m_R96_bw128_balanced_pmd32_pq20_schema16"
storage shard:                    "/data/xjs/index/dvstor_spacev100m/index/spacev100m_R96_bw128_balanced_pmd32_pq20_schema16_node5_of5.dat"
storage id:                       4
base vectors:                     100000000
vector ID namespace [0,N):        4294967295
registered memory GiB:            22
====================================================================
1 device(s) found
Selected device: ibp86s0
Selected port state: 4, lid: 8, active_mtu: 5
interleaved policy
num_cores: 112
physical cores per socket: 28
hyperthreading enabled
local process CPU partition: rank 4/5 logical_cpus=22
pairing: 75559 -- 6418
[STATUS]: loaded index metadata from /data/xjs/index/dvstor_spacev100m/index/spacev100m_R96_bw128_balanced_pmd32_pq20_schema16 (layout=plain, vector_data_type=int8)
[STATUS]: storage-owner stage2 candidate width L=128 per shard
allocation size: 23622320128
allocated ALIGNED MEM (no hugepage) at 135584039305280 with buffer size 23622320128
[STATUS]: loading index (19200000128 Bytes) from /data/xjs/index/dvstor_spacev100m/index/spacev100m_R96_bw128_balanced_pmd32_pq20_schema16_node5_of5.dat
[STATUS]: loaded GPU PQ codes (400000000 Bytes) at remote offset 19200004224
[STATUS]: storage-owner idmap loaded entries=20000000 format=owner_sharded_v2_bound immutable_base=true dynamic_shards=256 dynamic_reserved=65536
[STATUS]: compensated physical centroid restored on shard 4: vectors=20000000 entries=4
[STATUS]: register memory and distribute access token
[STATUS]: connect QPs of compute threads
[STATUS]: reserving 64 GPU/bootstrap QPs per compute node
pairing: 75564 -- 6423
pairing: 75569 -- 6428
pairing: 75574 -- 6433
pairing: 75579 -- 6438
pairing: 75584 -- 6443
pairing: 75589 -- 6448
pairing: 75594 -- 6453
pairing: 75599 -- 6458
pairing: 75604 -- 6463
pairing: 75609 -- 6468
pairing: 75614 -- 6473
pairing: 75619 -- 6478
pairing: 75624 -- 6483
pairing: 75629 -- 6488
pairing: 75634 -- 6493
pairing: 75639 -- 6498
pairing: 75644 -- 6503
pairing: 75649 -- 6508
pairing: 75654 -- 6513
pairing: 75659 -- 6518
pairing: 75664 -- 6523
pairing: 75669 -- 6528
pairing: 75674 -- 6533
pairing: 75679 -- 6538
pairing: 75684 -- 6543
pairing: 75689 -- 6548
pairing: 75694 -- 6553
pairing: 75699 -- 6558
pairing: 75704 -- 6563
pairing: 75709 -- 6568
pairing: 75714 -- 6573
pairing: 75719 -- 6578
pairing: 75724 -- 6707
pairing: 75849 -- 6708
pairing: 75850 -- 6709
pairing: 75851 -- 6710
pairing: 75852 -- 6711
pairing: 75853 -- 6712
pairing: 75854 -- 6713
pairing: 75855 -- 6714
pairing: 75856 -- 6715
pairing: 75857 -- 6716
pairing: 75858 -- 6717
pairing: 75859 -- 6718
pairing: 75860 -- 6719
pairing: 75861 -- 6720
pairing: 75862 -- 6721
pairing: 75863 -- 6722
pairing: 75864 -- 6723
pairing: 75865 -- 6724
pairing: 75866 -- 6725
pairing: 75867 -- 6726
pairing: 75868 -- 6727
pairing: 75869 -- 6728
pairing: 75870 -- 6729
pairing: 75871 -- 6730
pairing: 75872 -- 6731
pairing: 75873 -- 6732
pairing: 75874 -- 6733
pairing: 75875 -- 6734
pairing: 75876 -- 6735
pairing: 75877 -- 6736
pairing: 75878 -- 6737
pairing: 75879 -- 6738
[STATUS]: waiting for compute-node startup barrier
1 device(s) found
Selected device: ibp86s0
Selected port state: 4, lid: 8, active_mtu: 5
pairing: 75886 -- 75891
pairing: 75894 -- 75900
pairing: 75902 -- 75907
pairing: 75910 -- 75915
pairing: 75918 -- 75923
pairing: 75926 -- 75931
pairing: 75934 -- 75939
pairing: 75942 -- 75945
pairing: 75949 -- 75953
pairing: 75955 -- 75959
pairing: 75961 -- 75965
pairing: 75967 -- 75971
pairing: 75973 -- 75977
pairing: 75978 -- 75983
pairing: 75985 -- 75989
pairing: 75991 -- 75993
pairing: 75996 -- 75998
pairing: 76000 -- 76001
pairing: 76004 -- 76005
pairing: 76008 -- 76010
pairing: 76012 -- 76013
pairing: 76016 -- 76018
pairing: 76020 -- 76021
pairing: 76024 -- 76023
pairing: 76025 -- 76022
pairing: 76027 -- 76026
pairing: 76029 -- 76028
pairing: 76031 -- 76030
pairing: 76033 -- 76032
pairing: 76035 -- 76034
pairing: 76037 -- 76036
pairing: 76039 -- 76038
[STATUS]: storage-owner peer RDMA QPs per peer: 8
[STATUS]: storage-owner peer QP0 reserved for RPC; data RDMA uses QP1..7
allocated ALIGNED MEM (no hugepage) at 135582971854912 with buffer size 67108864
allocated ALIGNED MEM (no hugepage) at 135582932009024 with buffer size 39839040
[STATUS]: storage-owner peer RPC receive slots per peer: 64 (requested=64)
[STATUS]: storage-owner peer RPC concurrent sends per peer: 16
[STATUS]: storage-owner peer RPC send credits: Stage1/graph are split at depth >= 2; responses use a dedicated sync buffer
[STATUS]: storage-owner peer async response capacity: 32768
[STATUS]: storage-owner Stage2 home RPC combining: enabled logical_capacity=18432 aggregate_capacity=4608 byte_budget=33586224
allocated ALIGNED MEM (no hugepage) at 104770874213888 with buffer size 96256
allocated ALIGNED MEM (no hugepage) at 135583207047232 with buffer size 212992
allocated ALIGNED MEM (no hugepage) at 135583202844736 with buffer size 212992
[STATUS]: storage-owner peer reverse-update workers: 2
[STATUS]: storage-owner peer Stage1 workers: 3; Stage2-home workers: 1 (one reserved; shared lanes borrow authoritative work only)
[STATUS]: storage-owner physical control workers: cleanup=1 placement=1 (separate blocking domains)
[STATUS]: storage-owner peer progress threads: cq=1 response_dispatch=1
[STATUS]: storage-owner Stage1 artifact capacity: 67584 (64-way, per shard=1056) cleanup replay per shard=2048 active migration receipts=131072
[STATUS]: storage-owner peer reverse-update tuning: queue_depth=65536 coalesce_max=256
allocated ALIGNED MEM (no hugepage) at 135583190147136 with buffer size 855296
allocated ALIGNED MEM (no hugepage) at 135583187005504 with buffer size 855296
allocated ALIGNED MEM (no hugepage) at 135583186149440 with buffer size 855296
allocated ALIGNED MEM (no hugepage) at 135583182811200 with buffer size 855296
allocated ALIGNED MEM (no hugepage) at 135583181955136 with buffer size 855296
allocated ALIGNED MEM (no hugepage) at 135583178616896 with buffer size 855296
allocated ALIGNED MEM (no hugepage) at 135583177560128 with buffer size 855296
allocated ALIGNED MEM (no hugepage) at 135583174221888 with buffer size 855296
[STATUS]: storage-owner peer scratch: snapshot_slot=192 graph_slot=832 batch=256 lane_peak_rdma_wrs=56 lane_useful_wave_rdma_wrs=56 global_read_window=224 search_lanes_global=32 search_lanes_credit_derived=16 search_lane_lease_cap=32 search_lanes_physical_per_worker=4 ready_context_runtime_epoch=1 bytes_per_lane=213824 bytes_total=6842368
[STATUS]: storage-owner maintenance workers: 8 (configured=8, admission_baseline_workers=2, context_limit=32, semantic_execution_batch=8, work_conserving=true)
[STATUS]: storage-owner stage2 reverse outbox descriptors: 128 aggregates=128 wire_max_ops=3072 (shared per-peer work-conserving aggregation)
[STATUS]: storage-owner maintenance tuning: protocol=centroid-home-two-stage compaction_batch_target=32 packing_policy=deterministic_b8 packing_tail_wait_us=arrival_adaptive_capped_25000 packing_context_limit=8 backlog_limit=65536 admission_credit=bounded_accepted_backlog admission_window=65536 physical_completion_capacity=65536
[STATUS]: storage-owner peer RDMA read credits: per_data_qp=8 data_qps_per_peer=7 per_peer=56 global=224 shared_cq_read_budget=8095 ordered_snapshot_pairs_per_chain=4 (requested_per_data_qp=16)
[STATUS]: storage-owner online insert tuning: construction_beam=128 snapshot_batch=256 protocol=centroid-home-two-stage
[STATUS]: storage-owner stage1=physical-home local search and backlinks; stage2=generation-fenced home expand+score continuation
[STATUS]: storage-owner responses=foreground direct post; completion=repost by service poller
[STATUS]: storage-owner foreground pipeline: coordinators=12 cpu_lanes=3 (assigned_cpus=22, rpc_parallelism=16)
[STATUS]: storage-owner CPU plan: foreground_cpu=3 foreground_coordinators=12 maintenance=8 peer_stage1=4 (split into isolated Stage1/Stage2-home domains) peer_reverse=2 peer_cleanup=1 peer_placement=1 peer_progress=2 foreground_progress=1
[STATUS]: storage-owner insert runtime enabled on shard 4
[STATUS]: storage-owner maintenance observation: enqueued=156 stage2_enqueued=156 cleanup_enqueued=0 stage2_tasks_done=150 stage2_finalized_live=150 cleanup_processed=0 stale=0 stage2_completion_ratio=0.961538 live_stage2_completion_ratio=0.961538 avg_stage2_delay_ms=115.391549 p99_stage2_delay_upper_ms=256.000000 p99_stage2_delay_over_30s=false stage2_delay_histogram=0,0,0,0,0,0,18,80,52,0,0,0,0,0,0,0,0,0 max_stage2_delay_ms=228.274953 compaction_batch_target=32 compaction_max_delay_ms=25.000000 stage2_rate_per_sec=29.860912 stage1_search_budget_exhausted=0 stage2_search_budget_exhausted=0 stage2_continuations=156 stage2_remote_frontier_items=930545 avg_stage2_remote_frontier=5965.032051 stage2_remote_expansions=16867 avg_stage2_remote_expansions=108.121795 stage2_scored_candidates=1369488 avg_stage2_scored_candidates=8778.769231 stage2_graph_read_waves=4093 avg_stage2_expansions_per_graph_wave=4.120938 stage2_graph_unique_reads=17755 stage2_graph_prefetch_issued=11915 stage2_graph_prefetch_hits=11407 stage2_graph_prefetch_wasted=452 stage2_graph_prefetch_promotion_ratio=0.961885 stage2_graph_issue_width_current=16 stage2_vector_read_waves=7401 avg_stage2_scores_per_vector_wave=185.040940 stage2_vector_unique_reads=1257337 stage2_home_rpc_batches=8925 stage2_home_rpc_items=934649 avg_stage2_home_rpc_batch=104.722577 stage2_home_score_rpc_batches=3624 stage2_home_score_rpc_items=916894 stage2_home_score_rpc_queries=13321 stage2_home_score_rpc_request_bytes=23511388 stage2_home_score_rpc_response_bytes=29485712 avg_stage2_home_score_queries_per_rpc=3.675773 avg_stage2_home_score_rpc_batch=253.006071 stage2_home_scored_neighbors=1029012 home_scores_per_expansion=1.100961 stage2_migrations=139 home_match_rate=0.073333 stage2_final_edges=5726 stage2_cross_edges_stage1_home=4869 stage2_cross_edges_final_home=4049 cross_edge_reduction_ratio=0.168412 failed=0 rpc_timeouts=0 reverse_aggregate_batches=0 reverse_aggregate_logical_requests=0 reverse_aggregate_ops=0 avg_reverse_aggregate_logicals=0.000000 avg_reverse_aggregate_ops=0.000000 max_backlog=8 admission_window=65536 completion_outstanding=6 completion_incomplete=6 completed_behind_hole=0 completion_logical_full_failures=0 completion_physical_full_failures=0 pressure_yields=2 stage2_batches=53 avg_stage2_batch_size=2.943396 packing_target_batch=8 packing_admit_queue_avg=2.943396 packing_admit_queue_max=8 packing_batch_1_7=52 packing_batch_8=1 packing_assembly_batches=53 packing_assembly_wait_ms=1323.191491 packing_arrival_interval_us=16249 packing_waited_batches=52 packing_wait_ms=1300.000000 packing_target_flushes=1 packing_deadline_flushes=52 packing_cleanup_flushes=0 stage2_phase_search_attempts=51 stage2_phase_search_task_attempts=150 stage2_phase_search_elapsed_ms=3104.624936 avg_stage2_phase_search_us_per_task=20697.499573 stage2_phase_freeze_prune_attempts=53 stage2_phase_freeze_prune_task_attempts=156 stage2_phase_freeze_prune_elapsed_ms=133.090526 avg_stage2_phase_freeze_prune_us_per_task=853.144397 stage2_phase_reverse_prepare_attempts=51 stage2_phase_reverse_prepare_task_attempts=150 stage2_phase_reverse_prepare_elapsed_ms=278.701540 avg_stage2_phase_reverse_prepare_us_per_task=1858.010267 stage2_phase_placement_authority_attempts=51 stage2_phase_placement_authority_task_attempts=150 stage2_phase_placement_authority_elapsed_ms=53.350504 avg_stage2_phase_placement_authority_us_per_task=355.670027 stage2_phase_completion_handoff_attempts=51 stage2_phase_completion_handoff_task_attempts=150 stage2_phase_completion_handoff_elapsed_ms=0.057596 avg_stage2_phase_completion_handoff_us_per_task=0.383973 stage2_phase_finalize_attempts=51 stage2_phase_finalize_task_attempts=150 stage2_phase_finalize_elapsed_ms=0.212762 avg_stage2_phase_finalize_us_per_task=1.418413 maintenance_worker_idle_waits=15552 maintenance_worker_idle_ms=36526.819741 maintenance_lost_wake_avoided=1108 maintenance_targeted_wakes=20809 maintenance_generic_wakes=156 maintenance_broadcast_wakes=0 maintenance_context_slots_scanned=92928 maintenance_ready_notifications=16423 maintenance_ready_stale_notifications=0 maintenance_ready_tickets_drained=13826 maintenance_ready_overflow_scans=0 maintenance_ready_fallback_scans=5983 stage2_search_lane_lease_limit=32 stage2_search_lane_lease_peak=5 stage2_search_lane_lease_blocked=0 maintenance_worker_observed_idle_ratio=0.908937 maintenance_worker_observed_busy_ratio=0.091063 physical_stage1_items=156 physical_stage1_total_ns=841307458 physical_stage1_search_ns=797307762 physical_stage1_prune_ns=30147067 physical_stage1_allocate_write_ns=10022520 physical_stage1_backlink_ns=3361426 physical_stage1_candidates=19961 physical_stage1_remote_frontier_items=930545 physical_stage1_neighbors=5913 peer_stage1_enqueued=251 peer_stage1_processed=251 peer_stage1_items=248 avg_peer_stage1_items=0.988048 peer_stage1_rate_per_sec=49.370041 peer_stage1_max_queue=1 peer_stage1_active_workers=0 peer_stage2_home_enqueued=13141 peer_stage2_home_processed=13141 peer_stage2_home_items=1430110 avg_peer_stage2_home_items=108.828095 peer_stage2_home_max_queue=10 peer_stage2_home_response_queue_drops=0 peer_stage2_home_response_send_wait_ms=77.178031 avg_peer_stage2_home_queue_wait_us=14.996262 avg_peer_stage2_home_execution_us=56.447477 peer_stage1_release_deferred_batches=4 peer_stage1_release_deferred_items=4 peer_stage1_duplicate_retry_responses=0 peer_stage1_admission_retry_responses=0 peer_stage1_retry_response_drops=0 peer_stage1_admission_waiters=0 peer_stage1_admission_waiter_items=0 peer_stage1_admission_owned_items=0 peer_stage1_admission_wake_coverage=0 peer_stage1_admission_parked=0 peer_stage1_admission_woken=0 peer_stage1_admission_reparked=0 peer_stage1_max_admission_waiters=0 peer_stage1_duplicate_coalesced=0 peer_reverse_enqueued=346 peer_reverse_processed=346 peer_reverse_remaining=0 peer_reverse_items_enqueued=6824 peer_reverse_items_processed=6824 peer_reverse_rate_per_sec=1358.472425 peer_reverse_failed=7 peer_reverse_max_queue=2 reclaim_pending=5 reclaim_reused=134 dynamic_high_watermark=19600192768 stage2_remaining=0 cleanup_remaining=0 active_contexts=2 active_context_limit=32 repair_remaining=0 remaining=6
[STATUS]: storage-owner maintenance observation: enqueued=531 stage2_enqueued=531 cleanup_enqueued=0 stage2_tasks_done=512 stage2_finalized_live=512 cleanup_processed=0 stale=0 stage2_completion_ratio=0.964218 live_stage2_completion_ratio=0.964218 avg_stage2_delay_ms=132.332176 p99_stage2_delay_upper_ms=512.000000 p99_stage2_delay_over_30s=false stage2_delay_histogram=0,0,0,0,0,0,37,256,209,10,0,0,0,0,0,0,0,0 max_stage2_delay_ms=327.435255 compaction_batch_target=32 compaction_max_delay_ms=25.000000 stage2_rate_per_sec=51.080580 stage1_search_budget_exhausted=0 stage2_search_budget_exhausted=0 stage2_continuations=528 stage2_remote_frontier_items=3172027 avg_stage2_remote_frontier=6007.626894 stage2_remote_expansions=57895 avg_stage2_remote_expansions=109.649621 stage2_scored_candidates=4722519 avg_stage2_scored_candidates=8944.164773 stage2_graph_read_waves=13231 avg_stage2_expansions_per_graph_wave=4.375709 stage2_graph_unique_reads=60228 stage2_graph_prefetch_issued=41045 stage2_graph_prefetch_hits=39476 stage2_graph_prefetch_wasted=1435 stage2_graph_prefetch_promotion_ratio=0.964924 stage2_graph_issue_width_current=16 stage2_vector_read_waves=24915 avg_stage2_scores_per_vector_wave=189.545214 stage2_vector_unique_reads=4334848 stage2_home_rpc_batches=29816 stage2_home_rpc_items=3230166 avg_stage2_home_rpc_batch=108.336665 stage2_home_score_rpc_batches=12546 stage2_home_score_rpc_items=3169938 stage2_home_score_rpc_queries=49716 stage2_home_score_rpc_request_bytes=81651728 stage2_home_score_rpc_response_bytes=101940528 avg_stage2_home_score_queries_per_rpc=3.962697 avg_stage2_home_score_rpc_batch=252.665232 stage2_home_scored_neighbors=3557577 home_scores_per_expansion=1.101360 stage2_migrations=473 home_match_rate=0.076172 stage2_final_edges=20551 stage2_cross_edges_stage1_home=17487 stage2_cross_edges_final_home=14590 cross_edge_reduction_ratio=0.165666 failed=0 rpc_timeouts=0 reverse_aggregate_batches=0 reverse_aggregate_logical_requests=0 reverse_aggregate_ops=0 avg_reverse_aggregate_logicals=0.000000 avg_reverse_aggregate_ops=0.000000 max_backlog=8 admission_window=65536 completion_outstanding=23 completion_incomplete=19 completed_behind_hole=4 completion_logical_full_failures=0 completion_physical_full_failures=0 pressure_yields=5 stage2_batches=168 avg_stage2_batch_size=3.142857 packing_target_batch=8 packing_admit_queue_avg=3.142857 packing_admit_queue_max=8 packing_batch_1_7=164 packing_batch_8=4 packing_assembly_batches=168 packing_assembly_wait_ms=4195.681549 packing_arrival_interval_us=10627 packing_waited_batches=164 packing_wait_ms=4100.000000 packing_target_flushes=4 packing_deadline_flushes=164 packing_cleanup_flushes=0 stage2_phase_search_attempts=166 stage2_phase_search_task_attempts=516 stage2_phase_search_elapsed_ms=11589.275884 avg_stage2_phase_search_us_per_task=22459.836984 stage2_phase_freeze_prune_attempts=169 stage2_phase_freeze_prune_task_attempts=523 stage2_phase_freeze_prune_elapsed_ms=401.735067 avg_stage2_phase_freeze_prune_us_per_task=768.135883 stage2_phase_reverse_prepare_attempts=164 stage2_phase_reverse_prepare_task_attempts=512 stage2_phase_reverse_prepare_elapsed_ms=1345.963745 avg_stage2_phase_reverse_prepare_us_per_task=2628.835439 stage2_phase_placement_authority_attempts=164 stage2_phase_placement_authority_task_attempts=512 stage2_phase_placement_authority_elapsed_ms=209.125337 avg_stage2_phase_placement_authority_us_per_task=408.447924 stage2_phase_completion_handoff_attempts=164 stage2_phase_completion_handoff_task_attempts=512 stage2_phase_completion_handoff_elapsed_ms=0.198018 avg_stage2_phase_completion_handoff_us_per_task=0.386754 stage2_phase_finalize_attempts=164 stage2_phase_finalize_task_attempts=512 stage2_phase_finalize_elapsed_ms=0.719247 avg_stage2_phase_finalize_us_per_task=1.404779 maintenance_worker_idle_waits=46976 maintenance_worker_idle_ms=71867.390018 maintenance_lost_wake_avoided=4965 maintenance_targeted_wakes=80391 maintenance_generic_wakes=531 maintenance_broadcast_wakes=0 maintenance_context_slots_scanned=278992 maintenance_ready_notifications=55243 maintenance_ready_stale_notifications=0 maintenance_ready_tickets_drained=45612 maintenance_ready_overflow_scans=0 maintenance_ready_fallback_scans=17680 stage2_search_lane_lease_limit=32 stage2_search_lane_lease_peak=6 stage2_search_lane_lease_blocked=0 maintenance_worker_observed_idle_ratio=0.896247 maintenance_worker_observed_busy_ratio=0.103753 physical_stage1_items=531 physical_stage1_total_ns=2689062743 physical_stage1_search_ns=2542415232 physical_stage1_prune_ns=100124454 physical_stage1_allocate_write_ns=33307012 physical_stage1_backlink_ns=11662072 physical_stage1_candidates=67953 physical_stage1_remote_frontier_items=3190714 physical_stage1_neighbors=20792 peer_stage1_enqueued=852 peer_stage1_processed=851 peer_stage1_items=842 avg_peer_stage1_items=0.989424 peer_stage1_rate_per_sec=84.003611 peer_stage1_max_queue=2 peer_stage1_active_workers=1 peer_stage2_home_enqueued=40869 peer_stage2_home_processed=40869 peer_stage2_home_items=4485910 avg_peer_stage2_home_items=109.763146 peer_stage2_home_max_queue=10 peer_stage2_home_response_queue_drops=0 peer_stage2_home_response_send_wait_ms=247.500710 avg_peer_stage2_home_queue_wait_us=17.968482 avg_peer_stage2_home_execution_us=52.756147 peer_stage1_release_deferred_batches=10 peer_stage1_release_deferred_items=10 peer_stage1_duplicate_retry_responses=0 peer_stage1_admission_retry_responses=0 peer_stage1_retry_response_drops=0 peer_stage1_admission_waiters=0 peer_stage1_admission_waiter_items=0 peer_stage1_admission_owned_items=0 peer_stage1_admission_wake_coverage=0 peer_stage1_admission_parked=0 peer_stage1_admission_woken=0 peer_stage1_admission_reparked=0 peer_stage1_max_admission_waiters=0 peer_stage1_duplicate_coalesced=0 peer_reverse_enqueued=1103 peer_reverse_processed=1103 peer_reverse_remaining=0 peer_reverse_items_enqueued=24777 peer_reverse_items_processed=24777 peer_reverse_rate_per_sec=2471.920976 peer_reverse_failed=26 peer_reverse_max_queue=2 reclaim_pending=6 reclaim_reused=467 dynamic_high_watermark=19600626272 stage2_remaining=3 cleanup_remaining=0 active_contexts=4 active_context_limit=32 repair_remaining=0 remaining=19
[STATUS]: storage-owner maintenance observation: enqueued=1075 stage2_enqueued=1075 cleanup_enqueued=0 stage2_tasks_done=1062 stage2_finalized_live=1062 cleanup_processed=0 stale=0 stage2_completion_ratio=0.987907 live_stage2_completion_ratio=0.987907 avg_stage2_delay_ms=139.279413 p99_stage2_delay_upper_ms=512.000000 p99_stage2_delay_over_30s=false stage2_delay_histogram=0,0,0,0,0,0,63,480,491,28,0,0,0,0,0,0,0,0 max_stage2_delay_ms=327.435255 compaction_batch_target=32 compaction_max_delay_ms=25.000000 stage2_rate_per_sec=70.685720 stage1_search_budget_exhausted=0 stage2_search_budget_exhausted=0 stage2_continuations=1074 stage2_remote_frontier_items=6310887 avg_stage2_remote_frontier=5876.058659 stage2_remote_expansions=119239 avg_stage2_remote_expansions=111.023277 stage2_scored_candidates=9411691 avg_stage2_scored_candidates=8763.213222 stage2_graph_read_waves=27597 avg_stage2_expansions_per_graph_wave=4.320723 stage2_graph_unique_reads=122227 stage2_graph_prefetch_issued=83431 stage2_graph_prefetch_hits=80443 stage2_graph_prefetch_wasted=2988 stage2_graph_prefetch_promotion_ratio=0.964186 stage2_graph_issue_width_current=16 stage2_vector_read_waves=55343 avg_stage2_scores_per_vector_wave=170.061092 stage2_vector_unique_reads=8625785 stage2_home_rpc_batches=60384 stage2_home_rpc_items=6389736 avg_stage2_home_rpc_batch=105.818362 stage2_home_score_rpc_batches=25137 stage2_home_score_rpc_items=6267509 stage2_home_score_rpc_queries=105925 stage2_home_score_rpc_request_bytes=162215776 stage2_home_score_rpc_response_bytes=201570680 avg_stage2_home_score_queries_per_rpc=4.213908 avg_stage2_home_score_rpc_batch=249.334010 stage2_home_scored_neighbors=7053164 home_scores_per_expansion=1.103827 stage2_migrations=971 home_match_rate=0.085687 stage2_final_edges=43883 stage2_cross_edges_stage1_home=37306 stage2_cross_edges_final_home=31164 cross_edge_reduction_ratio=0.164638 failed=0 rpc_timeouts=0 reverse_aggregate_batches=0 reverse_aggregate_logical_requests=0 reverse_aggregate_ops=0 avg_reverse_aggregate_logicals=0.000000 avg_reverse_aggregate_ops=0.000000 max_backlog=8 admission_window=65536 completion_outstanding=16 completion_incomplete=13 completed_behind_hole=3 completion_logical_full_failures=0 completion_physical_full_failures=0 pressure_yields=454 stage2_batches=311 avg_stage2_batch_size=3.453376 packing_target_batch=8 packing_admit_queue_avg=3.453376 packing_admit_queue_max=8 packing_batch_1_7=297 packing_batch_8=14 packing_assembly_batches=311 packing_assembly_wait_ms=7742.837686 packing_arrival_interval_us=9149 packing_waited_batches=297 packing_wait_ms=7423.814000 packing_target_flushes=14 packing_deadline_flushes=297 packing_cleanup_flushes=0 stage2_phase_search_attempts=309 stage2_phase_search_task_attempts=1062 stage2_phase_search_elapsed_ms=24277.672359 avg_stage2_phase_search_us_per_task=22860.331788 stage2_phase_freeze_prune_attempts=320 stage2_phase_freeze_prune_task_attempts=1105 stage2_phase_freeze_prune_elapsed_ms=771.753179 avg_stage2_phase_freeze_prune_us_per_task=698.419167 stage2_phase_reverse_prepare_attempts=309 stage2_phase_reverse_prepare_task_attempts=1062 stage2_phase_reverse_prepare_elapsed_ms=2418.484699 avg_stage2_phase_reverse_prepare_us_per_task=2277.292560 stage2_phase_placement_authority_attempts=309 stage2_phase_placement_authority_task_attempts=1062 stage2_phase_placement_authority_elapsed_ms=360.505496 avg_stage2_phase_placement_authority_us_per_task=339.459036 stage2_phase_completion_handoff_attempts=309 stage2_phase_completion_handoff_task_attempts=1062 stage2_phase_completion_handoff_elapsed_ms=0.388532 avg_stage2_phase_completion_handoff_us_per_task=0.365849 stage2_phase_finalize_attempts=309 stage2_phase_finalize_task_attempts=1062 stage2_phase_finalize_elapsed_ms=1.481741 avg_stage2_phase_finalize_us_per_task=1.395236 maintenance_worker_idle_waits=96320 maintenance_worker_idle_ms=103949.854661 maintenance_lost_wake_avoided=11510 maintenance_targeted_wakes=175828 maintenance_generic_wakes=1075 maintenance_broadcast_wakes=0 maintenance_context_slots_scanned=570928 maintenance_ready_notifications=116924 maintenance_ready_stale_notifications=0 maintenance_ready_tickets_drained=97551 maintenance_ready_overflow_scans=0 maintenance_ready_fallback_scans=35907 stage2_search_lane_lease_limit=32 stage2_search_lane_lease_peak=6 stage2_search_lane_lease_blocked=0 maintenance_worker_observed_idle_ratio=0.864851 maintenance_worker_observed_busy_ratio=0.135149 physical_stage1_items=1075 physical_stage1_total_ns=5217799070 physical_stage1_search_ns=4913362442 physical_stage1_prune_ns=208621548 physical_stage1_allocate_write_ns=67613883 physical_stage1_backlink_ns=25093129 physical_stage1_candidates=137563 physical_stage1_remote_frontier_items=6314795 physical_stage1_neighbors=43316 peer_stage1_enqueued=1739 peer_stage1_processed=1739 peer_stage1_items=1704 avg_peer_stage1_items=0.979873 peer_stage1_rate_per_sec=113.416635 peer_stage1_max_queue=4 peer_stage1_active_workers=1 peer_stage2_home_enqueued=67457 peer_stage2_home_processed=67456 peer_stage2_home_items=7395085 avg_peer_stage2_home_items=109.628276 peer_stage2_home_max_queue=10 peer_stage2_home_response_queue_drops=0 peer_stage2_home_response_send_wait_ms=422.959776 avg_peer_stage2_home_queue_wait_us=17.809385 avg_peer_stage2_home_execution_us=52.043709 peer_stage1_release_deferred_batches=36 peer_stage1_release_deferred_items=36 peer_stage1_duplicate_retry_responses=0 peer_stage1_admission_retry_responses=0 peer_stage1_retry_response_drops=0 peer_stage1_admission_waiters=0 peer_stage1_admission_waiter_items=0 peer_stage1_admission_owned_items=0 peer_stage1_admission_wake_coverage=0 peer_stage1_admission_parked=0 peer_stage1_admission_woken=0 peer_stage1_admission_reparked=0 peer_stage1_max_admission_waiters=0 peer_stage1_duplicate_coalesced=1 peer_reverse_enqueued=1785 peer_reverse_processed=1784 peer_reverse_remaining=1 peer_reverse_items_enqueued=42875 peer_reverse_items_processed=42826 peer_reverse_rate_per_sec=2850.458215 peer_reverse_failed=40 peer_reverse_max_queue=5 reclaim_pending=3 reclaim_reused=968 dynamic_high_watermark=19601026048 stage2_remaining=1 cleanup_remaining=0 active_contexts=2 active_context_limit=32 repair_remaining=0 remaining=13
[STATUS]: storage-owner maintenance observation: enqueued=1416 stage2_enqueued=1416 cleanup_enqueued=0 stage2_tasks_done=1416 stage2_finalized_live=1416 cleanup_processed=0 stale=0 stage2_completion_ratio=1.000000 live_stage2_completion_ratio=1.000000 avg_stage2_delay_ms=135.309839 p99_stage2_delay_upper_ms=512.000000 p99_stage2_delay_over_30s=false stage2_delay_histogram=0,0,0,0,0,0,110,658,606,42,0,0,0,0,0,0,0,0 max_stage2_delay_ms=384.207476 compaction_batch_target=32 compaction_max_delay_ms=25.000000 stage2_rate_per_sec=70.712362 stage1_search_budget_exhausted=0 stage2_search_budget_exhausted=0 stage2_continuations=1416 stage2_remote_frontier_items=8207327 avg_stage2_remote_frontier=5796.134887 stage2_remote_expansions=158724 avg_stage2_remote_expansions=112.093220 stage2_scored_candidates=12340364 avg_stage2_scored_candidates=8714.946328 stage2_graph_read_waves=37429 avg_stage2_expansions_per_graph_wave=4.240669 stage2_graph_unique_reads=162578 stage2_graph_prefetch_issued=111338 stage2_graph_prefetch_hits=107484 stage2_graph_prefetch_wasted=3854 stage2_graph_prefetch_promotion_ratio=0.965385 stage2_graph_issue_width_current=16 stage2_vector_read_waves=78725 avg_stage2_scores_per_vector_wave=156.752798 stage2_vector_unique_reads=11306630 stage2_home_rpc_batches=80068 stage2_home_rpc_items=8367927 avg_stage2_home_rpc_batch=104.510254 stage2_home_score_rpc_batches=33166 stage2_home_score_rpc_items=8205349 stage2_home_score_rpc_queries=135954 stage2_home_score_rpc_request_bytes=212109292 stage2_home_score_rpc_response_bytes=263906736 avg_stage2_home_score_queries_per_rpc=4.099198 avg_stage2_home_score_rpc_batch=247.402430 stage2_home_scored_neighbors=9238708 home_scores_per_expansion=1.104062 stage2_migrations=1278 home_match_rate=0.097458 stage2_final_edges=58344 stage2_cross_edges_stage1_home=49497 stage2_cross_edges_final_home=41506 cross_edge_reduction_ratio=0.161444 failed=0 rpc_timeouts=0 reverse_aggregate_batches=0 reverse_aggregate_logical_requests=0 reverse_aggregate_ops=0 avg_reverse_aggregate_logicals=0.000000 avg_reverse_aggregate_ops=0.000000 max_backlog=8 admission_window=65536 completion_outstanding=0 completion_incomplete=0 completed_behind_hole=0 completion_logical_full_failures=0 completion_physical_full_failures=0 pressure_yields=458 stage2_batches=425 avg_stage2_batch_size=3.331765 packing_target_batch=8 packing_admit_queue_avg=3.331765 packing_admit_queue_max=8 packing_batch_1_7=408 packing_batch_8=17 packing_assembly_batches=425 packing_assembly_wait_ms=10580.901514 packing_arrival_interval_us=18256 packing_waited_batches=408 packing_wait_ms=10198.814000 packing_target_flushes=17 packing_deadline_flushes=408 packing_cleanup_flushes=0 stage2_phase_search_attempts=425 stage2_phase_search_task_attempts=1416 stage2_phase_search_elapsed_ms=31545.705143 avg_stage2_phase_search_us_per_task=22278.040355 stage2_phase_freeze_prune_attempts=440 stage2_phase_freeze_prune_task_attempts=1475 stage2_phase_freeze_prune_elapsed_ms=1007.435378 avg_stage2_phase_freeze_prune_us_per_task=683.007036 stage2_phase_reverse_prepare_attempts=425 stage2_phase_reverse_prepare_task_attempts=1416 stage2_phase_reverse_prepare_elapsed_ms=3083.771367 avg_stage2_phase_reverse_prepare_us_per_task=2177.804638 stage2_phase_placement_authority_attempts=425 stage2_phase_placement_authority_task_attempts=1416 stage2_phase_placement_authority_elapsed_ms=469.981377 avg_stage2_phase_placement_authority_us_per_task=331.907752 stage2_phase_completion_handoff_attempts=425 stage2_phase_completion_handoff_task_attempts=1416 stage2_phase_completion_handoff_elapsed_ms=0.523998 avg_stage2_phase_completion_handoff_us_per_task=0.370055 stage2_phase_finalize_attempts=425 stage2_phase_finalize_task_attempts=1416 stage2_phase_finalize_elapsed_ms=1.975240 avg_stage2_phase_finalize_us_per_task=1.394944 maintenance_worker_idle_waits=133760 maintenance_worker_idle_ms=139869.948525 maintenance_lost_wake_avoided=14946 maintenance_targeted_wakes=237809 maintenance_generic_wakes=1416 maintenance_broadcast_wakes=0 maintenance_context_slots_scanned=750960 maintenance_ready_notifications=160560 maintenance_ready_stale_notifications=0 maintenance_ready_tickets_drained=135156 maintenance_ready_overflow_scans=0 maintenance_ready_fallback_scans=47143 stage2_search_lane_lease_limit=32 stage2_search_lane_lease_peak=7 stage2_search_lane_lease_blocked=0 maintenance_worker_observed_idle_ratio=0.873105 maintenance_worker_observed_busy_ratio=0.126895 physical_stage1_items=1416 physical_stage1_total_ns=6760494976 physical_stage1_search_ns=6363334554 physical_stage1_prune_ns=272016769 physical_stage1_allocate_write_ns=88575347 physical_stage1_backlink_ns=32524585 physical_stage1_candidates=181198 physical_stage1_remote_frontier_items=8207327 physical_stage1_neighbors=56779 peer_stage1_enqueued=2289 peer_stage1_processed=2289 peer_stage1_items=2246 avg_peer_stage1_items=0.981215 peer_stage1_rate_per_sec=112.160992 peer_stage1_max_queue=4 peer_stage1_active_workers=0 peer_stage2_home_enqueued=95773 peer_stage2_home_processed=95773 peer_stage2_home_items=10405531 avg_peer_stage2_home_items=108.647855 peer_stage2_home_max_queue=10 peer_stage2_home_response_queue_drops=0 peer_stage2_home_response_send_wait_ms=592.354030 avg_peer_stage2_home_queue_wait_us=16.698660 avg_peer_stage2_home_execution_us=50.467690 peer_stage1_release_deferred_batches=44 peer_stage1_release_deferred_items=44 peer_stage1_duplicate_retry_responses=0 peer_stage1_admission_retry_responses=0 peer_stage1_retry_response_drops=0 peer_stage1_admission_waiters=0 peer_stage1_admission_waiter_items=0 peer_stage1_admission_owned_items=0 peer_stage1_admission_wake_coverage=0 peer_stage1_admission_parked=0 peer_stage1_admission_woken=0 peer_stage1_admission_reparked=0 peer_stage1_max_admission_waiters=0 peer_stage1_duplicate_coalesced=1 peer_reverse_enqueued=2549 peer_reverse_processed=2549 peer_reverse_remaining=0 peer_reverse_items_enqueued=61811 peer_reverse_items_processed=61811 peer_reverse_rate_per_sec=3086.724425 peer_reverse_failed=47 peer_reverse_max_queue=5 reclaim_pending=0 reclaim_reused=1278 dynamic_high_watermark=19601485344 stage2_remaining=0 cleanup_remaining=0 active_contexts=0 active_context_limit=32 repair_remaining=0 remaining=0
[STATUS]: storage-owner maintenance observation: enqueued=1659 stage2_enqueued=1659 cleanup_enqueued=0 stage2_tasks_done=1656 stage2_finalized_live=1656 cleanup_processed=0 stale=0 stage2_completion_ratio=0.998192 live_stage2_completion_ratio=0.998192 avg_stage2_delay_ms=129.722709 p99_stage2_delay_upper_ms=512.000000 p99_stage2_delay_over_30s=false stage2_delay_histogram=0,0,0,0,0,0,153,809,652,42,0,0,0,0,0,0,0,0 max_stage2_delay_ms=384.207476 compaction_batch_target=32 compaction_max_delay_ms=25.000000 stage2_rate_per_sec=66.171392 stage1_search_budget_exhausted=0 stage2_search_budget_exhausted=0 stage2_continuations=1656 stage2_remote_frontier_items=9486132 avg_stage2_remote_frontier=5728.340580 stage2_remote_expansions=185647 avg_stage2_remote_expansions=112.105676 stage2_scored_candidates=14278166 avg_stage2_scored_candidates=8622.080918 stage2_graph_read_waves=44844 avg_stage2_expansions_per_graph_wave=4.139840 stage2_graph_unique_reads=190141 stage2_graph_prefetch_issued=129850 stage2_graph_prefetch_hits=125356 stage2_graph_prefetch_wasted=4494 stage2_graph_prefetch_promotion_ratio=0.965391 stage2_graph_issue_width_current=16 stage2_vector_read_waves=96463 avg_stage2_scores_per_vector_wave=148.017022 stage2_vector_unique_reads=13079447 stage2_home_rpc_batches=93929 stage2_home_rpc_items=9668941 avg_stage2_home_rpc_batch=102.938826 stage2_home_score_rpc_batches=38488 stage2_home_score_rpc_items=9478800 stage2_home_score_rpc_queries=152871 stage2_home_score_rpc_request_bytes=244616928 stage2_home_score_rpc_response_bytes=304872880 avg_stage2_home_score_queries_per_rpc=3.971913 avg_stage2_home_score_rpc_batch=246.279360 stage2_home_scored_neighbors=10677105 home_scores_per_expansion=1.104268 stage2_migrations=1504 home_match_rate=0.091787 stage2_final_edges=68299 stage2_cross_edges_stage1_home=57989 stage2_cross_edges_final_home=48565 cross_edge_reduction_ratio=0.162514 failed=0 rpc_timeouts=0 reverse_aggregate_batches=0 reverse_aggregate_logical_requests=0 reverse_aggregate_ops=0 avg_reverse_aggregate_logicals=0.000000 avg_reverse_aggregate_ops=0.000000 max_backlog=8 admission_window=65536 completion_outstanding=3 completion_incomplete=3 completed_behind_hole=0 completion_logical_full_failures=0 completion_physical_full_failures=0 pressure_yields=460 stage2_batches=521 avg_stage2_batch_size=3.178503 packing_target_batch=8 packing_admit_queue_avg=3.178503 packing_admit_queue_max=8 packing_batch_1_7=504 packing_batch_8=17 packing_assembly_batches=521 packing_assembly_wait_ms=12985.562514 packing_arrival_interval_us=20375 packing_waited_batches=504 packing_wait_ms=12598.814000 packing_target_flushes=17 packing_deadline_flushes=504 packing_cleanup_flushes=0 stage2_phase_search_attempts=521 stage2_phase_search_task_attempts=1656 stage2_phase_search_elapsed_ms=35760.206150 avg_stage2_phase_search_us_per_task=21594.327385 stage2_phase_freeze_prune_attempts=538 stage2_phase_freeze_prune_task_attempts=1726 stage2_phase_freeze_prune_elapsed_ms=1146.757885 avg_stage2_phase_freeze_prune_us_per_task=664.402019 stage2_phase_reverse_prepare_attempts=521 stage2_phase_reverse_prepare_task_attempts=1656 stage2_phase_reverse_prepare_elapsed_ms=3586.423069 avg_stage2_phase_reverse_prepare_us_per_task=2165.714414 stage2_phase_placement_authority_attempts=521 stage2_phase_placement_authority_task_attempts=1656 stage2_phase_placement_authority_elapsed_ms=533.461980 avg_stage2_phase_placement_authority_us_per_task=322.138877 stage2_phase_completion_handoff_attempts=521 stage2_phase_completion_handoff_task_attempts=1656 stage2_phase_completion_handoff_elapsed_ms=0.644809 avg_stage2_phase_completion_handoff_us_per_task=0.389377 stage2_phase_finalize_attempts=521 stage2_phase_finalize_task_attempts=1656 stage2_phase_finalize_elapsed_ms=2.350264 avg_stage2_phase_finalize_us_per_task=1.419242 maintenance_worker_idle_waits=162432 maintenance_worker_idle_ms=177599.182973 maintenance_lost_wake_avoided=16512 maintenance_targeted_wakes=273981 maintenance_generic_wakes=1659 maintenance_broadcast_wakes=0 maintenance_context_slots_scanned=856864 maintenance_ready_notifications=192648 maintenance_ready_stale_notifications=0 maintenance_ready_tickets_drained=163269 maintenance_ready_overflow_scans=0 maintenance_ready_fallback_scans=53726 stage2_search_lane_lease_limit=32 stage2_search_lane_lease_peak=7 stage2_search_lane_lease_blocked=0 maintenance_worker_observed_idle_ratio=0.887076 maintenance_worker_observed_busy_ratio=0.112924 physical_stage1_items=1659 physical_stage1_total_ns=7783150343 physical_stage1_search_ns=7321447940 physical_stage1_prune_ns=315966204 physical_stage1_allocate_write_ns=103530478 physical_stage1_backlink_ns=37469727 physical_stage1_candidates=212291 physical_stage1_remote_frontier_items=9498923 physical_stage1_neighbors=66635 peer_stage1_enqueued=2670 peer_stage1_processed=2670 peer_stage1_items=2622 avg_peer_stage1_items=0.982022 peer_stage1_rate_per_sec=104.771371 peer_stage1_max_queue=4 peer_stage1_active_workers=0 peer_stage2_home_enqueued=124458 peer_stage2_home_processed=124458 peer_stage2_home_items=13434680 avg_peer_stage2_home_items=107.945492 peer_stage2_home_max_queue=10 peer_stage2_home_response_queue_drops=0 peer_stage2_home_response_send_wait_ms=762.757049 avg_peer_stage2_home_queue_wait_us=16.999916 avg_peer_stage2_home_execution_us=49.440011 peer_stage1_release_deferred_batches=49 peer_stage1_release_deferred_items=49 peer_stage1_duplicate_retry_responses=0 peer_stage1_admission_retry_responses=0 peer_stage1_retry_response_drops=0 peer_stage1_admission_waiters=0 peer_stage1_admission_waiter_items=0 peer_stage1_admission_owned_items=0 peer_stage1_admission_wake_coverage=0 peer_stage1_admission_parked=0 peer_stage1_admission_woken=0 peer_stage1_admission_reparked=0 peer_stage1_max_admission_waiters=0 peer_stage1_duplicate_coalesced=1 peer_reverse_enqueued=3320 peer_reverse_processed=3320 peer_reverse_remaining=0 peer_reverse_items_enqueued=80750 peer_reverse_items_processed=80750 peer_reverse_rate_per_sec=3226.654548 peer_reverse_failed=54 peer_reverse_max_queue=5 reclaim_pending=0 reclaim_reused=1504 dynamic_high_watermark=19601933728 stage2_remaining=3 cleanup_remaining=0 active_contexts=0 active_context_limit=32 repair_remaining=0 remaining=3
[STATUS]: storage-owner maintenance observation: enqueued=1758 stage2_enqueued=1758 cleanup_enqueued=0 stage2_tasks_done=1758 stage2_finalized_live=1758 cleanup_processed=0 stale=0 stage2_completion_ratio=1.000000 live_stage2_completion_ratio=1.000000 avg_stage2_delay_ms=126.917274 p99_stage2_delay_upper_ms=512.000000 p99_stage2_delay_over_30s=false stage2_delay_histogram=0,0,0,0,0,0,185,874,657,42,0,0,0,0,0,0,0,0 max_stage2_delay_ms=384.207476 compaction_batch_target=32 compaction_max_delay_ms=25.000000 stage2_rate_per_sec=58.545533 stage1_search_budget_exhausted=0 stage2_search_budget_exhausted=0 stage2_continuations=1758 stage2_remote_frontier_items=10034577 avg_stage2_remote_frontier=5707.950512 stage2_remote_expansions=197086 avg_stage2_remote_expansions=112.108077 stage2_scored_candidates=15105243 avg_stage2_scored_candidates=8592.288396 stage2_graph_read_waves=48484 avg_stage2_expansions_per_graph_wave=4.064970 stage2_graph_unique_reads=201857 stage2_graph_prefetch_issued=137524 stage2_graph_prefetch_hits=132753 stage2_graph_prefetch_wasted=4771 stage2_graph_prefetch_promotion_ratio=0.965308 stage2_graph_issue_width_current=16 stage2_vector_read_waves=105758 avg_stage2_scores_per_vector_wave=142.828372 stage2_vector_unique_reads=13836616 stage2_home_rpc_batches=100164 stage2_home_rpc_items=10224474 avg_stage2_home_rpc_batch=102.077333 stage2_home_score_rpc_batches=40791 stage2_home_score_rpc_items=10022617 stage2_home_score_rpc_queries=158233 stage2_home_score_rpc_request_bytes=258314048 stage2_home_score_rpc_response_bytes=322368536 avg_stage2_home_score_queries_per_rpc=3.879115 avg_stage2_home_score_rpc_batch=245.706577 stage2_home_scored_neighbors=11290810 home_scores_per_expansion=1.104293 stage2_migrations=1598 home_match_rate=0.091013 stage2_final_edges=72522 stage2_cross_edges_stage1_home=61563 stage2_cross_edges_final_home=51589 cross_edge_reduction_ratio=0.162013 failed=0 rpc_timeouts=0 reverse_aggregate_batches=0 reverse_aggregate_logical_requests=0 reverse_aggregate_ops=0 avg_reverse_aggregate_logicals=0.000000 avg_reverse_aggregate_ops=0.000000 max_backlog=8 admission_window=65536 completion_outstanding=0 completion_incomplete=0 completed_behind_hole=0 completion_logical_full_failures=0 completion_physical_full_failures=0 pressure_yields=518 stage2_batches=574 avg_stage2_batch_size=3.062718 packing_target_batch=8 packing_admit_queue_avg=3.062718 packing_admit_queue_max=8 packing_batch_1_7=557 packing_batch_8=17 packing_assembly_batches=574 packing_assembly_wait_ms=14313.308571 packing_arrival_interval_us=18050 packing_waited_batches=557 packing_wait_ms=13923.814000 packing_target_flushes=17 packing_deadline_flushes=557 packing_cleanup_flushes=0 stage2_phase_search_attempts=574 stage2_phase_search_task_attempts=1758 stage2_phase_search_elapsed_ms=37486.578965 avg_stage2_phase_search_us_per_task=21323.423757 stage2_phase_freeze_prune_attempts=591 stage2_phase_freeze_prune_task_attempts=1828 stage2_phase_freeze_prune_elapsed_ms=1218.573591 avg_stage2_phase_freeze_prune_us_per_task=666.615750 stage2_phase_reverse_prepare_attempts=574 stage2_phase_reverse_prepare_task_attempts=1758 stage2_phase_reverse_prepare_elapsed_ms=3821.175330 avg_stage2_phase_reverse_prepare_us_per_task=2173.592338 stage2_phase_placement_authority_attempts=574 stage2_phase_placement_authority_task_attempts=1758 stage2_phase_placement_authority_elapsed_ms=563.117917 avg_stage2_phase_placement_authority_us_per_task=320.317359 stage2_phase_completion_handoff_attempts=574 stage2_phase_completion_handoff_task_attempts=1758 stage2_phase_completion_handoff_elapsed_ms=0.710731 avg_stage2_phase_completion_handoff_us_per_task=0.404284 stage2_phase_finalize_attempts=574 stage2_phase_finalize_task_attempts=1758 stage2_phase_finalize_elapsed_ms=2.523737 avg_stage2_phase_finalize_us_per_task=1.435573 maintenance_worker_idle_waits=178752 maintenance_worker_idle_ms=215352.741739 maintenance_lost_wake_avoided=17028 maintenance_targeted_wakes=290183 maintenance_generic_wakes=1758 maintenance_broadcast_wakes=0 maintenance_context_slots_scanned=926640 maintenance_ready_notifications=208460 maintenance_ready_stale_notifications=0 maintenance_ready_tickets_drained=177504 maintenance_ready_overflow_scans=0 maintenance_ready_fallback_scans=58206 stage2_search_lane_lease_limit=32 stage2_search_lane_lease_peak=7 stage2_search_lane_lease_blocked=0 maintenance_worker_observed_idle_ratio=0.896469 maintenance_worker_observed_busy_ratio=0.103531 physical_stage1_items=1758 physical_stage1_total_ns=8187152581 physical_stage1_search_ns=7699385951 physical_stage1_prune_ns=333803241 physical_stage1_allocate_write_ns=109084623 physical_stage1_backlink_ns=39805217 physical_stage1_candidates=224963 physical_stage1_remote_frontier_items=10034577 physical_stage1_neighbors=70714 peer_stage1_enqueued=2825 peer_stage1_processed=2825 peer_stage1_items=2774 avg_peer_stage1_items=0.981947 peer_stage1_rate_per_sec=92.380722 peer_stage1_max_queue=4 peer_stage1_active_workers=0 peer_stage2_home_enqueued=143682 peer_stage2_home_processed=143682 peer_stage2_home_items=15386132 avg_peer_stage2_home_items=107.084617 peer_stage2_home_max_queue=10 peer_stage2_home_response_queue_drops=0 peer_stage2_home_response_send_wait_ms=874.253073 avg_peer_stage2_home_queue_wait_us=16.359386 avg_peer_stage2_home_execution_us=48.859377 peer_stage1_release_deferred_batches=52 peer_stage1_release_deferred_items=52 peer_stage1_duplicate_retry_responses=0 peer_stage1_admission_retry_responses=0 peer_stage1_retry_response_drops=0 peer_stage1_admission_waiters=0 peer_stage1_admission_waiter_items=0 peer_stage1_admission_owned_items=0 peer_stage1_admission_wake_coverage=0 peer_stage1_admission_parked=0 peer_stage1_admission_woken=0 peer_stage1_admission_reparked=0 peer_stage1_max_admission_waiters=0 peer_stage1_duplicate_coalesced=1 peer_reverse_enqueued=3852 peer_reverse_processed=3852 peer_reverse_remaining=0 peer_reverse_items_enqueued=93894 peer_reverse_items_processed=93894 peer_reverse_rate_per_sec=3126.890966 peer_reverse_failed=62 peer_reverse_max_queue=5 reclaim_pending=0 reclaim_reused=1598 dynamic_high_watermark=19602221408 stage2_remaining=0 cleanup_remaining=0 active_contexts=0 active_context_limit=32 repair_remaining=0 remaining=0
