============================================================
                        SERVER
============================================================
num clients:                  1
TCP port:                     1236
QP handshake timeout (ms):    10000
IB device:                    <auto>
IB port:                      1
max outstanding CQEs:         64
max send work requests:       4096
max receive work requests:    4096
============================================================
index prefix:                     "/data/xjs/index/dvstor_spacev100m/index/spacev100m_R96_bw128_balanced_pmd32_pq20_schema16"
storage shard:                    "/data/xjs/index/dvstor_spacev100m/index/spacev100m_R96_bw128_balanced_pmd32_pq20_schema16_node3_of5.dat"
storage id:                       2
base vectors:                     100000000
vector ID namespace [0,N):        4294967295
registered memory GiB:            22
====================================================================
1 device(s) found
Selected device: ibp86s0
Selected port state: 4, lid: 8, active_mtu: 5
interleaved policy
num_cores: 112
physical cores per socket: 28
hyperthreading enabled
local process CPU partition: rank 2/5 logical_cpus=22
pairing: 75557 -- 6416
[STATUS]: loaded index metadata from /data/xjs/index/dvstor_spacev100m/index/spacev100m_R96_bw128_balanced_pmd32_pq20_schema16 (layout=plain, vector_data_type=int8)
[STATUS]: storage-owner stage2 candidate width L=128 per shard
allocation size: 23622320128
allocated ALIGNED MEM (no hugepage) at 130983026229312 with buffer size 23622320128
[STATUS]: loading index (19200000128 Bytes) from /data/xjs/index/dvstor_spacev100m/index/spacev100m_R96_bw128_balanced_pmd32_pq20_schema16_node3_of5.dat
[STATUS]: loaded GPU PQ codes (400000000 Bytes) at remote offset 19200004224
[STATUS]: storage-owner idmap loaded entries=20000000 format=owner_sharded_v2_bound immutable_base=true dynamic_shards=256 dynamic_reserved=65536
[STATUS]: compensated physical centroid restored on shard 2: vectors=20000000 entries=4
[STATUS]: register memory and distribute access token
[STATUS]: connect QPs of compute threads
[STATUS]: reserving 64 GPU/bootstrap QPs per compute node
pairing: 75561 -- 6421
pairing: 75567 -- 6426
pairing: 75572 -- 6431
pairing: 75577 -- 6436
pairing: 75582 -- 6441
pairing: 75587 -- 6446
pairing: 75592 -- 6451
pairing: 75597 -- 6456
pairing: 75602 -- 6461
pairing: 75607 -- 6466
pairing: 75612 -- 6471
pairing: 75617 -- 6476
pairing: 75622 -- 6481
pairing: 75627 -- 6486
pairing: 75632 -- 6491
pairing: 75637 -- 6496
pairing: 75642 -- 6501
pairing: 75647 -- 6506
pairing: 75652 -- 6511
pairing: 75657 -- 6516
pairing: 75662 -- 6521
pairing: 75667 -- 6526
pairing: 75672 -- 6531
pairing: 75677 -- 6536
pairing: 75682 -- 6541
pairing: 75687 -- 6546
pairing: 75692 -- 6551
pairing: 75697 -- 6556
pairing: 75702 -- 6561
pairing: 75707 -- 6566
pairing: 75712 -- 6571
pairing: 75717 -- 6576
pairing: 75722 -- 6643
pairing: 75787 -- 6644
pairing: 75788 -- 6645
pairing: 75789 -- 6646
pairing: 75790 -- 6647
pairing: 75791 -- 6648
pairing: 75792 -- 6649
pairing: 75793 -- 6650
pairing: 75794 -- 6651
pairing: 75795 -- 6652
pairing: 75796 -- 6653
pairing: 75797 -- 6654
pairing: 75798 -- 6655
pairing: 75799 -- 6656
pairing: 75800 -- 6657
pairing: 75801 -- 6658
pairing: 75802 -- 6659
pairing: 75803 -- 6660
pairing: 75804 -- 6661
pairing: 75805 -- 6662
pairing: 75806 -- 6663
pairing: 75807 -- 6664
pairing: 75808 -- 6665
pairing: 75809 -- 6666
pairing: 75810 -- 6667
pairing: 75811 -- 6668
pairing: 75812 -- 6669
pairing: 75813 -- 6670
pairing: 75814 -- 6671
pairing: 75815 -- 6672
pairing: 75816 -- 6673
pairing: 75817 -- 6674
[STATUS]: waiting for compute-node startup barrier
1 device(s) found
Selected device: ibp86s0
Selected port state: 4, lid: 8, active_mtu: 5
pairing: 75882 -- 75880
pairing: 75885 -- 75889
pairing: 75892 -- 75897
pairing: 75899 -- 75905
pairing: 75908 -- 75913
pairing: 75916 -- 75921
pairing: 75924 -- 75929
pairing: 75932 -- 75937
pairing: 75940 -- 75944
pairing: 75947 -- 75950
pairing: 75952 -- 75957
pairing: 75958 -- 75963
pairing: 75964 -- 75969
pairing: 75970 -- 75975
pairing: 75976 -- 75981
pairing: 75982 -- 75987
pairing: 75988 -- 75992
pairing: 75995 -- 75994
pairing: 75998 -- 75996
pairing: 75999 -- 75997
pairing: 76001 -- 76000
pairing: 76003 -- 76002
pairing: 76005 -- 76004
pairing: 76007 -- 76006
pairing: 76010 -- 76008
pairing: 76011 -- 76009
pairing: 76013 -- 76012
pairing: 76015 -- 76014
pairing: 76018 -- 76016
pairing: 76019 -- 76017
pairing: 76021 -- 76020
pairing: 76023 -- 76024
[STATUS]: storage-owner peer RDMA QPs per peer: 8
[STATUS]: storage-owner peer QP0 reserved for RPC; data RDMA uses QP1..7
allocated ALIGNED MEM (no hugepage) at 130981958778944 with buffer size 67108864
allocated ALIGNED MEM (no hugepage) at 130981918933056 with buffer size 39839040
[STATUS]: storage-owner peer RPC receive slots per peer: 64 (requested=64)
[STATUS]: storage-owner peer RPC concurrent sends per peer: 16
[STATUS]: storage-owner peer RPC send credits: Stage1/graph are split at depth >= 2; responses use a dedicated sync buffer
[STATUS]: storage-owner peer async response capacity: 32768
[STATUS]: storage-owner Stage2 home RPC combining: enabled logical_capacity=18432 aggregate_capacity=4608 byte_budget=33586224
allocated ALIGNED MEM (no hugepage) at 107639569438208 with buffer size 96256
allocated ALIGNED MEM (no hugepage) at 130982193762368 with buffer size 212992
allocated ALIGNED MEM (no hugepage) at 130982190092352 with buffer size 212992
[STATUS]: storage-owner peer reverse-update workers: 2
[STATUS]: storage-owner peer Stage1 workers: 3; Stage2-home workers: 1 (one reserved; shared lanes borrow authoritative work only)
[STATUS]: storage-owner physical control workers: cleanup=1 placement=1 (separate blocking domains)
[STATUS]: storage-owner peer progress threads: cq=1 response_dispatch=1
[STATUS]: storage-owner Stage1 artifact capacity: 67584 (64-way, per shard=1056) cleanup replay per shard=2048 active migration receipts=131072
[STATUS]: storage-owner peer reverse-update tuning: queue_depth=65536 coalesce_max=256
allocated ALIGNED MEM (no hugepage) at 130982181265472 with buffer size 855296
allocated ALIGNED MEM (no hugepage) at 130982177923136 with buffer size 855296
allocated ALIGNED MEM (no hugepage) at 130982173929536 with buffer size 855296
allocated ALIGNED MEM (no hugepage) at 130982173073472 with buffer size 855296
allocated ALIGNED MEM (no hugepage) at 130982169735232 with buffer size 855296
allocated ALIGNED MEM (no hugepage) at 130982168879168 with buffer size 855296
allocated ALIGNED MEM (no hugepage) at 130982165540928 with buffer size 855296
allocated ALIGNED MEM (no hugepage) at 130982164684864 with buffer size 855296
[STATUS]: storage-owner peer scratch: snapshot_slot=192 graph_slot=832 batch=256 lane_peak_rdma_wrs=56 lane_useful_wave_rdma_wrs=56 global_read_window=224 search_lanes_global=32 search_lanes_credit_derived=16 search_lane_lease_cap=32 search_lanes_physical_per_worker=4 ready_context_runtime_epoch=1 bytes_per_lane=213824 bytes_total=6842368
[STATUS]: storage-owner maintenance workers: 8 (configured=8, admission_baseline_workers=2, context_limit=32, semantic_execution_batch=8, work_conserving=true)
[STATUS]: storage-owner stage2 reverse outbox descriptors: 128 aggregates=128 wire_max_ops=3072 (shared per-peer work-conserving aggregation)
[STATUS]: storage-owner maintenance tuning: protocol=centroid-home-two-stage compaction_batch_target=32 packing_policy=deterministic_b8 packing_tail_wait_us=arrival_adaptive_capped_25000 packing_context_limit=8 backlog_limit=65536 admission_credit=bounded_accepted_backlog admission_window=65536 physical_completion_capacity=65536
[STATUS]: storage-owner peer RDMA read credits: per_data_qp=8 data_qps_per_peer=7 per_peer=56 global=224 shared_cq_read_budget=8095 ordered_snapshot_pairs_per_chain=4 (requested_per_data_qp=16)
[STATUS]: storage-owner online insert tuning: construction_beam=128 snapshot_batch=256 protocol=centroid-home-two-stage
[STATUS]: storage-owner stage1=physical-home local search and backlinks; stage2=generation-fenced home expand+score continuation
[STATUS]: storage-owner responses=foreground direct post; completion=repost by service poller
[STATUS]: storage-owner foreground pipeline: coordinators=12 cpu_lanes=3 (assigned_cpus=22, rpc_parallelism=16)
[STATUS]: storage-owner CPU plan: foreground_cpu=3 foreground_coordinators=12 maintenance=8 peer_stage1=4 (split into isolated Stage1/Stage2-home domains) peer_reverse=2 peer_cleanup=1 peer_placement=1 peer_progress=2 foreground_progress=1
[STATUS]: storage-owner insert runtime enabled on shard 2
[STATUS]: storage-owner maintenance observation: enqueued=410 stage2_enqueued=410 cleanup_enqueued=0 stage2_tasks_done=359 stage2_finalized_live=359 cleanup_processed=0 stale=0 stage2_completion_ratio=0.875610 live_stage2_completion_ratio=0.875610 avg_stage2_delay_ms=185.149307 p99_stage2_delay_upper_ms=512.000000 p99_stage2_delay_over_30s=false stage2_delay_histogram=0,0,0,0,0,0,5,70,223,61,0,0,0,0,0,0,0,0 max_stage2_delay_ms=396.659147 compaction_batch_target=32 compaction_max_delay_ms=25.000000 stage2_rate_per_sec=71.413651 stage1_search_budget_exhausted=0 stage2_search_budget_exhausted=0 stage2_continuations=405 stage2_remote_frontier_items=2383141 avg_stage2_remote_frontier=5884.298765 stage2_remote_expansions=40986 avg_stage2_remote_expansions=101.200000 stage2_scored_candidates=3392648 avg_stage2_scored_candidates=8376.908642 stage2_graph_read_waves=7770 avg_stage2_expansions_per_graph_wave=5.274903 stage2_graph_unique_reads=43749 stage2_graph_prefetch_issued=29642 stage2_graph_prefetch_hits=28356 stage2_graph_prefetch_wasted=1128 stage2_graph_prefetch_promotion_ratio=0.961742 stage2_graph_issue_width_current=16 stage2_vector_read_waves=12251 avg_stage2_scores_per_vector_wave=276.928251 stage2_vector_unique_reads=3118626 stage2_home_rpc_batches=20910 stage2_home_rpc_items=2349687 avg_stage2_home_rpc_batch=112.371449 stage2_home_score_rpc_batches=9075 stage2_home_score_rpc_items=2305938 stage2_home_score_rpc_queries=52503 stage2_home_score_rpc_request_bytes=61028204 stage2_home_score_rpc_response_bytes=74153256 avg_stage2_home_score_queries_per_rpc=5.785455 avg_stage2_home_score_rpc_batch=254.097851 stage2_home_scored_neighbors=2579906 home_scores_per_expansion=1.097979 stage2_migrations=326 home_match_rate=0.091922 stage2_final_edges=11783 stage2_cross_edges_stage1_home=10034 stage2_cross_edges_final_home=8267 cross_edge_reduction_ratio=0.176101 failed=0 rpc_timeouts=0 reverse_aggregate_batches=0 reverse_aggregate_logical_requests=0 reverse_aggregate_ops=0 avg_reverse_aggregate_logicals=0.000000 avg_reverse_aggregate_ops=0.000000 max_backlog=9 admission_window=65536 completion_outstanding=51 completion_incomplete=51 completed_behind_hole=0 completion_logical_full_failures=0 completion_physical_full_failures=0 pressure_yields=0 stage2_batches=76 avg_stage2_batch_size=5.328947 packing_target_batch=8 packing_admit_queue_avg=5.342105 packing_admit_queue_max=9 packing_batch_1_7=57 packing_batch_8=19 packing_assembly_batches=76 packing_assembly_wait_ms=1721.426550 packing_arrival_interval_us=5013 packing_waited_batches=57 packing_wait_ms=1372.466000 packing_target_flushes=19 packing_deadline_flushes=57 packing_cleanup_flushes=0 stage2_phase_search_attempts=69 stage2_phase_search_task_attempts=359 stage2_phase_search_elapsed_ms=8861.112709 avg_stage2_phase_search_us_per_task=24682.765206 stage2_phase_freeze_prune_attempts=69 stage2_phase_freeze_prune_task_attempts=359 stage2_phase_freeze_prune_elapsed_ms=251.508209 avg_stage2_phase_freeze_prune_us_per_task=700.579969 stage2_phase_reverse_prepare_attempts=69 stage2_phase_reverse_prepare_task_attempts=359 stage2_phase_reverse_prepare_elapsed_ms=568.162341 avg_stage2_phase_reverse_prepare_us_per_task=1582.624905 stage2_phase_placement_authority_attempts=69 stage2_phase_placement_authority_task_attempts=359 stage2_phase_placement_authority_elapsed_ms=135.623911 avg_stage2_phase_placement_authority_us_per_task=377.782482 stage2_phase_completion_handoff_attempts=69 stage2_phase_completion_handoff_task_attempts=359 stage2_phase_completion_handoff_elapsed_ms=0.087756 avg_stage2_phase_completion_handoff_us_per_task=0.244446 stage2_phase_finalize_attempts=69 stage2_phase_finalize_task_attempts=359 stage2_phase_finalize_elapsed_ms=0.454114 avg_stage2_phase_finalize_us_per_task=1.264942 maintenance_worker_idle_waits=26944 maintenance_worker_idle_ms=32623.202976 maintenance_lost_wake_avoided=6000 maintenance_targeted_wakes=72364 maintenance_generic_wakes=410 maintenance_broadcast_wakes=0 maintenance_context_slots_scanned=234992 maintenance_ready_notifications=33021 maintenance_ready_stale_notifications=0 maintenance_ready_tickets_drained=25638 maintenance_ready_overflow_scans=0 maintenance_ready_fallback_scans=14915 stage2_search_lane_lease_limit=32 stage2_search_lane_lease_peak=11 stage2_search_lane_lease_blocked=0 maintenance_worker_observed_idle_ratio=0.811192 maintenance_worker_observed_busy_ratio=0.188808 physical_stage1_items=410 physical_stage1_total_ns=2231765731 physical_stage1_search_ns=2118399076 physical_stage1_prune_ns=68601015 physical_stage1_allocate_write_ns=32143724 physical_stage1_backlink_ns=11093371 physical_stage1_candidates=52471 physical_stage1_remote_frontier_items=2408763 physical_stage1_neighbors=13202 peer_stage1_enqueued=671 peer_stage1_processed=670 peer_stage1_items=664 avg_peer_stage1_items=0.991045 peer_stage1_rate_per_sec=132.085415 peer_stage1_max_queue=2 peer_stage1_active_workers=1 peer_stage2_home_enqueued=10085 peer_stage2_home_processed=10084 peer_stage2_home_items=1076294 avg_peer_stage2_home_items=106.732844 peer_stage2_home_max_queue=7 peer_stage2_home_response_queue_drops=0 peer_stage2_home_response_send_wait_ms=69.624608 avg_peer_stage2_home_queue_wait_us=13.735375 avg_peer_stage2_home_execution_us=57.076378 peer_stage1_release_deferred_batches=9 peer_stage1_release_deferred_items=9 peer_stage1_duplicate_retry_responses=0 peer_stage1_admission_retry_responses=0 peer_stage1_retry_response_drops=0 peer_stage1_admission_waiters=0 peer_stage1_admission_waiter_items=0 peer_stage1_admission_owned_items=0 peer_stage1_admission_wake_coverage=0 peer_stage1_admission_parked=0 peer_stage1_admission_woken=0 peer_stage1_admission_reparked=0 peer_stage1_max_admission_waiters=0 peer_stage1_duplicate_coalesced=0 peer_reverse_enqueued=316 peer_reverse_processed=315 peer_reverse_remaining=1 peer_reverse_items_enqueued=5489 peer_reverse_items_processed=5462 peer_reverse_rate_per_sec=1086.521893 peer_reverse_failed=4 peer_reverse_max_queue=2 reclaim_pending=0 reclaim_reused=326 dynamic_high_watermark=19600231456 stage2_remaining=5 cleanup_remaining=0 active_contexts=7 active_context_limit=32 repair_remaining=0 remaining=51
[STATUS]: storage-owner maintenance observation: enqueued=914 stage2_enqueued=914 cleanup_enqueued=0 stage2_tasks_done=907 stage2_finalized_live=907 cleanup_processed=0 stale=0 stage2_completion_ratio=0.992341 live_stage2_completion_ratio=0.992341 avg_stage2_delay_ms=202.804132 p99_stage2_delay_upper_ms=512.000000 p99_stage2_delay_over_30s=false stage2_delay_histogram=0,0,0,0,0,0,26,172,471,231,7,0,0,0,0,0,0,0 max_stage2_delay_ms=526.793683 compaction_batch_target=32 compaction_max_delay_ms=25.000000 stage2_rate_per_sec=90.454883 stage1_search_budget_exhausted=0 stage2_search_budget_exhausted=0 stage2_continuations=913 stage2_remote_frontier_items=5380480 avg_stage2_remote_frontier=5893.187295 stage2_remote_expansions=103590 avg_stage2_remote_expansions=113.461117 stage2_scored_candidates=8061877 avg_stage2_scored_candidates=8830.095290 stage2_graph_read_waves=20559 avg_stage2_expansions_per_graph_wave=5.038669 stage2_graph_unique_reads=106385 stage2_graph_prefetch_issued=72213 stage2_graph_prefetch_hits=69420 stage2_graph_prefetch_wasted=2777 stage2_graph_prefetch_promotion_ratio=0.961536 stage2_graph_issue_width_current=16 stage2_vector_read_waves=35162 avg_stage2_scores_per_vector_wave=229.278113 stage2_vector_unique_reads=7392284 stage2_home_rpc_batches=50915 stage2_home_rpc_items=5512868 avg_stage2_home_rpc_batch=108.275911 stage2_home_score_rpc_batches=21473 stage2_home_score_rpc_items=5406483 stage2_home_score_rpc_queries=116042 stage2_home_score_rpc_request_bytes=142392032 stage2_home_score_rpc_response_bytes=173870104 avg_stage2_home_score_queries_per_rpc=5.404089 avg_stage2_home_score_rpc_batch=251.780515 stage2_home_scored_neighbors=6075805 home_scores_per_expansion=1.102113 stage2_migrations=820 home_match_rate=0.095921 stage2_final_edges=32428 stage2_cross_edges_stage1_home=27593 stage2_cross_edges_final_home=22895 cross_edge_reduction_ratio=0.170261 failed=0 rpc_timeouts=0 reverse_aggregate_batches=0 reverse_aggregate_logical_requests=0 reverse_aggregate_ops=0 avg_reverse_aggregate_logicals=0.000000 avg_reverse_aggregate_ops=0.000000 max_backlog=9 admission_window=65536 completion_outstanding=10 completion_incomplete=7 completed_behind_hole=3 completion_logical_full_failures=0 completion_physical_full_failures=0 pressure_yields=697 stage2_batches=198 avg_stage2_batch_size=4.611111 packing_target_batch=8 packing_admit_queue_avg=4.616162 packing_admit_queue_max=9 packing_batch_1_7=168 packing_batch_8=30 packing_assembly_batches=198 packing_assembly_wait_ms=4719.604924 packing_arrival_interval_us=17328 packing_waited_batches=168 packing_wait_ms=4133.559000 packing_target_flushes=30 packing_deadline_flushes=168 packing_cleanup_flushes=0 stage2_phase_search_attempts=197 stage2_phase_search_task_attempts=911 stage2_phase_search_elapsed_ms=25189.843775 avg_stage2_phase_search_us_per_task=27650.761553 stage2_phase_freeze_prune_attempts=198 stage2_phase_freeze_prune_task_attempts=917 stage2_phase_freeze_prune_elapsed_ms=687.754021 avg_stage2_phase_freeze_prune_us_per_task=750.004385 stage2_phase_reverse_prepare_attempts=196 stage2_phase_reverse_prepare_task_attempts=907 stage2_phase_reverse_prepare_elapsed_ms=2101.930879 avg_stage2_phase_reverse_prepare_us_per_task=2317.454111 stage2_phase_placement_authority_attempts=196 stage2_phase_placement_authority_task_attempts=907 stage2_phase_placement_authority_elapsed_ms=531.058653 avg_stage2_phase_placement_authority_us_per_task=585.511194 stage2_phase_completion_handoff_attempts=196 stage2_phase_completion_handoff_task_attempts=907 stage2_phase_completion_handoff_elapsed_ms=0.261456 avg_stage2_phase_completion_handoff_us_per_task=0.288265 stage2_phase_finalize_attempts=196 stage2_phase_finalize_task_attempts=907 stage2_phase_finalize_elapsed_ms=1.186999 avg_stage2_phase_finalize_us_per_task=1.308709 maintenance_worker_idle_waits=69760 maintenance_worker_idle_ms=64157.587047 maintenance_lost_wake_avoided=13283 maintenance_targeted_wakes=177097 maintenance_generic_wakes=914 maintenance_broadcast_wakes=0 maintenance_context_slots_scanned=537712 maintenance_ready_notifications=86553 maintenance_ready_stale_notifications=0 maintenance_ready_tickets_drained=69049 maintenance_ready_overflow_scans=0 maintenance_ready_fallback_scans=33796 stage2_search_lane_lease_limit=32 stage2_search_lane_lease_peak=11 stage2_search_lane_lease_blocked=0 maintenance_worker_observed_idle_ratio=0.799803 maintenance_worker_observed_busy_ratio=0.200197 physical_stage1_items=914 physical_stage1_total_ns=4647345041 physical_stage1_search_ns=4407994373 physical_stage1_prune_ns=148676852 physical_stage1_allocate_write_ns=66477952 physical_stage1_backlink_ns=21296422 physical_stage1_candidates=116954 physical_stage1_remote_frontier_items=5386369 physical_stage1_neighbors=30893 peer_stage1_enqueued=1497 peer_stage1_processed=1497 peer_stage1_items=1480 avg_peer_stage1_items=0.988644 peer_stage1_rate_per_sec=147.600030 peer_stage1_max_queue=2 peer_stage1_active_workers=0 peer_stage2_home_enqueued=35274 peer_stage2_home_processed=35274 peer_stage2_home_items=3904985 avg_peer_stage2_home_items=110.704343 peer_stage2_home_max_queue=10 peer_stage2_home_response_queue_drops=0 peer_stage2_home_response_send_wait_ms=234.817900 avg_peer_stage2_home_queue_wait_us=14.857282 avg_peer_stage2_home_execution_us=53.816660 peer_stage1_release_deferred_batches=20 peer_stage1_release_deferred_items=20 peer_stage1_duplicate_retry_responses=0 peer_stage1_admission_retry_responses=0 peer_stage1_retry_response_drops=0 peer_stage1_admission_waiters=0 peer_stage1_admission_waiter_items=0 peer_stage1_admission_owned_items=0 peer_stage1_admission_wake_coverage=0 peer_stage1_admission_parked=0 peer_stage1_admission_woken=0 peer_stage1_admission_reparked=0 peer_stage1_max_admission_waiters=0 peer_stage1_duplicate_coalesced=0 peer_reverse_enqueued=1049 peer_reverse_processed=1049 peer_reverse_remaining=0 peer_reverse_items_enqueued=22074 peer_reverse_items_processed=22074 peer_reverse_rate_per_sec=2201.434497 peer_reverse_failed=20 peer_reverse_max_queue=3 reclaim_pending=3 reclaim_reused=817 dynamic_high_watermark=19600642144 stage2_remaining=1 cleanup_remaining=0 active_contexts=2 active_context_limit=32 repair_remaining=0 remaining=7
[STATUS]: storage-owner maintenance observation: enqueued=1145 stage2_enqueued=1145 cleanup_enqueued=0 stage2_tasks_done=1137 stage2_finalized_live=1137 cleanup_processed=0 stale=0 stage2_completion_ratio=0.993013 live_stage2_completion_ratio=0.993013 avg_stage2_delay_ms=178.580550 p99_stage2_delay_upper_ms=512.000000 p99_stage2_delay_over_30s=false stage2_delay_histogram=0,0,0,0,0,0,79,337,483,231,7,0,0,0,0,0,0,0 max_stage2_delay_ms=526.793683 compaction_batch_target=32 compaction_max_delay_ms=25.000000 stage2_rate_per_sec=75.662949 stage1_search_budget_exhausted=0 stage2_search_budget_exhausted=0 stage2_continuations=1145 stage2_remote_frontier_items=6684229 avg_stage2_remote_frontier=5837.754585 stage2_remote_expansions=129031 avg_stage2_remote_expansions=112.690830 stage2_scored_candidates=10030916 avg_stage2_scored_candidates=8760.625328 stage2_graph_read_waves=28454 avg_stage2_expansions_per_graph_wave=4.534723 stage2_graph_unique_reads=133267 stage2_graph_prefetch_issued=89630 stage2_graph_prefetch_hits=86080 stage2_graph_prefetch_wasted=3498 stage2_graph_prefetch_promotion_ratio=0.960950 stage2_graph_issue_width_current=16 stage2_vector_read_waves=52438 avg_stage2_scores_per_vector_wave=191.290972 stage2_vector_unique_reads=9194631 stage2_home_rpc_batches=65212 stage2_home_rpc_items=6835182 avg_stage2_home_rpc_batch=104.814789 stage2_home_score_rpc_batches=26758 stage2_home_score_rpc_items=6701915 stage2_home_score_rpc_queries=129803 stage2_home_score_rpc_request_bytes=175110852 stage2_home_score_rpc_response_bytes=215536856 avg_stage2_home_score_queries_per_rpc=4.850998 avg_stage2_home_score_rpc_batch=250.463973 stage2_home_scored_neighbors=7537965 home_scores_per_expansion=1.102818 stage2_migrations=1027 home_match_rate=0.096746 stage2_final_edges=41571 stage2_cross_edges_stage1_home=35380 stage2_cross_edges_final_home=29379 cross_edge_reduction_ratio=0.169616 failed=0 rpc_timeouts=0 reverse_aggregate_batches=0 reverse_aggregate_logical_requests=0 reverse_aggregate_ops=0 avg_reverse_aggregate_logicals=0.000000 avg_reverse_aggregate_ops=0.000000 max_backlog=9 admission_window=65536 completion_outstanding=9 completion_incomplete=8 completed_behind_hole=1 completion_logical_full_failures=0 completion_physical_full_failures=0 pressure_yields=702 stage2_batches=304 avg_stage2_batch_size=3.766447 packing_target_batch=8 packing_admit_queue_avg=3.769737 packing_admit_queue_max=9 packing_batch_1_7=274 packing_batch_8=30 packing_assembly_batches=304 packing_assembly_wait_ms=7374.991362 packing_arrival_interval_us=15268 packing_waited_batches=274 packing_wait_ms=6783.559000 packing_target_flushes=30 packing_deadline_flushes=274 packing_cleanup_flushes=0 stage2_phase_search_attempts=302 stage2_phase_search_task_attempts=1137 stage2_phase_search_elapsed_ms=28956.131804 avg_stage2_phase_search_us_per_task=25467.134392 stage2_phase_freeze_prune_attempts=309 stage2_phase_freeze_prune_task_attempts=1162 stage2_phase_freeze_prune_elapsed_ms=840.462999 avg_stage2_phase_freeze_prune_us_per_task=723.290016 stage2_phase_reverse_prepare_attempts=302 stage2_phase_reverse_prepare_task_attempts=1137 stage2_phase_reverse_prepare_elapsed_ms=2720.007799 avg_stage2_phase_reverse_prepare_us_per_task=2392.267193 stage2_phase_placement_authority_attempts=302 stage2_phase_placement_authority_task_attempts=1137 stage2_phase_placement_authority_elapsed_ms=625.472166 avg_stage2_phase_placement_authority_us_per_task=550.107446 stage2_phase_completion_handoff_attempts=302 stage2_phase_completion_handoff_task_attempts=1137 stage2_phase_completion_handoff_elapsed_ms=0.386791 avg_stage2_phase_completion_handoff_us_per_task=0.340186 stage2_phase_finalize_attempts=302 stage2_phase_finalize_task_attempts=1137 stage2_phase_finalize_elapsed_ms=1.525591 avg_stage2_phase_finalize_us_per_task=1.341769 maintenance_worker_idle_waits=99456 maintenance_worker_idle_ms=102169.925740 maintenance_lost_wake_avoided=14609 maintenance_targeted_wakes=211442 maintenance_generic_wakes=1145 maintenance_broadcast_wakes=0 maintenance_context_slots_scanned=630960 maintenance_ready_notifications=118699 maintenance_ready_stale_notifications=0 maintenance_ready_tickets_drained=97407 maintenance_ready_overflow_scans=0 maintenance_ready_fallback_scans=39592 stage2_search_lane_lease_limit=32 stage2_search_lane_lease_peak=11 stage2_search_lane_lease_blocked=0 maintenance_worker_observed_idle_ratio=0.849877 maintenance_worker_observed_busy_ratio=0.150123 physical_stage1_items=1145 physical_stage1_total_ns=5638969302 physical_stage1_search_ns=5342521791 physical_stage1_prune_ns=188351466 physical_stage1_allocate_write_ns=79054878 physical_stage1_backlink_ns=25522581 physical_stage1_candidates=146516 physical_stage1_remote_frontier_items=6684229 physical_stage1_neighbors=39916 peer_stage1_enqueued=1871 peer_stage1_processed=1871 peer_stage1_items=1850 avg_peer_stage1_items=0.988776 peer_stage1_rate_per_sec=123.110339 peer_stage1_max_queue=2 peer_stage1_active_workers=0 peer_stage2_home_enqueued=66004 peer_stage2_home_processed=66004 peer_stage2_home_items=7249808 avg_peer_stage2_home_items=109.838919 peer_stage2_home_max_queue=14 peer_stage2_home_response_queue_drops=0 peer_stage2_home_response_send_wait_ms=421.810489 avg_peer_stage2_home_queue_wait_us=15.676721 avg_peer_stage2_home_execution_us=51.030016 peer_stage1_release_deferred_batches=24 peer_stage1_release_deferred_items=24 peer_stage1_duplicate_retry_responses=0 peer_stage1_admission_retry_responses=0 peer_stage1_retry_response_drops=0 peer_stage1_admission_waiters=0 peer_stage1_admission_waiter_items=0 peer_stage1_admission_owned_items=0 peer_stage1_admission_wake_coverage=0 peer_stage1_admission_parked=0 peer_stage1_admission_woken=0 peer_stage1_admission_reparked=0 peer_stage1_max_admission_waiters=0 peer_stage1_duplicate_coalesced=0 peer_reverse_enqueued=1843 peer_reverse_processed=1843 peer_reverse_remaining=0 peer_reverse_items_enqueued=44037 peer_reverse_items_processed=44037 peer_reverse_rate_per_sec=2930.491885 peer_reverse_failed=41 peer_reverse_max_queue=4 reclaim_pending=1 reclaim_reused=1026 dynamic_high_watermark=19601147072 stage2_remaining=0 cleanup_remaining=0 active_contexts=2 active_context_limit=32 repair_remaining=0 remaining=8
[STATUS]: storage-owner maintenance observation: enqueued=1421 stage2_enqueued=1421 cleanup_enqueued=0 stage2_tasks_done=1420 stage2_finalized_live=1420 cleanup_processed=0 stale=0 stage2_completion_ratio=0.999296 live_stage2_completion_ratio=0.999296 avg_stage2_delay_ms=161.990196 p99_stage2_delay_upper_ms=512.000000 p99_stage2_delay_over_30s=false stage2_delay_histogram=0,0,0,0,0,0,131,504,547,231,7,0,0,0,0,0,0,0 max_stage2_delay_ms=526.793683 compaction_batch_target=32 compaction_max_delay_ms=25.000000 stage2_rate_per_sec=70.900376 stage1_search_budget_exhausted=0 stage2_search_budget_exhausted=0 stage2_continuations=1420 stage2_remote_frontier_items=8148158 avg_stage2_remote_frontier=5738.139437 stage2_remote_expansions=160765 avg_stage2_remote_expansions=113.214789 stage2_scored_candidates=12215018 avg_stage2_scored_candidates=8602.125352 stage2_graph_read_waves=36478 avg_stage2_expansions_per_graph_wave=4.407177 stage2_graph_unique_reads=164965 stage2_graph_prefetch_issued=111248 stage2_graph_prefetch_hits=107048 stage2_graph_prefetch_wasted=4200 stage2_graph_prefetch_promotion_ratio=0.962247 stage2_graph_issue_width_current=16 stage2_vector_read_waves=70986 avg_stage2_scores_per_vector_wave=172.076438 stage2_vector_unique_reads=11198670 stage2_home_rpc_batches=80664 stage2_home_rpc_items=8323944 avg_stage2_home_rpc_batch=103.192800 stage2_home_score_rpc_batches=32718 stage2_home_score_rpc_items=8158979 stage2_home_score_rpc_queries=149217 stage2_home_score_rpc_request_bytes=212306164 stage2_home_score_rpc_response_bytes=262403256 avg_stage2_home_score_queries_per_rpc=4.560701 avg_stage2_home_score_rpc_batch=249.372792 stage2_home_scored_neighbors=9174988 home_scores_per_expansion=1.102240 stage2_migrations=1281 home_match_rate=0.097887 stage2_final_edges=52910 stage2_cross_edges_stage1_home=44995 stage2_cross_edges_final_home=37422 cross_edge_reduction_ratio=0.168308 failed=0 rpc_timeouts=0 reverse_aggregate_batches=0 reverse_aggregate_logical_requests=0 reverse_aggregate_ops=0 avg_reverse_aggregate_logicals=0.000000 avg_reverse_aggregate_ops=0.000000 max_backlog=9 admission_window=65536 completion_outstanding=1 completion_incomplete=1 completed_behind_hole=0 completion_logical_full_failures=0 completion_physical_full_failures=0 pressure_yields=706 stage2_batches=407 avg_stage2_batch_size=3.488943 packing_target_batch=8 packing_admit_queue_avg=3.491400 packing_admit_queue_max=9 packing_batch_1_7=376 packing_batch_8=31 packing_assembly_batches=407 packing_assembly_wait_ms=9953.774842 packing_arrival_interval_us=25000 packing_waited_batches=376 packing_wait_ms=9333.559000 packing_target_flushes=31 packing_deadline_flushes=376 packing_cleanup_flushes=0 stage2_phase_search_attempts=407 stage2_phase_search_task_attempts=1420 stage2_phase_search_elapsed_ms=33687.718580 avg_stage2_phase_search_us_per_task=23723.745479 stage2_phase_freeze_prune_attempts=416 stage2_phase_freeze_prune_task_attempts=1450 stage2_phase_freeze_prune_elapsed_ms=1004.874567 avg_stage2_phase_freeze_prune_us_per_task=693.016943 stage2_phase_reverse_prepare_attempts=407 stage2_phase_reverse_prepare_task_attempts=1420 stage2_phase_reverse_prepare_elapsed_ms=3287.900359 avg_stage2_phase_reverse_prepare_us_per_task=2315.422788 stage2_phase_placement_authority_attempts=407 stage2_phase_placement_authority_task_attempts=1420 stage2_phase_placement_authority_elapsed_ms=723.168421 avg_stage2_phase_placement_authority_us_per_task=509.273536 stage2_phase_completion_handoff_attempts=407 stage2_phase_completion_handoff_task_attempts=1420 stage2_phase_completion_handoff_elapsed_ms=0.513887 avg_stage2_phase_completion_handoff_us_per_task=0.361892 stage2_phase_finalize_attempts=407 stage2_phase_finalize_task_attempts=1420 stage2_phase_finalize_elapsed_ms=1.947562 avg_stage2_phase_finalize_us_per_task=1.371523 maintenance_worker_idle_waits=131968 maintenance_worker_idle_ms=139426.187736 maintenance_lost_wake_avoided=16507 maintenance_targeted_wakes=251540 maintenance_generic_wakes=1421 maintenance_broadcast_wakes=0 maintenance_context_slots_scanned=748880 maintenance_ready_notifications=153282 maintenance_ready_stale_notifications=0 maintenance_ready_tickets_drained=127480 maintenance_ready_overflow_scans=0 maintenance_ready_fallback_scans=46936 stage2_search_lane_lease_limit=32 stage2_search_lane_lease_peak=11 stage2_search_lane_lease_blocked=0 maintenance_worker_observed_idle_ratio=0.870191 maintenance_worker_observed_busy_ratio=0.129809 physical_stage1_items=1421 physical_stage1_total_ns=6733474900 physical_stage1_search_ns=6370468635 physical_stage1_prune_ns=233810297 physical_stage1_allocate_write_ns=94181066 physical_stage1_backlink_ns=30783730 physical_stage1_candidates=181840 physical_stage1_remote_frontier_items=8155798 physical_stage1_neighbors=50784 peer_stage1_enqueued=2320 peer_stage1_processed=2320 peer_stage1_items=2296 avg_peer_stage1_items=0.989655 peer_stage1_rate_per_sec=114.638918 peer_stage1_max_queue=2 peer_stage1_active_workers=0 peer_stage2_home_enqueued=95091 peer_stage2_home_processed=95091 peer_stage2_home_items=10356825 avg_peer_stage2_home_items=108.914882 peer_stage2_home_max_queue=14 peer_stage2_home_response_queue_drops=0 peer_stage2_home_response_send_wait_ms=595.347726 avg_peer_stage2_home_queue_wait_us=15.263427 avg_peer_stage2_home_execution_us=49.665206 peer_stage1_release_deferred_batches=27 peer_stage1_release_deferred_items=27 peer_stage1_duplicate_retry_responses=0 peer_stage1_admission_retry_responses=0 peer_stage1_retry_response_drops=0 peer_stage1_admission_waiters=0 peer_stage1_admission_waiter_items=0 peer_stage1_admission_owned_items=0 peer_stage1_admission_wake_coverage=0 peer_stage1_admission_parked=0 peer_stage1_admission_woken=0 peer_stage1_admission_reparked=0 peer_stage1_max_admission_waiters=0 peer_stage1_duplicate_coalesced=0 peer_reverse_enqueued=2642 peer_reverse_processed=2641 peer_reverse_remaining=1 peer_reverse_items_enqueued=63879 peer_reverse_items_processed=63818 peer_reverse_rate_per_sec=3186.422692 peer_reverse_failed=56 peer_reverse_max_queue=4 reclaim_pending=0 reclaim_reused=1281 dynamic_high_watermark=19601622240 stage2_remaining=1 cleanup_remaining=0 active_contexts=0 active_context_limit=32 repair_remaining=0 remaining=1
[STATUS]: storage-owner maintenance observation: enqueued=1783 stage2_enqueued=1783 cleanup_enqueued=0 stage2_tasks_done=1780 stage2_finalized_live=1780 cleanup_processed=0 stale=0 stage2_completion_ratio=0.998317 live_stage2_completion_ratio=0.998317 avg_stage2_delay_ms=153.831566 p99_stage2_delay_upper_ms=512.000000 p99_stage2_delay_over_30s=false stage2_delay_histogram=0,0,0,0,0,0,173,709,642,249,7,0,0,0,0,0,0,0 max_stage2_delay_ms=526.793683 compaction_batch_target=32 compaction_max_delay_ms=25.000000 stage2_rate_per_sec=71.117197 stage1_search_budget_exhausted=0 stage2_search_budget_exhausted=0 stage2_continuations=1783 stage2_remote_frontier_items=10080405 avg_stage2_remote_frontier=5653.620303 stage2_remote_expansions=201006 avg_stage2_remote_expansions=112.734717 stage2_scored_candidates=15035169 avg_stage2_scored_candidates=8432.512058 stage2_graph_read_waves=46175 avg_stage2_expansions_per_graph_wave=4.353135 stage2_graph_unique_reads=206061 stage2_graph_prefetch_issued=139483 stage2_graph_prefetch_hits=134428 stage2_graph_prefetch_wasted=5055 stage2_graph_prefetch_promotion_ratio=0.963759 stage2_graph_issue_width_current=16 stage2_vector_read_waves=92559 avg_stage2_scores_per_vector_wave=162.438758 stage2_vector_unique_reads=13793996 stage2_home_rpc_batches=100371 stage2_home_rpc_items=10276238 avg_stage2_home_rpc_batch=102.382541 stage2_home_score_rpc_batches=40555 stage2_home_score_rpc_items=10070177 stage2_home_score_rpc_queries=181309 stage2_home_score_rpc_request_bytes=261757692 stage2_home_score_rpc_response_bytes=323878232 avg_stage2_home_score_queries_per_rpc=4.470694 avg_stage2_home_score_rpc_batch=248.309136 stage2_home_scored_neighbors=11310889 home_scores_per_expansion=1.100684 stage2_migrations=1608 home_match_rate=0.096629 stage2_final_edges=67088 stage2_cross_edges_stage1_home=56996 stage2_cross_edges_final_home=47433 cross_edge_reduction_ratio=0.167784 failed=0 rpc_timeouts=0 reverse_aggregate_batches=0 reverse_aggregate_logical_requests=0 reverse_aggregate_ops=0 avg_reverse_aggregate_logicals=0.000000 avg_reverse_aggregate_ops=0.000000 max_backlog=9 admission_window=65536 completion_outstanding=3 completion_incomplete=3 completed_behind_hole=0 completion_logical_full_failures=0 completion_physical_full_failures=0 pressure_yields=711 stage2_batches=516 avg_stage2_batch_size=3.455426 packing_target_batch=8 packing_admit_queue_avg=3.457364 packing_admit_queue_max=9 packing_batch_1_7=480 packing_batch_8=36 packing_assembly_batches=516 packing_assembly_wait_ms=12668.329927 packing_arrival_interval_us=19888 packing_waited_batches=480 packing_wait_ms=11931.334000 packing_target_flushes=36 packing_deadline_flushes=480 packing_cleanup_flushes=0 stage2_phase_search_attempts=515 stage2_phase_search_task_attempts=1780 stage2_phase_search_elapsed_ms=40459.849153 avg_stage2_phase_search_us_per_task=22730.252333 stage2_phase_freeze_prune_attempts=529 stage2_phase_freeze_prune_task_attempts=1836 stage2_phase_freeze_prune_elapsed_ms=1240.409509 avg_stage2_phase_freeze_prune_us_per_task=675.604308 stage2_phase_reverse_prepare_attempts=515 stage2_phase_reverse_prepare_task_attempts=1780 stage2_phase_reverse_prepare_elapsed_ms=3946.148944 avg_stage2_phase_reverse_prepare_us_per_task=2216.937609 stage2_phase_placement_authority_attempts=515 stage2_phase_placement_authority_task_attempts=1780 stage2_phase_placement_authority_elapsed_ms=818.148396 avg_stage2_phase_placement_authority_us_per_task=459.633930 stage2_phase_completion_handoff_attempts=515 stage2_phase_completion_handoff_task_attempts=1780 stage2_phase_completion_handoff_elapsed_ms=0.641714 avg_stage2_phase_completion_handoff_us_per_task=0.360513 stage2_phase_finalize_attempts=515 stage2_phase_finalize_task_attempts=1780 stage2_phase_finalize_elapsed_ms=2.412628 avg_stage2_phase_finalize_us_per_task=1.355409 maintenance_worker_idle_waits=166784 maintenance_worker_idle_ms=174212.154110 maintenance_lost_wake_avoided=19340 maintenance_targeted_wakes=303886 maintenance_generic_wakes=1783 maintenance_broadcast_wakes=0 maintenance_context_slots_scanned=893008 maintenance_ready_notifications=195009 maintenance_ready_stale_notifications=0 maintenance_ready_tickets_drained=163327 maintenance_ready_overflow_scans=0 maintenance_ready_fallback_scans=56051 stage2_search_lane_lease_limit=32 stage2_search_lane_lease_peak=11 stage2_search_lane_lease_blocked=0 maintenance_worker_observed_idle_ratio=0.870048 maintenance_worker_observed_busy_ratio=0.129952 physical_stage1_items=1783 physical_stage1_total_ns=8188536993 physical_stage1_search_ns=7730963778 physical_stage1_prune_ns=297609596 physical_stage1_allocate_write_ns=116600567 physical_stage1_backlink_ns=38129364 physical_stage1_candidates=228161 physical_stage1_remote_frontier_items=10080405 physical_stage1_neighbors=64814 peer_stage1_enqueued=2878 peer_stage1_processed=2878 peer_stage1_items=2848 avg_peer_stage1_items=0.989576 peer_stage1_rate_per_sec=113.787515 peer_stage1_max_queue=2 peer_stage1_active_workers=0 peer_stage2_home_enqueued=122173 peer_stage2_home_processed=122173 peer_stage2_home_items=13208671 avg_peer_stage2_home_items=108.114485 peer_stage2_home_max_queue=14 peer_stage2_home_response_queue_drops=0 peer_stage2_home_response_send_wait_ms=757.441797 avg_peer_stage2_home_queue_wait_us=14.817933 avg_peer_stage2_home_execution_us=48.814663 peer_stage1_release_deferred_batches=33 peer_stage1_release_deferred_items=33 peer_stage1_duplicate_retry_responses=0 peer_stage1_admission_retry_responses=0 peer_stage1_retry_response_drops=0 peer_stage1_admission_waiters=0 peer_stage1_admission_waiter_items=0 peer_stage1_admission_owned_items=0 peer_stage1_admission_wake_coverage=0 peer_stage1_admission_parked=0 peer_stage1_admission_woken=0 peer_stage1_admission_reparked=0 peer_stage1_max_admission_waiters=0 peer_stage1_duplicate_coalesced=0 peer_reverse_enqueued=3418 peer_reverse_processed=3417 peer_reverse_remaining=1 peer_reverse_items_enqueued=81992 peer_reverse_items_processed=81950 peer_reverse_rate_per_sec=3274.187807 peer_reverse_failed=68 peer_reverse_max_queue=4 reclaim_pending=0 reclaim_reused=1608 dynamic_high_watermark=19602116256 stage2_remaining=0 cleanup_remaining=0 active_contexts=1 active_context_limit=32 repair_remaining=0 remaining=3
[STATUS]: storage-owner maintenance observation: enqueued=2027 stage2_enqueued=2027 cleanup_enqueued=0 stage2_tasks_done=2027 stage2_finalized_live=2027 cleanup_processed=0 stale=0 stage2_completion_ratio=1.000000 live_stage2_completion_ratio=1.000000 avg_stage2_delay_ms=148.987037 p99_stage2_delay_upper_ms=512.000000 p99_stage2_delay_over_30s=false stage2_delay_histogram=0,0,0,0,0,0,202,850,719,249,7,0,0,0,0,0,0,0 max_stage2_delay_ms=526.793683 compaction_batch_target=32 compaction_max_delay_ms=25.000000 stage2_rate_per_sec=67.497714 stage1_search_budget_exhausted=0 stage2_search_budget_exhausted=0 stage2_continuations=2027 stage2_remote_frontier_items=11374922 avg_stage2_remote_frontier=5611.703009 stage2_remote_expansions=228554 avg_stage2_remote_expansions=112.754810 stage2_scored_candidates=17004275 avg_stage2_scored_candidates=8388.887519 stage2_graph_read_waves=52985 avg_stage2_expansions_per_graph_wave=4.313560 stage2_graph_unique_reads=234156 stage2_graph_prefetch_issued=158966 stage2_graph_prefetch_hits=153364 stage2_graph_prefetch_wasted=5602 stage2_graph_prefetch_promotion_ratio=0.964760 stage2_graph_issue_width_current=16 stage2_vector_read_waves=108903 avg_stage2_scores_per_vector_wave=156.141475 stage2_vector_unique_reads=15598325 stage2_home_rpc_batches=114003 stage2_home_rpc_items=11613107 avg_stage2_home_rpc_batch=101.866679 stage2_home_score_rpc_batches=46097 stage2_home_score_rpc_items=11378951 stage2_home_score_rpc_queries=201966 stage2_home_score_rpc_request_bytes=295496864 stage2_home_score_rpc_response_bytes=365984520 avg_stage2_home_score_queries_per_rpc=4.381326 avg_stage2_home_score_rpc_batch=246.847973 stage2_home_scored_neighbors=12784351 home_scores_per_expansion=1.100855 stage2_migrations=1831 home_match_rate=0.096695 stage2_final_edges=77208 stage2_cross_edges_stage1_home=65547 stage2_cross_edges_final_home=54636 cross_edge_reduction_ratio=0.166461 failed=0 rpc_timeouts=0 reverse_aggregate_batches=0 reverse_aggregate_logical_requests=0 reverse_aggregate_ops=0 avg_reverse_aggregate_logicals=0.000000 avg_reverse_aggregate_ops=0.000000 max_backlog=9 admission_window=65536 completion_outstanding=0 completion_incomplete=0 completed_behind_hole=0 completion_logical_full_failures=0 completion_physical_full_failures=0 pressure_yields=714 stage2_batches=590 avg_stage2_batch_size=3.435593 packing_target_batch=8 packing_admit_queue_avg=3.437288 packing_admit_queue_max=9 packing_batch_1_7=554 packing_batch_8=36 packing_assembly_batches=590 packing_assembly_wait_ms=14521.582636 packing_arrival_interval_us=14445 packing_waited_batches=554 packing_wait_ms=13781.334000 packing_target_flushes=36 packing_deadline_flushes=554 packing_cleanup_flushes=0 stage2_phase_search_attempts=590 stage2_phase_search_task_attempts=2027 stage2_phase_search_elapsed_ms=45159.286425 avg_stage2_phase_search_us_per_task=22278.878355 stage2_phase_freeze_prune_attempts=604 stage2_phase_freeze_prune_task_attempts=2083 stage2_phase_freeze_prune_elapsed_ms=1384.567833 avg_stage2_phase_freeze_prune_us_per_task=664.698912 stage2_phase_reverse_prepare_attempts=590 stage2_phase_reverse_prepare_task_attempts=2027 stage2_phase_reverse_prepare_elapsed_ms=4351.101618 avg_stage2_phase_reverse_prepare_us_per_task=2146.572086 stage2_phase_placement_authority_attempts=590 stage2_phase_placement_authority_task_attempts=2027 stage2_phase_placement_authority_elapsed_ms=890.432845 avg_stage2_phase_placement_authority_us_per_task=439.286061 stage2_phase_completion_handoff_attempts=590 stage2_phase_completion_handoff_task_attempts=2027 stage2_phase_completion_handoff_elapsed_ms=0.733051 avg_stage2_phase_completion_handoff_us_per_task=0.361643 stage2_phase_finalize_attempts=590 stage2_phase_finalize_task_attempts=2027 stage2_phase_finalize_elapsed_ms=2.730729 avg_stage2_phase_finalize_us_per_task=1.347178 maintenance_worker_idle_waits=190720 maintenance_worker_idle_ms=211200.434892 maintenance_lost_wake_avoided=20847 maintenance_targeted_wakes=341164 maintenance_generic_wakes=2027 maintenance_broadcast_wakes=0 maintenance_context_slots_scanned=1005984 maintenance_ready_notifications=225192 maintenance_ready_stale_notifications=0 maintenance_ready_tickets_drained=189267 maintenance_ready_overflow_scans=0 maintenance_ready_fallback_scans=63148 stage2_search_lane_lease_limit=32 stage2_search_lane_lease_peak=11 stage2_search_lane_lease_blocked=0 maintenance_worker_observed_idle_ratio=0.879104 maintenance_worker_observed_busy_ratio=0.120896 physical_stage1_items=2027 physical_stage1_total_ns=9187490826 physical_stage1_search_ns=8667172693 physical_stage1_prune_ns=339174663 physical_stage1_allocate_write_ns=131470467 physical_stage1_backlink_ns=43806384 physical_stage1_candidates=259387 physical_stage1_remote_frontier_items=11374922 physical_stage1_neighbors=74535 peer_stage1_enqueued=3278 peer_stage1_processed=3278 peer_stage1_items=3240 avg_peer_stage1_items=0.988408 peer_stage1_rate_per_sec=107.889785 peer_stage1_max_queue=2 peer_stage1_active_workers=0 peer_stage2_home_enqueued=139613 peer_stage2_home_processed=139613 peer_stage2_home_items=14946942 avg_peer_stage2_home_items=107.059815 peer_stage2_home_max_queue=14 peer_stage2_home_response_queue_drops=0 peer_stage2_home_response_send_wait_ms=866.241739 avg_peer_stage2_home_queue_wait_us=14.577243 avg_peer_stage2_home_execution_us=48.439632 peer_stage1_release_deferred_batches=41 peer_stage1_release_deferred_items=41 peer_stage1_duplicate_retry_responses=0 peer_stage1_admission_retry_responses=0 peer_stage1_retry_response_drops=0 peer_stage1_admission_waiters=0 peer_stage1_admission_waiter_items=0 peer_stage1_admission_owned_items=0 peer_stage1_admission_wake_coverage=0 peer_stage1_admission_parked=0 peer_stage1_admission_woken=0 peer_stage1_admission_reparked=0 peer_stage1_max_admission_waiters=0 peer_stage1_duplicate_coalesced=0 peer_reverse_enqueued=3928 peer_reverse_processed=3928 peer_reverse_remaining=0 peer_reverse_items_enqueued=93979 peer_reverse_items_processed=93979 peer_reverse_rate_per_sec=3129.436448 peer_reverse_failed=80 peer_reverse_max_queue=4 reclaim_pending=0 reclaim_reused=1831 dynamic_high_watermark=19602439648 stage2_remaining=0 cleanup_remaining=0 active_contexts=0 active_context_limit=32 repair_remaining=0 remaining=0
