============================================================
                        SERVER
============================================================
num clients:                  1
TCP port:                     1235
QP handshake timeout (ms):    10000
IB device:                    <auto>
IB port:                      1
max outstanding CQEs:         64
max send work requests:       4096
max receive work requests:    4096
============================================================
index prefix:                     "/data/xjs/index/dvstor_spacev100m/index/spacev100m_R96_bw128_balanced_pmd32_pq20_schema16"
storage shard:                    "/data/xjs/index/dvstor_spacev100m/index/spacev100m_R96_bw128_balanced_pmd32_pq20_schema16_node2_of5.dat"
storage id:                       1
base vectors:                     100000000
vector ID namespace [0,N):        4294967295
registered memory GiB:            22
====================================================================
1 device(s) found
Selected device: ibp86s0
Selected port state: 4, lid: 8, active_mtu: 5
interleaved policy
num_cores: 112
physical cores per socket: 28
hyperthreading enabled
local process CPU partition: rank 1/5 logical_cpus=22
pairing: 75556 -- 6415
[STATUS]: loaded index metadata from /data/xjs/index/dvstor_spacev100m/index/spacev100m_R96_bw128_balanced_pmd32_pq20_schema16 (layout=plain, vector_data_type=int8)
[STATUS]: storage-owner stage2 candidate width L=128 per shard
allocation size: 23622320128
allocated ALIGNED MEM (no hugepage) at 134098305679424 with buffer size 23622320128
[STATUS]: loading index (19200000128 Bytes) from /data/xjs/index/dvstor_spacev100m/index/spacev100m_R96_bw128_balanced_pmd32_pq20_schema16_node2_of5.dat
[STATUS]: loaded GPU PQ codes (400000000 Bytes) at remote offset 19200004224
[STATUS]: storage-owner idmap loaded entries=20000000 format=owner_sharded_v2_bound immutable_base=true dynamic_shards=256 dynamic_reserved=65536
[STATUS]: compensated physical centroid restored on shard 1: vectors=20000000 entries=4
[STATUS]: register memory and distribute access token
[STATUS]: connect QPs of compute threads
[STATUS]: reserving 64 GPU/bootstrap QPs per compute node
pairing: 75562 -- 6420
pairing: 75566 -- 6425
pairing: 75571 -- 6430
pairing: 75576 -- 6435
pairing: 75581 -- 6440
pairing: 75586 -- 6445
pairing: 75591 -- 6450
pairing: 75596 -- 6455
pairing: 75601 -- 6460
pairing: 75606 -- 6465
pairing: 75611 -- 6470
pairing: 75616 -- 6475
pairing: 75621 -- 6480
pairing: 75626 -- 6485
pairing: 75631 -- 6490
pairing: 75636 -- 6495
pairing: 75641 -- 6500
pairing: 75646 -- 6505
pairing: 75651 -- 6510
pairing: 75656 -- 6515
pairing: 75661 -- 6520
pairing: 75666 -- 6525
pairing: 75671 -- 6530
pairing: 75676 -- 6535
pairing: 75681 -- 6540
pairing: 75686 -- 6545
pairing: 75691 -- 6550
pairing: 75696 -- 6555
pairing: 75701 -- 6560
pairing: 75706 -- 6565
pairing: 75711 -- 6570
pairing: 75716 -- 6575
pairing: 75721 -- 6611
pairing: 75756 -- 6612
pairing: 75757 -- 6613
pairing: 75758 -- 6614
pairing: 75759 -- 6615
pairing: 75760 -- 6616
pairing: 75761 -- 6617
pairing: 75762 -- 6618
pairing: 75763 -- 6619
pairing: 75764 -- 6620
pairing: 75765 -- 6621
pairing: 75766 -- 6622
pairing: 75767 -- 6623
pairing: 75768 -- 6624
pairing: 75769 -- 6625
pairing: 75770 -- 6626
pairing: 75771 -- 6627
pairing: 75772 -- 6628
pairing: 75773 -- 6629
pairing: 75774 -- 6630
pairing: 75775 -- 6631
pairing: 75776 -- 6632
pairing: 75777 -- 6633
pairing: 75778 -- 6634
pairing: 75779 -- 6635
pairing: 75780 -- 6636
pairing: 75781 -- 6637
pairing: 75782 -- 6638
pairing: 75783 -- 6639
pairing: 75784 -- 6640
pairing: 75785 -- 6641
pairing: 75786 -- 6642
[STATUS]: waiting for compute-node startup barrier
1 device(s) found
Selected device: ibp86s0
Selected port state: 4, lid: 8, active_mtu: 5
pairing: 75881 -- 75884
pairing: 75887 -- 75893
pairing: 75896 -- 75901
pairing: 75904 -- 75909
pairing: 75912 -- 75917
pairing: 75920 -- 75925
pairing: 75928 -- 75933
pairing: 75936 -- 75941
pairing: 75944 -- 75940
pairing: 75948 -- 75946
pairing: 75950 -- 75947
pairing: 75953 -- 75949
pairing: 75954 -- 75951
pairing: 75957 -- 75952
pairing: 75959 -- 75955
pairing: 75960 -- 75956
pairing: 75963 -- 75958
pairing: 75965 -- 75961
pairing: 75966 -- 75962
pairing: 75969 -- 75964
pairing: 75971 -- 75967
pairing: 75972 -- 75968
pairing: 75975 -- 75970
pairing: 75977 -- 75973
pairing: 75979 -- 75974
pairing: 75981 -- 75976
pairing: 75983 -- 75978
pairing: 75984 -- 75980
pairing: 75987 -- 75982
pairing: 75989 -- 75985
pairing: 75990 -- 75986
pairing: 75993 -- 75991
[STATUS]: storage-owner peer RDMA QPs per peer: 8
[STATUS]: storage-owner peer QP0 reserved for RPC; data RDMA uses QP1..7
allocated ALIGNED MEM (no hugepage) at 134097238229056 with buffer size 67108864
allocated ALIGNED MEM (no hugepage) at 134097198383168 with buffer size 39839040
[STATUS]: storage-owner peer RPC receive slots per peer: 64 (requested=64)
[STATUS]: storage-owner peer RPC concurrent sends per peer: 16
[STATUS]: storage-owner peer RPC send credits: Stage1/graph are split at depth >= 2; responses use a dedicated sync buffer
[STATUS]: storage-owner peer async response capacity: 32768
[STATUS]: storage-owner Stage2 home RPC combining: enabled logical_capacity=18432 aggregate_capacity=4608 byte_budget=33586224
allocated ALIGNED MEM (no hugepage) at 103554415986176 with buffer size 96256
allocated ALIGNED MEM (no hugepage) at 134097469542464 with buffer size 212992
allocated ALIGNED MEM (no hugepage) at 134097469124672 with buffer size 212992
[STATUS]: storage-owner peer reverse-update workers: 2
[STATUS]: storage-owner peer Stage1 workers: 3; Stage2-home workers: 1 (one reserved; shared lanes borrow authoritative work only)
[STATUS]: storage-owner physical control workers: cleanup=1 placement=1 (separate blocking domains)
[STATUS]: storage-owner peer progress threads: cq=1 response_dispatch=1
[STATUS]: storage-owner Stage1 artifact capacity: 67584 (64-way, per shard=1056) cleanup replay per shard=2048 active migration receipts=131072
[STATUS]: storage-owner peer reverse-update tuning: queue_depth=65536 coalesce_max=256
allocated ALIGNED MEM (no hugepage) at 134097457573952 with buffer size 855296
allocated ALIGNED MEM (no hugepage) at 134097456717888 with buffer size 855296
allocated ALIGNED MEM (no hugepage) at 134097453379648 with buffer size 855296
allocated ALIGNED MEM (no hugepage) at 134097452523584 with buffer size 855296
allocated ALIGNED MEM (no hugepage) at 134097449185344 with buffer size 855296
allocated ALIGNED MEM (no hugepage) at 134097448128576 with buffer size 855296
allocated ALIGNED MEM (no hugepage) at 134097444790336 with buffer size 855296
allocated ALIGNED MEM (no hugepage) at 134097440796736 with buffer size 855296
[STATUS]: storage-owner peer scratch: snapshot_slot=192 graph_slot=832 batch=256 lane_peak_rdma_wrs=56 lane_useful_wave_rdma_wrs=56 global_read_window=224 search_lanes_global=32 search_lanes_credit_derived=16 search_lane_lease_cap=32 search_lanes_physical_per_worker=4 ready_context_runtime_epoch=1 bytes_per_lane=213824 bytes_total=6842368
[STATUS]: storage-owner maintenance workers: 8 (configured=8, admission_baseline_workers=2, context_limit=32, semantic_execution_batch=8, work_conserving=true)
[STATUS]: storage-owner stage2 reverse outbox descriptors: 128 aggregates=128 wire_max_ops=3072 (shared per-peer work-conserving aggregation)
[STATUS]: storage-owner maintenance tuning: protocol=centroid-home-two-stage compaction_batch_target=32 packing_policy=deterministic_b8 packing_tail_wait_us=arrival_adaptive_capped_25000 packing_context_limit=8 backlog_limit=65536 admission_credit=bounded_accepted_backlog admission_window=65536 physical_completion_capacity=65536
[STATUS]: storage-owner peer RDMA read credits: per_data_qp=8 data_qps_per_peer=7 per_peer=56 global=224 shared_cq_read_budget=8095 ordered_snapshot_pairs_per_chain=4 (requested_per_data_qp=16)
[STATUS]: storage-owner online insert tuning: construction_beam=128 snapshot_batch=256 protocol=centroid-home-two-stage
[STATUS]: storage-owner stage1=physical-home local search and backlinks; stage2=generation-fenced home expand+score continuation
[STATUS]: storage-owner responses=foreground direct post; completion=repost by service poller
[STATUS]: storage-owner foreground pipeline: coordinators=12 cpu_lanes=3 (assigned_cpus=22, rpc_parallelism=16)
[STATUS]: storage-owner CPU plan: foreground_cpu=3 foreground_coordinators=12 maintenance=8 peer_stage1=4 (split into isolated Stage1/Stage2-home domains) peer_reverse=2 peer_cleanup=1 peer_placement=1 peer_progress=2 foreground_progress=1
[STATUS]: storage-owner insert runtime enabled on shard 1
[STATUS]: storage-owner maintenance observation: enqueued=163 stage2_enqueued=163 cleanup_enqueued=0 stage2_tasks_done=151 stage2_finalized_live=151 cleanup_processed=0 stale=0 stage2_completion_ratio=0.926380 live_stage2_completion_ratio=0.926380 avg_stage2_delay_ms=123.867130 p99_stage2_delay_upper_ms=512.000000 p99_stage2_delay_over_30s=false stage2_delay_histogram=0,0,0,0,0,0,13,74,61,3,0,0,0,0,0,0,0,0 max_stage2_delay_ms=270.290274 compaction_batch_target=32 compaction_max_delay_ms=25.000000 stage2_rate_per_sec=30.031497 stage1_search_budget_exhausted=0 stage2_search_budget_exhausted=0 stage2_continuations=161 stage2_remote_frontier_items=1065115 avg_stage2_remote_frontier=6615.621118 stage2_remote_expansions=17277 avg_stage2_remote_expansions=107.310559 stage2_scored_candidates=1579065 avg_stage2_scored_candidates=9807.857143 stage2_graph_read_waves=4296 avg_stage2_expansions_per_graph_wave=4.021648 stage2_graph_unique_reads=18015 stage2_graph_prefetch_issued=11598 stage2_graph_prefetch_hits=10942 stage2_graph_prefetch_wasted=596 stage2_graph_prefetch_promotion_ratio=0.948345 stage2_graph_issue_width_current=16 stage2_vector_read_waves=7462 avg_stage2_scores_per_vector_wave=211.614179 stage2_vector_unique_reads=1442633 stage2_home_rpc_batches=9864 stage2_home_rpc_items=1051313 avg_stage2_home_rpc_batch=106.580799 stage2_home_score_rpc_batches=4082 stage2_home_score_rpc_items=1033298 stage2_home_score_rpc_queries=15175 stage2_home_score_rpc_request_bytes=26512460 stage2_home_score_rpc_response_bytes=33228944 avg_stage2_home_score_queries_per_rpc=3.717540 avg_stage2_home_score_rpc_batch=253.135228 stage2_home_scored_neighbors=1169770 home_scores_per_expansion=1.112675 stage2_migrations=146 home_match_rate=0.033113 stage2_final_edges=5773 stage2_cross_edges_stage1_home=5102 stage2_cross_edges_final_home=4048 cross_edge_reduction_ratio=0.206586 failed=0 rpc_timeouts=0 reverse_aggregate_batches=0 reverse_aggregate_logical_requests=0 reverse_aggregate_ops=0 avg_reverse_aggregate_logicals=0.000000 avg_reverse_aggregate_ops=0.000000 max_backlog=7 admission_window=65536 completion_outstanding=12 completion_incomplete=12 completed_behind_hole=0 completion_logical_full_failures=0 completion_physical_full_failures=0 pressure_yields=0 stage2_batches=51 avg_stage2_batch_size=3.156863 packing_target_batch=8 packing_admit_queue_avg=3.156863 packing_admit_queue_max=7 packing_batch_1_7=51 packing_batch_8=0 packing_assembly_batches=51 packing_assembly_wait_ms=1277.454878 packing_arrival_interval_us=7073 packing_waited_batches=51 packing_wait_ms=1275.000000 packing_target_flushes=0 packing_deadline_flushes=51 packing_cleanup_flushes=0 stage2_phase_search_attempts=49 stage2_phase_search_task_attempts=151 stage2_phase_search_elapsed_ms=3419.739586 avg_stage2_phase_search_us_per_task=22647.282026 stage2_phase_freeze_prune_attempts=49 stage2_phase_freeze_prune_task_attempts=151 stage2_phase_freeze_prune_elapsed_ms=126.451866 avg_stage2_phase_freeze_prune_us_per_task=837.429576 stage2_phase_reverse_prepare_attempts=49 stage2_phase_reverse_prepare_task_attempts=151 stage2_phase_reverse_prepare_elapsed_ms=331.826261 avg_stage2_phase_reverse_prepare_us_per_task=2197.524907 stage2_phase_placement_authority_attempts=49 stage2_phase_placement_authority_task_attempts=151 stage2_phase_placement_authority_elapsed_ms=100.254884 avg_stage2_phase_placement_authority_us_per_task=663.939629 stage2_phase_completion_handoff_attempts=49 stage2_phase_completion_handoff_task_attempts=151 stage2_phase_completion_handoff_elapsed_ms=0.063850 avg_stage2_phase_completion_handoff_us_per_task=0.422848 stage2_phase_finalize_attempts=49 stage2_phase_finalize_task_attempts=151 stage2_phase_finalize_elapsed_ms=0.219849 avg_stage2_phase_finalize_us_per_task=1.455954 maintenance_worker_idle_waits=16640 maintenance_worker_idle_ms=36160.796269 maintenance_lost_wake_avoided=1740 maintenance_targeted_wakes=25132 maintenance_generic_wakes=163 maintenance_broadcast_wakes=0 maintenance_context_slots_scanned=111232 maintenance_ready_notifications=17380 maintenance_ready_stale_notifications=0 maintenance_ready_tickets_drained=14507 maintenance_ready_overflow_scans=0 maintenance_ready_fallback_scans=7141 stage2_search_lane_lease_limit=32 stage2_search_lane_lease_peak=6 stage2_search_lane_lease_blocked=0 maintenance_worker_observed_idle_ratio=0.898976 maintenance_worker_observed_busy_ratio=0.101024 physical_stage1_items=163 physical_stage1_total_ns=1057273438 physical_stage1_search_ns=1007250534 physical_stage1_prune_ns=32451120 physical_stage1_allocate_write_ns=12538507 physical_stage1_backlink_ns=4443471 physical_stage1_candidates=20863 physical_stage1_remote_frontier_items=1078498 physical_stage1_neighbors=5789 peer_stage1_enqueued=267 peer_stage1_processed=266 peer_stage1_items=266 avg_peer_stage1_items=1.000000 peer_stage1_rate_per_sec=52.903167 peer_stage1_max_queue=2 peer_stage1_active_workers=1 peer_stage2_home_enqueued=12980 peer_stage2_home_processed=12980 peer_stage2_home_items=1411556 avg_peer_stage2_home_items=108.748536 peer_stage2_home_max_queue=7 peer_stage2_home_response_queue_drops=0 peer_stage2_home_response_send_wait_ms=74.809292 avg_peer_stage2_home_queue_wait_us=13.972469 avg_peer_stage2_home_execution_us=56.628144 peer_stage1_release_deferred_batches=0 peer_stage1_release_deferred_items=0 peer_stage1_duplicate_retry_responses=0 peer_stage1_admission_retry_responses=0 peer_stage1_retry_response_drops=0 peer_stage1_admission_waiters=0 peer_stage1_admission_waiter_items=0 peer_stage1_admission_owned_items=0 peer_stage1_admission_wake_coverage=0 peer_stage1_admission_parked=0 peer_stage1_admission_woken=0 peer_stage1_admission_reparked=0 peer_stage1_max_admission_waiters=0 peer_stage1_duplicate_coalesced=0 peer_reverse_enqueued=371 peer_reverse_processed=371 peer_reverse_remaining=0 peer_reverse_items_enqueued=7003 peer_reverse_items_processed=7003 peer_reverse_rate_per_sec=1392.785247 peer_reverse_failed=10 peer_reverse_max_queue=2 reclaim_pending=0 reclaim_reused=146 dynamic_high_watermark=19600242368 stage2_remaining=2 cleanup_remaining=0 active_contexts=2 active_context_limit=32 repair_remaining=0 remaining=12
[STATUS]: storage-owner maintenance observation: enqueued=337 stage2_enqueued=337 cleanup_enqueued=0 stage2_tasks_done=334 stage2_finalized_live=334 cleanup_processed=0 stale=0 stage2_completion_ratio=0.991098 live_stage2_completion_ratio=0.991098 avg_stage2_delay_ms=114.296707 p99_stage2_delay_upper_ms=256.000000 p99_stage2_delay_over_30s=false stage2_delay_histogram=0,0,0,0,0,0,39,193,99,3,0,0,0,0,0,0,0,0 max_stage2_delay_ms=270.290274 compaction_batch_target=32 compaction_max_delay_ms=25.000000 stage2_rate_per_sec=33.306504 stage1_search_budget_exhausted=0 stage2_search_budget_exhausted=0 stage2_continuations=336 stage2_remote_frontier_items=2122184 avg_stage2_remote_frontier=6316.023810 stage2_remote_expansions=37924 avg_stage2_remote_expansions=112.869048 stage2_scored_candidates=3255400 avg_stage2_scored_candidates=9688.690476 stage2_graph_read_waves=10157 avg_stage2_expansions_per_graph_wave=3.733780 stage2_graph_unique_reads=39356 stage2_graph_prefetch_issued=25507 stage2_graph_prefetch_hits=24242 stage2_graph_prefetch_wasted=1243 stage2_graph_prefetch_promotion_ratio=0.951226 stage2_graph_issue_width_current=16 stage2_vector_read_waves=19159 avg_stage2_scores_per_vector_wave=169.914922 stage2_vector_unique_reads=2971590 stage2_home_rpc_batches=21112 stage2_home_rpc_items=2154773 avg_stage2_home_rpc_batch=102.063897 stage2_home_score_rpc_batches=8382 stage2_home_score_rpc_items=2115417 stage2_home_score_rpc_queries=27485 stage2_home_score_rpc_request_bytes=53920492 stage2_home_score_rpc_response_bytes=68028984 avg_stage2_home_score_queries_per_rpc=3.279050 avg_stage2_home_score_rpc_batch=252.376163 stage2_home_scored_neighbors=2399087 home_scores_per_expansion=1.113383 stage2_migrations=316 home_match_rate=0.053892 stage2_final_edges=12844 stage2_cross_edges_stage1_home=11245 stage2_cross_edges_final_home=9005 cross_edge_reduction_ratio=0.199200 failed=0 rpc_timeouts=0 reverse_aggregate_batches=0 reverse_aggregate_logical_requests=0 reverse_aggregate_ops=0 avg_reverse_aggregate_logicals=0.000000 avg_reverse_aggregate_ops=0.000000 max_backlog=7 admission_window=65536 completion_outstanding=3 completion_incomplete=3 completed_behind_hole=0 completion_logical_full_failures=0 completion_physical_full_failures=0 pressure_yields=1 stage2_batches=134 avg_stage2_batch_size=2.507463 packing_target_batch=8 packing_admit_queue_avg=2.507463 packing_admit_queue_max=7 packing_batch_1_7=134 packing_batch_8=0 packing_assembly_batches=134 packing_assembly_wait_ms=3357.069956 packing_arrival_interval_us=22283 packing_waited_batches=134 packing_wait_ms=3350.000000 packing_target_flushes=0 packing_deadline_flushes=134 packing_cleanup_flushes=0 stage2_phase_search_attempts=133 stage2_phase_search_task_attempts=334 stage2_phase_search_elapsed_ms=7492.908524 avg_stage2_phase_search_us_per_task=22433.857856 stage2_phase_freeze_prune_attempts=134 stage2_phase_freeze_prune_task_attempts=337 stage2_phase_freeze_prune_elapsed_ms=296.761041 avg_stage2_phase_freeze_prune_us_per_task=880.596561 stage2_phase_reverse_prepare_attempts=133 stage2_phase_reverse_prepare_task_attempts=334 stage2_phase_reverse_prepare_elapsed_ms=893.340055 avg_stage2_phase_reverse_prepare_us_per_task=2674.670823 stage2_phase_placement_authority_attempts=133 stage2_phase_placement_authority_task_attempts=334 stage2_phase_placement_authority_elapsed_ms=225.179780 avg_stage2_phase_placement_authority_us_per_task=674.190958 stage2_phase_completion_handoff_attempts=133 stage2_phase_completion_handoff_task_attempts=334 stage2_phase_completion_handoff_elapsed_ms=0.175238 avg_stage2_phase_completion_handoff_us_per_task=0.524665 stage2_phase_finalize_attempts=133 stage2_phase_finalize_task_attempts=334 stage2_phase_finalize_elapsed_ms=0.524960 avg_stage2_phase_finalize_us_per_task=1.571737 maintenance_worker_idle_waits=39360 maintenance_worker_idle_ms=73062.331050 maintenance_lost_wake_avoided=3189 maintenance_targeted_wakes=53304 maintenance_generic_wakes=337 maintenance_broadcast_wakes=0 maintenance_context_slots_scanned=215008 maintenance_ready_notifications=40701 maintenance_ready_stale_notifications=0 maintenance_ready_tickets_drained=34858 maintenance_ready_overflow_scans=0 maintenance_ready_fallback_scans=13708 stage2_search_lane_lease_limit=32 stage2_search_lane_lease_peak=6 stage2_search_lane_lease_blocked=0 maintenance_worker_observed_idle_ratio=0.910723 maintenance_worker_observed_busy_ratio=0.089277 physical_stage1_items=337 physical_stage1_total_ns=1910006194 physical_stage1_search_ns=1817195307 physical_stage1_prune_ns=59892714 physical_stage1_allocate_write_ns=23706770 physical_stage1_backlink_ns=8117639 physical_stage1_candidates=43134 physical_stage1_remote_frontier_items=2128553 physical_stage1_neighbors=11779 peer_stage1_enqueued=541 peer_stage1_processed=541 peer_stage1_items=538 avg_peer_stage1_items=0.994455 peer_stage1_rate_per_sec=53.649398 peer_stage1_max_queue=2 peer_stage1_active_workers=0 peer_stage2_home_enqueued=42982 peer_stage2_home_processed=42982 peer_stage2_home_items=4763661 avg_peer_stage2_home_items=110.829208 peer_stage2_home_max_queue=10 peer_stage2_home_response_queue_drops=0 peer_stage2_home_response_send_wait_ms=241.634299 avg_peer_stage2_home_queue_wait_us=13.618398 avg_peer_stage2_home_execution_us=51.986189 peer_stage1_release_deferred_batches=3 peer_stage1_release_deferred_items=3 peer_stage1_duplicate_retry_responses=0 peer_stage1_admission_retry_responses=0 peer_stage1_retry_response_drops=0 peer_stage1_admission_waiters=0 peer_stage1_admission_waiter_items=0 peer_stage1_admission_owned_items=0 peer_stage1_admission_wake_coverage=0 peer_stage1_admission_parked=0 peer_stage1_admission_woken=0 peer_stage1_admission_reparked=0 peer_stage1_max_admission_waiters=0 peer_stage1_duplicate_coalesced=0 peer_reverse_enqueued=1216 peer_reverse_processed=1215 peer_reverse_remaining=1 peer_reverse_items_enqueued=26984 peer_reverse_items_processed=26977 peer_reverse_rate_per_sec=2690.148354 peer_reverse_failed=36 peer_reverse_max_queue=3 reclaim_pending=0 reclaim_reused=316 dynamic_high_watermark=19600773088 stage2_remaining=1 cleanup_remaining=0 active_contexts=1 active_context_limit=32 repair_remaining=0 remaining=3
[STATUS]: storage-owner maintenance observation: enqueued=475 stage2_enqueued=475 cleanup_enqueued=0 stage2_tasks_done=474 stage2_finalized_live=474 cleanup_processed=0 stale=0 stage2_completion_ratio=0.997895 live_stage2_completion_ratio=0.997895 avg_stage2_delay_ms=104.368340 p99_stage2_delay_upper_ms=256.000000 p99_stage2_delay_over_30s=false stage2_delay_histogram=0,0,0,0,0,0,75,291,105,3,0,0,0,0,0,0,0,0 max_stage2_delay_ms=270.290274 compaction_batch_target=32 compaction_max_delay_ms=25.000000 stage2_rate_per_sec=31.538312 stage1_search_budget_exhausted=0 stage2_search_budget_exhausted=0 stage2_continuations=474 stage2_remote_frontier_items=2915984 avg_stage2_remote_frontier=6151.864979 stage2_remote_expansions=53673 avg_stage2_remote_expansions=113.234177 stage2_scored_candidates=4478140 avg_stage2_scored_candidates=9447.552743 stage2_graph_read_waves=14988 avg_stage2_expansions_per_graph_wave=3.581065 stage2_graph_unique_reads=55347 stage2_graph_prefetch_issued=35827 stage2_graph_prefetch_hits=34153 stage2_graph_prefetch_wasted=1674 stage2_graph_prefetch_promotion_ratio=0.953275 stage2_graph_issue_width_current=16 stage2_vector_read_waves=30574 avg_stage2_scores_per_vector_wave=146.468895 stage2_vector_unique_reads=4087164 stage2_home_rpc_batches=29750 stage2_home_rpc_items=2957170 avg_stage2_home_rpc_batch=99.400672 stage2_home_score_rpc_batches=11592 stage2_home_score_rpc_items=2901823 stage2_home_score_rpc_queries=34893 stage2_home_score_rpc_request_bytes=73688284 stage2_home_score_rpc_response_bytes=93323312 avg_stage2_home_score_queries_per_rpc=3.010093 avg_stage2_home_score_rpc_batch=250.329796 stage2_home_scored_neighbors=3292625 home_scores_per_expansion=1.113438 stage2_migrations=446 home_match_rate=0.059072 stage2_final_edges=18797 stage2_cross_edges_stage1_home=16399 stage2_cross_edges_final_home=13194 cross_edge_reduction_ratio=0.195439 failed=0 rpc_timeouts=0 reverse_aggregate_batches=0 reverse_aggregate_logical_requests=0 reverse_aggregate_ops=0 avg_reverse_aggregate_logicals=0.000000 avg_reverse_aggregate_ops=0.000000 max_backlog=7 admission_window=65536 completion_outstanding=1 completion_incomplete=1 completed_behind_hole=0 completion_logical_full_failures=0 completion_physical_full_failures=0 pressure_yields=1 stage2_batches=205 avg_stage2_batch_size=2.312195 packing_target_batch=8 packing_admit_queue_avg=2.312195 packing_admit_queue_max=7 packing_batch_1_7=205 packing_batch_8=0 packing_assembly_batches=205 packing_assembly_wait_ms=5136.117221 packing_arrival_interval_us=25000 packing_waited_batches=205 packing_wait_ms=5125.000000 packing_target_flushes=0 packing_deadline_flushes=205 packing_cleanup_flushes=0 stage2_phase_search_attempts=205 stage2_phase_search_task_attempts=474 stage2_phase_search_elapsed_ms=10051.705695 avg_stage2_phase_search_us_per_task=21206.130158 stage2_phase_freeze_prune_attempts=206 stage2_phase_freeze_prune_task_attempts=477 stage2_phase_freeze_prune_elapsed_ms=395.235807 avg_stage2_phase_freeze_prune_us_per_task=828.586597 stage2_phase_reverse_prepare_attempts=205 stage2_phase_reverse_prepare_task_attempts=474 stage2_phase_reverse_prepare_elapsed_ms=1239.656297 avg_stage2_phase_reverse_prepare_us_per_task=2615.308643 stage2_phase_placement_authority_attempts=205 stage2_phase_placement_authority_task_attempts=474 stage2_phase_placement_authority_elapsed_ms=267.951428 avg_stage2_phase_placement_authority_us_per_task=565.298371 stage2_phase_completion_handoff_attempts=205 stage2_phase_completion_handoff_task_attempts=474 stage2_phase_completion_handoff_elapsed_ms=0.281700 avg_stage2_phase_completion_handoff_us_per_task=0.594304 stage2_phase_finalize_attempts=205 stage2_phase_finalize_task_attempts=474 stage2_phase_finalize_elapsed_ms=0.787499 avg_stage2_phase_finalize_us_per_task=1.661390 maintenance_worker_idle_waits=60608 maintenance_worker_idle_ms=112858.560170 maintenance_lost_wake_avoided=4001 maintenance_targeted_wakes=74981 maintenance_generic_wakes=475 maintenance_broadcast_wakes=0 maintenance_context_slots_scanned=297776 maintenance_ready_notifications=61084 maintenance_ready_stale_notifications=0 maintenance_ready_tickets_drained=53043 maintenance_ready_overflow_scans=0 maintenance_ready_fallback_scans=18741 stage2_search_lane_lease_limit=32 stage2_search_lane_lease_peak=6 stage2_search_lane_lease_blocked=0 maintenance_worker_observed_idle_ratio=0.938652 maintenance_worker_observed_busy_ratio=0.061348 physical_stage1_items=475 physical_stage1_total_ns=2491070574 physical_stage1_search_ns=2364303528 physical_stage1_prune_ns=82962251 physical_stage1_allocate_write_ns=31529893 physical_stage1_backlink_ns=10771874 physical_stage1_candidates=60795 physical_stage1_remote_frontier_items=2919475 physical_stage1_neighbors=17344 peer_stage1_enqueued=767 peer_stage1_processed=767 peer_stage1_items=762 avg_peer_stage1_items=0.993481 peer_stage1_rate_per_sec=50.700831 peer_stage1_max_queue=2 peer_stage1_active_workers=0 peer_stage2_home_enqueued=75293 peer_stage2_home_processed=75293 peer_stage2_home_items=8267645 avg_peer_stage2_home_items=109.806290 peer_stage2_home_max_queue=14 peer_stage2_home_response_queue_drops=0 peer_stage2_home_response_send_wait_ms=414.030997 avg_peer_stage2_home_queue_wait_us=14.141250 avg_peer_stage2_home_execution_us=49.742222 peer_stage1_release_deferred_batches=5 peer_stage1_release_deferred_items=5 peer_stage1_duplicate_retry_responses=0 peer_stage1_admission_retry_responses=0 peer_stage1_retry_response_drops=0 peer_stage1_admission_waiters=0 peer_stage1_admission_waiter_items=0 peer_stage1_admission_owned_items=0 peer_stage1_admission_wake_coverage=0 peer_stage1_admission_parked=0 peer_stage1_admission_woken=0 peer_stage1_admission_reparked=0 peer_stage1_max_admission_waiters=0 peer_stage1_duplicate_coalesced=0 peer_reverse_enqueued=2102 peer_reverse_processed=2102 peer_reverse_remaining=0 peer_reverse_items_enqueued=50226 peer_reverse_items_processed=50226 peer_reverse_rate_per_sec=3341.863421 peer_reverse_failed=62 peer_reverse_max_queue=4 reclaim_pending=0 reclaim_reused=446 dynamic_high_watermark=19601386144 stage2_remaining=1 cleanup_remaining=0 active_contexts=0 active_context_limit=32 repair_remaining=0 remaining=1
[STATUS]: storage-owner maintenance observation: enqueued=749 stage2_enqueued=749 cleanup_enqueued=0 stage2_tasks_done=743 stage2_finalized_live=743 cleanup_processed=0 stale=0 stage2_completion_ratio=0.991989 live_stage2_completion_ratio=0.991989 avg_stage2_delay_ms=98.503223 p99_stage2_delay_upper_ms=256.000000 p99_stage2_delay_over_30s=false stage2_delay_histogram=0,0,0,0,0,0,142,461,137,3,0,0,0,0,0,0,0,0 max_stage2_delay_ms=270.290274 compaction_batch_target=32 compaction_max_delay_ms=25.000000 stage2_rate_per_sec=37.095035 stage1_search_budget_exhausted=0 stage2_search_budget_exhausted=0 stage2_continuations=748 stage2_remote_frontier_items=4395436 avg_stage2_remote_frontier=5876.251337 stage2_remote_expansions=83932 avg_stage2_remote_expansions=112.208556 stage2_scored_candidates=6671324 avg_stage2_scored_candidates=8918.882353 stage2_graph_read_waves=23286 avg_stage2_expansions_per_graph_wave=3.604397 stage2_graph_unique_reads=86353 stage2_graph_prefetch_issued=56507 stage2_graph_prefetch_hits=54086 stage2_graph_prefetch_wasted=2421 stage2_graph_prefetch_promotion_ratio=0.957156 stage2_graph_issue_width_current=16 stage2_vector_read_waves=48794 avg_stage2_scores_per_vector_wave=136.724269 stage2_vector_unique_reads=6097302 stage2_home_rpc_batches=45400 stage2_home_rpc_items=4438085 avg_stage2_home_rpc_batch=97.755176 stage2_home_score_rpc_batches=17492 stage2_home_score_rpc_items=4351732 stage2_home_score_rpc_queries=51781 stage2_home_score_rpc_request_bytes=110456860 stage2_home_score_rpc_response_bytes=139958096 avg_stage2_home_score_queries_per_rpc=2.960268 avg_stage2_home_score_rpc_batch=248.784130 stage2_home_scored_neighbors=4925511 home_scores_per_expansion=1.109828 stage2_migrations=696 home_match_rate=0.063257 stage2_final_edges=29487 stage2_cross_edges_stage1_home=25615 stage2_cross_edges_final_home=20688 cross_edge_reduction_ratio=0.192348 failed=0 rpc_timeouts=0 reverse_aggregate_batches=0 reverse_aggregate_logical_requests=0 reverse_aggregate_ops=0 avg_reverse_aggregate_logicals=0.000000 avg_reverse_aggregate_ops=0.000000 max_backlog=7 admission_window=65536 completion_outstanding=6 completion_incomplete=6 completed_behind_hole=0 completion_logical_full_failures=0 completion_physical_full_failures=0 pressure_yields=1 stage2_batches=314 avg_stage2_batch_size=2.382166 packing_target_batch=8 packing_admit_queue_avg=2.382166 packing_admit_queue_max=7 packing_batch_1_7=314 packing_batch_8=0 packing_assembly_batches=314 packing_assembly_wait_ms=7866.360718 packing_arrival_interval_us=13601 packing_waited_batches=314 packing_wait_ms=7850.000000 packing_target_flushes=0 packing_deadline_flushes=314 packing_cleanup_flushes=0 stage2_phase_search_attempts=313 stage2_phase_search_task_attempts=743 stage2_phase_search_elapsed_ms=14659.678475 avg_stage2_phase_search_us_per_task=19730.388257 stage2_phase_freeze_prune_attempts=314 stage2_phase_freeze_prune_task_attempts=746 stage2_phase_freeze_prune_elapsed_ms=554.156232 avg_stage2_phase_freeze_prune_us_per_task=742.836772 stage2_phase_reverse_prepare_attempts=313 stage2_phase_reverse_prepare_task_attempts=743 stage2_phase_reverse_prepare_elapsed_ms=1679.359476 avg_stage2_phase_reverse_prepare_us_per_task=2260.241556 stage2_phase_placement_authority_attempts=313 stage2_phase_placement_authority_task_attempts=743 stage2_phase_placement_authority_elapsed_ms=375.471345 avg_stage2_phase_placement_authority_us_per_task=505.345013 stage2_phase_completion_handoff_attempts=313 stage2_phase_completion_handoff_task_attempts=743 stage2_phase_completion_handoff_elapsed_ms=0.410579 avg_stage2_phase_completion_handoff_us_per_task=0.552596 stage2_phase_finalize_attempts=313 stage2_phase_finalize_task_attempts=743 stage2_phase_finalize_elapsed_ms=1.168075 avg_stage2_phase_finalize_us_per_task=1.572106 maintenance_worker_idle_waits=90560 maintenance_worker_idle_ms=149519.559646 maintenance_lost_wake_avoided=5475 maintenance_targeted_wakes=112599 maintenance_generic_wakes=749 maintenance_broadcast_wakes=0 maintenance_context_slots_scanned=397200 maintenance_ready_notifications=95343 maintenance_ready_stale_notifications=0 maintenance_ready_tickets_drained=83168 maintenance_ready_overflow_scans=0 maintenance_ready_fallback_scans=25032 stage2_search_lane_lease_limit=32 stage2_search_lane_lease_peak=6 stage2_search_lane_lease_blocked=0 maintenance_worker_observed_idle_ratio=0.933115 maintenance_worker_observed_busy_ratio=0.066885 physical_stage1_items=749 physical_stage1_total_ns=3598694259 physical_stage1_search_ns=3405792326 physical_stage1_prune_ns=128342495 physical_stage1_allocate_write_ns=46817310 physical_stage1_backlink_ns=15507151 physical_stage1_candidates=95864 physical_stage1_remote_frontier_items=4401062 physical_stage1_neighbors=27873 peer_stage1_enqueued=1214 peer_stage1_processed=1214 peer_stage1_items=1202 avg_peer_stage1_items=0.990115 peer_stage1_rate_per_sec=60.011079 peer_stage1_max_queue=2 peer_stage1_active_workers=0 peer_stage2_home_enqueued=104737 peer_stage2_home_processed=104737 peer_stage2_home_items=11407211 avg_peer_stage2_home_items=108.912906 peer_stage2_home_max_queue=14 peer_stage2_home_response_queue_drops=0 peer_stage2_home_response_send_wait_ms=574.340565 avg_peer_stage2_home_queue_wait_us=13.907845 avg_peer_stage2_home_execution_us=48.736138 peer_stage1_release_deferred_batches=12 peer_stage1_release_deferred_items=12 peer_stage1_duplicate_retry_responses=0 peer_stage1_admission_retry_responses=0 peer_stage1_retry_response_drops=0 peer_stage1_admission_waiters=0 peer_stage1_admission_waiter_items=0 peer_stage1_admission_owned_items=0 peer_stage1_admission_wake_coverage=0 peer_stage1_admission_parked=0 peer_stage1_admission_woken=0 peer_stage1_admission_reparked=0 peer_stage1_max_admission_waiters=0 peer_stage1_duplicate_coalesced=0 peer_reverse_enqueued=2934 peer_reverse_processed=2933 peer_reverse_remaining=1 peer_reverse_items_enqueued=70534 peer_reverse_items_processed=70470 peer_reverse_rate_per_sec=3518.286794 peer_reverse_failed=77 peer_reverse_max_queue=4 reclaim_pending=0 reclaim_reused=696 dynamic_high_watermark=19601955552 stage2_remaining=1 cleanup_remaining=0 active_contexts=1 active_context_limit=32 repair_remaining=0 remaining=6
[STATUS]: storage-owner maintenance observation: enqueued=1041 stage2_enqueued=1041 cleanup_enqueued=0 stage2_tasks_done=1030 stage2_finalized_live=1030 cleanup_processed=0 stale=0 stage2_completion_ratio=0.989433 live_stage2_completion_ratio=0.989433 avg_stage2_delay_ms=97.289350 p99_stage2_delay_upper_ms=256.000000 p99_stage2_delay_over_30s=false stage2_delay_histogram=0,0,0,0,0,0,199,656,172,3,0,0,0,0,0,0,0,0 max_stage2_delay_ms=270.290274 compaction_batch_target=32 compaction_max_delay_ms=25.000000 stage2_rate_per_sec=41.150262 stage1_search_budget_exhausted=0 stage2_search_budget_exhausted=0 stage2_continuations=1041 stage2_remote_frontier_items=5951468 avg_stage2_remote_frontier=5717.068204 stage2_remote_expansions=116448 avg_stage2_remote_expansions=111.861671 stage2_scored_candidates=9001047 avg_stage2_scored_candidates=8646.538905 stage2_graph_read_waves=31845 avg_stage2_expansions_per_graph_wave=3.656712 stage2_graph_unique_reads=119923 stage2_graph_prefetch_issued=79447 stage2_graph_prefetch_hits=76317 stage2_graph_prefetch_wasted=3080 stage2_graph_prefetch_promotion_ratio=0.961208 stage2_graph_issue_width_current=16 stage2_vector_read_waves=69612 avg_stage2_scores_per_vector_wave=129.303094 stage2_vector_unique_reads=8235988 stage2_home_rpc_batches=61861 stage2_home_rpc_items=6030152 avg_stage2_home_rpc_batch=97.479058 stage2_home_score_rpc_batches=23926 stage2_home_score_rpc_items=5910229 stage2_home_score_rpc_queries=72554 stage2_home_score_rpc_request_bytes=150244584 stage2_home_score_rpc_response_bytes=190090016 avg_stage2_home_score_queries_per_rpc=3.032433 avg_stage2_home_score_rpc_batch=247.021190 stage2_home_scored_neighbors=6675000 home_scores_per_expansion=1.106937 stage2_migrations=954 home_match_rate=0.073786 stage2_final_edges=40879 stage2_cross_edges_stage1_home=35306 stage2_cross_edges_final_home=28762 cross_edge_reduction_ratio=0.185351 failed=0 rpc_timeouts=0 reverse_aggregate_batches=0 reverse_aggregate_logical_requests=0 reverse_aggregate_ops=0 avg_reverse_aggregate_logicals=0.000000 avg_reverse_aggregate_ops=0.000000 max_backlog=8 admission_window=65536 completion_outstanding=11 completion_incomplete=11 completed_behind_hole=0 completion_logical_full_failures=0 completion_physical_full_failures=0 pressure_yields=1 stage2_batches=423 avg_stage2_batch_size=2.460993 packing_target_batch=8 packing_admit_queue_avg=2.460993 packing_admit_queue_max=8 packing_batch_1_7=422 packing_batch_8=1 packing_assembly_batches=423 packing_assembly_wait_ms=10590.982162 packing_arrival_interval_us=14376 packing_waited_batches=422 packing_wait_ms=10550.000000 packing_target_flushes=1 packing_deadline_flushes=422 packing_cleanup_flushes=0 stage2_phase_search_attempts=421 stage2_phase_search_task_attempts=1035 stage2_phase_search_elapsed_ms=19486.835237 avg_stage2_phase_search_us_per_task=18827.860132 stage2_phase_freeze_prune_attempts=422 stage2_phase_freeze_prune_task_attempts=1038 stage2_phase_freeze_prune_elapsed_ms=727.591861 avg_stage2_phase_freeze_prune_us_per_task=700.955550 stage2_phase_reverse_prepare_attempts=421 stage2_phase_reverse_prepare_task_attempts=1035 stage2_phase_reverse_prepare_elapsed_ms=2142.347718 avg_stage2_phase_reverse_prepare_us_per_task=2069.901177 stage2_phase_placement_authority_attempts=420 stage2_phase_placement_authority_task_attempts=1030 stage2_phase_placement_authority_elapsed_ms=488.656487 avg_stage2_phase_placement_authority_us_per_task=474.423774 stage2_phase_completion_handoff_attempts=420 stage2_phase_completion_handoff_task_attempts=1030 stage2_phase_completion_handoff_elapsed_ms=0.543014 avg_stage2_phase_completion_handoff_us_per_task=0.527198 stage2_phase_finalize_attempts=420 stage2_phase_finalize_task_attempts=1030 stage2_phase_finalize_elapsed_ms=1.568736 avg_stage2_phase_finalize_us_per_task=1.523045 maintenance_worker_idle_waits=123520 maintenance_worker_idle_ms=186646.140147 maintenance_lost_wake_avoided=7140 maintenance_targeted_wakes=153811 maintenance_generic_wakes=1041 maintenance_broadcast_wakes=0 maintenance_context_slots_scanned=504272 maintenance_ready_notifications=132858 maintenance_ready_stale_notifications=0 maintenance_ready_tickets_drained=116298 maintenance_ready_overflow_scans=0 maintenance_ready_fallback_scans=31705 stage2_search_lane_lease_limit=32 stage2_search_lane_lease_peak=6 stage2_search_lane_lease_blocked=0 maintenance_worker_observed_idle_ratio=0.932104 maintenance_worker_observed_busy_ratio=0.067896 physical_stage1_items=1041 physical_stage1_total_ns=4818500296 physical_stage1_search_ns=4552648798 physical_stage1_prune_ns=178322538 physical_stage1_allocate_write_ns=63610890 physical_stage1_backlink_ns=20843808 physical_stage1_candidates=133238 physical_stage1_remote_frontier_items=5951468 physical_stage1_neighbors=39165 peer_stage1_enqueued=1692 peer_stage1_processed=1692 peer_stage1_items=1674 avg_peer_stage1_items=0.989362 peer_stage1_rate_per_sec=66.879164 peer_stage1_max_queue=2 peer_stage1_active_workers=1 peer_stage2_home_enqueued=133084 peer_stage2_home_processed=133083 peer_stage2_home_items=14380031 avg_peer_stage2_home_items=108.053102 peer_stage2_home_max_queue=14 peer_stage2_home_response_queue_drops=0 peer_stage2_home_response_send_wait_ms=728.822171 avg_peer_stage2_home_queue_wait_us=13.903795 avg_peer_stage2_home_execution_us=48.002224 peer_stage1_release_deferred_batches=18 peer_stage1_release_deferred_items=18 peer_stage1_duplicate_retry_responses=0 peer_stage1_admission_retry_responses=0 peer_stage1_retry_response_drops=0 peer_stage1_admission_waiters=0 peer_stage1_admission_waiter_items=0 peer_stage1_admission_owned_items=0 peer_stage1_admission_wake_coverage=0 peer_stage1_admission_parked=0 peer_stage1_admission_woken=0 peer_stage1_admission_reparked=0 peer_stage1_max_admission_waiters=0 peer_stage1_duplicate_coalesced=0 peer_reverse_enqueued=3727 peer_reverse_processed=3727 peer_reverse_remaining=0 peer_reverse_items_enqueued=89748 peer_reverse_items_processed=89748 peer_reverse_rate_per_sec=3585.586137 peer_reverse_failed=93 peer_reverse_max_queue=4 reclaim_pending=6 reclaim_reused=948 dynamic_high_watermark=19602513056 stage2_remaining=0 cleanup_remaining=0 active_contexts=3 active_context_limit=32 repair_remaining=0 remaining=11
[STATUS]: storage-owner maintenance observation: enqueued=1197 stage2_enqueued=1197 cleanup_enqueued=0 stage2_tasks_done=1197 stage2_finalized_live=1197 cleanup_processed=0 stale=0 stage2_completion_ratio=1.000000 live_stage2_completion_ratio=1.000000 avg_stage2_delay_ms=97.057803 p99_stage2_delay_upper_ms=256.000000 p99_stage2_delay_over_30s=false stage2_delay_histogram=0,0,0,0,0,0,234,758,202,3,0,0,0,0,0,0,0,0 max_stage2_delay_ms=270.290274 compaction_batch_target=32 compaction_max_delay_ms=25.000000 stage2_rate_per_sec=39.855554 stage1_search_budget_exhausted=0 stage2_search_budget_exhausted=0 stage2_continuations=1197 stage2_remote_frontier_items=6780948 avg_stage2_remote_frontier=5664.952381 stage2_remote_expansions=134577 avg_stage2_remote_expansions=112.428571 stage2_scored_candidates=10255526 avg_stage2_scored_candidates=8567.690894 stage2_graph_read_waves=36887 avg_stage2_expansions_per_graph_wave=3.648359 stage2_graph_unique_reads=138063 stage2_graph_prefetch_issued=91644 stage2_graph_prefetch_hits=88158 stage2_graph_prefetch_wasted=3486 stage2_graph_prefetch_promotion_ratio=0.961962 stage2_graph_issue_width_current=16 stage2_vector_read_waves=81903 avg_stage2_scores_per_vector_wave=125.215511 stage2_vector_unique_reads=9386264 stage2_home_rpc_batches=71080 stage2_home_rpc_items=6883375 avg_stage2_home_rpc_batch=96.839828 stage2_home_score_rpc_batches=27458 stage2_home_score_rpc_items=6745312 stage2_home_score_rpc_queries=83427 stage2_home_score_rpc_request_bytes=171541484 stage2_home_score_rpc_response_bytes=216956144 avg_stage2_home_score_queries_per_rpc=3.038349 avg_stage2_home_score_rpc_batch=245.659261 stage2_home_scored_neighbors=7614165 home_scores_per_expansion=1.106167 stage2_migrations=1111 home_match_rate=0.071846 stage2_final_edges=47312 stage2_cross_edges_stage1_home=40842 stage2_cross_edges_final_home=33302 cross_edge_reduction_ratio=0.184614 failed=0 rpc_timeouts=0 reverse_aggregate_batches=0 reverse_aggregate_logical_requests=0 reverse_aggregate_ops=0 avg_reverse_aggregate_logicals=0.000000 avg_reverse_aggregate_ops=0.000000 max_backlog=8 admission_window=65536 completion_outstanding=0 completion_incomplete=0 completed_behind_hole=0 completion_logical_full_failures=0 completion_physical_full_failures=0 pressure_yields=1 stage2_batches=485 avg_stage2_batch_size=2.468041 packing_target_batch=8 packing_admit_queue_avg=2.468041 packing_admit_queue_max=8 packing_batch_1_7=484 packing_batch_8=1 packing_assembly_batches=485 packing_assembly_wait_ms=12144.169454 packing_arrival_interval_us=11149 packing_waited_batches=484 packing_wait_ms=12100.000000 packing_target_flushes=1 packing_deadline_flushes=484 packing_cleanup_flushes=0 stage2_phase_search_attempts=485 stage2_phase_search_task_attempts=1197 stage2_phase_search_elapsed_ms=22213.713110 avg_stage2_phase_search_us_per_task=18557.822147 stage2_phase_freeze_prune_attempts=486 stage2_phase_freeze_prune_task_attempts=1200 stage2_phase_freeze_prune_elapsed_ms=824.738249 avg_stage2_phase_freeze_prune_us_per_task=687.281874 stage2_phase_reverse_prepare_attempts=485 stage2_phase_reverse_prepare_task_attempts=1197 stage2_phase_reverse_prepare_elapsed_ms=2396.921386 avg_stage2_phase_reverse_prepare_us_per_task=2002.440590 stage2_phase_placement_authority_attempts=485 stage2_phase_placement_authority_task_attempts=1197 stage2_phase_placement_authority_elapsed_ms=540.818559 avg_stage2_phase_placement_authority_us_per_task=451.811662 stage2_phase_completion_handoff_attempts=485 stage2_phase_completion_handoff_task_attempts=1197 stage2_phase_completion_handoff_elapsed_ms=0.620038 avg_stage2_phase_completion_handoff_us_per_task=0.517993 stage2_phase_finalize_attempts=485 stage2_phase_finalize_task_attempts=1197 stage2_phase_finalize_elapsed_ms=1.797561 avg_stage2_phase_finalize_us_per_task=1.501722 maintenance_worker_idle_waits=144576 maintenance_worker_idle_ms=223724.656534 maintenance_lost_wake_avoided=8058 maintenance_targeted_wakes=177689 maintenance_generic_wakes=1197 maintenance_broadcast_wakes=0 maintenance_context_slots_scanned=589472 maintenance_ready_notifications=154500 maintenance_ready_stale_notifications=0 maintenance_ready_tickets_drained=135624 maintenance_ready_overflow_scans=0 maintenance_ready_fallback_scans=37155 stage2_search_lane_lease_limit=32 stage2_search_lane_lease_peak=6 stage2_search_lane_lease_blocked=0 maintenance_worker_observed_idle_ratio=0.931148 maintenance_worker_observed_busy_ratio=0.068852 physical_stage1_items=1197 physical_stage1_total_ns=5439883519 physical_stage1_search_ns=5135798041 physical_stage1_prune_ns=203671657 physical_stage1_allocate_write_ns=72829585 physical_stage1_backlink_ns=24077119 physical_stage1_candidates=153200 physical_stage1_remote_frontier_items=6780948 physical_stage1_neighbors=45218 peer_stage1_enqueued=1945 peer_stage1_processed=1945 peer_stage1_items=1926 avg_peer_stage1_items=0.990231 peer_stage1_rate_per_sec=64.128485 peer_stage1_max_queue=2 peer_stage1_active_workers=0 peer_stage2_home_enqueued=151423 peer_stage2_home_processed=151423 peer_stage2_home_items=16249122 avg_peer_stage2_home_items=107.309471 peer_stage2_home_max_queue=14 peer_stage2_home_response_queue_drops=0 peer_stage2_home_response_send_wait_ms=826.972294 avg_peer_stage2_home_queue_wait_us=13.995356 avg_peer_stage2_home_execution_us=47.566123 peer_stage1_release_deferred_batches=19 peer_stage1_release_deferred_items=19 peer_stage1_duplicate_retry_responses=0 peer_stage1_admission_retry_responses=0 peer_stage1_retry_response_drops=0 peer_stage1_admission_waiters=0 peer_stage1_admission_waiter_items=0 peer_stage1_admission_owned_items=0 peer_stage1_admission_wake_coverage=0 peer_stage1_admission_parked=0 peer_stage1_admission_woken=0 peer_stage1_admission_reparked=0 peer_stage1_max_admission_waiters=0 peer_stage1_duplicate_coalesced=0 peer_reverse_enqueued=4276 peer_reverse_processed=4276 peer_reverse_remaining=0 peer_reverse_items_enqueued=102867 peer_reverse_items_processed=102867 peer_reverse_rate_per_sec=3425.080430 peer_reverse_failed=111 peer_reverse_max_queue=4 reclaim_pending=2 reclaim_reused=1109 dynamic_high_watermark=19602874144 stage2_remaining=0 cleanup_remaining=0 active_contexts=0 active_context_limit=32 repair_remaining=0 remaining=0
