============================================================
                        SERVER
============================================================
num clients:                  1
TCP port:                     1237
QP handshake timeout (ms):    10000
IB device:                    <auto>
IB port:                      1
max outstanding CQEs:         64
max send work requests:       4096
max receive work requests:    4096
============================================================
index prefix:                     "/data/xjs/index/dvstor_spacev100m/index/spacev100m_R96_bw128_metis_pmd32_pq20_schema16"
storage shard:                    "/data/xjs/index/dvstor_spacev100m/index/spacev100m_R96_bw128_metis_pmd32_pq20_schema16_node4_of5.dat"
storage id:                       3
base vectors:                     100000000
vector ID namespace [0,N):        4294967295
registered memory GiB:            23
====================================================================
1 device(s) found
Selected device: ibp86s0
Selected port state: 4, lid: 8, active_mtu: 5
interleaved policy
num_cores: 112
physical cores per socket: 28
hyperthreading enabled
local process CPU partition: rank 3/5 logical_cpus=22
pairing: 84288 -- 12267
[STATUS]: loaded index metadata from /data/xjs/index/dvstor_spacev100m/index/spacev100m_R96_bw128_metis_pmd32_pq20_schema16 (layout=plain, vector_data_type=int8)
[STATUS]: storage-owner stage2 candidate width L=128 per shard
allocation size: 24696061952
allocated ALIGNED MEM (no hugepage) at 126511308865600 with buffer size 24696061952
[STATUS]: loading index (19573328768 Bytes) from /data/xjs/index/dvstor_spacev100m/index/spacev100m_R96_bw128_metis_pmd32_pq20_schema16_node4_of5.dat
[STATUS]: loaded GPU PQ codes (407777680 Bytes) at remote offset 19573332864
[STATUS]: storage-owner idmap loaded entries=20000000 format=owner_sharded_v2_bound immutable_base=true dynamic_shards=256 dynamic_reserved=65536
[STATUS]: compensated physical centroid restored on shard 3: vectors=20388884 entries=4
[STATUS]: register memory and distribute access token
[STATUS]: connect QPs of compute threads
[STATUS]: reserving 64 GPU/bootstrap QPs per compute node
pairing: 84294 -- 12272
pairing: 84298 -- 12277
pairing: 84303 -- 12282
pairing: 84308 -- 12287
pairing: 84313 -- 12292
pairing: 84318 -- 12297
pairing: 84323 -- 12302
pairing: 84328 -- 12307
pairing: 84333 -- 12312
pairing: 84338 -- 12317
pairing: 84343 -- 12322
pairing: 84348 -- 12327
pairing: 84353 -- 12332
pairing: 84358 -- 12337
pairing: 84363 -- 12342
pairing: 84368 -- 12347
pairing: 84373 -- 12352
pairing: 84378 -- 12357
pairing: 84383 -- 12362
pairing: 84388 -- 12367
pairing: 84393 -- 12372
pairing: 84398 -- 12377
pairing: 84403 -- 12382
pairing: 84408 -- 12387
pairing: 84412 -- 12392
pairing: 84418 -- 12397
pairing: 84423 -- 12402
pairing: 84428 -- 12407
pairing: 84433 -- 12412
pairing: 84438 -- 12417
pairing: 84443 -- 12422
pairing: 84448 -- 12427
pairing: 84453 -- 12525
pairing: 84548 -- 12526
pairing: 84549 -- 12527
pairing: 84550 -- 12528
pairing: 84551 -- 12529
pairing: 84552 -- 12530
pairing: 84553 -- 12531
pairing: 84554 -- 12532
pairing: 84555 -- 12533
pairing: 84556 -- 12534
pairing: 84557 -- 12535
pairing: 84558 -- 12536
pairing: 84559 -- 12537
pairing: 84560 -- 12538
pairing: 84561 -- 12539
pairing: 84562 -- 12540
pairing: 84563 -- 12541
pairing: 84564 -- 12542
pairing: 84565 -- 12543
pairing: 84566 -- 12544
pairing: 84567 -- 12545
pairing: 84568 -- 12546
pairing: 84569 -- 12547
pairing: 84570 -- 12548
pairing: 84571 -- 12549
pairing: 84572 -- 12550
pairing: 84573 -- 12551
pairing: 84574 -- 12552
pairing: 84575 -- 12553
pairing: 84576 -- 12554
pairing: 84577 -- 12555
pairing: 84578 -- 12556
[STATUS]: waiting for compute-node startup barrier
1 device(s) found
Selected device: ibp86s0
Selected port state: 4, lid: 8, active_mtu: 5
pairing: 84613 -- 84618
pairing: 84620 -- 84625
pairing: 84628 -- 84634
pairing: 84636 -- 84641
pairing: 84644 -- 84649
pairing: 84652 -- 84657
pairing: 84660 -- 84665
pairing: 84668 -- 84673
pairing: 84676 -- 84677
pairing: 84681 -- 84684
pairing: 84687 -- 84690
pairing: 84693 -- 84696
pairing: 84699 -- 84702
pairing: 84705 -- 84708
pairing: 84711 -- 84714
pairing: 84717 -- 84720
pairing: 84723 -- 84719
pairing: 84725 -- 84728
pairing: 84729 -- 84732
pairing: 84734 -- 84736
pairing: 84738 -- 84740
pairing: 84742 -- 84744
pairing: 84746 -- 84748
pairing: 84749 -- 84752
pairing: 84753 -- 84755
pairing: 84757 -- 84756
pairing: 84759 -- 84758
pairing: 84761 -- 84760
pairing: 84763 -- 84762
pairing: 84765 -- 84764
pairing: 84767 -- 84766
pairing: 84769 -- 84768
[STATUS]: storage-owner peer RDMA QPs per peer: 8
[STATUS]: storage-owner peer QP0 reserved for RPC; data RDMA uses QP1..7
allocated ALIGNED MEM (no hugepage) at 126510241415232 with buffer size 67108864
allocated ALIGNED MEM (no hugepage) at 126510201569344 with buffer size 39839040
[STATUS]: storage-owner peer RPC receive slots per peer: 64 (requested=64)
[STATUS]: storage-owner peer RPC concurrent sends per peer: 16
[STATUS]: storage-owner peer RPC send credits: Stage1/graph are split at depth >= 2; responses use a dedicated sync buffer
[STATUS]: storage-owner peer async response capacity: 32768
[STATUS]: storage-owner Stage2 home RPC combining: enabled logical_capacity=18432 aggregate_capacity=4608 byte_budget=33586224
allocated ALIGNED MEM (no hugepage) at 95658961146368 with buffer size 96256
allocated ALIGNED MEM (no hugepage) at 126510480670784 with buffer size 212992
allocated ALIGNED MEM (no hugepage) at 126510476398656 with buffer size 212992
[STATUS]: storage-owner peer reverse-update workers: 2
[STATUS]: storage-owner peer Stage1 workers: 3; Stage2-home workers: 1 (one reserved; shared lanes borrow authoritative work only)
[STATUS]: storage-owner physical control workers: cleanup=1 placement=1 (separate blocking domains)
[STATUS]: storage-owner peer progress threads: cq=1 response_dispatch=1
[STATUS]: storage-owner Stage1 artifact capacity: 67584 (64-way, per shard=1056) cleanup replay per shard=2048 active migration receipts=131072
[STATUS]: storage-owner peer reverse-update tuning: queue_depth=65536 coalesce_max=256
allocated ALIGNED MEM (no hugepage) at 126510463901760 with buffer size 855296
allocated ALIGNED MEM (no hugepage) at 126510460760128 with buffer size 855296
allocated ALIGNED MEM (no hugepage) at 126510459904064 with buffer size 855296
allocated ALIGNED MEM (no hugepage) at 126510456565824 with buffer size 855296
allocated ALIGNED MEM (no hugepage) at 126510455509056 with buffer size 855296
allocated ALIGNED MEM (no hugepage) at 126510452170816 with buffer size 855296
allocated ALIGNED MEM (no hugepage) at 126510448177216 with buffer size 855296
allocated ALIGNED MEM (no hugepage) at 126510447321152 with buffer size 855296
[STATUS]: storage-owner peer scratch: snapshot_slot=192 graph_slot=832 batch=256 lane_peak_rdma_wrs=56 lane_useful_wave_rdma_wrs=56 global_read_window=224 search_lanes_global=32 search_lanes_credit_derived=16 search_lane_lease_cap=32 search_lanes_physical_per_worker=4 ready_context_runtime_epoch=1 bytes_per_lane=213824 bytes_total=6842368
[STATUS]: storage-owner maintenance workers: 8 (configured=8, admission_baseline_workers=2, context_limit=32, semantic_execution_batch=8, work_conserving=true)
[STATUS]: storage-owner stage2 reverse outbox descriptors: 128 aggregates=128 wire_max_ops=3072 (shared per-peer work-conserving aggregation)
[STATUS]: storage-owner maintenance tuning: protocol=centroid-home-two-stage compaction_batch_target=32 packing_policy=deterministic_b8 packing_tail_wait_us=arrival_adaptive_capped_25000 packing_context_limit=8 backlog_limit=65536 admission_credit=bounded_accepted_backlog admission_window=65536 physical_completion_capacity=65536
[STATUS]: storage-owner peer RDMA read credits: per_data_qp=8 data_qps_per_peer=7 per_peer=56 global=224 shared_cq_read_budget=8095 ordered_snapshot_pairs_per_chain=4 (requested_per_data_qp=16)
[STATUS]: storage-owner online insert tuning: construction_beam=128 snapshot_batch=256 protocol=centroid-home-two-stage
[STATUS]: storage-owner stage1=physical-home local search and backlinks; stage2=generation-fenced home expand+score continuation
[STATUS]: storage-owner responses=foreground direct post; completion=repost by service poller
[STATUS]: storage-owner foreground pipeline: coordinators=12 cpu_lanes=3 (assigned_cpus=22, rpc_parallelism=16)
[STATUS]: storage-owner CPU plan: foreground_cpu=3 foreground_coordinators=12 maintenance=8 peer_stage1=4 (split into isolated Stage1/Stage2-home domains) peer_reverse=2 peer_cleanup=1 peer_placement=1 peer_progress=2 foreground_progress=1
[STATUS]: storage-owner insert runtime enabled on shard 3
