[breakdown] concurrency clients=272 source=auto auto_required=272 auto_cap=512 gpu_query_slots=256 storage_rpc_inflight=80 (5x16) derivation=gpu_query_slots+dedicated_paced_write_threads
[breakdown] write-rate-limited split reads=256 writes=16 target_write_qps=500
[breakdown] performance query: /data/xjs/datasets/sift1b/sift100m_to_110m_query.u8bin [100000000,110000000)
[breakdown] insert: /data/xjs/datasets/sift1b/sift110m_to_120m_insert.u8bin [110000000,120000000)
[breakdown] unique performance-query budget rows=10000000 total_timed_seconds=25 max_average_query_qps_without_reuse=400000.0
[ 15%] Built target rdma_library
[ 25%] Built target dvstor_gpu_kernels
[ 80%] Built target dvstor_runtime
[ 90%] Built target dvstor_breakdown_support
[100%] Built target dvstor_breakdown_benchmark
[mn-memory] auto=24 GiB source=metadata policy=20% of base nodes limiting_shard=2 dynamic_slots=4120200 record_bytes=1040
[breakdown] profile=04_gpu_persistent_gpunetio command: /home/xjs/experiment/dvstor/build/dvstor_breakdown_benchmark --service-config /home/xjs/experiment/dvstor/motivation/program3/results/program3_20260823_014310/mixed_late_r1/04_gpu_persistent_gpunetio/service_04_gpu_persistent_gpunetio_20260823_020030.ini --profile-name 04_gpu_persistent_gpunetio --system-variant-label full --workload mixed --warmup-ops 100 --measure-ops 1000 --warmup-seconds 5 --measure-seconds 20 --client-threads 272 --read-ratio 0.5 --mixed-mode write_rate_limited --write-threads 16 --target-query-qps 0 --target-write-qps 500 --write-insert-ratio 1 --write-upsert-ratio 0 --write-delete-ratio 0 --report-json /home/xjs/experiment/dvstor/motivation/program3/results/program3_20260823_014310/mixed_late_r1/04_gpu_persistent_gpunetio/sift100m_04_gpu_persistent_gpunetio_20260823_020030.json --report-text /home/xjs/experiment/dvstor/motivation/program3/results/program3_20260823_014310/mixed_late_r1/04_gpu_persistent_gpunetio/sift100m_04_gpu_persistent_gpunetio_20260823_020030.txt --recall-query-file /data/xjs/index/dvstor_sift100m/converted/query.u8bin --groundtruth-file /data/xjs/index/dvstor_sift100m/converted/groundtruth_100M.bin --recall-queries 1000 --recall-k 10 --recall-mode all --recall-base-id-limit 0 --performance-query-file /data/xjs/datasets/sift1b/sift100m_to_110m_query.u8bin --insert-start-id 111000000 --insert-file /data/xjs/datasets/sift1b/sift110m_to_120m_insert.u8bin --storage-maintenance-log /home/xjs/experiment/dvstor/experiment/logs/memory_node_1_04_gpu_persistent_gpunetio.log --storage-maintenance-log /home/xjs/experiment/dvstor/experiment/logs/memory_node_2_04_gpu_persistent_gpunetio.log --storage-maintenance-log /home/xjs/experiment/dvstor/experiment/logs/memory_node_3_04_gpu_persistent_gpunetio.log --storage-maintenance-log /home/xjs/experiment/dvstor/experiment/logs/memory_node_4_04_gpu_persistent_gpunetio.log --storage-maintenance-log /home/xjs/experiment/dvstor/experiment/logs/memory_node_5_04_gpu_persistent_gpunetio.log
============================================================
                        CLIENT
============================================================
connect to:                   [192.168.6.202:1234, 192.168.6.202:1235, 192.168.6.202:1236, 192.168.6.202:1237, 192.168.6.202:1238, ]
is initiator:                 true
TCP port:                     2234
IB device:                    <auto>
IB port:                      1
max outstanding CQEs:         64
max send work requests:       4096
max receive work requests:    4096
============================================================
index prefix:                     "/data/xjs/index/dvstor_sift100m/index/sift100m_R96_bw128_metis_pmd32_pq32_schema16"
threads:                          64
dimension:                        128
max vectors:                      100000000
vector ID namespace [0,N):        4294967295
K / R:                            10 / 96
vector data type:                 uint8
--------------------------------------------------------------------
query engine:                     persistent_gpu_opq_pq
remote transport:                 GPU-initiated GPUNetIO
GPU device:                       1
GPU concurrent query slots:       256
GPU memory limit/reserve GiB:     40/4
GPU traversal/rerank width:       128/128
GPU max expansions:               384
GPU graph commit/issue width:     16/16
dynamic graph access mode:        adaptive
GPU graph read policy:            live-extent
GPU dynamic graph extent:         true
GPU-RDMA progression mode:        manual
GPU Beam merge policy:            stable-run
query RDMA trace mode/rate:       off/1000
query RDMA trace output:          ""
GPU RDMA QPs per storage node:    32
GPU direct CQ timeout ms:         250
GPU persistent blocks/SM cap:     4
compute updates enabled:          true
storage update completion mode:   decoupled
storage update protocol:          centroid-home two-stage
storage RPC depth/batch:          16/32
storage batch max wait us:        10000
storage Stage2 batch max wait us: 25000
storage Stage2 initial delay ms:  0
Stage2 exact score-many:          true
Stage2 home RPC combining:        true
Stage2 graph issue width:         16
storage peer QPs per peer:        8
storage stage2 maintenance:       8 workers, backlog 65536
====================================================================
1 device(s) found
Selected device: mlx5_0
Selected port state: 4, lid: 1
interleaved policy
num_cores: 112
physical cores per socket: 28
hyperthreading enabled
local process CPU partition: rank 0/1 logical_cpus=112
client id: 0
number of clients: 1
connect to server 192.168.6.202:1234
pairing: 126071 -- 57157
connect to server 192.168.6.202:1235
pairing: 126072 -- 57158
connect to server 192.168.6.202:1236
pairing: 126073 -- 57159
connect to server 192.168.6.202:1237
pairing: 126074 -- 57160
connect to server 192.168.6.202:1238
pairing: 126075 -- 57161
[STATUS]: receive access tokens of remote memory regions
[STATUS]: loaded schema-16 GPU index metadata from /data/xjs/index/dvstor_sift100m/index/sift100m_R96_bw128_metis_pmd32_pq32_schema16 (OPQ/PQ32, vector_data_type=uint8)
[STATUS]: storage-owner authority: deterministic ID shard; physical placement: storage directory + centroid home
[STATUS]: search: GPU-persistent OPQ/PQ32 beam + final RDMA exact rerank
[gpu-search] synthesized navigation manifest in memory from metadata
[gpu-search] graph-read-policy=live-extent extent_quantum=8 extent_source="/data/xjs/index/dvstor_sift100m/index/sift100m_R96_bw128_metis_pmd32_pq32_schema16.gextent8" extent_classes=100000000 extent_payload_bytes=100000000
[gpu-search] query routing=versioned centroid routes centroid_shards=5 live_entries_per_shard=4 start_shards=1
[gpu-search] navigation budget codes=3200000000 dynamic_code_scratch=20971520 dynamic_code_arena=915541956 dynamic_code_arena_slots=25431721 dynamic_request_scratch=10485760 navigation_candidates=6291456 direct_queue_scratch=1866240 graph_scratch=16777216 graph_request_metadata=32768 speculative_graph_request_metadata=270336 graph_extent_classes=100000000 query_rdma_trace=0 centroid_route=528 shard_centroids=2560 explicit=4627142892 limit=38654705664 bytes
[STATUS]: exporting GPUNetIO QP resource=0 lane=0 server=0 qpn=126076 gpu_pci=0000:5C:00.0 ibdev=mlx5_0 handler=GPU_SM_DB
[STATUS]: exporting GPUNetIO QP resource=0 lane=0 server=1 qpn=126077 gpu_pci=0000:5C:00.0 ibdev=mlx5_0 handler=GPU_SM_DB
[STATUS]: exporting GPUNetIO QP resource=0 lane=0 server=2 qpn=126078 gpu_pci=0000:5C:00.0 ibdev=mlx5_0 handler=GPU_SM_DB
[STATUS]: exporting GPUNetIO QP resource=0 lane=0 server=3 qpn=126079 gpu_pci=0000:5C:00.0 ibdev=mlx5_0 handler=GPU_SM_DB
[STATUS]: exporting GPUNetIO QP resource=0 lane=0 server=4 qpn=126080 gpu_pci=0000:5C:00.0 ibdev=mlx5_0 handler=GPU_SM_DB
[STATUS]: exporting GPUNetIO QP resource=0 lane=1 server=0 qpn=126081 gpu_pci=0000:5C:00.0 ibdev=mlx5_0 handler=GPU_SM_DB
[STATUS]: exporting GPUNetIO QP resource=0 lane=1 server=1 qpn=126082 gpu_pci=0000:5C:00.0 ibdev=mlx5_0 handler=GPU_SM_DB
[STATUS]: exporting GPUNetIO QP resource=0 lane=1 server=2 qpn=126083 gpu_pci=0000:5C:00.0 ibdev=mlx5_0 handler=GPU_SM_DB
[STATUS]: exporting GPUNetIO QP resource=0 lane=1 server=3 qpn=126084 gpu_pci=0000:5C:00.0 ibdev=mlx5_0 handler=GPU_SM_DB
[STATUS]: exporting GPUNetIO QP resource=0 lane=1 server=4 qpn=126085 gpu_pci=0000:5C:00.0 ibdev=mlx5_0 handler=GPU_SM_DB
[STATUS]: exporting GPUNetIO QP resource=0 lane=2 server=0 qpn=126086 gpu_pci=0000:5C:00.0 ibdev=mlx5_0 handler=GPU_SM_DB
[STATUS]: exporting GPUNetIO QP resource=0 lane=2 server=1 qpn=126087 gpu_pci=0000:5C:00.0 ibdev=mlx5_0 handler=GPU_SM_DB
[STATUS]: exporting GPUNetIO QP resource=0 lane=2 server=2 qpn=126088 gpu_pci=0000:5C:00.0 ibdev=mlx5_0 handler=GPU_SM_DB
[STATUS]: exporting GPUNetIO QP resource=0 lane=2 server=3 qpn=126089 gpu_pci=0000:5C:00.0 ibdev=mlx5_0 handler=GPU_SM_DB
[STATUS]: exporting GPUNetIO QP resource=0 lane=2 server=4 qpn=126090 gpu_pci=0000:5C:00.0 ibdev=mlx5_0 handler=GPU_SM_DB
[STATUS]: exporting GPUNetIO QP resource=0 lane=3 server=0 qpn=126091 gpu_pci=0000:5C:00.0 ibdev=mlx5_0 handler=GPU_SM_DB
[STATUS]: exporting GPUNetIO QP resource=0 lane=3 server=1 qpn=126092 gpu_pci=0000:5C:00.0 ibdev=mlx5_0 handler=GPU_SM_DB
[STATUS]: exporting GPUNetIO QP resource=0 lane=3 server=2 qpn=126093 gpu_pci=0000:5C:00.0 ibdev=mlx5_0 handler=GPU_SM_DB
[STATUS]: exporting GPUNetIO QP resource=0 lane=3 server=3 qpn=126094 gpu_pci=0000:5C:00.0 ibdev=mlx5_0 handler=GPU_SM_DB
[STATUS]: exporting GPUNetIO QP resource=0 lane=3 server=4 qpn=126095 gpu_pci=0000:5C:00.0 ibdev=mlx5_0 handler=GPU_SM_DB
[STATUS]: exporting GPUNetIO QP resource=0 lane=4 server=0 qpn=126096 gpu_pci=0000:5C:00.0 ibdev=mlx5_0 handler=GPU_SM_DB
[STATUS]: exporting GPUNetIO QP resource=0 lane=4 server=1 qpn=126097 gpu_pci=0000:5C:00.0 ibdev=mlx5_0 handler=GPU_SM_DB
[STATUS]: exporting GPUNetIO QP resource=0 lane=4 server=2 qpn=126098 gpu_pci=0000:5C:00.0 ibdev=mlx5_0 handler=GPU_SM_DB
[STATUS]: exporting GPUNetIO QP resource=0 lane=4 server=3 qpn=126099 gpu_pci=0000:5C:00.0 ibdev=mlx5_0 handler=GPU_SM_DB
[STATUS]: exporting GPUNetIO QP resource=0 lane=4 server=4 qpn=126100 gpu_pci=0000:5C:00.0 ibdev=mlx5_0 handler=GPU_SM_DB
[STATUS]: exporting GPUNetIO QP resource=0 lane=5 server=0 qpn=126101 gpu_pci=0000:5C:00.0 ibdev=mlx5_0 handler=GPU_SM_DB
[STATUS]: exporting GPUNetIO QP resource=0 lane=5 server=1 qpn=126102 gpu_pci=0000:5C:00.0 ibdev=mlx5_0 handler=GPU_SM_DB
[STATUS]: exporting GPUNetIO QP resource=0 lane=5 server=2 qpn=126103 gpu_pci=0000:5C:00.0 ibdev=mlx5_0 handler=GPU_SM_DB
[STATUS]: exporting GPUNetIO QP resource=0 lane=5 server=3 qpn=126104 gpu_pci=0000:5C:00.0 ibdev=mlx5_0 handler=GPU_SM_DB
[STATUS]: exporting GPUNetIO QP resource=0 lane=5 server=4 qpn=126105 gpu_pci=0000:5C:00.0 ibdev=mlx5_0 handler=GPU_SM_DB
[STATUS]: exporting GPUNetIO QP resource=0 lane=6 server=0 qpn=126106 gpu_pci=0000:5C:00.0 ibdev=mlx5_0 handler=GPU_SM_DB
[STATUS]: exporting GPUNetIO QP resource=0 lane=6 server=1 qpn=126107 gpu_pci=0000:5C:00.0 ibdev=mlx5_0 handler=GPU_SM_DB
[STATUS]: exporting GPUNetIO QP resource=0 lane=6 server=2 qpn=126108 gpu_pci=0000:5C:00.0 ibdev=mlx5_0 handler=GPU_SM_DB
[STATUS]: exporting GPUNetIO QP resource=0 lane=6 server=3 qpn=126109 gpu_pci=0000:5C:00.0 ibdev=mlx5_0 handler=GPU_SM_DB
[STATUS]: exporting GPUNetIO QP resource=0 lane=6 server=4 qpn=126110 gpu_pci=0000:5C:00.0 ibdev=mlx5_0 handler=GPU_SM_DB
[STATUS]: exporting GPUNetIO QP resource=0 lane=7 server=0 qpn=126111 gpu_pci=0000:5C:00.0 ibdev=mlx5_0 handler=GPU_SM_DB
[STATUS]: exporting GPUNetIO QP resource=0 lane=7 server=1 qpn=126112 gpu_pci=0000:5C:00.0 ibdev=mlx5_0 handler=GPU_SM_DB
[STATUS]: exporting GPUNetIO QP resource=0 lane=7 server=2 qpn=126113 gpu_pci=0000:5C:00.0 ibdev=mlx5_0 handler=GPU_SM_DB
[STATUS]: exporting GPUNetIO QP resource=0 lane=7 server=3 qpn=126114 gpu_pci=0000:5C:00.0 ibdev=mlx5_0 handler=GPU_SM_DB
[STATUS]: exporting GPUNetIO QP resource=0 lane=7 server=4 qpn=126115 gpu_pci=0000:5C:00.0 ibdev=mlx5_0 handler=GPU_SM_DB
[STATUS]: exporting GPUNetIO QP resource=0 lane=8 server=0 qpn=126116 gpu_pci=0000:5C:00.0 ibdev=mlx5_0 handler=GPU_SM_DB
[STATUS]: exporting GPUNetIO QP resource=0 lane=8 server=1 qpn=126117 gpu_pci=0000:5C:00.0 ibdev=mlx5_0 handler=GPU_SM_DB
[STATUS]: exporting GPUNetIO QP resource=0 lane=8 server=2 qpn=126118 gpu_pci=0000:5C:00.0 ibdev=mlx5_0 handler=GPU_SM_DB
[STATUS]: exporting GPUNetIO QP resource=0 lane=8 server=3 qpn=126119 gpu_pci=0000:5C:00.0 ibdev=mlx5_0 handler=GPU_SM_DB
[STATUS]: exporting GPUNetIO QP resource=0 lane=8 server=4 qpn=126120 gpu_pci=0000:5C:00.0 ibdev=mlx5_0 handler=GPU_SM_DB
[STATUS]: exporting GPUNetIO QP resource=0 lane=9 server=0 qpn=126121 gpu_pci=0000:5C:00.0 ibdev=mlx5_0 handler=GPU_SM_DB
[STATUS]: exporting GPUNetIO QP resource=0 lane=9 server=1 qpn=126122 gpu_pci=0000:5C:00.0 ibdev=mlx5_0 handler=GPU_SM_DB
[STATUS]: exporting GPUNetIO QP resource=0 lane=9 server=2 qpn=126123 gpu_pci=0000:5C:00.0 ibdev=mlx5_0 handler=GPU_SM_DB
[STATUS]: exporting GPUNetIO QP resource=0 lane=9 server=3 qpn=126124 gpu_pci=0000:5C:00.0 ibdev=mlx5_0 handler=GPU_SM_DB
[STATUS]: exporting GPUNetIO QP resource=0 lane=9 server=4 qpn=126125 gpu_pci=0000:5C:00.0 ibdev=mlx5_0 handler=GPU_SM_DB
[STATUS]: exporting GPUNetIO QP resource=0 lane=10 server=0 qpn=126126 gpu_pci=0000:5C:00.0 ibdev=mlx5_0 handler=GPU_SM_DB
[STATUS]: exporting GPUNetIO QP resource=0 lane=10 server=1 qpn=126127 gpu_pci=0000:5C:00.0 ibdev=mlx5_0 handler=GPU_SM_DB
[STATUS]: exporting GPUNetIO QP resource=0 lane=10 server=2 qpn=126128 gpu_pci=0000:5C:00.0 ibdev=mlx5_0 handler=GPU_SM_DB
[STATUS]: exporting GPUNetIO QP resource=0 lane=10 server=3 qpn=126129 gpu_pci=0000:5C:00.0 ibdev=mlx5_0 handler=GPU_SM_DB
[STATUS]: exporting GPUNetIO QP resource=0 lane=10 server=4 qpn=126130 gpu_pci=0000:5C:00.0 ibdev=mlx5_0 handler=GPU_SM_DB
[STATUS]: exporting GPUNetIO QP resource=0 lane=11 server=0 qpn=126131 gpu_pci=0000:5C:00.0 ibdev=mlx5_0 handler=GPU_SM_DB
[STATUS]: exporting GPUNetIO QP resource=0 lane=11 server=1 qpn=126132 gpu_pci=0000:5C:00.0 ibdev=mlx5_0 handler=GPU_SM_DB
[STATUS]: exporting GPUNetIO QP resource=0 lane=11 server=2 qpn=126133 gpu_pci=0000:5C:00.0 ibdev=mlx5_0 handler=GPU_SM_DB
[STATUS]: exporting GPUNetIO QP resource=0 lane=11 server=3 qpn=126134 gpu_pci=0000:5C:00.0 ibdev=mlx5_0 handler=GPU_SM_DB
[STATUS]: exporting GPUNetIO QP resource=0 lane=11 server=4 qpn=126135 gpu_pci=0000:5C:00.0 ibdev=mlx5_0 handler=GPU_SM_DB
[STATUS]: exporting GPUNetIO QP resource=0 lane=12 server=0 qpn=126136 gpu_pci=0000:5C:00.0 ibdev=mlx5_0 handler=GPU_SM_DB
[STATUS]: exporting GPUNetIO QP resource=0 lane=12 server=1 qpn=126137 gpu_pci=0000:5C:00.0 ibdev=mlx5_0 handler=GPU_SM_DB
[STATUS]: exporting GPUNetIO QP resource=0 lane=12 server=2 qpn=126138 gpu_pci=0000:5C:00.0 ibdev=mlx5_0 handler=GPU_SM_DB
[STATUS]: exporting GPUNetIO QP resource=0 lane=12 server=3 qpn=126139 gpu_pci=0000:5C:00.0 ibdev=mlx5_0 handler=GPU_SM_DB
[STATUS]: exporting GPUNetIO QP resource=0 lane=12 server=4 qpn=126140 gpu_pci=0000:5C:00.0 ibdev=mlx5_0 handler=GPU_SM_DB
[STATUS]: exporting GPUNetIO QP resource=0 lane=13 server=0 qpn=126141 gpu_pci=0000:5C:00.0 ibdev=mlx5_0 handler=GPU_SM_DB
[STATUS]: exporting GPUNetIO QP resource=0 lane=13 server=1 qpn=126142 gpu_pci=0000:5C:00.0 ibdev=mlx5_0 handler=GPU_SM_DB
[STATUS]: exporting GPUNetIO QP resource=0 lane=13 server=2 qpn=126143 gpu_pci=0000:5C:00.0 ibdev=mlx5_0 handler=GPU_SM_DB
[STATUS]: exporting GPUNetIO QP resource=0 lane=13 server=3 qpn=126144 gpu_pci=0000:5C:00.0 ibdev=mlx5_0 handler=GPU_SM_DB
[STATUS]: exporting GPUNetIO QP resource=0 lane=13 server=4 qpn=126145 gpu_pci=0000:5C:00.0 ibdev=mlx5_0 handler=GPU_SM_DB
[STATUS]: exporting GPUNetIO QP resource=0 lane=14 server=0 qpn=126146 gpu_pci=0000:5C:00.0 ibdev=mlx5_0 handler=GPU_SM_DB
[STATUS]: exporting GPUNetIO QP resource=0 lane=14 server=1 qpn=126147 gpu_pci=0000:5C:00.0 ibdev=mlx5_0 handler=GPU_SM_DB
[STATUS]: exporting GPUNetIO QP resource=0 lane=14 server=2 qpn=126148 gpu_pci=0000:5C:00.0 ibdev=mlx5_0 handler=GPU_SM_DB
[STATUS]: exporting GPUNetIO QP resource=0 lane=14 server=3 qpn=126149 gpu_pci=0000:5C:00.0 ibdev=mlx5_0 handler=GPU_SM_DB
[STATUS]: exporting GPUNetIO QP resource=0 lane=14 server=4 qpn=126150 gpu_pci=0000:5C:00.0 ibdev=mlx5_0 handler=GPU_SM_DB
[STATUS]: exporting GPUNetIO QP resource=0 lane=15 server=0 qpn=126151 gpu_pci=0000:5C:00.0 ibdev=mlx5_0 handler=GPU_SM_DB
[STATUS]: exporting GPUNetIO QP resource=0 lane=15 server=1 qpn=126152 gpu_pci=0000:5C:00.0 ibdev=mlx5_0 handler=GPU_SM_DB
[STATUS]: exporting GPUNetIO QP resource=0 lane=15 server=2 qpn=126153 gpu_pci=0000:5C:00.0 ibdev=mlx5_0 handler=GPU_SM_DB
[STATUS]: exporting GPUNetIO QP resource=0 lane=15 server=3 qpn=126154 gpu_pci=0000:5C:00.0 ibdev=mlx5_0 handler=GPU_SM_DB
[STATUS]: exporting GPUNetIO QP resource=0 lane=15 server=4 qpn=126155 gpu_pci=0000:5C:00.0 ibdev=mlx5_0 handler=GPU_SM_DB
[STATUS]: exporting GPUNetIO QP resource=0 lane=16 server=0 qpn=126156 gpu_pci=0000:5C:00.0 ibdev=mlx5_0 handler=GPU_SM_DB
[STATUS]: exporting GPUNetIO QP resource=0 lane=16 server=1 qpn=126157 gpu_pci=0000:5C:00.0 ibdev=mlx5_0 handler=GPU_SM_DB
[STATUS]: exporting GPUNetIO QP resource=0 lane=16 server=2 qpn=126158 gpu_pci=0000:5C:00.0 ibdev=mlx5_0 handler=GPU_SM_DB
[STATUS]: exporting GPUNetIO QP resource=0 lane=16 server=3 qpn=126159 gpu_pci=0000:5C:00.0 ibdev=mlx5_0 handler=GPU_SM_DB
[STATUS]: exporting GPUNetIO QP resource=0 lane=16 server=4 qpn=126160 gpu_pci=0000:5C:00.0 ibdev=mlx5_0 handler=GPU_SM_DB
[STATUS]: exporting GPUNetIO QP resource=0 lane=17 server=0 qpn=126161 gpu_pci=0000:5C:00.0 ibdev=mlx5_0 handler=GPU_SM_DB
[STATUS]: exporting GPUNetIO QP resource=0 lane=17 server=1 qpn=126162 gpu_pci=0000:5C:00.0 ibdev=mlx5_0 handler=GPU_SM_DB
[STATUS]: exporting GPUNetIO QP resource=0 lane=17 server=2 qpn=126163 gpu_pci=0000:5C:00.0 ibdev=mlx5_0 handler=GPU_SM_DB
[STATUS]: exporting GPUNetIO QP resource=0 lane=17 server=3 qpn=126164 gpu_pci=0000:5C:00.0 ibdev=mlx5_0 handler=GPU_SM_DB
[STATUS]: exporting GPUNetIO QP resource=0 lane=17 server=4 qpn=126165 gpu_pci=0000:5C:00.0 ibdev=mlx5_0 handler=GPU_SM_DB
[STATUS]: exporting GPUNetIO QP resource=0 lane=18 server=0 qpn=126166 gpu_pci=0000:5C:00.0 ibdev=mlx5_0 handler=GPU_SM_DB
[STATUS]: exporting GPUNetIO QP resource=0 lane=18 server=1 qpn=126167 gpu_pci=0000:5C:00.0 ibdev=mlx5_0 handler=GPU_SM_DB
[STATUS]: exporting GPUNetIO QP resource=0 lane=18 server=2 qpn=126168 gpu_pci=0000:5C:00.0 ibdev=mlx5_0 handler=GPU_SM_DB
[STATUS]: exporting GPUNetIO QP resource=0 lane=18 server=3 qpn=126169 gpu_pci=0000:5C:00.0 ibdev=mlx5_0 handler=GPU_SM_DB
[STATUS]: exporting GPUNetIO QP resource=0 lane=18 server=4 qpn=126170 gpu_pci=0000:5C:00.0 ibdev=mlx5_0 handler=GPU_SM_DB
[STATUS]: exporting GPUNetIO QP resource=0 lane=19 server=0 qpn=126171 gpu_pci=0000:5C:00.0 ibdev=mlx5_0 handler=GPU_SM_DB
[STATUS]: exporting GPUNetIO QP resource=0 lane=19 server=1 qpn=126172 gpu_pci=0000:5C:00.0 ibdev=mlx5_0 handler=GPU_SM_DB
[STATUS]: exporting GPUNetIO QP resource=0 lane=19 server=2 qpn=126173 gpu_pci=0000:5C:00.0 ibdev=mlx5_0 handler=GPU_SM_DB
[STATUS]: exporting GPUNetIO QP resource=0 lane=19 server=3 qpn=126174 gpu_pci=0000:5C:00.0 ibdev=mlx5_0 handler=GPU_SM_DB
[STATUS]: exporting GPUNetIO QP resource=0 lane=19 server=4 qpn=126175 gpu_pci=0000:5C:00.0 ibdev=mlx5_0 handler=GPU_SM_DB
[STATUS]: exporting GPUNetIO QP resource=0 lane=20 server=0 qpn=126176 gpu_pci=0000:5C:00.0 ibdev=mlx5_0 handler=GPU_SM_DB
[STATUS]: exporting GPUNetIO QP resource=0 lane=20 server=1 qpn=126177 gpu_pci=0000:5C:00.0 ibdev=mlx5_0 handler=GPU_SM_DB
[STATUS]: exporting GPUNetIO QP resource=0 lane=20 server=2 qpn=126178 gpu_pci=0000:5C:00.0 ibdev=mlx5_0 handler=GPU_SM_DB
[STATUS]: exporting GPUNetIO QP resource=0 lane=20 server=3 qpn=126179 gpu_pci=0000:5C:00.0 ibdev=mlx5_0 handler=GPU_SM_DB
[STATUS]: exporting GPUNetIO QP resource=0 lane=20 server=4 qpn=126180 gpu_pci=0000:5C:00.0 ibdev=mlx5_0 handler=GPU_SM_DB
[STATUS]: exporting GPUNetIO QP resource=0 lane=21 server=0 qpn=126181 gpu_pci=0000:5C:00.0 ibdev=mlx5_0 handler=GPU_SM_DB
[STATUS]: exporting GPUNetIO QP resource=0 lane=21 server=1 qpn=126182 gpu_pci=0000:5C:00.0 ibdev=mlx5_0 handler=GPU_SM_DB
[STATUS]: exporting GPUNetIO QP resource=0 lane=21 server=2 qpn=126183 gpu_pci=0000:5C:00.0 ibdev=mlx5_0 handler=GPU_SM_DB
[STATUS]: exporting GPUNetIO QP resource=0 lane=21 server=3 qpn=126184 gpu_pci=0000:5C:00.0 ibdev=mlx5_0 handler=GPU_SM_DB
[STATUS]: exporting GPUNetIO QP resource=0 lane=21 server=4 qpn=126185 gpu_pci=0000:5C:00.0 ibdev=mlx5_0 handler=GPU_SM_DB
[STATUS]: exporting GPUNetIO QP resource=0 lane=22 server=0 qpn=126186 gpu_pci=0000:5C:00.0 ibdev=mlx5_0 handler=GPU_SM_DB
[STATUS]: exporting GPUNetIO QP resource=0 lane=22 server=1 qpn=126187 gpu_pci=0000:5C:00.0 ibdev=mlx5_0 handler=GPU_SM_DB
[STATUS]: exporting GPUNetIO QP resource=0 lane=22 server=2 qpn=126188 gpu_pci=0000:5C:00.0 ibdev=mlx5_0 handler=GPU_SM_DB
[STATUS]: exporting GPUNetIO QP resource=0 lane=22 server=3 qpn=126189 gpu_pci=0000:5C:00.0 ibdev=mlx5_0 handler=GPU_SM_DB
[STATUS]: exporting GPUNetIO QP resource=0 lane=22 server=4 qpn=126190 gpu_pci=0000:5C:00.0 ibdev=mlx5_0 handler=GPU_SM_DB
[STATUS]: exporting GPUNetIO QP resource=0 lane=23 server=0 qpn=126191 gpu_pci=0000:5C:00.0 ibdev=mlx5_0 handler=GPU_SM_DB
[STATUS]: exporting GPUNetIO QP resource=0 lane=23 server=1 qpn=126192 gpu_pci=0000:5C:00.0 ibdev=mlx5_0 handler=GPU_SM_DB
[STATUS]: exporting GPUNetIO QP resource=0 lane=23 server=2 qpn=126193 gpu_pci=0000:5C:00.0 ibdev=mlx5_0 handler=GPU_SM_DB
[STATUS]: exporting GPUNetIO QP resource=0 lane=23 server=3 qpn=126194 gpu_pci=0000:5C:00.0 ibdev=mlx5_0 handler=GPU_SM_DB
[STATUS]: exporting GPUNetIO QP resource=0 lane=23 server=4 qpn=126195 gpu_pci=0000:5C:00.0 ibdev=mlx5_0 handler=GPU_SM_DB
[STATUS]: exporting GPUNetIO QP resource=0 lane=24 server=0 qpn=126196 gpu_pci=0000:5C:00.0 ibdev=mlx5_0 handler=GPU_SM_DB
[STATUS]: exporting GPUNetIO QP resource=0 lane=24 server=1 qpn=126197 gpu_pci=0000:5C:00.0 ibdev=mlx5_0 handler=GPU_SM_DB
[STATUS]: exporting GPUNetIO QP resource=0 lane=24 server=2 qpn=126198 gpu_pci=0000:5C:00.0 ibdev=mlx5_0 handler=GPU_SM_DB
[STATUS]: exporting GPUNetIO QP resource=0 lane=24 server=3 qpn=126199 gpu_pci=0000:5C:00.0 ibdev=mlx5_0 handler=GPU_SM_DB
[STATUS]: exporting GPUNetIO QP resource=0 lane=24 server=4 qpn=126200 gpu_pci=0000:5C:00.0 ibdev=mlx5_0 handler=GPU_SM_DB
[STATUS]: exporting GPUNetIO QP resource=0 lane=25 server=0 qpn=126201 gpu_pci=0000:5C:00.0 ibdev=mlx5_0 handler=GPU_SM_DB
[STATUS]: exporting GPUNetIO QP resource=0 lane=25 server=1 qpn=126202 gpu_pci=0000:5C:00.0 ibdev=mlx5_0 handler=GPU_SM_DB
[STATUS]: exporting GPUNetIO QP resource=0 lane=25 server=2 qpn=126203 gpu_pci=0000:5C:00.0 ibdev=mlx5_0 handler=GPU_SM_DB
[STATUS]: exporting GPUNetIO QP resource=0 lane=25 server=3 qpn=126204 gpu_pci=0000:5C:00.0 ibdev=mlx5_0 handler=GPU_SM_DB
[STATUS]: exporting GPUNetIO QP resource=0 lane=25 server=4 qpn=126205 gpu_pci=0000:5C:00.0 ibdev=mlx5_0 handler=GPU_SM_DB
[STATUS]: exporting GPUNetIO QP resource=0 lane=26 server=0 qpn=126206 gpu_pci=0000:5C:00.0 ibdev=mlx5_0 handler=GPU_SM_DB
[STATUS]: exporting GPUNetIO QP resource=0 lane=26 server=1 qpn=126207 gpu_pci=0000:5C:00.0 ibdev=mlx5_0 handler=GPU_SM_DB
[STATUS]: exporting GPUNetIO QP resource=0 lane=26 server=2 qpn=126208 gpu_pci=0000:5C:00.0 ibdev=mlx5_0 handler=GPU_SM_DB
[STATUS]: exporting GPUNetIO QP resource=0 lane=26 server=3 qpn=126209 gpu_pci=0000:5C:00.0 ibdev=mlx5_0 handler=GPU_SM_DB
[STATUS]: exporting GPUNetIO QP resource=0 lane=26 server=4 qpn=126210 gpu_pci=0000:5C:00.0 ibdev=mlx5_0 handler=GPU_SM_DB
[STATUS]: exporting GPUNetIO QP resource=0 lane=27 server=0 qpn=126211 gpu_pci=0000:5C:00.0 ibdev=mlx5_0 handler=GPU_SM_DB
[STATUS]: exporting GPUNetIO QP resource=0 lane=27 server=1 qpn=126212 gpu_pci=0000:5C:00.0 ibdev=mlx5_0 handler=GPU_SM_DB
[STATUS]: exporting GPUNetIO QP resource=0 lane=27 server=2 qpn=126213 gpu_pci=0000:5C:00.0 ibdev=mlx5_0 handler=GPU_SM_DB
[STATUS]: exporting GPUNetIO QP resource=0 lane=27 server=3 qpn=126214 gpu_pci=0000:5C:00.0 ibdev=mlx5_0 handler=GPU_SM_DB
[STATUS]: exporting GPUNetIO QP resource=0 lane=27 server=4 qpn=126215 gpu_pci=0000:5C:00.0 ibdev=mlx5_0 handler=GPU_SM_DB
[STATUS]: exporting GPUNetIO QP resource=0 lane=28 server=0 qpn=126216 gpu_pci=0000:5C:00.0 ibdev=mlx5_0 handler=GPU_SM_DB
[STATUS]: exporting GPUNetIO QP resource=0 lane=28 server=1 qpn=126217 gpu_pci=0000:5C:00.0 ibdev=mlx5_0 handler=GPU_SM_DB
[STATUS]: exporting GPUNetIO QP resource=0 lane=28 server=2 qpn=126218 gpu_pci=0000:5C:00.0 ibdev=mlx5_0 handler=GPU_SM_DB
[STATUS]: exporting GPUNetIO QP resource=0 lane=28 server=3 qpn=126219 gpu_pci=0000:5C:00.0 ibdev=mlx5_0 handler=GPU_SM_DB
[STATUS]: exporting GPUNetIO QP resource=0 lane=28 server=4 qpn=126220 gpu_pci=0000:5C:00.0 ibdev=mlx5_0 handler=GPU_SM_DB
[STATUS]: exporting GPUNetIO QP resource=0 lane=29 server=0 qpn=126221 gpu_pci=0000:5C:00.0 ibdev=mlx5_0 handler=GPU_SM_DB
[STATUS]: exporting GPUNetIO QP resource=0 lane=29 server=1 qpn=126222 gpu_pci=0000:5C:00.0 ibdev=mlx5_0 handler=GPU_SM_DB
[STATUS]: exporting GPUNetIO QP resource=0 lane=29 server=2 qpn=126223 gpu_pci=0000:5C:00.0 ibdev=mlx5_0 handler=GPU_SM_DB
[STATUS]: exporting GPUNetIO QP resource=0 lane=29 server=3 qpn=126224 gpu_pci=0000:5C:00.0 ibdev=mlx5_0 handler=GPU_SM_DB
[STATUS]: exporting GPUNetIO QP resource=0 lane=29 server=4 qpn=126225 gpu_pci=0000:5C:00.0 ibdev=mlx5_0 handler=GPU_SM_DB
[STATUS]: exporting GPUNetIO QP resource=0 lane=30 server=0 qpn=126226 gpu_pci=0000:5C:00.0 ibdev=mlx5_0 handler=GPU_SM_DB
[STATUS]: exporting GPUNetIO QP resource=0 lane=30 server=1 qpn=126227 gpu_pci=0000:5C:00.0 ibdev=mlx5_0 handler=GPU_SM_DB
[STATUS]: exporting GPUNetIO QP resource=0 lane=30 server=2 qpn=126228 gpu_pci=0000:5C:00.0 ibdev=mlx5_0 handler=GPU_SM_DB
[STATUS]: exporting GPUNetIO QP resource=0 lane=30 server=3 qpn=126229 gpu_pci=0000:5C:00.0 ibdev=mlx5_0 handler=GPU_SM_DB
[STATUS]: exporting GPUNetIO QP resource=0 lane=30 server=4 qpn=126230 gpu_pci=0000:5C:00.0 ibdev=mlx5_0 handler=GPU_SM_DB
[STATUS]: exporting GPUNetIO QP resource=0 lane=31 server=0 qpn=126231 gpu_pci=0000:5C:00.0 ibdev=mlx5_0 handler=GPU_SM_DB
[STATUS]: exporting GPUNetIO QP resource=0 lane=31 server=1 qpn=126232 gpu_pci=0000:5C:00.0 ibdev=mlx5_0 handler=GPU_SM_DB
[STATUS]: exporting GPUNetIO QP resource=0 lane=31 server=2 qpn=126233 gpu_pci=0000:5C:00.0 ibdev=mlx5_0 handler=GPU_SM_DB
[STATUS]: exporting GPUNetIO QP resource=0 lane=31 server=3 qpn=126234 gpu_pci=0000:5C:00.0 ibdev=mlx5_0 handler=GPU_SM_DB
[STATUS]: exporting GPUNetIO QP resource=0 lane=31 server=4 qpn=126235 gpu_pci=0000:5C:00.0 ibdev=mlx5_0 handler=GPU_SM_DB
[STATUS]: GPUNetIO GPU MR registration=peer_memory bytes=3248422912
[STATUS]: GPUNetIO startup RDMA read probe passed for 160 QPs
[STATUS]: GPUNetIO RDMA Read implementation=manual_wqe_locked
1 device(s) found
Selected device: mlx5_0
Selected port state: 4, lid: 1
pairing: 126236 -- 57322
pairing: 126237 -- 57327
pairing: 126238 -- 57328
pairing: 126239 -- 57329
pairing: 126240 -- 57330
pairing: 126241 -- 57331
pairing: 126242 -- 57332
pairing: 126243 -- 57333
pairing: 126244 -- 57334
pairing: 126245 -- 57335
pairing: 126246 -- 57336
pairing: 126247 -- 57337
pairing: 126248 -- 57338
pairing: 126249 -- 57339
pairing: 126250 -- 57340
pairing: 126251 -- 57341
pairing: 126252 -- 57342
pairing: 126253 -- 57343
pairing: 126254 -- 57344
pairing: 126255 -- 57345
pairing: 126256 -- 57346
pairing: 126257 -- 57347
pairing: 126258 -- 57348
pairing: 126259 -- 57349
pairing: 126260 -- 57350
pairing: 126261 -- 57351
pairing: 126262 -- 57352
pairing: 126263 -- 57353
pairing: 126264 -- 57354
pairing: 126265 -- 57355
pairing: 126266 -- 57356
pairing: 126267 -- 57357
pairing: 126268 -- 57323
pairing: 126269 -- 57358
pairing: 126270 -- 57359
pairing: 126271 -- 57360
pairing: 126272 -- 57361
pairing: 126273 -- 57362
pairing: 126274 -- 57363
pairing: 126275 -- 57364
pairing: 126276 -- 57365
pairing: 126277 -- 57366
pairing: 126278 -- 57367
pairing: 126279 -- 57368
pairing: 126280 -- 57369
pairing: 126281 -- 57370
pairing: 126282 -- 57371
pairing: 126283 -- 57372
pairing: 126284 -- 57373
pairing: 126285 -- 57374
pairing: 126286 -- 57375
pairing: 126287 -- 57376
pairing: 126288 -- 57377
pairing: 126289 -- 57378
pairing: 126290 -- 57379
pairing: 126291 -- 57380
pairing: 126292 -- 57381
pairing: 126293 -- 57382
pairing: 126294 -- 57383
pairing: 126295 -- 57384
pairing: 126296 -- 57385
pairing: 126297 -- 57386
pairing: 126298 -- 57387
pairing: 126299 -- 57388
pairing: 126300 -- 57324
pairing: 126301 -- 57389
pairing: 126302 -- 57390
pairing: 126303 -- 57391
pairing: 126304 -- 57392
pairing: 126305 -- 57393
pairing: 126306 -- 57394
pairing: 126307 -- 57395
pairing: 126308 -- 57396
pairing: 126309 -- 57397
pairing: 126310 -- 57398
pairing: 126311 -- 57399
pairing: 126312 -- 57400
pairing: 126313 -- 57401
pairing: 126314 -- 57402
pairing: 126315 -- 57403
pairing: 126316 -- 57404
pairing: 126317 -- 57405
pairing: 126318 -- 57406
pairing: 126319 -- 57407
pairing: 126320 -- 57408
pairing: 126321 -- 57409
pairing: 126322 -- 57410
pairing: 126323 -- 57411
pairing: 126324 -- 57412
pairing: 126325 -- 57413
pairing: 126326 -- 57414
pairing: 126327 -- 57415
pairing: 126328 -- 57416
pairing: 126329 -- 57417
pairing: 126330 -- 57418
pairing: 126331 -- 57419
pairing: 126332 -- 57325
pairing: 126333 -- 57420
pairing: 126334 -- 57421
pairing: 126335 -- 57422
pairing: 126336 -- 57423
pairing: 126337 -- 57424
pairing: 126338 -- 57425
pairing: 126339 -- 57426
pairing: 126340 -- 57427
pairing: 126341 -- 57428
pairing: 126342 -- 57429
pairing: 126343 -- 57430
pairing: 126344 -- 57431
pairing: 126345 -- 57432
pairing: 126346 -- 57433
pairing: 126347 -- 57434
pairing: 126348 -- 57435
pairing: 126349 -- 57436
pairing: 126350 -- 57437
pairing: 126351 -- 57438
pairing: 126352 -- 57439
pairing: 126353 -- 57440
pairing: 126354 -- 57441
pairing: 126355 -- 57442
pairing: 126356 -- 57443
pairing: 126357 -- 57444
pairing: 126358 -- 57445
pairing: 126359 -- 57446
pairing: 126360 -- 57447
pairing: 126361 -- 57448
pairing: 126362 -- 57449
pairing: 126363 -- 57450
pairing: 126364 -- 57326
pairing: 126365 -- 57451
pairing: 126366 -- 57452
pairing: 126367 -- 57453
pairing: 126368 -- 57454
pairing: 126369 -- 57455
pairing: 126370 -- 57456
pairing: 126371 -- 57457
pairing: 126372 -- 57458
pairing: 126373 -- 57459
pairing: 126374 -- 57460
pairing: 126375 -- 57461
pairing: 126376 -- 57462
pairing: 126377 -- 57463
pairing: 126378 -- 57464
pairing: 126379 -- 57465
pairing: 126380 -- 57466
pairing: 126381 -- 57467
pairing: 126382 -- 57468
pairing: 126383 -- 57469
pairing: 126384 -- 57470
pairing: 126385 -- 57471
pairing: 126386 -- 57472
pairing: 126387 -- 57473
pairing: 126388 -- 57474
pairing: 126389 -- 57475
pairing: 126390 -- 57476
pairing: 126391 -- 57477
pairing: 126392 -- 57478
pairing: 126393 -- 57479
pairing: 126394 -- 57480
pairing: 126395 -- 57481
[gpu-search] bootstrap=CPU-posted GPUDirect RDMA; queries=strict GPU-initiated GPUNetIO
[gpu-search] streamed 3200000000 PQ bytes directly into final GPU storage; ordinal audit passed for 15 entries
[gpu-search] persistent occupancy candidate threads=128 hardware_blocks_per_sm=3 configured_cap=4 effective_blocks_per_sm=3 grid_capacity=324 owner_blocks=40 query_blocks=256 resident_query_warps=1024 selected=true
[gpu-search] persistent occupancy candidate threads=256 hardware_blocks_per_sm=1 configured_cap=4 effective_blocks_per_sm=1 grid_capacity=108 owner_blocks=20 query_blocks=86 resident_query_warps=688 selected=false
[gpu-search] persistent kernel resources registers/thread=166 static_shared_bytes=49112 max_threads/block=128
[gpu-search] unified persistent CTAs=40-owner+256-query+1-dispatch+1-control QP-owner-warps=160 threads/CTA=128 query_slots=256 resident_capacity=324 launched=298
[STATUS]: query engine: persistent GPU + GPUNetIO slots=256
[STATUS]: storage-owner update cores: progress=28 response=0
[STATUS]: storage-owner acknowledgement=query-visible stage1 graph publication; submission=bounded authority rings; batching=authority-wide; progress=single work-conserving executor
[breakdown] mixed write-rate-limited thread split: reads=256, writes=16
[breakdown] preparing workload: bootstrap_count=69632, workload=mixed
[breakdown] insert-file vectors: count=10000000 dim=128 dtype=uint8
[breakdown] bootstrap vectors ready (synthetic)
[breakdown] recall query data ready: count=10000 dtype=uint8 vector_bytes=128
[breakdown] performance query data ready: count=10000000 dtype=uint8 vector_bytes=128 policy=single_pass_no_reuse
[breakdown][recall] done 1000/1000 ops, avg_rate=40207.8 ops/s
[breakdown][recall] before_performance recall@10=0.939 queries=1000
[breakdown] effective insert start id=111000000
[breakdown] starting warmup mixed
[storage-owner] sender batch telemetry owner=0 batches=32 items=32 avg_batch=1 full_batches=0 tail_escape_batches=32 max_wait_flush_batches=0 queue_visibility_stalls=0 partial_visible_batches=0 published=0
[storage-owner] sender completion telemetry owner=0 batches=32 items=32 avg_batch=1 avg_rpc_wall_us=21.5666 max_rpc_wall_us=61.773 max_active_rpcs=1 max_published=1
[storage-owner] sender batch telemetry owner=1 batches=32 items=32 avg_batch=1 full_batches=0 tail_escape_batches=32 max_wait_flush_batches=0 queue_visibility_stalls=0 partial_visible_batches=0 published=0
[storage-owner] sender completion telemetry owner=1 batches=32 items=32 avg_batch=1 avg_rpc_wall_us=25.5253 max_rpc_wall_us=127.804 max_active_rpcs=1 max_published=1
[storage-owner] sender batch telemetry owner=2 batches=32 items=32 avg_batch=1 full_batches=0 tail_escape_batches=32 max_wait_flush_batches=0 queue_visibility_stalls=0 partial_visible_batches=0 published=0
[storage-owner] sender completion telemetry owner=2 batches=32 items=32 avg_batch=1 avg_rpc_wall_us=23.951 max_rpc_wall_us=137.052 max_active_rpcs=1 max_published=1
[storage-owner] sender batch telemetry owner=3 batches=32 items=32 avg_batch=1 full_batches=0 tail_escape_batches=32 max_wait_flush_batches=0 queue_visibility_stalls=0 partial_visible_batches=0 published=0
[storage-owner] sender completion telemetry owner=3 batches=32 items=32 avg_batch=1 avg_rpc_wall_us=22.7178 max_rpc_wall_us=86.6 max_active_rpcs=1 max_published=1
[storage-owner] sender batch telemetry owner=4 batches=32 items=32 avg_batch=1 full_batches=0 tail_escape_batches=32 max_wait_flush_batches=0 queue_visibility_stalls=0 partial_visible_batches=0 published=0
[storage-owner] sender completion telemetry owner=4 batches=32 items=32 avg_batch=1 avg_rpc_wall_us=24.716 max_rpc_wall_us=78.988 max_active_rpcs=1 max_published=1
[storage-owner] sender batch telemetry owner=0 batches=64 items=64 avg_batch=1 full_batches=0 tail_escape_batches=64 max_wait_flush_batches=0 queue_visibility_stalls=0 partial_visible_batches=0 published=0
[storage-owner] sender completion telemetry owner=0 batches=64 items=64 avg_batch=1 avg_rpc_wall_us=21.5774 max_rpc_wall_us=61.773 max_active_rpcs=1 max_published=1
[storage-owner] sender batch telemetry owner=1 batches=64 items=64 avg_batch=1 full_batches=0 tail_escape_batches=64 max_wait_flush_batches=0 queue_visibility_stalls=0 partial_visible_batches=0 published=0
[storage-owner] sender completion telemetry owner=1 batches=64 items=64 avg_batch=1 avg_rpc_wall_us=23.6086 max_rpc_wall_us=127.804 max_active_rpcs=1 max_published=1
[storage-owner] sender batch telemetry owner=2 batches=64 items=64 avg_batch=1 full_batches=0 tail_escape_batches=64 max_wait_flush_batches=0 queue_visibility_stalls=0 partial_visible_batches=0 published=0
[storage-owner] sender completion telemetry owner=2 batches=64 items=64 avg_batch=1 avg_rpc_wall_us=22.2046 max_rpc_wall_us=137.052 max_active_rpcs=1 max_published=1
[storage-owner] sender batch telemetry owner=3 batches=64 items=64 avg_batch=1 full_batches=0 tail_escape_batches=64 max_wait_flush_batches=0 queue_visibility_stalls=0 partial_visible_batches=0 published=0
[storage-owner] sender completion telemetry owner=3 batches=64 items=64 avg_batch=1 avg_rpc_wall_us=22.1611 max_rpc_wall_us=86.6 max_active_rpcs=1 max_published=1
[storage-owner] sender batch telemetry owner=4 batches=64 items=64 avg_batch=1 full_batches=0 tail_escape_batches=64 max_wait_flush_batches=0 queue_visibility_stalls=0 partial_visible_batches=0 published=0
[storage-owner] sender completion telemetry owner=4 batches=64 items=64 avg_batch=1 avg_rpc_wall_us=23.9806 max_rpc_wall_us=78.988 max_active_rpcs=1 max_published=1
[storage-owner] sender batch telemetry owner=0 batches=128 items=128 avg_batch=1 full_batches=0 tail_escape_batches=128 max_wait_flush_batches=0 queue_visibility_stalls=0 partial_visible_batches=0 published=0
[storage-owner] sender completion telemetry owner=0 batches=128 items=128 avg_batch=1 avg_rpc_wall_us=21.7199 max_rpc_wall_us=61.773 max_active_rpcs=1 max_published=1
[storage-owner] sender batch telemetry owner=1 batches=128 items=128 avg_batch=1 full_batches=0 tail_escape_batches=128 max_wait_flush_batches=0 queue_visibility_stalls=0 partial_visible_batches=0 published=0
[storage-owner] sender completion telemetry owner=1 batches=128 items=128 avg_batch=1 avg_rpc_wall_us=22.1439 max_rpc_wall_us=127.804 max_active_rpcs=1 max_published=1
[storage-owner] sender batch telemetry owner=2 batches=128 items=128 avg_batch=1 full_batches=0 tail_escape_batches=128 max_wait_flush_batches=0 queue_visibility_stalls=0 partial_visible_batches=0 published=0
[storage-owner] sender completion telemetry owner=2 batches=128 items=128 avg_batch=1 avg_rpc_wall_us=21.5348 max_rpc_wall_us=137.052 max_active_rpcs=1 max_published=1
[storage-owner] sender batch telemetry owner=3 batches=128 items=128 avg_batch=1 full_batches=0 tail_escape_batches=128 max_wait_flush_batches=0 queue_visibility_stalls=0 partial_visible_batches=0 published=0
[storage-owner] sender completion telemetry owner=3 batches=128 items=128 avg_batch=1 avg_rpc_wall_us=21.7454 max_rpc_wall_us=86.6 max_active_rpcs=1 max_published=1
[storage-owner] sender batch telemetry owner=4 batches=128 items=128 avg_batch=1 full_batches=0 tail_escape_batches=128 max_wait_flush_batches=0 queue_visibility_stalls=0 partial_visible_batches=0 published=0
[storage-owner] sender completion telemetry owner=4 batches=128 items=128 avg_batch=1 avg_rpc_wall_us=23.244 max_rpc_wall_us=78.988 max_active_rpcs=1 max_published=1
[gpu-search] slow query e2e_us=10001 gpu_us=4357 prepare_us=94 graph_us=1872 score_us=707 beam_us=1167 exact_us=337 beam_select_us=0 rdma_issue_us=203 rdma_wait_us=791 graph_validation_us=621 neighbor_decode_us=124 pq_score_us=391 visited_us=192 beam_merge_us=1167 graph_reads=201 graph_rereads=0 graph_bytes=110736 graph_extent_reads=201 graph_full_reads=0 graph_extent_fallbacks=0 graph_extent_underhints=0 graph_extent_promotions=0 dynamic_graph_short_reads=1 dynamic_graph_full_reads=0 dynamic_graph_bytes=784 dynamic_graph_fallbacks=0 dynamic_graph_promotions=0 dynamic_graph_demotions=0 logical_expansions=201 critical_graph_reads=201 speculative_graph_reads=0 speculative_promoted=0 speculative_stale=0 speculative_wasted_bytes=0 rdma_completion_latency_ns=4551680 rdma_completion_groups=80 issue_width_max=0 commit_width_max=16 critical_misses=201 certificate_rejects=0 graph_batches=27 graph_rounds=16 route_hits=0 exact_reads=128 exact_snapshot_trains=2 exact_snapshot_fallbacks=0 terminal_exact_cache_attempted=0 terminal_exact_cache_issued=0 terminal_exact_cache_promoted=0 terminal_exact_cache_misses=0 terminal_exact_cache_wasted_bytes=0 terminal_exact_cache_queue_rejects=0 dynamic_pq_reads=0 dynamic_pq_us=0 dynamic_pq_incarnation_rejects=0 dynamic_pq_arena_hits=36 dynamic_pq_batch_deduplicated=0
[gpu-search] slow query e2e_us=10017 gpu_us=4450 prepare_us=98 graph_us=1787 score_us=688 beam_us=1196 exact_us=519 beam_select_us=0 rdma_issue_us=186 rdma_wait_us=743 graph_validation_us=640 neighbor_decode_us=120 pq_score_us=372 visited_us=195 beam_merge_us=1196 graph_reads=195 graph_rereads=0 graph_bytes=117680 graph_extent_reads=195 graph_full_reads=0 graph_extent_fallbacks=0 graph_extent_underhints=0 graph_extent_promotions=0 dynamic_graph_short_reads=0 dynamic_graph_full_reads=0 dynamic_graph_bytes=0 dynamic_graph_fallbacks=0 dynamic_graph_promotions=0 dynamic_graph_demotions=0 logical_expansions=195 critical_graph_reads=195 speculative_graph_reads=0 speculative_promoted=0 speculative_stale=0 speculative_wasted_bytes=0 rdma_completion_latency_ns=4275200 rdma_completion_groups=75 issue_width_max=0 commit_width_max=16 critical_misses=195 certificate_rejects=0 graph_batches=26 graph_rounds=15 route_hits=0 exact_reads=128 exact_snapshot_trains=3 exact_snapshot_fallbacks=0 terminal_exact_cache_attempted=0 terminal_exact_cache_issued=0 terminal_exact_cache_promoted=0 terminal_exact_cache_misses=0 terminal_exact_cache_wasted_bytes=0 terminal_exact_cache_queue_rejects=0 dynamic_pq_reads=0 dynamic_pq_us=0 dynamic_pq_incarnation_rejects=0 dynamic_pq_arena_hits=22 dynamic_pq_batch_deduplicated=0
[gpu-search] slow query e2e_us=10118 gpu_us=4441 prepare_us=97 graph_us=1893 score_us=684 beam_us=1209 exact_us=383 beam_select_us=0 rdma_issue_us=199 rdma_wait_us=982 graph_validation_us=519 neighbor_decode_us=116 pq_score_us=398 visited_us=168 beam_merge_us=1209 graph_reads=189 graph_rereads=0 graph_bytes=96912 graph_extent_reads=189 graph_full_reads=0 graph_extent_fallbacks=0 graph_extent_underhints=0 graph_extent_promotions=0 dynamic_graph_short_reads=0 dynamic_graph_full_reads=0 dynamic_graph_bytes=0 dynamic_graph_fallbacks=0 dynamic_graph_promotions=0 dynamic_graph_demotions=0 logical_expansions=189 critical_graph_reads=189 speculative_graph_reads=0 speculative_promoted=0 speculative_stale=0 speculative_wasted_bytes=0 rdma_completion_latency_ns=5529600 rdma_completion_groups=80 issue_width_max=0 commit_width_max=16 critical_misses=189 certificate_rejects=0 graph_batches=30 graph_rounds=16 route_hits=0 exact_reads=128 exact_snapshot_trains=3 exact_snapshot_fallbacks=0 terminal_exact_cache_attempted=0 terminal_exact_cache_issued=0 terminal_exact_cache_promoted=0 terminal_exact_cache_misses=0 terminal_exact_cache_wasted_bytes=0 terminal_exact_cache_queue_rejects=0 dynamic_pq_reads=0 dynamic_pq_us=0 dynamic_pq_incarnation_rejects=0 dynamic_pq_arena_hits=35 dynamic_pq_batch_deduplicated=0
[gpu-search] slow query e2e_us=10249 gpu_us=4562 prepare_us=97 graph_us=2112 score_us=614 beam_us=1178 exact_us=363 beam_select_us=0 rdma_issue_us=224 rdma_wait_us=1079 graph_validation_us=585 neighbor_decode_us=130 pq_score_us=325 visited_us=157 beam_merge_us=1178 graph_reads=221 graph_rereads=0 graph_bytes=94992 graph_extent_reads=221 graph_full_reads=0 graph_extent_fallbacks=0 graph_extent_underhints=0 graph_extent_promotions=0 dynamic_graph_short_reads=0 dynamic_graph_full_reads=0 dynamic_graph_bytes=0 dynamic_graph_fallbacks=0 dynamic_graph_promotions=0 dynamic_graph_demotions=0 logical_expansions=221 critical_graph_reads=221 speculative_graph_reads=0 speculative_promoted=0 speculative_stale=0 speculative_wasted_bytes=0 rdma_completion_latency_ns=6092800 rdma_completion_groups=90 issue_width_max=0 commit_width_max=16 critical_misses=221 certificate_rejects=0 graph_batches=39 graph_rounds=18 route_hits=0 exact_reads=128 exact_snapshot_trains=3 exact_snapshot_fallbacks=0 terminal_exact_cache_attempted=0 terminal_exact_cache_issued=0 terminal_exact_cache_promoted=0 terminal_exact_cache_misses=0 terminal_exact_cache_wasted_bytes=0 terminal_exact_cache_queue_rejects=0 dynamic_pq_reads=0 dynamic_pq_us=0 dynamic_pq_incarnation_rejects=0 dynamic_pq_arena_hits=0 dynamic_pq_batch_deduplicated=0
[gpu-search] slow query e2e_us=10114 gpu_us=4534 prepare_us=100 graph_us=1923 score_us=693 beam_us=1283 exact_us=349 beam_select_us=0 rdma_issue_us=194 rdma_wait_us=857 graph_validation_us=697 neighbor_decode_us=123 pq_score_us=382 visited_us=187 beam_merge_us=1283 graph_reads=206 graph_rereads=0 graph_bytes=110944 graph_extent_reads=206 graph_full_reads=0 graph_extent_fallbacks=0 graph_extent_underhints=0 graph_extent_promotions=0 dynamic_graph_short_reads=2 dynamic_graph_full_reads=0 dynamic_graph_bytes=736 dynamic_graph_fallbacks=0 dynamic_graph_promotions=0 dynamic_graph_demotions=0 logical_expansions=206 critical_graph_reads=206 speculative_graph_reads=0 speculative_promoted=0 speculative_stale=0 speculative_wasted_bytes=0 rdma_completion_latency_ns=4904960 rdma_completion_groups=85 issue_width_max=0 commit_width_max=16 critical_misses=206 certificate_rejects=0 graph_batches=29 graph_rounds=17 route_hits=0 exact_reads=128 exact_snapshot_trains=2 exact_snapshot_fallbacks=0 terminal_exact_cache_attempted=0 terminal_exact_cache_issued=0 terminal_exact_cache_promoted=0 terminal_exact_cache_misses=0 terminal_exact_cache_wasted_bytes=0 terminal_exact_cache_queue_rejects=0 dynamic_pq_reads=0 dynamic_pq_us=0 dynamic_pq_incarnation_rejects=0 dynamic_pq_arena_hits=21 dynamic_pq_batch_deduplicated=0
[gpu-search] slow query e2e_us=10419 gpu_us=4704 prepare_us=112 graph_us=1960 score_us=757 beam_us=1358 exact_us=317 beam_select_us=0 rdma_issue_us=198 rdma_wait_us=947 graph_validation_us=647 neighbor_decode_us=144 pq_score_us=402 visited_us=209 beam_merge_us=1358 graph_reads=189 graph_rereads=0 graph_bytes=112080 graph_extent_reads=189 graph_full_reads=0 graph_extent_fallbacks=0 graph_extent_underhints=0 graph_extent_promotions=0 dynamic_graph_short_reads=0 dynamic_graph_full_reads=0 dynamic_graph_bytes=0 dynamic_graph_fallbacks=0 dynamic_graph_promotions=0 dynamic_graph_demotions=0 logical_expansions=189 critical_graph_reads=189 speculative_graph_reads=0 speculative_promoted=0 speculative_stale=0 speculative_wasted_bytes=0 rdma_completion_latency_ns=5406720 rdma_completion_groups=90 issue_width_max=0 commit_width_max=16 critical_misses=189 certificate_rejects=0 graph_batches=30 graph_rounds=18 route_hits=0 exact_reads=128 exact_snapshot_trains=2 exact_snapshot_fallbacks=0 terminal_exact_cache_attempted=0 terminal_exact_cache_issued=0 terminal_exact_cache_promoted=0 terminal_exact_cache_misses=0 terminal_exact_cache_wasted_bytes=0 terminal_exact_cache_queue_rejects=0 dynamic_pq_reads=0 dynamic_pq_us=0 dynamic_pq_incarnation_rejects=0 dynamic_pq_arena_hits=9 dynamic_pq_batch_deduplicated=0
[gpu-search] slow query e2e_us=10222 gpu_us=4481 prepare_us=105 graph_us=2036 score_us=639 beam_us=1099 exact_us=433 beam_select_us=0 rdma_issue_us=182 rdma_wait_us=1074 graph_validation_us=572 neighbor_decode_us=110 pq_score_us=352 visited_us=176 beam_merge_us=1099 graph_reads=189 graph_rereads=0 graph_bytes=105104 graph_extent_reads=189 graph_full_reads=0 graph_extent_fallbacks=0 graph_extent_underhints=0 graph_extent_promotions=0 dynamic_graph_short_reads=1 dynamic_graph_full_reads=0 dynamic_graph_bytes=784 dynamic_graph_fallbacks=0 dynamic_graph_promotions=0 dynamic_graph_demotions=0 logical_expansions=189 critical_graph_reads=189 speculative_graph_reads=0 speculative_promoted=0 speculative_stale=0 speculative_wasted_bytes=0 rdma_completion_latency_ns=5918720 rdma_completion_groups=75 issue_width_max=0 commit_width_max=16 critical_misses=189 certificate_rejects=0 graph_batches=16 graph_rounds=15 route_hits=0 exact_reads=128 exact_snapshot_trains=2 exact_snapshot_fallbacks=0 terminal_exact_cache_attempted=0 terminal_exact_cache_issued=0 terminal_exact_cache_promoted=0 terminal_exact_cache_misses=0 terminal_exact_cache_wasted_bytes=0 terminal_exact_cache_queue_rejects=0 dynamic_pq_reads=0 dynamic_pq_us=0 dynamic_pq_incarnation_rejects=0 dynamic_pq_arena_hits=35 dynamic_pq_batch_deduplicated=0
[gpu-search] slow query e2e_us=10551 gpu_us=4757 prepare_us=109 graph_us=2034 score_us=724 beam_us=1268 exact_us=437 beam_select_us=0 rdma_issue_us=213 rdma_wait_us=972 graph_validation_us=620 neighbor_decode_us=118 pq_score_us=408 visited_us=197 beam_merge_us=1268 graph_reads=198 graph_rereads=0 graph_bytes=109408 graph_extent_reads=198 graph_full_reads=0 graph_extent_fallbacks=0 graph_extent_underhints=0 graph_extent_promotions=0 dynamic_graph_short_reads=0 dynamic_graph_full_reads=0 dynamic_graph_bytes=0 dynamic_graph_fallbacks=0 dynamic_graph_promotions=0 dynamic_graph_demotions=0 logical_expansions=198 critical_graph_reads=198 speculative_graph_reads=0 speculative_promoted=0 speculative_stale=0 speculative_wasted_bytes=0 rdma_completion_latency_ns=5519360 rdma_completion_groups=85 issue_width_max=0 commit_width_max=16 critical_misses=198 certificate_rejects=0 graph_batches=33 graph_rounds=17 route_hits=0 exact_reads=128 exact_snapshot_trains=3 exact_snapshot_fallbacks=0 terminal_exact_cache_attempted=0 terminal_exact_cache_issued=0 terminal_exact_cache_promoted=0 terminal_exact_cache_misses=0 terminal_exact_cache_wasted_bytes=0 terminal_exact_cache_queue_rejects=0 dynamic_pq_reads=0 dynamic_pq_us=0 dynamic_pq_incarnation_rejects=0 dynamic_pq_arena_hits=23 dynamic_pq_batch_deduplicated=0
[gpu-search] slow query e2e_us=10284 gpu_us=4403 prepare_us=102 graph_us=2032 score_us=634 beam_us=1069 exact_us=398 beam_select_us=0 rdma_issue_us=178 rdma_wait_us=1114 graph_validation_us=523 neighbor_decode_us=105 pq_score_us=361 visited_us=167 beam_merge_us=1069 graph_reads=201 graph_rereads=0 graph_bytes=107408 graph_extent_reads=201 graph_full_reads=0 graph_extent_fallbacks=0 graph_extent_underhints=0 graph_extent_promotions=0 dynamic_graph_short_reads=0 dynamic_graph_full_reads=0 dynamic_graph_bytes=0 dynamic_graph_fallbacks=0 dynamic_graph_promotions=0 dynamic_graph_demotions=0 logical_expansions=201 critical_graph_reads=201 speculative_graph_reads=0 speculative_promoted=0 speculative_stale=0 speculative_wasted_bytes=0 rdma_completion_latency_ns=6097920 rdma_completion_groups=75 issue_width_max=0 commit_width_max=16 critical_misses=201 certificate_rejects=0 graph_batches=23 graph_rounds=15 route_hits=0 exact_reads=128 exact_snapshot_trains=2 exact_snapshot_fallbacks=0 terminal_exact_cache_attempted=0 terminal_exact_cache_issued=0 terminal_exact_cache_promoted=0 terminal_exact_cache_misses=0 terminal_exact_cache_wasted_bytes=0 terminal_exact_cache_queue_rejects=0 dynamic_pq_reads=0 dynamic_pq_us=0 dynamic_pq_incarnation_rejects=0 dynamic_pq_arena_hits=23 dynamic_pq_batch_deduplicated=0
[gpu-search] slow query e2e_us=10220 gpu_us=4229 prepare_us=126 graph_us=1826 score_us=674 beam_us=1002 exact_us=441 beam_select_us=0 rdma_issue_us=151 rdma_wait_us=913 graph_validation_us=573 neighbor_decode_us=130 pq_score_us=367 visited_us=176 beam_merge_us=1002 graph_reads=184 graph_rereads=0 graph_bytes=101568 graph_extent_reads=184 graph_full_reads=0 graph_extent_fallbacks=0 graph_extent_underhints=0 graph_extent_promotions=0 dynamic_graph_short_reads=0 dynamic_graph_full_reads=0 dynamic_graph_bytes=0 dynamic_graph_fallbacks=0 dynamic_graph_promotions=0 dynamic_graph_demotions=0 logical_expansions=184 critical_graph_reads=184 speculative_graph_reads=0 speculative_promoted=0 speculative_stale=0 speculative_wasted_bytes=0 rdma_completion_latency_ns=5007360 rdma_completion_groups=65 issue_width_max=0 commit_width_max=16 critical_misses=184 certificate_rejects=0 graph_batches=15 graph_rounds=13 route_hits=0 exact_reads=128 exact_snapshot_trains=1 exact_snapshot_fallbacks=0 terminal_exact_cache_attempted=0 terminal_exact_cache_issued=0 terminal_exact_cache_promoted=0 terminal_exact_cache_misses=0 terminal_exact_cache_wasted_bytes=0 terminal_exact_cache_queue_rejects=0 dynamic_pq_reads=0 dynamic_pq_us=0 dynamic_pq_incarnation_rejects=0 dynamic_pq_arena_hits=35 dynamic_pq_batch_deduplicated=0
[gpu-search] slow query e2e_us=10407 gpu_us=4304 prepare_us=98 graph_us=1755 score_us=682 beam_us=1104 exact_us=504 beam_select_us=0 rdma_issue_us=177 rdma_wait_us=891 graph_validation_us=504 neighbor_decode_us=116 pq_score_us=370 visited_us=194 beam_merge_us=1104 graph_reads=182 graph_rereads=0 graph_bytes=113248 graph_extent_reads=182 graph_full_reads=0 graph_extent_fallbacks=0 graph_extent_underhints=0 graph_extent_promotions=0 dynamic_graph_short_reads=0 dynamic_graph_full_reads=0 dynamic_graph_bytes=0 dynamic_graph_fallbacks=0 dynamic_graph_promotions=0 dynamic_graph_demotions=0 logical_expansions=182 critical_graph_reads=182 speculative_graph_reads=0 speculative_promoted=0 speculative_stale=0 speculative_wasted_bytes=0 rdma_completion_latency_ns=5032960 rdma_completion_groups=75 issue_width_max=0 commit_width_max=16 critical_misses=182 certificate_rejects=0 graph_batches=24 graph_rounds=15 route_hits=0 exact_reads=128 exact_snapshot_trains=2 exact_snapshot_fallbacks=0 terminal_exact_cache_attempted=0 terminal_exact_cache_issued=0 terminal_exact_cache_promoted=0 terminal_exact_cache_misses=0 terminal_exact_cache_wasted_bytes=0 terminal_exact_cache_queue_rejects=0 dynamic_pq_reads=0 dynamic_pq_us=0 dynamic_pq_incarnation_rejects=0 dynamic_pq_arena_hits=38 dynamic_pq_batch_deduplicated=0
[gpu-search] slow query e2e_us=10613 gpu_us=4411 prepare_us=112 graph_us=1752 score_us=696 beam_us=1114 exact_us=576 beam_select_us=0 rdma_issue_us=185 rdma_wait_us=816 graph_validation_us=541 neighbor_decode_us=125 pq_score_us=374 visited_us=196 beam_merge_us=1114 graph_reads=193 graph_rereads=0 graph_bytes=112656 graph_extent_reads=193 graph_full_reads=0 graph_extent_fallbacks=0 graph_extent_underhints=0 graph_extent_promotions=0 dynamic_graph_short_reads=2 dynamic_graph_full_reads=0 dynamic_graph_bytes=1312 dynamic_graph_fallbacks=0 dynamic_graph_promotions=0 dynamic_graph_demotions=0 logical_expansions=193 critical_graph_reads=193 speculative_graph_reads=0 speculative_promoted=0 speculative_stale=0 speculative_wasted_bytes=0 rdma_completion_latency_ns=4613120 rdma_completion_groups=70 issue_width_max=0 commit_width_max=16 critical_misses=193 certificate_rejects=0 graph_batches=27 graph_rounds=14 route_hits=0 exact_reads=128 exact_snapshot_trains=2 exact_snapshot_fallbacks=0 terminal_exact_cache_attempted=0 terminal_exact_cache_issued=0 terminal_exact_cache_promoted=0 terminal_exact_cache_misses=0 terminal_exact_cache_wasted_bytes=0 terminal_exact_cache_queue_rejects=0 dynamic_pq_reads=0 dynamic_pq_us=0 dynamic_pq_incarnation_rejects=0 dynamic_pq_arena_hits=35 dynamic_pq_batch_deduplicated=0
[gpu-search] slow query e2e_us=10206 gpu_us=4032 prepare_us=95 graph_us=1659 score_us=614 beam_us=1134 exact_us=371 beam_select_us=0 rdma_issue_us=180 rdma_wait_us=853 graph_validation_us=463 neighbor_decode_us=102 pq_score_us=344 visited_us=166 beam_merge_us=1134 graph_reads=183 graph_rereads=0 graph_bytes=98992 graph_extent_reads=183 graph_full_reads=0 graph_extent_fallbacks=0 graph_extent_underhints=0 graph_extent_promotions=0 dynamic_graph_short_reads=4 dynamic_graph_full_reads=0 dynamic_graph_bytes=1856 dynamic_graph_fallbacks=0 dynamic_graph_promotions=0 dynamic_graph_demotions=0 logical_expansions=183 critical_graph_reads=183 speculative_graph_reads=0 speculative_promoted=0 speculative_stale=0 speculative_wasted_bytes=0 rdma_completion_latency_ns=4782080 rdma_completion_groups=70 issue_width_max=0 commit_width_max=16 critical_misses=183 certificate_rejects=0 graph_batches=26 graph_rounds=14 route_hits=0 exact_reads=128 exact_snapshot_trains=2 exact_snapshot_fallbacks=0 terminal_exact_cache_attempted=0 terminal_exact_cache_issued=0 terminal_exact_cache_promoted=0 terminal_exact_cache_misses=0 terminal_exact_cache_wasted_bytes=0 terminal_exact_cache_queue_rejects=0 dynamic_pq_reads=0 dynamic_pq_us=0 dynamic_pq_incarnation_rejects=0 dynamic_pq_arena_hits=21 dynamic_pq_batch_deduplicated=0
[gpu-search] slow query e2e_us=10382 gpu_us=4082 prepare_us=130 graph_us=1794 score_us=634 beam_us=1081 exact_us=288 beam_select_us=0 rdma_issue_us=193 rdma_wait_us=873 graph_validation_us=520 neighbor_decode_us=109 pq_score_us=348 visited_us=175 beam_merge_us=1081 graph_reads=188 graph_rereads=0 graph_bytes=104640 graph_extent_reads=188 graph_full_reads=0 graph_extent_fallbacks=0 graph_extent_underhints=0 graph_extent_promotions=0 dynamic_graph_short_reads=1 dynamic_graph_full_reads=0 dynamic_graph_bytes=784 dynamic_graph_fallbacks=0 dynamic_graph_promotions=0 dynamic_graph_demotions=0 logical_expansions=188 critical_graph_reads=188 speculative_graph_reads=0 speculative_promoted=0 speculative_stale=0 speculative_wasted_bytes=0 rdma_completion_latency_ns=4961280 rdma_completion_groups=70 issue_width_max=0 commit_width_max=16 critical_misses=188 certificate_rejects=0 graph_batches=24 graph_rounds=14 route_hits=0 exact_reads=128 exact_snapshot_trains=2 exact_snapshot_fallbacks=0 terminal_exact_cache_attempted=0 terminal_exact_cache_issued=0 terminal_exact_cache_promoted=0 terminal_exact_cache_misses=0 terminal_exact_cache_wasted_bytes=0 terminal_exact_cache_queue_rejects=0 dynamic_pq_reads=0 dynamic_pq_us=0 dynamic_pq_incarnation_rejects=0 dynamic_pq_arena_hits=35 dynamic_pq_batch_deduplicated=0
[gpu-search] slow query e2e_us=10555 gpu_us=4145 prepare_us=106 graph_us=1621 score_us=708 beam_us=1101 exact_us=452 beam_select_us=0 rdma_issue_us=177 rdma_wait_us=695 graph_validation_us=594 neighbor_decode_us=141 pq_score_us=373 visited_us=193 beam_merge_us=1101 graph_reads=193 graph_rereads=0 graph_bytes=115536 graph_extent_reads=193 graph_full_reads=0 graph_extent_fallbacks=0 graph_extent_underhints=0 graph_extent_promotions=0 dynamic_graph_short_reads=0 dynamic_graph_full_reads=0 dynamic_graph_bytes=0 dynamic_graph_fallbacks=0 dynamic_graph_promotions=0 dynamic_graph_demotions=0 logical_expansions=193 critical_graph_reads=193 speculative_graph_reads=0 speculative_promoted=0 speculative_stale=0 speculative_wasted_bytes=0 rdma_completion_latency_ns=4029440 rdma_completion_groups=70 issue_width_max=0 commit_width_max=16 critical_misses=193 certificate_rejects=0 graph_batches=24 graph_rounds=14 route_hits=0 exact_reads=128 exact_snapshot_trains=2 exact_snapshot_fallbacks=0 terminal_exact_cache_attempted=0 terminal_exact_cache_issued=0 terminal_exact_cache_promoted=0 terminal_exact_cache_misses=0 terminal_exact_cache_wasted_bytes=0 terminal_exact_cache_queue_rejects=0 dynamic_pq_reads=0 dynamic_pq_us=0 dynamic_pq_incarnation_rejects=0 dynamic_pq_arena_hits=9 dynamic_pq_batch_deduplicated=0
[gpu-search] slow query e2e_us=10282 gpu_us=3700 prepare_us=110 graph_us=1617 score_us=570 beam_us=919 exact_us=319 beam_select_us=0 rdma_issue_us=159 rdma_wait_us=720 graph_validation_us=546 neighbor_decode_us=119 pq_score_us=303 visited_us=148 beam_merge_us=919 graph_reads=184 graph_rereads=0 graph_bytes=86784 graph_extent_reads=184 graph_full_reads=0 graph_extent_fallbacks=0 graph_extent_underhints=0 graph_extent_promotions=0 dynamic_graph_short_reads=2 dynamic_graph_full_reads=0 dynamic_graph_bytes=1248 dynamic_graph_fallbacks=0 dynamic_graph_promotions=0 dynamic_graph_demotions=0 logical_expansions=184 critical_graph_reads=184 speculative_graph_reads=0 speculative_promoted=0 speculative_stale=0 speculative_wasted_bytes=0 rdma_completion_latency_ns=4055040 rdma_completion_groups=65 issue_width_max=0 commit_width_max=16 critical_misses=184 certificate_rejects=0 graph_batches=18 graph_rounds=13 route_hits=0 exact_reads=128 exact_snapshot_trains=3 exact_snapshot_fallbacks=0 terminal_exact_cache_attempted=0 terminal_exact_cache_issued=0 terminal_exact_cache_promoted=0 terminal_exact_cache_misses=0 terminal_exact_cache_wasted_bytes=0 terminal_exact_cache_queue_rejects=0 dynamic_pq_reads=0 dynamic_pq_us=0 dynamic_pq_incarnation_rejects=0 dynamic_pq_arena_hits=35 dynamic_pq_batch_deduplicated=0
[storage-owner] sender batch telemetry owner=0 batches=256 items=256 avg_batch=1 full_batches=0 tail_escape_batches=256 max_wait_flush_batches=0 queue_visibility_stalls=0 partial_visible_batches=0 published=0
[storage-owner] sender completion telemetry owner=0 batches=256 items=256 avg_batch=1 avg_rpc_wall_us=21.4367 max_rpc_wall_us=61.773 max_active_rpcs=1 max_published=1
[storage-owner] sender batch telemetry owner=1 batches=256 items=256 avg_batch=1 full_batches=0 tail_escape_batches=256 max_wait_flush_batches=0 queue_visibility_stalls=0 partial_visible_batches=0 published=0
[storage-owner] sender completion telemetry owner=1 batches=256 items=256 avg_batch=1 avg_rpc_wall_us=28.1636 max_rpc_wall_us=1698.21 max_active_rpcs=1 max_published=1
[storage-owner] sender batch telemetry owner=2 batches=256 items=256 avg_batch=1 full_batches=0 tail_escape_batches=256 max_wait_flush_batches=0 queue_visibility_stalls=0 partial_visible_batches=0 published=0
[storage-owner] sender completion telemetry owner=2 batches=256 items=256 avg_batch=1 avg_rpc_wall_us=66.5987 max_rpc_wall_us=11708.2 max_active_rpcs=1 max_published=1
[storage-owner] sender batch telemetry owner=3 batches=256 items=256 avg_batch=1 full_batches=0 tail_escape_batches=256 max_wait_flush_batches=0 queue_visibility_stalls=0 partial_visible_batches=0 published=0
[storage-owner] sender completion telemetry owner=3 batches=256 items=256 avg_batch=1 avg_rpc_wall_us=72.2483 max_rpc_wall_us=13141.3 max_active_rpcs=1 max_published=1
[storage-owner] sender batch telemetry owner=4 batches=256 items=256 avg_batch=1 full_batches=0 tail_escape_batches=256 max_wait_flush_batches=0 queue_visibility_stalls=0 partial_visible_batches=0 published=0
[storage-owner] sender completion telemetry owner=4 batches=256 items=256 avg_batch=1 avg_rpc_wall_us=23.0141 max_rpc_wall_us=78.988 max_active_rpcs=1 max_published=1
[breakdown][warmup-mixed] progress elapsed=5s/5s, completed=313511 ops, rate=62702.2 ops/s, interval_rate=62702.2 ops/s, interval_read_qps=62202.4, interval_write_qps=499.8
[breakdown][warmup-mixed] done measurement_elapsed=5s/5s, measurement_completed=313511 ops, measurement_avg_rate=62702.2 ops/s, drain_elapsed=0.00656174s, drain_completed=255 ops
[breakdown][warmup] maintenance drain elapsed=0.0315002s complete=yes
[breakdown] starting measure phase
[storage-owner] sender batch telemetry owner=4 batches=512 items=512 avg_batch=1 full_batches=0 tail_escape_batches=512 max_wait_flush_batches=0 queue_visibility_stalls=0 partial_visible_batches=0 published=0
[storage-owner] sender completion telemetry owner=4 batches=512 items=512 avg_batch=1 avg_rpc_wall_us=41.9224 max_rpc_wall_us=4514.82 max_active_rpcs=1 max_published=1
[storage-owner] sender batch telemetry owner=0 batches=512 items=512 avg_batch=1 full_batches=0 tail_escape_batches=512 max_wait_flush_batches=0 queue_visibility_stalls=0 partial_visible_batches=0 published=0
[storage-owner] sender completion telemetry owner=0 batches=512 items=512 avg_batch=1 avg_rpc_wall_us=21.4099 max_rpc_wall_us=61.773 max_active_rpcs=1 max_published=1
[storage-owner] sender batch telemetry owner=1 batches=512 items=512 avg_batch=1 full_batches=0 tail_escape_batches=512 max_wait_flush_batches=0 queue_visibility_stalls=0 partial_visible_batches=0 published=0
[storage-owner] sender completion telemetry owner=1 batches=512 items=512 avg_batch=1 avg_rpc_wall_us=50.5082 max_rpc_wall_us=6205.37 max_active_rpcs=1 max_published=1
[storage-owner] sender batch telemetry owner=2 batches=512 items=512 avg_batch=1 full_batches=0 tail_escape_batches=512 max_wait_flush_batches=0 queue_visibility_stalls=0 partial_visible_batches=0 published=0
[storage-owner] sender completion telemetry owner=2 batches=512 items=512 avg_batch=1 avg_rpc_wall_us=84.744 max_rpc_wall_us=12197 max_active_rpcs=1 max_published=1
[storage-owner] sender batch telemetry owner=3 batches=512 items=512 avg_batch=1 full_batches=0 tail_escape_batches=512 max_wait_flush_batches=0 queue_visibility_stalls=0 partial_visible_batches=0 published=0
[storage-owner] sender completion telemetry owner=3 batches=512 items=512 avg_batch=1 avg_rpc_wall_us=69.8278 max_rpc_wall_us=13141.3 max_active_rpcs=1 max_published=1
[breakdown][measure-mixed] progress elapsed=5s/20s, completed=314446 ops, rate=62889.2 ops/s, interval_rate=62889.2 ops/s, interval_read_qps=62389.4, interval_write_qps=499.8
[storage-owner] sender batch telemetry owner=4 batches=1024 items=1024 avg_batch=1 full_batches=0 tail_escape_batches=1024 max_wait_flush_batches=0 queue_visibility_stalls=0 partial_visible_batches=0 published=0
[storage-owner] sender completion telemetry owner=4 batches=1024 items=1024 avg_batch=1 avg_rpc_wall_us=43.3527 max_rpc_wall_us=11048.8 max_active_rpcs=1 max_published=1
[storage-owner] sender batch telemetry owner=0 batches=1024 items=1024 avg_batch=1 full_batches=0 tail_escape_batches=1024 max_wait_flush_batches=0 queue_visibility_stalls=0 partial_visible_batches=0 published=0
[storage-owner] sender completion telemetry owner=0 batches=1024 items=1024 avg_batch=1 avg_rpc_wall_us=28.6887 max_rpc_wall_us=3692.62 max_active_rpcs=1 max_published=1
[storage-owner] sender batch telemetry owner=1 batches=1024 items=1024 avg_batch=1 full_batches=0 tail_escape_batches=1024 max_wait_flush_batches=0 queue_visibility_stalls=0 partial_visible_batches=0 published=0
[storage-owner] sender completion telemetry owner=1 batches=1024 items=1024 avg_batch=1 avg_rpc_wall_us=40.7991 max_rpc_wall_us=6205.37 max_active_rpcs=1 max_published=1
[storage-owner] sender batch telemetry owner=2 batches=1024 items=1024 avg_batch=1 full_batches=0 tail_escape_batches=1024 max_wait_flush_batches=0 queue_visibility_stalls=0 partial_visible_batches=0 published=0
[storage-owner] sender completion telemetry owner=2 batches=1024 items=1024 avg_batch=1 avg_rpc_wall_us=64.7548 max_rpc_wall_us=12197 max_active_rpcs=1 max_published=1
[storage-owner] sender batch telemetry owner=3 batches=1024 items=1024 avg_batch=1 full_batches=0 tail_escape_batches=1024 max_wait_flush_batches=0 queue_visibility_stalls=0 partial_visible_batches=0 published=0
[storage-owner] sender completion telemetry owner=3 batches=1024 items=1024 avg_batch=1 avg_rpc_wall_us=52.2385 max_rpc_wall_us=13141.3 max_active_rpcs=1 max_published=1
[breakdown][measure-mixed] progress elapsed=10s/20s, completed=629960 ops, rate=62996 ops/s, interval_rate=63102.8 ops/s, interval_read_qps=62602.8, interval_write_qps=500
[breakdown][measure-mixed] progress elapsed=15s/20s, completed=945777 ops, rate=63051.8 ops/s, interval_rate=63163.4 ops/s, interval_read_qps=62663.4, interval_write_qps=500
[storage-owner] sender batch telemetry owner=4 batches=2048 items=2048 avg_batch=1 full_batches=0 tail_escape_batches=2048 max_wait_flush_batches=0 queue_visibility_stalls=0 partial_visible_batches=0 published=0
[storage-owner] sender completion telemetry owner=4 batches=2048 items=2048 avg_batch=1 avg_rpc_wall_us=44.3171 max_rpc_wall_us=11079.5 max_active_rpcs=1 max_published=1
[storage-owner] sender batch telemetry owner=0 batches=2048 items=2048 avg_batch=1 full_batches=0 tail_escape_batches=2048 max_wait_flush_batches=0 queue_visibility_stalls=0 partial_visible_batches=0 published=0
[storage-owner] sender completion telemetry owner=0 batches=2048 items=2048 avg_batch=1 avg_rpc_wall_us=27.308 max_rpc_wall_us=3692.62 max_active_rpcs=1 max_published=1
[storage-owner] sender batch telemetry owner=1 batches=2048 items=2048 avg_batch=1 full_batches=0 tail_escape_batches=2048 max_wait_flush_batches=0 queue_visibility_stalls=0 partial_visible_batches=0 published=0
[storage-owner] sender completion telemetry owner=1 batches=2048 items=2048 avg_batch=1 avg_rpc_wall_us=33.2668 max_rpc_wall_us=6205.37 max_active_rpcs=1 max_published=1
[storage-owner] sender batch telemetry owner=2 batches=2048 items=2048 avg_batch=1 full_batches=0 tail_escape_batches=2048 max_wait_flush_batches=0 queue_visibility_stalls=0 partial_visible_batches=0 published=0
[storage-owner] sender completion telemetry owner=2 batches=2048 items=2048 avg_batch=1 avg_rpc_wall_us=54.8325 max_rpc_wall_us=14600.8 max_active_rpcs=1 max_published=1
[storage-owner] sender batch telemetry owner=3 batches=2048 items=2048 avg_batch=1 full_batches=0 tail_escape_batches=2048 max_wait_flush_batches=0 queue_visibility_stalls=0 partial_visible_batches=0 published=0
[storage-owner] sender completion telemetry owner=3 batches=2048 items=2048 avg_batch=1 avg_rpc_wall_us=38.7597 max_rpc_wall_us=13141.3 max_active_rpcs=1 max_published=1
[breakdown][measure-mixed] progress elapsed=20s/20s, completed=1261753 ops, rate=63087.7 ops/s, interval_rate=63195.2 ops/s, interval_read_qps=62695.2, interval_write_qps=500
[breakdown][measure-mixed] done measurement_elapsed=20s/20s, measurement_completed=1261753 ops, measurement_avg_rate=63087.7 ops/s, drain_elapsed=0.00671145s, drain_completed=257 ops
[breakdown][measure] maintenance drain elapsed=0.047693s complete=yes
[breakdown] Stage2 telemetry publication observed=10001 expected=10000
[breakdown][measure-mixed] reads issued/completed=1252010/1252010, writes issued/completed=10000/10000 (insert=10000, upsert=0, delete=0)
[breakdown][static_gt_post_recall] done 1000/1000 ops, avg_rate=43328.2 ops/s
[breakdown][recall] after_performance recall@10=0.9388 queries=1000
system_variant
  profile_name: 04_gpu_persistent_gpunetio
  label: full
  update_mutation_api: insert_upsert_erase
  storage_owner_update_completion_mode: decoupled
  gpu_dynamic_graph_access_mode: adaptive
  gpu_rdma_search_progression_mode: manual
  index_prefix: /data/xjs/index/dvstor_sift100m/index/sift100m_R96_bw128_metis_pmd32_pq32_schema16
  index_schema_version: 16
  index_build_fingerprint: 68737734120060254
query_inputs
  recall_source: /data/xjs/index/dvstor_sift100m/converted/query.u8bin
  recall_rows: 10000
  performance_source: /data/xjs/datasets/sift1b/sift100m_to_110m_query.u8bin
  performance_rows: 10000000
  performance_row_reuse_policy: single_pass_no_reuse
  performance_warmup/measure/total_rows_consumed: 311266/1252010/1563276
throughput
  duration_seconds: 20.0066
  total_ops_per_sec: 63079.6 (ops=1262010)
  query_ops_per_sec: 62600.5 (ops=1252010)
  effective_query_ops_per_sec: 62579.8
  write_ops_per_sec: 500 (ops=10000)
  effective_write_ops_per_sec: 499.834
  insert_ops_per_sec: 500 (ops=10000)
  client_drain_seconds: 0.00662812
  scheduled_query/write_ops: 0/10000
  query/write_rate_attainment_ratio: 1/1
  nominal/effective_rate_basis: configured_schedule_window/wall_clock_including_client_drain
  write_mix_completed: insert=10000 upsert=0 delete=0
  query_head/tail_qps: 62551.9/62653.8
  query_tail_to_head_ratio: 1.00163
  query_min_5s_qps: 62389.4
  write_head/tail_qps: 499.933/500
  write_tail_to_head_ratio: 1.00013
  write_min_5s_qps: 499.8
  zero_completion_windows: 0
  zero_query/write_windows: 0/0
stage2
  source: in_band_control_page
  shards observed/requested: 5/5
  p99_stage2_delay_upper_ms: 256 (samples=10001)
  remaining/max_backlog: 21/29
  completion_outstanding/admission_window: 21/327680 (max_per_shard=14)
  completion_incomplete/admission_window: 21/327680 (max_per_shard=14, completed_behind_hole=0)
  completion admission stalls logical/physical: 0/0
  backlog_slope_per_sec: -1.24972
  failures (hard): 0
  peer_reverse_retry_attempts: 1
  locality telemetry: home_match_rate=0.890611 cross_edge_reduction=0.234192 avg_frontier/expansions/scored=624.693/21.4236/1183.31
  search budget exhausted (stage1/stage2): 0/0
  execution batching: contexts=2677 avg_items=3.72507 graph_reads/wave=5.84783 vector_reads/wave=71.3276 pressure_yields=1
  ordered graph issue: issued/hit/wasted=172753/168835/3924 promotion_ratio=0.977286
  graph home RPC: batches/items/avg_items=40475/217551/5.37495
  executor service demand: stage1_total/search/prune_us=4223.17/3841.36/271.773 stage1_candidates/frontier/neighbors=127.992/624.085/43.6956 stage2_search/freeze/reverse_us=1848.6/271.28/1039.14
recall
  recall@10: 0.939
  queries: 1000
  mode/base_id_limit/search_width/insufficient_queries: all/0/10/0
  query_file: /data/xjs/index/dvstor_sift100m/converted/query.u8bin
  groundtruth_file: /data/xjs/index/dvstor_sift100m/converted/groundtruth_100M.bin
static_gt_post_recall
  recall@10: 0.9388
  queries: 1000
  mode/base_id_limit/search_width/insufficient_queries: all/0/10/0
  query_file: /data/xjs/index/dvstor_sift100m/converted/query.u8bin
  groundtruth_file: /data/xjs/index/dvstor_sift100m/converted/groundtruth_100M.bin
gpu_persistent
  GPU memory explicit/base_pq/route GiB: 4.30936/2.98023/2.87592e-06
  average_batch_size: 1.24746
  average_submission_wait_us: 3.50426
  rdma_read_bytes: 125275273384
  owner WQE submitted/capacity/utilization: 582523975/22742653952/0.0256137
  owner critical/speculative batches: 28520502/0
  graph_route_hit_ratio/refreshes: 0/0
  graph snapshot reread records total/per_query: 40318/0.0322026
  graph RDMA bytes total/per_query/per_parent: 100915656944/80602.9/420.926
  graph live/full/fallback/underhint/promotions reads: 239746499/40546/40318/40318/40034
  expanded parents/neighbor sum/average degree: 239746727/11271075687/47.0124
  expanded degree histogram (ceil(degree/8), overflow=13): [0,186372,6011829,24234471,38486720,40243831,35260877,27305720,19998768,14137718,10068126,7584192,16228100,3]
  dynamic expanded parents/neighbor sum/average degree/share: 3666036/152570469/41.6173/0.0152913
  dynamic expanded degree histogram (ceil(degree/8), overflow=13): [0,18427,248210,524914,734423,445994,535404,377268,186584,212694,159956,125222,96940,0]
  DynaExtent short/full/bytes/fallback/promotions/demotions: 3666036/28/1380800384/28/27/0
  DynaExtent snapshot-attempts/nonfallback-full-attempts/short-physical-ratio/fallback-ratio/bytes-per-physical-read: 3666064/0/0.999992/7.63768e-06/376.644
  ASFE logical expansions total/per_query: 239746727/191.489
  ASFE critical/speculative graph reads: 239746727/0
  ASFE critical/speculative graph bytes: 100915656944/0
  ASFE core reads/bytes/arrived/promoted/stale: 0/0/0/0/0
  ASFE core waves/ready waves/ready ratio: 0/0/0
  terminal exact cache attempts/rate: 0/0
  terminal exact cache issued/promoted/misses/rejects (total/per_query): 0/0, 0/0, 0/0, 0/0
  terminal exact cache promotion/waste ratio: 0/0
  terminal exact cache wasted bytes total/per_query: 0/0
  ASFE completion scoring batches/candidates (total/per_query/candidates_per_batch): 0/0, 0/0/0
  ASFE reusable exact certificates total/per_query: 0/0
  ASFE streamed runs/ordered scoring batches/candidates (total/per_query/candidates_per_batch): 0/0, 0/0, 0/0/0
  OOO ROB parents retired beyond an unresolved rank hole (total/per_query): 0/0
  ASFE reusable prefix ranks/full/issued certificates (total/per_query): 0/0, 0/0, 0/0
  ASFE certificate rejects total/per_query: 0/0
  ASFE speculative wasted bytes/ratio: 0/0
  ASFE speculative arrived/promoted/stale/queue_rejects: 0/0/0/0
  ASFE promotion/waste ratio: 0/0
  ASFE issue/commit epochs: 0/18003573
  ASFE average issue/commit width: 0/13.3166
  ASFE issue capacity/utilization: 0/0
  ASFE max issue/commit width: 0/16
  ASFE critical ROB hits/speculative wait ns/us_per_query: 0/0/0
  ASFE critical misses/ROB hit ratio: 239746727/0
  ASFE RDMA completion groups/avg us (critical/speculative): 90214540/81.2854 (0/0)
  GPU occupancy threads/registers/static_shared: 128/166/49112
  GPU occupancy active/effective blocks per SM: 3/3
  GPU persistent query/owner/total blocks: 256/40/298
  centroid route publications/shard_updates/live/snapshot_skips: 1653/3273/20/2
  centroid route probe_reads/body_reads/unchanged_polls/poll_us: 14265/3282/1198/8402
  centroid route query snapshot retries/timeouts: 9535/0
  GPU query/prepare/graph/score/beam/exact us: 4003.38/116.251/1849.2/532.705/972.45/376.504
  exact snapshot train batches/fallbacks/success ratio: 2411371/0/1
  GPU graph commit/issue width: 16/16
  GPU graph read/dynamic extent: live-extent/1
  GPU Beam merge policy: stable-run
  Stage2 score-many/graph-issue/home-combining: 1/16/1
  GPU Beam merge total/prepare/sort/materialize us: 972.45/30.5925/219.361/666.358
  dynamic PQ candidates/reads/bytes/incarnation_rejects: 82607089/12747/509880/0
  dynamic PQ reads/query and wait_us/query: 0.0101812/1.3736
  dynamic PQ arena hits/batch_dedup/authoritative_avoidance: 82594342/0/0.999846
  dynamic PQ arena publish success/race/capacity: 10001/2746/25431721
storage_owner_runtime
  submitted/completed batches: 10000/10000
  submitted/completed items: 10000/10000
  average batch / average RPC wall us / max RPC wall us: 1/36.1878/16304.4
insert breakdown
  count: 10000
  latency_ms: mean=4.28396 p50=3.9946 p95=7.40537 p99=9.40113 p999=14.5316
  fine_grained_breakdown: disabled
query breakdown
  count: 1252010
  latency_ms: mean=4.08822 p50=4.0642 p95=4.85458 p99=5.29745 p999=6.31326
  fine_grained_breakdown: disabled
json: /home/xjs/experiment/dvstor/motivation/program3/results/program3_20260823_014310/mixed_late_r1/04_gpu_persistent_gpunetio/sift100m_04_gpu_persistent_gpunetio_20260823_020030.json
text: /home/xjs/experiment/dvstor/motivation/program3/results/program3_20260823_014310/mixed_late_r1/04_gpu_persistent_gpunetio/sift100m_04_gpu_persistent_gpunetio_20260823_020030.txt
