============================================================
                        SERVER
============================================================
num clients:                  1
TCP port:                     1236
IB device:                    <auto>
IB port:                      1
max outstanding CQEs:         16
max send work requests:       1024
max receive work requests:    1024
============================================================
server index file:            "/data/xjs/index/shine_gpu_index/1024dim50M_node3_of5.dat"
============================================================
1 device(s) found
Selected device: ibp86s0
Selected port state: 4, lid: 8
num_cores: 112
physical cores per socket: 28
hyperthreading enabled
interleaved policy
pairing: 1233 -- 1212
[STATUS]: pinned main thread to core 28
allocation size: 53687091200
allocated ALIGNED MEM (no hugepage) at 129159258964032 with buffer size 53687091200
[STATUS]: loading index (51440000016 Bytes) from /data/xjs/index/shine_gpu_index/1024dim50M_node3_of5.dat
[STATUS]: register memory and distribute access token
[STATUS]: connect QPs of compute threads
pairing: 1238 -- 1217
pairing: 1241 -- 1222
pairing: 1249 -- 1227
pairing: 1251 -- 1232
[STATUS]: waiting for commands from compute node...
[STATUS]: loading index (51440000016 Bytes) from /data/xjs/index/shine_gpu_index/1024dim50M_node3_of5.dat
1 device(s) found
Selected device: ibp86s0
Selected port state: 4, lid: 8
pairing: 1257 -- 1264
pairing: 1266 -- 1267
pairing: 1271 -- 1268
pairing: 1272 -- 1274
allocated ALIGNED MEM (no hugepage) at 129159181369408 with buffer size 67108864
allocated ALIGNED MEM (no hugepage) at 108588164556544 with buffer size 4224
[STATUS]: storage-owner insert runtime enabled on shard 2
