============================================================
                        SERVER
============================================================
num clients:                  1
TCP port:                     1236
IB port:                      1
max outstanding CQEs:         16
max send work requests:       1024
max receive work requests:    1024
============================================================
1 device(s) found
Selected device: ibp86s0
num_cores: 112
physical cores per socket: 28
hyperthreading enabled
interleaved policy
pairing: 203 -- 203
[STATUS]: pinned main thread to core 28
============================================================
                        SERVER
============================================================
num clients:                  1
TCP port:                     1236
IB port:                      1
max outstanding CQEs:         16
max send work requests:       1024
max receive work requests:    1024
============================================================
1 device(s) found
Selected device: ibp86s0
num_cores: 112
physical cores per socket: 28
hyperthreading enabled
interleaved policy
pairing: 208 -- 206
[STATUS]: pinned main thread to core 28
allocation size: 53687091200
allocated ALIGNED MEM (no hugepage) at 136762911359040 with buffer size 53687091200
[STATUS]: register memory and distribute access token
[STATUS]: connect QPs of compute threads
pairing: 213 -- 211
pairing: 216 -- 216
pairing: 221 -- 221
pairing: 227 -- 226
[STATUS]: waiting for commands from compute node...
Send request failed
============================================================
                        SERVER
============================================================
num clients:                  1
TCP port:                     1236
IB port:                      1
max outstanding CQEs:         16
max send work requests:       1024
max receive work requests:    1024
============================================================
1 device(s) found
Selected device: ibp86s0
num_cores: 112
physical cores per socket: 28
hyperthreading enabled
interleaved policy
pairing: 233 -- 231
[STATUS]: pinned main thread to core 28
allocation size: 53687091200
allocated ALIGNED MEM (no hugepage) at 132592292593728 with buffer size 53687091200
[STATUS]: register memory and distribute access token
[STATUS]: connect QPs of compute threads
pairing: 237 -- 236
pairing: 244 -- 241
pairing: 248 -- 246
pairing: 253 -- 251
[STATUS]: waiting for commands from compute node...
[STATUS]: loading index (51440000016 Bytes) from /data/xjs/index/shine_gpu_index/1024dim50M_node3_of5.dat
============================================================
                        SERVER
============================================================
num clients:                  1
TCP port:                     1236
IB port:                      1
max outstanding CQEs:         16
max send work requests:       1024
max receive work requests:    1024
============================================================
1 device(s) found
Selected device: ibp86s0
num_cores: 112
physical cores per socket: 28
hyperthreading enabled
interleaved policy
pairing: 258 -- 256
[STATUS]: pinned main thread to core 28
allocation size: 53687091200
allocated ALIGNED MEM (no hugepage) at 129856299860032 with buffer size 53687091200
[STATUS]: register memory and distribute access token
[STATUS]: connect QPs of compute threads
pairing: 263 -- 261
pairing: 268 -- 266
pairing: 275 -- 271
pairing: 278 -- 276
[STATUS]: waiting for commands from compute node...
[STATUS]: loading index (51440000016 Bytes) from /data/xjs/index/shine_gpu_index/1024dim50M_node3_of5.dat
============================================================
                        SERVER
============================================================
num clients:                  1
TCP port:                     1236
IB port:                      1
max outstanding CQEs:         16
max send work requests:       1024
max receive work requests:    1024
============================================================
1 device(s) found
Selected device: ibp86s0
num_cores: 112
physical cores per socket: 28
hyperthreading enabled
interleaved policy
pairing: 283 -- 281
[STATUS]: pinned main thread to core 28
allocation size: 53687091200
allocated ALIGNED MEM (no hugepage) at 137969516150848 with buffer size 53687091200
[STATUS]: register memory and distribute access token
[STATUS]: connect QPs of compute threads
pairing: 287 -- 286
pairing: 291 -- 291
pairing: 298 -- 296
pairing: 303 -- 301
[STATUS]: waiting for commands from compute node...
[STATUS]: loading index (51440000016 Bytes) from /data/xjs/index/shine_gpu_index/1024dim50M_node3_of5.dat
============================================================
                        SERVER
============================================================
num clients:                  1
TCP port:                     1236
IB port:                      1
max outstanding CQEs:         16
max send work requests:       1024
max receive work requests:    1024
============================================================
1 device(s) found
Selected device: ibp86s0
num_cores: 112
physical cores per socket: 28
hyperthreading enabled
interleaved policy
pairing: 308 -- 306
[STATUS]: pinned main thread to core 28
allocation size: 53687091200
allocated ALIGNED MEM (no hugepage) at 137214262509632 with buffer size 53687091200
[STATUS]: register memory and distribute access token
[STATUS]: connect QPs of compute threads
pairing: 313 -- 311
pairing: 317 -- 316
pairing: 324 -- 321
pairing: 327 -- 326
[STATUS]: waiting for commands from compute node...
[STATUS]: loading index (51440000016 Bytes) from /data/xjs/index/shine_gpu_index/1024dim50M_node3_of5.dat
============================================================
                        SERVER
============================================================
num clients:                  1
TCP port:                     1236
IB port:                      1
max outstanding CQEs:         16
max send work requests:       1024
max receive work requests:    1024
============================================================
1 device(s) found
Selected device: ibp86s0
num_cores: 112
physical cores per socket: 28
hyperthreading enabled
interleaved policy
pairing: 333 -- 331
[STATUS]: pinned main thread to core 28
allocation size: 53687091200
allocated ALIGNED MEM (no hugepage) at 132741263786048 with buffer size 53687091200
[STATUS]: register memory and distribute access token
[STATUS]: connect QPs of compute threads
pairing: 338 -- 336
pairing: 342 -- 341
pairing: 348 -- 346
pairing: 353 -- 351
[STATUS]: waiting for commands from compute node...
[STATUS]: loading index (51440000016 Bytes) from /data/xjs/index/shine_gpu_index/1024dim50M_node3_of5.dat
============================================================
                        SERVER
============================================================
num clients:                  1
TCP port:                     1236
IB port:                      1
max outstanding CQEs:         16
max send work requests:       1024
max receive work requests:    1024
============================================================
1 device(s) found
Selected device: ibp86s0
num_cores: 112
physical cores per socket: 28
hyperthreading enabled
interleaved policy
pairing: 358 -- 356
[STATUS]: pinned main thread to core 28
allocation size: 53687091200
allocated ALIGNED MEM (no hugepage) at 126837801877568 with buffer size 53687091200
[STATUS]: register memory and distribute access token
[STATUS]: connect QPs of compute threads
pairing: 362 -- 361
pairing: 368 -- 366
pairing: 374 -- 371
pairing: 378 -- 376
[STATUS]: waiting for commands from compute node...
[STATUS]: loading index (51440000016 Bytes) from /data/xjs/index/shine_gpu_index/1024dim50M_node3_of5.dat
============================================================
                        SERVER
============================================================
num clients:                  1
TCP port:                     1236
IB port:                      1
max outstanding CQEs:         16
max send work requests:       1024
max receive work requests:    1024
============================================================
1 device(s) found
Selected device: ibp86s0
num_cores: 112
physical cores per socket: 28
hyperthreading enabled
interleaved policy
pairing: 383 -- 381
[STATUS]: pinned main thread to core 28
allocation size: 53687091200
allocated ALIGNED MEM (no hugepage) at 139454859706432 with buffer size 53687091200
[STATUS]: register memory and distribute access token
[STATUS]: connect QPs of compute threads
pairing: 388 -- 386
pairing: 393 -- 391
pairing: 398 -- 396
pairing: 403 -- 401
[STATUS]: waiting for commands from compute node...
[STATUS]: loading index (51440000016 Bytes) from /data/xjs/index/shine_gpu_index/1024dim50M_node3_of5.dat
============================================================
                        SERVER
============================================================
num clients:                  1
TCP port:                     1236
IB port:                      1
max outstanding CQEs:         16
max send work requests:       1024
max receive work requests:    1024
============================================================
1 device(s) found
Selected device: ibp86s0
num_cores: 112
physical cores per socket: 28
hyperthreading enabled
interleaved policy
pairing: 408 -- 406
[STATUS]: pinned main thread to core 28
allocation size: 53687091200
allocated ALIGNED MEM (no hugepage) at 134415957098560 with buffer size 53687091200
[STATUS]: register memory and distribute access token
[STATUS]: connect QPs of compute threads
pairing: 413 -- 411
pairing: 417 -- 416
pairing: 423 -- 421
pairing: 429 -- 426
[STATUS]: waiting for commands from compute node...
[STATUS]: loading index (51440000016 Bytes) from /data/xjs/index/shine_gpu_index/1024dim50M_node3_of5.dat
============================================================
                        SERVER
============================================================
num clients:                  1
TCP port:                     1236
IB port:                      1
max outstanding CQEs:         16
max send work requests:       1024
max receive work requests:    1024
============================================================
1 device(s) found
Selected device: ibp86s0
num_cores: 112
physical cores per socket: 28
hyperthreading enabled
interleaved policy
pairing: 433 -- 431
[STATUS]: pinned main thread to core 28
allocation size: 53687091200
allocated ALIGNED MEM (no hugepage) at 127428609441856 with buffer size 53687091200
[STATUS]: register memory and distribute access token
[STATUS]: connect QPs of compute threads
pairing: 438 -- 436
pairing: 444 -- 441
pairing: 450 -- 446
pairing: 452 -- 451
[STATUS]: waiting for commands from compute node...
[STATUS]: loading index (51440000016 Bytes) from /data/xjs/index/shine_gpu_index/1024dim50M_node3_of5.dat
============================================================
                        SERVER
============================================================
num clients:                  1
TCP port:                     1236
IB port:                      1
max outstanding CQEs:         16
max send work requests:       1024
max receive work requests:    1024
============================================================
1 device(s) found
Selected device: ibp86s0
num_cores: 112
physical cores per socket: 28
hyperthreading enabled
interleaved policy
pairing: 458 -- 456
[STATUS]: pinned main thread to core 28
allocation size: 53687091200
allocated ALIGNED MEM (no hugepage) at 131659527618624 with buffer size 53687091200
[STATUS]: register memory and distribute access token
[STATUS]: connect QPs of compute threads
pairing: 463 -- 461
pairing: 470 -- 466
pairing: 472 -- 471
pairing: 480 -- 476
[STATUS]: waiting for commands from compute node...
[STATUS]: loading index (51440000016 Bytes) from /data/xjs/index/shine_gpu_index/1024dim50M_node3_of5.dat
============================================================
                        SERVER
============================================================
num clients:                  1
TCP port:                     1236
IB port:                      1
max outstanding CQEs:         16
max send work requests:       1024
max receive work requests:    1024
============================================================
1 device(s) found
Selected device: ibp86s0
num_cores: 112
physical cores per socket: 28
hyperthreading enabled
interleaved policy
pairing: 483 -- 481
[STATUS]: pinned main thread to core 28
allocation size: 53687091200
allocated ALIGNED MEM (no hugepage) at 124450896871488 with buffer size 53687091200
[STATUS]: register memory and distribute access token
[STATUS]: connect QPs of compute threads
pairing: 489 -- 486
pairing: 493 -- 491
pairing: 498 -- 496
pairing: 502 -- 501
[STATUS]: waiting for commands from compute node...
[STATUS]: loading index (51440000016 Bytes) from /data/xjs/index/shine_gpu_index/1024dim50M_node3_of5.dat
============================================================
                        SERVER
============================================================
num clients:                  1
TCP port:                     1236
IB port:                      1
max outstanding CQEs:         16
max send work requests:       1024
max receive work requests:    1024
============================================================
1 device(s) found
Selected device: ibp86s0
num_cores: 112
physical cores per socket: 28
hyperthreading enabled
interleaved policy
pairing: 508 -- 506
[STATUS]: pinned main thread to core 28
allocation size: 53687091200
allocated ALIGNED MEM (no hugepage) at 134283163336768 with buffer size 53687091200
[STATUS]: register memory and distribute access token
[STATUS]: connect QPs of compute threads
pairing: 513 -- 511
pairing: 519 -- 516
pairing: 523 -- 521
pairing: 529 -- 526
[STATUS]: waiting for commands from compute node...
[STATUS]: loading index (51440000016 Bytes) from /data/xjs/index/shine_gpu_index/1024dim50M_node3_of5.dat
============================================================
                        SERVER
============================================================
num clients:                  1
TCP port:                     1236
IB port:                      1
max outstanding CQEs:         16
max send work requests:       1024
max receive work requests:    1024
============================================================
1 device(s) found
Selected device: ibp86s0
num_cores: 112
physical cores per socket: 28
hyperthreading enabled
interleaved policy
pairing: 533 -- 531
[STATUS]: pinned main thread to core 28
allocation size: 53687091200
allocated ALIGNED MEM (no hugepage) at 133491178078272 with buffer size 53687091200
[STATUS]: register memory and distribute access token
[STATUS]: connect QPs of compute threads
pairing: 539 -- 536
pairing: 545 -- 541
pairing: 547 -- 546
pairing: 554 -- 551
[STATUS]: waiting for commands from compute node...
[STATUS]: loading index (51440000016 Bytes) from /data/xjs/index/shine_gpu_index/1024dim50M_node3_of5.dat
============================================================
                        SERVER
============================================================
num clients:                  1
TCP port:                     1236
IB port:                      1
max outstanding CQEs:         16
max send work requests:       1024
max receive work requests:    1024
============================================================
1 device(s) found
Selected device: ibp86s0
num_cores: 112
physical cores per socket: 28
hyperthreading enabled
interleaved policy
pairing: 558 -- 556
[STATUS]: pinned main thread to core 28
allocation size: 53687091200
allocated ALIGNED MEM (no hugepage) at 127486205624384 with buffer size 53687091200
[STATUS]: register memory and distribute access token
[STATUS]: connect QPs of compute threads
pairing: 564 -- 561
pairing: 568 -- 566
pairing: 572 -- 571
pairing: 576 -- 576
[STATUS]: waiting for commands from compute node...
[STATUS]: loading index (51440000016 Bytes) from /data/xjs/index/shine_gpu_index/1024dim50M_node3_of5.dat
============================================================
                        SERVER
============================================================
num clients:                  1
TCP port:                     1236
IB port:                      1
max outstanding CQEs:         16
max send work requests:       1024
max receive work requests:    1024
============================================================
1 device(s) found
Selected device: ibp86s0
num_cores: 112
physical cores per socket: 28
hyperthreading enabled
interleaved policy
pairing: 583 -- 581
[STATUS]: pinned main thread to core 28
allocation size: 53687091200
allocated ALIGNED MEM (no hugepage) at 128738402500672 with buffer size 53687091200
[STATUS]: register memory and distribute access token
[STATUS]: connect QPs of compute threads
pairing: 589 -- 586
pairing: 592 -- 591
pairing: 597 -- 596
pairing: 604 -- 601
[STATUS]: waiting for commands from compute node...
[STATUS]: loading index (51440000016 Bytes) from /data/xjs/index/shine_gpu_index/1024dim50M_node3_of5.dat
============================================================
                        SERVER
============================================================
num clients:                  1
TCP port:                     1236
IB port:                      1
max outstanding CQEs:         16
max send work requests:       1024
max receive work requests:    1024
============================================================
1 device(s) found
Selected device: ibp86s0
num_cores: 112
physical cores per socket: 28
hyperthreading enabled
interleaved policy
pairing: 608 -- 606
[STATUS]: pinned main thread to core 28
allocation size: 53687091200
allocated ALIGNED MEM (no hugepage) at 123243002331200 with buffer size 53687091200
[STATUS]: register memory and distribute access token
[STATUS]: connect QPs of compute threads
pairing: 613 -- 611
pairing: 618 -- 616
pairing: 622 -- 621
pairing: 628 -- 626
[STATUS]: waiting for commands from compute node...
[STATUS]: loading index (51440000016 Bytes) from /data/xjs/index/shine_gpu_index/1024dim50M_node3_of5.dat
============================================================
                        SERVER
============================================================
num clients:                  1
TCP port:                     1236
IB port:                      1
max outstanding CQEs:         16
max send work requests:       1024
max receive work requests:    1024
============================================================
1 device(s) found
Selected device: ibp86s0
num_cores: 112
physical cores per socket: 28
hyperthreading enabled
interleaved policy
pairing: 633 -- 631
[STATUS]: pinned main thread to core 28
allocation size: 53687091200
allocated ALIGNED MEM (no hugepage) at 132455533117504 with buffer size 53687091200
[STATUS]: register memory and distribute access token
[STATUS]: connect QPs of compute threads
pairing: 638 -- 636
pairing: 641 -- 641
pairing: 648 -- 646
pairing: 651 -- 651
[STATUS]: waiting for commands from compute node...
[STATUS]: loading index (51440000016 Bytes) from /data/xjs/index/shine_gpu_index/1024dim50M_node3_of5.dat
============================================================
                        SERVER
============================================================
num clients:                  1
TCP port:                     1236
IB port:                      1
max outstanding CQEs:         16
max send work requests:       1024
max receive work requests:    1024
============================================================
1 device(s) found
Selected device: ibp86s0
num_cores: 112
physical cores per socket: 28
hyperthreading enabled
interleaved policy
pairing: 658 -- 656
[STATUS]: pinned main thread to core 28
allocation size: 53687091200
allocated ALIGNED MEM (no hugepage) at 123923297468480 with buffer size 53687091200
[STATUS]: register memory and distribute access token
[STATUS]: connect QPs of compute threads
pairing: 662 -- 661
pairing: 669 -- 666
pairing: 672 -- 671
pairing: 679 -- 676
[STATUS]: waiting for commands from compute node...
[STATUS]: loading index (51440000016 Bytes) from /data/xjs/index/shine_gpu_index/1024dim50M_node3_of5.dat
============================================================
                        SERVER
============================================================
num clients:                  1
TCP port:                     1236
IB port:                      1
max outstanding CQEs:         16
max send work requests:       1024
max receive work requests:    1024
============================================================
1 device(s) found
Selected device: ibp86s0
num_cores: 112
physical cores per socket: 28
hyperthreading enabled
interleaved policy
pairing: 683 -- 681
[STATUS]: pinned main thread to core 28
allocation size: 53687091200
allocated ALIGNED MEM (no hugepage) at 139372133351488 with buffer size 53687091200
[STATUS]: register memory and distribute access token
[STATUS]: connect QPs of compute threads
pairing: 688 -- 686
pairing: 693 -- 691
pairing: 698 -- 696
pairing: 704 -- 701
[STATUS]: waiting for commands from compute node...
[STATUS]: loading index (51440000016 Bytes) from /data/xjs/index/shine_gpu_index/1024dim50M_node3_of5.dat
============================================================
                        SERVER
============================================================
num clients:                  1
TCP port:                     1236
IB port:                      1
max outstanding CQEs:         16
max send work requests:       1024
max receive work requests:    1024
============================================================
1 device(s) found
Selected device: ibp86s0
num_cores: 112
physical cores per socket: 28
hyperthreading enabled
interleaved policy
pairing: 708 -- 706
[STATUS]: pinned main thread to core 28
allocation size: 53687091200
allocated ALIGNED MEM (no hugepage) at 136045083492416 with buffer size 53687091200
[STATUS]: register memory and distribute access token
[STATUS]: connect QPs of compute threads
pairing: 713 -- 711
pairing: 716 -- 716
pairing: 723 -- 721
pairing: 729 -- 726
[STATUS]: waiting for commands from compute node...
[STATUS]: loading index (51440000016 Bytes) from /data/xjs/index/shine_gpu_index/1024dim50M_node3_of5.dat
============================================================
                        SERVER
============================================================
num clients:                  1
TCP port:                     1236
IB port:                      1
max outstanding CQEs:         16
max send work requests:       1024
max receive work requests:    1024
============================================================
1 device(s) found
Selected device: ibp86s0
num_cores: 112
physical cores per socket: 28
hyperthreading enabled
interleaved policy
pairing: 733 -- 731
[STATUS]: pinned main thread to core 28
allocation size: 53687091200
allocated ALIGNED MEM (no hugepage) at 136398489256000 with buffer size 53687091200
[STATUS]: register memory and distribute access token
[STATUS]: connect QPs of compute threads
pairing: 739 -- 736
pairing: 743 -- 741
pairing: 748 -- 746
pairing: 753 -- 751
[STATUS]: waiting for commands from compute node...
[STATUS]: loading index (51440000016 Bytes) from /data/xjs/index/shine_gpu_index/1024dim50M_node3_of5.dat
============================================================
                        SERVER
============================================================
num clients:                  1
TCP port:                     1236
IB port:                      1
max outstanding CQEs:         16
max send work requests:       1024
max receive work requests:    1024
============================================================
1 device(s) found
Selected device: ibp86s0
num_cores: 112
physical cores per socket: 28
hyperthreading enabled
interleaved policy
pairing: 758 -- 756
[STATUS]: pinned main thread to core 28
allocation size: 53687091200
allocated ALIGNED MEM (no hugepage) at 126154344235072 with buffer size 53687091200
[STATUS]: register memory and distribute access token
[STATUS]: connect QPs of compute threads
pairing: 764 -- 761
pairing: 767 -- 766
pairing: 773 -- 771
pairing: 776 -- 776
[STATUS]: waiting for commands from compute node...
[STATUS]: loading index (51440000016 Bytes) from /data/xjs/index/shine_gpu_index/1024dim50M_node3_of5.dat
============================================================
                        SERVER
============================================================
num clients:                  1
TCP port:                     1236
IB port:                      1
max outstanding CQEs:         16
max send work requests:       1024
max receive work requests:    1024
============================================================
1 device(s) found
Selected device: ibp86s0
num_cores: 112
physical cores per socket: 28
hyperthreading enabled
interleaved policy
pairing: 783 -- 781
[STATUS]: pinned main thread to core 28
allocation size: 53687091200
allocated ALIGNED MEM (no hugepage) at 126502133825600 with buffer size 53687091200
[STATUS]: register memory and distribute access token
[STATUS]: connect QPs of compute threads
pairing: 788 -- 786
pairing: 791 -- 791
pairing: 798 -- 796
pairing: 804 -- 801
[STATUS]: waiting for commands from compute node...
[STATUS]: loading index (51440000016 Bytes) from /data/xjs/index/shine_gpu_index/1024dim50M_node3_of5.dat
============================================================
                        SERVER
============================================================
num clients:                  1
TCP port:                     1236
IB port:                      1
max outstanding CQEs:         16
max send work requests:       1024
max receive work requests:    1024
============================================================
1 device(s) found
Selected device: ibp86s0
num_cores: 112
physical cores per socket: 28
hyperthreading enabled
interleaved policy
pairing: 808 -- 806
[STATUS]: pinned main thread to core 28
allocation size: 53687091200
allocated ALIGNED MEM (no hugepage) at 133350159286336 with buffer size 53687091200
[STATUS]: register memory and distribute access token
[STATUS]: connect QPs of compute threads
pairing: 813 -- 811
pairing: 817 -- 816
pairing: 822 -- 821
pairing: 829 -- 826
[STATUS]: waiting for commands from compute node...
[STATUS]: loading index (51440000016 Bytes) from /data/xjs/index/shine_gpu_index/1024dim50M_node3_of5.dat
============================================================
                        SERVER
============================================================
num clients:                  1
TCP port:                     1236
IB port:                      1
max outstanding CQEs:         16
max send work requests:       1024
max receive work requests:    1024
============================================================
1 device(s) found
Selected device: ibp86s0
num_cores: 112
physical cores per socket: 28
hyperthreading enabled
interleaved policy
pairing: 833 -- 831
[STATUS]: pinned main thread to core 28
allocation size: 53687091200
allocated ALIGNED MEM (no hugepage) at 131543993417792 with buffer size 53687091200
[STATUS]: register memory and distribute access token
[STATUS]: connect QPs of compute threads
pairing: 837 -- 836
pairing: 841 -- 841
pairing: 847 -- 846
pairing: 851 -- 851
[STATUS]: waiting for commands from compute node...
[STATUS]: loading index (51440000016 Bytes) from /data/xjs/index/shine_gpu_index/1024dim50M_node3_of5.dat
============================================================
                        SERVER
============================================================
num clients:                  1
TCP port:                     1236
IB port:                      1
max outstanding CQEs:         16
max send work requests:       1024
max receive work requests:    1024
============================================================
1 device(s) found
Selected device: ibp86s0
num_cores: 112
physical cores per socket: 28
hyperthreading enabled
interleaved policy
pairing: 858 -- 856
[STATUS]: pinned main thread to core 28
allocation size: 53687091200
allocated ALIGNED MEM (no hugepage) at 127523818045504 with buffer size 53687091200
[STATUS]: register memory and distribute access token
[STATUS]: connect QPs of compute threads
pairing: 863 -- 861
pairing: 869 -- 866
pairing: 874 -- 871
pairing: 878 -- 876
[STATUS]: waiting for commands from compute node...
[STATUS]: loading index (51440000016 Bytes) from /data/xjs/index/shine_gpu_index/1024dim50M_node3_of5.dat
============================================================
                        SERVER
============================================================
num clients:                  1
TCP port:                     1236
IB port:                      1
max outstanding CQEs:         16
max send work requests:       1024
max receive work requests:    1024
============================================================
1 device(s) found
Selected device: ibp86s0
num_cores: 112
physical cores per socket: 28
hyperthreading enabled
interleaved policy
pairing: 883 -- 881
[STATUS]: pinned main thread to core 28
allocation size: 53687091200
allocated ALIGNED MEM (no hugepage) at 135034937802816 with buffer size 53687091200
[STATUS]: register memory and distribute access token
[STATUS]: connect QPs of compute threads
pairing: 889 -- 886
pairing: 895 -- 891
pairing: 899 -- 896
pairing: 902 -- 901
[STATUS]: waiting for commands from compute node...
[STATUS]: loading index (51440000016 Bytes) from /data/xjs/index/shine_gpu_index/1024dim50M_node3_of5.dat
============================================================
                        SERVER
============================================================
num clients:                  1
TCP port:                     1236
IB port:                      1
max outstanding CQEs:         16
max send work requests:       1024
max receive work requests:    1024
============================================================
1 device(s) found
Selected device: ibp86s0
num_cores: 112
physical cores per socket: 28
hyperthreading enabled
interleaved policy
pairing: 908 -- 906
[STATUS]: pinned main thread to core 28
allocation size: 53687091200
allocated ALIGNED MEM (no hugepage) at 134945118879808 with buffer size 53687091200
[STATUS]: register memory and distribute access token
[STATUS]: connect QPs of compute threads
pairing: 913 -- 911
pairing: 916 -- 916
pairing: 921 -- 921
pairing: 928 -- 926
[STATUS]: waiting for commands from compute node...
[STATUS]: loading index (51440000016 Bytes) from /data/xjs/index/shine_gpu_index/1024dim50M_node3_of5.dat
============================================================
                        SERVER
============================================================
num clients:                  1
TCP port:                     1236
IB port:                      1
max outstanding CQEs:         16
max send work requests:       1024
max receive work requests:    1024
============================================================
1 device(s) found
Selected device: ibp86s0
num_cores: 112
physical cores per socket: 28
hyperthreading enabled
interleaved policy
pairing: 933 -- 931
[STATUS]: pinned main thread to core 28
allocation size: 53687091200
allocated ALIGNED MEM (no hugepage) at 126233442517056 with buffer size 53687091200
[STATUS]: register memory and distribute access token
[STATUS]: connect QPs of compute threads
pairing: 938 -- 936
pairing: 944 -- 941
pairing: 948 -- 946
pairing: 952 -- 951
[STATUS]: waiting for commands from compute node...
[STATUS]: loading index (51440000016 Bytes) from /data/xjs/index/shine_gpu_index/1024dim50M_node3_of5.dat
============================================================
                        SERVER
============================================================
num clients:                  1
TCP port:                     1236
IB port:                      1
max outstanding CQEs:         16
max send work requests:       1024
max receive work requests:    1024
============================================================
1 device(s) found
Selected device: ibp86s0
num_cores: 112
physical cores per socket: 28
hyperthreading enabled
interleaved policy
pairing: 958 -- 956
[STATUS]: pinned main thread to core 28
allocation size: 53687091200
allocated ALIGNED MEM (no hugepage) at 126293249097792 with buffer size 53687091200
[STATUS]: register memory and distribute access token
[STATUS]: connect QPs of compute threads
pairing: 962 -- 961
pairing: 969 -- 966
pairing: 974 -- 971
pairing: 976 -- 976
[STATUS]: waiting for commands from compute node...
[STATUS]: loading index (51440000016 Bytes) from /data/xjs/index/shine_gpu_index/1024dim50M_node3_of5.dat
============================================================
                        SERVER
============================================================
num clients:                  1
TCP port:                     1236
IB port:                      1
max outstanding CQEs:         16
max send work requests:       1024
max receive work requests:    1024
============================================================
1 device(s) found
Selected device: ibp86s0
num_cores: 112
physical cores per socket: 28
hyperthreading enabled
interleaved policy
pairing: 983 -- 981
[STATUS]: pinned main thread to core 28
allocation size: 53687091200
allocated ALIGNED MEM (no hugepage) at 128272572612672 with buffer size 53687091200
[STATUS]: register memory and distribute access token
[STATUS]: connect QPs of compute threads
pairing: 988 -- 986
pairing: 994 -- 991
pairing: 999 -- 996
pairing: 1002 -- 1001
[STATUS]: waiting for commands from compute node...
[STATUS]: loading index (51440000016 Bytes) from /data/xjs/index/shine_gpu_index/1024dim50M_node3_of5.dat
============================================================
                        SERVER
============================================================
num clients:                  1
TCP port:                     1236
IB port:                      1
max outstanding CQEs:         16
max send work requests:       1024
max receive work requests:    1024
============================================================
1 device(s) found
Selected device: ibp86s0
num_cores: 112
physical cores per socket: 28
hyperthreading enabled
interleaved policy
pairing: 1008 -- 1006
[STATUS]: pinned main thread to core 28
allocation size: 53687091200
allocated ALIGNED MEM (no hugepage) at 132083125059648 with buffer size 53687091200
============================================================
                        SERVER
============================================================
num clients:                  1
TCP port:                     1236
IB port:                      1
max outstanding CQEs:         16
max send work requests:       1024
max receive work requests:    1024
============================================================
1 device(s) found
Selected device: ibp86s0
num_cores: 112
physical cores per socket: 28
hyperthreading enabled
interleaved policy
pairing: 1013 -- 1011
[STATUS]: pinned main thread to core 28
allocation size: 53687091200
allocated ALIGNED MEM (no hugepage) at 132276669120576 with buffer size 53687091200
[STATUS]: register memory and distribute access token
[STATUS]: connect QPs of compute threads
pairing: 1020 -- 1016
pairing: 1023 -- 1021
pairing: 1027 -- 1026
pairing: 1032 -- 1031
[STATUS]: waiting for commands from compute node...
[STATUS]: loading index (51440000016 Bytes) from /data/xjs/index/shine_gpu_index/1024dim50M_node3_of5.dat
============================================================
                        SERVER
============================================================
num clients:                  1
TCP port:                     1236
IB port:                      1
max outstanding CQEs:         16
max send work requests:       1024
max receive work requests:    1024
============================================================
1 device(s) found
Selected device: ibp86s0
num_cores: 112
physical cores per socket: 28
hyperthreading enabled
interleaved policy
pairing: 1038 -- 1036
[STATUS]: pinned main thread to core 28
allocation size: 53687091200
allocated ALIGNED MEM (no hugepage) at 125099636162624 with buffer size 53687091200
[STATUS]: register memory and distribute access token
[STATUS]: connect QPs of compute threads
pairing: 1044 -- 1041
pairing: 1049 -- 1046
pairing: 1052 -- 1051
pairing: 1059 -- 1056
[STATUS]: waiting for commands from compute node...
[STATUS]: loading index (51440000016 Bytes) from /data/xjs/index/shine_gpu_index/1024dim50M_node3_of5.dat
============================================================
                        SERVER
============================================================
num clients:                  1
TCP port:                     1236
IB port:                      1
max outstanding CQEs:         16
max send work requests:       1024
max receive work requests:    1024
============================================================
1 device(s) found
Selected device: ibp86s0
num_cores: 112
physical cores per socket: 28
hyperthreading enabled
interleaved policy
pairing: 1063 -- 1061
[STATUS]: pinned main thread to core 28
allocation size: 53687091200
allocated ALIGNED MEM (no hugepage) at 136496501751872 with buffer size 53687091200
[STATUS]: register memory and distribute access token
[STATUS]: connect QPs of compute threads
pairing: 1068 -- 1066
pairing: 1075 -- 1071
pairing: 1078 -- 1076
pairing: 1084 -- 1081
[STATUS]: waiting for commands from compute node...
[STATUS]: loading index (51440000016 Bytes) from /data/xjs/index/shine_gpu_index/1024dim50M_node3_of5.dat
============================================================
                        SERVER
============================================================
num clients:                  1
TCP port:                     1236
IB port:                      1
max outstanding CQEs:         16
max send work requests:       1024
max receive work requests:    1024
============================================================
1 device(s) found
Selected device: ibp86s0
num_cores: 112
physical cores per socket: 28
hyperthreading enabled
interleaved policy
pairing: 1088 -- 1086
[STATUS]: pinned main thread to core 28
allocation size: 53687091200
allocated ALIGNED MEM (no hugepage) at 136068699521088 with buffer size 53687091200
[STATUS]: register memory and distribute access token
[STATUS]: connect QPs of compute threads
pairing: 1093 -- 1091
pairing: 1099 -- 1096
pairing: 1101 -- 1101
pairing: 1109 -- 1106
[STATUS]: waiting for commands from compute node...
[STATUS]: loading index (51440000016 Bytes) from /data/xjs/index/shine_gpu_index/1024dim50M_node3_of5.dat
