[breakdown] concurrency clients=16 source=explicit auto_required=80 auto_cap=1024 gpu_query_slots=256 storage_rpc_inflight=80 (5x16) derivation=shards_x_storage_rpc_depth
[breakdown] insert: /data/xjs/datasets/deep1b/deep100m/deep110m_to_120m_insert.fbin [110000000,120000000)
[ 12%] Built target rdma_library
[ 18%] Built target dvstor_gpu_kernels
[ 81%] Built target dvstor_runtime
[ 93%] Built target dvstor_breakdown_support
[100%] Built target dvstor_breakdown_benchmark
[mn-memory] required=30 GiB source=metadata policy=20% of base nodes limiting_shard=5 dynamic_slots=4114796 record_bytes=1296
[breakdown] profile=04_gpu_persistent_gpunetio_baseline command: /home/xjs/experiment/dvstor/build/dvstor_breakdown_benchmark --service-config /home/xjs/experiment/dvstor/experiment/deep100m/program1/results/program1_20260831_194733/baseline/04_gpu_persistent_gpunetio_baseline/service_04_gpu_persistent_gpunetio_baseline_20260831_194753.ini --profile-name 04_gpu_persistent_gpunetio_baseline --system-variant-label baseline --workload insert --warmup-ops 128 --measure-ops 1000 --warmup-seconds 0 --measure-seconds 0 --client-threads 16 --read-ratio 0.5 --mixed-mode fixed_threads --write-threads 0 --target-query-qps 0 --target-write-qps 0 --write-insert-ratio 1 --write-upsert-ratio 0 --write-delete-ratio 0 --report-json /home/xjs/experiment/dvstor/experiment/deep100m/program1/results/program1_20260831_194733/baseline/04_gpu_persistent_gpunetio_baseline/deep100m_04_gpu_persistent_gpunetio_baseline_20260831_194753.json --report-text /home/xjs/experiment/dvstor/experiment/deep100m/program1/results/program1_20260831_194733/baseline/04_gpu_persistent_gpunetio_baseline/deep100m_04_gpu_persistent_gpunetio_baseline_20260831_194753.txt --recall-query-file /data/xjs/index/dvstor_deep100m/prepared/recall_query.fbin --groundtruth-file /data/xjs/index/dvstor_deep100m/prepared/recall_groundtruth.bin --recall-queries 1 --recall-k 10 --recall-mode all --recall-base-id-limit 0 --insert-start-id 101000000 --insert-file /data/xjs/datasets/deep1b/deep100m/deep110m_to_120m_insert.fbin --storage-maintenance-log /home/xjs/experiment/dvstor/experiment/deep100m/logs/memory_node_1_04_gpu_persistent_gpunetio_baseline.log --storage-maintenance-log /home/xjs/experiment/dvstor/experiment/deep100m/logs/memory_node_2_04_gpu_persistent_gpunetio_baseline.log --storage-maintenance-log /home/xjs/experiment/dvstor/experiment/deep100m/logs/memory_node_3_04_gpu_persistent_gpunetio_baseline.log --storage-maintenance-log /home/xjs/experiment/dvstor/experiment/deep100m/logs/memory_node_4_04_gpu_persistent_gpunetio_baseline.log --storage-maintenance-log /home/xjs/experiment/dvstor/experiment/deep100m/logs/memory_node_5_04_gpu_persistent_gpunetio_baseline.log
============================================================
                        CLIENT
============================================================
connect to:                   [192.168.6.202:1234, 192.168.6.202:1235, 192.168.6.202:1236, 192.168.6.202:1237, 192.168.6.202:1238, ]
is initiator:                 true
TCP port:                     2234
QP handshake timeout (ms):    10000
IB device:                    <auto>
IB port:                      1
max outstanding CQEs:         64
max send work requests:       4096
max receive work requests:    4096
============================================================
index prefix:                     "/data/xjs/index/dvstor_deep100m/index/deep100m_R96_bw128_metis_pmd32_pq32_schema16"
threads:                          64
dimension:                        96
max vectors:                      100000000
vector ID namespace [0,N):        4294967295
K / R:                            10 / 96
vector data type:                 float32
--------------------------------------------------------------------
query engine:                     persistent_gpu_opq_pq
remote transport:                 GPU-initiated GPUNetIO
GPU device:                       1
GPU concurrent query slots:       256
GPU memory limit/reserve GiB:     40/4
GPU traversal/rerank width:       128/128
GPU max expansions:               384
GPU device stack bytes/thread:    4096
GPU graph commit/issue width:     16/32
dynamic graph access mode:        adaptive
GPU graph read policy:            live-extent
GPU dynamic graph extent:         true
GPU-RDMA progression mode:        decoupled
GPU Beam merge policy:            stable-run
query RDMA trace mode/rate:       off/1000
query RDMA trace output:          ""
GPU RDMA QPs per storage node:    32
GPU direct CQ timeout ms:         250
GPU persistent blocks/SM cap:     4
compute updates enabled:          true
storage update completion mode:   coupled
storage update protocol:          single-owner synchronous exact
storage RPC depth/batch:          16/32
storage batch max wait us:        10000
storage Stage2 batch max wait us: 25000
storage Stage2 initial delay ms:  0
Stage2 exact score-many:          true
Stage2 home RPC combining:        true
Stage2 graph issue width:         16
storage peer QPs per peer:        8
storage stage2 maintenance:       8 workers, backlog 65536
====================================================================
[breakdown] workload input preflight passed before service startup
1 device(s) found
Selected device: mlx5_0
Selected port state: 4, lid: 1, active_mtu: 5
interleaved policy
num_cores: 112
physical cores per socket: 28
hyperthreading enabled
local process CPU partition: rank 0/1 logical_cpus=112
[STATUS]: loaded schema-16 GPU index metadata from /data/xjs/index/dvstor_deep100m/index/deep100m_R96_bw128_metis_pmd32_pq32_schema16 (OPQ/PQ32, vector_data_type=float32)
client id: 0
number of clients: 1
connect to server 192.168.6.202:1234
pairing: 25589 -- 104170
connect to server 192.168.6.202:1235
pairing: 25590 -- 104171
connect to server 192.168.6.202:1236
pairing: 25591 -- 104172
connect to server 192.168.6.202:1237
pairing: 25592 -- 104173
connect to server 192.168.6.202:1238
pairing: 25593 -- 104174
[STATUS]: receive access tokens of remote memory regions
[STATUS]: storage-owner authority: deterministic ID shard; physical placement: storage directory + centroid home
[STATUS]: search: GPU-persistent OPQ/PQ32 beam + final RDMA exact rerank
[gpu-search] ASFE device stack bytes/thread=4096 requested=4096
[gpu-search] synthesized navigation manifest in memory from metadata
[gpu-search] persistent PQ kernel specialization=PQ32 model_subquantizers=32
[gpu-search] graph-read-policy=live-extent extent_quantum=8 extent_source="/data/xjs/index/dvstor_deep100m/index/deep100m_R96_bw128_metis_pmd32_pq32_schema16.gextent8" extent_classes=100000000 extent_payload_bytes=100000000
[gpu-search] query routing=versioned centroid routes centroid_shards=5 live_entries_per_shard=4 start_shards=1
[gpu-search] device=NVIDIA A800 80GB PCIe cc=8.0 sm_count=108 global_memory=85119205376 gpudirect_rdma=1
[gpu-search] navigation budget codes=3200000000 dynamic_code_scratch=20971520 dynamic_code_arena=918367920 dynamic_code_arena_slots=25510220 dynamic_request_scratch=10485760 navigation_candidates=6291456 direct_queue_scratch=1866240 graph_scratch=16777216 graph_request_metadata=32768 speculative_graph_request_metadata=270336 graph_extent_classes=100000000 query_rdma_trace=0 centroid_route=528 shard_centroids=1920 explicit=4646618456 limit=38654705664 bytes
[STATUS]: exporting GPUNetIO QP resource=0 lane=0 server=0 qpn=25594 gpu_pci=0000:5C:00.0 ibdev=mlx5_0 handler=GPU_SM_DB
[STATUS]: exporting GPUNetIO QP resource=0 lane=0 server=1 qpn=25595 gpu_pci=0000:5C:00.0 ibdev=mlx5_0 handler=GPU_SM_DB
[STATUS]: exporting GPUNetIO QP resource=0 lane=0 server=2 qpn=25596 gpu_pci=0000:5C:00.0 ibdev=mlx5_0 handler=GPU_SM_DB
[STATUS]: exporting GPUNetIO QP resource=0 lane=0 server=3 qpn=25597 gpu_pci=0000:5C:00.0 ibdev=mlx5_0 handler=GPU_SM_DB
[STATUS]: exporting GPUNetIO QP resource=0 lane=0 server=4 qpn=25598 gpu_pci=0000:5C:00.0 ibdev=mlx5_0 handler=GPU_SM_DB
[STATUS]: exporting GPUNetIO QP resource=0 lane=1 server=0 qpn=25599 gpu_pci=0000:5C:00.0 ibdev=mlx5_0 handler=GPU_SM_DB
[STATUS]: exporting GPUNetIO QP resource=0 lane=1 server=1 qpn=25600 gpu_pci=0000:5C:00.0 ibdev=mlx5_0 handler=GPU_SM_DB
[STATUS]: exporting GPUNetIO QP resource=0 lane=1 server=2 qpn=25601 gpu_pci=0000:5C:00.0 ibdev=mlx5_0 handler=GPU_SM_DB
[STATUS]: exporting GPUNetIO QP resource=0 lane=1 server=3 qpn=25602 gpu_pci=0000:5C:00.0 ibdev=mlx5_0 handler=GPU_SM_DB
[STATUS]: exporting GPUNetIO QP resource=0 lane=1 server=4 qpn=25603 gpu_pci=0000:5C:00.0 ibdev=mlx5_0 handler=GPU_SM_DB
[STATUS]: exporting GPUNetIO QP resource=0 lane=2 server=0 qpn=25604 gpu_pci=0000:5C:00.0 ibdev=mlx5_0 handler=GPU_SM_DB
[STATUS]: exporting GPUNetIO QP resource=0 lane=2 server=1 qpn=25605 gpu_pci=0000:5C:00.0 ibdev=mlx5_0 handler=GPU_SM_DB
[STATUS]: exporting GPUNetIO QP resource=0 lane=2 server=2 qpn=25606 gpu_pci=0000:5C:00.0 ibdev=mlx5_0 handler=GPU_SM_DB
[STATUS]: exporting GPUNetIO QP resource=0 lane=2 server=3 qpn=25607 gpu_pci=0000:5C:00.0 ibdev=mlx5_0 handler=GPU_SM_DB
[STATUS]: exporting GPUNetIO QP resource=0 lane=2 server=4 qpn=25608 gpu_pci=0000:5C:00.0 ibdev=mlx5_0 handler=GPU_SM_DB
[STATUS]: exporting GPUNetIO QP resource=0 lane=3 server=0 qpn=25609 gpu_pci=0000:5C:00.0 ibdev=mlx5_0 handler=GPU_SM_DB
[STATUS]: exporting GPUNetIO QP resource=0 lane=3 server=1 qpn=25610 gpu_pci=0000:5C:00.0 ibdev=mlx5_0 handler=GPU_SM_DB
[STATUS]: exporting GPUNetIO QP resource=0 lane=3 server=2 qpn=25611 gpu_pci=0000:5C:00.0 ibdev=mlx5_0 handler=GPU_SM_DB
[STATUS]: exporting GPUNetIO QP resource=0 lane=3 server=3 qpn=25612 gpu_pci=0000:5C:00.0 ibdev=mlx5_0 handler=GPU_SM_DB
[STATUS]: exporting GPUNetIO QP resource=0 lane=3 server=4 qpn=25613 gpu_pci=0000:5C:00.0 ibdev=mlx5_0 handler=GPU_SM_DB
[STATUS]: exporting GPUNetIO QP resource=0 lane=4 server=0 qpn=25614 gpu_pci=0000:5C:00.0 ibdev=mlx5_0 handler=GPU_SM_DB
[STATUS]: exporting GPUNetIO QP resource=0 lane=4 server=1 qpn=25615 gpu_pci=0000:5C:00.0 ibdev=mlx5_0 handler=GPU_SM_DB
[STATUS]: exporting GPUNetIO QP resource=0 lane=4 server=2 qpn=25616 gpu_pci=0000:5C:00.0 ibdev=mlx5_0 handler=GPU_SM_DB
[STATUS]: exporting GPUNetIO QP resource=0 lane=4 server=3 qpn=25617 gpu_pci=0000:5C:00.0 ibdev=mlx5_0 handler=GPU_SM_DB
[STATUS]: exporting GPUNetIO QP resource=0 lane=4 server=4 qpn=25618 gpu_pci=0000:5C:00.0 ibdev=mlx5_0 handler=GPU_SM_DB
[STATUS]: exporting GPUNetIO QP resource=0 lane=5 server=0 qpn=25619 gpu_pci=0000:5C:00.0 ibdev=mlx5_0 handler=GPU_SM_DB
[STATUS]: exporting GPUNetIO QP resource=0 lane=5 server=1 qpn=25620 gpu_pci=0000:5C:00.0 ibdev=mlx5_0 handler=GPU_SM_DB
[STATUS]: exporting GPUNetIO QP resource=0 lane=5 server=2 qpn=25621 gpu_pci=0000:5C:00.0 ibdev=mlx5_0 handler=GPU_SM_DB
[STATUS]: exporting GPUNetIO QP resource=0 lane=5 server=3 qpn=25622 gpu_pci=0000:5C:00.0 ibdev=mlx5_0 handler=GPU_SM_DB
[STATUS]: exporting GPUNetIO QP resource=0 lane=5 server=4 qpn=25623 gpu_pci=0000:5C:00.0 ibdev=mlx5_0 handler=GPU_SM_DB
[STATUS]: exporting GPUNetIO QP resource=0 lane=6 server=0 qpn=25624 gpu_pci=0000:5C:00.0 ibdev=mlx5_0 handler=GPU_SM_DB
[STATUS]: exporting GPUNetIO QP resource=0 lane=6 server=1 qpn=25625 gpu_pci=0000:5C:00.0 ibdev=mlx5_0 handler=GPU_SM_DB
[STATUS]: exporting GPUNetIO QP resource=0 lane=6 server=2 qpn=25626 gpu_pci=0000:5C:00.0 ibdev=mlx5_0 handler=GPU_SM_DB
[STATUS]: exporting GPUNetIO QP resource=0 lane=6 server=3 qpn=25627 gpu_pci=0000:5C:00.0 ibdev=mlx5_0 handler=GPU_SM_DB
[STATUS]: exporting GPUNetIO QP resource=0 lane=6 server=4 qpn=25628 gpu_pci=0000:5C:00.0 ibdev=mlx5_0 handler=GPU_SM_DB
[STATUS]: exporting GPUNetIO QP resource=0 lane=7 server=0 qpn=25629 gpu_pci=0000:5C:00.0 ibdev=mlx5_0 handler=GPU_SM_DB
[STATUS]: exporting GPUNetIO QP resource=0 lane=7 server=1 qpn=25630 gpu_pci=0000:5C:00.0 ibdev=mlx5_0 handler=GPU_SM_DB
[STATUS]: exporting GPUNetIO QP resource=0 lane=7 server=2 qpn=25631 gpu_pci=0000:5C:00.0 ibdev=mlx5_0 handler=GPU_SM_DB
[STATUS]: exporting GPUNetIO QP resource=0 lane=7 server=3 qpn=25632 gpu_pci=0000:5C:00.0 ibdev=mlx5_0 handler=GPU_SM_DB
[STATUS]: exporting GPUNetIO QP resource=0 lane=7 server=4 qpn=25633 gpu_pci=0000:5C:00.0 ibdev=mlx5_0 handler=GPU_SM_DB
[STATUS]: exporting GPUNetIO QP resource=0 lane=8 server=0 qpn=25634 gpu_pci=0000:5C:00.0 ibdev=mlx5_0 handler=GPU_SM_DB
[STATUS]: exporting GPUNetIO QP resource=0 lane=8 server=1 qpn=25635 gpu_pci=0000:5C:00.0 ibdev=mlx5_0 handler=GPU_SM_DB
[STATUS]: exporting GPUNetIO QP resource=0 lane=8 server=2 qpn=25636 gpu_pci=0000:5C:00.0 ibdev=mlx5_0 handler=GPU_SM_DB
[STATUS]: exporting GPUNetIO QP resource=0 lane=8 server=3 qpn=25637 gpu_pci=0000:5C:00.0 ibdev=mlx5_0 handler=GPU_SM_DB
[STATUS]: exporting GPUNetIO QP resource=0 lane=8 server=4 qpn=25638 gpu_pci=0000:5C:00.0 ibdev=mlx5_0 handler=GPU_SM_DB
[STATUS]: exporting GPUNetIO QP resource=0 lane=9 server=0 qpn=25639 gpu_pci=0000:5C:00.0 ibdev=mlx5_0 handler=GPU_SM_DB
[STATUS]: exporting GPUNetIO QP resource=0 lane=9 server=1 qpn=25640 gpu_pci=0000:5C:00.0 ibdev=mlx5_0 handler=GPU_SM_DB
[STATUS]: exporting GPUNetIO QP resource=0 lane=9 server=2 qpn=25641 gpu_pci=0000:5C:00.0 ibdev=mlx5_0 handler=GPU_SM_DB
[STATUS]: exporting GPUNetIO QP resource=0 lane=9 server=3 qpn=25642 gpu_pci=0000:5C:00.0 ibdev=mlx5_0 handler=GPU_SM_DB
[STATUS]: exporting GPUNetIO QP resource=0 lane=9 server=4 qpn=25643 gpu_pci=0000:5C:00.0 ibdev=mlx5_0 handler=GPU_SM_DB
[STATUS]: exporting GPUNetIO QP resource=0 lane=10 server=0 qpn=25644 gpu_pci=0000:5C:00.0 ibdev=mlx5_0 handler=GPU_SM_DB
[STATUS]: exporting GPUNetIO QP resource=0 lane=10 server=1 qpn=25645 gpu_pci=0000:5C:00.0 ibdev=mlx5_0 handler=GPU_SM_DB
[STATUS]: exporting GPUNetIO QP resource=0 lane=10 server=2 qpn=25646 gpu_pci=0000:5C:00.0 ibdev=mlx5_0 handler=GPU_SM_DB
[STATUS]: exporting GPUNetIO QP resource=0 lane=10 server=3 qpn=25647 gpu_pci=0000:5C:00.0 ibdev=mlx5_0 handler=GPU_SM_DB
[STATUS]: exporting GPUNetIO QP resource=0 lane=10 server=4 qpn=25648 gpu_pci=0000:5C:00.0 ibdev=mlx5_0 handler=GPU_SM_DB
[STATUS]: exporting GPUNetIO QP resource=0 lane=11 server=0 qpn=25649 gpu_pci=0000:5C:00.0 ibdev=mlx5_0 handler=GPU_SM_DB
[STATUS]: exporting GPUNetIO QP resource=0 lane=11 server=1 qpn=25650 gpu_pci=0000:5C:00.0 ibdev=mlx5_0 handler=GPU_SM_DB
[STATUS]: exporting GPUNetIO QP resource=0 lane=11 server=2 qpn=25651 gpu_pci=0000:5C:00.0 ibdev=mlx5_0 handler=GPU_SM_DB
[STATUS]: exporting GPUNetIO QP resource=0 lane=11 server=3 qpn=25652 gpu_pci=0000:5C:00.0 ibdev=mlx5_0 handler=GPU_SM_DB
[STATUS]: exporting GPUNetIO QP resource=0 lane=11 server=4 qpn=25653 gpu_pci=0000:5C:00.0 ibdev=mlx5_0 handler=GPU_SM_DB
[STATUS]: exporting GPUNetIO QP resource=0 lane=12 server=0 qpn=25654 gpu_pci=0000:5C:00.0 ibdev=mlx5_0 handler=GPU_SM_DB
[STATUS]: exporting GPUNetIO QP resource=0 lane=12 server=1 qpn=25655 gpu_pci=0000:5C:00.0 ibdev=mlx5_0 handler=GPU_SM_DB
[STATUS]: exporting GPUNetIO QP resource=0 lane=12 server=2 qpn=25656 gpu_pci=0000:5C:00.0 ibdev=mlx5_0 handler=GPU_SM_DB
[STATUS]: exporting GPUNetIO QP resource=0 lane=12 server=3 qpn=25657 gpu_pci=0000:5C:00.0 ibdev=mlx5_0 handler=GPU_SM_DB
[STATUS]: exporting GPUNetIO QP resource=0 lane=12 server=4 qpn=25658 gpu_pci=0000:5C:00.0 ibdev=mlx5_0 handler=GPU_SM_DB
[STATUS]: exporting GPUNetIO QP resource=0 lane=13 server=0 qpn=25659 gpu_pci=0000:5C:00.0 ibdev=mlx5_0 handler=GPU_SM_DB
[STATUS]: exporting GPUNetIO QP resource=0 lane=13 server=1 qpn=25660 gpu_pci=0000:5C:00.0 ibdev=mlx5_0 handler=GPU_SM_DB
[STATUS]: exporting GPUNetIO QP resource=0 lane=13 server=2 qpn=25661 gpu_pci=0000:5C:00.0 ibdev=mlx5_0 handler=GPU_SM_DB
[STATUS]: exporting GPUNetIO QP resource=0 lane=13 server=3 qpn=25662 gpu_pci=0000:5C:00.0 ibdev=mlx5_0 handler=GPU_SM_DB
[STATUS]: exporting GPUNetIO QP resource=0 lane=13 server=4 qpn=25663 gpu_pci=0000:5C:00.0 ibdev=mlx5_0 handler=GPU_SM_DB
[STATUS]: exporting GPUNetIO QP resource=0 lane=14 server=0 qpn=25664 gpu_pci=0000:5C:00.0 ibdev=mlx5_0 handler=GPU_SM_DB
[STATUS]: exporting GPUNetIO QP resource=0 lane=14 server=1 qpn=25665 gpu_pci=0000:5C:00.0 ibdev=mlx5_0 handler=GPU_SM_DB
[STATUS]: exporting GPUNetIO QP resource=0 lane=14 server=2 qpn=25666 gpu_pci=0000:5C:00.0 ibdev=mlx5_0 handler=GPU_SM_DB
[STATUS]: exporting GPUNetIO QP resource=0 lane=14 server=3 qpn=25667 gpu_pci=0000:5C:00.0 ibdev=mlx5_0 handler=GPU_SM_DB
[STATUS]: exporting GPUNetIO QP resource=0 lane=14 server=4 qpn=25668 gpu_pci=0000:5C:00.0 ibdev=mlx5_0 handler=GPU_SM_DB
[STATUS]: exporting GPUNetIO QP resource=0 lane=15 server=0 qpn=25669 gpu_pci=0000:5C:00.0 ibdev=mlx5_0 handler=GPU_SM_DB
[STATUS]: exporting GPUNetIO QP resource=0 lane=15 server=1 qpn=25670 gpu_pci=0000:5C:00.0 ibdev=mlx5_0 handler=GPU_SM_DB
[STATUS]: exporting GPUNetIO QP resource=0 lane=15 server=2 qpn=25671 gpu_pci=0000:5C:00.0 ibdev=mlx5_0 handler=GPU_SM_DB
[STATUS]: exporting GPUNetIO QP resource=0 lane=15 server=3 qpn=25672 gpu_pci=0000:5C:00.0 ibdev=mlx5_0 handler=GPU_SM_DB
[STATUS]: exporting GPUNetIO QP resource=0 lane=15 server=4 qpn=25673 gpu_pci=0000:5C:00.0 ibdev=mlx5_0 handler=GPU_SM_DB
[STATUS]: exporting GPUNetIO QP resource=0 lane=16 server=0 qpn=25674 gpu_pci=0000:5C:00.0 ibdev=mlx5_0 handler=GPU_SM_DB
[STATUS]: exporting GPUNetIO QP resource=0 lane=16 server=1 qpn=25675 gpu_pci=0000:5C:00.0 ibdev=mlx5_0 handler=GPU_SM_DB
[STATUS]: exporting GPUNetIO QP resource=0 lane=16 server=2 qpn=25676 gpu_pci=0000:5C:00.0 ibdev=mlx5_0 handler=GPU_SM_DB
[STATUS]: exporting GPUNetIO QP resource=0 lane=16 server=3 qpn=25677 gpu_pci=0000:5C:00.0 ibdev=mlx5_0 handler=GPU_SM_DB
[STATUS]: exporting GPUNetIO QP resource=0 lane=16 server=4 qpn=25678 gpu_pci=0000:5C:00.0 ibdev=mlx5_0 handler=GPU_SM_DB
[STATUS]: exporting GPUNetIO QP resource=0 lane=17 server=0 qpn=25679 gpu_pci=0000:5C:00.0 ibdev=mlx5_0 handler=GPU_SM_DB
[STATUS]: exporting GPUNetIO QP resource=0 lane=17 server=1 qpn=25680 gpu_pci=0000:5C:00.0 ibdev=mlx5_0 handler=GPU_SM_DB
[STATUS]: exporting GPUNetIO QP resource=0 lane=17 server=2 qpn=25681 gpu_pci=0000:5C:00.0 ibdev=mlx5_0 handler=GPU_SM_DB
[STATUS]: exporting GPUNetIO QP resource=0 lane=17 server=3 qpn=25682 gpu_pci=0000:5C:00.0 ibdev=mlx5_0 handler=GPU_SM_DB
[STATUS]: exporting GPUNetIO QP resource=0 lane=17 server=4 qpn=25683 gpu_pci=0000:5C:00.0 ibdev=mlx5_0 handler=GPU_SM_DB
[STATUS]: exporting GPUNetIO QP resource=0 lane=18 server=0 qpn=25684 gpu_pci=0000:5C:00.0 ibdev=mlx5_0 handler=GPU_SM_DB
[STATUS]: exporting GPUNetIO QP resource=0 lane=18 server=1 qpn=25685 gpu_pci=0000:5C:00.0 ibdev=mlx5_0 handler=GPU_SM_DB
[STATUS]: exporting GPUNetIO QP resource=0 lane=18 server=2 qpn=25686 gpu_pci=0000:5C:00.0 ibdev=mlx5_0 handler=GPU_SM_DB
[STATUS]: exporting GPUNetIO QP resource=0 lane=18 server=3 qpn=25687 gpu_pci=0000:5C:00.0 ibdev=mlx5_0 handler=GPU_SM_DB
[STATUS]: exporting GPUNetIO QP resource=0 lane=18 server=4 qpn=25688 gpu_pci=0000:5C:00.0 ibdev=mlx5_0 handler=GPU_SM_DB
[STATUS]: exporting GPUNetIO QP resource=0 lane=19 server=0 qpn=25689 gpu_pci=0000:5C:00.0 ibdev=mlx5_0 handler=GPU_SM_DB
[STATUS]: exporting GPUNetIO QP resource=0 lane=19 server=1 qpn=25690 gpu_pci=0000:5C:00.0 ibdev=mlx5_0 handler=GPU_SM_DB
[STATUS]: exporting GPUNetIO QP resource=0 lane=19 server=2 qpn=25691 gpu_pci=0000:5C:00.0 ibdev=mlx5_0 handler=GPU_SM_DB
[STATUS]: exporting GPUNetIO QP resource=0 lane=19 server=3 qpn=25692 gpu_pci=0000:5C:00.0 ibdev=mlx5_0 handler=GPU_SM_DB
[STATUS]: exporting GPUNetIO QP resource=0 lane=19 server=4 qpn=25693 gpu_pci=0000:5C:00.0 ibdev=mlx5_0 handler=GPU_SM_DB
[STATUS]: exporting GPUNetIO QP resource=0 lane=20 server=0 qpn=25694 gpu_pci=0000:5C:00.0 ibdev=mlx5_0 handler=GPU_SM_DB
[STATUS]: exporting GPUNetIO QP resource=0 lane=20 server=1 qpn=25695 gpu_pci=0000:5C:00.0 ibdev=mlx5_0 handler=GPU_SM_DB
[STATUS]: exporting GPUNetIO QP resource=0 lane=20 server=2 qpn=25696 gpu_pci=0000:5C:00.0 ibdev=mlx5_0 handler=GPU_SM_DB
[STATUS]: exporting GPUNetIO QP resource=0 lane=20 server=3 qpn=25697 gpu_pci=0000:5C:00.0 ibdev=mlx5_0 handler=GPU_SM_DB
[STATUS]: exporting GPUNetIO QP resource=0 lane=20 server=4 qpn=25698 gpu_pci=0000:5C:00.0 ibdev=mlx5_0 handler=GPU_SM_DB
[STATUS]: exporting GPUNetIO QP resource=0 lane=21 server=0 qpn=25699 gpu_pci=0000:5C:00.0 ibdev=mlx5_0 handler=GPU_SM_DB
[STATUS]: exporting GPUNetIO QP resource=0 lane=21 server=1 qpn=25700 gpu_pci=0000:5C:00.0 ibdev=mlx5_0 handler=GPU_SM_DB
[STATUS]: exporting GPUNetIO QP resource=0 lane=21 server=2 qpn=25701 gpu_pci=0000:5C:00.0 ibdev=mlx5_0 handler=GPU_SM_DB
[STATUS]: exporting GPUNetIO QP resource=0 lane=21 server=3 qpn=25702 gpu_pci=0000:5C:00.0 ibdev=mlx5_0 handler=GPU_SM_DB
[STATUS]: exporting GPUNetIO QP resource=0 lane=21 server=4 qpn=25703 gpu_pci=0000:5C:00.0 ibdev=mlx5_0 handler=GPU_SM_DB
[STATUS]: exporting GPUNetIO QP resource=0 lane=22 server=0 qpn=25704 gpu_pci=0000:5C:00.0 ibdev=mlx5_0 handler=GPU_SM_DB
[STATUS]: exporting GPUNetIO QP resource=0 lane=22 server=1 qpn=25705 gpu_pci=0000:5C:00.0 ibdev=mlx5_0 handler=GPU_SM_DB
[STATUS]: exporting GPUNetIO QP resource=0 lane=22 server=2 qpn=25706 gpu_pci=0000:5C:00.0 ibdev=mlx5_0 handler=GPU_SM_DB
[STATUS]: exporting GPUNetIO QP resource=0 lane=22 server=3 qpn=25707 gpu_pci=0000:5C:00.0 ibdev=mlx5_0 handler=GPU_SM_DB
[STATUS]: exporting GPUNetIO QP resource=0 lane=22 server=4 qpn=25708 gpu_pci=0000:5C:00.0 ibdev=mlx5_0 handler=GPU_SM_DB
[STATUS]: exporting GPUNetIO QP resource=0 lane=23 server=0 qpn=25709 gpu_pci=0000:5C:00.0 ibdev=mlx5_0 handler=GPU_SM_DB
[STATUS]: exporting GPUNetIO QP resource=0 lane=23 server=1 qpn=25710 gpu_pci=0000:5C:00.0 ibdev=mlx5_0 handler=GPU_SM_DB
[STATUS]: exporting GPUNetIO QP resource=0 lane=23 server=2 qpn=25711 gpu_pci=0000:5C:00.0 ibdev=mlx5_0 handler=GPU_SM_DB
[STATUS]: exporting GPUNetIO QP resource=0 lane=23 server=3 qpn=25712 gpu_pci=0000:5C:00.0 ibdev=mlx5_0 handler=GPU_SM_DB
[STATUS]: exporting GPUNetIO QP resource=0 lane=23 server=4 qpn=25713 gpu_pci=0000:5C:00.0 ibdev=mlx5_0 handler=GPU_SM_DB
[STATUS]: exporting GPUNetIO QP resource=0 lane=24 server=0 qpn=25714 gpu_pci=0000:5C:00.0 ibdev=mlx5_0 handler=GPU_SM_DB
[STATUS]: exporting GPUNetIO QP resource=0 lane=24 server=1 qpn=25715 gpu_pci=0000:5C:00.0 ibdev=mlx5_0 handler=GPU_SM_DB
[STATUS]: exporting GPUNetIO QP resource=0 lane=24 server=2 qpn=25716 gpu_pci=0000:5C:00.0 ibdev=mlx5_0 handler=GPU_SM_DB
[STATUS]: exporting GPUNetIO QP resource=0 lane=24 server=3 qpn=25717 gpu_pci=0000:5C:00.0 ibdev=mlx5_0 handler=GPU_SM_DB
[STATUS]: exporting GPUNetIO QP resource=0 lane=24 server=4 qpn=25718 gpu_pci=0000:5C:00.0 ibdev=mlx5_0 handler=GPU_SM_DB
[STATUS]: exporting GPUNetIO QP resource=0 lane=25 server=0 qpn=25719 gpu_pci=0000:5C:00.0 ibdev=mlx5_0 handler=GPU_SM_DB
[STATUS]: exporting GPUNetIO QP resource=0 lane=25 server=1 qpn=25720 gpu_pci=0000:5C:00.0 ibdev=mlx5_0 handler=GPU_SM_DB
[STATUS]: exporting GPUNetIO QP resource=0 lane=25 server=2 qpn=25721 gpu_pci=0000:5C:00.0 ibdev=mlx5_0 handler=GPU_SM_DB
[STATUS]: exporting GPUNetIO QP resource=0 lane=25 server=3 qpn=25722 gpu_pci=0000:5C:00.0 ibdev=mlx5_0 handler=GPU_SM_DB
[STATUS]: exporting GPUNetIO QP resource=0 lane=25 server=4 qpn=25723 gpu_pci=0000:5C:00.0 ibdev=mlx5_0 handler=GPU_SM_DB
[STATUS]: exporting GPUNetIO QP resource=0 lane=26 server=0 qpn=25724 gpu_pci=0000:5C:00.0 ibdev=mlx5_0 handler=GPU_SM_DB
[STATUS]: exporting GPUNetIO QP resource=0 lane=26 server=1 qpn=25725 gpu_pci=0000:5C:00.0 ibdev=mlx5_0 handler=GPU_SM_DB
[STATUS]: exporting GPUNetIO QP resource=0 lane=26 server=2 qpn=25726 gpu_pci=0000:5C:00.0 ibdev=mlx5_0 handler=GPU_SM_DB
[STATUS]: exporting GPUNetIO QP resource=0 lane=26 server=3 qpn=25727 gpu_pci=0000:5C:00.0 ibdev=mlx5_0 handler=GPU_SM_DB
[STATUS]: exporting GPUNetIO QP resource=0 lane=26 server=4 qpn=25728 gpu_pci=0000:5C:00.0 ibdev=mlx5_0 handler=GPU_SM_DB
[STATUS]: exporting GPUNetIO QP resource=0 lane=27 server=0 qpn=25729 gpu_pci=0000:5C:00.0 ibdev=mlx5_0 handler=GPU_SM_DB
[STATUS]: exporting GPUNetIO QP resource=0 lane=27 server=1 qpn=25730 gpu_pci=0000:5C:00.0 ibdev=mlx5_0 handler=GPU_SM_DB
[STATUS]: exporting GPUNetIO QP resource=0 lane=27 server=2 qpn=25731 gpu_pci=0000:5C:00.0 ibdev=mlx5_0 handler=GPU_SM_DB
[STATUS]: exporting GPUNetIO QP resource=0 lane=27 server=3 qpn=25732 gpu_pci=0000:5C:00.0 ibdev=mlx5_0 handler=GPU_SM_DB
[STATUS]: exporting GPUNetIO QP resource=0 lane=27 server=4 qpn=25733 gpu_pci=0000:5C:00.0 ibdev=mlx5_0 handler=GPU_SM_DB
[STATUS]: exporting GPUNetIO QP resource=0 lane=28 server=0 qpn=25734 gpu_pci=0000:5C:00.0 ibdev=mlx5_0 handler=GPU_SM_DB
[STATUS]: exporting GPUNetIO QP resource=0 lane=28 server=1 qpn=25735 gpu_pci=0000:5C:00.0 ibdev=mlx5_0 handler=GPU_SM_DB
[STATUS]: exporting GPUNetIO QP resource=0 lane=28 server=2 qpn=25736 gpu_pci=0000:5C:00.0 ibdev=mlx5_0 handler=GPU_SM_DB
[STATUS]: exporting GPUNetIO QP resource=0 lane=28 server=3 qpn=25737 gpu_pci=0000:5C:00.0 ibdev=mlx5_0 handler=GPU_SM_DB
[STATUS]: exporting GPUNetIO QP resource=0 lane=28 server=4 qpn=25738 gpu_pci=0000:5C:00.0 ibdev=mlx5_0 handler=GPU_SM_DB
[STATUS]: exporting GPUNetIO QP resource=0 lane=29 server=0 qpn=25739 gpu_pci=0000:5C:00.0 ibdev=mlx5_0 handler=GPU_SM_DB
[STATUS]: exporting GPUNetIO QP resource=0 lane=29 server=1 qpn=25740 gpu_pci=0000:5C:00.0 ibdev=mlx5_0 handler=GPU_SM_DB
[STATUS]: exporting GPUNetIO QP resource=0 lane=29 server=2 qpn=25741 gpu_pci=0000:5C:00.0 ibdev=mlx5_0 handler=GPU_SM_DB
[STATUS]: exporting GPUNetIO QP resource=0 lane=29 server=3 qpn=25742 gpu_pci=0000:5C:00.0 ibdev=mlx5_0 handler=GPU_SM_DB
[STATUS]: exporting GPUNetIO QP resource=0 lane=29 server=4 qpn=25743 gpu_pci=0000:5C:00.0 ibdev=mlx5_0 handler=GPU_SM_DB
[STATUS]: exporting GPUNetIO QP resource=0 lane=30 server=0 qpn=25744 gpu_pci=0000:5C:00.0 ibdev=mlx5_0 handler=GPU_SM_DB
[STATUS]: exporting GPUNetIO QP resource=0 lane=30 server=1 qpn=25745 gpu_pci=0000:5C:00.0 ibdev=mlx5_0 handler=GPU_SM_DB
[STATUS]: exporting GPUNetIO QP resource=0 lane=30 server=2 qpn=25746 gpu_pci=0000:5C:00.0 ibdev=mlx5_0 handler=GPU_SM_DB
[STATUS]: exporting GPUNetIO QP resource=0 lane=30 server=3 qpn=25747 gpu_pci=0000:5C:00.0 ibdev=mlx5_0 handler=GPU_SM_DB
[STATUS]: exporting GPUNetIO QP resource=0 lane=30 server=4 qpn=25748 gpu_pci=0000:5C:00.0 ibdev=mlx5_0 handler=GPU_SM_DB
[STATUS]: exporting GPUNetIO QP resource=0 lane=31 server=0 qpn=25749 gpu_pci=0000:5C:00.0 ibdev=mlx5_0 handler=GPU_SM_DB
[STATUS]: exporting GPUNetIO QP resource=0 lane=31 server=1 qpn=25750 gpu_pci=0000:5C:00.0 ibdev=mlx5_0 handler=GPU_SM_DB
[STATUS]: exporting GPUNetIO QP resource=0 lane=31 server=2 qpn=25751 gpu_pci=0000:5C:00.0 ibdev=mlx5_0 handler=GPU_SM_DB
[STATUS]: exporting GPUNetIO QP resource=0 lane=31 server=3 qpn=25752 gpu_pci=0000:5C:00.0 ibdev=mlx5_0 handler=GPU_SM_DB
[STATUS]: exporting GPUNetIO QP resource=0 lane=31 server=4 qpn=25753 gpu_pci=0000:5C:00.0 ibdev=mlx5_0 handler=GPU_SM_DB
[STATUS]: GPUNetIO GPU MR registration=peer_memory bytes=3265200128
[STATUS]: GPUNetIO startup RDMA read probe passed for 160 QPs
[STATUS]: GPUNetIO RDMA Read implementation=manual_wqe_locked
1 device(s) found
Selected device: mlx5_0
Selected port state: 4, lid: 1, active_mtu: 5
pairing: 25754 -- 104335
pairing: 25755 -- 104340
pairing: 25756 -- 104341
pairing: 25757 -- 104342
pairing: 25758 -- 104343
pairing: 25759 -- 104344
pairing: 25760 -- 104345
pairing: 25761 -- 104346
pairing: 25762 -- 104347
pairing: 25763 -- 104348
pairing: 25764 -- 104349
pairing: 25765 -- 104350
pairing: 25766 -- 104351
pairing: 25767 -- 104352
pairing: 25768 -- 104353
pairing: 25769 -- 104354
pairing: 25770 -- 104355
pairing: 25771 -- 104356
pairing: 25772 -- 104357
pairing: 25773 -- 104358
pairing: 25774 -- 104359
pairing: 25775 -- 104360
pairing: 25776 -- 104361
pairing: 25777 -- 104362
pairing: 25778 -- 104363
pairing: 25779 -- 104364
pairing: 25780 -- 104365
pairing: 25781 -- 104366
pairing: 25782 -- 104367
pairing: 25783 -- 104368
pairing: 25784 -- 104369
pairing: 25785 -- 104370
pairing: 25786 -- 104336
pairing: 25787 -- 104371
pairing: 25788 -- 104372
pairing: 25789 -- 104373
pairing: 25790 -- 104374
pairing: 25791 -- 104375
pairing: 25792 -- 104376
pairing: 25793 -- 104377
pairing: 25794 -- 104378
pairing: 25795 -- 104379
pairing: 25796 -- 104380
pairing: 25797 -- 104381
pairing: 25798 -- 104382
pairing: 25799 -- 104383
pairing: 25800 -- 104384
pairing: 25801 -- 104385
pairing: 25802 -- 104386
pairing: 25803 -- 104387
pairing: 25804 -- 104388
pairing: 25805 -- 104389
pairing: 25806 -- 104390
pairing: 25807 -- 104391
pairing: 25808 -- 104392
pairing: 25809 -- 104393
pairing: 25810 -- 104394
pairing: 25811 -- 104395
pairing: 25812 -- 104396
pairing: 25813 -- 104397
pairing: 25814 -- 104398
pairing: 25815 -- 104399
pairing: 25816 -- 104400
pairing: 25817 -- 104401
pairing: 25818 -- 104337
pairing: 25819 -- 104402
pairing: 25820 -- 104403
pairing: 25821 -- 104404
pairing: 25822 -- 104405
pairing: 25823 -- 104406
pairing: 25824 -- 104407
pairing: 25825 -- 104408
pairing: 25826 -- 104409
pairing: 25827 -- 104410
pairing: 25828 -- 104411
pairing: 25829 -- 104412
pairing: 25830 -- 104413
pairing: 25831 -- 104414
pairing: 25832 -- 104415
pairing: 25833 -- 104416
pairing: 25834 -- 104417
pairing: 25835 -- 104418
pairing: 25836 -- 104419
pairing: 25837 -- 104420
pairing: 25838 -- 104421
pairing: 25839 -- 104422
pairing: 25840 -- 104423
pairing: 25841 -- 104424
pairing: 25842 -- 104425
pairing: 25843 -- 104426
pairing: 25844 -- 104427
pairing: 25845 -- 104428
pairing: 25846 -- 104429
pairing: 25847 -- 104430
pairing: 25848 -- 104431
pairing: 25849 -- 104432
pairing: 25850 -- 104338
pairing: 25851 -- 104433
pairing: 25852 -- 104434
pairing: 25853 -- 104435
pairing: 25854 -- 104436
pairing: 25855 -- 104437
pairing: 25856 -- 104438
pairing: 25857 -- 104439
pairing: 25858 -- 104440
pairing: 25859 -- 104441
pairing: 25860 -- 104442
pairing: 25861 -- 104443
pairing: 25862 -- 104444
pairing: 25863 -- 104445
pairing: 25864 -- 104446
pairing: 25865 -- 104447
pairing: 25866 -- 104448
pairing: 25867 -- 104449
pairing: 25868 -- 104450
pairing: 25869 -- 104451
pairing: 25870 -- 104452
pairing: 25871 -- 104453
pairing: 25872 -- 104454
pairing: 25873 -- 104455
pairing: 25874 -- 104456
pairing: 25875 -- 104457
pairing: 25876 -- 104458
pairing: 25877 -- 104459
pairing: 25878 -- 104460
pairing: 25879 -- 104461
pairing: 25880 -- 104462
pairing: 25881 -- 104463
pairing: 25882 -- 104339
pairing: 25883 -- 104464
pairing: 25884 -- 104465
pairing: 25885 -- 104466
pairing: 25886 -- 104467
pairing: 25887 -- 104468
pairing: 25888 -- 104469
pairing: 25889 -- 104470
pairing: 25890 -- 104471
pairing: 25891 -- 104472
pairing: 25892 -- 104473
pairing: 25893 -- 104474
pairing: 25894 -- 104475
pairing: 25895 -- 104476
pairing: 25896 -- 104477
pairing: 25897 -- 104478
pairing: 25898 -- 104479
pairing: 25899 -- 104480
pairing: 25900 -- 104481
pairing: 25901 -- 104482
pairing: 25902 -- 104483
pairing: 25903 -- 104484
pairing: 25904 -- 104485
pairing: 25905 -- 104486
pairing: 25906 -- 104487
pairing: 25907 -- 104488
pairing: 25908 -- 104489
pairing: 25909 -- 104490
pairing: 25910 -- 104491
pairing: 25911 -- 104492
pairing: 25912 -- 104493
pairing: 25913 -- 104494
[gpu-search] bootstrap=CPU-posted GPUDirect RDMA; queries=strict GPU-initiated GPUNetIO
[gpu-search] streamed 3200000000 PQ bytes directly into final GPU storage; ordinal audit passed for 15 entries
[gpu-search] persistent occupancy candidate threads=128 hardware_blocks_per_sm=3 configured_cap=4 effective_blocks_per_sm=3 grid_capacity=324 owner_blocks=40 query_blocks=256 resident_query_warps=1024 selected=true
[gpu-search] persistent occupancy candidate threads=256 hardware_blocks_per_sm=1 configured_cap=4 effective_blocks_per_sm=1 grid_capacity=108 owner_blocks=20 query_blocks=86 resident_query_warps=688 selected=false
[gpu-search] persistent kernel resources registers/thread=166 static_shared_bytes=49144 local_bytes/thread=1064 max_threads/block=128
[gpu-search] unified persistent CTAs=40-owner+256-query+1-dispatch+1-control QP-owner-warps=160 threads/CTA=128 query_slots=256 resident_capacity=324 launched=298
[STATUS]: query engine: persistent GPU + GPUNetIO slots=256
[STATUS]: storage-owner update cores: progress=28 response=0
[STATUS]: storage-owner acknowledgement=query-visible stage1 graph publication; submission=bounded authority rings; batching=authority-wide; progress=single work-conserving executor
[breakdown] preparing workload: workload=insert
[breakdown] insert-file vectors: count=10000000 dim=96 dtype=float32
[breakdown] recall query data ready: count=3334 dtype=float32 vector_bytes=384
[breakdown][recall] done 1/1 ops, avg_rate=323.675 ops/s
[breakdown][recall] before_performance recall@10=0.8 queries=1
[breakdown] effective insert start id=101000000
[breakdown] starting warmup insert
[breakdown][warmup-insert] done 128/128 ops, avg_rate=357.152 ops/s
[breakdown][warmup] maintenance drain elapsed=8.6554e-05s complete=yes
[breakdown] starting measure phase
[storage-owner] sender batch telemetry owner=0 batches=32 items=33 avg_batch=1.03125 full_batches=0 tail_escape_batches=32 max_wait_flush_batches=0 queue_visibility_stalls=0 partial_visible_batches=0 published=0
[storage-owner] sender completion telemetry owner=0 batches=32 items=33 avg_batch=1.03125 avg_rpc_wall_us=28.7421 max_rpc_wall_us=84.558 max_active_rpcs=1 max_published=2
[storage-owner] sender batch telemetry owner=1 batches=32 items=33 avg_batch=1.03125 full_batches=0 tail_escape_batches=32 max_wait_flush_batches=0 queue_visibility_stalls=0 partial_visible_batches=0 published=0
[storage-owner] sender completion telemetry owner=1 batches=32 items=33 avg_batch=1.03125 avg_rpc_wall_us=33.7459 max_rpc_wall_us=120.617 max_active_rpcs=1 max_published=2
[storage-owner] sender batch telemetry owner=2 batches=32 items=34 avg_batch=1.0625 full_batches=0 tail_escape_batches=32 max_wait_flush_batches=0 queue_visibility_stalls=0 partial_visible_batches=0 published=0
[storage-owner] sender completion telemetry owner=2 batches=32 items=34 avg_batch=1.0625 avg_rpc_wall_us=25.3874 max_rpc_wall_us=89.896 max_active_rpcs=1 max_published=2
[storage-owner] sender batch telemetry owner=3 batches=32 items=34 avg_batch=1.0625 full_batches=0 tail_escape_batches=32 max_wait_flush_batches=0 queue_visibility_stalls=0 partial_visible_batches=0 published=0
[storage-owner] sender completion telemetry owner=3 batches=32 items=34 avg_batch=1.0625 avg_rpc_wall_us=156.315 max_rpc_wall_us=4287.72 max_active_rpcs=1 max_published=2
[storage-owner] sender batch telemetry owner=4 batches=32 items=34 avg_batch=1.0625 full_batches=0 tail_escape_batches=32 max_wait_flush_batches=0 queue_visibility_stalls=0 partial_visible_batches=0 published=0
[storage-owner] sender completion telemetry owner=4 batches=32 items=34 avg_batch=1.0625 avg_rpc_wall_us=30.1441 max_rpc_wall_us=144.243 max_active_rpcs=1 max_published=2
[storage-owner] sender batch telemetry owner=0 batches=64 items=65 avg_batch=1.01562 full_batches=0 tail_escape_batches=64 max_wait_flush_batches=0 queue_visibility_stalls=0 partial_visible_batches=0 published=0
[storage-owner] sender completion telemetry owner=0 batches=64 items=65 avg_batch=1.01562 avg_rpc_wall_us=28.41 max_rpc_wall_us=95.013 max_active_rpcs=1 max_published=2
[storage-owner] sender batch telemetry owner=1 batches=64 items=65 avg_batch=1.01562 full_batches=0 tail_escape_batches=64 max_wait_flush_batches=0 queue_visibility_stalls=0 partial_visible_batches=0 published=0
[storage-owner] sender completion telemetry owner=1 batches=64 items=65 avg_batch=1.01562 avg_rpc_wall_us=28.2101 max_rpc_wall_us=120.617 max_active_rpcs=1 max_published=2
[storage-owner] sender batch telemetry owner=2 batches=64 items=66 avg_batch=1.03125 full_batches=0 tail_escape_batches=64 max_wait_flush_batches=0 queue_visibility_stalls=0 partial_visible_batches=0 published=0
[storage-owner] sender completion telemetry owner=2 batches=64 items=66 avg_batch=1.03125 avg_rpc_wall_us=23.489 max_rpc_wall_us=89.896 max_active_rpcs=1 max_published=2
[storage-owner] sender batch telemetry owner=3 batches=64 items=66 avg_batch=1.03125 full_batches=0 tail_escape_batches=64 max_wait_flush_batches=0 queue_visibility_stalls=0 partial_visible_batches=0 published=0
[storage-owner] sender completion telemetry owner=3 batches=64 items=66 avg_batch=1.03125 avg_rpc_wall_us=90.0802 max_rpc_wall_us=4287.72 max_active_rpcs=1 max_published=2
[storage-owner] sender batch telemetry owner=4 batches=64 items=66 avg_batch=1.03125 full_batches=0 tail_escape_batches=64 max_wait_flush_batches=0 queue_visibility_stalls=0 partial_visible_batches=0 published=0
[storage-owner] sender completion telemetry owner=4 batches=64 items=66 avg_batch=1.03125 avg_rpc_wall_us=26.6645 max_rpc_wall_us=144.243 max_active_rpcs=1 max_published=2
[storage-owner] sender batch telemetry owner=0 batches=128 items=129 avg_batch=1.00781 full_batches=0 tail_escape_batches=128 max_wait_flush_batches=0 queue_visibility_stalls=0 partial_visible_batches=0 published=0
[storage-owner] sender completion telemetry owner=0 batches=128 items=129 avg_batch=1.00781 avg_rpc_wall_us=76.6837 max_rpc_wall_us=5993.65 max_active_rpcs=1 max_published=2
[storage-owner] sender batch telemetry owner=1 batches=128 items=129 avg_batch=1.00781 full_batches=0 tail_escape_batches=128 max_wait_flush_batches=0 queue_visibility_stalls=0 partial_visible_batches=0 published=0
[storage-owner] sender completion telemetry owner=1 batches=128 items=129 avg_batch=1.00781 avg_rpc_wall_us=25.631 max_rpc_wall_us=120.617 max_active_rpcs=1 max_published=2
[storage-owner] sender batch telemetry owner=2 batches=128 items=130 avg_batch=1.01562 full_batches=0 tail_escape_batches=128 max_wait_flush_batches=0 queue_visibility_stalls=0 partial_visible_batches=0 published=0
[storage-owner] sender completion telemetry owner=2 batches=128 items=130 avg_batch=1.01562 avg_rpc_wall_us=24.7864 max_rpc_wall_us=179.843 max_active_rpcs=1 max_published=2
[storage-owner] sender batch telemetry owner=3 batches=128 items=130 avg_batch=1.01562 full_batches=0 tail_escape_batches=128 max_wait_flush_batches=0 queue_visibility_stalls=0 partial_visible_batches=0 published=0
[storage-owner] sender completion telemetry owner=3 batches=128 items=130 avg_batch=1.01562 avg_rpc_wall_us=58.1952 max_rpc_wall_us=4287.72 max_active_rpcs=1 max_published=2
[storage-owner] sender batch telemetry owner=4 batches=128 items=130 avg_batch=1.01562 full_batches=0 tail_escape_batches=128 max_wait_flush_batches=0 queue_visibility_stalls=0 partial_visible_batches=0 published=0
[storage-owner] sender completion telemetry owner=4 batches=128 items=130 avg_batch=1.01562 avg_rpc_wall_us=24.5879 max_rpc_wall_us=144.243 max_active_rpcs=1 max_published=2
[breakdown][measure-insert] done 1000/1000 ops, avg_rate=381.075 ops/s
[breakdown][measure] maintenance drain elapsed=0.000181202s complete=yes
[breakdown][static_gt_post_recall] done 1/1 ops, avg_rate=358.912 ops/s
[breakdown][recall] after_performance recall@10=0.8 queries=1
system_variant
  profile_name: 04_gpu_persistent_gpunetio_baseline
  label: baseline
  update_mutation_api: append_only
  storage_owner_update_completion_mode: coupled
  gpu_dynamic_graph_access_mode: adaptive
  gpu_rdma_search_progression_mode: decoupled
  index_prefix: /data/xjs/index/dvstor_deep100m/index/deep100m_R96_bw128_metis_pmd32_pq32_schema16
  index_schema_version: 16
  index_build_fingerprint: 5290522073528400725
query_inputs
  recall_source: /data/xjs/index/dvstor_deep100m/prepared/recall_query.fbin
  recall_rows: 3334
  performance_source: 
  performance_rows: 0
  performance_row_reuse_policy: single_pass_no_reuse
  performance_warmup/measure/total_rows_consumed: 0/0/0
throughput
  duration_seconds: 2.62432
  total_ops_per_sec: 381.051 (ops=1000)
  query_ops_per_sec: 0 (ops=0)
  effective_query_ops_per_sec: 0
  write_ops_per_sec: 381.051 (ops=1000)
  effective_write_ops_per_sec: 381.051
  insert_ops_per_sec: 381.051 (ops=1000)
  client_drain_seconds: 0
  scheduled_query/write_ops: 0/0
  query/write_rate_attainment_ratio: 1/1
  nominal/effective_rate_basis: effective_wall_clock/wall_clock_including_client_drain
  query_head/tail_qps: 0/0
  query_tail_to_head_ratio: 0
  query_min_5s_qps: 0
  write_head/tail_qps: 0/0
  write_tail_to_head_ratio: 0
  write_min_5s_qps: 0
  zero_completion_windows: 0
  zero_query/write_windows: 0/0
stage2
  source: in_band_control_page
  shards observed/requested: 5/5
  p99_stage2_delay_upper_ms: unavailable
  remaining/max_backlog: 0/0
  completion_outstanding/admission_window: 0/0 (max_per_shard=0)
  completion_incomplete/admission_window: 0/0 (max_per_shard=0, completed_behind_hole=0)
  completion admission stalls logical/physical: 0/0
  backlog_slope_per_sec: 0
  failures (hard): 0
  peer_reverse_retry_attempts: 0
  locality telemetry: home_match_rate=0 cross_edge_reduction=0 avg_frontier/expansions/scored=0/0/0
  search budget exhausted (stage1/stage2): 0/0
  execution batching: contexts=0 avg_items=0 graph_reads/wave=0 vector_reads/wave=0 pressure_yields=0
  ordered graph issue: issued/hit/wasted=0/0/0 promotion_ratio=0
  graph home RPC: batches/items/avg_items=0/0/0
  executor service demand: stage1_total/search/prune_us=0/0/0 stage1_candidates/frontier/neighbors=0/0/0 stage2_search/freeze/reverse_us=0/0/0
recall
  recall@10: 0.8
  queries: 1
  mode/base_id_limit/search_width/insufficient_queries: all/0/10/0
  query_file: /data/xjs/index/dvstor_deep100m/prepared/recall_query.fbin
  groundtruth_file: /data/xjs/index/dvstor_deep100m/prepared/recall_groundtruth.bin
static_gt_post_recall
  recall@10: 0.8
  queries: 1
  mode/base_id_limit/search_width/insufficient_queries: all/0/10/0
  query_file: /data/xjs/index/dvstor_deep100m/prepared/recall_query.fbin
  groundtruth_file: /data/xjs/index/dvstor_deep100m/prepared/recall_groundtruth.bin
gpu_persistent
  GPU memory explicit/base_pq/route GiB: 4.3275/2.98023/2.27988e-06
  average_batch_size: 0
  average_submission_wait_us: 0
  rdma_read_bytes: 0
  owner WQE submitted/capacity/utilization: 0/0/0
  owner critical/speculative batches: 0/0
  graph_route_hit_ratio/refreshes: 0/0
  graph snapshot reread records total/per_query: 0/0
  graph RDMA bytes total/per_query/per_parent: 0/0/0
  graph live/full/fallback/underhint/promotions reads: 0/0/0/0/0
  expanded parents/neighbor sum/average degree: 0/0/0
  expanded degree histogram (ceil(degree/8), overflow=13): [0,0,0,0,0,0,0,0,0,0,0,0,0,0]
  dynamic expanded parents/neighbor sum/average degree/share: 0/0/0/0
  dynamic expanded degree histogram (ceil(degree/8), overflow=13): [0,0,0,0,0,0,0,0,0,0,0,0,0,0]
  DynaExtent short/full/bytes/fallback/promotions/demotions: 0/0/0/0/0/0
  DynaExtent snapshot-attempts/nonfallback-full-attempts/short-physical-ratio/fallback-ratio/bytes-per-physical-read: 0/0/0/0/0
  ASFE logical expansions total/per_query: 0/0
  ASFE critical/speculative graph reads: 0/0
  ASFE critical/speculative graph bytes: 0/0
  ASFE core reads/bytes/arrived/promoted/stale: 0/0/0/0/0
  ASFE core waves/ready waves/ready ratio: 0/0/0
  terminal exact cache attempts/rate: 0/0
  terminal exact cache issued/promoted/misses/rejects (total/per_query): 0/0, 0/0, 0/0, 0/0
  terminal exact cache promotion/waste ratio: 0/0
  terminal exact cache wasted bytes total/per_query: 0/0
  ASFE completion scoring batches/candidates (total/per_query/candidates_per_batch): 0/0, 0/0/0
  ASFE reusable exact certificates total/per_query: 0/0
  ASFE streamed runs/ordered scoring batches/candidates (total/per_query/candidates_per_batch): 0/0, 0/0, 0/0/0
  OOO ROB parents retired beyond an unresolved rank hole (total/per_query): 0/0
  ASFE reusable prefix ranks/full/issued certificates (total/per_query): 0/0, 0/0, 0/0
  ASFE certificate rejects total/per_query: 0/0
  ASFE speculative wasted bytes/ratio: 0/0
  ASFE speculative arrived/promoted/stale/queue_rejects: 0/0/0/0
  ASFE promotion/waste ratio: 0/0
  ASFE issue/commit epochs: 0/0
  ASFE average issue/commit width: 0/0
  ASFE issue capacity/utilization: 0/0
  ASFE max issue/commit width: 0/0
  ASFE critical ROB hits/speculative wait ns/us_per_query: 0/0/0
  ASFE critical misses/ROB hit ratio: 0/0
  ASFE RDMA completion groups/avg us (critical/speculative): 0/0 (0/0)
  GPU occupancy threads/registers/static_shared: 128/166/49144
  GPU occupancy active/effective blocks per SM: 3/3
  GPU persistent query/owner/total blocks: 256/40/298
  centroid route publications/shard_updates/live/snapshot_skips: 417/819/20/2
  centroid route probe_reads/body_reads/unchanged_polls/poll_us: 2470/824/75/63647
  centroid route query snapshot retries/timeouts: 0/0
  GPU query/prepare/graph/score/beam/exact us: 0/0/0/0/0/0
  exact snapshot train batches/fallbacks/success ratio: 0/0/0
  GPU graph commit/issue width: 16/32
  GPU graph read/dynamic extent: live-extent/1
  GPU Beam merge policy: stable-run
  Stage2 score-many/graph-issue/home-combining: 1/16/1
  GPU Beam merge total/prepare/sort/materialize us: 0/0/0/0
  dynamic PQ candidates/reads/bytes/incarnation_rejects: 0/0/0/0
  dynamic PQ reads/query and wait_us/query: 0/0
  dynamic PQ arena hits/batch_dedup/authoritative_avoidance: 0/0/0
  dynamic PQ arena publish success/race/capacity: 0/0/25510220
storage_owner_runtime
  submitted/completed batches: 994/994
  submitted/completed items: 1000/1000
  average batch / average RPC wall us / max RPC wall us: 1.00604/42.1179/5993.65
insert breakdown
  count: 1000
  latency_ms: mean=40.3095 p50=31.9707 p95=85.8408 p99=242.18 p999=442.575
  cpu_ms: 40309.5
  rdma_ms: 0
json: /home/xjs/experiment/dvstor/experiment/deep100m/program1/results/program1_20260831_194733/baseline/04_gpu_persistent_gpunetio_baseline/deep100m_04_gpu_persistent_gpunetio_baseline_20260831_194753.json
text: /home/xjs/experiment/dvstor/experiment/deep100m/program1/results/program1_20260831_194733/baseline/04_gpu_persistent_gpunetio_baseline/deep100m_04_gpu_persistent_gpunetio_baseline_20260831_194753.txt
