============================================================
                        SERVER
============================================================
num clients:                  1
TCP port:                     1235
IB device:                    <auto>
IB port:                      1
max outstanding CQEs:         64
max send work requests:       4096
max receive work requests:    4096
============================================================
index prefix:                     "/data/xjs/index/dvstor_sift100m/index/sift100m_R96_bw128_metis_pmd32_pq32_schema16"
storage shard:                    "/data/xjs/index/dvstor_sift100m/index/sift100m_R96_bw128_metis_pmd32_pq32_schema16_node2_of5.dat"
storage id:                       1
base vectors:                     100000000
vector ID namespace [0,N):        4294967295
registered memory GiB:            24
====================================================================
1 device(s) found
Selected device: ibp86s0
Selected port state: 4, lid: 8
interleaved policy
num_cores: 112
physical cores per socket: 28
hyperthreading enabled
local process CPU partition: rank 1/5 logical_cpus=22
pairing: 46313 -- 118592
[STATUS]: loaded index metadata from /data/xjs/index/dvstor_sift100m/index/sift100m_R96_bw128_metis_pmd32_pq32_schema16 (layout=plain, vector_data_type=uint8)
[STATUS]: storage-owner stage2 candidate width L=128 per shard
allocation size: 25769803776
allocated ALIGNED MEM (no hugepage) at 133852416704576 with buffer size 25769803776
[STATUS]: loading index (20436190144 Bytes) from /data/xjs/index/dvstor_sift100m/index/sift100m_R96_bw128_metis_pmd32_pq32_schema16_node2_of5.dat
[STATUS]: loaded GPU PQ codes (659231936 Bytes) at remote offset 20436194240
[STATUS]: storage-owner idmap loaded entries=20000000 format=owner_sharded_v2_bound immutable_base=true dynamic_shards=256 dynamic_reserved=65536
[STATUS]: compensated physical centroid restored on shard 1: vectors=20600998 entries=4
[STATUS]: register memory and distribute access token
[STATUS]: connect QPs of compute threads
[STATUS]: reserving 64 GPU/bootstrap QPs per compute node
pairing: 46317 -- 118597
pairing: 46323 -- 118602
pairing: 46328 -- 118607
pairing: 46333 -- 118612
pairing: 46338 -- 118617
pairing: 46343 -- 118622
pairing: 46348 -- 118627
pairing: 46353 -- 118632
pairing: 46358 -- 118637
pairing: 46363 -- 118642
pairing: 46368 -- 118647
pairing: 46373 -- 118652
pairing: 46378 -- 118657
pairing: 46383 -- 118662
pairing: 46388 -- 118667
pairing: 46393 -- 118672
pairing: 46398 -- 118677
pairing: 46403 -- 118682
pairing: 46408 -- 118687
pairing: 46413 -- 118692
pairing: 46418 -- 118697
pairing: 46423 -- 118702
pairing: 46428 -- 118707
pairing: 46433 -- 118712
pairing: 46438 -- 118717
pairing: 46443 -- 118722
pairing: 46448 -- 118727
pairing: 46453 -- 118732
pairing: 46458 -- 118737
pairing: 46463 -- 118742
pairing: 46468 -- 118747
pairing: 46473 -- 118752
pairing: 46478 -- 118788
pairing: 46513 -- 118789
pairing: 46514 -- 118790
pairing: 46515 -- 118791
pairing: 46516 -- 118792
pairing: 46517 -- 118793
pairing: 46518 -- 118794
pairing: 46519 -- 118795
pairing: 46520 -- 118796
pairing: 46521 -- 118797
pairing: 46522 -- 118798
pairing: 46523 -- 118799
pairing: 46524 -- 118800
pairing: 46525 -- 118801
pairing: 46526 -- 118802
pairing: 46527 -- 118803
pairing: 46528 -- 118804
pairing: 46529 -- 118805
pairing: 46530 -- 118806
pairing: 46531 -- 118807
pairing: 46532 -- 118808
pairing: 46533 -- 118809
pairing: 46534 -- 118810
pairing: 46535 -- 118811
pairing: 46536 -- 118812
pairing: 46537 -- 118813
pairing: 46538 -- 118814
pairing: 46539 -- 118815
pairing: 46540 -- 118816
pairing: 46541 -- 118817
pairing: 46542 -- 118818
pairing: 46543 -- 118819
[STATUS]: waiting for compute-node startup barrier
1 device(s) found
Selected device: ibp86s0
Selected port state: 4, lid: 8
pairing: 46638 -- 46637
pairing: 46642 -- 46646
pairing: 46648 -- 46654
pairing: 46656 -- 46663
pairing: 46665 -- 46670
pairing: 46673 -- 46678
pairing: 46681 -- 46686
pairing: 46689 -- 46694
pairing: 46697 -- 46701
pairing: 46704 -- 46703
pairing: 46707 -- 46705
pairing: 46709 -- 46706
pairing: 46711 -- 46708
pairing: 46713 -- 46710
pairing: 46715 -- 46712
pairing: 46717 -- 46714
pairing: 46719 -- 46716
pairing: 46721 -- 46718
pairing: 46723 -- 46720
pairing: 46725 -- 46722
pairing: 46727 -- 46724
pairing: 46729 -- 46726
pairing: 46731 -- 46728
pairing: 46733 -- 46730
pairing: 46736 -- 46732
pairing: 46737 -- 46734
pairing: 46739 -- 46735
pairing: 46742 -- 46738
pairing: 46744 -- 46740
pairing: 46745 -- 46741
pairing: 46748 -- 46743
pairing: 46749 -- 46747
[STATUS]: storage-owner peer RDMA QPs per peer: 8
[STATUS]: storage-owner peer QP0 reserved for RPC; data RDMA uses QP1..7
allocated ALIGNED MEM (no hugepage) at 133851349254208 with buffer size 67108864
allocated ALIGNED MEM (no hugepage) at 98731373568576 with buffer size 25920
[STATUS]: storage-owner peer RPC receive slots per peer: 64 (requested=64)
[STATUS]: storage-owner peer RPC concurrent sends per peer: 16
[STATUS]: storage-owner peer RPC send credits: Stage1/graph are split at depth >= 2; responses use a dedicated sync buffer
[STATUS]: storage-owner peer async response capacity: 32768
[STATUS]: storage-owner peer update RPC payloads: disabled by append-only synchronous-exact mode
allocated ALIGNED MEM (no hugepage) at 98731373672320 with buffer size 110592
[STATUS]: storage-owner peer reverse-update workers: 0
[STATUS]: storage-owner peer Stage1 workers: 0; Stage2-home workers: 0 (disabled by synchronous-exact mode)
[STATUS]: storage-owner physical control workers: cleanup=0 placement=0 (separate blocking domains)
[STATUS]: storage-owner peer progress threads: cq=0 response_dispatch=0
[STATUS]: storage-owner target-side update workers and Stage1/cleanup/migration artifacts: disabled by append-only synchronous-exact mode
[STATUS]: storage-owner peer reverse-update tuning: queue_depth=65536 coalesce_max=256
[STATUS]: storage-owner Stage2 maintenance executor: disabled (synchronous-exact; no descriptor ring or public debt)
[STATUS]: storage-owner peer RDMA read credits: per_data_qp=8 data_qps_per_peer=7 per_peer=56 global=224 shared_cq_read_budget=8095 ordered_snapshot_pairs_per_chain=4 (requested_per_data_qp=16)
[STATUS]: storage-owner online insert tuning: construction_beam=128 snapshot_batch=256 protocol=single-owner-synchronous-exact
[STATUS]: storage-owner exact=append-only global search+prune+stable write+one-sided backlinks before token completion; upsert/erase/stage1/stage2/migration=disabled
[STATUS]: storage-owner responses=foreground direct post; completion=repost by service poller
[STATUS]: storage-owner foreground pipeline: coordinators=16 cpu_lanes=16 (assigned_cpus=22, rpc_parallelism=16)
[STATUS]: storage-owner CPU plan: foreground_cpu=16 foreground_coordinators=16 maintenance=0 peer_stage1=0 (split into isolated Stage1/Stage2-home domains) peer_reverse=0 peer_cleanup=0 peer_placement=0 peer_progress=0 foreground_progress=1
allocated ALIGNED MEM (no hugepage) at 133851585077312 with buffer size 213824
allocated ALIGNED MEM (no hugepage) at 133851584659520 with buffer size 213824
allocated ALIGNED MEM (no hugepage) at 133851584241728 with buffer size 213824
allocated ALIGNED MEM (no hugepage) at 133851580043328 with buffer size 213824
allocated ALIGNED MEM (no hugepage) at 133851577425984 with buffer size 213824
allocated ALIGNED MEM (no hugepage) at 133851577008192 with buffer size 213824
allocated ALIGNED MEM (no hugepage) at 133851576590400 with buffer size 213824
allocated ALIGNED MEM (no hugepage) at 133851576172608 with buffer size 213824
allocated ALIGNED MEM (no hugepage) at 133851573432384 with buffer size 213824
allocated ALIGNED MEM (no hugepage) at 133851573014592 with buffer size 213824
allocated ALIGNED MEM (no hugepage) at 133851572596800 with buffer size 213824
allocated ALIGNED MEM (no hugepage) at 133851572179008 with buffer size 213824
allocated ALIGNED MEM (no hugepage) at 133851571761216 with buffer size 213824
allocated ALIGNED MEM (no hugepage) at 133851569037376 with buffer size 213824
allocated ALIGNED MEM (no hugepage) at 133851568619584 with buffer size 213824
allocated ALIGNED MEM (no hugepage) at 133851568201792 with buffer size 213824
[STATUS]: storage-owner insert runtime enabled on shard 1
