============================================================
                        SERVER
============================================================
num clients:                  1
TCP port:                     1237
IB device:                    <auto>
IB port:                      1
max outstanding CQEs:         64
max send work requests:       4096
max receive work requests:    4096
============================================================
index prefix:                     "/data/xjs/index/dvstor_sift100m/index/sift100m_R96_bw128_metis_pmd32_pq32_schema16"
storage shard:                    "/data/xjs/index/dvstor_sift100m/index/sift100m_R96_bw128_metis_pmd32_pq32_schema16_node4_of5.dat"
storage id:                       3
base vectors:                     100000000
vector ID namespace [0,N):        4294967295
registered memory GiB:            24
====================================================================
1 device(s) found
Selected device: ibp86s0
Selected port state: 4, lid: 8
interleaved policy
num_cores: 112
physical cores per socket: 28
hyperthreading enabled
local process CPU partition: rank 3/5 logical_cpus=22
pairing: 46315 -- 118594
[STATUS]: loaded index metadata from /data/xjs/index/dvstor_sift100m/index/sift100m_R96_bw128_metis_pmd32_pq32_schema16 (layout=plain, vector_data_type=uint8)
[STATUS]: storage-owner stage2 candidate width L=128 per shard
allocation size: 25769803776
allocated ALIGNED MEM (no hugepage) at 129747510100032 with buffer size 25769803776
[STATUS]: loading index (20436190144 Bytes) from /data/xjs/index/dvstor_sift100m/index/sift100m_R96_bw128_metis_pmd32_pq32_schema16_node4_of5.dat
[STATUS]: loaded GPU PQ codes (659231936 Bytes) at remote offset 20436194240
[STATUS]: storage-owner idmap loaded entries=20000000 format=owner_sharded_v2_bound immutable_base=true dynamic_shards=256 dynamic_reserved=65536
[STATUS]: compensated physical centroid restored on shard 3: vectors=20600998 entries=4
[STATUS]: register memory and distribute access token
[STATUS]: connect QPs of compute threads
[STATUS]: reserving 64 GPU/bootstrap QPs per compute node
pairing: 46320 -- 118599
pairing: 46325 -- 118604
pairing: 46330 -- 118609
pairing: 46335 -- 118614
pairing: 46340 -- 118619
pairing: 46345 -- 118624
pairing: 46350 -- 118629
pairing: 46355 -- 118634
pairing: 46360 -- 118639
pairing: 46365 -- 118644
pairing: 46370 -- 118649
pairing: 46375 -- 118654
pairing: 46380 -- 118659
pairing: 46385 -- 118664
pairing: 46390 -- 118669
pairing: 46395 -- 118674
pairing: 46400 -- 118679
pairing: 46405 -- 118684
pairing: 46410 -- 118689
pairing: 46415 -- 118694
pairing: 46420 -- 118699
pairing: 46425 -- 118704
pairing: 46430 -- 118709
pairing: 46435 -- 118714
pairing: 46440 -- 118719
pairing: 46445 -- 118724
pairing: 46450 -- 118729
pairing: 46455 -- 118734
pairing: 46460 -- 118739
pairing: 46465 -- 118744
pairing: 46470 -- 118749
pairing: 46475 -- 118754
pairing: 46480 -- 118852
pairing: 46575 -- 118853
pairing: 46576 -- 118854
pairing: 46577 -- 118855
pairing: 46578 -- 118856
pairing: 46579 -- 118857
pairing: 46580 -- 118858
pairing: 46581 -- 118859
pairing: 46582 -- 118860
pairing: 46583 -- 118861
pairing: 46584 -- 118862
pairing: 46585 -- 118863
pairing: 46586 -- 118864
pairing: 46587 -- 118865
pairing: 46588 -- 118866
pairing: 46589 -- 118867
pairing: 46590 -- 118868
pairing: 46591 -- 118869
pairing: 46592 -- 118870
pairing: 46593 -- 118871
pairing: 46594 -- 118872
pairing: 46595 -- 118873
pairing: 46596 -- 118874
pairing: 46597 -- 118875
pairing: 46598 -- 118876
pairing: 46599 -- 118877
pairing: 46600 -- 118878
pairing: 46601 -- 118879
pairing: 46602 -- 118880
pairing: 46603 -- 118881
pairing: 46604 -- 118882
pairing: 46605 -- 118883
[STATUS]: waiting for compute-node startup barrier
1 device(s) found
Selected device: ibp86s0
Selected port state: 4, lid: 8
pairing: 46640 -- 46645
pairing: 46647 -- 46652
pairing: 46655 -- 46660
pairing: 46662 -- 46668
pairing: 46671 -- 46676
pairing: 46679 -- 46684
pairing: 46687 -- 46692
pairing: 46695 -- 46700
pairing: 46703 -- 46704
pairing: 46708 -- 46711
pairing: 46714 -- 46717
pairing: 46720 -- 46723
pairing: 46726 -- 46729
pairing: 46732 -- 46736
pairing: 46738 -- 46742
pairing: 46743 -- 46748
pairing: 46750 -- 46746
pairing: 46752 -- 46754
pairing: 46756 -- 46759
pairing: 46761 -- 46762
pairing: 46765 -- 46766
pairing: 46769 -- 46770
pairing: 46773 -- 46775
pairing: 46777 -- 46778
pairing: 46781 -- 46782
pairing: 46784 -- 46783
pairing: 46785 -- 46786
pairing: 46787 -- 46788
pairing: 46789 -- 46790
pairing: 46792 -- 46791
pairing: 46793 -- 46794
pairing: 46795 -- 46796
[STATUS]: storage-owner peer RDMA QPs per peer: 8
[STATUS]: storage-owner peer QP0 reserved for RPC; data RDMA uses QP1..7
allocated ALIGNED MEM (no hugepage) at 129746442649664 with buffer size 67108864
allocated ALIGNED MEM (no hugepage) at 101300034454080 with buffer size 25920
[STATUS]: storage-owner peer RPC receive slots per peer: 64 (requested=64)
[STATUS]: storage-owner peer RPC concurrent sends per peer: 16
[STATUS]: storage-owner peer RPC send credits: Stage1/graph are split at depth >= 2; responses use a dedicated sync buffer
[STATUS]: storage-owner peer async response capacity: 32768
[STATUS]: storage-owner peer update RPC payloads: disabled by append-only synchronous-exact mode
allocated ALIGNED MEM (no hugepage) at 101300034557824 with buffer size 110592
[STATUS]: storage-owner peer reverse-update workers: 0
[STATUS]: storage-owner peer Stage1 workers: 0; Stage2-home workers: 0 (disabled by synchronous-exact mode)
[STATUS]: storage-owner physical control workers: cleanup=0 placement=0 (separate blocking domains)
[STATUS]: storage-owner peer progress threads: cq=0 response_dispatch=0
[STATUS]: storage-owner target-side update workers and Stage1/cleanup/migration artifacts: disabled by append-only synchronous-exact mode
[STATUS]: storage-owner peer reverse-update tuning: queue_depth=65536 coalesce_max=256
[STATUS]: storage-owner Stage2 maintenance executor: disabled (synchronous-exact; no descriptor ring or public debt)
[STATUS]: storage-owner peer RDMA read credits: per_data_qp=8 data_qps_per_peer=7 per_peer=56 global=224 shared_cq_read_budget=8095 ordered_snapshot_pairs_per_chain=4 (requested_per_data_qp=16)
[STATUS]: storage-owner online insert tuning: construction_beam=128 snapshot_batch=256 protocol=single-owner-synchronous-exact
[STATUS]: storage-owner exact=append-only global search+prune+stable write+one-sided backlinks before token completion; upsert/erase/stage1/stage2/migration=disabled
[STATUS]: storage-owner responses=foreground direct post; completion=repost by service poller
[STATUS]: storage-owner foreground pipeline: coordinators=16 cpu_lanes=16 (assigned_cpus=22, rpc_parallelism=16)
[STATUS]: storage-owner CPU plan: foreground_cpu=16 foreground_coordinators=16 maintenance=0 peer_stage1=0 (split into isolated Stage1/Stage2-home domains) peer_reverse=0 peer_cleanup=0 peer_placement=0 peer_progress=0 foreground_progress=1
allocated ALIGNED MEM (no hugepage) at 129746678607936 with buffer size 213824
allocated ALIGNED MEM (no hugepage) at 129746678190144 with buffer size 213824
allocated ALIGNED MEM (no hugepage) at 129746677772352 with buffer size 213824
allocated ALIGNED MEM (no hugepage) at 129746673438784 with buffer size 213824
allocated ALIGNED MEM (no hugepage) at 129746670821440 with buffer size 213824
allocated ALIGNED MEM (no hugepage) at 129746670403648 with buffer size 213824
allocated ALIGNED MEM (no hugepage) at 129746669985856 with buffer size 213824
allocated ALIGNED MEM (no hugepage) at 129746669568064 with buffer size 213824
allocated ALIGNED MEM (no hugepage) at 129746666827840 with buffer size 213824
allocated ALIGNED MEM (no hugepage) at 129746666410048 with buffer size 213824
allocated ALIGNED MEM (no hugepage) at 129746665992256 with buffer size 213824
allocated ALIGNED MEM (no hugepage) at 129746665574464 with buffer size 213824
allocated ALIGNED MEM (no hugepage) at 129746665156672 with buffer size 213824
allocated ALIGNED MEM (no hugepage) at 129746662432832 with buffer size 213824
allocated ALIGNED MEM (no hugepage) at 129746662015040 with buffer size 213824
allocated ALIGNED MEM (no hugepage) at 129746661597248 with buffer size 213824
[STATUS]: storage-owner insert runtime enabled on shard 3
