[breakdown] concurrency clients=16 source=explicit auto_required=80 auto_cap=1024 gpu_query_slots=256 storage_rpc_inflight=80 (5x16) derivation=shards_x_storage_rpc_depth
[breakdown] insert: /data/xjs/datasets/spacev1b/spacev100m/spacev110m_to_120m_insert.i8bin [110000000,120000000)
[ 17%] Built target rdma_library
[ 23%] Built target dvstor_gpu_kernels
[ 82%] Built target dvstor_runtime
[ 88%] Built target dvstor_breakdown_support
[100%] Built target dvstor_breakdown_benchmark
[mn-memory] required=23 GiB source=metadata policy=20% of base nodes limiting_shard=4 dynamic_slots=4077777 record_bytes=992
[breakdown] profile=04_gpu_persistent_gpunetio_baseline command: /home/xjs/experiment/dvstor/build/dvstor_breakdown_benchmark --service-config /home/xjs/experiment/dvstor/experiment/spacev100m/program1/results/program1_20260830_220253/baseline/04_gpu_persistent_gpunetio_baseline/service_04_gpu_persistent_gpunetio_baseline_20260830_220316.ini --profile-name 04_gpu_persistent_gpunetio_baseline --system-variant-label baseline --workload insert --warmup-ops 128 --measure-ops 1000 --warmup-seconds 0 --measure-seconds 0 --client-threads 16 --read-ratio 0.5 --mixed-mode fixed_threads --write-threads 0 --target-query-qps 0 --target-write-qps 0 --write-insert-ratio 1 --write-upsert-ratio 0 --write-delete-ratio 0 --report-json /home/xjs/experiment/dvstor/experiment/spacev100m/program1/results/program1_20260830_220253/baseline/04_gpu_persistent_gpunetio_baseline/spacev100m_04_gpu_persistent_gpunetio_baseline_20260830_220316.json --report-text /home/xjs/experiment/dvstor/experiment/spacev100m/program1/results/program1_20260830_220253/baseline/04_gpu_persistent_gpunetio_baseline/spacev100m_04_gpu_persistent_gpunetio_baseline_20260830_220316.txt --recall-query-file /data/xjs/index/dvstor_spacev100m/prepared/recall_query.i8bin --groundtruth-file /data/xjs/index/dvstor_spacev100m/prepared/recall_groundtruth.bin --recall-queries 1 --recall-k 10 --recall-mode all --recall-base-id-limit 0 --insert-start-id 101000000 --insert-file /data/xjs/datasets/spacev1b/spacev100m/spacev110m_to_120m_insert.i8bin --storage-maintenance-log /home/xjs/experiment/dvstor/experiment/spacev100m/logs/memory_node_1_04_gpu_persistent_gpunetio_baseline.log --storage-maintenance-log /home/xjs/experiment/dvstor/experiment/spacev100m/logs/memory_node_2_04_gpu_persistent_gpunetio_baseline.log --storage-maintenance-log /home/xjs/experiment/dvstor/experiment/spacev100m/logs/memory_node_3_04_gpu_persistent_gpunetio_baseline.log --storage-maintenance-log /home/xjs/experiment/dvstor/experiment/spacev100m/logs/memory_node_4_04_gpu_persistent_gpunetio_baseline.log --storage-maintenance-log /home/xjs/experiment/dvstor/experiment/spacev100m/logs/memory_node_5_04_gpu_persistent_gpunetio_baseline.log
============================================================
                        CLIENT
============================================================
connect to:                   [192.168.6.202:1234, 192.168.6.202:1235, 192.168.6.202:1236, 192.168.6.202:1237, 192.168.6.202:1238, ]
is initiator:                 true
TCP port:                     2234
QP handshake timeout (ms):    10000
IB device:                    <auto>
IB port:                      1
max outstanding CQEs:         64
max send work requests:       4096
max receive work requests:    4096
============================================================
index prefix:                     "/data/xjs/index/dvstor_spacev100m/index/spacev100m_R96_bw128_metis_pmd32_pq20_schema16"
threads:                          64
dimension:                        100
max vectors:                      100000000
vector ID namespace [0,N):        4294967295
K / R:                            10 / 96
vector data type:                 int8
--------------------------------------------------------------------
query engine:                     persistent_gpu_opq_pq
remote transport:                 GPU-initiated GPUNetIO
GPU device:                       1
GPU concurrent query slots:       256
GPU memory limit/reserve GiB:     40/4
GPU traversal/rerank width:       128/128
GPU max expansions:               384
GPU device stack bytes/thread:    4096
GPU graph commit/issue width:     16/32
dynamic graph access mode:        adaptive
GPU graph read policy:            live-extent
GPU dynamic graph extent:         true
GPU-RDMA progression mode:        decoupled
GPU Beam merge policy:            stable-run
query RDMA trace mode/rate:       off/1000
query RDMA trace output:          ""
GPU RDMA QPs per storage node:    32
GPU direct CQ timeout ms:         250
GPU persistent blocks/SM cap:     4
compute updates enabled:          true
storage update completion mode:   coupled
storage update protocol:          single-owner synchronous exact
storage RPC depth/batch:          16/32
storage batch max wait us:        10000
storage Stage2 batch max wait us: 25000
storage Stage2 initial delay ms:  0
Stage2 exact score-many:          true
Stage2 home RPC combining:        true
Stage2 graph issue width:         16
storage peer QPs per peer:        8
storage stage2 maintenance:       8 workers, backlog 65536
====================================================================
[breakdown] workload input preflight passed before service startup
1 device(s) found
Selected device: mlx5_0
Selected port state: 4, lid: 1, active_mtu: 5
interleaved policy
num_cores: 112
physical cores per socket: 28
hyperthreading enabled
local process CPU partition: rank 0/1 logical_cpus=112
[STATUS]: loaded schema-16 GPU index metadata from /data/xjs/index/dvstor_spacev100m/index/spacev100m_R96_bw128_metis_pmd32_pq20_schema16 (OPQ/PQ20, vector_data_type=int8)
client id: 0
number of clients: 1
connect to server 192.168.6.202:1234
pairing: 9339 -- 79920
connect to server 192.168.6.202:1235
pairing: 9340 -- 79921
connect to server 192.168.6.202:1236
pairing: 9341 -- 79922
connect to server 192.168.6.202:1237
pairing: 9342 -- 79923
connect to server 192.168.6.202:1238
pairing: 9343 -- 79924
[STATUS]: receive access tokens of remote memory regions
[STATUS]: storage-owner authority: deterministic ID shard; physical placement: storage directory + centroid home
[STATUS]: search: GPU-persistent OPQ/PQ20 beam + final RDMA exact rerank
[gpu-search] ASFE device stack bytes/thread=4096 requested=4096
[gpu-search] synthesized navigation manifest in memory from metadata
[gpu-search] graph-read-policy=live-extent extent_quantum=8 extent_source="/data/xjs/index/dvstor_spacev100m/index/spacev100m_R96_bw128_metis_pmd32_pq20_schema16.gextent8" extent_classes=100000000 extent_payload_bytes=100000000
[gpu-search] query routing=versioned centroid routes centroid_shards=5 live_entries_per_shard=4 start_shards=1
[gpu-search] device=NVIDIA A800 80GB PCIe cc=8.0 sm_count=108 global_memory=85119205376 gpudirect_rdma=1
[gpu-search] navigation budget codes=2000000000 dynamic_code_scratch=14680064 dynamic_code_arena=616458384 dynamic_code_arena_slots=25685766 dynamic_request_scratch=10485760 navigation_candidates=6291456 direct_queue_scratch=1866240 graph_scratch=16777216 graph_request_metadata=32768 speculative_graph_request_metadata=270336 graph_extent_classes=100000000 query_rdma_trace=0 centroid_route=528 shard_centroids=2000 explicit=3116937160 limit=38654705664 bytes
[STATUS]: exporting GPUNetIO QP resource=0 lane=0 server=0 qpn=9344 gpu_pci=0000:5C:00.0 ibdev=mlx5_0 handler=GPU_SM_DB
[STATUS]: exporting GPUNetIO QP resource=0 lane=0 server=1 qpn=9345 gpu_pci=0000:5C:00.0 ibdev=mlx5_0 handler=GPU_SM_DB
[STATUS]: exporting GPUNetIO QP resource=0 lane=0 server=2 qpn=9346 gpu_pci=0000:5C:00.0 ibdev=mlx5_0 handler=GPU_SM_DB
[STATUS]: exporting GPUNetIO QP resource=0 lane=0 server=3 qpn=9347 gpu_pci=0000:5C:00.0 ibdev=mlx5_0 handler=GPU_SM_DB
[STATUS]: exporting GPUNetIO QP resource=0 lane=0 server=4 qpn=9348 gpu_pci=0000:5C:00.0 ibdev=mlx5_0 handler=GPU_SM_DB
[STATUS]: exporting GPUNetIO QP resource=0 lane=1 server=0 qpn=9349 gpu_pci=0000:5C:00.0 ibdev=mlx5_0 handler=GPU_SM_DB
[STATUS]: exporting GPUNetIO QP resource=0 lane=1 server=1 qpn=9350 gpu_pci=0000:5C:00.0 ibdev=mlx5_0 handler=GPU_SM_DB
[STATUS]: exporting GPUNetIO QP resource=0 lane=1 server=2 qpn=9351 gpu_pci=0000:5C:00.0 ibdev=mlx5_0 handler=GPU_SM_DB
[STATUS]: exporting GPUNetIO QP resource=0 lane=1 server=3 qpn=9352 gpu_pci=0000:5C:00.0 ibdev=mlx5_0 handler=GPU_SM_DB
[STATUS]: exporting GPUNetIO QP resource=0 lane=1 server=4 qpn=9353 gpu_pci=0000:5C:00.0 ibdev=mlx5_0 handler=GPU_SM_DB
[STATUS]: exporting GPUNetIO QP resource=0 lane=2 server=0 qpn=9354 gpu_pci=0000:5C:00.0 ibdev=mlx5_0 handler=GPU_SM_DB
[STATUS]: exporting GPUNetIO QP resource=0 lane=2 server=1 qpn=9355 gpu_pci=0000:5C:00.0 ibdev=mlx5_0 handler=GPU_SM_DB
[STATUS]: exporting GPUNetIO QP resource=0 lane=2 server=2 qpn=9356 gpu_pci=0000:5C:00.0 ibdev=mlx5_0 handler=GPU_SM_DB
[STATUS]: exporting GPUNetIO QP resource=0 lane=2 server=3 qpn=9357 gpu_pci=0000:5C:00.0 ibdev=mlx5_0 handler=GPU_SM_DB
[STATUS]: exporting GPUNetIO QP resource=0 lane=2 server=4 qpn=9358 gpu_pci=0000:5C:00.0 ibdev=mlx5_0 handler=GPU_SM_DB
[STATUS]: exporting GPUNetIO QP resource=0 lane=3 server=0 qpn=9359 gpu_pci=0000:5C:00.0 ibdev=mlx5_0 handler=GPU_SM_DB
[STATUS]: exporting GPUNetIO QP resource=0 lane=3 server=1 qpn=9360 gpu_pci=0000:5C:00.0 ibdev=mlx5_0 handler=GPU_SM_DB
[STATUS]: exporting GPUNetIO QP resource=0 lane=3 server=2 qpn=9361 gpu_pci=0000:5C:00.0 ibdev=mlx5_0 handler=GPU_SM_DB
[STATUS]: exporting GPUNetIO QP resource=0 lane=3 server=3 qpn=9362 gpu_pci=0000:5C:00.0 ibdev=mlx5_0 handler=GPU_SM_DB
[STATUS]: exporting GPUNetIO QP resource=0 lane=3 server=4 qpn=9363 gpu_pci=0000:5C:00.0 ibdev=mlx5_0 handler=GPU_SM_DB
[STATUS]: exporting GPUNetIO QP resource=0 lane=4 server=0 qpn=9364 gpu_pci=0000:5C:00.0 ibdev=mlx5_0 handler=GPU_SM_DB
[STATUS]: exporting GPUNetIO QP resource=0 lane=4 server=1 qpn=9365 gpu_pci=0000:5C:00.0 ibdev=mlx5_0 handler=GPU_SM_DB
[STATUS]: exporting GPUNetIO QP resource=0 lane=4 server=2 qpn=9366 gpu_pci=0000:5C:00.0 ibdev=mlx5_0 handler=GPU_SM_DB
[STATUS]: exporting GPUNetIO QP resource=0 lane=4 server=3 qpn=9367 gpu_pci=0000:5C:00.0 ibdev=mlx5_0 handler=GPU_SM_DB
[STATUS]: exporting GPUNetIO QP resource=0 lane=4 server=4 qpn=9368 gpu_pci=0000:5C:00.0 ibdev=mlx5_0 handler=GPU_SM_DB
[STATUS]: exporting GPUNetIO QP resource=0 lane=5 server=0 qpn=9369 gpu_pci=0000:5C:00.0 ibdev=mlx5_0 handler=GPU_SM_DB
[STATUS]: exporting GPUNetIO QP resource=0 lane=5 server=1 qpn=9370 gpu_pci=0000:5C:00.0 ibdev=mlx5_0 handler=GPU_SM_DB
[STATUS]: exporting GPUNetIO QP resource=0 lane=5 server=2 qpn=9371 gpu_pci=0000:5C:00.0 ibdev=mlx5_0 handler=GPU_SM_DB
[STATUS]: exporting GPUNetIO QP resource=0 lane=5 server=3 qpn=9372 gpu_pci=0000:5C:00.0 ibdev=mlx5_0 handler=GPU_SM_DB
[STATUS]: exporting GPUNetIO QP resource=0 lane=5 server=4 qpn=9373 gpu_pci=0000:5C:00.0 ibdev=mlx5_0 handler=GPU_SM_DB
[STATUS]: exporting GPUNetIO QP resource=0 lane=6 server=0 qpn=9374 gpu_pci=0000:5C:00.0 ibdev=mlx5_0 handler=GPU_SM_DB
[STATUS]: exporting GPUNetIO QP resource=0 lane=6 server=1 qpn=9375 gpu_pci=0000:5C:00.0 ibdev=mlx5_0 handler=GPU_SM_DB
[STATUS]: exporting GPUNetIO QP resource=0 lane=6 server=2 qpn=9376 gpu_pci=0000:5C:00.0 ibdev=mlx5_0 handler=GPU_SM_DB
[STATUS]: exporting GPUNetIO QP resource=0 lane=6 server=3 qpn=9377 gpu_pci=0000:5C:00.0 ibdev=mlx5_0 handler=GPU_SM_DB
[STATUS]: exporting GPUNetIO QP resource=0 lane=6 server=4 qpn=9378 gpu_pci=0000:5C:00.0 ibdev=mlx5_0 handler=GPU_SM_DB
[STATUS]: exporting GPUNetIO QP resource=0 lane=7 server=0 qpn=9379 gpu_pci=0000:5C:00.0 ibdev=mlx5_0 handler=GPU_SM_DB
[STATUS]: exporting GPUNetIO QP resource=0 lane=7 server=1 qpn=9380 gpu_pci=0000:5C:00.0 ibdev=mlx5_0 handler=GPU_SM_DB
[STATUS]: exporting GPUNetIO QP resource=0 lane=7 server=2 qpn=9381 gpu_pci=0000:5C:00.0 ibdev=mlx5_0 handler=GPU_SM_DB
[STATUS]: exporting GPUNetIO QP resource=0 lane=7 server=3 qpn=9382 gpu_pci=0000:5C:00.0 ibdev=mlx5_0 handler=GPU_SM_DB
[STATUS]: exporting GPUNetIO QP resource=0 lane=7 server=4 qpn=9383 gpu_pci=0000:5C:00.0 ibdev=mlx5_0 handler=GPU_SM_DB
[STATUS]: exporting GPUNetIO QP resource=0 lane=8 server=0 qpn=9384 gpu_pci=0000:5C:00.0 ibdev=mlx5_0 handler=GPU_SM_DB
[STATUS]: exporting GPUNetIO QP resource=0 lane=8 server=1 qpn=9385 gpu_pci=0000:5C:00.0 ibdev=mlx5_0 handler=GPU_SM_DB
[STATUS]: exporting GPUNetIO QP resource=0 lane=8 server=2 qpn=9386 gpu_pci=0000:5C:00.0 ibdev=mlx5_0 handler=GPU_SM_DB
[STATUS]: exporting GPUNetIO QP resource=0 lane=8 server=3 qpn=9387 gpu_pci=0000:5C:00.0 ibdev=mlx5_0 handler=GPU_SM_DB
[STATUS]: exporting GPUNetIO QP resource=0 lane=8 server=4 qpn=9388 gpu_pci=0000:5C:00.0 ibdev=mlx5_0 handler=GPU_SM_DB
[STATUS]: exporting GPUNetIO QP resource=0 lane=9 server=0 qpn=9389 gpu_pci=0000:5C:00.0 ibdev=mlx5_0 handler=GPU_SM_DB
[STATUS]: exporting GPUNetIO QP resource=0 lane=9 server=1 qpn=9390 gpu_pci=0000:5C:00.0 ibdev=mlx5_0 handler=GPU_SM_DB
[STATUS]: exporting GPUNetIO QP resource=0 lane=9 server=2 qpn=9391 gpu_pci=0000:5C:00.0 ibdev=mlx5_0 handler=GPU_SM_DB
[STATUS]: exporting GPUNetIO QP resource=0 lane=9 server=3 qpn=9392 gpu_pci=0000:5C:00.0 ibdev=mlx5_0 handler=GPU_SM_DB
[STATUS]: exporting GPUNetIO QP resource=0 lane=9 server=4 qpn=9393 gpu_pci=0000:5C:00.0 ibdev=mlx5_0 handler=GPU_SM_DB
[STATUS]: exporting GPUNetIO QP resource=0 lane=10 server=0 qpn=9394 gpu_pci=0000:5C:00.0 ibdev=mlx5_0 handler=GPU_SM_DB
[STATUS]: exporting GPUNetIO QP resource=0 lane=10 server=1 qpn=9395 gpu_pci=0000:5C:00.0 ibdev=mlx5_0 handler=GPU_SM_DB
[STATUS]: exporting GPUNetIO QP resource=0 lane=10 server=2 qpn=9396 gpu_pci=0000:5C:00.0 ibdev=mlx5_0 handler=GPU_SM_DB
[STATUS]: exporting GPUNetIO QP resource=0 lane=10 server=3 qpn=9397 gpu_pci=0000:5C:00.0 ibdev=mlx5_0 handler=GPU_SM_DB
[STATUS]: exporting GPUNetIO QP resource=0 lane=10 server=4 qpn=9398 gpu_pci=0000:5C:00.0 ibdev=mlx5_0 handler=GPU_SM_DB
[STATUS]: exporting GPUNetIO QP resource=0 lane=11 server=0 qpn=9399 gpu_pci=0000:5C:00.0 ibdev=mlx5_0 handler=GPU_SM_DB
[STATUS]: exporting GPUNetIO QP resource=0 lane=11 server=1 qpn=9400 gpu_pci=0000:5C:00.0 ibdev=mlx5_0 handler=GPU_SM_DB
[STATUS]: exporting GPUNetIO QP resource=0 lane=11 server=2 qpn=9401 gpu_pci=0000:5C:00.0 ibdev=mlx5_0 handler=GPU_SM_DB
[STATUS]: exporting GPUNetIO QP resource=0 lane=11 server=3 qpn=9402 gpu_pci=0000:5C:00.0 ibdev=mlx5_0 handler=GPU_SM_DB
[STATUS]: exporting GPUNetIO QP resource=0 lane=11 server=4 qpn=9403 gpu_pci=0000:5C:00.0 ibdev=mlx5_0 handler=GPU_SM_DB
[STATUS]: exporting GPUNetIO QP resource=0 lane=12 server=0 qpn=9404 gpu_pci=0000:5C:00.0 ibdev=mlx5_0 handler=GPU_SM_DB
[STATUS]: exporting GPUNetIO QP resource=0 lane=12 server=1 qpn=9405 gpu_pci=0000:5C:00.0 ibdev=mlx5_0 handler=GPU_SM_DB
[STATUS]: exporting GPUNetIO QP resource=0 lane=12 server=2 qpn=9406 gpu_pci=0000:5C:00.0 ibdev=mlx5_0 handler=GPU_SM_DB
[STATUS]: exporting GPUNetIO QP resource=0 lane=12 server=3 qpn=9407 gpu_pci=0000:5C:00.0 ibdev=mlx5_0 handler=GPU_SM_DB
[STATUS]: exporting GPUNetIO QP resource=0 lane=12 server=4 qpn=9408 gpu_pci=0000:5C:00.0 ibdev=mlx5_0 handler=GPU_SM_DB
[STATUS]: exporting GPUNetIO QP resource=0 lane=13 server=0 qpn=9409 gpu_pci=0000:5C:00.0 ibdev=mlx5_0 handler=GPU_SM_DB
[STATUS]: exporting GPUNetIO QP resource=0 lane=13 server=1 qpn=9410 gpu_pci=0000:5C:00.0 ibdev=mlx5_0 handler=GPU_SM_DB
[STATUS]: exporting GPUNetIO QP resource=0 lane=13 server=2 qpn=9411 gpu_pci=0000:5C:00.0 ibdev=mlx5_0 handler=GPU_SM_DB
[STATUS]: exporting GPUNetIO QP resource=0 lane=13 server=3 qpn=9412 gpu_pci=0000:5C:00.0 ibdev=mlx5_0 handler=GPU_SM_DB
[STATUS]: exporting GPUNetIO QP resource=0 lane=13 server=4 qpn=9413 gpu_pci=0000:5C:00.0 ibdev=mlx5_0 handler=GPU_SM_DB
[STATUS]: exporting GPUNetIO QP resource=0 lane=14 server=0 qpn=9414 gpu_pci=0000:5C:00.0 ibdev=mlx5_0 handler=GPU_SM_DB
[STATUS]: exporting GPUNetIO QP resource=0 lane=14 server=1 qpn=9415 gpu_pci=0000:5C:00.0 ibdev=mlx5_0 handler=GPU_SM_DB
[STATUS]: exporting GPUNetIO QP resource=0 lane=14 server=2 qpn=9416 gpu_pci=0000:5C:00.0 ibdev=mlx5_0 handler=GPU_SM_DB
[STATUS]: exporting GPUNetIO QP resource=0 lane=14 server=3 qpn=9417 gpu_pci=0000:5C:00.0 ibdev=mlx5_0 handler=GPU_SM_DB
[STATUS]: exporting GPUNetIO QP resource=0 lane=14 server=4 qpn=9418 gpu_pci=0000:5C:00.0 ibdev=mlx5_0 handler=GPU_SM_DB
[STATUS]: exporting GPUNetIO QP resource=0 lane=15 server=0 qpn=9419 gpu_pci=0000:5C:00.0 ibdev=mlx5_0 handler=GPU_SM_DB
[STATUS]: exporting GPUNetIO QP resource=0 lane=15 server=1 qpn=9420 gpu_pci=0000:5C:00.0 ibdev=mlx5_0 handler=GPU_SM_DB
[STATUS]: exporting GPUNetIO QP resource=0 lane=15 server=2 qpn=9421 gpu_pci=0000:5C:00.0 ibdev=mlx5_0 handler=GPU_SM_DB
[STATUS]: exporting GPUNetIO QP resource=0 lane=15 server=3 qpn=9422 gpu_pci=0000:5C:00.0 ibdev=mlx5_0 handler=GPU_SM_DB
[STATUS]: exporting GPUNetIO QP resource=0 lane=15 server=4 qpn=9423 gpu_pci=0000:5C:00.0 ibdev=mlx5_0 handler=GPU_SM_DB
[STATUS]: exporting GPUNetIO QP resource=0 lane=16 server=0 qpn=9424 gpu_pci=0000:5C:00.0 ibdev=mlx5_0 handler=GPU_SM_DB
[STATUS]: exporting GPUNetIO QP resource=0 lane=16 server=1 qpn=9425 gpu_pci=0000:5C:00.0 ibdev=mlx5_0 handler=GPU_SM_DB
[STATUS]: exporting GPUNetIO QP resource=0 lane=16 server=2 qpn=9426 gpu_pci=0000:5C:00.0 ibdev=mlx5_0 handler=GPU_SM_DB
[STATUS]: exporting GPUNetIO QP resource=0 lane=16 server=3 qpn=9427 gpu_pci=0000:5C:00.0 ibdev=mlx5_0 handler=GPU_SM_DB
[STATUS]: exporting GPUNetIO QP resource=0 lane=16 server=4 qpn=9428 gpu_pci=0000:5C:00.0 ibdev=mlx5_0 handler=GPU_SM_DB
[STATUS]: exporting GPUNetIO QP resource=0 lane=17 server=0 qpn=9429 gpu_pci=0000:5C:00.0 ibdev=mlx5_0 handler=GPU_SM_DB
[STATUS]: exporting GPUNetIO QP resource=0 lane=17 server=1 qpn=9430 gpu_pci=0000:5C:00.0 ibdev=mlx5_0 handler=GPU_SM_DB
[STATUS]: exporting GPUNetIO QP resource=0 lane=17 server=2 qpn=9431 gpu_pci=0000:5C:00.0 ibdev=mlx5_0 handler=GPU_SM_DB
[STATUS]: exporting GPUNetIO QP resource=0 lane=17 server=3 qpn=9432 gpu_pci=0000:5C:00.0 ibdev=mlx5_0 handler=GPU_SM_DB
[STATUS]: exporting GPUNetIO QP resource=0 lane=17 server=4 qpn=9433 gpu_pci=0000:5C:00.0 ibdev=mlx5_0 handler=GPU_SM_DB
[STATUS]: exporting GPUNetIO QP resource=0 lane=18 server=0 qpn=9434 gpu_pci=0000:5C:00.0 ibdev=mlx5_0 handler=GPU_SM_DB
[STATUS]: exporting GPUNetIO QP resource=0 lane=18 server=1 qpn=9435 gpu_pci=0000:5C:00.0 ibdev=mlx5_0 handler=GPU_SM_DB
[STATUS]: exporting GPUNetIO QP resource=0 lane=18 server=2 qpn=9436 gpu_pci=0000:5C:00.0 ibdev=mlx5_0 handler=GPU_SM_DB
[STATUS]: exporting GPUNetIO QP resource=0 lane=18 server=3 qpn=9437 gpu_pci=0000:5C:00.0 ibdev=mlx5_0 handler=GPU_SM_DB
[STATUS]: exporting GPUNetIO QP resource=0 lane=18 server=4 qpn=9438 gpu_pci=0000:5C:00.0 ibdev=mlx5_0 handler=GPU_SM_DB
[STATUS]: exporting GPUNetIO QP resource=0 lane=19 server=0 qpn=9439 gpu_pci=0000:5C:00.0 ibdev=mlx5_0 handler=GPU_SM_DB
[STATUS]: exporting GPUNetIO QP resource=0 lane=19 server=1 qpn=9440 gpu_pci=0000:5C:00.0 ibdev=mlx5_0 handler=GPU_SM_DB
[STATUS]: exporting GPUNetIO QP resource=0 lane=19 server=2 qpn=9441 gpu_pci=0000:5C:00.0 ibdev=mlx5_0 handler=GPU_SM_DB
[STATUS]: exporting GPUNetIO QP resource=0 lane=19 server=3 qpn=9442 gpu_pci=0000:5C:00.0 ibdev=mlx5_0 handler=GPU_SM_DB
[STATUS]: exporting GPUNetIO QP resource=0 lane=19 server=4 qpn=9443 gpu_pci=0000:5C:00.0 ibdev=mlx5_0 handler=GPU_SM_DB
[STATUS]: exporting GPUNetIO QP resource=0 lane=20 server=0 qpn=9444 gpu_pci=0000:5C:00.0 ibdev=mlx5_0 handler=GPU_SM_DB
[STATUS]: exporting GPUNetIO QP resource=0 lane=20 server=1 qpn=9445 gpu_pci=0000:5C:00.0 ibdev=mlx5_0 handler=GPU_SM_DB
[STATUS]: exporting GPUNetIO QP resource=0 lane=20 server=2 qpn=9446 gpu_pci=0000:5C:00.0 ibdev=mlx5_0 handler=GPU_SM_DB
[STATUS]: exporting GPUNetIO QP resource=0 lane=20 server=3 qpn=9447 gpu_pci=0000:5C:00.0 ibdev=mlx5_0 handler=GPU_SM_DB
[STATUS]: exporting GPUNetIO QP resource=0 lane=20 server=4 qpn=9448 gpu_pci=0000:5C:00.0 ibdev=mlx5_0 handler=GPU_SM_DB
[STATUS]: exporting GPUNetIO QP resource=0 lane=21 server=0 qpn=9449 gpu_pci=0000:5C:00.0 ibdev=mlx5_0 handler=GPU_SM_DB
[STATUS]: exporting GPUNetIO QP resource=0 lane=21 server=1 qpn=9450 gpu_pci=0000:5C:00.0 ibdev=mlx5_0 handler=GPU_SM_DB
[STATUS]: exporting GPUNetIO QP resource=0 lane=21 server=2 qpn=9451 gpu_pci=0000:5C:00.0 ibdev=mlx5_0 handler=GPU_SM_DB
[STATUS]: exporting GPUNetIO QP resource=0 lane=21 server=3 qpn=9452 gpu_pci=0000:5C:00.0 ibdev=mlx5_0 handler=GPU_SM_DB
[STATUS]: exporting GPUNetIO QP resource=0 lane=21 server=4 qpn=9453 gpu_pci=0000:5C:00.0 ibdev=mlx5_0 handler=GPU_SM_DB
[STATUS]: exporting GPUNetIO QP resource=0 lane=22 server=0 qpn=9454 gpu_pci=0000:5C:00.0 ibdev=mlx5_0 handler=GPU_SM_DB
[STATUS]: exporting GPUNetIO QP resource=0 lane=22 server=1 qpn=9455 gpu_pci=0000:5C:00.0 ibdev=mlx5_0 handler=GPU_SM_DB
[STATUS]: exporting GPUNetIO QP resource=0 lane=22 server=2 qpn=9456 gpu_pci=0000:5C:00.0 ibdev=mlx5_0 handler=GPU_SM_DB
[STATUS]: exporting GPUNetIO QP resource=0 lane=22 server=3 qpn=9457 gpu_pci=0000:5C:00.0 ibdev=mlx5_0 handler=GPU_SM_DB
[STATUS]: exporting GPUNetIO QP resource=0 lane=22 server=4 qpn=9458 gpu_pci=0000:5C:00.0 ibdev=mlx5_0 handler=GPU_SM_DB
[STATUS]: exporting GPUNetIO QP resource=0 lane=23 server=0 qpn=9459 gpu_pci=0000:5C:00.0 ibdev=mlx5_0 handler=GPU_SM_DB
[STATUS]: exporting GPUNetIO QP resource=0 lane=23 server=1 qpn=9460 gpu_pci=0000:5C:00.0 ibdev=mlx5_0 handler=GPU_SM_DB
[STATUS]: exporting GPUNetIO QP resource=0 lane=23 server=2 qpn=9461 gpu_pci=0000:5C:00.0 ibdev=mlx5_0 handler=GPU_SM_DB
[STATUS]: exporting GPUNetIO QP resource=0 lane=23 server=3 qpn=9462 gpu_pci=0000:5C:00.0 ibdev=mlx5_0 handler=GPU_SM_DB
[STATUS]: exporting GPUNetIO QP resource=0 lane=23 server=4 qpn=9463 gpu_pci=0000:5C:00.0 ibdev=mlx5_0 handler=GPU_SM_DB
[STATUS]: exporting GPUNetIO QP resource=0 lane=24 server=0 qpn=9464 gpu_pci=0000:5C:00.0 ibdev=mlx5_0 handler=GPU_SM_DB
[STATUS]: exporting GPUNetIO QP resource=0 lane=24 server=1 qpn=9465 gpu_pci=0000:5C:00.0 ibdev=mlx5_0 handler=GPU_SM_DB
[STATUS]: exporting GPUNetIO QP resource=0 lane=24 server=2 qpn=9466 gpu_pci=0000:5C:00.0 ibdev=mlx5_0 handler=GPU_SM_DB
[STATUS]: exporting GPUNetIO QP resource=0 lane=24 server=3 qpn=9467 gpu_pci=0000:5C:00.0 ibdev=mlx5_0 handler=GPU_SM_DB
[STATUS]: exporting GPUNetIO QP resource=0 lane=24 server=4 qpn=9468 gpu_pci=0000:5C:00.0 ibdev=mlx5_0 handler=GPU_SM_DB
[STATUS]: exporting GPUNetIO QP resource=0 lane=25 server=0 qpn=9469 gpu_pci=0000:5C:00.0 ibdev=mlx5_0 handler=GPU_SM_DB
[STATUS]: exporting GPUNetIO QP resource=0 lane=25 server=1 qpn=9470 gpu_pci=0000:5C:00.0 ibdev=mlx5_0 handler=GPU_SM_DB
[STATUS]: exporting GPUNetIO QP resource=0 lane=25 server=2 qpn=9471 gpu_pci=0000:5C:00.0 ibdev=mlx5_0 handler=GPU_SM_DB
[STATUS]: exporting GPUNetIO QP resource=0 lane=25 server=3 qpn=9472 gpu_pci=0000:5C:00.0 ibdev=mlx5_0 handler=GPU_SM_DB
[STATUS]: exporting GPUNetIO QP resource=0 lane=25 server=4 qpn=9473 gpu_pci=0000:5C:00.0 ibdev=mlx5_0 handler=GPU_SM_DB
[STATUS]: exporting GPUNetIO QP resource=0 lane=26 server=0 qpn=9474 gpu_pci=0000:5C:00.0 ibdev=mlx5_0 handler=GPU_SM_DB
[STATUS]: exporting GPUNetIO QP resource=0 lane=26 server=1 qpn=9475 gpu_pci=0000:5C:00.0 ibdev=mlx5_0 handler=GPU_SM_DB
[STATUS]: exporting GPUNetIO QP resource=0 lane=26 server=2 qpn=9476 gpu_pci=0000:5C:00.0 ibdev=mlx5_0 handler=GPU_SM_DB
[STATUS]: exporting GPUNetIO QP resource=0 lane=26 server=3 qpn=9477 gpu_pci=0000:5C:00.0 ibdev=mlx5_0 handler=GPU_SM_DB
[STATUS]: exporting GPUNetIO QP resource=0 lane=26 server=4 qpn=9478 gpu_pci=0000:5C:00.0 ibdev=mlx5_0 handler=GPU_SM_DB
[STATUS]: exporting GPUNetIO QP resource=0 lane=27 server=0 qpn=9479 gpu_pci=0000:5C:00.0 ibdev=mlx5_0 handler=GPU_SM_DB
[STATUS]: exporting GPUNetIO QP resource=0 lane=27 server=1 qpn=9480 gpu_pci=0000:5C:00.0 ibdev=mlx5_0 handler=GPU_SM_DB
[STATUS]: exporting GPUNetIO QP resource=0 lane=27 server=2 qpn=9481 gpu_pci=0000:5C:00.0 ibdev=mlx5_0 handler=GPU_SM_DB
[STATUS]: exporting GPUNetIO QP resource=0 lane=27 server=3 qpn=9482 gpu_pci=0000:5C:00.0 ibdev=mlx5_0 handler=GPU_SM_DB
[STATUS]: exporting GPUNetIO QP resource=0 lane=27 server=4 qpn=9483 gpu_pci=0000:5C:00.0 ibdev=mlx5_0 handler=GPU_SM_DB
[STATUS]: exporting GPUNetIO QP resource=0 lane=28 server=0 qpn=9484 gpu_pci=0000:5C:00.0 ibdev=mlx5_0 handler=GPU_SM_DB
[STATUS]: exporting GPUNetIO QP resource=0 lane=28 server=1 qpn=9485 gpu_pci=0000:5C:00.0 ibdev=mlx5_0 handler=GPU_SM_DB
[STATUS]: exporting GPUNetIO QP resource=0 lane=28 server=2 qpn=9486 gpu_pci=0000:5C:00.0 ibdev=mlx5_0 handler=GPU_SM_DB
[STATUS]: exporting GPUNetIO QP resource=0 lane=28 server=3 qpn=9487 gpu_pci=0000:5C:00.0 ibdev=mlx5_0 handler=GPU_SM_DB
[STATUS]: exporting GPUNetIO QP resource=0 lane=28 server=4 qpn=9488 gpu_pci=0000:5C:00.0 ibdev=mlx5_0 handler=GPU_SM_DB
[STATUS]: exporting GPUNetIO QP resource=0 lane=29 server=0 qpn=9489 gpu_pci=0000:5C:00.0 ibdev=mlx5_0 handler=GPU_SM_DB
[STATUS]: exporting GPUNetIO QP resource=0 lane=29 server=1 qpn=9490 gpu_pci=0000:5C:00.0 ibdev=mlx5_0 handler=GPU_SM_DB
[STATUS]: exporting GPUNetIO QP resource=0 lane=29 server=2 qpn=9491 gpu_pci=0000:5C:00.0 ibdev=mlx5_0 handler=GPU_SM_DB
[STATUS]: exporting GPUNetIO QP resource=0 lane=29 server=3 qpn=9492 gpu_pci=0000:5C:00.0 ibdev=mlx5_0 handler=GPU_SM_DB
[STATUS]: exporting GPUNetIO QP resource=0 lane=29 server=4 qpn=9493 gpu_pci=0000:5C:00.0 ibdev=mlx5_0 handler=GPU_SM_DB
[STATUS]: exporting GPUNetIO QP resource=0 lane=30 server=0 qpn=9494 gpu_pci=0000:5C:00.0 ibdev=mlx5_0 handler=GPU_SM_DB
[STATUS]: exporting GPUNetIO QP resource=0 lane=30 server=1 qpn=9495 gpu_pci=0000:5C:00.0 ibdev=mlx5_0 handler=GPU_SM_DB
[STATUS]: exporting GPUNetIO QP resource=0 lane=30 server=2 qpn=9496 gpu_pci=0000:5C:00.0 ibdev=mlx5_0 handler=GPU_SM_DB
[STATUS]: exporting GPUNetIO QP resource=0 lane=30 server=3 qpn=9497 gpu_pci=0000:5C:00.0 ibdev=mlx5_0 handler=GPU_SM_DB
[STATUS]: exporting GPUNetIO QP resource=0 lane=30 server=4 qpn=9498 gpu_pci=0000:5C:00.0 ibdev=mlx5_0 handler=GPU_SM_DB
[STATUS]: exporting GPUNetIO QP resource=0 lane=31 server=0 qpn=9499 gpu_pci=0000:5C:00.0 ibdev=mlx5_0 handler=GPU_SM_DB
[STATUS]: exporting GPUNetIO QP resource=0 lane=31 server=1 qpn=9500 gpu_pci=0000:5C:00.0 ibdev=mlx5_0 handler=GPU_SM_DB
[STATUS]: exporting GPUNetIO QP resource=0 lane=31 server=2 qpn=9501 gpu_pci=0000:5C:00.0 ibdev=mlx5_0 handler=GPU_SM_DB
[STATUS]: exporting GPUNetIO QP resource=0 lane=31 server=3 qpn=9502 gpu_pci=0000:5C:00.0 ibdev=mlx5_0 handler=GPU_SM_DB
[STATUS]: exporting GPUNetIO QP resource=0 lane=31 server=4 qpn=9503 gpu_pci=0000:5C:00.0 ibdev=mlx5_0 handler=GPU_SM_DB
[STATUS]: GPUNetIO GPU MR registration=peer_memory bytes=2040528896
[STATUS]: GPUNetIO startup RDMA read probe passed for 160 QPs
[STATUS]: GPUNetIO RDMA Read implementation=manual_wqe_locked
1 device(s) found
Selected device: mlx5_0
Selected port state: 4, lid: 1, active_mtu: 5
pairing: 9504 -- 80085
pairing: 9505 -- 80090
pairing: 9506 -- 80091
pairing: 9507 -- 80092
pairing: 9508 -- 80093
pairing: 9509 -- 80094
pairing: 9510 -- 80095
pairing: 9511 -- 80096
pairing: 9512 -- 80097
pairing: 9513 -- 80098
pairing: 9514 -- 80099
pairing: 9515 -- 80100
pairing: 9516 -- 80101
pairing: 9517 -- 80102
pairing: 9518 -- 80103
pairing: 9519 -- 80104
pairing: 9520 -- 80105
pairing: 9521 -- 80106
pairing: 9522 -- 80107
pairing: 9523 -- 80108
pairing: 9524 -- 80109
pairing: 9525 -- 80110
pairing: 9526 -- 80111
pairing: 9527 -- 80112
pairing: 9528 -- 80113
pairing: 9529 -- 80114
pairing: 9530 -- 80115
pairing: 9531 -- 80116
pairing: 9532 -- 80117
pairing: 9533 -- 80118
pairing: 9534 -- 80119
pairing: 9535 -- 80120
pairing: 9536 -- 80086
pairing: 9537 -- 80121
pairing: 9538 -- 80122
pairing: 9539 -- 80123
pairing: 9540 -- 80124
pairing: 9541 -- 80125
pairing: 9542 -- 80126
pairing: 9543 -- 80127
pairing: 9544 -- 80128
pairing: 9545 -- 80129
pairing: 9546 -- 80130
pairing: 9547 -- 80131
pairing: 9548 -- 80132
pairing: 9549 -- 80133
pairing: 9550 -- 80134
pairing: 9551 -- 80135
pairing: 9552 -- 80136
pairing: 9553 -- 80137
pairing: 9554 -- 80138
pairing: 9555 -- 80139
pairing: 9556 -- 80140
pairing: 9557 -- 80141
pairing: 9558 -- 80142
pairing: 9559 -- 80143
pairing: 9560 -- 80144
pairing: 9561 -- 80145
pairing: 9562 -- 80146
pairing: 9563 -- 80147
pairing: 9564 -- 80148
pairing: 9565 -- 80149
pairing: 9566 -- 80150
pairing: 9567 -- 80151
pairing: 9568 -- 80087
pairing: 9569 -- 80152
pairing: 9570 -- 80153
pairing: 9571 -- 80154
pairing: 9572 -- 80155
pairing: 9573 -- 80156
pairing: 9574 -- 80157
pairing: 9575 -- 80158
pairing: 9576 -- 80159
pairing: 9577 -- 80160
pairing: 9578 -- 80161
pairing: 9579 -- 80162
pairing: 9580 -- 80163
pairing: 9581 -- 80164
pairing: 9582 -- 80165
pairing: 9583 -- 80166
pairing: 9584 -- 80167
pairing: 9585 -- 80168
pairing: 9586 -- 80169
pairing: 9587 -- 80170
pairing: 9588 -- 80171
pairing: 9589 -- 80172
pairing: 9590 -- 80173
pairing: 9591 -- 80174
pairing: 9592 -- 80175
pairing: 9593 -- 80176
pairing: 9594 -- 80177
pairing: 9595 -- 80178
pairing: 9596 -- 80179
pairing: 9597 -- 80180
pairing: 9598 -- 80181
pairing: 9599 -- 80182
pairing: 9600 -- 80088
pairing: 9601 -- 80183
pairing: 9602 -- 80184
pairing: 9603 -- 80185
pairing: 9604 -- 80186
pairing: 9605 -- 80187
pairing: 9606 -- 80188
pairing: 9607 -- 80189
pairing: 9608 -- 80190
pairing: 9609 -- 80191
pairing: 9610 -- 80192
pairing: 9611 -- 80193
pairing: 9612 -- 80194
pairing: 9613 -- 80195
pairing: 9614 -- 80196
pairing: 9615 -- 80197
pairing: 9616 -- 80198
pairing: 9617 -- 80199
pairing: 9618 -- 80200
pairing: 9619 -- 80201
pairing: 9620 -- 80202
pairing: 9621 -- 80203
pairing: 9622 -- 80204
pairing: 9623 -- 80205
pairing: 9624 -- 80206
pairing: 9625 -- 80207
pairing: 9626 -- 80208
pairing: 9627 -- 80209
pairing: 9628 -- 80210
pairing: 9629 -- 80211
pairing: 9630 -- 80212
pairing: 9631 -- 80213
pairing: 9632 -- 80089
pairing: 9633 -- 80214
pairing: 9634 -- 80215
pairing: 9635 -- 80216
pairing: 9636 -- 80217
pairing: 9637 -- 80218
pairing: 9638 -- 80219
pairing: 9639 -- 80220
pairing: 9640 -- 80221
pairing: 9641 -- 80222
pairing: 9642 -- 80223
pairing: 9643 -- 80224
pairing: 9644 -- 80225
pairing: 9645 -- 80226
pairing: 9646 -- 80227
pairing: 9647 -- 80228
pairing: 9648 -- 80229
pairing: 9649 -- 80230
pairing: 9650 -- 80231
pairing: 9651 -- 80232
pairing: 9652 -- 80233
pairing: 9653 -- 80234
pairing: 9654 -- 80235
pairing: 9655 -- 80236
pairing: 9656 -- 80237
pairing: 9657 -- 80238
pairing: 9658 -- 80239
pairing: 9659 -- 80240
pairing: 9660 -- 80241
pairing: 9661 -- 80242
pairing: 9662 -- 80243
pairing: 9663 -- 80244
[gpu-search] bootstrap=CPU-posted GPUDirect RDMA; queries=strict GPU-initiated GPUNetIO
[gpu-search] streamed 2000000000 PQ bytes directly into final GPU storage; ordinal audit passed for 15 entries
[gpu-search] persistent occupancy candidate threads=128 hardware_blocks_per_sm=3 configured_cap=4 effective_blocks_per_sm=3 grid_capacity=324 owner_blocks=40 query_blocks=256 resident_query_warps=1024 selected=true
[gpu-search] persistent occupancy candidate threads=256 hardware_blocks_per_sm=1 configured_cap=4 effective_blocks_per_sm=1 grid_capacity=108 owner_blocks=20 query_blocks=86 resident_query_warps=688 selected=false
[gpu-search] persistent kernel resources registers/thread=166 static_shared_bytes=49136 local_bytes/thread=1064 max_threads/block=128
[gpu-search] unified persistent CTAs=40-owner+256-query+1-dispatch+1-control QP-owner-warps=160 threads/CTA=128 query_slots=256 resident_capacity=324 launched=298
[STATUS]: query engine: persistent GPU + GPUNetIO slots=256
[STATUS]: storage-owner update cores: progress=28 response=0
[STATUS]: storage-owner acknowledgement=query-visible stage1 graph publication; submission=bounded authority rings; batching=authority-wide; progress=single work-conserving executor
[breakdown] preparing workload: workload=insert
[breakdown] insert-file vectors: count=10000000 dim=100 dtype=int8
[breakdown] recall query data ready: count=10000 dtype=int8 vector_bytes=100
[breakdown][recall] done 1/1 ops, avg_rate=296.264 ops/s
[breakdown][recall] before_performance recall@10=0.9 queries=1
[breakdown] effective insert start id=101000000
[breakdown] starting warmup insert
[breakdown][warmup-insert] done 128/128 ops, avg_rate=326.039 ops/s
[breakdown][warmup] maintenance drain elapsed=0.000124069s complete=yes
[breakdown] starting measure phase
[storage-owner] sender batch telemetry owner=3 batches=32 items=33 avg_batch=1.03125 full_batches=0 tail_escape_batches=32 max_wait_flush_batches=0 queue_visibility_stalls=0 partial_visible_batches=0 published=0
[storage-owner] sender completion telemetry owner=3 batches=32 items=33 avg_batch=1.03125 avg_rpc_wall_us=29.0413 max_rpc_wall_us=138.197 max_active_rpcs=1 max_published=2
[storage-owner] sender batch telemetry owner=1 batches=32 items=34 avg_batch=1.0625 full_batches=0 tail_escape_batches=32 max_wait_flush_batches=0 queue_visibility_stalls=0 partial_visible_batches=0 published=0
[storage-owner] sender completion telemetry owner=1 batches=32 items=34 avg_batch=1.0625 avg_rpc_wall_us=27.1384 max_rpc_wall_us=74.217 max_active_rpcs=1 max_published=2
[storage-owner] sender batch telemetry owner=2 batches=32 items=35 avg_batch=1.09375 full_batches=0 tail_escape_batches=32 max_wait_flush_batches=0 queue_visibility_stalls=0 partial_visible_batches=0 published=0
[storage-owner] sender completion telemetry owner=2 batches=32 items=35 avg_batch=1.09375 avg_rpc_wall_us=24.7556 max_rpc_wall_us=56.963 max_active_rpcs=1 max_published=2
[storage-owner] sender batch telemetry owner=4 batches=32 items=35 avg_batch=1.09375 full_batches=0 tail_escape_batches=32 max_wait_flush_batches=0 queue_visibility_stalls=0 partial_visible_batches=0 published=0
[storage-owner] sender completion telemetry owner=4 batches=32 items=35 avg_batch=1.09375 avg_rpc_wall_us=27.2981 max_rpc_wall_us=64.544 max_active_rpcs=1 max_published=3
[storage-owner] sender batch telemetry owner=0 batches=32 items=36 avg_batch=1.125 full_batches=0 tail_escape_batches=32 max_wait_flush_batches=0 queue_visibility_stalls=0 partial_visible_batches=0 published=0
[storage-owner] sender completion telemetry owner=0 batches=32 items=36 avg_batch=1.125 avg_rpc_wall_us=48.0611 max_rpc_wall_us=450.99 max_active_rpcs=1 max_published=3
[storage-owner] sender batch telemetry owner=3 batches=64 items=65 avg_batch=1.01562 full_batches=0 tail_escape_batches=64 max_wait_flush_batches=0 queue_visibility_stalls=0 partial_visible_batches=0 published=0
[storage-owner] sender completion telemetry owner=3 batches=64 items=65 avg_batch=1.01562 avg_rpc_wall_us=26.3255 max_rpc_wall_us=138.197 max_active_rpcs=1 max_published=2
[storage-owner] sender batch telemetry owner=1 batches=64 items=66 avg_batch=1.03125 full_batches=0 tail_escape_batches=64 max_wait_flush_batches=0 queue_visibility_stalls=0 partial_visible_batches=0 published=0
[storage-owner] sender completion telemetry owner=1 batches=64 items=66 avg_batch=1.03125 avg_rpc_wall_us=27.6402 max_rpc_wall_us=74.217 max_active_rpcs=1 max_published=2
[storage-owner] sender batch telemetry owner=2 batches=64 items=67 avg_batch=1.04688 full_batches=0 tail_escape_batches=64 max_wait_flush_batches=0 queue_visibility_stalls=0 partial_visible_batches=0 published=0
[storage-owner] sender completion telemetry owner=2 batches=64 items=67 avg_batch=1.04688 avg_rpc_wall_us=113.615 max_rpc_wall_us=5787.81 max_active_rpcs=1 max_published=2
[storage-owner] sender batch telemetry owner=4 batches=64 items=67 avg_batch=1.04688 full_batches=0 tail_escape_batches=64 max_wait_flush_batches=0 queue_visibility_stalls=0 partial_visible_batches=0 published=0
[storage-owner] sender completion telemetry owner=4 batches=64 items=67 avg_batch=1.04688 avg_rpc_wall_us=27.3288 max_rpc_wall_us=64.544 max_active_rpcs=1 max_published=3
[storage-owner] sender batch telemetry owner=0 batches=64 items=68 avg_batch=1.0625 full_batches=0 tail_escape_batches=64 max_wait_flush_batches=0 queue_visibility_stalls=0 partial_visible_batches=0 published=0
[storage-owner] sender completion telemetry owner=0 batches=64 items=68 avg_batch=1.0625 avg_rpc_wall_us=39.8939 max_rpc_wall_us=450.99 max_active_rpcs=1 max_published=3
[storage-owner] sender batch telemetry owner=3 batches=128 items=129 avg_batch=1.00781 full_batches=0 tail_escape_batches=128 max_wait_flush_batches=0 queue_visibility_stalls=0 partial_visible_batches=0 published=0
[storage-owner] sender completion telemetry owner=3 batches=128 items=129 avg_batch=1.00781 avg_rpc_wall_us=25.8021 max_rpc_wall_us=138.197 max_active_rpcs=1 max_published=2
[storage-owner] sender batch telemetry owner=1 batches=128 items=130 avg_batch=1.01562 full_batches=0 tail_escape_batches=128 max_wait_flush_batches=0 queue_visibility_stalls=0 partial_visible_batches=0 published=0
[storage-owner] sender completion telemetry owner=1 batches=128 items=130 avg_batch=1.01562 avg_rpc_wall_us=28.3311 max_rpc_wall_us=116.662 max_active_rpcs=1 max_published=2
[storage-owner] sender batch telemetry owner=2 batches=128 items=131 avg_batch=1.02344 full_batches=0 tail_escape_batches=128 max_wait_flush_batches=0 queue_visibility_stalls=0 partial_visible_batches=0 published=0
[storage-owner] sender completion telemetry owner=2 batches=128 items=131 avg_batch=1.02344 avg_rpc_wall_us=69.625 max_rpc_wall_us=5787.81 max_active_rpcs=1 max_published=2
[storage-owner] sender batch telemetry owner=4 batches=128 items=131 avg_batch=1.02344 full_batches=0 tail_escape_batches=128 max_wait_flush_batches=0 queue_visibility_stalls=0 partial_visible_batches=0 published=0
[storage-owner] sender completion telemetry owner=4 batches=128 items=131 avg_batch=1.02344 avg_rpc_wall_us=27.5551 max_rpc_wall_us=88.814 max_active_rpcs=1 max_published=3
[storage-owner] sender batch telemetry owner=0 batches=128 items=132 avg_batch=1.03125 full_batches=0 tail_escape_batches=128 max_wait_flush_batches=0 queue_visibility_stalls=0 partial_visible_batches=0 published=0
[storage-owner] sender completion telemetry owner=0 batches=128 items=132 avg_batch=1.03125 avg_rpc_wall_us=34.6777 max_rpc_wall_us=450.99 max_active_rpcs=1 max_published=3
[breakdown][measure-insert] done 1000/1000 ops, avg_rate=376.567 ops/s
[breakdown][measure] maintenance drain elapsed=0.000219887s complete=yes
[breakdown][static_gt_post_recall] done 1/1 ops, avg_rate=329.291 ops/s
[breakdown][recall] after_performance recall@10=0.9 queries=1
system_variant
  profile_name: 04_gpu_persistent_gpunetio_baseline
  label: baseline
  update_mutation_api: append_only
  storage_owner_update_completion_mode: coupled
  gpu_dynamic_graph_access_mode: adaptive
  gpu_rdma_search_progression_mode: decoupled
  index_prefix: /data/xjs/index/dvstor_spacev100m/index/spacev100m_R96_bw128_metis_pmd32_pq20_schema16
  index_schema_version: 16
  index_build_fingerprint: 5346303778508711625
query_inputs
  recall_source: /data/xjs/index/dvstor_spacev100m/prepared/recall_query.i8bin
  recall_rows: 10000
  performance_source: 
  performance_rows: 0
  performance_row_reuse_policy: single_pass_no_reuse
  performance_warmup/measure/total_rows_consumed: 0/0/0
throughput
  duration_seconds: 2.65572
  total_ops_per_sec: 376.546 (ops=1000)
  query_ops_per_sec: 0 (ops=0)
  effective_query_ops_per_sec: 0
  write_ops_per_sec: 376.546 (ops=1000)
  effective_write_ops_per_sec: 376.546
  insert_ops_per_sec: 376.546 (ops=1000)
  client_drain_seconds: 0
  scheduled_query/write_ops: 0/0
  query/write_rate_attainment_ratio: 1/1
  nominal/effective_rate_basis: effective_wall_clock/wall_clock_including_client_drain
  query_head/tail_qps: 0/0
  query_tail_to_head_ratio: 0
  query_min_5s_qps: 0
  write_head/tail_qps: 0/0
  write_tail_to_head_ratio: 0
  write_min_5s_qps: 0
  zero_completion_windows: 0
  zero_query/write_windows: 0/0
stage2
  source: in_band_control_page
  shards observed/requested: 5/5
  p99_stage2_delay_upper_ms: unavailable
  remaining/max_backlog: 0/0
  completion_outstanding/admission_window: 0/0 (max_per_shard=0)
  completion_incomplete/admission_window: 0/0 (max_per_shard=0, completed_behind_hole=0)
  completion admission stalls logical/physical: 0/0
  backlog_slope_per_sec: 0
  failures (hard): 0
  peer_reverse_retry_attempts: 0
  locality telemetry: home_match_rate=0 cross_edge_reduction=0 avg_frontier/expansions/scored=0/0/0
  search budget exhausted (stage1/stage2): 0/0
  execution batching: contexts=0 avg_items=0 graph_reads/wave=0 vector_reads/wave=0 pressure_yields=0
  ordered graph issue: issued/hit/wasted=0/0/0 promotion_ratio=0
  graph home RPC: batches/items/avg_items=0/0/0
  executor service demand: stage1_total/search/prune_us=0/0/0 stage1_candidates/frontier/neighbors=0/0/0 stage2_search/freeze/reverse_us=0/0/0
recall
  recall@10: 0.9
  queries: 1
  mode/base_id_limit/search_width/insufficient_queries: all/0/10/0
  query_file: /data/xjs/index/dvstor_spacev100m/prepared/recall_query.i8bin
  groundtruth_file: /data/xjs/index/dvstor_spacev100m/prepared/recall_groundtruth.bin
static_gt_post_recall
  recall@10: 0.9
  queries: 1
  mode/base_id_limit/search_width/insufficient_queries: all/0/10/0
  query_file: /data/xjs/index/dvstor_spacev100m/prepared/recall_query.i8bin
  groundtruth_file: /data/xjs/index/dvstor_spacev100m/prepared/recall_groundtruth.bin
gpu_persistent
  GPU memory explicit/base_pq/route GiB: 2.90287/1.86265/2.35438e-06
  average_batch_size: 0
  average_submission_wait_us: 0
  rdma_read_bytes: 0
  owner WQE submitted/capacity/utilization: 0/0/0
  owner critical/speculative batches: 0/0
  graph_route_hit_ratio/refreshes: 0/0
  graph snapshot reread records total/per_query: 0/0
  graph RDMA bytes total/per_query/per_parent: 0/0/0
  graph live/full/fallback/underhint/promotions reads: 0/0/0/0/0
  expanded parents/neighbor sum/average degree: 0/0/0
  expanded degree histogram (ceil(degree/8), overflow=13): [0,0,0,0,0,0,0,0,0,0,0,0,0,0]
  dynamic expanded parents/neighbor sum/average degree/share: 0/0/0/0
  dynamic expanded degree histogram (ceil(degree/8), overflow=13): [0,0,0,0,0,0,0,0,0,0,0,0,0,0]
  DynaExtent short/full/bytes/fallback/promotions/demotions: 0/0/0/0/0/0
  DynaExtent snapshot-attempts/nonfallback-full-attempts/short-physical-ratio/fallback-ratio/bytes-per-physical-read: 0/0/0/0/0
  ASFE logical expansions total/per_query: 0/0
  ASFE critical/speculative graph reads: 0/0
  ASFE critical/speculative graph bytes: 0/0
  ASFE core reads/bytes/arrived/promoted/stale: 0/0/0/0/0
  ASFE core waves/ready waves/ready ratio: 0/0/0
  terminal exact cache attempts/rate: 0/0
  terminal exact cache issued/promoted/misses/rejects (total/per_query): 0/0, 0/0, 0/0, 0/0
  terminal exact cache promotion/waste ratio: 0/0
  terminal exact cache wasted bytes total/per_query: 0/0
  ASFE completion scoring batches/candidates (total/per_query/candidates_per_batch): 0/0, 0/0/0
  ASFE reusable exact certificates total/per_query: 0/0
  ASFE streamed runs/ordered scoring batches/candidates (total/per_query/candidates_per_batch): 0/0, 0/0, 0/0/0
  OOO ROB parents retired beyond an unresolved rank hole (total/per_query): 0/0
  ASFE reusable prefix ranks/full/issued certificates (total/per_query): 0/0, 0/0, 0/0
  ASFE certificate rejects total/per_query: 0/0
  ASFE speculative wasted bytes/ratio: 0/0
  ASFE speculative arrived/promoted/stale/queue_rejects: 0/0/0/0
  ASFE promotion/waste ratio: 0/0
  ASFE issue/commit epochs: 0/0
  ASFE average issue/commit width: 0/0
  ASFE issue capacity/utilization: 0/0
  ASFE max issue/commit width: 0/0
  ASFE critical ROB hits/speculative wait ns/us_per_query: 0/0/0
  ASFE critical misses/ROB hit ratio: 0/0
  ASFE RDMA completion groups/avg us (critical/speculative): 0/0 (0/0)
  GPU occupancy threads/registers/static_shared: 128/166/49136
  GPU occupancy active/effective blocks per SM: 3/3
  GPU persistent query/owner/total blocks: 256/40/298
  centroid route publications/shard_updates/live/snapshot_skips: 446/836/20/1
  centroid route probe_reads/body_reads/unchanged_polls/poll_us: 2585/838/70/8069
  centroid route query snapshot retries/timeouts: 0/0
  GPU query/prepare/graph/score/beam/exact us: 0/0/0/0/0/0
  exact snapshot train batches/fallbacks/success ratio: 0/0/0
  GPU graph commit/issue width: 16/32
  GPU graph read/dynamic extent: live-extent/1
  GPU Beam merge policy: stable-run
  Stage2 score-many/graph-issue/home-combining: 1/16/1
  GPU Beam merge total/prepare/sort/materialize us: 0/0/0/0
  dynamic PQ candidates/reads/bytes/incarnation_rejects: 0/0/0/0
  dynamic PQ reads/query and wait_us/query: 0/0
  dynamic PQ arena hits/batch_dedup/authoritative_avoidance: 0/0/0
  dynamic PQ arena publish success/race/capacity: 0/0/25685766
storage_owner_runtime
  submitted/completed batches: 994/994
  submitted/completed items: 1000/1000
  average batch / average RPC wall us / max RPC wall us: 1.00604/32.0108/5787.81
insert breakdown
  count: 1000
  latency_ms: mean=41.8945 p50=33.9631 p95=97.1772 p99=167.071 p999=231.348
  cpu_ms: 41894.5
  rdma_ms: 0
json: /home/xjs/experiment/dvstor/experiment/spacev100m/program1/results/program1_20260830_220253/baseline/04_gpu_persistent_gpunetio_baseline/spacev100m_04_gpu_persistent_gpunetio_baseline_20260830_220316.json
text: /home/xjs/experiment/dvstor/experiment/spacev100m/program1/results/program1_20260830_220253/baseline/04_gpu_persistent_gpunetio_baseline/spacev100m_04_gpu_persistent_gpunetio_baseline_20260830_220316.txt
