============================================================
                        SERVER
============================================================
num clients:                  1
TCP port:                     1235
QP handshake timeout (ms):    10000
IB device:                    <auto>
IB port:                      1
max outstanding CQEs:         64
max send work requests:       4096
max receive work requests:    4096
============================================================
index prefix:                     "/data/xjs/index/dvstor_spacev100m/index/spacev100m_R96_bw128_metis_pmd32_pq20_schema16"
storage shard:                    "/data/xjs/index/dvstor_spacev100m/index/spacev100m_R96_bw128_metis_pmd32_pq20_schema16_node2_of5.dat"
storage id:                       1
base vectors:                     100000000
vector ID namespace [0,N):        4294967295
registered memory GiB:            23
====================================================================
1 device(s) found
Selected device: ibp86s0
Selected port state: 4, lid: 8, active_mtu: 5
interleaved policy
num_cores: 112
physical cores per socket: 28
hyperthreading enabled
local process CPU partition: rank 1/5 logical_cpus=22
pairing: 81376 -- 10315
[STATUS]: loaded index metadata from /data/xjs/index/dvstor_spacev100m/index/spacev100m_R96_bw128_metis_pmd32_pq20_schema16 (layout=plain, vector_data_type=int8)
[STATUS]: storage-owner stage2 candidate width L=128 per shard
allocation size: 24696061952
allocated ALIGNED MEM (no hugepage) at 123425743962176 with buffer size 24696061952
[STATUS]: loading index (18639939008 Bytes) from /data/xjs/index/dvstor_spacev100m/index/spacev100m_R96_bw128_metis_pmd32_pq20_schema16_node2_of5.dat
[STATUS]: loaded GPU PQ codes (388332060 Bytes) at remote offset 18639943104
[STATUS]: storage-owner idmap loaded entries=20000000 format=owner_sharded_v2_bound immutable_base=true dynamic_shards=256 dynamic_reserved=65536
[STATUS]: compensated physical centroid restored on shard 1: vectors=19416603 entries=4
[STATUS]: register memory and distribute access token
[STATUS]: connect QPs of compute threads
[STATUS]: reserving 64 GPU/bootstrap QPs per compute node
pairing: 81380 -- 10320
pairing: 81386 -- 10325
pairing: 81391 -- 10330
pairing: 81396 -- 10335
pairing: 81401 -- 10340
pairing: 81406 -- 10345
pairing: 81411 -- 10350
pairing: 81416 -- 10355
pairing: 81421 -- 10360
pairing: 81426 -- 10365
pairing: 81431 -- 10370
pairing: 81436 -- 10375
pairing: 81441 -- 10380
pairing: 81446 -- 10385
pairing: 81451 -- 10390
pairing: 81456 -- 10395
pairing: 81461 -- 10400
pairing: 81466 -- 10405
pairing: 81471 -- 10410
pairing: 81476 -- 10415
pairing: 81481 -- 10420
pairing: 81486 -- 10425
pairing: 81491 -- 10430
pairing: 81496 -- 10435
pairing: 81501 -- 10440
pairing: 81506 -- 10445
pairing: 81511 -- 10450
pairing: 81516 -- 10455
pairing: 81521 -- 10460
pairing: 81526 -- 10465
pairing: 81531 -- 10470
pairing: 81536 -- 10475
pairing: 81541 -- 10511
pairing: 81576 -- 10512
pairing: 81577 -- 10513
pairing: 81578 -- 10514
pairing: 81579 -- 10515
pairing: 81580 -- 10516
pairing: 81581 -- 10517
pairing: 81582 -- 10518
pairing: 81583 -- 10519
pairing: 81584 -- 10520
pairing: 81585 -- 10521
pairing: 81586 -- 10522
pairing: 81587 -- 10523
pairing: 81588 -- 10524
pairing: 81589 -- 10525
pairing: 81590 -- 10526
pairing: 81591 -- 10527
pairing: 81592 -- 10528
pairing: 81593 -- 10529
pairing: 81594 -- 10530
pairing: 81595 -- 10531
pairing: 81596 -- 10532
pairing: 81597 -- 10533
pairing: 81598 -- 10534
pairing: 81599 -- 10535
pairing: 81600 -- 10536
pairing: 81601 -- 10537
pairing: 81602 -- 10538
pairing: 81603 -- 10539
pairing: 81604 -- 10540
pairing: 81605 -- 10541
pairing: 81606 -- 10542
[STATUS]: waiting for compute-node startup barrier
1 device(s) found
Selected device: ibp86s0
Selected port state: 4, lid: 8, active_mtu: 5
pairing: 81701 -- 81705
pairing: 81707 -- 81714
pairing: 81716 -- 81721
pairing: 81723 -- 81729
pairing: 81732 -- 81737
pairing: 81740 -- 81745
pairing: 81748 -- 81753
pairing: 81756 -- 81761
pairing: 81764 -- 81760
pairing: 81767 -- 81766
pairing: 81770 -- 81768
pairing: 81772 -- 81769
pairing: 81774 -- 81771
pairing: 81776 -- 81773
pairing: 81778 -- 81775
pairing: 81781 -- 81777
pairing: 81782 -- 81779
pairing: 81784 -- 81780
pairing: 81786 -- 81783
pairing: 81788 -- 81785
pairing: 81790 -- 81787
pairing: 81792 -- 81789
pairing: 81794 -- 81791
pairing: 81796 -- 81793
pairing: 81798 -- 81795
pairing: 81800 -- 81797
pairing: 81803 -- 81799
pairing: 81804 -- 81801
pairing: 81806 -- 81802
pairing: 81808 -- 81805
pairing: 81810 -- 81807
pairing: 81812 -- 81811
[STATUS]: storage-owner peer RDMA QPs per peer: 8
[STATUS]: storage-owner peer QP0 reserved for RPC; data RDMA uses QP1..7
allocated ALIGNED MEM (no hugepage) at 123424676511808 with buffer size 67108864
allocated ALIGNED MEM (no hugepage) at 123424636665920 with buffer size 39839040
[STATUS]: storage-owner peer RPC receive slots per peer: 64 (requested=64)
[STATUS]: storage-owner peer RPC concurrent sends per peer: 16
[STATUS]: storage-owner peer RPC send credits: Stage1/graph are split at depth >= 2; responses use a dedicated sync buffer
[STATUS]: storage-owner peer async response capacity: 32768
[STATUS]: storage-owner Stage2 home RPC combining: enabled logical_capacity=18432 aggregate_capacity=4608 byte_budget=33586224
allocated ALIGNED MEM (no hugepage) at 96613876933120 with buffer size 96256
allocated ALIGNED MEM (no hugepage) at 123424907825216 with buffer size 212992
allocated ALIGNED MEM (no hugepage) at 123424907407424 with buffer size 212992
[STATUS]: storage-owner peer reverse-update workers: 2
[STATUS]: storage-owner peer Stage1 workers: 3; Stage2-home workers: 1 (one reserved; shared lanes borrow authoritative work only)
[STATUS]: storage-owner physical control workers: cleanup=1 placement=1 (separate blocking domains)
[STATUS]: storage-owner peer progress threads: cq=1 response_dispatch=1
[STATUS]: storage-owner Stage1 artifact capacity: 67584 (64-way, per shard=1056) cleanup replay per shard=2048 active migration receipts=131072
[STATUS]: storage-owner peer reverse-update tuning: queue_depth=65536 coalesce_max=256
allocated ALIGNED MEM (no hugepage) at 123424895856704 with buffer size 855296
allocated ALIGNED MEM (no hugepage) at 123424895000640 with buffer size 855296
allocated ALIGNED MEM (no hugepage) at 123424891662400 with buffer size 855296
allocated ALIGNED MEM (no hugepage) at 123424890806336 with buffer size 855296
allocated ALIGNED MEM (no hugepage) at 123424887468096 with buffer size 855296
allocated ALIGNED MEM (no hugepage) at 123424886411328 with buffer size 855296
allocated ALIGNED MEM (no hugepage) at 123424883073088 with buffer size 855296
allocated ALIGNED MEM (no hugepage) at 123424879079488 with buffer size 855296
[STATUS]: storage-owner peer scratch: snapshot_slot=192 graph_slot=832 batch=256 lane_peak_rdma_wrs=56 lane_useful_wave_rdma_wrs=56 global_read_window=224 search_lanes_global=32 search_lanes_credit_derived=16 search_lane_lease_cap=32 search_lanes_physical_per_worker=4 ready_context_runtime_epoch=1 bytes_per_lane=213824 bytes_total=6842368
[STATUS]: storage-owner maintenance workers: 8 (configured=8, admission_baseline_workers=2, context_limit=32, semantic_execution_batch=8, work_conserving=true)
[STATUS]: storage-owner stage2 reverse outbox descriptors: 128 aggregates=128 wire_max_ops=3072 (shared per-peer work-conserving aggregation)
[STATUS]: storage-owner maintenance tuning: protocol=centroid-home-two-stage compaction_batch_target=32 packing_policy=deterministic_b8 packing_tail_wait_us=arrival_adaptive_capped_25000 packing_context_limit=8 backlog_limit=65536 admission_credit=bounded_accepted_backlog admission_window=65536 physical_completion_capacity=65536
[STATUS]: storage-owner peer RDMA read credits: per_data_qp=8 data_qps_per_peer=7 per_peer=56 global=224 shared_cq_read_budget=8095 ordered_snapshot_pairs_per_chain=4 (requested_per_data_qp=16)
[STATUS]: storage-owner online insert tuning: construction_beam=128 snapshot_batch=256 protocol=centroid-home-two-stage
[STATUS]: storage-owner stage1=physical-home local search and backlinks; stage2=generation-fenced home expand+score continuation
[STATUS]: storage-owner responses=foreground direct post; completion=repost by service poller
[STATUS]: storage-owner foreground pipeline: coordinators=12 cpu_lanes=3 (assigned_cpus=22, rpc_parallelism=16)
[STATUS]: storage-owner CPU plan: foreground_cpu=3 foreground_coordinators=12 maintenance=8 peer_stage1=4 (split into isolated Stage1/Stage2-home domains) peer_reverse=2 peer_cleanup=1 peer_placement=1 peer_progress=2 foreground_progress=1
[STATUS]: storage-owner insert runtime enabled on shard 1
[STATUS]: storage-owner maintenance observation: enqueued=145 stage2_enqueued=145 cleanup_enqueued=0 stage2_tasks_done=136 stage2_finalized_live=136 cleanup_processed=0 stale=0 stage2_completion_ratio=0.937931 live_stage2_completion_ratio=0.937931 avg_stage2_delay_ms=46.730168 p99_stage2_delay_upper_ms=128.000000 p99_stage2_delay_over_30s=false stage2_delay_histogram=0,0,0,0,1,17,103,15,0,0,0,0,0,0,0,0,0,0 max_stage2_delay_ms=84.728466 compaction_batch_target=32 compaction_max_delay_ms=25.000000 stage2_rate_per_sec=27.053378 stage1_search_budget_exhausted=0 stage2_search_budget_exhausted=0 stage2_continuations=144 stage2_remote_frontier_items=129461 avg_stage2_remote_frontier=899.034722 stage2_remote_expansions=4832 avg_stage2_remote_expansions=33.555556 stage2_scored_candidates=240608 avg_stage2_scored_candidates=1670.888889 stage2_graph_read_waves=1111 avg_stage2_expansions_per_graph_wave=4.349235 stage2_graph_unique_reads=4927 stage2_graph_prefetch_issued=3625 stage2_graph_prefetch_hits=3530 stage2_graph_prefetch_wasted=95 stage2_graph_prefetch_promotion_ratio=0.973793 stage2_graph_issue_width_current=16 stage2_vector_read_waves=3119 avg_stage2_scores_per_vector_wave=77.142674 stage2_vector_unique_reads=154267 stage2_home_rpc_batches=1714 stage2_home_rpc_items=129060 avg_stage2_home_rpc_batch=75.297550 stage2_home_score_rpc_batches=522 stage2_home_score_rpc_items=124133 stage2_home_score_rpc_queries=1615 stage2_home_score_rpc_request_bytes=3165660 stage2_home_score_rpc_response_bytes=3993336 avg_stage2_home_score_queries_per_rpc=3.093870 avg_stage2_home_score_rpc_batch=237.802682 stage2_home_scored_neighbors=210400 home_scores_per_expansion=1.630249 stage2_migrations=33 home_match_rate=0.757353 stage2_final_edges=4680 stage2_cross_edges_stage1_home=1084 stage2_cross_edges_final_home=390 cross_edge_reduction_ratio=0.640221 failed=0 rpc_timeouts=0 reverse_aggregate_batches=0 reverse_aggregate_logical_requests=0 reverse_aggregate_ops=0 avg_reverse_aggregate_logicals=0.000000 avg_reverse_aggregate_ops=0.000000 max_backlog=8 admission_window=65536 completion_outstanding=9 completion_incomplete=9 completed_behind_hole=0 completion_logical_full_failures=0 completion_physical_full_failures=0 pressure_yields=0 stage2_batches=47 avg_stage2_batch_size=3.063830 packing_target_batch=8 packing_admit_queue_avg=3.063830 packing_admit_queue_max=8 packing_batch_1_7=45 packing_batch_8=2 packing_assembly_batches=47 packing_assembly_wait_ms=1166.974730 packing_arrival_interval_us=10726 packing_waited_batches=45 packing_wait_ms=1125.000000 packing_target_flushes=2 packing_deadline_flushes=45 packing_cleanup_flushes=0 stage2_phase_search_attempts=47 stage2_phase_search_task_attempts=144 stage2_phase_search_elapsed_ms=433.668789 avg_stage2_phase_search_us_per_task=3011.588813 stage2_phase_freeze_prune_attempts=47 stage2_phase_freeze_prune_task_attempts=144 stage2_phase_freeze_prune_elapsed_ms=39.680791 avg_stage2_phase_freeze_prune_us_per_task=275.561049 stage2_phase_reverse_prepare_attempts=46 stage2_phase_reverse_prepare_task_attempts=136 stage2_phase_reverse_prepare_elapsed_ms=109.058321 avg_stage2_phase_reverse_prepare_us_per_task=801.899419 stage2_phase_placement_authority_attempts=46 stage2_phase_placement_authority_task_attempts=136 stage2_phase_placement_authority_elapsed_ms=25.510676 avg_stage2_phase_placement_authority_us_per_task=187.578500 stage2_phase_completion_handoff_attempts=46 stage2_phase_completion_handoff_task_attempts=136 stage2_phase_completion_handoff_elapsed_ms=0.054794 avg_stage2_phase_completion_handoff_us_per_task=0.402897 stage2_phase_finalize_attempts=46 stage2_phase_finalize_task_attempts=136 stage2_phase_finalize_elapsed_ms=0.126245 avg_stage2_phase_finalize_us_per_task=0.928272 maintenance_worker_idle_waits=8640 maintenance_worker_idle_ms=37554.185032 maintenance_lost_wake_avoided=128 maintenance_targeted_wakes=5835 maintenance_generic_wakes=145 maintenance_broadcast_wakes=0 maintenance_context_slots_scanned=62448 maintenance_ready_notifications=5362 maintenance_ready_stale_notifications=0 maintenance_ready_tickets_drained=4561 maintenance_ready_overflow_scans=0 maintenance_ready_fallback_scans=4126 stage2_search_lane_lease_limit=32 stage2_search_lane_lease_peak=2 stage2_search_lane_lease_blocked=0 maintenance_worker_observed_idle_ratio=0.933794 maintenance_worker_observed_busy_ratio=0.066206 physical_stage1_items=145 physical_stage1_total_ns=620118244 physical_stage1_search_ns=580681017 physical_stage1_prune_ns=26836753 physical_stage1_allocate_write_ns=9286412 physical_stage1_backlink_ns=2879648 physical_stage1_candidates=18557 physical_stage1_remote_frontier_items=129656 physical_stage1_neighbors=4773 peer_stage1_enqueued=224 peer_stage1_processed=223 peer_stage1_items=220 avg_peer_stage1_items=0.986547 peer_stage1_rate_per_sec=43.762818 peer_stage1_max_queue=2 peer_stage1_active_workers=1 peer_stage2_home_enqueued=3705 peer_stage2_home_processed=3705 peer_stage2_home_items=290966 avg_peer_stage2_home_items=78.533333 peer_stage2_home_max_queue=2 peer_stage2_home_response_queue_drops=0 peer_stage2_home_response_send_wait_ms=18.074404 avg_peer_stage2_home_queue_wait_us=15.930534 avg_peer_stage2_home_execution_us=56.654779 peer_stage1_release_deferred_batches=3 peer_stage1_release_deferred_items=3 peer_stage1_duplicate_retry_responses=0 peer_stage1_admission_retry_responses=0 peer_stage1_retry_response_drops=0 peer_stage1_admission_waiters=0 peer_stage1_admission_waiter_items=0 peer_stage1_admission_owned_items=0 peer_stage1_admission_wake_coverage=0 peer_stage1_admission_parked=0 peer_stage1_admission_woken=0 peer_stage1_admission_reparked=0 peer_stage1_max_admission_waiters=0 peer_stage1_duplicate_coalesced=0 peer_reverse_enqueued=266 peer_reverse_processed=266 peer_reverse_remaining=0 peer_reverse_items_enqueued=2306 peer_reverse_items_processed=2306 peer_reverse_rate_per_sec=458.713899 peer_reverse_failed=1 peer_reverse_max_queue=1 reclaim_pending=0 reclaim_reused=33 dynamic_high_watermark=19028424064 stage2_remaining=1 cleanup_remaining=0 active_contexts=1 active_context_limit=32 repair_remaining=0 remaining=9
[STATUS]: storage-owner maintenance observation: enqueued=1735 stage2_enqueued=1735 cleanup_enqueued=0 stage2_tasks_done=1719 stage2_finalized_live=1719 cleanup_processed=0 stale=0 stage2_completion_ratio=0.990778 live_stage2_completion_ratio=0.990778 avg_stage2_delay_ms=34.325424 p99_stage2_delay_upper_ms=128.000000 p99_stage2_delay_over_30s=false stage2_delay_histogram=0,0,0,2,64,748,859,46,0,0,0,0,0,0,0,0,0,0 max_stage2_delay_ms=88.965629 compaction_batch_target=32 compaction_max_delay_ms=25.000000 stage2_rate_per_sec=171.435738 stage1_search_budget_exhausted=0 stage2_search_budget_exhausted=0 stage2_continuations=1734 stage2_remote_frontier_items=710324 avg_stage2_remote_frontier=409.644752 stage2_remote_expansions=11084 avg_stage2_remote_expansions=6.392157 stage2_scored_candidates=956941 avg_stage2_scored_candidates=551.869089 stage2_graph_read_waves=3130 avg_stage2_expansions_per_graph_wave=3.541214 stage2_graph_unique_reads=11384 stage2_graph_prefetch_issued=7535 stage2_graph_prefetch_hits=7235 stage2_graph_prefetch_wasted=300 stage2_graph_prefetch_promotion_ratio=0.960186 stage2_graph_issue_width_current=16 stage2_vector_read_waves=8041 avg_stage2_scores_per_vector_wave=119.007710 stage2_vector_unique_reads=763764 stage2_home_rpc_batches=6192 stage2_home_rpc_items=684596 avg_stage2_home_rpc_batch=110.561370 stage2_home_score_rpc_batches=2810 stage2_home_score_rpc_items=673212 stage2_home_score_rpc_queries=15271 stage2_home_score_rpc_request_bytes=17818700 stage2_home_score_rpc_response_bytes=21656048 avg_stage2_home_score_queries_per_rpc=5.434520 avg_stage2_home_score_rpc_batch=239.577224 stage2_home_scored_neighbors=866043 home_scores_per_expansion=1.265042 stage2_migrations=65 home_match_rate=0.962187 stage2_final_edges=65872 stage2_cross_edges_stage1_home=2532 stage2_cross_edges_final_home=1072 cross_edge_reduction_ratio=0.576619 failed=0 rpc_timeouts=0 reverse_aggregate_batches=0 reverse_aggregate_logical_requests=0 reverse_aggregate_ops=0 avg_reverse_aggregate_logicals=0.000000 avg_reverse_aggregate_ops=0.000000 max_backlog=9 admission_window=65536 completion_outstanding=16 completion_incomplete=16 completed_behind_hole=0 completion_logical_full_failures=0 completion_physical_full_failures=0 pressure_yields=2 stage2_batches=283 avg_stage2_batch_size=6.127208 packing_target_batch=8 packing_admit_queue_avg=6.130742 packing_admit_queue_max=9 packing_batch_1_7=179 packing_batch_8=104 packing_assembly_batches=283 packing_assembly_wait_ms=4881.759242 packing_arrival_interval_us=1970 packing_waited_batches=179 packing_wait_ms=3473.548000 packing_target_flushes=104 packing_deadline_flushes=179 packing_cleanup_flushes=0 stage2_phase_search_attempts=282 stage2_phase_search_task_attempts=1727 stage2_phase_search_elapsed_ms=1725.677267 avg_stage2_phase_search_us_per_task=999.234086 stage2_phase_freeze_prune_attempts=284 stage2_phase_freeze_prune_task_attempts=1743 stage2_phase_freeze_prune_elapsed_ms=398.716474 avg_stage2_phase_freeze_prune_us_per_task=228.752997 stage2_phase_reverse_prepare_attempts=281 stage2_phase_reverse_prepare_task_attempts=1719 stage2_phase_reverse_prepare_elapsed_ms=1802.919108 avg_stage2_phase_reverse_prepare_us_per_task=1048.818562 stage2_phase_placement_authority_attempts=281 stage2_phase_placement_authority_task_attempts=1719 stage2_phase_placement_authority_elapsed_ms=92.972860 avg_stage2_phase_placement_authority_us_per_task=54.085433 stage2_phase_completion_handoff_attempts=281 stage2_phase_completion_handoff_task_attempts=1719 stage2_phase_completion_handoff_elapsed_ms=0.460575 avg_stage2_phase_completion_handoff_us_per_task=0.267932 stage2_phase_finalize_attempts=281 stage2_phase_finalize_task_attempts=1719 stage2_phase_finalize_elapsed_ms=1.412786 avg_stage2_phase_finalize_us_per_task=0.821865 maintenance_worker_idle_waits=22848 maintenance_worker_idle_ms=76102.563150 maintenance_lost_wake_avoided=761 maintenance_targeted_wakes=18843 maintenance_generic_wakes=1735 maintenance_broadcast_wakes=0 maintenance_context_slots_scanned=144048 maintenance_ready_notifications=17888 maintenance_ready_stale_notifications=0 maintenance_ready_tickets_drained=12859 maintenance_ready_overflow_scans=0 maintenance_ready_fallback_scans=9126 stage2_search_lane_lease_limit=32 stage2_search_lane_lease_peak=3 stage2_search_lane_lease_blocked=0 maintenance_worker_observed_idle_ratio=0.948713 maintenance_worker_observed_busy_ratio=0.051287 physical_stage1_items=1735 physical_stage1_total_ns=7069978346 physical_stage1_search_ns=6562948692 physical_stage1_prune_ns=366836762 physical_stage1_allocate_write_ns=101602729 physical_stage1_backlink_ns=34078270 physical_stage1_candidates=222057 physical_stage1_remote_frontier_items=710618 physical_stage1_neighbors=65661 peer_stage1_enqueued=2766 peer_stage1_processed=2765 peer_stage1_items=2756 avg_peer_stage1_items=0.996745 peer_stage1_rate_per_sec=274.855668 peer_stage1_max_queue=5 peer_stage1_active_workers=1 peer_stage2_home_enqueued=7649 peer_stage2_home_processed=7649 peer_stage2_home_items=561873 avg_peer_stage2_home_items=73.457053 peer_stage2_home_max_queue=3 peer_stage2_home_response_queue_drops=0 peer_stage2_home_response_send_wait_ms=36.629478 avg_peer_stage2_home_queue_wait_us=15.316664 avg_peer_stage2_home_execution_us=53.463368 peer_stage1_release_deferred_batches=9 peer_stage1_release_deferred_items=9 peer_stage1_duplicate_retry_responses=0 peer_stage1_admission_retry_responses=0 peer_stage1_retry_response_drops=0 peer_stage1_admission_waiters=0 peer_stage1_admission_waiter_items=0 peer_stage1_admission_owned_items=0 peer_stage1_admission_wake_coverage=0 peer_stage1_admission_parked=0 peer_stage1_admission_woken=0 peer_stage1_admission_reparked=0 peer_stage1_max_admission_waiters=0 peer_stage1_duplicate_coalesced=0 peer_reverse_enqueued=514 peer_reverse_processed=514 peer_reverse_remaining=0 peer_reverse_items_enqueued=4673 peer_reverse_items_processed=4673 peer_reverse_rate_per_sec=466.037931 peer_reverse_failed=2 peer_reverse_max_queue=2 reclaim_pending=0 reclaim_reused=65 dynamic_high_watermark=19030016224 stage2_remaining=1 cleanup_remaining=0 active_contexts=2 active_context_limit=32 repair_remaining=0 remaining=16
[STATUS]: storage-owner maintenance observation: enqueued=4231 stage2_enqueued=4231 cleanup_enqueued=0 stage2_tasks_done=4217 stage2_finalized_live=4217 cleanup_processed=0 stale=0 stage2_completion_ratio=0.996691 live_stage2_completion_ratio=0.996691 avg_stage2_delay_ms=31.775493 p99_stage2_delay_upper_ms=128.000000 p99_stage2_delay_over_30s=false stage2_delay_histogram=0,0,0,9,172,2157,1833,46,0,0,0,0,0,0,0,0,0,0 max_stage2_delay_ms=88.965629 compaction_batch_target=32 compaction_max_delay_ms=25.000000 stage2_rate_per_sec=280.625979 stage1_search_budget_exhausted=0 stage2_search_budget_exhausted=0 stage2_continuations=4231 stage2_remote_frontier_items=1495309 avg_stage2_remote_frontier=353.417395 stage2_remote_expansions=13403 avg_stage2_remote_expansions=3.167809 stage2_scored_candidates=1760363 avg_stage2_scored_candidates=416.063106 stage2_graph_read_waves=4078 avg_stage2_expansions_per_graph_wave=3.286660 stage2_graph_unique_reads=13716 stage2_graph_prefetch_issued=8453 stage2_graph_prefetch_hits=8140 stage2_graph_prefetch_wasted=313 stage2_graph_prefetch_promotion_ratio=0.962972 stage2_graph_issue_width_current=16 stage2_vector_read_waves=10617 avg_stage2_scores_per_vector_wave=165.806066 stage2_vector_unique_reads=1552103 stage2_home_rpc_batches=10332 stage2_home_rpc_items=1427928 avg_stage2_home_rpc_batch=138.204413 stage2_home_score_rpc_batches=5884 stage2_home_score_rpc_items=1414212 stage2_home_score_rpc_queries=36485 stage2_home_score_rpc_request_bytes=37871620 stage2_home_score_rpc_response_bytes=45491184 avg_stage2_home_score_queries_per_rpc=6.200714 avg_stage2_home_score_rpc_batch=240.348742 stage2_home_scored_neighbors=1621749 home_scores_per_expansion=1.135736 stage2_migrations=65 home_match_rate=0.984586 stage2_final_edges=162083 stage2_cross_edges_stage1_home=3009 stage2_cross_edges_final_home=1549 cross_edge_reduction_ratio=0.485211 failed=0 rpc_timeouts=0 reverse_aggregate_batches=0 reverse_aggregate_logical_requests=0 reverse_aggregate_ops=0 avg_reverse_aggregate_logicals=0.000000 avg_reverse_aggregate_ops=0.000000 max_backlog=9 admission_window=65536 completion_outstanding=14 completion_incomplete=14 completed_behind_hole=0 completion_logical_full_failures=0 completion_physical_full_failures=0 pressure_yields=4 stage2_batches=617 avg_stage2_batch_size=6.857374 packing_target_batch=8 packing_admit_queue_avg=6.863857 packing_admit_queue_max=9 packing_batch_1_7=336 packing_batch_8=281 packing_assembly_batches=617 packing_assembly_wait_ms=9276.382489 packing_arrival_interval_us=1895 packing_waited_batches=336 packing_wait_ms=5601.989000 packing_target_flushes=281 packing_deadline_flushes=336 packing_cleanup_flushes=0 stage2_phase_search_attempts=616 stage2_phase_search_task_attempts=4224 stage2_phase_search_elapsed_ms=2969.330973 avg_stage2_phase_search_us_per_task=702.966613 stage2_phase_freeze_prune_attempts=619 stage2_phase_freeze_prune_task_attempts=4249 stage2_phase_freeze_prune_elapsed_ms=948.959494 avg_stage2_phase_freeze_prune_us_per_task=223.337137 stage2_phase_reverse_prepare_attempts=615 stage2_phase_reverse_prepare_task_attempts=4217 stage2_phase_reverse_prepare_elapsed_ms=4314.822427 avg_stage2_phase_reverse_prepare_us_per_task=1023.197161 stage2_phase_placement_authority_attempts=615 stage2_phase_placement_authority_task_attempts=4217 stage2_phase_placement_authority_elapsed_ms=173.091974 avg_stage2_phase_placement_authority_us_per_task=41.046235 stage2_phase_completion_handoff_attempts=615 stage2_phase_completion_handoff_task_attempts=4217 stage2_phase_completion_handoff_elapsed_ms=1.063063 avg_stage2_phase_completion_handoff_us_per_task=0.252090 stage2_phase_finalize_attempts=615 stage2_phase_finalize_task_attempts=4217 stage2_phase_finalize_elapsed_ms=3.415618 avg_stage2_phase_finalize_us_per_task=0.809964 maintenance_worker_idle_waits=35264 maintenance_worker_idle_ms=112411.291999 maintenance_lost_wake_avoided=1684 maintenance_targeted_wakes=29739 maintenance_generic_wakes=4231 maintenance_broadcast_wakes=0 maintenance_context_slots_scanned=233216 maintenance_ready_notifications=28770 maintenance_ready_stale_notifications=0 maintenance_ready_tickets_drained=18073 maintenance_ready_overflow_scans=0 maintenance_ready_fallback_scans=14665 stage2_search_lane_lease_limit=32 stage2_search_lane_lease_peak=3 stage2_search_lane_lease_blocked=0 maintenance_worker_observed_idle_ratio=0.935070 maintenance_worker_observed_busy_ratio=0.064930 physical_stage1_items=4231 physical_stage1_total_ns=16390474877 physical_stage1_search_ns=15210925030 physical_stage1_prune_ns=853603173 physical_stage1_allocate_write_ns=236970284 physical_stage1_backlink_ns=78398283 physical_stage1_candidates=541510 physical_stage1_remote_frontier_items=1495309 physical_stage1_neighbors=161436 peer_stage1_enqueued=6763 peer_stage1_processed=6761 peer_stage1_items=6748 avg_peer_stage1_items=0.998077 peer_stage1_rate_per_sec=449.054803 peer_stage1_max_queue=5 peer_stage1_active_workers=2 peer_stage2_home_enqueued=7761 peer_stage2_home_processed=7761 peer_stage2_home_items=564029 avg_peer_stage2_home_items=72.674784 peer_stage2_home_max_queue=3 peer_stage2_home_response_queue_drops=0 peer_stage2_home_response_send_wait_ms=37.140251 avg_peer_stage2_home_queue_wait_us=15.278579 avg_peer_stage2_home_execution_us=53.319131 peer_stage1_release_deferred_batches=13 peer_stage1_release_deferred_items=13 peer_stage1_duplicate_retry_responses=0 peer_stage1_admission_retry_responses=0 peer_stage1_retry_response_drops=0 peer_stage1_admission_waiters=0 peer_stage1_admission_waiter_items=0 peer_stage1_admission_owned_items=0 peer_stage1_admission_wake_coverage=0 peer_stage1_admission_parked=0 peer_stage1_admission_woken=0 peer_stage1_admission_reparked=0 peer_stage1_max_admission_waiters=0 peer_stage1_duplicate_coalesced=0 peer_reverse_enqueued=520 peer_reverse_processed=520 peer_reverse_remaining=0 peer_reverse_items_enqueued=4744 peer_reverse_items_processed=4744 peer_reverse_rate_per_sec=315.695908 peer_reverse_failed=2 peer_reverse_max_queue=2 reclaim_pending=0 reclaim_reused=65 dynamic_high_watermark=19032496224 stage2_remaining=0 cleanup_remaining=0 active_contexts=2 active_context_limit=32 repair_remaining=0 remaining=14
[STATUS]: storage-owner maintenance observation: enqueued=6726 stage2_enqueued=6726 cleanup_enqueued=0 stage2_tasks_done=6711 stage2_finalized_live=6711 cleanup_processed=0 stale=0 stage2_completion_ratio=0.997770 live_stage2_completion_ratio=0.997770 avg_stage2_delay_ms=30.991456 p99_stage2_delay_upper_ms=64.000000 p99_stage2_delay_over_30s=false stage2_delay_histogram=0,0,0,11,259,3651,2744,46,0,0,0,0,0,0,0,0,0,0 max_stage2_delay_ms=88.965629 compaction_batch_target=32 compaction_max_delay_ms=25.000000 stage2_rate_per_sec=335.094441 stage1_search_budget_exhausted=0 stage2_search_budget_exhausted=0 stage2_continuations=6719 stage2_remote_frontier_items=2234232 avg_stage2_remote_frontier=332.524483 stage2_remote_expansions=16459 avg_stage2_remote_expansions=2.449620 stage2_scored_candidates=2525770 avg_stage2_scored_candidates=375.914571 stage2_graph_read_waves=5143 avg_stage2_expansions_per_graph_wave=3.200272 stage2_graph_unique_reads=16810 stage2_graph_prefetch_issued=9858 stage2_graph_prefetch_hits=9507 stage2_graph_prefetch_wasted=351 stage2_graph_prefetch_promotion_ratio=0.964394 stage2_graph_issue_width_current=16 stage2_vector_read_waves=13440 avg_stage2_scores_per_vector_wave=187.929315 stage2_vector_unique_reads=2301265 stage2_home_rpc_batches=14429 stage2_home_rpc_items=2130369 avg_stage2_home_rpc_batch=147.644951 stage2_home_score_rpc_batches=8793 stage2_home_score_rpc_items=2113559 stage2_home_score_rpc_queries=56446 stage2_home_score_rpc_request_bytes=56791672 stage2_home_score_rpc_response_bytes=67986656 avg_stage2_home_score_queries_per_rpc=6.419425 avg_stage2_home_score_rpc_batch=240.368361 stage2_home_scored_neighbors=2336839 home_scores_per_expansion=1.096917 stage2_migrations=66 home_match_rate=0.990165 stage2_final_edges=255773 stage2_cross_edges_stage1_home=3627 stage2_cross_edges_final_home=2158 cross_edge_reduction_ratio=0.405018 failed=0 rpc_timeouts=0 reverse_aggregate_batches=0 reverse_aggregate_logical_requests=0 reverse_aggregate_ops=0 avg_reverse_aggregate_logicals=0.000000 avg_reverse_aggregate_ops=0.000000 max_backlog=9 admission_window=65536 completion_outstanding=15 completion_incomplete=15 completed_behind_hole=0 completion_logical_full_failures=0 completion_physical_full_failures=0 pressure_yields=9 stage2_batches=948 avg_stage2_batch_size=7.087553 packing_target_batch=8 packing_admit_queue_avg=7.091772 packing_admit_queue_max=9 packing_batch_1_7=485 packing_batch_8=463 packing_assembly_batches=948 packing_assembly_wait_ms=13677.437712 packing_arrival_interval_us=1945 packing_waited_batches=485 packing_wait_ms=7638.828000 packing_target_flushes=463 packing_deadline_flushes=485 packing_cleanup_flushes=0 stage2_phase_search_attempts=948 stage2_phase_search_task_attempts=6719 stage2_phase_search_elapsed_ms=4181.552159 avg_stage2_phase_search_us_per_task=622.347397 stage2_phase_freeze_prune_attempts=957 stage2_phase_freeze_prune_task_attempts=6788 stage2_phase_freeze_prune_elapsed_ms=1472.701815 avg_stage2_phase_freeze_prune_us_per_task=216.956661 stage2_phase_reverse_prepare_attempts=947 stage2_phase_reverse_prepare_task_attempts=6711 stage2_phase_reverse_prepare_elapsed_ms=6487.825460 avg_stage2_phase_reverse_prepare_us_per_task=966.744965 stage2_phase_placement_authority_attempts=947 stage2_phase_placement_authority_task_attempts=6711 stage2_phase_placement_authority_elapsed_ms=305.042326 avg_stage2_phase_placement_authority_us_per_task=45.454079 stage2_phase_completion_handoff_attempts=947 stage2_phase_completion_handoff_task_attempts=6711 stage2_phase_completion_handoff_elapsed_ms=1.670070 avg_stage2_phase_completion_handoff_us_per_task=0.248856 stage2_phase_finalize_attempts=947 stage2_phase_finalize_task_attempts=6711 stage2_phase_finalize_elapsed_ms=5.335517 avg_stage2_phase_finalize_us_per_task=0.795041 maintenance_worker_idle_waits=48000 maintenance_worker_idle_ms=148936.583434 maintenance_lost_wake_avoided=2535 maintenance_targeted_wakes=41012 maintenance_generic_wakes=6726 maintenance_broadcast_wakes=0 maintenance_context_slots_scanned=321168 maintenance_ready_notifications=40034 maintenance_ready_stale_notifications=0 maintenance_ready_tickets_drained=23624 maintenance_ready_overflow_scans=0 maintenance_ready_fallback_scans=20155 stage2_search_lane_lease_limit=32 stage2_search_lane_lease_peak=3 stage2_search_lane_lease_blocked=0 maintenance_worker_observed_idle_ratio=0.929590 maintenance_worker_observed_busy_ratio=0.070410 physical_stage1_items=6726 physical_stage1_total_ns=24838690992 physical_stage1_search_ns=23057690110 physical_stage1_prune_ns=1284857959 physical_stage1_allocate_write_ns=361910755 physical_stage1_backlink_ns=117778607 physical_stage1_candidates=860844 physical_stage1_remote_frontier_items=2236119 physical_stage1_neighbors=254453 peer_stage1_enqueued=10760 peer_stage1_processed=10760 peer_stage1_items=10742 avg_peer_stage1_items=0.998327 peer_stage1_rate_per_sec=536.370808 peer_stage1_max_queue=5 peer_stage1_active_workers=0 peer_stage2_home_enqueued=7943 peer_stage2_home_processed=7943 peer_stage2_home_items=568632 avg_peer_stage2_home_items=71.589072 peer_stage2_home_max_queue=3 peer_stage2_home_response_queue_drops=0 peer_stage2_home_response_send_wait_ms=37.943469 avg_peer_stage2_home_queue_wait_us=15.173554 avg_peer_stage2_home_execution_us=53.033414 peer_stage1_release_deferred_batches=18 peer_stage1_release_deferred_items=18 peer_stage1_duplicate_retry_responses=0 peer_stage1_admission_retry_responses=0 peer_stage1_retry_response_drops=0 peer_stage1_admission_waiters=0 peer_stage1_admission_waiter_items=0 peer_stage1_admission_owned_items=0 peer_stage1_admission_wake_coverage=0 peer_stage1_admission_parked=0 peer_stage1_admission_woken=0 peer_stage1_admission_reparked=0 peer_stage1_max_admission_waiters=0 peer_stage1_duplicate_coalesced=0 peer_reverse_enqueued=530 peer_reverse_processed=530 peer_reverse_remaining=0 peer_reverse_items_enqueued=4842 peer_reverse_items_processed=4842 peer_reverse_rate_per_sec=241.771314 peer_reverse_failed=2 peer_reverse_max_queue=2 reclaim_pending=0 reclaim_reused=66 dynamic_high_watermark=19034973248 stage2_remaining=7 cleanup_remaining=0 active_contexts=1 active_context_limit=32 repair_remaining=0 remaining=15
[STATUS]: storage-owner maintenance observation: enqueued=9222 stage2_enqueued=9222 cleanup_enqueued=0 stage2_tasks_done=9209 stage2_finalized_live=9209 cleanup_processed=0 stale=0 stage2_completion_ratio=0.998590 live_stage2_completion_ratio=0.998590 avg_stage2_delay_ms=30.508930 p99_stage2_delay_upper_ms=64.000000 p99_stage2_delay_over_30s=false stage2_delay_histogram=0,0,0,17,357,5181,3608,46,0,0,0,0,0,0,0,0,0,0 max_stage2_delay_ms=88.965629 compaction_batch_target=32 compaction_max_delay_ms=25.000000 stage2_rate_per_sec=367.954566 stage1_search_budget_exhausted=0 stage2_search_budget_exhausted=0 stage2_continuations=9216 stage2_remote_frontier_items=2956757 avg_stage2_remote_frontier=320.828668 stage2_remote_expansions=19772 avg_stage2_remote_expansions=2.145399 stage2_scored_candidates=3272853 avg_stage2_scored_candidates=355.127279 stage2_graph_read_waves=6210 avg_stage2_expansions_per_graph_wave=3.183897 stage2_graph_unique_reads=20145 stage2_graph_prefetch_issued=11463 stage2_graph_prefetch_hits=11090 stage2_graph_prefetch_wasted=373 stage2_graph_prefetch_promotion_ratio=0.967461 stage2_graph_issue_width_current=16 stage2_vector_read_waves=16171 avg_stage2_scores_per_vector_wave=202.390267 stage2_vector_unique_reads=3030658 stage2_home_rpc_batches=18476 stage2_home_rpc_items=2813613 avg_stage2_home_rpc_batch=152.284748 stage2_home_score_rpc_batches=11619 stage2_home_score_rpc_items=2793468 stage2_home_score_rpc_queries=75907 stage2_home_score_rpc_request_bytes=75191228 stage2_home_score_rpc_response_bytes=89856792 avg_stage2_home_score_queries_per_rpc=6.533006 avg_stage2_home_score_rpc_batch=240.422412 stage2_home_scored_neighbors=3033747 home_scores_per_expansion=1.078239 stage2_migrations=67 home_match_rate=0.992725 stage2_final_edges=346878 stage2_cross_edges_stage1_home=4303 stage2_cross_edges_final_home=2823 cross_edge_reduction_ratio=0.343946 failed=0 rpc_timeouts=0 reverse_aggregate_batches=0 reverse_aggregate_logical_requests=0 reverse_aggregate_ops=0 avg_reverse_aggregate_logicals=0.000000 avg_reverse_aggregate_ops=0.000000 max_backlog=9 admission_window=65536 completion_outstanding=13 completion_incomplete=13 completed_behind_hole=0 completion_logical_full_failures=0 completion_physical_full_failures=0 pressure_yields=13 stage2_batches=1282 avg_stage2_batch_size=7.188768 packing_target_batch=8 packing_admit_queue_avg=7.192668 packing_admit_queue_max=9 packing_batch_1_7=639 packing_batch_8=643 packing_assembly_batches=1282 packing_assembly_wait_ms=18156.103472 packing_arrival_interval_us=2026 packing_waited_batches=639 packing_wait_ms=9746.717000 packing_target_flushes=643 packing_deadline_flushes=639 packing_cleanup_flushes=0 stage2_phase_search_attempts=1282 stage2_phase_search_task_attempts=9216 stage2_phase_search_elapsed_ms=5382.707915 avg_stage2_phase_search_us_per_task=584.061189 stage2_phase_freeze_prune_attempts=1295 stage2_phase_freeze_prune_task_attempts=9313 stage2_phase_freeze_prune_elapsed_ms=1991.409897 avg_stage2_phase_freeze_prune_us_per_task=213.831193 stage2_phase_reverse_prepare_attempts=1281 stage2_phase_reverse_prepare_task_attempts=9209 stage2_phase_reverse_prepare_elapsed_ms=8561.645384 avg_stage2_phase_reverse_prepare_us_per_task=929.704136 stage2_phase_placement_authority_attempts=1281 stage2_phase_placement_authority_task_attempts=9209 stage2_phase_placement_authority_elapsed_ms=409.902400 avg_stage2_phase_placement_authority_us_per_task=44.511065 stage2_phase_completion_handoff_attempts=1281 stage2_phase_completion_handoff_task_attempts=9209 stage2_phase_completion_handoff_elapsed_ms=2.290934 avg_stage2_phase_completion_handoff_us_per_task=0.248771 stage2_phase_finalize_attempts=1281 stage2_phase_finalize_task_attempts=9209 stage2_phase_finalize_elapsed_ms=7.331245 avg_stage2_phase_finalize_us_per_task=0.796096 maintenance_worker_idle_waits=60800 maintenance_worker_idle_ms=185299.278060 maintenance_lost_wake_avoided=3365 maintenance_targeted_wakes=52289 maintenance_generic_wakes=9222 maintenance_broadcast_wakes=0 maintenance_context_slots_scanned=408048 maintenance_ready_notifications=51284 maintenance_ready_stale_notifications=0 maintenance_ready_tickets_drained=29268 maintenance_ready_overflow_scans=0 maintenance_ready_fallback_scans=25615 stage2_search_lane_lease_limit=32 stage2_search_lane_lease_peak=3 stage2_search_lane_lease_blocked=0 maintenance_worker_observed_idle_ratio=0.925477 maintenance_worker_observed_busy_ratio=0.074523 physical_stage1_items=9222 physical_stage1_total_ns=32705616258 physical_stage1_search_ns=30370600924 physical_stage1_prune_ns=1681605043 physical_stage1_allocate_write_ns=476944809 physical_stage1_backlink_ns=154252266 physical_stage1_candidates=1180279 physical_stage1_remote_frontier_items=2958115 physical_stage1_neighbors=344669 peer_stage1_enqueued=14755 peer_stage1_processed=14754 peer_stage1_items=14734 avg_peer_stage1_items=0.998644 peer_stage1_rate_per_sec=588.711323 peer_stage1_max_queue=5 peer_stage1_active_workers=1 peer_stage2_home_enqueued=8088 peer_stage2_home_processed=8088 peer_stage2_home_items=570984 avg_peer_stage2_home_items=70.596439 peer_stage2_home_max_queue=3 peer_stage2_home_response_queue_drops=0 peer_stage2_home_response_send_wait_ms=38.638725 avg_peer_stage2_home_queue_wait_us=15.142051 avg_peer_stage2_home_execution_us=52.727239 peer_stage1_release_deferred_batches=20 peer_stage1_release_deferred_items=20 peer_stage1_duplicate_retry_responses=0 peer_stage1_admission_retry_responses=0 peer_stage1_retry_response_drops=0 peer_stage1_admission_waiters=0 peer_stage1_admission_waiter_items=0 peer_stage1_admission_owned_items=0 peer_stage1_admission_wake_coverage=0 peer_stage1_admission_parked=0 peer_stage1_admission_woken=0 peer_stage1_admission_reparked=0 peer_stage1_max_admission_waiters=0 peer_stage1_duplicate_coalesced=0 peer_reverse_enqueued=536 peer_reverse_processed=536 peer_reverse_remaining=0 peer_reverse_items_enqueued=4938 peer_reverse_items_processed=4938 peer_reverse_rate_per_sec=197.302600 peer_reverse_failed=2 peer_reverse_max_queue=2 reclaim_pending=0 reclaim_reused=67 dynamic_high_watermark=19037451264 stage2_remaining=6 cleanup_remaining=0 active_contexts=1 active_context_limit=32 repair_remaining=0 remaining=13
[STATUS]: storage-owner maintenance observation: enqueued=10486 stage2_enqueued=10486 cleanup_enqueued=0 stage2_tasks_done=10486 stage2_finalized_live=10486 cleanup_processed=0 stale=0 stage2_completion_ratio=1.000000 live_stage2_completion_ratio=1.000000 avg_stage2_delay_ms=30.340255 p99_stage2_delay_upper_ms=64.000000 p99_stage2_delay_over_30s=false stage2_delay_histogram=0,0,0,18,392,6021,4009,46,0,0,0,0,0,0,0,0,0,0 max_stage2_delay_ms=88.965629 compaction_batch_target=32 compaction_max_delay_ms=25.000000 stage2_rate_per_sec=349.156311 stage1_search_budget_exhausted=0 stage2_search_budget_exhausted=0 stage2_continuations=10486 stage2_remote_frontier_items=3319996 avg_stage2_remote_frontier=316.612245 stage2_remote_expansions=21572 avg_stage2_remote_expansions=2.057219 stage2_scored_candidates=3649954 avg_stage2_scored_candidates=348.078772 stage2_graph_read_waves=6801 avg_stage2_expansions_per_graph_wave=3.171886 stage2_graph_unique_reads=21970 stage2_graph_prefetch_issued=12357 stage2_graph_prefetch_hits=11959 stage2_graph_prefetch_wasted=398 stage2_graph_prefetch_promotion_ratio=0.967792 stage2_graph_issue_width_current=16 stage2_vector_read_waves=17618 avg_stage2_scores_per_vector_wave=207.171870 stage2_vector_unique_reads=3396975 stage2_home_rpc_batches=20557 stage2_home_rpc_items=3155865 avg_stage2_home_rpc_batch=153.517780 stage2_home_score_rpc_batches=13034 stage2_home_score_rpc_items=3133895 stage2_home_score_rpc_queries=85633 stage2_home_score_rpc_request_bytes=84401996 stage2_home_score_rpc_response_bytes=100807056 avg_stage2_home_score_queries_per_rpc=6.569971 avg_stage2_home_score_rpc_batch=240.440003 stage2_home_scored_neighbors=3384525 home_scores_per_expansion=1.072456 stage2_migrations=68 home_match_rate=0.993515 stage2_final_edges=393536 stage2_cross_edges_stage1_home=4662 stage2_cross_edges_final_home=3175 cross_edge_reduction_ratio=0.318962 failed=0 rpc_timeouts=0 reverse_aggregate_batches=0 reverse_aggregate_logical_requests=0 reverse_aggregate_ops=0 avg_reverse_aggregate_logicals=0.000000 avg_reverse_aggregate_ops=0.000000 max_backlog=9 admission_window=65536 completion_outstanding=0 completion_incomplete=0 completed_behind_hole=0 completion_logical_full_failures=0 completion_physical_full_failures=0 pressure_yields=13 stage2_batches=1451 avg_stage2_batch_size=7.226740 packing_target_batch=8 packing_admit_queue_avg=7.230186 packing_admit_queue_max=9 packing_batch_1_7=713 packing_batch_8=738 packing_assembly_batches=1451 packing_assembly_wait_ms=20429.896055 packing_arrival_interval_us=2178 packing_waited_batches=713 packing_wait_ms=10771.965000 packing_target_flushes=738 packing_deadline_flushes=713 packing_cleanup_flushes=0 stage2_phase_search_attempts=1451 stage2_phase_search_task_attempts=10486 stage2_phase_search_elapsed_ms=5979.935887 avg_stage2_phase_search_us_per_task=570.278074 stage2_phase_freeze_prune_attempts=1464 stage2_phase_freeze_prune_task_attempts=10583 stage2_phase_freeze_prune_elapsed_ms=2273.304669 avg_stage2_phase_freeze_prune_us_per_task=214.807207 stage2_phase_reverse_prepare_attempts=1451 stage2_phase_reverse_prepare_task_attempts=10486 stage2_phase_reverse_prepare_elapsed_ms=9628.774695 avg_stage2_phase_reverse_prepare_us_per_task=918.250495 stage2_phase_placement_authority_attempts=1451 stage2_phase_placement_authority_task_attempts=10486 stage2_phase_placement_authority_elapsed_ms=440.027452 avg_stage2_phase_placement_authority_us_per_task=41.963327 stage2_phase_completion_handoff_attempts=1451 stage2_phase_completion_handoff_task_attempts=10486 stage2_phase_completion_handoff_elapsed_ms=2.606548 avg_stage2_phase_completion_handoff_us_per_task=0.248574 stage2_phase_finalize_attempts=1451 stage2_phase_finalize_task_attempts=10486 stage2_phase_finalize_elapsed_ms=8.324154 avg_stage2_phase_finalize_us_per_task=0.793835 maintenance_worker_idle_waits=69440 maintenance_worker_idle_ms=221738.660163 maintenance_lost_wake_avoided=3791 maintenance_targeted_wakes=58099 maintenance_generic_wakes=10486 maintenance_broadcast_wakes=0 maintenance_context_slots_scanned=481568 maintenance_ready_notifications=57074 maintenance_ready_stale_notifications=0 maintenance_ready_tickets_drained=32271 maintenance_ready_overflow_scans=0 maintenance_ready_fallback_scans=30362 stage2_search_lane_lease_limit=32 stage2_search_lane_lease_peak=3 stage2_search_lane_lease_blocked=0 maintenance_worker_observed_idle_ratio=0.922915 maintenance_worker_observed_busy_ratio=0.077085 physical_stage1_items=10486 physical_stage1_total_ns=36671984470 physical_stage1_search_ns=34055869263 physical_stage1_prune_ns=1882641802 physical_stage1_allocate_write_ns=535548497 physical_stage1_backlink_ns=172860091 physical_stage1_candidates=1342048 physical_stage1_remote_frontier_items=3319996 physical_stage1_neighbors=390534 peer_stage1_enqueued=16775 peer_stage1_processed=16775 peer_stage1_items=16754 avg_peer_stage1_items=0.998748 peer_stage1_rate_per_sec=557.864280 peer_stage1_max_queue=5 peer_stage1_active_workers=0 peer_stage2_home_enqueued=8254 peer_stage2_home_processed=8254 peer_stage2_home_items=574597 avg_peer_stage2_home_items=69.614369 peer_stage2_home_max_queue=3 peer_stage2_home_response_queue_drops=0 peer_stage2_home_response_send_wait_ms=39.317498 avg_peer_stage2_home_queue_wait_us=15.057570 avg_peer_stage2_home_execution_us=52.459109 peer_stage1_release_deferred_batches=21 peer_stage1_release_deferred_items=21 peer_stage1_duplicate_retry_responses=0 peer_stage1_admission_retry_responses=0 peer_stage1_retry_response_drops=0 peer_stage1_admission_waiters=0 peer_stage1_admission_waiter_items=0 peer_stage1_admission_owned_items=0 peer_stage1_admission_wake_coverage=0 peer_stage1_admission_parked=0 peer_stage1_admission_woken=0 peer_stage1_admission_reparked=0 peer_stage1_max_admission_waiters=0 peer_stage1_duplicate_coalesced=0 peer_reverse_enqueued=543 peer_reverse_processed=543 peer_reverse_remaining=0 peer_reverse_items_enqueued=5060 peer_reverse_items_processed=5060 peer_reverse_rate_per_sec=168.484735 peer_reverse_failed=2 peer_reverse_max_queue=2 reclaim_pending=1 reclaim_reused=67 dynamic_high_watermark=19038709120 stage2_remaining=0 cleanup_remaining=0 active_contexts=0 active_context_limit=32 repair_remaining=0 remaining=0
[STATUS]: storage-owner maintenance observation: enqueued=10486 stage2_enqueued=10486 cleanup_enqueued=0 stage2_tasks_done=10486 stage2_finalized_live=10486 cleanup_processed=0 stale=0 stage2_completion_ratio=1.000000 live_stage2_completion_ratio=1.000000 avg_stage2_delay_ms=30.340255 p99_stage2_delay_upper_ms=64.000000 p99_stage2_delay_over_30s=false stage2_delay_histogram=0,0,0,18,392,6021,4009,46,0,0,0,0,0,0,0,0,0,0 max_stage2_delay_ms=88.965629 compaction_batch_target=32 compaction_max_delay_ms=25.000000 stage2_rate_per_sec=299.320035 stage1_search_budget_exhausted=0 stage2_search_budget_exhausted=0 stage2_continuations=10486 stage2_remote_frontier_items=3319996 avg_stage2_remote_frontier=316.612245 stage2_remote_expansions=21572 avg_stage2_remote_expansions=2.057219 stage2_scored_candidates=3649954 avg_stage2_scored_candidates=348.078772 stage2_graph_read_waves=6801 avg_stage2_expansions_per_graph_wave=3.171886 stage2_graph_unique_reads=21970 stage2_graph_prefetch_issued=12357 stage2_graph_prefetch_hits=11959 stage2_graph_prefetch_wasted=398 stage2_graph_prefetch_promotion_ratio=0.967792 stage2_graph_issue_width_current=16 stage2_vector_read_waves=17618 avg_stage2_scores_per_vector_wave=207.171870 stage2_vector_unique_reads=3396975 stage2_home_rpc_batches=20557 stage2_home_rpc_items=3155865 avg_stage2_home_rpc_batch=153.517780 stage2_home_score_rpc_batches=13034 stage2_home_score_rpc_items=3133895 stage2_home_score_rpc_queries=85633 stage2_home_score_rpc_request_bytes=84401996 stage2_home_score_rpc_response_bytes=100807056 avg_stage2_home_score_queries_per_rpc=6.569971 avg_stage2_home_score_rpc_batch=240.440003 stage2_home_scored_neighbors=3384525 home_scores_per_expansion=1.072456 stage2_migrations=68 home_match_rate=0.993515 stage2_final_edges=393536 stage2_cross_edges_stage1_home=4662 stage2_cross_edges_final_home=3175 cross_edge_reduction_ratio=0.318962 failed=0 rpc_timeouts=0 reverse_aggregate_batches=0 reverse_aggregate_logical_requests=0 reverse_aggregate_ops=0 avg_reverse_aggregate_logicals=0.000000 avg_reverse_aggregate_ops=0.000000 max_backlog=9 admission_window=65536 completion_outstanding=0 completion_incomplete=0 completed_behind_hole=0 completion_logical_full_failures=0 completion_physical_full_failures=0 pressure_yields=13 stage2_batches=1451 avg_stage2_batch_size=7.226740 packing_target_batch=8 packing_admit_queue_avg=7.230186 packing_admit_queue_max=9 packing_batch_1_7=713 packing_batch_8=738 packing_assembly_batches=1451 packing_assembly_wait_ms=20429.896055 packing_arrival_interval_us=2178 packing_waited_batches=713 packing_wait_ms=10771.965000 packing_target_flushes=738 packing_deadline_flushes=713 packing_cleanup_flushes=0 stage2_phase_search_attempts=1451 stage2_phase_search_task_attempts=10486 stage2_phase_search_elapsed_ms=5979.935887 avg_stage2_phase_search_us_per_task=570.278074 stage2_phase_freeze_prune_attempts=1464 stage2_phase_freeze_prune_task_attempts=10583 stage2_phase_freeze_prune_elapsed_ms=2273.304669 avg_stage2_phase_freeze_prune_us_per_task=214.807207 stage2_phase_reverse_prepare_attempts=1451 stage2_phase_reverse_prepare_task_attempts=10486 stage2_phase_reverse_prepare_elapsed_ms=9628.774695 avg_stage2_phase_reverse_prepare_us_per_task=918.250495 stage2_phase_placement_authority_attempts=1451 stage2_phase_placement_authority_task_attempts=10486 stage2_phase_placement_authority_elapsed_ms=440.027452 avg_stage2_phase_placement_authority_us_per_task=41.963327 stage2_phase_completion_handoff_attempts=1451 stage2_phase_completion_handoff_task_attempts=10486 stage2_phase_completion_handoff_elapsed_ms=2.606548 avg_stage2_phase_completion_handoff_us_per_task=0.248574 stage2_phase_finalize_attempts=1451 stage2_phase_finalize_task_attempts=10486 stage2_phase_finalize_elapsed_ms=8.324154 avg_stage2_phase_finalize_us_per_task=0.793835 maintenance_worker_idle_waits=73408 maintenance_worker_idle_ms=261651.293702 maintenance_lost_wake_avoided=3791 maintenance_targeted_wakes=58099 maintenance_generic_wakes=10486 maintenance_broadcast_wakes=0 maintenance_context_slots_scanned=545056 maintenance_ready_notifications=57074 maintenance_ready_stale_notifications=0 maintenance_ready_tickets_drained=32271 maintenance_ready_overflow_scans=0 maintenance_ready_fallback_scans=34338 stage2_search_lane_lease_limit=32 stage2_search_lane_lease_peak=3 stage2_search_lane_lease_blocked=0 maintenance_worker_observed_idle_ratio=0.933596 maintenance_worker_observed_busy_ratio=0.066404 physical_stage1_items=10486 physical_stage1_total_ns=36671984470 physical_stage1_search_ns=34055869263 physical_stage1_prune_ns=1882641802 physical_stage1_allocate_write_ns=535548497 physical_stage1_backlink_ns=172860091 physical_stage1_candidates=1342048 physical_stage1_remote_frontier_items=3319996 physical_stage1_neighbors=390534 peer_stage1_enqueued=16775 peer_stage1_processed=16775 peer_stage1_items=16754 avg_peer_stage1_items=0.998748 peer_stage1_rate_per_sec=478.238400 peer_stage1_max_queue=5 peer_stage1_active_workers=0 peer_stage2_home_enqueued=8254 peer_stage2_home_processed=8254 peer_stage2_home_items=574597 avg_peer_stage2_home_items=69.614369 peer_stage2_home_max_queue=3 peer_stage2_home_response_queue_drops=0 peer_stage2_home_response_send_wait_ms=39.317498 avg_peer_stage2_home_queue_wait_us=15.057570 avg_peer_stage2_home_execution_us=52.459109 peer_stage1_release_deferred_batches=21 peer_stage1_release_deferred_items=21 peer_stage1_duplicate_retry_responses=0 peer_stage1_admission_retry_responses=0 peer_stage1_retry_response_drops=0 peer_stage1_admission_waiters=0 peer_stage1_admission_waiter_items=0 peer_stage1_admission_owned_items=0 peer_stage1_admission_wake_coverage=0 peer_stage1_admission_parked=0 peer_stage1_admission_woken=0 peer_stage1_admission_reparked=0 peer_stage1_max_admission_waiters=0 peer_stage1_duplicate_coalesced=0 peer_reverse_enqueued=543 peer_reverse_processed=543 peer_reverse_remaining=0 peer_reverse_items_enqueued=5060 peer_reverse_items_processed=5060 peer_reverse_rate_per_sec=144.436332 peer_reverse_failed=2 peer_reverse_max_queue=2 reclaim_pending=1 reclaim_reused=67 dynamic_high_watermark=19038709120 stage2_remaining=0 cleanup_remaining=0 active_contexts=0 active_context_limit=32 repair_remaining=0 remaining=0
[STATUS]: storage-owner maintenance observation: enqueued=10486 stage2_enqueued=10486 cleanup_enqueued=0 stage2_tasks_done=10486 stage2_finalized_live=10486 cleanup_processed=0 stale=0 stage2_completion_ratio=1.000000 live_stage2_completion_ratio=1.000000 avg_stage2_delay_ms=30.340255 p99_stage2_delay_upper_ms=64.000000 p99_stage2_delay_over_30s=false stage2_delay_histogram=0,0,0,18,392,6021,4009,46,0,0,0,0,0,0,0,0,0,0 max_stage2_delay_ms=88.965629 compaction_batch_target=32 compaction_max_delay_ms=25.000000 stage2_rate_per_sec=261.927520 stage1_search_budget_exhausted=0 stage2_search_budget_exhausted=0 stage2_continuations=10486 stage2_remote_frontier_items=3319996 avg_stage2_remote_frontier=316.612245 stage2_remote_expansions=21572 avg_stage2_remote_expansions=2.057219 stage2_scored_candidates=3649954 avg_stage2_scored_candidates=348.078772 stage2_graph_read_waves=6801 avg_stage2_expansions_per_graph_wave=3.171886 stage2_graph_unique_reads=21970 stage2_graph_prefetch_issued=12357 stage2_graph_prefetch_hits=11959 stage2_graph_prefetch_wasted=398 stage2_graph_prefetch_promotion_ratio=0.967792 stage2_graph_issue_width_current=16 stage2_vector_read_waves=17618 avg_stage2_scores_per_vector_wave=207.171870 stage2_vector_unique_reads=3396975 stage2_home_rpc_batches=20557 stage2_home_rpc_items=3155865 avg_stage2_home_rpc_batch=153.517780 stage2_home_score_rpc_batches=13034 stage2_home_score_rpc_items=3133895 stage2_home_score_rpc_queries=85633 stage2_home_score_rpc_request_bytes=84401996 stage2_home_score_rpc_response_bytes=100807056 avg_stage2_home_score_queries_per_rpc=6.569971 avg_stage2_home_score_rpc_batch=240.440003 stage2_home_scored_neighbors=3384525 home_scores_per_expansion=1.072456 stage2_migrations=68 home_match_rate=0.993515 stage2_final_edges=393536 stage2_cross_edges_stage1_home=4662 stage2_cross_edges_final_home=3175 cross_edge_reduction_ratio=0.318962 failed=0 rpc_timeouts=0 reverse_aggregate_batches=0 reverse_aggregate_logical_requests=0 reverse_aggregate_ops=0 avg_reverse_aggregate_logicals=0.000000 avg_reverse_aggregate_ops=0.000000 max_backlog=9 admission_window=65536 completion_outstanding=0 completion_incomplete=0 completed_behind_hole=0 completion_logical_full_failures=0 completion_physical_full_failures=0 pressure_yields=13 stage2_batches=1451 avg_stage2_batch_size=7.226740 packing_target_batch=8 packing_admit_queue_avg=7.230186 packing_admit_queue_max=9 packing_batch_1_7=713 packing_batch_8=738 packing_assembly_batches=1451 packing_assembly_wait_ms=20429.896055 packing_arrival_interval_us=2178 packing_waited_batches=713 packing_wait_ms=10771.965000 packing_target_flushes=738 packing_deadline_flushes=713 packing_cleanup_flushes=0 stage2_phase_search_attempts=1451 stage2_phase_search_task_attempts=10486 stage2_phase_search_elapsed_ms=5979.935887 avg_stage2_phase_search_us_per_task=570.278074 stage2_phase_freeze_prune_attempts=1464 stage2_phase_freeze_prune_task_attempts=10583 stage2_phase_freeze_prune_elapsed_ms=2273.304669 avg_stage2_phase_freeze_prune_us_per_task=214.807207 stage2_phase_reverse_prepare_attempts=1451 stage2_phase_reverse_prepare_task_attempts=10486 stage2_phase_reverse_prepare_elapsed_ms=9628.774695 avg_stage2_phase_reverse_prepare_us_per_task=918.250495 stage2_phase_placement_authority_attempts=1451 stage2_phase_placement_authority_task_attempts=10486 stage2_phase_placement_authority_elapsed_ms=440.027452 avg_stage2_phase_placement_authority_us_per_task=41.963327 stage2_phase_completion_handoff_attempts=1451 stage2_phase_completion_handoff_task_attempts=10486 stage2_phase_completion_handoff_elapsed_ms=2.606548 avg_stage2_phase_completion_handoff_us_per_task=0.248574 stage2_phase_finalize_attempts=1451 stage2_phase_finalize_task_attempts=10486 stage2_phase_finalize_elapsed_ms=8.324154 avg_stage2_phase_finalize_us_per_task=0.793835 maintenance_worker_idle_waits=77440 maintenance_worker_idle_ms=302207.700357 maintenance_lost_wake_avoided=3791 maintenance_targeted_wakes=58099 maintenance_generic_wakes=10486 maintenance_broadcast_wakes=0 maintenance_context_slots_scanned=609568 maintenance_ready_notifications=57074 maintenance_ready_stale_notifications=0 maintenance_ready_tickets_drained=32271 maintenance_ready_overflow_scans=0 maintenance_ready_fallback_scans=38316 stage2_search_lane_lease_limit=32 stage2_search_lane_lease_peak=3 stage2_search_lane_lease_blocked=0 maintenance_worker_observed_idle_ratio=0.943598 maintenance_worker_observed_busy_ratio=0.056402 physical_stage1_items=10486 physical_stage1_total_ns=36671984470 physical_stage1_search_ns=34055869263 physical_stage1_prune_ns=1882641802 physical_stage1_allocate_write_ns=535548497 physical_stage1_backlink_ns=172860091 physical_stage1_candidates=1342048 physical_stage1_remote_frontier_items=3319996 physical_stage1_neighbors=390534 peer_stage1_enqueued=16775 peer_stage1_processed=16775 peer_stage1_items=16754 avg_peer_stage1_items=0.998748 peer_stage1_rate_per_sec=418.494533 peer_stage1_max_queue=5 peer_stage1_active_workers=0 peer_stage2_home_enqueued=8254 peer_stage2_home_processed=8254 peer_stage2_home_items=574597 avg_peer_stage2_home_items=69.614369 peer_stage2_home_max_queue=3 peer_stage2_home_response_queue_drops=0 peer_stage2_home_response_send_wait_ms=39.317498 avg_peer_stage2_home_queue_wait_us=15.057570 avg_peer_stage2_home_execution_us=52.459109 peer_stage1_release_deferred_batches=21 peer_stage1_release_deferred_items=21 peer_stage1_duplicate_retry_responses=0 peer_stage1_admission_retry_responses=0 peer_stage1_retry_response_drops=0 peer_stage1_admission_waiters=0 peer_stage1_admission_waiter_items=0 peer_stage1_admission_owned_items=0 peer_stage1_admission_wake_coverage=0 peer_stage1_admission_parked=0 peer_stage1_admission_woken=0 peer_stage1_admission_reparked=0 peer_stage1_max_admission_waiters=0 peer_stage1_duplicate_coalesced=0 peer_reverse_enqueued=543 peer_reverse_processed=543 peer_reverse_remaining=0 peer_reverse_items_enqueued=5060 peer_reverse_items_processed=5060 peer_reverse_rate_per_sec=126.392643 peer_reverse_failed=2 peer_reverse_max_queue=2 reclaim_pending=1 reclaim_reused=67 dynamic_high_watermark=19038709120 stage2_remaining=0 cleanup_remaining=0 active_contexts=0 active_context_limit=32 repair_remaining=0 remaining=0
[STATUS]: storage-owner maintenance observation: enqueued=10486 stage2_enqueued=10486 cleanup_enqueued=0 stage2_tasks_done=10486 stage2_finalized_live=10486 cleanup_processed=0 stale=0 stage2_completion_ratio=1.000000 live_stage2_completion_ratio=1.000000 avg_stage2_delay_ms=30.340255 p99_stage2_delay_upper_ms=64.000000 p99_stage2_delay_over_30s=false stage2_delay_histogram=0,0,0,18,392,6021,4009,46,0,0,0,0,0,0,0,0,0,0 max_stage2_delay_ms=88.965629 compaction_batch_target=32 compaction_max_delay_ms=25.000000 stage2_rate_per_sec=232.831707 stage1_search_budget_exhausted=0 stage2_search_budget_exhausted=0 stage2_continuations=10486 stage2_remote_frontier_items=3319996 avg_stage2_remote_frontier=316.612245 stage2_remote_expansions=21572 avg_stage2_remote_expansions=2.057219 stage2_scored_candidates=3649954 avg_stage2_scored_candidates=348.078772 stage2_graph_read_waves=6801 avg_stage2_expansions_per_graph_wave=3.171886 stage2_graph_unique_reads=21970 stage2_graph_prefetch_issued=12357 stage2_graph_prefetch_hits=11959 stage2_graph_prefetch_wasted=398 stage2_graph_prefetch_promotion_ratio=0.967792 stage2_graph_issue_width_current=16 stage2_vector_read_waves=17618 avg_stage2_scores_per_vector_wave=207.171870 stage2_vector_unique_reads=3396975 stage2_home_rpc_batches=20557 stage2_home_rpc_items=3155865 avg_stage2_home_rpc_batch=153.517780 stage2_home_score_rpc_batches=13034 stage2_home_score_rpc_items=3133895 stage2_home_score_rpc_queries=85633 stage2_home_score_rpc_request_bytes=84401996 stage2_home_score_rpc_response_bytes=100807056 avg_stage2_home_score_queries_per_rpc=6.569971 avg_stage2_home_score_rpc_batch=240.440003 stage2_home_scored_neighbors=3384525 home_scores_per_expansion=1.072456 stage2_migrations=68 home_match_rate=0.993515 stage2_final_edges=393536 stage2_cross_edges_stage1_home=4662 stage2_cross_edges_final_home=3175 cross_edge_reduction_ratio=0.318962 failed=0 rpc_timeouts=0 reverse_aggregate_batches=0 reverse_aggregate_logical_requests=0 reverse_aggregate_ops=0 avg_reverse_aggregate_logicals=0.000000 avg_reverse_aggregate_ops=0.000000 max_backlog=9 admission_window=65536 completion_outstanding=0 completion_incomplete=0 completed_behind_hole=0 completion_logical_full_failures=0 completion_physical_full_failures=0 pressure_yields=13 stage2_batches=1451 avg_stage2_batch_size=7.226740 packing_target_batch=8 packing_admit_queue_avg=7.230186 packing_admit_queue_max=9 packing_batch_1_7=713 packing_batch_8=738 packing_assembly_batches=1451 packing_assembly_wait_ms=20429.896055 packing_arrival_interval_us=2178 packing_waited_batches=713 packing_wait_ms=10771.965000 packing_target_flushes=738 packing_deadline_flushes=713 packing_cleanup_flushes=0 stage2_phase_search_attempts=1451 stage2_phase_search_task_attempts=10486 stage2_phase_search_elapsed_ms=5979.935887 avg_stage2_phase_search_us_per_task=570.278074 stage2_phase_freeze_prune_attempts=1464 stage2_phase_freeze_prune_task_attempts=10583 stage2_phase_freeze_prune_elapsed_ms=2273.304669 avg_stage2_phase_freeze_prune_us_per_task=214.807207 stage2_phase_reverse_prepare_attempts=1451 stage2_phase_reverse_prepare_task_attempts=10486 stage2_phase_reverse_prepare_elapsed_ms=9628.774695 avg_stage2_phase_reverse_prepare_us_per_task=918.250495 stage2_phase_placement_authority_attempts=1451 stage2_phase_placement_authority_task_attempts=10486 stage2_phase_placement_authority_elapsed_ms=440.027452 avg_stage2_phase_placement_authority_us_per_task=41.963327 stage2_phase_completion_handoff_attempts=1451 stage2_phase_completion_handoff_task_attempts=10486 stage2_phase_completion_handoff_elapsed_ms=2.606548 avg_stage2_phase_completion_handoff_us_per_task=0.248574 stage2_phase_finalize_attempts=1451 stage2_phase_finalize_task_attempts=10486 stage2_phase_finalize_elapsed_ms=8.324154 avg_stage2_phase_finalize_us_per_task=0.793835 maintenance_worker_idle_waits=81280 maintenance_worker_idle_ms=340832.170395 maintenance_lost_wake_avoided=3791 maintenance_targeted_wakes=58099 maintenance_generic_wakes=10486 maintenance_broadcast_wakes=0 maintenance_context_slots_scanned=671008 maintenance_ready_notifications=57074 maintenance_ready_stale_notifications=0 maintenance_ready_tickets_drained=32271 maintenance_ready_overflow_scans=0 maintenance_ready_fallback_scans=42293 stage2_search_lane_lease_limit=32 stage2_search_lane_lease_peak=3 stage2_search_lane_lease_blocked=0 maintenance_worker_observed_idle_ratio=0.945982 maintenance_worker_observed_busy_ratio=0.054018 physical_stage1_items=10486 physical_stage1_total_ns=36671984470 physical_stage1_search_ns=34055869263 physical_stage1_prune_ns=1882641802 physical_stage1_allocate_write_ns=535548497 physical_stage1_backlink_ns=172860091 physical_stage1_candidates=1342048 physical_stage1_remote_frontier_items=3319996 physical_stage1_neighbors=390534 peer_stage1_enqueued=16775 peer_stage1_processed=16775 peer_stage1_items=16754 avg_peer_stage1_items=0.998748 peer_stage1_rate_per_sec=372.006716 peer_stage1_max_queue=5 peer_stage1_active_workers=0 peer_stage2_home_enqueued=8254 peer_stage2_home_processed=8254 peer_stage2_home_items=574597 avg_peer_stage2_home_items=69.614369 peer_stage2_home_max_queue=3 peer_stage2_home_response_queue_drops=0 peer_stage2_home_response_send_wait_ms=39.317498 avg_peer_stage2_home_queue_wait_us=15.057570 avg_peer_stage2_home_execution_us=52.459109 peer_stage1_release_deferred_batches=21 peer_stage1_release_deferred_items=21 peer_stage1_duplicate_retry_responses=0 peer_stage1_admission_retry_responses=0 peer_stage1_retry_response_drops=0 peer_stage1_admission_waiters=0 peer_stage1_admission_waiter_items=0 peer_stage1_admission_owned_items=0 peer_stage1_admission_wake_coverage=0 peer_stage1_admission_parked=0 peer_stage1_admission_woken=0 peer_stage1_admission_reparked=0 peer_stage1_max_admission_waiters=0 peer_stage1_duplicate_coalesced=0 peer_reverse_enqueued=543 peer_reverse_processed=543 peer_reverse_remaining=0 peer_reverse_items_enqueued=5060 peer_reverse_items_processed=5060 peer_reverse_rate_per_sec=112.352512 peer_reverse_failed=2 peer_reverse_max_queue=2 reclaim_pending=1 reclaim_reused=67 dynamic_high_watermark=19038709120 stage2_remaining=0 cleanup_remaining=0 active_contexts=0 active_context_limit=32 repair_remaining=0 remaining=0
[STATUS]: storage-owner maintenance observation: enqueued=10486 stage2_enqueued=10486 cleanup_enqueued=0 stage2_tasks_done=10486 stage2_finalized_live=10486 cleanup_processed=0 stale=0 stage2_completion_ratio=1.000000 live_stage2_completion_ratio=1.000000 avg_stage2_delay_ms=30.340255 p99_stage2_delay_upper_ms=64.000000 p99_stage2_delay_over_30s=false stage2_delay_histogram=0,0,0,18,392,6021,4009,46,0,0,0,0,0,0,0,0,0,0 max_stage2_delay_ms=88.965629 compaction_batch_target=32 compaction_max_delay_ms=25.000000 stage2_rate_per_sec=209.559572 stage1_search_budget_exhausted=0 stage2_search_budget_exhausted=0 stage2_continuations=10486 stage2_remote_frontier_items=3319996 avg_stage2_remote_frontier=316.612245 stage2_remote_expansions=21572 avg_stage2_remote_expansions=2.057219 stage2_scored_candidates=3649954 avg_stage2_scored_candidates=348.078772 stage2_graph_read_waves=6801 avg_stage2_expansions_per_graph_wave=3.171886 stage2_graph_unique_reads=21970 stage2_graph_prefetch_issued=12357 stage2_graph_prefetch_hits=11959 stage2_graph_prefetch_wasted=398 stage2_graph_prefetch_promotion_ratio=0.967792 stage2_graph_issue_width_current=16 stage2_vector_read_waves=17618 avg_stage2_scores_per_vector_wave=207.171870 stage2_vector_unique_reads=3396975 stage2_home_rpc_batches=20557 stage2_home_rpc_items=3155865 avg_stage2_home_rpc_batch=153.517780 stage2_home_score_rpc_batches=13034 stage2_home_score_rpc_items=3133895 stage2_home_score_rpc_queries=85633 stage2_home_score_rpc_request_bytes=84401996 stage2_home_score_rpc_response_bytes=100807056 avg_stage2_home_score_queries_per_rpc=6.569971 avg_stage2_home_score_rpc_batch=240.440003 stage2_home_scored_neighbors=3384525 home_scores_per_expansion=1.072456 stage2_migrations=68 home_match_rate=0.993515 stage2_final_edges=393536 stage2_cross_edges_stage1_home=4662 stage2_cross_edges_final_home=3175 cross_edge_reduction_ratio=0.318962 failed=0 rpc_timeouts=0 reverse_aggregate_batches=0 reverse_aggregate_logical_requests=0 reverse_aggregate_ops=0 avg_reverse_aggregate_logicals=0.000000 avg_reverse_aggregate_ops=0.000000 max_backlog=9 admission_window=65536 completion_outstanding=0 completion_incomplete=0 completed_behind_hole=0 completion_logical_full_failures=0 completion_physical_full_failures=0 pressure_yields=13 stage2_batches=1451 avg_stage2_batch_size=7.226740 packing_target_batch=8 packing_admit_queue_avg=7.230186 packing_admit_queue_max=9 packing_batch_1_7=713 packing_batch_8=738 packing_assembly_batches=1451 packing_assembly_wait_ms=20429.896055 packing_arrival_interval_us=2178 packing_waited_batches=713 packing_wait_ms=10771.965000 packing_target_flushes=738 packing_deadline_flushes=713 packing_cleanup_flushes=0 stage2_phase_search_attempts=1451 stage2_phase_search_task_attempts=10486 stage2_phase_search_elapsed_ms=5979.935887 avg_stage2_phase_search_us_per_task=570.278074 stage2_phase_freeze_prune_attempts=1464 stage2_phase_freeze_prune_task_attempts=10583 stage2_phase_freeze_prune_elapsed_ms=2273.304669 avg_stage2_phase_freeze_prune_us_per_task=214.807207 stage2_phase_reverse_prepare_attempts=1451 stage2_phase_reverse_prepare_task_attempts=10486 stage2_phase_reverse_prepare_elapsed_ms=9628.774695 avg_stage2_phase_reverse_prepare_us_per_task=918.250495 stage2_phase_placement_authority_attempts=1451 stage2_phase_placement_authority_task_attempts=10486 stage2_phase_placement_authority_elapsed_ms=440.027452 avg_stage2_phase_placement_authority_us_per_task=41.963327 stage2_phase_completion_handoff_attempts=1451 stage2_phase_completion_handoff_task_attempts=10486 stage2_phase_completion_handoff_elapsed_ms=2.606548 avg_stage2_phase_completion_handoff_us_per_task=0.248574 stage2_phase_finalize_attempts=1451 stage2_phase_finalize_task_attempts=10486 stage2_phase_finalize_elapsed_ms=8.324154 avg_stage2_phase_finalize_us_per_task=0.793835 maintenance_worker_idle_waits=85376 maintenance_worker_idle_ms=382032.336240 maintenance_lost_wake_avoided=3791 maintenance_targeted_wakes=58099 maintenance_generic_wakes=10486 maintenance_broadcast_wakes=0 maintenance_context_slots_scanned=736544 maintenance_ready_notifications=57074 maintenance_ready_stale_notifications=0 maintenance_ready_tickets_drained=32271 maintenance_ready_overflow_scans=0 maintenance_ready_fallback_scans=46269 stage2_search_lane_lease_limit=32 stage2_search_lane_lease_peak=3 stage2_search_lane_lease_blocked=0 maintenance_worker_observed_idle_ratio=0.954350 maintenance_worker_observed_busy_ratio=0.045650 physical_stage1_items=10486 physical_stage1_total_ns=36671984470 physical_stage1_search_ns=34055869263 physical_stage1_prune_ns=1882641802 physical_stage1_allocate_write_ns=535548497 physical_stage1_backlink_ns=172860091 physical_stage1_candidates=1342048 physical_stage1_remote_frontier_items=3319996 physical_stage1_neighbors=390534 peer_stage1_enqueued=16775 peer_stage1_processed=16775 peer_stage1_items=16754 avg_peer_stage1_items=0.998748 peer_stage1_rate_per_sec=334.823676 peer_stage1_max_queue=5 peer_stage1_active_workers=0 peer_stage2_home_enqueued=8254 peer_stage2_home_processed=8254 peer_stage2_home_items=574597 avg_peer_stage2_home_items=69.614369 peer_stage2_home_max_queue=3 peer_stage2_home_response_queue_drops=0 peer_stage2_home_response_send_wait_ms=39.317498 avg_peer_stage2_home_queue_wait_us=15.057570 avg_peer_stage2_home_execution_us=52.459109 peer_stage1_release_deferred_batches=21 peer_stage1_release_deferred_items=21 peer_stage1_duplicate_retry_responses=0 peer_stage1_admission_retry_responses=0 peer_stage1_retry_response_drops=0 peer_stage1_admission_waiters=0 peer_stage1_admission_waiter_items=0 peer_stage1_admission_owned_items=0 peer_stage1_admission_wake_coverage=0 peer_stage1_admission_parked=0 peer_stage1_admission_woken=0 peer_stage1_admission_reparked=0 peer_stage1_max_admission_waiters=0 peer_stage1_duplicate_coalesced=0 peer_reverse_enqueued=543 peer_reverse_processed=543 peer_reverse_remaining=0 peer_reverse_items_enqueued=5060 peer_reverse_items_processed=5060 peer_reverse_rate_per_sec=101.122586 peer_reverse_failed=2 peer_reverse_max_queue=2 reclaim_pending=1 reclaim_reused=67 dynamic_high_watermark=19038709120 stage2_remaining=0 cleanup_remaining=0 active_contexts=0 active_context_limit=32 repair_remaining=0 remaining=0
[STATUS]: storage-owner maintenance observation: enqueued=10486 stage2_enqueued=10486 cleanup_enqueued=0 stage2_tasks_done=10486 stage2_finalized_live=10486 cleanup_processed=0 stale=0 stage2_completion_ratio=1.000000 live_stage2_completion_ratio=1.000000 avg_stage2_delay_ms=30.340255 p99_stage2_delay_upper_ms=64.000000 p99_stage2_delay_over_30s=false stage2_delay_histogram=0,0,0,18,392,6021,4009,46,0,0,0,0,0,0,0,0,0,0 max_stage2_delay_ms=88.965629 compaction_batch_target=32 compaction_max_delay_ms=25.000000 stage2_rate_per_sec=190.518081 stage1_search_budget_exhausted=0 stage2_search_budget_exhausted=0 stage2_continuations=10486 stage2_remote_frontier_items=3319996 avg_stage2_remote_frontier=316.612245 stage2_remote_expansions=21572 avg_stage2_remote_expansions=2.057219 stage2_scored_candidates=3649954 avg_stage2_scored_candidates=348.078772 stage2_graph_read_waves=6801 avg_stage2_expansions_per_graph_wave=3.171886 stage2_graph_unique_reads=21970 stage2_graph_prefetch_issued=12357 stage2_graph_prefetch_hits=11959 stage2_graph_prefetch_wasted=398 stage2_graph_prefetch_promotion_ratio=0.967792 stage2_graph_issue_width_current=16 stage2_vector_read_waves=17618 avg_stage2_scores_per_vector_wave=207.171870 stage2_vector_unique_reads=3396975 stage2_home_rpc_batches=20557 stage2_home_rpc_items=3155865 avg_stage2_home_rpc_batch=153.517780 stage2_home_score_rpc_batches=13034 stage2_home_score_rpc_items=3133895 stage2_home_score_rpc_queries=85633 stage2_home_score_rpc_request_bytes=84401996 stage2_home_score_rpc_response_bytes=100807056 avg_stage2_home_score_queries_per_rpc=6.569971 avg_stage2_home_score_rpc_batch=240.440003 stage2_home_scored_neighbors=3384525 home_scores_per_expansion=1.072456 stage2_migrations=68 home_match_rate=0.993515 stage2_final_edges=393536 stage2_cross_edges_stage1_home=4662 stage2_cross_edges_final_home=3175 cross_edge_reduction_ratio=0.318962 failed=0 rpc_timeouts=0 reverse_aggregate_batches=0 reverse_aggregate_logical_requests=0 reverse_aggregate_ops=0 avg_reverse_aggregate_logicals=0.000000 avg_reverse_aggregate_ops=0.000000 max_backlog=9 admission_window=65536 completion_outstanding=0 completion_incomplete=0 completed_behind_hole=0 completion_logical_full_failures=0 completion_physical_full_failures=0 pressure_yields=13 stage2_batches=1451 avg_stage2_batch_size=7.226740 packing_target_batch=8 packing_admit_queue_avg=7.230186 packing_admit_queue_max=9 packing_batch_1_7=713 packing_batch_8=738 packing_assembly_batches=1451 packing_assembly_wait_ms=20429.896055 packing_arrival_interval_us=2178 packing_waited_batches=713 packing_wait_ms=10771.965000 packing_target_flushes=738 packing_deadline_flushes=713 packing_cleanup_flushes=0 stage2_phase_search_attempts=1451 stage2_phase_search_task_attempts=10486 stage2_phase_search_elapsed_ms=5979.935887 avg_stage2_phase_search_us_per_task=570.278074 stage2_phase_freeze_prune_attempts=1464 stage2_phase_freeze_prune_task_attempts=10583 stage2_phase_freeze_prune_elapsed_ms=2273.304669 avg_stage2_phase_freeze_prune_us_per_task=214.807207 stage2_phase_reverse_prepare_attempts=1451 stage2_phase_reverse_prepare_task_attempts=10486 stage2_phase_reverse_prepare_elapsed_ms=9628.774695 avg_stage2_phase_reverse_prepare_us_per_task=918.250495 stage2_phase_placement_authority_attempts=1451 stage2_phase_placement_authority_task_attempts=10486 stage2_phase_placement_authority_elapsed_ms=440.027452 avg_stage2_phase_placement_authority_us_per_task=41.963327 stage2_phase_completion_handoff_attempts=1451 stage2_phase_completion_handoff_task_attempts=10486 stage2_phase_completion_handoff_elapsed_ms=2.606548 avg_stage2_phase_completion_handoff_us_per_task=0.248574 stage2_phase_finalize_attempts=1451 stage2_phase_finalize_task_attempts=10486 stage2_phase_finalize_elapsed_ms=8.324154 avg_stage2_phase_finalize_us_per_task=0.793835 maintenance_worker_idle_waits=89408 maintenance_worker_idle_ms=422591.472586 maintenance_lost_wake_avoided=3791 maintenance_targeted_wakes=58099 maintenance_generic_wakes=10486 maintenance_broadcast_wakes=0 maintenance_context_slots_scanned=801056 maintenance_ready_notifications=57074 maintenance_ready_stale_notifications=0 maintenance_ready_tickets_drained=32271 maintenance_ready_overflow_scans=0 maintenance_ready_fallback_scans=50246 stage2_search_lane_lease_limit=32 stage2_search_lane_lease_peak=3 stage2_search_lane_lease_blocked=0 maintenance_worker_observed_idle_ratio=0.959748 maintenance_worker_observed_busy_ratio=0.040252 physical_stage1_items=10486 physical_stage1_total_ns=36671984470 physical_stage1_search_ns=34055869263 physical_stage1_prune_ns=1882641802 physical_stage1_allocate_write_ns=535548497 physical_stage1_backlink_ns=172860091 physical_stage1_candidates=1342048 physical_stage1_remote_frontier_items=3319996 physical_stage1_neighbors=390534 peer_stage1_enqueued=16775 peer_stage1_processed=16775 peer_stage1_items=16754 avg_peer_stage1_items=0.998748 peer_stage1_rate_per_sec=304.400145 peer_stage1_max_queue=5 peer_stage1_active_workers=0 peer_stage2_home_enqueued=8254 peer_stage2_home_processed=8254 peer_stage2_home_items=574597 avg_peer_stage2_home_items=69.614369 peer_stage2_home_max_queue=3 peer_stage2_home_response_queue_drops=0 peer_stage2_home_response_send_wait_ms=39.317498 avg_peer_stage2_home_queue_wait_us=15.057570 avg_peer_stage2_home_execution_us=52.459109 peer_stage1_release_deferred_batches=21 peer_stage1_release_deferred_items=21 peer_stage1_duplicate_retry_responses=0 peer_stage1_admission_retry_responses=0 peer_stage1_retry_response_drops=0 peer_stage1_admission_waiters=0 peer_stage1_admission_waiter_items=0 peer_stage1_admission_owned_items=0 peer_stage1_admission_wake_coverage=0 peer_stage1_admission_parked=0 peer_stage1_admission_woken=0 peer_stage1_admission_reparked=0 peer_stage1_max_admission_waiters=0 peer_stage1_duplicate_coalesced=0 peer_reverse_enqueued=543 peer_reverse_processed=543 peer_reverse_remaining=0 peer_reverse_items_enqueued=5060 peer_reverse_items_processed=5060 peer_reverse_rate_per_sec=91.934149 peer_reverse_failed=2 peer_reverse_max_queue=2 reclaim_pending=1 reclaim_reused=67 dynamic_high_watermark=19038709120 stage2_remaining=0 cleanup_remaining=0 active_contexts=0 active_context_limit=32 repair_remaining=0 remaining=0
[STATUS]: storage-owner maintenance observation: enqueued=10486 stage2_enqueued=10486 cleanup_enqueued=0 stage2_tasks_done=10486 stage2_finalized_live=10486 cleanup_processed=0 stale=0 stage2_completion_ratio=1.000000 live_stage2_completion_ratio=1.000000 avg_stage2_delay_ms=30.340255 p99_stage2_delay_upper_ms=64.000000 p99_stage2_delay_over_30s=false stage2_delay_histogram=0,0,0,18,392,6021,4009,46,0,0,0,0,0,0,0,0,0,0 max_stage2_delay_ms=88.965629 compaction_batch_target=32 compaction_max_delay_ms=25.000000 stage2_rate_per_sec=174.651955 stage1_search_budget_exhausted=0 stage2_search_budget_exhausted=0 stage2_continuations=10486 stage2_remote_frontier_items=3319996 avg_stage2_remote_frontier=316.612245 stage2_remote_expansions=21572 avg_stage2_remote_expansions=2.057219 stage2_scored_candidates=3649954 avg_stage2_scored_candidates=348.078772 stage2_graph_read_waves=6801 avg_stage2_expansions_per_graph_wave=3.171886 stage2_graph_unique_reads=21970 stage2_graph_prefetch_issued=12357 stage2_graph_prefetch_hits=11959 stage2_graph_prefetch_wasted=398 stage2_graph_prefetch_promotion_ratio=0.967792 stage2_graph_issue_width_current=16 stage2_vector_read_waves=17618 avg_stage2_scores_per_vector_wave=207.171870 stage2_vector_unique_reads=3396975 stage2_home_rpc_batches=20557 stage2_home_rpc_items=3155865 avg_stage2_home_rpc_batch=153.517780 stage2_home_score_rpc_batches=13034 stage2_home_score_rpc_items=3133895 stage2_home_score_rpc_queries=85633 stage2_home_score_rpc_request_bytes=84401996 stage2_home_score_rpc_response_bytes=100807056 avg_stage2_home_score_queries_per_rpc=6.569971 avg_stage2_home_score_rpc_batch=240.440003 stage2_home_scored_neighbors=3384525 home_scores_per_expansion=1.072456 stage2_migrations=68 home_match_rate=0.993515 stage2_final_edges=393536 stage2_cross_edges_stage1_home=4662 stage2_cross_edges_final_home=3175 cross_edge_reduction_ratio=0.318962 failed=0 rpc_timeouts=0 reverse_aggregate_batches=0 reverse_aggregate_logical_requests=0 reverse_aggregate_ops=0 avg_reverse_aggregate_logicals=0.000000 avg_reverse_aggregate_ops=0.000000 max_backlog=9 admission_window=65536 completion_outstanding=0 completion_incomplete=0 completed_behind_hole=0 completion_logical_full_failures=0 completion_physical_full_failures=0 pressure_yields=13 stage2_batches=1451 avg_stage2_batch_size=7.226740 packing_target_batch=8 packing_admit_queue_avg=7.230186 packing_admit_queue_max=9 packing_batch_1_7=713 packing_batch_8=738 packing_assembly_batches=1451 packing_assembly_wait_ms=20429.896055 packing_arrival_interval_us=2178 packing_waited_batches=713 packing_wait_ms=10771.965000 packing_target_flushes=738 packing_deadline_flushes=713 packing_cleanup_flushes=0 stage2_phase_search_attempts=1451 stage2_phase_search_task_attempts=10486 stage2_phase_search_elapsed_ms=5979.935887 avg_stage2_phase_search_us_per_task=570.278074 stage2_phase_freeze_prune_attempts=1464 stage2_phase_freeze_prune_task_attempts=10583 stage2_phase_freeze_prune_elapsed_ms=2273.304669 avg_stage2_phase_freeze_prune_us_per_task=214.807207 stage2_phase_reverse_prepare_attempts=1451 stage2_phase_reverse_prepare_task_attempts=10486 stage2_phase_reverse_prepare_elapsed_ms=9628.774695 avg_stage2_phase_reverse_prepare_us_per_task=918.250495 stage2_phase_placement_authority_attempts=1451 stage2_phase_placement_authority_task_attempts=10486 stage2_phase_placement_authority_elapsed_ms=440.027452 avg_stage2_phase_placement_authority_us_per_task=41.963327 stage2_phase_completion_handoff_attempts=1451 stage2_phase_completion_handoff_task_attempts=10486 stage2_phase_completion_handoff_elapsed_ms=2.606548 avg_stage2_phase_completion_handoff_us_per_task=0.248574 stage2_phase_finalize_attempts=1451 stage2_phase_finalize_task_attempts=10486 stage2_phase_finalize_elapsed_ms=8.324154 avg_stage2_phase_finalize_us_per_task=0.793835 maintenance_worker_idle_waits=93376 maintenance_worker_idle_ms=462503.728534 maintenance_lost_wake_avoided=3791 maintenance_targeted_wakes=58099 maintenance_generic_wakes=10486 maintenance_broadcast_wakes=0 maintenance_context_slots_scanned=864544 maintenance_ready_notifications=57074 maintenance_ready_stale_notifications=0 maintenance_ready_tickets_drained=32271 maintenance_ready_overflow_scans=0 maintenance_ready_fallback_scans=54222 stage2_search_lane_lease_limit=32 stage2_search_lane_lease_peak=3 stage2_search_lane_lease_blocked=0 maintenance_worker_observed_idle_ratio=0.962917 maintenance_worker_observed_busy_ratio=0.037083 physical_stage1_items=10486 physical_stage1_total_ns=36671984470 physical_stage1_search_ns=34055869263 physical_stage1_prune_ns=1882641802 physical_stage1_allocate_write_ns=535548497 physical_stage1_backlink_ns=172860091 physical_stage1_candidates=1342048 physical_stage1_remote_frontier_items=3319996 physical_stage1_neighbors=390534 peer_stage1_enqueued=16775 peer_stage1_processed=16775 peer_stage1_items=16754 avg_peer_stage1_items=0.998748 peer_stage1_rate_per_sec=279.050053 peer_stage1_max_queue=5 peer_stage1_active_workers=0 peer_stage2_home_enqueued=8254 peer_stage2_home_processed=8254 peer_stage2_home_items=574597 avg_peer_stage2_home_items=69.614369 peer_stage2_home_max_queue=3 peer_stage2_home_response_queue_drops=0 peer_stage2_home_response_send_wait_ms=39.317498 avg_peer_stage2_home_queue_wait_us=15.057570 avg_peer_stage2_home_execution_us=52.459109 peer_stage1_release_deferred_batches=21 peer_stage1_release_deferred_items=21 peer_stage1_duplicate_retry_responses=0 peer_stage1_admission_retry_responses=0 peer_stage1_retry_response_drops=0 peer_stage1_admission_waiters=0 peer_stage1_admission_waiter_items=0 peer_stage1_admission_owned_items=0 peer_stage1_admission_wake_coverage=0 peer_stage1_admission_parked=0 peer_stage1_admission_woken=0 peer_stage1_admission_reparked=0 peer_stage1_max_admission_waiters=0 peer_stage1_duplicate_coalesced=0 peer_reverse_enqueued=543 peer_reverse_processed=543 peer_reverse_remaining=0 peer_reverse_items_enqueued=5060 peer_reverse_items_processed=5060 peer_reverse_rate_per_sec=84.277980 peer_reverse_failed=2 peer_reverse_max_queue=2 reclaim_pending=1 reclaim_reused=67 dynamic_high_watermark=19038709120 stage2_remaining=0 cleanup_remaining=0 active_contexts=0 active_context_limit=32 repair_remaining=0 remaining=0
[STATUS]: storage-owner maintenance observation: enqueued=10486 stage2_enqueued=10486 cleanup_enqueued=0 stage2_tasks_done=10486 stage2_finalized_live=10486 cleanup_processed=0 stale=0 stage2_completion_ratio=1.000000 live_stage2_completion_ratio=1.000000 avg_stage2_delay_ms=30.340255 p99_stage2_delay_upper_ms=64.000000 p99_stage2_delay_over_30s=false stage2_delay_histogram=0,0,0,18,392,6021,4009,46,0,0,0,0,0,0,0,0,0,0 max_stage2_delay_ms=88.965629 compaction_batch_target=32 compaction_max_delay_ms=25.000000 stage2_rate_per_sec=161.224990 stage1_search_budget_exhausted=0 stage2_search_budget_exhausted=0 stage2_continuations=10486 stage2_remote_frontier_items=3319996 avg_stage2_remote_frontier=316.612245 stage2_remote_expansions=21572 avg_stage2_remote_expansions=2.057219 stage2_scored_candidates=3649954 avg_stage2_scored_candidates=348.078772 stage2_graph_read_waves=6801 avg_stage2_expansions_per_graph_wave=3.171886 stage2_graph_unique_reads=21970 stage2_graph_prefetch_issued=12357 stage2_graph_prefetch_hits=11959 stage2_graph_prefetch_wasted=398 stage2_graph_prefetch_promotion_ratio=0.967792 stage2_graph_issue_width_current=16 stage2_vector_read_waves=17618 avg_stage2_scores_per_vector_wave=207.171870 stage2_vector_unique_reads=3396975 stage2_home_rpc_batches=20557 stage2_home_rpc_items=3155865 avg_stage2_home_rpc_batch=153.517780 stage2_home_score_rpc_batches=13034 stage2_home_score_rpc_items=3133895 stage2_home_score_rpc_queries=85633 stage2_home_score_rpc_request_bytes=84401996 stage2_home_score_rpc_response_bytes=100807056 avg_stage2_home_score_queries_per_rpc=6.569971 avg_stage2_home_score_rpc_batch=240.440003 stage2_home_scored_neighbors=3384525 home_scores_per_expansion=1.072456 stage2_migrations=68 home_match_rate=0.993515 stage2_final_edges=393536 stage2_cross_edges_stage1_home=4662 stage2_cross_edges_final_home=3175 cross_edge_reduction_ratio=0.318962 failed=0 rpc_timeouts=0 reverse_aggregate_batches=0 reverse_aggregate_logical_requests=0 reverse_aggregate_ops=0 avg_reverse_aggregate_logicals=0.000000 avg_reverse_aggregate_ops=0.000000 max_backlog=9 admission_window=65536 completion_outstanding=0 completion_incomplete=0 completed_behind_hole=0 completion_logical_full_failures=0 completion_physical_full_failures=0 pressure_yields=13 stage2_batches=1451 avg_stage2_batch_size=7.226740 packing_target_batch=8 packing_admit_queue_avg=7.230186 packing_admit_queue_max=9 packing_batch_1_7=713 packing_batch_8=738 packing_assembly_batches=1451 packing_assembly_wait_ms=20429.896055 packing_arrival_interval_us=2178 packing_waited_batches=713 packing_wait_ms=10771.965000 packing_target_flushes=738 packing_deadline_flushes=713 packing_cleanup_flushes=0 stage2_phase_search_attempts=1451 stage2_phase_search_task_attempts=10486 stage2_phase_search_elapsed_ms=5979.935887 avg_stage2_phase_search_us_per_task=570.278074 stage2_phase_freeze_prune_attempts=1464 stage2_phase_freeze_prune_task_attempts=10583 stage2_phase_freeze_prune_elapsed_ms=2273.304669 avg_stage2_phase_freeze_prune_us_per_task=214.807207 stage2_phase_reverse_prepare_attempts=1451 stage2_phase_reverse_prepare_task_attempts=10486 stage2_phase_reverse_prepare_elapsed_ms=9628.774695 avg_stage2_phase_reverse_prepare_us_per_task=918.250495 stage2_phase_placement_authority_attempts=1451 stage2_phase_placement_authority_task_attempts=10486 stage2_phase_placement_authority_elapsed_ms=440.027452 avg_stage2_phase_placement_authority_us_per_task=41.963327 stage2_phase_completion_handoff_attempts=1451 stage2_phase_completion_handoff_task_attempts=10486 stage2_phase_completion_handoff_elapsed_ms=2.606548 avg_stage2_phase_completion_handoff_us_per_task=0.248574 stage2_phase_finalize_attempts=1451 stage2_phase_finalize_task_attempts=10486 stage2_phase_finalize_elapsed_ms=8.324154 avg_stage2_phase_finalize_us_per_task=0.793835 maintenance_worker_idle_waits=97216 maintenance_worker_idle_ms=501131.240019 maintenance_lost_wake_avoided=3791 maintenance_targeted_wakes=58099 maintenance_generic_wakes=10486 maintenance_broadcast_wakes=0 maintenance_context_slots_scanned=925984 maintenance_ready_notifications=57074 maintenance_ready_stale_notifications=0 maintenance_ready_tickets_drained=32271 maintenance_ready_overflow_scans=0 maintenance_ready_fallback_scans=58198 stage2_search_lane_lease_limit=32 stage2_search_lane_lease_peak=3 stage2_search_lane_lease_blocked=0 maintenance_worker_observed_idle_ratio=0.963128 maintenance_worker_observed_busy_ratio=0.036872 physical_stage1_items=10486 physical_stage1_total_ns=36671984470 physical_stage1_search_ns=34055869263 physical_stage1_prune_ns=1882641802 physical_stage1_allocate_write_ns=535548497 physical_stage1_backlink_ns=172860091 physical_stage1_candidates=1342048 physical_stage1_remote_frontier_items=3319996 physical_stage1_neighbors=390534 peer_stage1_enqueued=16775 peer_stage1_processed=16775 peer_stage1_items=16754 avg_peer_stage1_items=0.998748 peer_stage1_rate_per_sec=257.597128 peer_stage1_max_queue=5 peer_stage1_active_workers=0 peer_stage2_home_enqueued=8254 peer_stage2_home_processed=8254 peer_stage2_home_items=574597 avg_peer_stage2_home_items=69.614369 peer_stage2_home_max_queue=3 peer_stage2_home_response_queue_drops=0 peer_stage2_home_response_send_wait_ms=39.317498 avg_peer_stage2_home_queue_wait_us=15.057570 avg_peer_stage2_home_execution_us=52.459109 peer_stage1_release_deferred_batches=21 peer_stage1_release_deferred_items=21 peer_stage1_duplicate_retry_responses=0 peer_stage1_admission_retry_responses=0 peer_stage1_retry_response_drops=0 peer_stage1_admission_waiters=0 peer_stage1_admission_waiter_items=0 peer_stage1_admission_owned_items=0 peer_stage1_admission_wake_coverage=0 peer_stage1_admission_parked=0 peer_stage1_admission_woken=0 peer_stage1_admission_reparked=0 peer_stage1_max_admission_waiters=0 peer_stage1_duplicate_coalesced=0 peer_reverse_enqueued=543 peer_reverse_processed=543 peer_reverse_remaining=0 peer_reverse_items_enqueued=5060 peer_reverse_items_processed=5060 peer_reverse_rate_per_sec=77.798822 peer_reverse_failed=2 peer_reverse_max_queue=2 reclaim_pending=1 reclaim_reused=67 dynamic_high_watermark=19038709120 stage2_remaining=0 cleanup_remaining=0 active_contexts=0 active_context_limit=32 repair_remaining=0 remaining=0
[STATUS]: storage-owner maintenance observation: enqueued=10486 stage2_enqueued=10486 cleanup_enqueued=0 stage2_tasks_done=10486 stage2_finalized_live=10486 cleanup_processed=0 stale=0 stage2_completion_ratio=1.000000 live_stage2_completion_ratio=1.000000 avg_stage2_delay_ms=30.340255 p99_stage2_delay_upper_ms=64.000000 p99_stage2_delay_over_30s=false stage2_delay_histogram=0,0,0,18,392,6021,4009,46,0,0,0,0,0,0,0,0,0,0 max_stage2_delay_ms=88.965629 compaction_batch_target=32 compaction_max_delay_ms=25.000000 stage2_rate_per_sec=149.714718 stage1_search_budget_exhausted=0 stage2_search_budget_exhausted=0 stage2_continuations=10486 stage2_remote_frontier_items=3319996 avg_stage2_remote_frontier=316.612245 stage2_remote_expansions=21572 avg_stage2_remote_expansions=2.057219 stage2_scored_candidates=3649954 avg_stage2_scored_candidates=348.078772 stage2_graph_read_waves=6801 avg_stage2_expansions_per_graph_wave=3.171886 stage2_graph_unique_reads=21970 stage2_graph_prefetch_issued=12357 stage2_graph_prefetch_hits=11959 stage2_graph_prefetch_wasted=398 stage2_graph_prefetch_promotion_ratio=0.967792 stage2_graph_issue_width_current=16 stage2_vector_read_waves=17618 avg_stage2_scores_per_vector_wave=207.171870 stage2_vector_unique_reads=3396975 stage2_home_rpc_batches=20557 stage2_home_rpc_items=3155865 avg_stage2_home_rpc_batch=153.517780 stage2_home_score_rpc_batches=13034 stage2_home_score_rpc_items=3133895 stage2_home_score_rpc_queries=85633 stage2_home_score_rpc_request_bytes=84401996 stage2_home_score_rpc_response_bytes=100807056 avg_stage2_home_score_queries_per_rpc=6.569971 avg_stage2_home_score_rpc_batch=240.440003 stage2_home_scored_neighbors=3384525 home_scores_per_expansion=1.072456 stage2_migrations=68 home_match_rate=0.993515 stage2_final_edges=393536 stage2_cross_edges_stage1_home=4662 stage2_cross_edges_final_home=3175 cross_edge_reduction_ratio=0.318962 failed=0 rpc_timeouts=0 reverse_aggregate_batches=0 reverse_aggregate_logical_requests=0 reverse_aggregate_ops=0 avg_reverse_aggregate_logicals=0.000000 avg_reverse_aggregate_ops=0.000000 max_backlog=9 admission_window=65536 completion_outstanding=0 completion_incomplete=0 completed_behind_hole=0 completion_logical_full_failures=0 completion_physical_full_failures=0 pressure_yields=13 stage2_batches=1451 avg_stage2_batch_size=7.226740 packing_target_batch=8 packing_admit_queue_avg=7.230186 packing_admit_queue_max=9 packing_batch_1_7=713 packing_batch_8=738 packing_assembly_batches=1451 packing_assembly_wait_ms=20429.896055 packing_arrival_interval_us=2178 packing_waited_batches=713 packing_wait_ms=10771.965000 packing_target_flushes=738 packing_deadline_flushes=713 packing_cleanup_flushes=0 stage2_phase_search_attempts=1451 stage2_phase_search_task_attempts=10486 stage2_phase_search_elapsed_ms=5979.935887 avg_stage2_phase_search_us_per_task=570.278074 stage2_phase_freeze_prune_attempts=1464 stage2_phase_freeze_prune_task_attempts=10583 stage2_phase_freeze_prune_elapsed_ms=2273.304669 avg_stage2_phase_freeze_prune_us_per_task=214.807207 stage2_phase_reverse_prepare_attempts=1451 stage2_phase_reverse_prepare_task_attempts=10486 stage2_phase_reverse_prepare_elapsed_ms=9628.774695 avg_stage2_phase_reverse_prepare_us_per_task=918.250495 stage2_phase_placement_authority_attempts=1451 stage2_phase_placement_authority_task_attempts=10486 stage2_phase_placement_authority_elapsed_ms=440.027452 avg_stage2_phase_placement_authority_us_per_task=41.963327 stage2_phase_completion_handoff_attempts=1451 stage2_phase_completion_handoff_task_attempts=10486 stage2_phase_completion_handoff_elapsed_ms=2.606548 avg_stage2_phase_completion_handoff_us_per_task=0.248574 stage2_phase_finalize_attempts=1451 stage2_phase_finalize_task_attempts=10486 stage2_phase_finalize_elapsed_ms=8.324154 avg_stage2_phase_finalize_us_per_task=0.793835 maintenance_worker_idle_waits=101248 maintenance_worker_idle_ms=541687.417327 maintenance_lost_wake_avoided=3791 maintenance_targeted_wakes=58099 maintenance_generic_wakes=10486 maintenance_broadcast_wakes=0 maintenance_context_slots_scanned=990496 maintenance_ready_notifications=57074 maintenance_ready_stale_notifications=0 maintenance_ready_tickets_drained=32271 maintenance_ready_overflow_scans=0 maintenance_ready_fallback_scans=62172 stage2_search_lane_lease_limit=32 stage2_search_lane_lease_peak=3 stage2_search_lane_lease_blocked=0 maintenance_worker_observed_idle_ratio=0.966748 maintenance_worker_observed_busy_ratio=0.033252 physical_stage1_items=10486 physical_stage1_total_ns=36671984470 physical_stage1_search_ns=34055869263 physical_stage1_prune_ns=1882641802 physical_stage1_allocate_write_ns=535548497 physical_stage1_backlink_ns=172860091 physical_stage1_candidates=1342048 physical_stage1_remote_frontier_items=3319996 physical_stage1_neighbors=390534 peer_stage1_enqueued=16775 peer_stage1_processed=16775 peer_stage1_items=16754 avg_peer_stage1_items=0.998748 peer_stage1_rate_per_sec=239.206598 peer_stage1_max_queue=5 peer_stage1_active_workers=0 peer_stage2_home_enqueued=8254 peer_stage2_home_processed=8254 peer_stage2_home_items=574597 avg_peer_stage2_home_items=69.614369 peer_stage2_home_max_queue=3 peer_stage2_home_response_queue_drops=0 peer_stage2_home_response_send_wait_ms=39.317498 avg_peer_stage2_home_queue_wait_us=15.057570 avg_peer_stage2_home_execution_us=52.459109 peer_stage1_release_deferred_batches=21 peer_stage1_release_deferred_items=21 peer_stage1_duplicate_retry_responses=0 peer_stage1_admission_retry_responses=0 peer_stage1_retry_response_drops=0 peer_stage1_admission_waiters=0 peer_stage1_admission_waiter_items=0 peer_stage1_admission_owned_items=0 peer_stage1_admission_wake_coverage=0 peer_stage1_admission_parked=0 peer_stage1_admission_woken=0 peer_stage1_admission_reparked=0 peer_stage1_max_admission_waiters=0 peer_stage1_duplicate_coalesced=0 peer_reverse_enqueued=543 peer_reverse_processed=543 peer_reverse_remaining=0 peer_reverse_items_enqueued=5060 peer_reverse_items_processed=5060 peer_reverse_rate_per_sec=72.244562 peer_reverse_failed=2 peer_reverse_max_queue=2 reclaim_pending=1 reclaim_reused=67 dynamic_high_watermark=19038709120 stage2_remaining=0 cleanup_remaining=0 active_contexts=0 active_context_limit=32 repair_remaining=0 remaining=0
