============================================================
                        SERVER
============================================================
num clients:                  1
TCP port:                     1238
QP handshake timeout (ms):    10000
IB device:                    <auto>
IB port:                      1
max outstanding CQEs:         64
max send work requests:       4096
max receive work requests:    4096
============================================================
index prefix:                     "/data/xjs/index/dvstor_spacev100m/index/spacev100m_R96_bw128_metis_pmd32_pq20_schema16"
storage shard:                    "/data/xjs/index/dvstor_spacev100m/index/spacev100m_R96_bw128_metis_pmd32_pq20_schema16_node5_of5.dat"
storage id:                       4
base vectors:                     100000000
vector ID namespace [0,N):        4294967295
registered memory GiB:            23
====================================================================
1 device(s) found
Selected device: ibp86s0
Selected port state: 4, lid: 8, active_mtu: 5
interleaved policy
num_cores: 112
physical cores per socket: 28
hyperthreading enabled
local process CPU partition: rank 4/5 logical_cpus=22
pairing: 81379 -- 10318
[STATUS]: loaded index metadata from /data/xjs/index/dvstor_spacev100m/index/spacev100m_R96_bw128_metis_pmd32_pq20_schema16 (layout=plain, vector_data_type=int8)
[STATUS]: storage-owner stage2 candidate width L=128 per shard
allocation size: 24696061952
allocated ALIGNED MEM (no hugepage) at 132121324683328 with buffer size 24696061952
[STATUS]: loading index (19573326848 Bytes) from /data/xjs/index/dvstor_spacev100m/index/spacev100m_R96_bw128_metis_pmd32_pq20_schema16_node5_of5.dat
[STATUS]: loaded GPU PQ codes (407777640 Bytes) at remote offset 19573330944
[STATUS]: storage-owner idmap loaded entries=20000000 format=owner_sharded_v2_bound immutable_base=true dynamic_shards=256 dynamic_reserved=65536
[STATUS]: compensated physical centroid restored on shard 4: vectors=20388882 entries=4
[STATUS]: register memory and distribute access token
[STATUS]: connect QPs of compute threads
[STATUS]: reserving 64 GPU/bootstrap QPs per compute node
pairing: 81384 -- 10323
pairing: 81389 -- 10328
pairing: 81394 -- 10333
pairing: 81399 -- 10338
pairing: 81404 -- 10343
pairing: 81409 -- 10348
pairing: 81414 -- 10353
pairing: 81419 -- 10358
pairing: 81424 -- 10363
pairing: 81429 -- 10368
pairing: 81434 -- 10373
pairing: 81439 -- 10378
pairing: 81444 -- 10383
pairing: 81449 -- 10388
pairing: 81454 -- 10393
pairing: 81459 -- 10398
pairing: 81464 -- 10403
pairing: 81469 -- 10408
pairing: 81474 -- 10413
pairing: 81479 -- 10418
pairing: 81484 -- 10423
pairing: 81489 -- 10428
pairing: 81494 -- 10433
pairing: 81499 -- 10438
pairing: 81504 -- 10443
pairing: 81509 -- 10448
pairing: 81514 -- 10453
pairing: 81519 -- 10458
pairing: 81524 -- 10463
pairing: 81529 -- 10468
pairing: 81534 -- 10473
pairing: 81539 -- 10478
pairing: 81544 -- 10607
pairing: 81669 -- 10608
pairing: 81670 -- 10609
pairing: 81671 -- 10610
pairing: 81672 -- 10611
pairing: 81673 -- 10612
pairing: 81674 -- 10613
pairing: 81675 -- 10614
pairing: 81676 -- 10615
pairing: 81677 -- 10616
pairing: 81678 -- 10617
pairing: 81679 -- 10618
pairing: 81680 -- 10619
pairing: 81681 -- 10620
pairing: 81682 -- 10621
pairing: 81683 -- 10622
pairing: 81684 -- 10623
pairing: 81685 -- 10624
pairing: 81686 -- 10625
pairing: 81687 -- 10626
pairing: 81688 -- 10627
pairing: 81689 -- 10628
pairing: 81690 -- 10629
pairing: 81691 -- 10630
pairing: 81692 -- 10631
pairing: 81693 -- 10632
pairing: 81694 -- 10633
pairing: 81695 -- 10634
pairing: 81696 -- 10635
pairing: 81697 -- 10636
pairing: 81698 -- 10637
pairing: 81699 -- 10638
[STATUS]: waiting for compute-node startup barrier
1 device(s) found
Selected device: ibp86s0
Selected port state: 4, lid: 8, active_mtu: 5
pairing: 81706 -- 81711
pairing: 81713 -- 81720
pairing: 81722 -- 81727
pairing: 81730 -- 81735
pairing: 81738 -- 81743
pairing: 81746 -- 81751
pairing: 81754 -- 81759
pairing: 81762 -- 81765
pairing: 81769 -- 81772
pairing: 81775 -- 81778
pairing: 81780 -- 81784
pairing: 81787 -- 81790
pairing: 81793 -- 81796
pairing: 81799 -- 81803
pairing: 81805 -- 81808
pairing: 81811 -- 81812
pairing: 81814 -- 81816
pairing: 81818 -- 81820
pairing: 81821 -- 81823
pairing: 81826 -- 81827
pairing: 81830 -- 81831
pairing: 81833 -- 81835
pairing: 81838 -- 81840
pairing: 81841 -- 81843
pairing: 81845 -- 81844
pairing: 81846 -- 81847
pairing: 81848 -- 81849
pairing: 81850 -- 81851
pairing: 81852 -- 81853
pairing: 81854 -- 81855
pairing: 81856 -- 81857
pairing: 81858 -- 81859
[STATUS]: storage-owner peer RDMA QPs per peer: 8
[STATUS]: storage-owner peer QP0 reserved for RPC; data RDMA uses QP1..7
allocated ALIGNED MEM (no hugepage) at 132120257232960 with buffer size 67108864
allocated ALIGNED MEM (no hugepage) at 132120217387072 with buffer size 39839040
[STATUS]: storage-owner peer RPC receive slots per peer: 64 (requested=64)
[STATUS]: storage-owner peer RPC concurrent sends per peer: 16
[STATUS]: storage-owner peer RPC send credits: Stage1/graph are split at depth >= 2; responses use a dedicated sync buffer
[STATUS]: storage-owner peer async response capacity: 32768
[STATUS]: storage-owner Stage2 home RPC combining: enabled logical_capacity=18432 aggregate_capacity=4608 byte_budget=33586224
allocated ALIGNED MEM (no hugepage) at 109371740733952 with buffer size 96256
allocated ALIGNED MEM (no hugepage) at 132120488116288 with buffer size 212992
allocated ALIGNED MEM (no hugepage) at 132120484311104 with buffer size 212992
[STATUS]: storage-owner peer reverse-update workers: 2
[STATUS]: storage-owner peer Stage1 workers: 3; Stage2-home workers: 1 (one reserved; shared lanes borrow authoritative work only)
[STATUS]: storage-owner physical control workers: cleanup=1 placement=1 (separate blocking domains)
[STATUS]: storage-owner peer progress threads: cq=1 response_dispatch=1
[STATUS]: storage-owner Stage1 artifact capacity: 67584 (64-way, per shard=1056) cleanup replay per shard=2048 active migration receipts=131072
[STATUS]: storage-owner peer reverse-update tuning: queue_depth=65536 coalesce_max=256
allocated ALIGNED MEM (no hugepage) at 132120476577856 with buffer size 855296
allocated ALIGNED MEM (no hugepage) at 132120475521088 with buffer size 855296
allocated ALIGNED MEM (no hugepage) at 132120472182848 with buffer size 855296
allocated ALIGNED MEM (no hugepage) at 132120468189248 with buffer size 855296
allocated ALIGNED MEM (no hugepage) at 132120467333184 with buffer size 855296
allocated ALIGNED MEM (no hugepage) at 132120463994944 with buffer size 855296
allocated ALIGNED MEM (no hugepage) at 132120463138880 with buffer size 855296
allocated ALIGNED MEM (no hugepage) at 132120459800640 with buffer size 855296
[STATUS]: storage-owner peer scratch: snapshot_slot=192 graph_slot=832 batch=256 lane_peak_rdma_wrs=56 lane_useful_wave_rdma_wrs=56 global_read_window=224 search_lanes_global=32 search_lanes_credit_derived=16 search_lane_lease_cap=32 search_lanes_physical_per_worker=4 ready_context_runtime_epoch=1 bytes_per_lane=213824 bytes_total=6842368
[STATUS]: storage-owner maintenance workers: 8 (configured=8, admission_baseline_workers=2, context_limit=32, semantic_execution_batch=8, work_conserving=true)
[STATUS]: storage-owner stage2 reverse outbox descriptors: 128 aggregates=128 wire_max_ops=3072 (shared per-peer work-conserving aggregation)
[STATUS]: storage-owner maintenance tuning: protocol=centroid-home-two-stage compaction_batch_target=32 packing_policy=deterministic_b8 packing_tail_wait_us=arrival_adaptive_capped_25000 packing_context_limit=8 backlog_limit=65536 admission_credit=bounded_accepted_backlog admission_window=65536 physical_completion_capacity=65536
[STATUS]: storage-owner peer RDMA read credits: per_data_qp=8 data_qps_per_peer=7 per_peer=56 global=224 shared_cq_read_budget=8095 ordered_snapshot_pairs_per_chain=4 (requested_per_data_qp=16)
[STATUS]: storage-owner online insert tuning: construction_beam=128 snapshot_batch=256 protocol=centroid-home-two-stage
[STATUS]: storage-owner stage1=physical-home local search and backlinks; stage2=generation-fenced home expand+score continuation
[STATUS]: storage-owner responses=foreground direct post; completion=repost by service poller
[STATUS]: storage-owner foreground pipeline: coordinators=12 cpu_lanes=3 (assigned_cpus=22, rpc_parallelism=16)
[STATUS]: storage-owner CPU plan: foreground_cpu=3 foreground_coordinators=12 maintenance=8 peer_stage1=4 (split into isolated Stage1/Stage2-home domains) peer_reverse=2 peer_cleanup=1 peer_placement=1 peer_progress=2 foreground_progress=1
[STATUS]: storage-owner insert runtime enabled on shard 4
[STATUS]: storage-owner maintenance observation: enqueued=471 stage2_enqueued=471 cleanup_enqueued=0 stage2_tasks_done=461 stage2_finalized_live=461 cleanup_processed=0 stale=0 stage2_completion_ratio=0.978769 live_stage2_completion_ratio=0.978769 avg_stage2_delay_ms=59.302303 p99_stage2_delay_upper_ms=256.000000 p99_stage2_delay_over_30s=false stage2_delay_histogram=0,0,0,0,0,49,253,151,8,0,0,0,0,0,0,0,0,0 max_stage2_delay_ms=166.103647 compaction_batch_target=32 compaction_max_delay_ms=25.000000 stage2_rate_per_sec=91.807098 stage1_search_budget_exhausted=0 stage2_search_budget_exhausted=0 stage2_continuations=470 stage2_remote_frontier_items=547104 avg_stage2_remote_frontier=1164.051064 stage2_remote_expansions=15023 avg_stage2_remote_expansions=31.963830 stage2_scored_candidates=945573 avg_stage2_scored_candidates=2011.857447 stage2_graph_read_waves=3741 avg_stage2_expansions_per_graph_wave=4.015771 stage2_graph_unique_reads=15734 stage2_graph_prefetch_issued=10398 stage2_graph_prefetch_hits=9744 stage2_graph_prefetch_wasted=636 stage2_graph_prefetch_promotion_ratio=0.938728 stage2_graph_issue_width_current=16 stage2_vector_read_waves=7451 avg_stage2_scores_per_vector_wave=126.905516 stage2_vector_unique_reads=630673 stage2_home_rpc_batches=6560 stage2_home_rpc_items=552557 avg_stage2_home_rpc_batch=84.231250 stage2_home_score_rpc_batches=2152 stage2_home_score_rpc_items=536823 stage2_home_score_rpc_queries=10014 stage2_home_score_rpc_request_bytes=13988288 stage2_home_score_rpc_response_bytes=17265240 avg_stage2_home_score_queries_per_rpc=4.653346 avg_stage2_home_score_rpc_batch=249.453067 stage2_home_scored_neighbors=851710 home_scores_per_expansion=1.541398 stage2_migrations=80 home_match_rate=0.826464 stage2_final_edges=15112 stage2_cross_edges_stage1_home=3719 stage2_cross_edges_final_home=1971 cross_edge_reduction_ratio=0.470019 failed=0 rpc_timeouts=0 reverse_aggregate_batches=0 reverse_aggregate_logical_requests=0 reverse_aggregate_ops=0 avg_reverse_aggregate_logicals=0.000000 avg_reverse_aggregate_ops=0.000000 max_backlog=9 admission_window=65536 completion_outstanding=10 completion_incomplete=10 completed_behind_hole=0 completion_logical_full_failures=0 completion_physical_full_failures=0 pressure_yields=1 stage2_batches=83 avg_stage2_batch_size=5.662651 packing_target_batch=8 packing_admit_queue_avg=5.674699 packing_admit_queue_max=9 packing_batch_1_7=58 packing_batch_8=25 packing_assembly_batches=83 packing_assembly_wait_ms=1915.518709 packing_arrival_interval_us=5404 packing_waited_batches=58 packing_wait_ms=1426.987000 packing_target_flushes=25 packing_deadline_flushes=58 packing_cleanup_flushes=0 stage2_phase_search_attempts=82 stage2_phase_search_task_attempts=466 stage2_phase_search_elapsed_ms=1914.899229 avg_stage2_phase_search_us_per_task=4109.225813 stage2_phase_freeze_prune_attempts=83 stage2_phase_freeze_prune_task_attempts=472 stage2_phase_freeze_prune_elapsed_ms=156.138986 avg_stage2_phase_freeze_prune_us_per_task=330.802936 stage2_phase_reverse_prepare_attempts=82 stage2_phase_reverse_prepare_task_attempts=466 stage2_phase_reverse_prepare_elapsed_ms=527.479303 avg_stage2_phase_reverse_prepare_us_per_task=1131.929835 stage2_phase_placement_authority_attempts=81 stage2_phase_placement_authority_task_attempts=461 stage2_phase_placement_authority_elapsed_ms=43.075000 avg_stage2_phase_placement_authority_us_per_task=93.438178 stage2_phase_completion_handoff_attempts=81 stage2_phase_completion_handoff_task_attempts=461 stage2_phase_completion_handoff_elapsed_ms=0.123977 avg_stage2_phase_completion_handoff_us_per_task=0.268931 stage2_phase_finalize_attempts=81 stage2_phase_finalize_task_attempts=461 stage2_phase_finalize_elapsed_ms=0.397435 avg_stage2_phase_finalize_us_per_task=0.862115 maintenance_worker_idle_waits=15936 maintenance_worker_idle_ms=37468.320941 maintenance_lost_wake_avoided=503 maintenance_targeted_wakes=17204 maintenance_generic_wakes=471 maintenance_broadcast_wakes=0 maintenance_context_slots_scanned=72016 maintenance_ready_notifications=15704 maintenance_ready_stale_notifications=0 maintenance_ready_tickets_drained=12604 maintenance_ready_overflow_scans=0 maintenance_ready_fallback_scans=4616 stage2_search_lane_lease_limit=32 stage2_search_lane_lease_peak=4 stage2_search_lane_lease_blocked=0 maintenance_worker_observed_idle_ratio=0.932716 maintenance_worker_observed_busy_ratio=0.067284 physical_stage1_items=471 physical_stage1_total_ns=1825020673 physical_stage1_search_ns=1720179139 physical_stage1_prune_ns=67143559 physical_stage1_allocate_write_ns=27397171 physical_stage1_backlink_ns=9149723 physical_stage1_candidates=60281 physical_stage1_remote_frontier_items=548922 physical_stage1_neighbors=14291 peer_stage1_enqueued=776 peer_stage1_processed=776 peer_stage1_items=768 avg_peer_stage1_items=0.989691 peer_stage1_rate_per_sec=152.945447 peer_stage1_max_queue=3 peer_stage1_active_workers=0 peer_stage2_home_enqueued=4454 peer_stage2_home_processed=4454 peer_stage2_home_items=347928 avg_peer_stage2_home_items=78.115851 peer_stage2_home_max_queue=3 peer_stage2_home_response_queue_drops=0 peer_stage2_home_response_send_wait_ms=23.758424 avg_peer_stage2_home_queue_wait_us=17.418576 avg_peer_stage2_home_execution_us=59.269407 peer_stage1_release_deferred_batches=8 peer_stage1_release_deferred_items=8 peer_stage1_duplicate_retry_responses=0 peer_stage1_admission_retry_responses=0 peer_stage1_retry_response_drops=0 peer_stage1_admission_waiters=0 peer_stage1_admission_waiter_items=0 peer_stage1_admission_owned_items=0 peer_stage1_admission_wake_coverage=0 peer_stage1_admission_parked=0 peer_stage1_admission_woken=0 peer_stage1_admission_reparked=0 peer_stage1_max_admission_waiters=0 peer_stage1_duplicate_coalesced=0 peer_reverse_enqueued=238 peer_reverse_processed=238 peer_reverse_remaining=0 peer_reverse_items_enqueued=2904 peer_reverse_items_processed=2904 peer_reverse_rate_per_sec=578.324970 peer_reverse_failed=0 peer_reverse_max_queue=2 reclaim_pending=0 reclaim_reused=80 dynamic_high_watermark=19981572544 stage2_remaining=1 cleanup_remaining=0 active_contexts=2 active_context_limit=32 repair_remaining=0 remaining=10
[STATUS]: storage-owner maintenance observation: enqueued=717 stage2_enqueued=717 cleanup_enqueued=0 stage2_tasks_done=717 stage2_finalized_live=717 cleanup_processed=0 stale=0 stage2_completion_ratio=1.000000 live_stage2_completion_ratio=1.000000 avg_stage2_delay_ms=55.778239 p99_stage2_delay_upper_ms=256.000000 p99_stage2_delay_over_30s=false stage2_delay_histogram=0,0,0,0,0,79,439,191,8,0,0,0,0,0,0,0,0,0 max_stage2_delay_ms=166.103647 compaction_batch_target=32 compaction_max_delay_ms=25.000000 stage2_rate_per_sec=71.538904 stage1_search_budget_exhausted=0 stage2_search_budget_exhausted=0 stage2_continuations=717 stage2_remote_frontier_items=856332 avg_stage2_remote_frontier=1194.326360 stage2_remote_expansions=23138 avg_stage2_remote_expansions=32.270572 stage2_scored_candidates=1490311 avg_stage2_scored_candidates=2078.536960 stage2_graph_read_waves=5901 avg_stage2_expansions_per_graph_wave=3.921030 stage2_graph_unique_reads=24065 stage2_graph_prefetch_issued=16191 stage2_graph_prefetch_hits=15264 stage2_graph_prefetch_wasted=927 stage2_graph_prefetch_promotion_ratio=0.942746 stage2_graph_issue_width_current=16 stage2_vector_read_waves=12729 avg_stage2_scores_per_vector_wave=117.079975 stage2_vector_unique_reads=997668 stage2_home_rpc_batches=10209 stage2_home_rpc_items=861451 avg_stage2_home_rpc_batch=84.381526 stage2_home_score_rpc_batches=3390 stage2_home_score_rpc_items=837386 stage2_home_score_rpc_queries=14849 stage2_home_score_rpc_request_bytes=21744460 stage2_home_score_rpc_response_bytes=26935512 avg_stage2_home_score_queries_per_rpc=4.380236 avg_stage2_home_score_rpc_batch=247.016519 stage2_home_scored_neighbors=1329964 home_scores_per_expansion=1.543865 stage2_migrations=131 home_match_rate=0.817294 stage2_final_edges=24609 stage2_cross_edges_stage1_home=6045 stage2_cross_edges_final_home=3393 cross_edge_reduction_ratio=0.438710 failed=0 rpc_timeouts=0 reverse_aggregate_batches=0 reverse_aggregate_logical_requests=0 reverse_aggregate_ops=0 avg_reverse_aggregate_logicals=0.000000 avg_reverse_aggregate_ops=0.000000 max_backlog=9 admission_window=65536 completion_outstanding=0 completion_incomplete=0 completed_behind_hole=0 completion_logical_full_failures=0 completion_physical_full_failures=0 pressure_yields=2 stage2_batches=147 avg_stage2_batch_size=4.877551 packing_target_batch=8 packing_admit_queue_avg=4.884354 packing_admit_queue_max=9 packing_batch_1_7=119 packing_batch_8=28 packing_assembly_batches=147 packing_assembly_wait_ms=3508.983335 packing_arrival_interval_us=8371 packing_waited_batches=119 packing_wait_ms=2951.987000 packing_target_flushes=28 packing_deadline_flushes=119 packing_cleanup_flushes=0 stage2_phase_search_attempts=147 stage2_phase_search_task_attempts=717 stage2_phase_search_elapsed_ms=2893.475106 avg_stage2_phase_search_us_per_task=4035.530134 stage2_phase_freeze_prune_attempts=149 stage2_phase_freeze_prune_task_attempts=727 stage2_phase_freeze_prune_elapsed_ms=223.761830 avg_stage2_phase_freeze_prune_us_per_task=307.787937 stage2_phase_reverse_prepare_attempts=147 stage2_phase_reverse_prepare_task_attempts=717 stage2_phase_reverse_prepare_elapsed_ms=808.566145 avg_stage2_phase_reverse_prepare_us_per_task=1127.707315 stage2_phase_placement_authority_attempts=147 stage2_phase_placement_authority_task_attempts=717 stage2_phase_placement_authority_elapsed_ms=65.271749 avg_stage2_phase_placement_authority_us_per_task=91.034517 stage2_phase_completion_handoff_attempts=147 stage2_phase_completion_handoff_task_attempts=717 stage2_phase_completion_handoff_elapsed_ms=0.212720 avg_stage2_phase_completion_handoff_us_per_task=0.296681 stage2_phase_finalize_attempts=147 stage2_phase_finalize_task_attempts=717 stage2_phase_finalize_elapsed_ms=0.613227 avg_stage2_phase_finalize_us_per_task=0.855268 maintenance_worker_idle_waits=28544 maintenance_worker_idle_ms=75513.073503 maintenance_lost_wake_avoided=797 maintenance_targeted_wakes=27813 maintenance_generic_wakes=717 maintenance_broadcast_wakes=0 maintenance_context_slots_scanned=138992 maintenance_ready_notifications=25679 maintenance_ready_stale_notifications=0 maintenance_ready_tickets_drained=20914 maintenance_ready_overflow_scans=0 maintenance_ready_fallback_scans=8920 stage2_search_lane_lease_limit=32 stage2_search_lane_lease_peak=4 stage2_search_lane_lease_blocked=0 maintenance_worker_observed_idle_ratio=0.941793 maintenance_worker_observed_busy_ratio=0.058207 physical_stage1_items=717 physical_stage1_total_ns=2649332930 physical_stage1_search_ns=2493069463 physical_stage1_prune_ns=102118033 physical_stage1_allocate_write_ns=39298359 physical_stage1_backlink_ns=13133935 physical_stage1_candidates=91769 physical_stage1_remote_frontier_items=856332 physical_stage1_neighbors=22858 peer_stage1_enqueued=1179 peer_stage1_processed=1179 peer_stage1_items=1168 avg_peer_stage1_items=0.990670 peer_stage1_rate_per_sec=116.537573 peer_stage1_max_queue=3 peer_stage1_active_workers=0 peer_stage2_home_enqueued=11836 peer_stage2_home_processed=11836 peer_stage2_home_items=909359 avg_peer_stage2_home_items=76.829926 peer_stage2_home_max_queue=3 peer_stage2_home_response_queue_drops=0 peer_stage2_home_response_send_wait_ms=60.861250 avg_peer_stage2_home_queue_wait_us=15.220360 avg_peer_stage2_home_execution_us=53.635002 peer_stage1_release_deferred_batches=12 peer_stage1_release_deferred_items=12 peer_stage1_duplicate_retry_responses=0 peer_stage1_admission_retry_responses=0 peer_stage1_retry_response_drops=0 peer_stage1_admission_waiters=0 peer_stage1_admission_waiter_items=0 peer_stage1_admission_owned_items=0 peer_stage1_admission_wake_coverage=0 peer_stage1_admission_parked=0 peer_stage1_admission_woken=0 peer_stage1_admission_reparked=0 peer_stage1_max_admission_waiters=0 peer_stage1_duplicate_coalesced=0 peer_reverse_enqueued=480 peer_reverse_processed=480 peer_reverse_remaining=0 peer_reverse_items_enqueued=9392 peer_reverse_items_processed=9392 peer_reverse_rate_per_sec=937.089796 peer_reverse_failed=0 peer_reverse_max_queue=2 reclaim_pending=1 reclaim_reused=130 dynamic_high_watermark=19981929664 stage2_remaining=0 cleanup_remaining=0 active_contexts=0 active_context_limit=32 repair_remaining=0 remaining=0
[STATUS]: storage-owner maintenance observation: enqueued=717 stage2_enqueued=717 cleanup_enqueued=0 stage2_tasks_done=717 stage2_finalized_live=717 cleanup_processed=0 stale=0 stage2_completion_ratio=1.000000 live_stage2_completion_ratio=1.000000 avg_stage2_delay_ms=55.778239 p99_stage2_delay_upper_ms=256.000000 p99_stage2_delay_over_30s=false stage2_delay_histogram=0,0,0,0,0,79,439,191,8,0,0,0,0,0,0,0,0,0 max_stage2_delay_ms=166.103647 compaction_batch_target=32 compaction_max_delay_ms=25.000000 stage2_rate_per_sec=47.727968 stage1_search_budget_exhausted=0 stage2_search_budget_exhausted=0 stage2_continuations=717 stage2_remote_frontier_items=856332 avg_stage2_remote_frontier=1194.326360 stage2_remote_expansions=23138 avg_stage2_remote_expansions=32.270572 stage2_scored_candidates=1490311 avg_stage2_scored_candidates=2078.536960 stage2_graph_read_waves=5901 avg_stage2_expansions_per_graph_wave=3.921030 stage2_graph_unique_reads=24065 stage2_graph_prefetch_issued=16191 stage2_graph_prefetch_hits=15264 stage2_graph_prefetch_wasted=927 stage2_graph_prefetch_promotion_ratio=0.942746 stage2_graph_issue_width_current=16 stage2_vector_read_waves=12729 avg_stage2_scores_per_vector_wave=117.079975 stage2_vector_unique_reads=997668 stage2_home_rpc_batches=10209 stage2_home_rpc_items=861451 avg_stage2_home_rpc_batch=84.381526 stage2_home_score_rpc_batches=3390 stage2_home_score_rpc_items=837386 stage2_home_score_rpc_queries=14849 stage2_home_score_rpc_request_bytes=21744460 stage2_home_score_rpc_response_bytes=26935512 avg_stage2_home_score_queries_per_rpc=4.380236 avg_stage2_home_score_rpc_batch=247.016519 stage2_home_scored_neighbors=1329964 home_scores_per_expansion=1.543865 stage2_migrations=131 home_match_rate=0.817294 stage2_final_edges=24609 stage2_cross_edges_stage1_home=6045 stage2_cross_edges_final_home=3393 cross_edge_reduction_ratio=0.438710 failed=0 rpc_timeouts=0 reverse_aggregate_batches=0 reverse_aggregate_logical_requests=0 reverse_aggregate_ops=0 avg_reverse_aggregate_logicals=0.000000 avg_reverse_aggregate_ops=0.000000 max_backlog=9 admission_window=65536 completion_outstanding=0 completion_incomplete=0 completed_behind_hole=0 completion_logical_full_failures=0 completion_physical_full_failures=0 pressure_yields=2 stage2_batches=147 avg_stage2_batch_size=4.877551 packing_target_batch=8 packing_admit_queue_avg=4.884354 packing_admit_queue_max=9 packing_batch_1_7=119 packing_batch_8=28 packing_assembly_batches=147 packing_assembly_wait_ms=3508.983335 packing_arrival_interval_us=8371 packing_waited_batches=119 packing_wait_ms=2951.987000 packing_target_flushes=28 packing_deadline_flushes=119 packing_cleanup_flushes=0 stage2_phase_search_attempts=147 stage2_phase_search_task_attempts=717 stage2_phase_search_elapsed_ms=2893.475106 avg_stage2_phase_search_us_per_task=4035.530134 stage2_phase_freeze_prune_attempts=149 stage2_phase_freeze_prune_task_attempts=727 stage2_phase_freeze_prune_elapsed_ms=223.761830 avg_stage2_phase_freeze_prune_us_per_task=307.787937 stage2_phase_reverse_prepare_attempts=147 stage2_phase_reverse_prepare_task_attempts=717 stage2_phase_reverse_prepare_elapsed_ms=808.566145 avg_stage2_phase_reverse_prepare_us_per_task=1127.707315 stage2_phase_placement_authority_attempts=147 stage2_phase_placement_authority_task_attempts=717 stage2_phase_placement_authority_elapsed_ms=65.271749 avg_stage2_phase_placement_authority_us_per_task=91.034517 stage2_phase_completion_handoff_attempts=147 stage2_phase_completion_handoff_task_attempts=717 stage2_phase_completion_handoff_elapsed_ms=0.212720 avg_stage2_phase_completion_handoff_us_per_task=0.296681 stage2_phase_finalize_attempts=147 stage2_phase_finalize_task_attempts=717 stage2_phase_finalize_elapsed_ms=0.613227 avg_stage2_phase_finalize_us_per_task=0.855268 maintenance_worker_idle_waits=32512 maintenance_worker_idle_ms=115439.363721 maintenance_lost_wake_avoided=797 maintenance_targeted_wakes=27813 maintenance_generic_wakes=717 maintenance_broadcast_wakes=0 maintenance_context_slots_scanned=202480 maintenance_ready_notifications=25679 maintenance_ready_stale_notifications=0 maintenance_ready_tickets_drained=20914 maintenance_ready_overflow_scans=0 maintenance_ready_fallback_scans=12895 stage2_search_lane_lease_limit=32 stage2_search_lane_lease_peak=4 stage2_search_lane_lease_blocked=0 maintenance_worker_observed_idle_ratio=0.960545 maintenance_worker_observed_busy_ratio=0.039455 physical_stage1_items=717 physical_stage1_total_ns=2649332930 physical_stage1_search_ns=2493069463 physical_stage1_prune_ns=102118033 physical_stage1_allocate_write_ns=39298359 physical_stage1_backlink_ns=13133935 physical_stage1_candidates=91769 physical_stage1_remote_frontier_items=856332 physical_stage1_neighbors=22858 peer_stage1_enqueued=1179 peer_stage1_processed=1179 peer_stage1_items=1168 avg_peer_stage1_items=0.990670 peer_stage1_rate_per_sec=77.749325 peer_stage1_max_queue=3 peer_stage1_active_workers=0 peer_stage2_home_enqueued=12674 peer_stage2_home_processed=12674 peer_stage2_home_items=1082287 avg_peer_stage2_home_items=85.394272 peer_stage2_home_max_queue=3 peer_stage2_home_response_queue_drops=0 peer_stage2_home_response_send_wait_ms=65.604293 avg_peer_stage2_home_queue_wait_us=25.560140 avg_peer_stage2_home_execution_us=54.379685 peer_stage1_release_deferred_batches=12 peer_stage1_release_deferred_items=12 peer_stage1_duplicate_retry_responses=0 peer_stage1_admission_retry_responses=0 peer_stage1_retry_response_drops=0 peer_stage1_admission_waiters=0 peer_stage1_admission_waiter_items=0 peer_stage1_admission_owned_items=0 peer_stage1_admission_wake_coverage=0 peer_stage1_admission_parked=0 peer_stage1_admission_woken=0 peer_stage1_admission_reparked=0 peer_stage1_max_admission_waiters=0 peer_stage1_duplicate_coalesced=0 peer_reverse_enqueued=513 peer_reverse_processed=513 peer_reverse_remaining=0 peer_reverse_items_enqueued=9447 peer_reverse_items_processed=9447 peer_reverse_rate_per_sec=628.850921 peer_reverse_failed=0 peer_reverse_max_queue=2 reclaim_pending=1 reclaim_reused=130 dynamic_high_watermark=19981929664 stage2_remaining=0 cleanup_remaining=0 active_contexts=0 active_context_limit=32 repair_remaining=0 remaining=0
[STATUS]: storage-owner maintenance observation: enqueued=717 stage2_enqueued=717 cleanup_enqueued=0 stage2_tasks_done=717 stage2_finalized_live=717 cleanup_processed=0 stale=0 stage2_completion_ratio=1.000000 live_stage2_completion_ratio=1.000000 avg_stage2_delay_ms=55.778239 p99_stage2_delay_upper_ms=256.000000 p99_stage2_delay_over_30s=false stage2_delay_histogram=0,0,0,0,0,79,439,191,8,0,0,0,0,0,0,0,0,0 max_stage2_delay_ms=166.103647 compaction_batch_target=32 compaction_max_delay_ms=25.000000 stage2_rate_per_sec=35.807739 stage1_search_budget_exhausted=0 stage2_search_budget_exhausted=0 stage2_continuations=717 stage2_remote_frontier_items=856332 avg_stage2_remote_frontier=1194.326360 stage2_remote_expansions=23138 avg_stage2_remote_expansions=32.270572 stage2_scored_candidates=1490311 avg_stage2_scored_candidates=2078.536960 stage2_graph_read_waves=5901 avg_stage2_expansions_per_graph_wave=3.921030 stage2_graph_unique_reads=24065 stage2_graph_prefetch_issued=16191 stage2_graph_prefetch_hits=15264 stage2_graph_prefetch_wasted=927 stage2_graph_prefetch_promotion_ratio=0.942746 stage2_graph_issue_width_current=16 stage2_vector_read_waves=12729 avg_stage2_scores_per_vector_wave=117.079975 stage2_vector_unique_reads=997668 stage2_home_rpc_batches=10209 stage2_home_rpc_items=861451 avg_stage2_home_rpc_batch=84.381526 stage2_home_score_rpc_batches=3390 stage2_home_score_rpc_items=837386 stage2_home_score_rpc_queries=14849 stage2_home_score_rpc_request_bytes=21744460 stage2_home_score_rpc_response_bytes=26935512 avg_stage2_home_score_queries_per_rpc=4.380236 avg_stage2_home_score_rpc_batch=247.016519 stage2_home_scored_neighbors=1329964 home_scores_per_expansion=1.543865 stage2_migrations=131 home_match_rate=0.817294 stage2_final_edges=24609 stage2_cross_edges_stage1_home=6045 stage2_cross_edges_final_home=3393 cross_edge_reduction_ratio=0.438710 failed=0 rpc_timeouts=0 reverse_aggregate_batches=0 reverse_aggregate_logical_requests=0 reverse_aggregate_ops=0 avg_reverse_aggregate_logicals=0.000000 avg_reverse_aggregate_ops=0.000000 max_backlog=9 admission_window=65536 completion_outstanding=0 completion_incomplete=0 completed_behind_hole=0 completion_logical_full_failures=0 completion_physical_full_failures=0 pressure_yields=2 stage2_batches=147 avg_stage2_batch_size=4.877551 packing_target_batch=8 packing_admit_queue_avg=4.884354 packing_admit_queue_max=9 packing_batch_1_7=119 packing_batch_8=28 packing_assembly_batches=147 packing_assembly_wait_ms=3508.983335 packing_arrival_interval_us=8371 packing_waited_batches=119 packing_wait_ms=2951.987000 packing_target_flushes=28 packing_deadline_flushes=119 packing_cleanup_flushes=0 stage2_phase_search_attempts=147 stage2_phase_search_task_attempts=717 stage2_phase_search_elapsed_ms=2893.475106 avg_stage2_phase_search_us_per_task=4035.530134 stage2_phase_freeze_prune_attempts=149 stage2_phase_freeze_prune_task_attempts=727 stage2_phase_freeze_prune_elapsed_ms=223.761830 avg_stage2_phase_freeze_prune_us_per_task=307.787937 stage2_phase_reverse_prepare_attempts=147 stage2_phase_reverse_prepare_task_attempts=717 stage2_phase_reverse_prepare_elapsed_ms=808.566145 avg_stage2_phase_reverse_prepare_us_per_task=1127.707315 stage2_phase_placement_authority_attempts=147 stage2_phase_placement_authority_task_attempts=717 stage2_phase_placement_authority_elapsed_ms=65.271749 avg_stage2_phase_placement_authority_us_per_task=91.034517 stage2_phase_completion_handoff_attempts=147 stage2_phase_completion_handoff_task_attempts=717 stage2_phase_completion_handoff_elapsed_ms=0.212720 avg_stage2_phase_completion_handoff_us_per_task=0.296681 stage2_phase_finalize_attempts=147 stage2_phase_finalize_task_attempts=717 stage2_phase_finalize_elapsed_ms=0.613227 avg_stage2_phase_finalize_us_per_task=0.855268 maintenance_worker_idle_waits=36480 maintenance_worker_idle_ms=155361.828647 maintenance_lost_wake_avoided=797 maintenance_targeted_wakes=27813 maintenance_generic_wakes=717 maintenance_broadcast_wakes=0 maintenance_context_slots_scanned=265968 maintenance_ready_notifications=25679 maintenance_ready_stale_notifications=0 maintenance_ready_tickets_drained=20914 maintenance_ready_overflow_scans=0 maintenance_ready_fallback_scans=16870 stage2_search_lane_lease_limit=32 stage2_search_lane_lease_peak=4 stage2_search_lane_lease_blocked=0 maintenance_worker_observed_idle_ratio=0.969867 maintenance_worker_observed_busy_ratio=0.030133 physical_stage1_items=717 physical_stage1_total_ns=2649332930 physical_stage1_search_ns=2493069463 physical_stage1_prune_ns=102118033 physical_stage1_allocate_write_ns=39298359 physical_stage1_backlink_ns=13133935 physical_stage1_candidates=91769 physical_stage1_remote_frontier_items=856332 physical_stage1_neighbors=22858 peer_stage1_enqueued=1179 peer_stage1_processed=1179 peer_stage1_items=1168 avg_peer_stage1_items=0.990670 peer_stage1_rate_per_sec=58.331156 peer_stage1_max_queue=3 peer_stage1_active_workers=0 peer_stage2_home_enqueued=13573 peer_stage2_home_processed=13573 peer_stage2_home_items=1260243 avg_peer_stage2_home_items=92.849260 peer_stage2_home_max_queue=3 peer_stage2_home_response_queue_drops=0 peer_stage2_home_response_send_wait_ms=70.705120 avg_peer_stage2_home_queue_wait_us=32.325922 avg_peer_stage2_home_execution_us=54.958498 peer_stage1_release_deferred_batches=12 peer_stage1_release_deferred_items=12 peer_stage1_duplicate_retry_responses=0 peer_stage1_admission_retry_responses=0 peer_stage1_retry_response_drops=0 peer_stage1_admission_waiters=0 peer_stage1_admission_waiter_items=0 peer_stage1_admission_owned_items=0 peer_stage1_admission_wake_coverage=0 peer_stage1_admission_parked=0 peer_stage1_admission_woken=0 peer_stage1_admission_reparked=0 peer_stage1_max_admission_waiters=0 peer_stage1_duplicate_coalesced=0 peer_reverse_enqueued=541 peer_reverse_processed=541 peer_reverse_remaining=0 peer_reverse_items_enqueued=9502 peer_reverse_items_processed=9502 peer_reverse_rate_per_sec=474.539938 peer_reverse_failed=0 peer_reverse_max_queue=2 reclaim_pending=1 reclaim_reused=130 dynamic_high_watermark=19981929664 stage2_remaining=0 cleanup_remaining=0 active_contexts=0 active_context_limit=32 repair_remaining=0 remaining=0
[STATUS]: storage-owner maintenance observation: enqueued=720 stage2_enqueued=720 cleanup_enqueued=0 stage2_tasks_done=720 stage2_finalized_live=720 cleanup_processed=0 stale=0 stage2_completion_ratio=1.000000 live_stage2_completion_ratio=1.000000 avg_stage2_delay_ms=55.750087 p99_stage2_delay_upper_ms=256.000000 p99_stage2_delay_over_30s=false stage2_delay_histogram=0,0,0,0,0,79,442,191,8,0,0,0,0,0,0,0,0,0 max_stage2_delay_ms=166.103647 compaction_batch_target=32 compaction_max_delay_ms=25.000000 stage2_rate_per_sec=28.772439 stage1_search_budget_exhausted=0 stage2_search_budget_exhausted=0 stage2_continuations=720 stage2_remote_frontier_items=860474 avg_stage2_remote_frontier=1195.102778 stage2_remote_expansions=23522 avg_stage2_remote_expansions=32.669444 stage2_scored_candidates=1504524 avg_stage2_scored_candidates=2089.616667 stage2_graph_read_waves=6040 avg_stage2_expansions_per_graph_wave=3.894371 stage2_graph_unique_reads=24472 stage2_graph_prefetch_issued=16459 stage2_graph_prefetch_hits=15509 stage2_graph_prefetch_wasted=950 stage2_graph_prefetch_promotion_ratio=0.942281 stage2_graph_issue_width_current=16 stage2_vector_read_waves=13042 avg_stage2_scores_per_vector_wave=115.359914 stage2_vector_unique_reads=1002634 stage2_home_rpc_batches=10368 stage2_home_rpc_items=865753 avg_stage2_home_rpc_batch=83.502411 stage2_home_score_rpc_batches=3410 stage2_home_score_rpc_items=841281 stage2_home_score_rpc_queries=14889 stage2_home_score_rpc_request_bytes=21842876 stage2_home_score_rpc_response_bytes=27061136 avg_stage2_home_score_queries_per_rpc=4.366276 avg_stage2_home_score_rpc_batch=246.709971 stage2_home_scored_neighbors=1343106 home_scores_per_expansion=1.551373 stage2_migrations=134 home_match_rate=0.813889 stage2_final_edges=24706 stage2_cross_edges_stage1_home=6139 stage2_cross_edges_final_home=3397 cross_edge_reduction_ratio=0.446653 failed=0 rpc_timeouts=0 reverse_aggregate_batches=0 reverse_aggregate_logical_requests=0 reverse_aggregate_ops=0 avg_reverse_aggregate_logicals=0.000000 avg_reverse_aggregate_ops=0.000000 max_backlog=9 admission_window=65536 completion_outstanding=0 completion_incomplete=0 completed_behind_hole=0 completion_logical_full_failures=0 completion_physical_full_failures=0 pressure_yields=2 stage2_batches=150 avg_stage2_batch_size=4.800000 packing_target_batch=8 packing_admit_queue_avg=4.806667 packing_admit_queue_max=9 packing_batch_1_7=122 packing_batch_8=28 packing_assembly_batches=150 packing_assembly_wait_ms=3584.158558 packing_arrival_interval_us=25000 packing_waited_batches=122 packing_wait_ms=3026.987000 packing_target_flushes=28 packing_deadline_flushes=122 packing_cleanup_flushes=0 stage2_phase_search_attempts=150 stage2_phase_search_task_attempts=720 stage2_phase_search_elapsed_ms=2920.970129 avg_stage2_phase_search_us_per_task=4056.902957 stage2_phase_freeze_prune_attempts=152 stage2_phase_freeze_prune_task_attempts=730 stage2_phase_freeze_prune_elapsed_ms=225.689644 avg_stage2_phase_freeze_prune_us_per_task=309.163896 stage2_phase_reverse_prepare_attempts=150 stage2_phase_reverse_prepare_task_attempts=720 stage2_phase_reverse_prepare_elapsed_ms=811.688723 avg_stage2_phase_reverse_prepare_us_per_task=1127.345449 stage2_phase_placement_authority_attempts=150 stage2_phase_placement_authority_task_attempts=720 stage2_phase_placement_authority_elapsed_ms=66.189682 avg_stage2_phase_placement_authority_us_per_task=91.930114 stage2_phase_completion_handoff_attempts=150 stage2_phase_completion_handoff_task_attempts=720 stage2_phase_completion_handoff_elapsed_ms=0.215472 avg_stage2_phase_completion_handoff_us_per_task=0.299267 stage2_phase_finalize_attempts=150 stage2_phase_finalize_task_attempts=720 stage2_phase_finalize_elapsed_ms=0.621790 avg_stage2_phase_finalize_us_per_task=0.863597 maintenance_worker_idle_waits=40832 maintenance_worker_idle_ms=194238.458358 maintenance_lost_wake_avoided=804 maintenance_targeted_wakes=28375 maintenance_generic_wakes=720 maintenance_broadcast_wakes=0 maintenance_context_slots_scanned=327904 maintenance_ready_notifications=26196 maintenance_ready_stale_notifications=0 maintenance_ready_tickets_drained=21379 maintenance_ready_overflow_scans=0 maintenance_ready_fallback_scans=20850 stage2_search_lane_lease_limit=32 stage2_search_lane_lease_peak=4 stage2_search_lane_lease_blocked=0 maintenance_worker_observed_idle_ratio=0.970263 maintenance_worker_observed_busy_ratio=0.029737 physical_stage1_items=720 physical_stage1_total_ns=2664430893 physical_stage1_search_ns=2507241784 physical_stage1_prune_ns=102579650 physical_stage1_allocate_write_ns=39646421 physical_stage1_backlink_ns=13218895 physical_stage1_candidates=92153 physical_stage1_remote_frontier_items=860474 physical_stage1_neighbors=22917 peer_stage1_enqueued=1185 peer_stage1_processed=1185 peer_stage1_items=1174 avg_peer_stage1_items=0.990717 peer_stage1_rate_per_sec=46.915059 peer_stage1_max_queue=3 peer_stage1_active_workers=0 peer_stage2_home_enqueued=14504 peer_stage2_home_processed=14504 peer_stage2_home_items=1445611 avg_peer_stage2_home_items=99.669815 peer_stage2_home_max_queue=3 peer_stage2_home_response_queue_drops=0 peer_stage2_home_response_send_wait_ms=76.311923 avg_peer_stage2_home_queue_wait_us=31.826229 avg_peer_stage2_home_execution_us=56.765085 peer_stage1_release_deferred_batches=12 peer_stage1_release_deferred_items=12 peer_stage1_duplicate_retry_responses=0 peer_stage1_admission_retry_responses=0 peer_stage1_retry_response_drops=0 peer_stage1_admission_waiters=0 peer_stage1_admission_waiter_items=0 peer_stage1_admission_owned_items=0 peer_stage1_admission_wake_coverage=0 peer_stage1_admission_parked=0 peer_stage1_admission_woken=0 peer_stage1_admission_reparked=0 peer_stage1_max_admission_waiters=0 peer_stage1_duplicate_coalesced=0 peer_reverse_enqueued=585 peer_reverse_processed=585 peer_reverse_remaining=0 peer_reverse_items_enqueued=9567 peer_reverse_items_processed=9567 peer_reverse_rate_per_sec=382.313777 peer_reverse_failed=0 peer_reverse_max_queue=2 reclaim_pending=1 reclaim_reused=133 dynamic_high_watermark=19981929664 stage2_remaining=0 cleanup_remaining=0 active_contexts=0 active_context_limit=32 repair_remaining=0 remaining=0
[STATUS]: storage-owner maintenance observation: enqueued=722 stage2_enqueued=722 cleanup_enqueued=0 stage2_tasks_done=722 stage2_finalized_live=722 cleanup_processed=0 stale=0 stage2_completion_ratio=1.000000 live_stage2_completion_ratio=1.000000 avg_stage2_delay_ms=55.744964 p99_stage2_delay_upper_ms=256.000000 p99_stage2_delay_over_30s=false stage2_delay_histogram=0,0,0,0,0,79,444,191,8,0,0,0,0,0,0,0,0,0 max_stage2_delay_ms=166.103647 compaction_batch_target=32 compaction_max_delay_ms=25.000000 stage2_rate_per_sec=24.047259 stage1_search_budget_exhausted=0 stage2_search_budget_exhausted=0 stage2_continuations=722 stage2_remote_frontier_items=862441 avg_stage2_remote_frontier=1194.516620 stage2_remote_expansions=23778 avg_stage2_remote_expansions=32.933518 stage2_scored_candidates=1511394 avg_stage2_scored_candidates=2093.343490 stage2_graph_read_waves=6096 avg_stage2_expansions_per_graph_wave=3.900591 stage2_graph_unique_reads=24749 stage2_graph_prefetch_issued=16666 stage2_graph_prefetch_hits=15695 stage2_graph_prefetch_wasted=971 stage2_graph_prefetch_promotion_ratio=0.941738 stage2_graph_issue_width_current=16 stage2_vector_read_waves=13155 avg_stage2_scores_per_vector_wave=114.891220 stage2_vector_unique_reads=1005237 stage2_home_rpc_batches=10436 stage2_home_rpc_items=867997 avg_stage2_home_rpc_batch=83.173342 stage2_home_score_rpc_batches=3419 stage2_home_score_rpc_items=843248 stage2_home_score_rpc_queries=14907 stage2_home_score_rpc_request_bytes=21892316 stage2_home_score_rpc_response_bytes=27124440 avg_stage2_home_score_queries_per_rpc=4.360047 avg_stage2_home_score_rpc_batch=246.635858 stage2_home_scored_neighbors=1349340 home_scores_per_expansion=1.554545 stage2_migrations=136 home_match_rate=0.811634 stage2_final_edges=24772 stage2_cross_edges_stage1_home=6203 stage2_cross_edges_final_home=3399 cross_edge_reduction_ratio=0.452039 failed=0 rpc_timeouts=0 reverse_aggregate_batches=0 reverse_aggregate_logical_requests=0 reverse_aggregate_ops=0 avg_reverse_aggregate_logicals=0.000000 avg_reverse_aggregate_ops=0.000000 max_backlog=9 admission_window=65536 completion_outstanding=0 completion_incomplete=0 completed_behind_hole=0 completion_logical_full_failures=0 completion_physical_full_failures=0 pressure_yields=2 stage2_batches=151 avg_stage2_batch_size=4.781457 packing_target_batch=8 packing_admit_queue_avg=4.788079 packing_admit_queue_max=9 packing_batch_1_7=123 packing_batch_8=28 packing_assembly_batches=151 packing_assembly_wait_ms=3609.217933 packing_arrival_interval_us=23205 packing_waited_batches=123 packing_wait_ms=3051.987000 packing_target_flushes=28 packing_deadline_flushes=123 packing_cleanup_flushes=0 stage2_phase_search_attempts=151 stage2_phase_search_task_attempts=722 stage2_phase_search_elapsed_ms=2935.492813 avg_stage2_phase_search_us_per_task=4065.779519 stage2_phase_freeze_prune_attempts=153 stage2_phase_freeze_prune_task_attempts=732 stage2_phase_freeze_prune_elapsed_ms=227.516977 avg_stage2_phase_freeze_prune_us_per_task=310.815542 stage2_phase_reverse_prepare_attempts=151 stage2_phase_reverse_prepare_task_attempts=722 stage2_phase_reverse_prepare_elapsed_ms=813.395717 avg_stage2_phase_reverse_prepare_us_per_task=1126.586866 stage2_phase_placement_authority_attempts=151 stage2_phase_placement_authority_task_attempts=722 stage2_phase_placement_authority_elapsed_ms=66.554998 avg_stage2_phase_placement_authority_us_per_task=92.181438 stage2_phase_completion_handoff_attempts=151 stage2_phase_completion_handoff_task_attempts=722 stage2_phase_completion_handoff_elapsed_ms=0.216308 avg_stage2_phase_completion_handoff_us_per_task=0.299596 stage2_phase_finalize_attempts=151 stage2_phase_finalize_task_attempts=722 stage2_phase_finalize_elapsed_ms=0.625023 avg_stage2_phase_finalize_us_per_task=0.865683 maintenance_worker_idle_waits=45120 maintenance_worker_idle_ms=235564.154924 maintenance_lost_wake_avoided=806 maintenance_targeted_wakes=28617 maintenance_generic_wakes=722 maintenance_broadcast_wakes=0 maintenance_context_slots_scanned=393648 maintenance_ready_notifications=26408 maintenance_ready_stale_notifications=0 maintenance_ready_tickets_drained=21554 maintenance_ready_overflow_scans=0 maintenance_ready_fallback_scans=24826 stage2_search_lane_lease_limit=32 stage2_search_lane_lease_peak=4 stage2_search_lane_lease_blocked=0 maintenance_worker_observed_idle_ratio=0.980726 maintenance_worker_observed_busy_ratio=0.019274 physical_stage1_items=722 physical_stage1_total_ns=2677391896 physical_stage1_search_ns=2519394966 physical_stage1_prune_ns=102931541 physical_stage1_allocate_write_ns=40002811 physical_stage1_backlink_ns=13307819 physical_stage1_candidates=92408 physical_stage1_remote_frontier_items=862441 physical_stage1_neighbors=22938 peer_stage1_enqueued=1189 peer_stage1_processed=1189 peer_stage1_items=1178 avg_peer_stage1_items=0.990749 peer_stage1_rate_per_sec=39.235001 peer_stage1_max_queue=3 peer_stage1_active_workers=0 peer_stage2_home_enqueued=15068 peer_stage2_home_processed=15068 peer_stage2_home_items=1545114 avg_peer_stage2_home_items=102.542740 peer_stage2_home_max_queue=3 peer_stage2_home_response_queue_drops=0 peer_stage2_home_response_send_wait_ms=79.626734 avg_peer_stage2_home_queue_wait_us=31.518784 avg_peer_stage2_home_execution_us=57.696441 peer_stage1_release_deferred_batches=12 peer_stage1_release_deferred_items=12 peer_stage1_duplicate_retry_responses=0 peer_stage1_admission_retry_responses=0 peer_stage1_retry_response_drops=0 peer_stage1_admission_waiters=0 peer_stage1_admission_waiter_items=0 peer_stage1_admission_owned_items=0 peer_stage1_admission_wake_coverage=0 peer_stage1_admission_parked=0 peer_stage1_admission_woken=0 peer_stage1_admission_reparked=0 peer_stage1_max_admission_waiters=0 peer_stage1_duplicate_coalesced=0 peer_reverse_enqueued=610 peer_reverse_processed=610 peer_reverse_remaining=0 peer_reverse_items_enqueued=9610 peer_reverse_items_processed=9610 peer_reverse_rate_per_sec=320.075008 peer_reverse_failed=0 peer_reverse_max_queue=2 reclaim_pending=1 reclaim_reused=135 dynamic_high_watermark=19981930656 stage2_remaining=0 cleanup_remaining=0 active_contexts=0 active_context_limit=32 repair_remaining=0 remaining=0
[STATUS]: storage-owner maintenance observation: enqueued=722 stage2_enqueued=722 cleanup_enqueued=0 stage2_tasks_done=722 stage2_finalized_live=722 cleanup_processed=0 stale=0 stage2_completion_ratio=1.000000 live_stage2_completion_ratio=1.000000 avg_stage2_delay_ms=55.744964 p99_stage2_delay_upper_ms=256.000000 p99_stage2_delay_over_30s=false stage2_delay_histogram=0,0,0,0,0,79,444,191,8,0,0,0,0,0,0,0,0,0 max_stage2_delay_ms=166.103647 compaction_batch_target=32 compaction_max_delay_ms=25.000000 stage2_rate_per_sec=20.613145 stage1_search_budget_exhausted=0 stage2_search_budget_exhausted=0 stage2_continuations=722 stage2_remote_frontier_items=862441 avg_stage2_remote_frontier=1194.516620 stage2_remote_expansions=23778 avg_stage2_remote_expansions=32.933518 stage2_scored_candidates=1511394 avg_stage2_scored_candidates=2093.343490 stage2_graph_read_waves=6096 avg_stage2_expansions_per_graph_wave=3.900591 stage2_graph_unique_reads=24749 stage2_graph_prefetch_issued=16666 stage2_graph_prefetch_hits=15695 stage2_graph_prefetch_wasted=971 stage2_graph_prefetch_promotion_ratio=0.941738 stage2_graph_issue_width_current=16 stage2_vector_read_waves=13155 avg_stage2_scores_per_vector_wave=114.891220 stage2_vector_unique_reads=1005237 stage2_home_rpc_batches=10436 stage2_home_rpc_items=867997 avg_stage2_home_rpc_batch=83.173342 stage2_home_score_rpc_batches=3419 stage2_home_score_rpc_items=843248 stage2_home_score_rpc_queries=14907 stage2_home_score_rpc_request_bytes=21892316 stage2_home_score_rpc_response_bytes=27124440 avg_stage2_home_score_queries_per_rpc=4.360047 avg_stage2_home_score_rpc_batch=246.635858 stage2_home_scored_neighbors=1349340 home_scores_per_expansion=1.554545 stage2_migrations=136 home_match_rate=0.811634 stage2_final_edges=24772 stage2_cross_edges_stage1_home=6203 stage2_cross_edges_final_home=3399 cross_edge_reduction_ratio=0.452039 failed=0 rpc_timeouts=0 reverse_aggregate_batches=0 reverse_aggregate_logical_requests=0 reverse_aggregate_ops=0 avg_reverse_aggregate_logicals=0.000000 avg_reverse_aggregate_ops=0.000000 max_backlog=9 admission_window=65536 completion_outstanding=0 completion_incomplete=0 completed_behind_hole=0 completion_logical_full_failures=0 completion_physical_full_failures=0 pressure_yields=2 stage2_batches=151 avg_stage2_batch_size=4.781457 packing_target_batch=8 packing_admit_queue_avg=4.788079 packing_admit_queue_max=9 packing_batch_1_7=123 packing_batch_8=28 packing_assembly_batches=151 packing_assembly_wait_ms=3609.217933 packing_arrival_interval_us=23205 packing_waited_batches=123 packing_wait_ms=3051.987000 packing_target_flushes=28 packing_deadline_flushes=123 packing_cleanup_flushes=0 stage2_phase_search_attempts=151 stage2_phase_search_task_attempts=722 stage2_phase_search_elapsed_ms=2935.492813 avg_stage2_phase_search_us_per_task=4065.779519 stage2_phase_freeze_prune_attempts=153 stage2_phase_freeze_prune_task_attempts=732 stage2_phase_freeze_prune_elapsed_ms=227.516977 avg_stage2_phase_freeze_prune_us_per_task=310.815542 stage2_phase_reverse_prepare_attempts=151 stage2_phase_reverse_prepare_task_attempts=722 stage2_phase_reverse_prepare_elapsed_ms=813.395717 avg_stage2_phase_reverse_prepare_us_per_task=1126.586866 stage2_phase_placement_authority_attempts=151 stage2_phase_placement_authority_task_attempts=722 stage2_phase_placement_authority_elapsed_ms=66.554998 avg_stage2_phase_placement_authority_us_per_task=92.181438 stage2_phase_completion_handoff_attempts=151 stage2_phase_completion_handoff_task_attempts=722 stage2_phase_completion_handoff_elapsed_ms=0.216308 avg_stage2_phase_completion_handoff_us_per_task=0.299596 stage2_phase_finalize_attempts=151 stage2_phase_finalize_task_attempts=722 stage2_phase_finalize_elapsed_ms=0.625023 avg_stage2_phase_finalize_us_per_task=0.865683 maintenance_worker_idle_waits=49088 maintenance_worker_idle_ms=275496.314461 maintenance_lost_wake_avoided=806 maintenance_targeted_wakes=28617 maintenance_generic_wakes=722 maintenance_broadcast_wakes=0 maintenance_context_slots_scanned=457136 maintenance_ready_notifications=26408 maintenance_ready_stale_notifications=0 maintenance_ready_tickets_drained=21554 maintenance_ready_overflow_scans=0 maintenance_ready_fallback_scans=28800 stage2_search_lane_lease_limit=32 stage2_search_lane_lease_peak=4 stage2_search_lane_lease_blocked=0 maintenance_worker_observed_idle_ratio=0.983180 maintenance_worker_observed_busy_ratio=0.016820 physical_stage1_items=722 physical_stage1_total_ns=2677391896 physical_stage1_search_ns=2519394966 physical_stage1_prune_ns=102931541 physical_stage1_allocate_write_ns=40002811 physical_stage1_backlink_ns=13307819 physical_stage1_candidates=92408 physical_stage1_remote_frontier_items=862441 physical_stage1_neighbors=22938 peer_stage1_enqueued=1189 peer_stage1_processed=1189 peer_stage1_items=1178 avg_peer_stage1_items=0.990749 peer_stage1_rate_per_sec=33.631974 peer_stage1_max_queue=3 peer_stage1_active_workers=0 peer_stage2_home_enqueued=15068 peer_stage2_home_processed=15068 peer_stage2_home_items=1545114 avg_peer_stage2_home_items=102.542740 peer_stage2_home_max_queue=3 peer_stage2_home_response_queue_drops=0 peer_stage2_home_response_send_wait_ms=79.626734 avg_peer_stage2_home_queue_wait_us=31.518784 avg_peer_stage2_home_execution_us=57.696441 peer_stage1_release_deferred_batches=12 peer_stage1_release_deferred_items=12 peer_stage1_duplicate_retry_responses=0 peer_stage1_admission_retry_responses=0 peer_stage1_retry_response_drops=0 peer_stage1_admission_waiters=0 peer_stage1_admission_waiter_items=0 peer_stage1_admission_owned_items=0 peer_stage1_admission_wake_coverage=0 peer_stage1_admission_parked=0 peer_stage1_admission_woken=0 peer_stage1_admission_reparked=0 peer_stage1_max_admission_waiters=0 peer_stage1_duplicate_coalesced=0 peer_reverse_enqueued=610 peer_reverse_processed=610 peer_reverse_remaining=0 peer_reverse_items_enqueued=9610 peer_reverse_items_processed=9610 peer_reverse_rate_per_sec=274.366103 peer_reverse_failed=0 peer_reverse_max_queue=2 reclaim_pending=1 reclaim_reused=135 dynamic_high_watermark=19981930656 stage2_remaining=0 cleanup_remaining=0 active_contexts=0 active_context_limit=32 repair_remaining=0 remaining=0
[STATUS]: storage-owner maintenance observation: enqueued=722 stage2_enqueued=722 cleanup_enqueued=0 stage2_tasks_done=722 stage2_finalized_live=722 cleanup_processed=0 stale=0 stage2_completion_ratio=1.000000 live_stage2_completion_ratio=1.000000 avg_stage2_delay_ms=55.744964 p99_stage2_delay_upper_ms=256.000000 p99_stage2_delay_over_30s=false stage2_delay_histogram=0,0,0,0,0,79,444,191,8,0,0,0,0,0,0,0,0,0 max_stage2_delay_ms=166.103647 compaction_batch_target=32 compaction_max_delay_ms=25.000000 stage2_rate_per_sec=18.037762 stage1_search_budget_exhausted=0 stage2_search_budget_exhausted=0 stage2_continuations=722 stage2_remote_frontier_items=862441 avg_stage2_remote_frontier=1194.516620 stage2_remote_expansions=23778 avg_stage2_remote_expansions=32.933518 stage2_scored_candidates=1511394 avg_stage2_scored_candidates=2093.343490 stage2_graph_read_waves=6096 avg_stage2_expansions_per_graph_wave=3.900591 stage2_graph_unique_reads=24749 stage2_graph_prefetch_issued=16666 stage2_graph_prefetch_hits=15695 stage2_graph_prefetch_wasted=971 stage2_graph_prefetch_promotion_ratio=0.941738 stage2_graph_issue_width_current=16 stage2_vector_read_waves=13155 avg_stage2_scores_per_vector_wave=114.891220 stage2_vector_unique_reads=1005237 stage2_home_rpc_batches=10436 stage2_home_rpc_items=867997 avg_stage2_home_rpc_batch=83.173342 stage2_home_score_rpc_batches=3419 stage2_home_score_rpc_items=843248 stage2_home_score_rpc_queries=14907 stage2_home_score_rpc_request_bytes=21892316 stage2_home_score_rpc_response_bytes=27124440 avg_stage2_home_score_queries_per_rpc=4.360047 avg_stage2_home_score_rpc_batch=246.635858 stage2_home_scored_neighbors=1349340 home_scores_per_expansion=1.554545 stage2_migrations=136 home_match_rate=0.811634 stage2_final_edges=24772 stage2_cross_edges_stage1_home=6203 stage2_cross_edges_final_home=3399 cross_edge_reduction_ratio=0.452039 failed=0 rpc_timeouts=0 reverse_aggregate_batches=0 reverse_aggregate_logical_requests=0 reverse_aggregate_ops=0 avg_reverse_aggregate_logicals=0.000000 avg_reverse_aggregate_ops=0.000000 max_backlog=9 admission_window=65536 completion_outstanding=0 completion_incomplete=0 completed_behind_hole=0 completion_logical_full_failures=0 completion_physical_full_failures=0 pressure_yields=2 stage2_batches=151 avg_stage2_batch_size=4.781457 packing_target_batch=8 packing_admit_queue_avg=4.788079 packing_admit_queue_max=9 packing_batch_1_7=123 packing_batch_8=28 packing_assembly_batches=151 packing_assembly_wait_ms=3609.217933 packing_arrival_interval_us=23205 packing_waited_batches=123 packing_wait_ms=3051.987000 packing_target_flushes=28 packing_deadline_flushes=123 packing_cleanup_flushes=0 stage2_phase_search_attempts=151 stage2_phase_search_task_attempts=722 stage2_phase_search_elapsed_ms=2935.492813 avg_stage2_phase_search_us_per_task=4065.779519 stage2_phase_freeze_prune_attempts=153 stage2_phase_freeze_prune_task_attempts=732 stage2_phase_freeze_prune_elapsed_ms=227.516977 avg_stage2_phase_freeze_prune_us_per_task=310.815542 stage2_phase_reverse_prepare_attempts=151 stage2_phase_reverse_prepare_task_attempts=722 stage2_phase_reverse_prepare_elapsed_ms=813.395717 avg_stage2_phase_reverse_prepare_us_per_task=1126.586866 stage2_phase_placement_authority_attempts=151 stage2_phase_placement_authority_task_attempts=722 stage2_phase_placement_authority_elapsed_ms=66.554998 avg_stage2_phase_placement_authority_us_per_task=92.181438 stage2_phase_completion_handoff_attempts=151 stage2_phase_completion_handoff_task_attempts=722 stage2_phase_completion_handoff_elapsed_ms=0.216308 avg_stage2_phase_completion_handoff_us_per_task=0.299596 stage2_phase_finalize_attempts=151 stage2_phase_finalize_task_attempts=722 stage2_phase_finalize_elapsed_ms=0.625023 avg_stage2_phase_finalize_us_per_task=0.865683 maintenance_worker_idle_waits=53056 maintenance_worker_idle_ms=315425.053959 maintenance_lost_wake_avoided=806 maintenance_targeted_wakes=28617 maintenance_generic_wakes=722 maintenance_broadcast_wakes=0 maintenance_context_slots_scanned=520624 maintenance_ready_notifications=26408 maintenance_ready_stale_notifications=0 maintenance_ready_tickets_drained=21554 maintenance_ready_overflow_scans=0 maintenance_ready_fallback_scans=32775 stage2_search_lane_lease_limit=32 stage2_search_lane_lease_peak=4 stage2_search_lane_lease_blocked=0 maintenance_worker_observed_idle_ratio=0.985035 maintenance_worker_observed_busy_ratio=0.014965 physical_stage1_items=722 physical_stage1_total_ns=2677391896 physical_stage1_search_ns=2519394966 physical_stage1_prune_ns=102931541 physical_stage1_allocate_write_ns=40002811 physical_stage1_backlink_ns=13307819 physical_stage1_candidates=92408 physical_stage1_remote_frontier_items=862441 physical_stage1_neighbors=22938 peer_stage1_enqueued=1189 peer_stage1_processed=1189 peer_stage1_items=1178 avg_peer_stage1_items=0.990749 peer_stage1_rate_per_sec=29.430032 peer_stage1_max_queue=3 peer_stage1_active_workers=0 peer_stage2_home_enqueued=15068 peer_stage2_home_processed=15068 peer_stage2_home_items=1545114 avg_peer_stage2_home_items=102.542740 peer_stage2_home_max_queue=3 peer_stage2_home_response_queue_drops=0 peer_stage2_home_response_send_wait_ms=79.626734 avg_peer_stage2_home_queue_wait_us=31.518784 avg_peer_stage2_home_execution_us=57.696441 peer_stage1_release_deferred_batches=12 peer_stage1_release_deferred_items=12 peer_stage1_duplicate_retry_responses=0 peer_stage1_admission_retry_responses=0 peer_stage1_retry_response_drops=0 peer_stage1_admission_waiters=0 peer_stage1_admission_waiter_items=0 peer_stage1_admission_owned_items=0 peer_stage1_admission_wake_coverage=0 peer_stage1_admission_parked=0 peer_stage1_admission_woken=0 peer_stage1_admission_reparked=0 peer_stage1_max_admission_waiters=0 peer_stage1_duplicate_coalesced=0 peer_reverse_enqueued=610 peer_reverse_processed=610 peer_reverse_remaining=0 peer_reverse_items_enqueued=9610 peer_reverse_items_processed=9610 peer_reverse_rate_per_sec=240.087104 peer_reverse_failed=0 peer_reverse_max_queue=2 reclaim_pending=1 reclaim_reused=135 dynamic_high_watermark=19981930656 stage2_remaining=0 cleanup_remaining=0 active_contexts=0 active_context_limit=32 repair_remaining=0 remaining=0
[STATUS]: storage-owner maintenance observation: enqueued=722 stage2_enqueued=722 cleanup_enqueued=0 stage2_tasks_done=722 stage2_finalized_live=722 cleanup_processed=0 stale=0 stage2_completion_ratio=1.000000 live_stage2_completion_ratio=1.000000 avg_stage2_delay_ms=55.744964 p99_stage2_delay_upper_ms=256.000000 p99_stage2_delay_over_30s=false stage2_delay_histogram=0,0,0,0,0,79,444,191,8,0,0,0,0,0,0,0,0,0 max_stage2_delay_ms=166.103647 compaction_batch_target=32 compaction_max_delay_ms=25.000000 stage2_rate_per_sec=16.034337 stage1_search_budget_exhausted=0 stage2_search_budget_exhausted=0 stage2_continuations=722 stage2_remote_frontier_items=862441 avg_stage2_remote_frontier=1194.516620 stage2_remote_expansions=23778 avg_stage2_remote_expansions=32.933518 stage2_scored_candidates=1511394 avg_stage2_scored_candidates=2093.343490 stage2_graph_read_waves=6096 avg_stage2_expansions_per_graph_wave=3.900591 stage2_graph_unique_reads=24749 stage2_graph_prefetch_issued=16666 stage2_graph_prefetch_hits=15695 stage2_graph_prefetch_wasted=971 stage2_graph_prefetch_promotion_ratio=0.941738 stage2_graph_issue_width_current=16 stage2_vector_read_waves=13155 avg_stage2_scores_per_vector_wave=114.891220 stage2_vector_unique_reads=1005237 stage2_home_rpc_batches=10436 stage2_home_rpc_items=867997 avg_stage2_home_rpc_batch=83.173342 stage2_home_score_rpc_batches=3419 stage2_home_score_rpc_items=843248 stage2_home_score_rpc_queries=14907 stage2_home_score_rpc_request_bytes=21892316 stage2_home_score_rpc_response_bytes=27124440 avg_stage2_home_score_queries_per_rpc=4.360047 avg_stage2_home_score_rpc_batch=246.635858 stage2_home_scored_neighbors=1349340 home_scores_per_expansion=1.554545 stage2_migrations=136 home_match_rate=0.811634 stage2_final_edges=24772 stage2_cross_edges_stage1_home=6203 stage2_cross_edges_final_home=3399 cross_edge_reduction_ratio=0.452039 failed=0 rpc_timeouts=0 reverse_aggregate_batches=0 reverse_aggregate_logical_requests=0 reverse_aggregate_ops=0 avg_reverse_aggregate_logicals=0.000000 avg_reverse_aggregate_ops=0.000000 max_backlog=9 admission_window=65536 completion_outstanding=0 completion_incomplete=0 completed_behind_hole=0 completion_logical_full_failures=0 completion_physical_full_failures=0 pressure_yields=2 stage2_batches=151 avg_stage2_batch_size=4.781457 packing_target_batch=8 packing_admit_queue_avg=4.788079 packing_admit_queue_max=9 packing_batch_1_7=123 packing_batch_8=28 packing_assembly_batches=151 packing_assembly_wait_ms=3609.217933 packing_arrival_interval_us=23205 packing_waited_batches=123 packing_wait_ms=3051.987000 packing_target_flushes=28 packing_deadline_flushes=123 packing_cleanup_flushes=0 stage2_phase_search_attempts=151 stage2_phase_search_task_attempts=722 stage2_phase_search_elapsed_ms=2935.492813 avg_stage2_phase_search_us_per_task=4065.779519 stage2_phase_freeze_prune_attempts=153 stage2_phase_freeze_prune_task_attempts=732 stage2_phase_freeze_prune_elapsed_ms=227.516977 avg_stage2_phase_freeze_prune_us_per_task=310.815542 stage2_phase_reverse_prepare_attempts=151 stage2_phase_reverse_prepare_task_attempts=722 stage2_phase_reverse_prepare_elapsed_ms=813.395717 avg_stage2_phase_reverse_prepare_us_per_task=1126.586866 stage2_phase_placement_authority_attempts=151 stage2_phase_placement_authority_task_attempts=722 stage2_phase_placement_authority_elapsed_ms=66.554998 avg_stage2_phase_placement_authority_us_per_task=92.181438 stage2_phase_completion_handoff_attempts=151 stage2_phase_completion_handoff_task_attempts=722 stage2_phase_completion_handoff_elapsed_ms=0.216308 avg_stage2_phase_completion_handoff_us_per_task=0.299596 stage2_phase_finalize_attempts=151 stage2_phase_finalize_task_attempts=722 stage2_phase_finalize_elapsed_ms=0.625023 avg_stage2_phase_finalize_us_per_task=0.865683 maintenance_worker_idle_waits=56896 maintenance_worker_idle_ms=354072.134861 maintenance_lost_wake_avoided=806 maintenance_targeted_wakes=28617 maintenance_generic_wakes=722 maintenance_broadcast_wakes=0 maintenance_context_slots_scanned=582064 maintenance_ready_notifications=26408 maintenance_ready_stale_notifications=0 maintenance_ready_tickets_drained=21554 maintenance_ready_overflow_scans=0 maintenance_ready_fallback_scans=36748 stage2_search_lane_lease_limit=32 stage2_search_lane_lease_peak=4 stage2_search_lane_lease_blocked=0 maintenance_worker_observed_idle_ratio=0.982914 maintenance_worker_observed_busy_ratio=0.017086 physical_stage1_items=722 physical_stage1_total_ns=2677391896 physical_stage1_search_ns=2519394966 physical_stage1_prune_ns=102931541 physical_stage1_allocate_write_ns=40002811 physical_stage1_backlink_ns=13307819 physical_stage1_candidates=92408 physical_stage1_remote_frontier_items=862441 physical_stage1_neighbors=22938 peer_stage1_enqueued=1189 peer_stage1_processed=1189 peer_stage1_items=1178 avg_peer_stage1_items=0.990749 peer_stage1_rate_per_sec=26.161287 peer_stage1_max_queue=3 peer_stage1_active_workers=0 peer_stage2_home_enqueued=15068 peer_stage2_home_processed=15068 peer_stage2_home_items=1545114 avg_peer_stage2_home_items=102.542740 peer_stage2_home_max_queue=3 peer_stage2_home_response_queue_drops=0 peer_stage2_home_response_send_wait_ms=79.626734 avg_peer_stage2_home_queue_wait_us=31.518784 avg_peer_stage2_home_execution_us=57.696441 peer_stage1_release_deferred_batches=12 peer_stage1_release_deferred_items=12 peer_stage1_duplicate_retry_responses=0 peer_stage1_admission_retry_responses=0 peer_stage1_retry_response_drops=0 peer_stage1_admission_waiters=0 peer_stage1_admission_waiter_items=0 peer_stage1_admission_owned_items=0 peer_stage1_admission_wake_coverage=0 peer_stage1_admission_parked=0 peer_stage1_admission_woken=0 peer_stage1_admission_reparked=0 peer_stage1_max_admission_waiters=0 peer_stage1_duplicate_coalesced=0 peer_reverse_enqueued=610 peer_reverse_processed=610 peer_reverse_remaining=0 peer_reverse_items_enqueued=9610 peer_reverse_items_processed=9610 peer_reverse_rate_per_sec=213.421025 peer_reverse_failed=0 peer_reverse_max_queue=2 reclaim_pending=1 reclaim_reused=135 dynamic_high_watermark=19981930656 stage2_remaining=0 cleanup_remaining=0 active_contexts=0 active_context_limit=32 repair_remaining=0 remaining=0
[STATUS]: storage-owner maintenance observation: enqueued=722 stage2_enqueued=722 cleanup_enqueued=0 stage2_tasks_done=722 stage2_finalized_live=722 cleanup_processed=0 stale=0 stage2_completion_ratio=1.000000 live_stage2_completion_ratio=1.000000 avg_stage2_delay_ms=55.744964 p99_stage2_delay_upper_ms=256.000000 p99_stage2_delay_over_30s=false stage2_delay_histogram=0,0,0,0,0,79,444,191,8,0,0,0,0,0,0,0,0,0 max_stage2_delay_ms=166.103647 compaction_batch_target=32 compaction_max_delay_ms=25.000000 stage2_rate_per_sec=14.431104 stage1_search_budget_exhausted=0 stage2_search_budget_exhausted=0 stage2_continuations=722 stage2_remote_frontier_items=862441 avg_stage2_remote_frontier=1194.516620 stage2_remote_expansions=23778 avg_stage2_remote_expansions=32.933518 stage2_scored_candidates=1511394 avg_stage2_scored_candidates=2093.343490 stage2_graph_read_waves=6096 avg_stage2_expansions_per_graph_wave=3.900591 stage2_graph_unique_reads=24749 stage2_graph_prefetch_issued=16666 stage2_graph_prefetch_hits=15695 stage2_graph_prefetch_wasted=971 stage2_graph_prefetch_promotion_ratio=0.941738 stage2_graph_issue_width_current=16 stage2_vector_read_waves=13155 avg_stage2_scores_per_vector_wave=114.891220 stage2_vector_unique_reads=1005237 stage2_home_rpc_batches=10436 stage2_home_rpc_items=867997 avg_stage2_home_rpc_batch=83.173342 stage2_home_score_rpc_batches=3419 stage2_home_score_rpc_items=843248 stage2_home_score_rpc_queries=14907 stage2_home_score_rpc_request_bytes=21892316 stage2_home_score_rpc_response_bytes=27124440 avg_stage2_home_score_queries_per_rpc=4.360047 avg_stage2_home_score_rpc_batch=246.635858 stage2_home_scored_neighbors=1349340 home_scores_per_expansion=1.554545 stage2_migrations=136 home_match_rate=0.811634 stage2_final_edges=24772 stage2_cross_edges_stage1_home=6203 stage2_cross_edges_final_home=3399 cross_edge_reduction_ratio=0.452039 failed=0 rpc_timeouts=0 reverse_aggregate_batches=0 reverse_aggregate_logical_requests=0 reverse_aggregate_ops=0 avg_reverse_aggregate_logicals=0.000000 avg_reverse_aggregate_ops=0.000000 max_backlog=9 admission_window=65536 completion_outstanding=0 completion_incomplete=0 completed_behind_hole=0 completion_logical_full_failures=0 completion_physical_full_failures=0 pressure_yields=2 stage2_batches=151 avg_stage2_batch_size=4.781457 packing_target_batch=8 packing_admit_queue_avg=4.788079 packing_admit_queue_max=9 packing_batch_1_7=123 packing_batch_8=28 packing_assembly_batches=151 packing_assembly_wait_ms=3609.217933 packing_arrival_interval_us=23205 packing_waited_batches=123 packing_wait_ms=3051.987000 packing_target_flushes=28 packing_deadline_flushes=123 packing_cleanup_flushes=0 stage2_phase_search_attempts=151 stage2_phase_search_task_attempts=722 stage2_phase_search_elapsed_ms=2935.492813 avg_stage2_phase_search_us_per_task=4065.779519 stage2_phase_freeze_prune_attempts=153 stage2_phase_freeze_prune_task_attempts=732 stage2_phase_freeze_prune_elapsed_ms=227.516977 avg_stage2_phase_freeze_prune_us_per_task=310.815542 stage2_phase_reverse_prepare_attempts=151 stage2_phase_reverse_prepare_task_attempts=722 stage2_phase_reverse_prepare_elapsed_ms=813.395717 avg_stage2_phase_reverse_prepare_us_per_task=1126.586866 stage2_phase_placement_authority_attempts=151 stage2_phase_placement_authority_task_attempts=722 stage2_phase_placement_authority_elapsed_ms=66.554998 avg_stage2_phase_placement_authority_us_per_task=92.181438 stage2_phase_completion_handoff_attempts=151 stage2_phase_completion_handoff_task_attempts=722 stage2_phase_completion_handoff_elapsed_ms=0.216308 avg_stage2_phase_completion_handoff_us_per_task=0.299596 stage2_phase_finalize_attempts=151 stage2_phase_finalize_task_attempts=722 stage2_phase_finalize_elapsed_ms=0.625023 avg_stage2_phase_finalize_us_per_task=0.865683 maintenance_worker_idle_waits=60992 maintenance_worker_idle_ms=395308.844111 maintenance_lost_wake_avoided=806 maintenance_targeted_wakes=28617 maintenance_generic_wakes=722 maintenance_broadcast_wakes=0 maintenance_context_slots_scanned=647600 maintenance_ready_notifications=26408 maintenance_ready_stale_notifications=0 maintenance_ready_tickets_drained=21554 maintenance_ready_overflow_scans=0 maintenance_ready_fallback_scans=40723 stage2_search_lane_lease_limit=32 stage2_search_lane_lease_peak=4 stage2_search_lane_lease_blocked=0 maintenance_worker_observed_idle_ratio=0.987663 maintenance_worker_observed_busy_ratio=0.012337 physical_stage1_items=722 physical_stage1_total_ns=2677391896 physical_stage1_search_ns=2519394966 physical_stage1_prune_ns=102931541 physical_stage1_allocate_write_ns=40002811 physical_stage1_backlink_ns=13307819 physical_stage1_candidates=92408 physical_stage1_remote_frontier_items=862441 physical_stage1_neighbors=22938 peer_stage1_enqueued=1189 peer_stage1_processed=1189 peer_stage1_items=1178 avg_peer_stage1_items=0.990749 peer_stage1_rate_per_sec=23.545486 peer_stage1_max_queue=3 peer_stage1_active_workers=0 peer_stage2_home_enqueued=15068 peer_stage2_home_processed=15068 peer_stage2_home_items=1545114 avg_peer_stage2_home_items=102.542740 peer_stage2_home_max_queue=3 peer_stage2_home_response_queue_drops=0 peer_stage2_home_response_send_wait_ms=79.626734 avg_peer_stage2_home_queue_wait_us=31.518784 avg_peer_stage2_home_execution_us=57.696441 peer_stage1_release_deferred_batches=12 peer_stage1_release_deferred_items=12 peer_stage1_duplicate_retry_responses=0 peer_stage1_admission_retry_responses=0 peer_stage1_retry_response_drops=0 peer_stage1_admission_waiters=0 peer_stage1_admission_waiter_items=0 peer_stage1_admission_owned_items=0 peer_stage1_admission_wake_coverage=0 peer_stage1_admission_parked=0 peer_stage1_admission_woken=0 peer_stage1_admission_reparked=0 peer_stage1_max_admission_waiters=0 peer_stage1_duplicate_coalesced=0 peer_reverse_enqueued=610 peer_reverse_processed=610 peer_reverse_remaining=0 peer_reverse_items_enqueued=9610 peer_reverse_items_processed=9610 peer_reverse_rate_per_sec=192.081598 peer_reverse_failed=0 peer_reverse_max_queue=2 reclaim_pending=1 reclaim_reused=135 dynamic_high_watermark=19981930656 stage2_remaining=0 cleanup_remaining=0 active_contexts=0 active_context_limit=32 repair_remaining=0 remaining=0
[STATUS]: storage-owner maintenance observation: enqueued=722 stage2_enqueued=722 cleanup_enqueued=0 stage2_tasks_done=722 stage2_finalized_live=722 cleanup_processed=0 stale=0 stage2_completion_ratio=1.000000 live_stage2_completion_ratio=1.000000 avg_stage2_delay_ms=55.744964 p99_stage2_delay_upper_ms=256.000000 p99_stage2_delay_over_30s=false stage2_delay_histogram=0,0,0,0,0,79,444,191,8,0,0,0,0,0,0,0,0,0 max_stage2_delay_ms=166.103647 compaction_batch_target=32 compaction_max_delay_ms=25.000000 stage2_rate_per_sec=13.119098 stage1_search_budget_exhausted=0 stage2_search_budget_exhausted=0 stage2_continuations=722 stage2_remote_frontier_items=862441 avg_stage2_remote_frontier=1194.516620 stage2_remote_expansions=23778 avg_stage2_remote_expansions=32.933518 stage2_scored_candidates=1511394 avg_stage2_scored_candidates=2093.343490 stage2_graph_read_waves=6096 avg_stage2_expansions_per_graph_wave=3.900591 stage2_graph_unique_reads=24749 stage2_graph_prefetch_issued=16666 stage2_graph_prefetch_hits=15695 stage2_graph_prefetch_wasted=971 stage2_graph_prefetch_promotion_ratio=0.941738 stage2_graph_issue_width_current=16 stage2_vector_read_waves=13155 avg_stage2_scores_per_vector_wave=114.891220 stage2_vector_unique_reads=1005237 stage2_home_rpc_batches=10436 stage2_home_rpc_items=867997 avg_stage2_home_rpc_batch=83.173342 stage2_home_score_rpc_batches=3419 stage2_home_score_rpc_items=843248 stage2_home_score_rpc_queries=14907 stage2_home_score_rpc_request_bytes=21892316 stage2_home_score_rpc_response_bytes=27124440 avg_stage2_home_score_queries_per_rpc=4.360047 avg_stage2_home_score_rpc_batch=246.635858 stage2_home_scored_neighbors=1349340 home_scores_per_expansion=1.554545 stage2_migrations=136 home_match_rate=0.811634 stage2_final_edges=24772 stage2_cross_edges_stage1_home=6203 stage2_cross_edges_final_home=3399 cross_edge_reduction_ratio=0.452039 failed=0 rpc_timeouts=0 reverse_aggregate_batches=0 reverse_aggregate_logical_requests=0 reverse_aggregate_ops=0 avg_reverse_aggregate_logicals=0.000000 avg_reverse_aggregate_ops=0.000000 max_backlog=9 admission_window=65536 completion_outstanding=0 completion_incomplete=0 completed_behind_hole=0 completion_logical_full_failures=0 completion_physical_full_failures=0 pressure_yields=2 stage2_batches=151 avg_stage2_batch_size=4.781457 packing_target_batch=8 packing_admit_queue_avg=4.788079 packing_admit_queue_max=9 packing_batch_1_7=123 packing_batch_8=28 packing_assembly_batches=151 packing_assembly_wait_ms=3609.217933 packing_arrival_interval_us=23205 packing_waited_batches=123 packing_wait_ms=3051.987000 packing_target_flushes=28 packing_deadline_flushes=123 packing_cleanup_flushes=0 stage2_phase_search_attempts=151 stage2_phase_search_task_attempts=722 stage2_phase_search_elapsed_ms=2935.492813 avg_stage2_phase_search_us_per_task=4065.779519 stage2_phase_freeze_prune_attempts=153 stage2_phase_freeze_prune_task_attempts=732 stage2_phase_freeze_prune_elapsed_ms=227.516977 avg_stage2_phase_freeze_prune_us_per_task=310.815542 stage2_phase_reverse_prepare_attempts=151 stage2_phase_reverse_prepare_task_attempts=722 stage2_phase_reverse_prepare_elapsed_ms=813.395717 avg_stage2_phase_reverse_prepare_us_per_task=1126.586866 stage2_phase_placement_authority_attempts=151 stage2_phase_placement_authority_task_attempts=722 stage2_phase_placement_authority_elapsed_ms=66.554998 avg_stage2_phase_placement_authority_us_per_task=92.181438 stage2_phase_completion_handoff_attempts=151 stage2_phase_completion_handoff_task_attempts=722 stage2_phase_completion_handoff_elapsed_ms=0.216308 avg_stage2_phase_completion_handoff_us_per_task=0.299596 stage2_phase_finalize_attempts=151 stage2_phase_finalize_task_attempts=722 stage2_phase_finalize_elapsed_ms=0.625023 avg_stage2_phase_finalize_us_per_task=0.865683 maintenance_worker_idle_waits=64960 maintenance_worker_idle_ms=435240.984531 maintenance_lost_wake_avoided=806 maintenance_targeted_wakes=28617 maintenance_generic_wakes=722 maintenance_broadcast_wakes=0 maintenance_context_slots_scanned=711088 maintenance_ready_notifications=26408 maintenance_ready_stale_notifications=0 maintenance_ready_tickets_drained=21554 maintenance_ready_overflow_scans=0 maintenance_ready_fallback_scans=44698 stage2_search_lane_lease_limit=32 stage2_search_lane_lease_peak=4 stage2_search_lane_lease_blocked=0 maintenance_worker_observed_idle_ratio=0.988568 maintenance_worker_observed_busy_ratio=0.011432 physical_stage1_items=722 physical_stage1_total_ns=2677391896 physical_stage1_search_ns=2519394966 physical_stage1_prune_ns=102931541 physical_stage1_allocate_write_ns=40002811 physical_stage1_backlink_ns=13307819 physical_stage1_candidates=92408 physical_stage1_remote_frontier_items=862441 physical_stage1_neighbors=22938 peer_stage1_enqueued=1189 peer_stage1_processed=1189 peer_stage1_items=1178 avg_peer_stage1_items=0.990749 peer_stage1_rate_per_sec=21.404845 peer_stage1_max_queue=3 peer_stage1_active_workers=0 peer_stage2_home_enqueued=15068 peer_stage2_home_processed=15068 peer_stage2_home_items=1545114 avg_peer_stage2_home_items=102.542740 peer_stage2_home_max_queue=3 peer_stage2_home_response_queue_drops=0 peer_stage2_home_response_send_wait_ms=79.626734 avg_peer_stage2_home_queue_wait_us=31.518784 avg_peer_stage2_home_execution_us=57.696441 peer_stage1_release_deferred_batches=12 peer_stage1_release_deferred_items=12 peer_stage1_duplicate_retry_responses=0 peer_stage1_admission_retry_responses=0 peer_stage1_retry_response_drops=0 peer_stage1_admission_waiters=0 peer_stage1_admission_waiter_items=0 peer_stage1_admission_owned_items=0 peer_stage1_admission_wake_coverage=0 peer_stage1_admission_parked=0 peer_stage1_admission_woken=0 peer_stage1_admission_reparked=0 peer_stage1_max_admission_waiters=0 peer_stage1_duplicate_coalesced=0 peer_reverse_enqueued=610 peer_reverse_processed=610 peer_reverse_remaining=0 peer_reverse_items_enqueued=9610 peer_reverse_items_processed=9610 peer_reverse_rate_per_sec=174.618469 peer_reverse_failed=0 peer_reverse_max_queue=2 reclaim_pending=1 reclaim_reused=135 dynamic_high_watermark=19981930656 stage2_remaining=0 cleanup_remaining=0 active_contexts=0 active_context_limit=32 repair_remaining=0 remaining=0
[STATUS]: storage-owner maintenance observation: enqueued=722 stage2_enqueued=722 cleanup_enqueued=0 stage2_tasks_done=722 stage2_finalized_live=722 cleanup_processed=0 stale=0 stage2_completion_ratio=1.000000 live_stage2_completion_ratio=1.000000 avg_stage2_delay_ms=55.744964 p99_stage2_delay_upper_ms=256.000000 p99_stage2_delay_over_30s=false stage2_delay_histogram=0,0,0,0,0,79,444,191,8,0,0,0,0,0,0,0,0,0 max_stage2_delay_ms=166.103647 compaction_batch_target=32 compaction_max_delay_ms=25.000000 stage2_rate_per_sec=12.026455 stage1_search_budget_exhausted=0 stage2_search_budget_exhausted=0 stage2_continuations=722 stage2_remote_frontier_items=862441 avg_stage2_remote_frontier=1194.516620 stage2_remote_expansions=23778 avg_stage2_remote_expansions=32.933518 stage2_scored_candidates=1511394 avg_stage2_scored_candidates=2093.343490 stage2_graph_read_waves=6096 avg_stage2_expansions_per_graph_wave=3.900591 stage2_graph_unique_reads=24749 stage2_graph_prefetch_issued=16666 stage2_graph_prefetch_hits=15695 stage2_graph_prefetch_wasted=971 stage2_graph_prefetch_promotion_ratio=0.941738 stage2_graph_issue_width_current=16 stage2_vector_read_waves=13155 avg_stage2_scores_per_vector_wave=114.891220 stage2_vector_unique_reads=1005237 stage2_home_rpc_batches=10436 stage2_home_rpc_items=867997 avg_stage2_home_rpc_batch=83.173342 stage2_home_score_rpc_batches=3419 stage2_home_score_rpc_items=843248 stage2_home_score_rpc_queries=14907 stage2_home_score_rpc_request_bytes=21892316 stage2_home_score_rpc_response_bytes=27124440 avg_stage2_home_score_queries_per_rpc=4.360047 avg_stage2_home_score_rpc_batch=246.635858 stage2_home_scored_neighbors=1349340 home_scores_per_expansion=1.554545 stage2_migrations=136 home_match_rate=0.811634 stage2_final_edges=24772 stage2_cross_edges_stage1_home=6203 stage2_cross_edges_final_home=3399 cross_edge_reduction_ratio=0.452039 failed=0 rpc_timeouts=0 reverse_aggregate_batches=0 reverse_aggregate_logical_requests=0 reverse_aggregate_ops=0 avg_reverse_aggregate_logicals=0.000000 avg_reverse_aggregate_ops=0.000000 max_backlog=9 admission_window=65536 completion_outstanding=0 completion_incomplete=0 completed_behind_hole=0 completion_logical_full_failures=0 completion_physical_full_failures=0 pressure_yields=2 stage2_batches=151 avg_stage2_batch_size=4.781457 packing_target_batch=8 packing_admit_queue_avg=4.788079 packing_admit_queue_max=9 packing_batch_1_7=123 packing_batch_8=28 packing_assembly_batches=151 packing_assembly_wait_ms=3609.217933 packing_arrival_interval_us=23205 packing_waited_batches=123 packing_wait_ms=3051.987000 packing_target_flushes=28 packing_deadline_flushes=123 packing_cleanup_flushes=0 stage2_phase_search_attempts=151 stage2_phase_search_task_attempts=722 stage2_phase_search_elapsed_ms=2935.492813 avg_stage2_phase_search_us_per_task=4065.779519 stage2_phase_freeze_prune_attempts=153 stage2_phase_freeze_prune_task_attempts=732 stage2_phase_freeze_prune_elapsed_ms=227.516977 avg_stage2_phase_freeze_prune_us_per_task=310.815542 stage2_phase_reverse_prepare_attempts=151 stage2_phase_reverse_prepare_task_attempts=722 stage2_phase_reverse_prepare_elapsed_ms=813.395717 avg_stage2_phase_reverse_prepare_us_per_task=1126.586866 stage2_phase_placement_authority_attempts=151 stage2_phase_placement_authority_task_attempts=722 stage2_phase_placement_authority_elapsed_ms=66.554998 avg_stage2_phase_placement_authority_us_per_task=92.181438 stage2_phase_completion_handoff_attempts=151 stage2_phase_completion_handoff_task_attempts=722 stage2_phase_completion_handoff_elapsed_ms=0.216308 avg_stage2_phase_completion_handoff_us_per_task=0.299596 stage2_phase_finalize_attempts=151 stage2_phase_finalize_task_attempts=722 stage2_phase_finalize_elapsed_ms=0.625023 avg_stage2_phase_finalize_us_per_task=0.865683 maintenance_worker_idle_waits=68928 maintenance_worker_idle_ms=475183.406386 maintenance_lost_wake_avoided=806 maintenance_targeted_wakes=28617 maintenance_generic_wakes=722 maintenance_broadcast_wakes=0 maintenance_context_slots_scanned=774576 maintenance_ready_notifications=26408 maintenance_ready_stale_notifications=0 maintenance_ready_tickets_drained=21554 maintenance_ready_overflow_scans=0 maintenance_ready_fallback_scans=48673 stage2_search_lane_lease_limit=32 stage2_search_lane_lease_peak=4 stage2_search_lane_lease_blocked=0 maintenance_worker_observed_idle_ratio=0.989400 maintenance_worker_observed_busy_ratio=0.010600 physical_stage1_items=722 physical_stage1_total_ns=2677391896 physical_stage1_search_ns=2519394966 physical_stage1_prune_ns=102931541 physical_stage1_allocate_write_ns=40002811 physical_stage1_backlink_ns=13307819 physical_stage1_candidates=92408 physical_stage1_remote_frontier_items=862441 physical_stage1_neighbors=22938 peer_stage1_enqueued=1189 peer_stage1_processed=1189 peer_stage1_items=1178 avg_peer_stage1_items=0.990749 peer_stage1_rate_per_sec=19.622111 peer_stage1_max_queue=3 peer_stage1_active_workers=0 peer_stage2_home_enqueued=15068 peer_stage2_home_processed=15068 peer_stage2_home_items=1545114 avg_peer_stage2_home_items=102.542740 peer_stage2_home_max_queue=3 peer_stage2_home_response_queue_drops=0 peer_stage2_home_response_send_wait_ms=79.626734 avg_peer_stage2_home_queue_wait_us=31.518784 avg_peer_stage2_home_execution_us=57.696441 peer_stage1_release_deferred_batches=12 peer_stage1_release_deferred_items=12 peer_stage1_duplicate_retry_responses=0 peer_stage1_admission_retry_responses=0 peer_stage1_retry_response_drops=0 peer_stage1_admission_waiters=0 peer_stage1_admission_waiter_items=0 peer_stage1_admission_owned_items=0 peer_stage1_admission_wake_coverage=0 peer_stage1_admission_parked=0 peer_stage1_admission_woken=0 peer_stage1_admission_reparked=0 peer_stage1_max_admission_waiters=0 peer_stage1_duplicate_coalesced=0 peer_reverse_enqueued=610 peer_reverse_processed=610 peer_reverse_remaining=0 peer_reverse_items_enqueued=9610 peer_reverse_items_processed=9610 peer_reverse_rate_per_sec=160.075120 peer_reverse_failed=0 peer_reverse_max_queue=2 reclaim_pending=1 reclaim_reused=135 dynamic_high_watermark=19981930656 stage2_remaining=0 cleanup_remaining=0 active_contexts=0 active_context_limit=32 repair_remaining=0 remaining=0
[STATUS]: storage-owner maintenance observation: enqueued=722 stage2_enqueued=722 cleanup_enqueued=0 stage2_tasks_done=722 stage2_finalized_live=722 cleanup_processed=0 stale=0 stage2_completion_ratio=1.000000 live_stage2_completion_ratio=1.000000 avg_stage2_delay_ms=55.744964 p99_stage2_delay_upper_ms=256.000000 p99_stage2_delay_over_30s=false stage2_delay_histogram=0,0,0,0,0,79,444,191,8,0,0,0,0,0,0,0,0,0 max_stage2_delay_ms=166.103647 compaction_batch_target=32 compaction_max_delay_ms=25.000000 stage2_rate_per_sec=11.101411 stage1_search_budget_exhausted=0 stage2_search_budget_exhausted=0 stage2_continuations=722 stage2_remote_frontier_items=862441 avg_stage2_remote_frontier=1194.516620 stage2_remote_expansions=23778 avg_stage2_remote_expansions=32.933518 stage2_scored_candidates=1511394 avg_stage2_scored_candidates=2093.343490 stage2_graph_read_waves=6096 avg_stage2_expansions_per_graph_wave=3.900591 stage2_graph_unique_reads=24749 stage2_graph_prefetch_issued=16666 stage2_graph_prefetch_hits=15695 stage2_graph_prefetch_wasted=971 stage2_graph_prefetch_promotion_ratio=0.941738 stage2_graph_issue_width_current=16 stage2_vector_read_waves=13155 avg_stage2_scores_per_vector_wave=114.891220 stage2_vector_unique_reads=1005237 stage2_home_rpc_batches=10436 stage2_home_rpc_items=867997 avg_stage2_home_rpc_batch=83.173342 stage2_home_score_rpc_batches=3419 stage2_home_score_rpc_items=843248 stage2_home_score_rpc_queries=14907 stage2_home_score_rpc_request_bytes=21892316 stage2_home_score_rpc_response_bytes=27124440 avg_stage2_home_score_queries_per_rpc=4.360047 avg_stage2_home_score_rpc_batch=246.635858 stage2_home_scored_neighbors=1349340 home_scores_per_expansion=1.554545 stage2_migrations=136 home_match_rate=0.811634 stage2_final_edges=24772 stage2_cross_edges_stage1_home=6203 stage2_cross_edges_final_home=3399 cross_edge_reduction_ratio=0.452039 failed=0 rpc_timeouts=0 reverse_aggregate_batches=0 reverse_aggregate_logical_requests=0 reverse_aggregate_ops=0 avg_reverse_aggregate_logicals=0.000000 avg_reverse_aggregate_ops=0.000000 max_backlog=9 admission_window=65536 completion_outstanding=0 completion_incomplete=0 completed_behind_hole=0 completion_logical_full_failures=0 completion_physical_full_failures=0 pressure_yields=2 stage2_batches=151 avg_stage2_batch_size=4.781457 packing_target_batch=8 packing_admit_queue_avg=4.788079 packing_admit_queue_max=9 packing_batch_1_7=123 packing_batch_8=28 packing_assembly_batches=151 packing_assembly_wait_ms=3609.217933 packing_arrival_interval_us=23205 packing_waited_batches=123 packing_wait_ms=3051.987000 packing_target_flushes=28 packing_deadline_flushes=123 packing_cleanup_flushes=0 stage2_phase_search_attempts=151 stage2_phase_search_task_attempts=722 stage2_phase_search_elapsed_ms=2935.492813 avg_stage2_phase_search_us_per_task=4065.779519 stage2_phase_freeze_prune_attempts=153 stage2_phase_freeze_prune_task_attempts=732 stage2_phase_freeze_prune_elapsed_ms=227.516977 avg_stage2_phase_freeze_prune_us_per_task=310.815542 stage2_phase_reverse_prepare_attempts=151 stage2_phase_reverse_prepare_task_attempts=722 stage2_phase_reverse_prepare_elapsed_ms=813.395717 avg_stage2_phase_reverse_prepare_us_per_task=1126.586866 stage2_phase_placement_authority_attempts=151 stage2_phase_placement_authority_task_attempts=722 stage2_phase_placement_authority_elapsed_ms=66.554998 avg_stage2_phase_placement_authority_us_per_task=92.181438 stage2_phase_completion_handoff_attempts=151 stage2_phase_completion_handoff_task_attempts=722 stage2_phase_completion_handoff_elapsed_ms=0.216308 avg_stage2_phase_completion_handoff_us_per_task=0.299596 stage2_phase_finalize_attempts=151 stage2_phase_finalize_task_attempts=722 stage2_phase_finalize_elapsed_ms=0.625023 avg_stage2_phase_finalize_us_per_task=0.865683 maintenance_worker_idle_waits=72896 maintenance_worker_idle_ms=515119.189102 maintenance_lost_wake_avoided=806 maintenance_targeted_wakes=28617 maintenance_generic_wakes=722 maintenance_broadcast_wakes=0 maintenance_context_slots_scanned=838064 maintenance_ready_notifications=26408 maintenance_ready_stale_notifications=0 maintenance_ready_tickets_drained=21554 maintenance_ready_overflow_scans=0 maintenance_ready_fallback_scans=52647 stage2_search_lane_lease_limit=32 stage2_search_lane_lease_peak=4 stage2_search_lane_lease_blocked=0 maintenance_worker_observed_idle_ratio=0.990054 maintenance_worker_observed_busy_ratio=0.009946 physical_stage1_items=722 physical_stage1_total_ns=2677391896 physical_stage1_search_ns=2519394966 physical_stage1_prune_ns=102931541 physical_stage1_allocate_write_ns=40002811 physical_stage1_backlink_ns=13307819 physical_stage1_candidates=92408 physical_stage1_remote_frontier_items=862441 physical_stage1_neighbors=22938 peer_stage1_enqueued=1189 peer_stage1_processed=1189 peer_stage1_items=1178 avg_peer_stage1_items=0.990749 peer_stage1_rate_per_sec=18.112828 peer_stage1_max_queue=3 peer_stage1_active_workers=0 peer_stage2_home_enqueued=15068 peer_stage2_home_processed=15068 peer_stage2_home_items=1545114 avg_peer_stage2_home_items=102.542740 peer_stage2_home_max_queue=3 peer_stage2_home_response_queue_drops=0 peer_stage2_home_response_send_wait_ms=79.626734 avg_peer_stage2_home_queue_wait_us=31.518784 avg_peer_stage2_home_execution_us=57.696441 peer_stage1_release_deferred_batches=12 peer_stage1_release_deferred_items=12 peer_stage1_duplicate_retry_responses=0 peer_stage1_admission_retry_responses=0 peer_stage1_retry_response_drops=0 peer_stage1_admission_waiters=0 peer_stage1_admission_waiter_items=0 peer_stage1_admission_owned_items=0 peer_stage1_admission_wake_coverage=0 peer_stage1_admission_parked=0 peer_stage1_admission_woken=0 peer_stage1_admission_reparked=0 peer_stage1_max_admission_waiters=0 peer_stage1_duplicate_coalesced=0 peer_reverse_enqueued=610 peer_reverse_processed=610 peer_reverse_remaining=0 peer_reverse_items_enqueued=9610 peer_reverse_items_processed=9610 peer_reverse_rate_per_sec=147.762543 peer_reverse_failed=0 peer_reverse_max_queue=2 reclaim_pending=1 reclaim_reused=135 dynamic_high_watermark=19981930656 stage2_remaining=0 cleanup_remaining=0 active_contexts=0 active_context_limit=32 repair_remaining=0 remaining=0
[STATUS]: storage-owner maintenance observation: enqueued=722 stage2_enqueued=722 cleanup_enqueued=0 stage2_tasks_done=722 stage2_finalized_live=722 cleanup_processed=0 stale=0 stage2_completion_ratio=1.000000 live_stage2_completion_ratio=1.000000 avg_stage2_delay_ms=55.744964 p99_stage2_delay_upper_ms=256.000000 p99_stage2_delay_over_30s=false stage2_delay_histogram=0,0,0,0,0,79,444,191,8,0,0,0,0,0,0,0,0,0 max_stage2_delay_ms=166.103647 compaction_batch_target=32 compaction_max_delay_ms=25.000000 stage2_rate_per_sec=10.308661 stage1_search_budget_exhausted=0 stage2_search_budget_exhausted=0 stage2_continuations=722 stage2_remote_frontier_items=862441 avg_stage2_remote_frontier=1194.516620 stage2_remote_expansions=23778 avg_stage2_remote_expansions=32.933518 stage2_scored_candidates=1511394 avg_stage2_scored_candidates=2093.343490 stage2_graph_read_waves=6096 avg_stage2_expansions_per_graph_wave=3.900591 stage2_graph_unique_reads=24749 stage2_graph_prefetch_issued=16666 stage2_graph_prefetch_hits=15695 stage2_graph_prefetch_wasted=971 stage2_graph_prefetch_promotion_ratio=0.941738 stage2_graph_issue_width_current=16 stage2_vector_read_waves=13155 avg_stage2_scores_per_vector_wave=114.891220 stage2_vector_unique_reads=1005237 stage2_home_rpc_batches=10436 stage2_home_rpc_items=867997 avg_stage2_home_rpc_batch=83.173342 stage2_home_score_rpc_batches=3419 stage2_home_score_rpc_items=843248 stage2_home_score_rpc_queries=14907 stage2_home_score_rpc_request_bytes=21892316 stage2_home_score_rpc_response_bytes=27124440 avg_stage2_home_score_queries_per_rpc=4.360047 avg_stage2_home_score_rpc_batch=246.635858 stage2_home_scored_neighbors=1349340 home_scores_per_expansion=1.554545 stage2_migrations=136 home_match_rate=0.811634 stage2_final_edges=24772 stage2_cross_edges_stage1_home=6203 stage2_cross_edges_final_home=3399 cross_edge_reduction_ratio=0.452039 failed=0 rpc_timeouts=0 reverse_aggregate_batches=0 reverse_aggregate_logical_requests=0 reverse_aggregate_ops=0 avg_reverse_aggregate_logicals=0.000000 avg_reverse_aggregate_ops=0.000000 max_backlog=9 admission_window=65536 completion_outstanding=0 completion_incomplete=0 completed_behind_hole=0 completion_logical_full_failures=0 completion_physical_full_failures=0 pressure_yields=2 stage2_batches=151 avg_stage2_batch_size=4.781457 packing_target_batch=8 packing_admit_queue_avg=4.788079 packing_admit_queue_max=9 packing_batch_1_7=123 packing_batch_8=28 packing_assembly_batches=151 packing_assembly_wait_ms=3609.217933 packing_arrival_interval_us=23205 packing_waited_batches=123 packing_wait_ms=3051.987000 packing_target_flushes=28 packing_deadline_flushes=123 packing_cleanup_flushes=0 stage2_phase_search_attempts=151 stage2_phase_search_task_attempts=722 stage2_phase_search_elapsed_ms=2935.492813 avg_stage2_phase_search_us_per_task=4065.779519 stage2_phase_freeze_prune_attempts=153 stage2_phase_freeze_prune_task_attempts=732 stage2_phase_freeze_prune_elapsed_ms=227.516977 avg_stage2_phase_freeze_prune_us_per_task=310.815542 stage2_phase_reverse_prepare_attempts=151 stage2_phase_reverse_prepare_task_attempts=722 stage2_phase_reverse_prepare_elapsed_ms=813.395717 avg_stage2_phase_reverse_prepare_us_per_task=1126.586866 stage2_phase_placement_authority_attempts=151 stage2_phase_placement_authority_task_attempts=722 stage2_phase_placement_authority_elapsed_ms=66.554998 avg_stage2_phase_placement_authority_us_per_task=92.181438 stage2_phase_completion_handoff_attempts=151 stage2_phase_completion_handoff_task_attempts=722 stage2_phase_completion_handoff_elapsed_ms=0.216308 avg_stage2_phase_completion_handoff_us_per_task=0.299596 stage2_phase_finalize_attempts=151 stage2_phase_finalize_task_attempts=722 stage2_phase_finalize_elapsed_ms=0.625023 avg_stage2_phase_finalize_us_per_task=0.865683 maintenance_worker_idle_waits=76864 maintenance_worker_idle_ms=555061.560570 maintenance_lost_wake_avoided=806 maintenance_targeted_wakes=28617 maintenance_generic_wakes=722 maintenance_broadcast_wakes=0 maintenance_context_slots_scanned=901552 maintenance_ready_notifications=26408 maintenance_ready_stale_notifications=0 maintenance_ready_tickets_drained=21554 maintenance_ready_overflow_scans=0 maintenance_ready_fallback_scans=56620 stage2_search_lane_lease_limit=32 stage2_search_lane_lease_peak=4 stage2_search_lane_lease_blocked=0 maintenance_worker_observed_idle_ratio=0.990641 maintenance_worker_observed_busy_ratio=0.009359 physical_stage1_items=722 physical_stage1_total_ns=2677391896 physical_stage1_search_ns=2519394966 physical_stage1_prune_ns=102931541 physical_stage1_allocate_write_ns=40002811 physical_stage1_backlink_ns=13307819 physical_stage1_candidates=92408 physical_stage1_remote_frontier_items=862441 physical_stage1_neighbors=22938 peer_stage1_enqueued=1189 peer_stage1_processed=1189 peer_stage1_items=1178 avg_peer_stage1_items=0.990749 peer_stage1_rate_per_sec=16.819394 peer_stage1_max_queue=3 peer_stage1_active_workers=0 peer_stage2_home_enqueued=15068 peer_stage2_home_processed=15068 peer_stage2_home_items=1545114 avg_peer_stage2_home_items=102.542740 peer_stage2_home_max_queue=3 peer_stage2_home_response_queue_drops=0 peer_stage2_home_response_send_wait_ms=79.626734 avg_peer_stage2_home_queue_wait_us=31.518784 avg_peer_stage2_home_execution_us=57.696441 peer_stage1_release_deferred_batches=12 peer_stage1_release_deferred_items=12 peer_stage1_duplicate_retry_responses=0 peer_stage1_admission_retry_responses=0 peer_stage1_retry_response_drops=0 peer_stage1_admission_waiters=0 peer_stage1_admission_waiter_items=0 peer_stage1_admission_owned_items=0 peer_stage1_admission_wake_coverage=0 peer_stage1_admission_parked=0 peer_stage1_admission_woken=0 peer_stage1_admission_reparked=0 peer_stage1_max_admission_waiters=0 peer_stage1_duplicate_coalesced=0 peer_reverse_enqueued=610 peer_reverse_processed=610 peer_reverse_remaining=0 peer_reverse_items_enqueued=9610 peer_reverse_items_processed=9610 peer_reverse_rate_per_sec=137.210848 peer_reverse_failed=0 peer_reverse_max_queue=2 reclaim_pending=1 reclaim_reused=135 dynamic_high_watermark=19981930656 stage2_remaining=0 cleanup_remaining=0 active_contexts=0 active_context_limit=32 repair_remaining=0 remaining=0
