============================================================
                        SERVER
============================================================
num clients:                  1
TCP port:                     1234
QP handshake timeout (ms):    10000
IB device:                    <auto>
IB port:                      1
max outstanding CQEs:         64
max send work requests:       4096
max receive work requests:    4096
============================================================
index prefix:                     "/data/xjs/index/dvstor_spacev100m/index/spacev100m_R96_bw128_metis_pmd32_pq20_schema16"
storage shard:                    "/data/xjs/index/dvstor_spacev100m/index/spacev100m_R96_bw128_metis_pmd32_pq20_schema16_node1_of5.dat"
storage id:                       0
base vectors:                     100000000
vector ID namespace [0,N):        4294967295
registered memory GiB:            23
====================================================================
1 device(s) found
Selected device: ibp86s0
Selected port state: 4, lid: 8, active_mtu: 5
interleaved policy
num_cores: 112
physical cores per socket: 28
hyperthreading enabled
local process CPU partition: rank 0/5 logical_cpus=24
pairing: 81375 -- 10314
[STATUS]: loaded index metadata from /data/xjs/index/dvstor_spacev100m/index/spacev100m_R96_bw128_metis_pmd32_pq20_schema16 (layout=plain, vector_data_type=int8)
[STATUS]: storage-owner stage2 candidate width L=128 per shard
allocation size: 24696061952
allocated ALIGNED MEM (no hugepage) at 130949683609664 with buffer size 24696061952
[STATUS]: loading index (18640080128 Bytes) from /data/xjs/index/dvstor_spacev100m/index/spacev100m_R96_bw128_metis_pmd32_pq20_schema16_node1_of5.dat
[STATUS]: loaded GPU PQ codes (388335000 Bytes) at remote offset 18640084224
[STATUS]: storage-owner idmap loaded entries=20000000 format=owner_sharded_v2_bound immutable_base=true dynamic_shards=256 dynamic_reserved=65536
[STATUS]: compensated physical centroid restored on shard 0: vectors=19416750 entries=4
[STATUS]: register memory and distribute access token
[STATUS]: connect QPs of compute threads
[STATUS]: reserving 64 GPU/bootstrap QPs per compute node
pairing: 81381 -- 10319
pairing: 81385 -- 10324
pairing: 81390 -- 10329
pairing: 81395 -- 10334
pairing: 81400 -- 10339
pairing: 81405 -- 10344
pairing: 81410 -- 10349
pairing: 81415 -- 10354
pairing: 81420 -- 10359
pairing: 81425 -- 10364
pairing: 81430 -- 10369
pairing: 81435 -- 10374
pairing: 81440 -- 10379
pairing: 81445 -- 10384
pairing: 81450 -- 10389
pairing: 81455 -- 10394
pairing: 81460 -- 10399
pairing: 81465 -- 10404
pairing: 81470 -- 10409
pairing: 81475 -- 10414
pairing: 81480 -- 10419
pairing: 81485 -- 10424
pairing: 81490 -- 10429
pairing: 81495 -- 10434
pairing: 81500 -- 10439
pairing: 81505 -- 10444
pairing: 81510 -- 10449
pairing: 81515 -- 10454
pairing: 81520 -- 10459
pairing: 81525 -- 10464
pairing: 81530 -- 10469
pairing: 81535 -- 10474
pairing: 81540 -- 10479
pairing: 81545 -- 10480
pairing: 81546 -- 10481
pairing: 81547 -- 10482
pairing: 81548 -- 10483
pairing: 81549 -- 10484
pairing: 81550 -- 10485
pairing: 81551 -- 10486
pairing: 81552 -- 10487
pairing: 81553 -- 10488
pairing: 81554 -- 10489
pairing: 81555 -- 10490
pairing: 81556 -- 10491
pairing: 81557 -- 10492
pairing: 81558 -- 10493
pairing: 81559 -- 10494
pairing: 81560 -- 10495
pairing: 81561 -- 10496
pairing: 81562 -- 10497
pairing: 81563 -- 10498
pairing: 81564 -- 10499
pairing: 81565 -- 10500
pairing: 81566 -- 10501
pairing: 81567 -- 10502
pairing: 81568 -- 10503
pairing: 81569 -- 10504
pairing: 81570 -- 10505
pairing: 81571 -- 10506
pairing: 81572 -- 10507
pairing: 81573 -- 10508
pairing: 81574 -- 10509
pairing: 81575 -- 10510
[STATUS]: waiting for compute-node startup barrier
1 device(s) found
Selected device: ibp86s0
Selected port state: 4, lid: 8, active_mtu: 5
pairing: 81700 -- 81702
pairing: 81705 -- 81701
pairing: 81708 -- 81703
pairing: 81709 -- 81704
pairing: 81711 -- 81706
pairing: 81714 -- 81707
pairing: 81715 -- 81710
pairing: 81717 -- 81712
pairing: 81720 -- 81713
pairing: 81721 -- 81716
pairing: 81724 -- 81718
pairing: 81725 -- 81719
pairing: 81727 -- 81722
pairing: 81729 -- 81723
pairing: 81731 -- 81726
pairing: 81733 -- 81728
pairing: 81735 -- 81730
pairing: 81737 -- 81732
pairing: 81739 -- 81734
pairing: 81741 -- 81736
pairing: 81743 -- 81738
pairing: 81745 -- 81740
pairing: 81747 -- 81742
pairing: 81749 -- 81744
pairing: 81751 -- 81746
pairing: 81753 -- 81748
pairing: 81755 -- 81750
pairing: 81757 -- 81752
pairing: 81759 -- 81754
pairing: 81761 -- 81756
pairing: 81763 -- 81758
pairing: 81765 -- 81762
[STATUS]: storage-owner peer RDMA QPs per peer: 8
[STATUS]: storage-owner peer QP0 reserved for RPC; data RDMA uses QP1..7
allocated ALIGNED MEM (no hugepage) at 130948616159296 with buffer size 67108864
allocated ALIGNED MEM (no hugepage) at 130948576313408 with buffer size 39839040
[STATUS]: storage-owner peer RPC receive slots per peer: 64 (requested=64)
[STATUS]: storage-owner peer RPC concurrent sends per peer: 16
[STATUS]: storage-owner peer RPC send credits: Stage1/graph are split at depth >= 2; responses use a dedicated sync buffer
[STATUS]: storage-owner peer async response capacity: 32768
[STATUS]: storage-owner Stage2 home RPC combining: enabled logical_capacity=18432 aggregate_capacity=4608 byte_budget=33586224
allocated ALIGNED MEM (no hugepage) at 98686430520640 with buffer size 96256
allocated ALIGNED MEM (no hugepage) at 130948847472704 with buffer size 212992
allocated ALIGNED MEM (no hugepage) at 130948847054912 with buffer size 212992
[STATUS]: storage-owner peer reverse-update workers: 2
[STATUS]: storage-owner peer Stage1 workers: 4; Stage2-home workers: 1 (one reserved; shared lanes borrow authoritative work only)
[STATUS]: storage-owner physical control workers: cleanup=2 placement=1 (separate blocking domains)
[STATUS]: storage-owner peer progress threads: cq=1 response_dispatch=1
[STATUS]: storage-owner Stage1 artifact capacity: 67712 (64-way, per shard=1058) cleanup replay per shard=2048 active migration receipts=131072
[STATUS]: storage-owner peer reverse-update tuning: queue_depth=65536 coalesce_max=256
allocated ALIGNED MEM (no hugepage) at 130948835504192 with buffer size 855296
allocated ALIGNED MEM (no hugepage) at 130948834648128 with buffer size 855296
allocated ALIGNED MEM (no hugepage) at 130948831309888 with buffer size 855296
allocated ALIGNED MEM (no hugepage) at 130948830253120 with buffer size 855296
allocated ALIGNED MEM (no hugepage) at 130948826914880 with buffer size 855296
allocated ALIGNED MEM (no hugepage) at 130948822921280 with buffer size 855296
allocated ALIGNED MEM (no hugepage) at 130948822065216 with buffer size 855296
allocated ALIGNED MEM (no hugepage) at 130948818726976 with buffer size 855296
[STATUS]: storage-owner peer scratch: snapshot_slot=192 graph_slot=832 batch=256 lane_peak_rdma_wrs=56 lane_useful_wave_rdma_wrs=56 global_read_window=224 search_lanes_global=32 search_lanes_credit_derived=16 search_lane_lease_cap=32 search_lanes_physical_per_worker=4 ready_context_runtime_epoch=1 bytes_per_lane=213824 bytes_total=6842368
[STATUS]: storage-owner maintenance workers: 8 (configured=8, admission_baseline_workers=2, context_limit=32, semantic_execution_batch=8, work_conserving=true)
[STATUS]: storage-owner stage2 reverse outbox descriptors: 128 aggregates=128 wire_max_ops=3072 (shared per-peer work-conserving aggregation)
[STATUS]: storage-owner maintenance tuning: protocol=centroid-home-two-stage compaction_batch_target=32 packing_policy=deterministic_b8 packing_tail_wait_us=arrival_adaptive_capped_25000 packing_context_limit=8 backlog_limit=65536 admission_credit=bounded_accepted_backlog admission_window=65536 physical_completion_capacity=65536
[STATUS]: storage-owner peer RDMA read credits: per_data_qp=8 data_qps_per_peer=7 per_peer=56 global=224 shared_cq_read_budget=8095 ordered_snapshot_pairs_per_chain=4 (requested_per_data_qp=16)
[STATUS]: storage-owner online insert tuning: construction_beam=128 snapshot_batch=256 protocol=centroid-home-two-stage
[STATUS]: storage-owner stage1=physical-home local search and backlinks; stage2=generation-fenced home expand+score continuation
[STATUS]: storage-owner responses=foreground direct post; completion=repost by service poller
[STATUS]: storage-owner foreground pipeline: coordinators=12 cpu_lanes=3 (assigned_cpus=24, rpc_parallelism=16)
[STATUS]: storage-owner CPU plan: foreground_cpu=3 foreground_coordinators=12 maintenance=8 peer_stage1=5 (split into isolated Stage1/Stage2-home domains) peer_reverse=2 peer_cleanup=2 peer_placement=1 peer_progress=2 foreground_progress=1
[STATUS]: storage-owner insert runtime enabled on shard 0
[STATUS]: storage-owner maintenance observation: enqueued=163 stage2_enqueued=163 cleanup_enqueued=0 stage2_tasks_done=160 stage2_finalized_live=160 cleanup_processed=0 stale=0 stage2_completion_ratio=0.981595 live_stage2_completion_ratio=0.981595 avg_stage2_delay_ms=45.922899 p99_stage2_delay_upper_ms=128.000000 p99_stage2_delay_over_30s=false stage2_delay_histogram=0,0,0,0,2,20,123,15,0,0,0,0,0,0,0,0,0,0 max_stage2_delay_ms=90.320424 compaction_batch_target=32 compaction_max_delay_ms=25.000000 stage2_rate_per_sec=31.861401 stage1_search_budget_exhausted=0 stage2_search_budget_exhausted=0 stage2_continuations=160 stage2_remote_frontier_items=146872 avg_stage2_remote_frontier=917.950000 stage2_remote_expansions=4939 avg_stage2_remote_expansions=30.868750 stage2_scored_candidates=307380 avg_stage2_scored_candidates=1921.125000 stage2_graph_read_waves=1397 avg_stage2_expansions_per_graph_wave=3.535433 stage2_graph_unique_reads=5121 stage2_graph_prefetch_issued=3530 stage2_graph_prefetch_hits=3348 stage2_graph_prefetch_wasted=182 stage2_graph_prefetch_promotion_ratio=0.948442 stage2_graph_issue_width_current=16 stage2_vector_read_waves=3514 avg_stage2_scores_per_vector_wave=87.472965 stage2_vector_unique_reads=179328 stage2_home_rpc_batches=2152 stage2_home_rpc_items=144678 avg_stage2_home_rpc_batch=67.229554 stage2_home_score_rpc_batches=633 stage2_home_score_rpc_items=139557 stage2_home_score_rpc_queries=2078 stage2_home_score_rpc_request_bytes=3587064 stage2_home_score_rpc_response_bytes=4493816 avg_stage2_home_score_queries_per_rpc=3.282780 avg_stage2_home_score_rpc_batch=220.469194 stage2_home_scored_neighbors=267583 home_scores_per_expansion=1.849507 stage2_migrations=28 home_match_rate=0.825000 stage2_final_edges=5865 stage2_cross_edges_stage1_home=1129 stage2_cross_edges_final_home=733 cross_edge_reduction_ratio=0.350753 failed=0 rpc_timeouts=0 reverse_aggregate_batches=0 reverse_aggregate_logical_requests=0 reverse_aggregate_ops=0 avg_reverse_aggregate_logicals=0.000000 avg_reverse_aggregate_ops=0.000000 max_backlog=7 admission_window=65536 completion_outstanding=3 completion_incomplete=3 completed_behind_hole=0 completion_logical_full_failures=0 completion_physical_full_failures=0 pressure_yields=0 stage2_batches=54 avg_stage2_batch_size=2.962963 packing_target_batch=8 packing_admit_queue_avg=2.962963 packing_admit_queue_max=7 packing_batch_1_7=54 packing_batch_8=0 packing_assembly_batches=54 packing_assembly_wait_ms=1353.179550 packing_arrival_interval_us=11152 packing_waited_batches=54 packing_wait_ms=1350.000000 packing_target_flushes=0 packing_deadline_flushes=54 packing_cleanup_flushes=0 stage2_phase_search_attempts=54 stage2_phase_search_task_attempts=160 stage2_phase_search_elapsed_ms=537.357327 avg_stage2_phase_search_us_per_task=3358.483294 stage2_phase_freeze_prune_attempts=54 stage2_phase_freeze_prune_task_attempts=160 stage2_phase_freeze_prune_elapsed_ms=53.552177 avg_stage2_phase_freeze_prune_us_per_task=334.701106 stage2_phase_reverse_prepare_attempts=54 stage2_phase_reverse_prepare_task_attempts=160 stage2_phase_reverse_prepare_elapsed_ms=212.534004 avg_stage2_phase_reverse_prepare_us_per_task=1328.337525 stage2_phase_placement_authority_attempts=54 stage2_phase_placement_authority_task_attempts=160 stage2_phase_placement_authority_elapsed_ms=18.431336 avg_stage2_phase_placement_authority_us_per_task=115.195850 stage2_phase_completion_handoff_attempts=54 stage2_phase_completion_handoff_task_attempts=160 stage2_phase_completion_handoff_elapsed_ms=0.078510 avg_stage2_phase_completion_handoff_us_per_task=0.490687 stage2_phase_finalize_attempts=54 stage2_phase_finalize_task_attempts=160 stage2_phase_finalize_elapsed_ms=0.171085 avg_stage2_phase_finalize_us_per_task=1.069281 maintenance_worker_idle_waits=9408 maintenance_worker_idle_ms=37276.870774 maintenance_lost_wake_avoided=151 maintenance_targeted_wakes=6620 maintenance_generic_wakes=163 maintenance_broadcast_wakes=0 maintenance_context_slots_scanned=62464 maintenance_ready_notifications=6289 maintenance_ready_stale_notifications=0 maintenance_ready_tickets_drained=5359 maintenance_ready_overflow_scans=0 maintenance_ready_fallback_scans=4142 stage2_search_lane_lease_limit=32 stage2_search_lane_lease_peak=2 stage2_search_lane_lease_blocked=0 maintenance_worker_observed_idle_ratio=0.927885 maintenance_worker_observed_busy_ratio=0.072115 physical_stage1_items=163 physical_stage1_total_ns=727294943 physical_stage1_search_ns=683650434 physical_stage1_prune_ns=29886735 physical_stage1_allocate_write_ns=9694286 physical_stage1_backlink_ns=3550854 physical_stage1_candidates=20862 physical_stage1_remote_frontier_items=149646 physical_stage1_neighbors=5667 peer_stage1_enqueued=258 peer_stage1_processed=258 peer_stage1_items=258 avg_peer_stage1_items=1.000000 peer_stage1_rate_per_sec=51.376509 peer_stage1_max_queue=1 peer_stage1_active_workers=0 peer_stage2_home_enqueued=2681 peer_stage2_home_processed=2681 peer_stage2_home_items=244216 avg_peer_stage2_home_items=91.091384 peer_stage2_home_max_queue=2 peer_stage2_home_response_queue_drops=0 peer_stage2_home_response_send_wait_ms=13.727974 avg_peer_stage2_home_queue_wait_us=17.683907 avg_peer_stage2_home_execution_us=56.779982 peer_stage1_release_deferred_batches=0 peer_stage1_release_deferred_items=0 peer_stage1_duplicate_retry_responses=0 peer_stage1_admission_retry_responses=0 peer_stage1_retry_response_drops=0 peer_stage1_admission_waiters=0 peer_stage1_admission_waiter_items=0 peer_stage1_admission_owned_items=0 peer_stage1_admission_wake_coverage=0 peer_stage1_admission_parked=0 peer_stage1_admission_woken=0 peer_stage1_admission_reparked=0 peer_stage1_max_admission_waiters=0 peer_stage1_duplicate_coalesced=0 peer_reverse_enqueued=221 peer_reverse_processed=221 peer_reverse_remaining=0 peer_reverse_items_enqueued=1525 peer_reverse_items_processed=1525 peer_reverse_rate_per_sec=303.678976 peer_reverse_failed=1 peer_reverse_max_queue=1 reclaim_pending=0 reclaim_reused=28 dynamic_high_watermark=19028566176 stage2_remaining=3 cleanup_remaining=0 active_contexts=0 active_context_limit=32 repair_remaining=0 remaining=3
[STATUS]: storage-owner maintenance observation: enqueued=377 stage2_enqueued=377 cleanup_enqueued=0 stage2_tasks_done=377 stage2_finalized_live=377 cleanup_processed=0 stale=0 stage2_completion_ratio=1.000000 live_stage2_completion_ratio=1.000000 avg_stage2_delay_ms=50.406597 p99_stage2_delay_upper_ms=128.000000 p99_stage2_delay_over_30s=false stage2_delay_histogram=0,0,0,0,3,47,251,76,0,0,0,0,0,0,0,0,0,0 max_stage2_delay_ms=115.293046 compaction_batch_target=32 compaction_max_delay_ms=25.000000 stage2_rate_per_sec=37.612201 stage1_search_budget_exhausted=0 stage2_search_budget_exhausted=0 stage2_continuations=377 stage2_remote_frontier_items=364012 avg_stage2_remote_frontier=965.549072 stage2_remote_expansions=11576 avg_stage2_remote_expansions=30.705570 stage2_scored_candidates=721487 avg_stage2_scored_candidates=1913.758621 stage2_graph_read_waves=3475 avg_stage2_expansions_per_graph_wave=3.331223 stage2_graph_unique_reads=12088 stage2_graph_prefetch_issued=7868 stage2_graph_prefetch_hits=7356 stage2_graph_prefetch_wasted=512 stage2_graph_prefetch_promotion_ratio=0.934926 stage2_graph_issue_width_current=16 stage2_vector_read_waves=7747 avg_stage2_scores_per_vector_wave=93.131148 stage2_vector_unique_reads=436598 stage2_home_rpc_batches=5435 stage2_home_rpc_items=361993 avg_stage2_home_rpc_batch=66.604048 stage2_home_score_rpc_batches=1537 stage2_home_score_rpc_items=349905 stage2_home_score_rpc_queries=5365 stage2_home_score_rpc_request_bytes=9007092 stage2_home_score_rpc_response_bytes=11264256 avg_stage2_home_score_queries_per_rpc=3.490566 avg_stage2_home_score_rpc_batch=227.654522 stage2_home_scored_neighbors=634740 home_scores_per_expansion=1.753459 stage2_migrations=68 home_match_rate=0.819629 stage2_final_edges=14481 stage2_cross_edges_stage1_home=2816 stage2_cross_edges_final_home=1576 cross_edge_reduction_ratio=0.440341 failed=0 rpc_timeouts=0 reverse_aggregate_batches=0 reverse_aggregate_logical_requests=0 reverse_aggregate_ops=0 avg_reverse_aggregate_logicals=0.000000 avg_reverse_aggregate_ops=0.000000 max_backlog=8 admission_window=65536 completion_outstanding=0 completion_incomplete=0 completed_behind_hole=0 completion_logical_full_failures=0 completion_physical_full_failures=0 pressure_yields=0 stage2_batches=114 avg_stage2_batch_size=3.307018 packing_target_batch=8 packing_admit_queue_avg=3.307018 packing_admit_queue_max=8 packing_batch_1_7=108 packing_batch_8=6 packing_assembly_batches=114 packing_assembly_wait_ms=2767.281531 packing_arrival_interval_us=25000 packing_waited_batches=108 packing_wait_ms=2662.111000 packing_target_flushes=6 packing_deadline_flushes=108 packing_cleanup_flushes=0 stage2_phase_search_attempts=114 stage2_phase_search_task_attempts=377 stage2_phase_search_elapsed_ms=1367.037323 avg_stage2_phase_search_us_per_task=3626.093695 stage2_phase_freeze_prune_attempts=114 stage2_phase_freeze_prune_task_attempts=377 stage2_phase_freeze_prune_elapsed_ms=129.382549 avg_stage2_phase_freeze_prune_us_per_task=343.189785 stage2_phase_reverse_prepare_attempts=114 stage2_phase_reverse_prepare_task_attempts=377 stage2_phase_reverse_prepare_elapsed_ms=556.804102 avg_stage2_phase_reverse_prepare_us_per_task=1476.933958 stage2_phase_placement_authority_attempts=114 stage2_phase_placement_authority_task_attempts=377 stage2_phase_placement_authority_elapsed_ms=54.439579 avg_stage2_phase_placement_authority_us_per_task=144.402066 stage2_phase_completion_handoff_attempts=114 stage2_phase_completion_handoff_task_attempts=377 stage2_phase_completion_handoff_elapsed_ms=0.159699 avg_stage2_phase_completion_handoff_us_per_task=0.423605 stage2_phase_finalize_attempts=114 stage2_phase_finalize_task_attempts=377 stage2_phase_finalize_elapsed_ms=0.402484 avg_stage2_phase_finalize_us_per_task=1.067597 maintenance_worker_idle_waits=20672 maintenance_worker_idle_ms=76753.766056 maintenance_lost_wake_avoided=352 maintenance_targeted_wakes=15665 maintenance_generic_wakes=377 maintenance_broadcast_wakes=0 maintenance_context_slots_scanned=130176 maintenance_ready_notifications=14726 maintenance_ready_stale_notifications=0 maintenance_ready_tickets_drained=12313 maintenance_ready_overflow_scans=0 maintenance_ready_fallback_scans=8346 stage2_search_lane_lease_limit=32 stage2_search_lane_lease_peak=4 stage2_search_lane_lease_blocked=0 maintenance_worker_observed_idle_ratio=0.957188 maintenance_worker_observed_busy_ratio=0.042812 physical_stage1_items=377 physical_stage1_total_ns=1645266812 physical_stage1_search_ns=1541003667 physical_stage1_prune_ns=72487706 physical_stage1_allocate_write_ns=22592077 physical_stage1_backlink_ns=8112974 physical_stage1_candidates=48253 physical_stage1_remote_frontier_items=364012 physical_stage1_neighbors=13886 peer_stage1_enqueued=604 peer_stage1_processed=604 peer_stage1_items=602 avg_peer_stage1_items=0.996689 peer_stage1_rate_per_sec=60.059801 peer_stage1_max_queue=1 peer_stage1_active_workers=0 peer_stage2_home_enqueued=6511 peer_stage2_home_processed=6511 peer_stage2_home_items=620031 avg_peer_stage2_home_items=95.228229 peer_stage2_home_max_queue=2 peer_stage2_home_response_queue_drops=0 peer_stage2_home_response_send_wait_ms=33.277233 avg_peer_stage2_home_queue_wait_us=16.749836 avg_peer_stage2_home_execution_us=56.473648 peer_stage1_release_deferred_batches=2 peer_stage1_release_deferred_items=2 peer_stage1_duplicate_retry_responses=0 peer_stage1_admission_retry_responses=0 peer_stage1_retry_response_drops=0 peer_stage1_admission_waiters=0 peer_stage1_admission_waiter_items=0 peer_stage1_admission_owned_items=0 peer_stage1_admission_wake_coverage=0 peer_stage1_admission_parked=0 peer_stage1_admission_woken=0 peer_stage1_admission_reparked=0 peer_stage1_max_admission_waiters=0 peer_stage1_duplicate_coalesced=0 peer_reverse_enqueued=543 peer_reverse_processed=543 peer_reverse_remaining=0 peer_reverse_items_enqueued=3273 peer_reverse_items_processed=3273 peer_reverse_rate_per_sec=326.537756 peer_reverse_failed=1 peer_reverse_max_queue=2 reclaim_pending=3 reclaim_reused=65 dynamic_high_watermark=19028767552 stage2_remaining=0 cleanup_remaining=0 active_contexts=0 active_context_limit=32 repair_remaining=0 remaining=0
[STATUS]: storage-owner maintenance observation: enqueued=378 stage2_enqueued=378 cleanup_enqueued=0 stage2_tasks_done=378 stage2_finalized_live=378 cleanup_processed=0 stale=0 stage2_completion_ratio=1.000000 live_stage2_completion_ratio=1.000000 avg_stage2_delay_ms=50.396585 p99_stage2_delay_upper_ms=128.000000 p99_stage2_delay_over_30s=false stage2_delay_histogram=0,0,0,0,3,47,252,76,0,0,0,0,0,0,0,0,0,0 max_stage2_delay_ms=115.293046 compaction_batch_target=32 compaction_max_delay_ms=25.000000 stage2_rate_per_sec=25.160626 stage1_search_budget_exhausted=0 stage2_search_budget_exhausted=0 stage2_continuations=378 stage2_remote_frontier_items=364985 avg_stage2_remote_frontier=965.568783 stage2_remote_expansions=11704 avg_stage2_remote_expansions=30.962963 stage2_scored_candidates=725035 avg_stage2_scored_candidates=1918.082011 stage2_graph_read_waves=3502 avg_stage2_expansions_per_graph_wave=3.342090 stage2_graph_unique_reads=12216 stage2_graph_prefetch_issued=7969 stage2_graph_prefetch_hits=7457 stage2_graph_prefetch_wasted=512 stage2_graph_prefetch_promotion_ratio=0.935751 stage2_graph_issue_width_current=16 stage2_vector_read_waves=7846 avg_stage2_scores_per_vector_wave=92.408233 stage2_vector_unique_reads=437762 stage2_home_rpc_batches=5468 stage2_home_rpc_items=362781 avg_stage2_home_rpc_batch=66.346196 stage2_home_score_rpc_batches=1543 stage2_home_score_rpc_items=350565 stage2_home_score_rpc_queries=5381 stage2_home_score_rpc_request_bytes=9024796 stage2_home_score_rpc_response_bytes=11285720 avg_stage2_home_score_queries_per_rpc=3.487362 avg_stage2_home_score_rpc_batch=227.197019 stage2_home_scored_neighbors=637784 home_scores_per_expansion=1.758041 stage2_migrations=69 home_match_rate=0.817460 stage2_final_edges=14494 stage2_cross_edges_stage1_home=2828 stage2_cross_edges_final_home=1577 cross_edge_reduction_ratio=0.442362 failed=0 rpc_timeouts=0 reverse_aggregate_batches=0 reverse_aggregate_logical_requests=0 reverse_aggregate_ops=0 avg_reverse_aggregate_logicals=0.000000 avg_reverse_aggregate_ops=0.000000 max_backlog=8 admission_window=65536 completion_outstanding=0 completion_incomplete=0 completed_behind_hole=0 completion_logical_full_failures=0 completion_physical_full_failures=0 pressure_yields=0 stage2_batches=115 avg_stage2_batch_size=3.286957 packing_target_batch=8 packing_admit_queue_avg=3.286957 packing_admit_queue_max=8 packing_batch_1_7=109 packing_batch_8=6 packing_assembly_batches=115 packing_assembly_wait_ms=2792.320312 packing_arrival_interval_us=25000 packing_waited_batches=109 packing_wait_ms=2687.111000 packing_target_flushes=6 packing_deadline_flushes=109 packing_cleanup_flushes=0 stage2_phase_search_attempts=115 stage2_phase_search_task_attempts=378 stage2_phase_search_elapsed_ms=1373.960182 avg_stage2_phase_search_us_per_task=3634.815296 stage2_phase_freeze_prune_attempts=115 stage2_phase_freeze_prune_task_attempts=378 stage2_phase_freeze_prune_elapsed_ms=130.094628 avg_stage2_phase_freeze_prune_us_per_task=344.165683 stage2_phase_reverse_prepare_attempts=115 stage2_phase_reverse_prepare_task_attempts=378 stage2_phase_reverse_prepare_elapsed_ms=558.293505 avg_stage2_phase_reverse_prepare_us_per_task=1476.966944 stage2_phase_placement_authority_attempts=115 stage2_phase_placement_authority_task_attempts=378 stage2_phase_placement_authority_elapsed_ms=54.759204 avg_stage2_phase_placement_authority_us_per_task=144.865619 stage2_phase_completion_handoff_attempts=115 stage2_phase_completion_handoff_task_attempts=378 stage2_phase_completion_handoff_elapsed_ms=0.160667 avg_stage2_phase_completion_handoff_us_per_task=0.425045 stage2_phase_finalize_attempts=115 stage2_phase_finalize_task_attempts=378 stage2_phase_finalize_elapsed_ms=0.405119 avg_stage2_phase_finalize_us_per_task=1.071743 maintenance_worker_idle_waits=24704 maintenance_worker_idle_ms=115924.718595 maintenance_lost_wake_avoided=353 maintenance_targeted_wakes=15826 maintenance_generic_wakes=378 maintenance_broadcast_wakes=0 maintenance_context_slots_scanned=192496 maintenance_ready_notifications=14872 maintenance_ready_stale_notifications=0 maintenance_ready_tickets_drained=12444 maintenance_ready_overflow_scans=0 maintenance_ready_fallback_scans=12322 stage2_search_lane_lease_limit=32 stage2_search_lane_lease_peak=4 stage2_search_lane_lease_blocked=0 maintenance_worker_observed_idle_ratio=0.964530 maintenance_worker_observed_busy_ratio=0.035470 physical_stage1_items=378 physical_stage1_total_ns=1651512362 physical_stage1_search_ns=1546891809 physical_stage1_prune_ns=72686522 physical_stage1_allocate_write_ns=22703879 physical_stage1_backlink_ns=8152136 physical_stage1_candidates=48381 physical_stage1_remote_frontier_items=364985 physical_stage1_neighbors=13893 peer_stage1_enqueued=604 peer_stage1_processed=604 peer_stage1_items=602 avg_peer_stage1_items=0.996689 peer_stage1_rate_per_sec=40.070626 peer_stage1_max_queue=1 peer_stage1_active_workers=0 peer_stage2_home_enqueued=8097 peer_stage2_home_processed=8097 peer_stage2_home_items=838409 avg_peer_stage2_home_items=103.545634 peer_stage2_home_max_queue=2 peer_stage2_home_response_queue_drops=0 peer_stage2_home_response_send_wait_ms=41.481539 avg_peer_stage2_home_queue_wait_us=15.987333 avg_peer_stage2_home_execution_us=58.903463 peer_stage1_release_deferred_batches=2 peer_stage1_release_deferred_items=2 peer_stage1_duplicate_retry_responses=0 peer_stage1_admission_retry_responses=0 peer_stage1_retry_response_drops=0 peer_stage1_admission_waiters=0 peer_stage1_admission_waiter_items=0 peer_stage1_admission_owned_items=0 peer_stage1_admission_wake_coverage=0 peer_stage1_admission_parked=0 peer_stage1_admission_woken=0 peer_stage1_admission_reparked=0 peer_stage1_max_admission_waiters=0 peer_stage1_duplicate_coalesced=0 peer_reverse_enqueued=747 peer_reverse_processed=747 peer_reverse_remaining=0 peer_reverse_items_enqueued=3605 peer_reverse_items_processed=3605 peer_reverse_rate_per_sec=239.957820 peer_reverse_failed=1 peer_reverse_max_queue=2 reclaim_pending=3 reclaim_reused=66 dynamic_high_watermark=19028767552 stage2_remaining=0 cleanup_remaining=0 active_contexts=0 active_context_limit=32 repair_remaining=0 remaining=0
[STATUS]: storage-owner maintenance observation: enqueued=379 stage2_enqueued=379 cleanup_enqueued=0 stage2_tasks_done=379 stage2_finalized_live=379 cleanup_processed=0 stale=0 stage2_completion_ratio=1.000000 live_stage2_completion_ratio=1.000000 avg_stage2_delay_ms=50.391988 p99_stage2_delay_upper_ms=128.000000 p99_stage2_delay_over_30s=false stage2_delay_histogram=0,0,0,0,3,47,253,76,0,0,0,0,0,0,0,0,0,0 max_stage2_delay_ms=115.293046 compaction_batch_target=32 compaction_max_delay_ms=25.000000 stage2_rate_per_sec=18.926136 stage1_search_budget_exhausted=0 stage2_search_budget_exhausted=0 stage2_continuations=379 stage2_remote_frontier_items=366572 avg_stage2_remote_frontier=967.208443 stage2_remote_expansions=11831 avg_stage2_remote_expansions=31.216359 stage2_scored_candidates=731291 avg_stage2_scored_candidates=1929.527704 stage2_graph_read_waves=3543 avg_stage2_expansions_per_graph_wave=3.339261 stage2_graph_unique_reads=12352 stage2_graph_prefetch_issued=8064 stage2_graph_prefetch_hits=7543 stage2_graph_prefetch_wasted=521 stage2_graph_prefetch_promotion_ratio=0.935392 stage2_graph_issue_width_current=16 stage2_vector_read_waves=7962 avg_stage2_scores_per_vector_wave=91.847651 stage2_vector_unique_reads=439767 stage2_home_rpc_batches=5517 stage2_home_rpc_items=364216 avg_stage2_home_rpc_batch=66.017038 stage2_home_score_rpc_batches=1551 stage2_home_score_rpc_items=351864 stage2_home_score_rpc_queries=5405 stage2_home_score_rpc_request_bytes=9058732 stage2_home_score_rpc_response_bytes=11327760 avg_stage2_home_score_queries_per_rpc=3.484848 avg_stage2_home_score_rpc_batch=226.862669 stage2_home_scored_neighbors=643334 home_scores_per_expansion=1.766353 stage2_migrations=70 home_match_rate=0.815303 stage2_final_edges=14535 stage2_cross_edges_stage1_home=2867 stage2_cross_edges_final_home=1579 cross_edge_reduction_ratio=0.449250 failed=0 rpc_timeouts=0 reverse_aggregate_batches=0 reverse_aggregate_logical_requests=0 reverse_aggregate_ops=0 avg_reverse_aggregate_logicals=0.000000 avg_reverse_aggregate_ops=0.000000 max_backlog=8 admission_window=65536 completion_outstanding=0 completion_incomplete=0 completed_behind_hole=0 completion_logical_full_failures=0 completion_physical_full_failures=0 pressure_yields=0 stage2_batches=116 avg_stage2_batch_size=3.267241 packing_target_batch=8 packing_admit_queue_avg=3.267241 packing_admit_queue_max=8 packing_batch_1_7=110 packing_batch_8=6 packing_assembly_batches=116 packing_assembly_wait_ms=2817.378725 packing_arrival_interval_us=25000 packing_waited_batches=110 packing_wait_ms=2712.111000 packing_target_flushes=6 packing_deadline_flushes=110 packing_cleanup_flushes=0 stage2_phase_search_attempts=116 stage2_phase_search_task_attempts=379 stage2_phase_search_elapsed_ms=1384.345916 avg_stage2_phase_search_us_per_task=3652.627747 stage2_phase_freeze_prune_attempts=116 stage2_phase_freeze_prune_task_attempts=379 stage2_phase_freeze_prune_elapsed_ms=130.785086 avg_stage2_phase_freeze_prune_us_per_task=345.079383 stage2_phase_reverse_prepare_attempts=116 stage2_phase_reverse_prepare_task_attempts=379 stage2_phase_reverse_prepare_elapsed_ms=559.884592 avg_stage2_phase_reverse_prepare_us_per_task=1477.268053 stage2_phase_placement_authority_attempts=116 stage2_phase_placement_authority_task_attempts=379 stage2_phase_placement_authority_elapsed_ms=55.014488 avg_stage2_phase_placement_authority_us_per_task=145.156960 stage2_phase_completion_handoff_attempts=116 stage2_phase_completion_handoff_task_attempts=379 stage2_phase_completion_handoff_elapsed_ms=0.161466 avg_stage2_phase_completion_handoff_us_per_task=0.426032 stage2_phase_finalize_attempts=116 stage2_phase_finalize_task_attempts=379 stage2_phase_finalize_elapsed_ms=0.408194 avg_stage2_phase_finalize_us_per_task=1.077029 maintenance_worker_idle_waits=28864 maintenance_worker_idle_ms=156091.870218 maintenance_lost_wake_avoided=355 maintenance_targeted_wakes=16019 maintenance_generic_wakes=379 maintenance_broadcast_wakes=0 maintenance_context_slots_scanned=256400 maintenance_ready_notifications=15050 maintenance_ready_stale_notifications=0 maintenance_ready_tickets_drained=12605 maintenance_ready_overflow_scans=0 maintenance_ready_fallback_scans=16298 stage2_search_lane_lease_limit=32 stage2_search_lane_lease_peak=4 stage2_search_lane_lease_blocked=0 maintenance_worker_observed_idle_ratio=0.974346 maintenance_worker_observed_busy_ratio=0.025654 physical_stage1_items=379 physical_stage1_total_ns=1660942776 physical_stage1_search_ns=1555599588 physical_stage1_prune_ns=72910685 physical_stage1_allocate_write_ns=23140192 physical_stage1_backlink_ns=8193084 physical_stage1_candidates=48509 physical_stage1_remote_frontier_items=366572 physical_stage1_neighbors=13918 peer_stage1_enqueued=606 peer_stage1_processed=606 peer_stage1_items=604 avg_peer_stage1_items=0.996700 peer_stage1_rate_per_sec=30.161968 peer_stage1_max_queue=1 peer_stage1_active_workers=0 peer_stage2_home_enqueued=9923 peer_stage2_home_processed=9923 peer_stage2_home_items=1089050 avg_peer_stage2_home_items=109.750076 peer_stage2_home_max_queue=2 peer_stage2_home_response_queue_drops=0 peer_stage2_home_response_send_wait_ms=51.107896 avg_peer_stage2_home_queue_wait_us=15.722065 avg_peer_stage2_home_execution_us=60.807403 peer_stage1_release_deferred_batches=2 peer_stage1_release_deferred_items=2 peer_stage1_duplicate_retry_responses=0 peer_stage1_admission_retry_responses=0 peer_stage1_retry_response_drops=0 peer_stage1_admission_waiters=0 peer_stage1_admission_waiter_items=0 peer_stage1_admission_owned_items=0 peer_stage1_admission_wake_coverage=0 peer_stage1_admission_parked=0 peer_stage1_admission_woken=0 peer_stage1_admission_reparked=0 peer_stage1_max_admission_waiters=0 peer_stage1_duplicate_coalesced=0 peer_reverse_enqueued=996 peer_reverse_processed=996 peer_reverse_remaining=0 peer_reverse_items_enqueued=4099 peer_reverse_items_processed=4099 peer_reverse_rate_per_sec=204.691901 peer_reverse_failed=1 peer_reverse_max_queue=2 reclaim_pending=2 reclaim_reused=68 dynamic_high_watermark=19028767552 stage2_remaining=0 cleanup_remaining=0 active_contexts=0 active_context_limit=32 repair_remaining=0 remaining=0
[STATUS]: storage-owner maintenance observation: enqueued=379 stage2_enqueued=379 cleanup_enqueued=0 stage2_tasks_done=379 stage2_finalized_live=379 cleanup_processed=0 stale=0 stage2_completion_ratio=1.000000 live_stage2_completion_ratio=1.000000 avg_stage2_delay_ms=50.391988 p99_stage2_delay_upper_ms=128.000000 p99_stage2_delay_over_30s=false stage2_delay_histogram=0,0,0,0,3,47,253,76,0,0,0,0,0,0,0,0,0,0 max_stage2_delay_ms=115.293046 compaction_batch_target=32 compaction_max_delay_ms=25.000000 stage2_rate_per_sec=15.143067 stage1_search_budget_exhausted=0 stage2_search_budget_exhausted=0 stage2_continuations=379 stage2_remote_frontier_items=366572 avg_stage2_remote_frontier=967.208443 stage2_remote_expansions=11831 avg_stage2_remote_expansions=31.216359 stage2_scored_candidates=731291 avg_stage2_scored_candidates=1929.527704 stage2_graph_read_waves=3543 avg_stage2_expansions_per_graph_wave=3.339261 stage2_graph_unique_reads=12352 stage2_graph_prefetch_issued=8064 stage2_graph_prefetch_hits=7543 stage2_graph_prefetch_wasted=521 stage2_graph_prefetch_promotion_ratio=0.935392 stage2_graph_issue_width_current=16 stage2_vector_read_waves=7962 avg_stage2_scores_per_vector_wave=91.847651 stage2_vector_unique_reads=439767 stage2_home_rpc_batches=5517 stage2_home_rpc_items=364216 avg_stage2_home_rpc_batch=66.017038 stage2_home_score_rpc_batches=1551 stage2_home_score_rpc_items=351864 stage2_home_score_rpc_queries=5405 stage2_home_score_rpc_request_bytes=9058732 stage2_home_score_rpc_response_bytes=11327760 avg_stage2_home_score_queries_per_rpc=3.484848 avg_stage2_home_score_rpc_batch=226.862669 stage2_home_scored_neighbors=643334 home_scores_per_expansion=1.766353 stage2_migrations=70 home_match_rate=0.815303 stage2_final_edges=14535 stage2_cross_edges_stage1_home=2867 stage2_cross_edges_final_home=1579 cross_edge_reduction_ratio=0.449250 failed=0 rpc_timeouts=0 reverse_aggregate_batches=0 reverse_aggregate_logical_requests=0 reverse_aggregate_ops=0 avg_reverse_aggregate_logicals=0.000000 avg_reverse_aggregate_ops=0.000000 max_backlog=8 admission_window=65536 completion_outstanding=0 completion_incomplete=0 completed_behind_hole=0 completion_logical_full_failures=0 completion_physical_full_failures=0 pressure_yields=0 stage2_batches=116 avg_stage2_batch_size=3.267241 packing_target_batch=8 packing_admit_queue_avg=3.267241 packing_admit_queue_max=8 packing_batch_1_7=110 packing_batch_8=6 packing_assembly_batches=116 packing_assembly_wait_ms=2817.378725 packing_arrival_interval_us=25000 packing_waited_batches=110 packing_wait_ms=2712.111000 packing_target_flushes=6 packing_deadline_flushes=110 packing_cleanup_flushes=0 stage2_phase_search_attempts=116 stage2_phase_search_task_attempts=379 stage2_phase_search_elapsed_ms=1384.345916 avg_stage2_phase_search_us_per_task=3652.627747 stage2_phase_freeze_prune_attempts=116 stage2_phase_freeze_prune_task_attempts=379 stage2_phase_freeze_prune_elapsed_ms=130.785086 avg_stage2_phase_freeze_prune_us_per_task=345.079383 stage2_phase_reverse_prepare_attempts=116 stage2_phase_reverse_prepare_task_attempts=379 stage2_phase_reverse_prepare_elapsed_ms=559.884592 avg_stage2_phase_reverse_prepare_us_per_task=1477.268053 stage2_phase_placement_authority_attempts=116 stage2_phase_placement_authority_task_attempts=379 stage2_phase_placement_authority_elapsed_ms=55.014488 avg_stage2_phase_placement_authority_us_per_task=145.156960 stage2_phase_completion_handoff_attempts=116 stage2_phase_completion_handoff_task_attempts=379 stage2_phase_completion_handoff_elapsed_ms=0.161466 avg_stage2_phase_completion_handoff_us_per_task=0.426032 stage2_phase_finalize_attempts=116 stage2_phase_finalize_task_attempts=379 stage2_phase_finalize_elapsed_ms=0.408194 avg_stage2_phase_finalize_us_per_task=1.077029 maintenance_worker_idle_waits=32832 maintenance_worker_idle_ms=196011.040072 maintenance_lost_wake_avoided=355 maintenance_targeted_wakes=16019 maintenance_generic_wakes=379 maintenance_broadcast_wakes=0 maintenance_context_slots_scanned=319888 maintenance_ready_notifications=15050 maintenance_ready_stale_notifications=0 maintenance_ready_tickets_drained=12605 maintenance_ready_overflow_scans=0 maintenance_ready_fallback_scans=20274 stage2_search_lane_lease_limit=32 stage2_search_lane_lease_peak=4 stage2_search_lane_lease_blocked=0 maintenance_worker_observed_idle_ratio=0.978961 maintenance_worker_observed_busy_ratio=0.021039 physical_stage1_items=379 physical_stage1_total_ns=1660942776 physical_stage1_search_ns=1555599588 physical_stage1_prune_ns=72910685 physical_stage1_allocate_write_ns=23140192 physical_stage1_backlink_ns=8193084 physical_stage1_candidates=48509 physical_stage1_remote_frontier_items=366572 physical_stage1_neighbors=13918 peer_stage1_enqueued=606 peer_stage1_processed=606 peer_stage1_items=604 avg_peer_stage1_items=0.996700 peer_stage1_rate_per_sec=24.133014 peer_stage1_max_queue=1 peer_stage1_active_workers=0 peer_stage2_home_enqueued=11727 peer_stage2_home_processed=11727 peer_stage2_home_items=1337235 avg_peer_stage2_home_items=114.030443 peer_stage2_home_max_queue=2 peer_stage2_home_response_queue_drops=0 peer_stage2_home_response_send_wait_ms=60.610925 avg_peer_stage2_home_queue_wait_us=15.537323 avg_peer_stage2_home_execution_us=62.138226 peer_stage1_release_deferred_batches=2 peer_stage1_release_deferred_items=2 peer_stage1_duplicate_retry_responses=0 peer_stage1_admission_retry_responses=0 peer_stage1_retry_response_drops=0 peer_stage1_admission_waiters=0 peer_stage1_admission_waiter_items=0 peer_stage1_admission_owned_items=0 peer_stage1_admission_wake_coverage=0 peer_stage1_admission_parked=0 peer_stage1_admission_woken=0 peer_stage1_admission_reparked=0 peer_stage1_max_admission_waiters=0 peer_stage1_duplicate_coalesced=0 peer_reverse_enqueued=1251 peer_reverse_processed=1251 peer_reverse_remaining=0 peer_reverse_items_enqueued=4617 peer_reverse_items_processed=4617 peer_reverse_rate_per_sec=184.473721 peer_reverse_failed=1 peer_reverse_max_queue=2 reclaim_pending=2 reclaim_reused=68 dynamic_high_watermark=19028767552 stage2_remaining=0 cleanup_remaining=0 active_contexts=0 active_context_limit=32 repair_remaining=0 remaining=0
[STATUS]: storage-owner maintenance observation: enqueued=380 stage2_enqueued=380 cleanup_enqueued=0 stage2_tasks_done=380 stage2_finalized_live=380 cleanup_processed=0 stale=0 stage2_completion_ratio=1.000000 live_stage2_completion_ratio=1.000000 avg_stage2_delay_ms=50.383837 p99_stage2_delay_upper_ms=128.000000 p99_stage2_delay_over_30s=false stage2_delay_histogram=0,0,0,0,3,47,254,76,0,0,0,0,0,0,0,0,0,0 max_stage2_delay_ms=115.293046 compaction_batch_target=32 compaction_max_delay_ms=25.000000 stage2_rate_per_sec=12.654614 stage1_search_budget_exhausted=0 stage2_search_budget_exhausted=0 stage2_continuations=380 stage2_remote_frontier_items=367707 avg_stage2_remote_frontier=967.650000 stage2_remote_expansions=11958 avg_stage2_remote_expansions=31.468421 stage2_scored_candidates=735228 avg_stage2_scored_candidates=1934.810526 stage2_graph_read_waves=3598 avg_stage2_expansions_per_graph_wave=3.323513 stage2_graph_unique_reads=12490 stage2_graph_prefetch_issued=8147 stage2_graph_prefetch_hits=7615 stage2_graph_prefetch_wasted=532 stage2_graph_prefetch_promotion_ratio=0.934700 stage2_graph_issue_width_current=16 stage2_vector_read_waves=8057 avg_stage2_scores_per_vector_wave=91.253320 stage2_vector_unique_reads=441142 stage2_home_rpc_batches=5578 stage2_home_rpc_items=365282 avg_stage2_home_rpc_batch=65.486196 stage2_home_score_rpc_batches=1557 stage2_home_score_rpc_items=352792 stage2_home_score_rpc_queries=5424 stage2_home_score_rpc_request_bytes=9083176 stage2_home_score_rpc_response_bytes=11357816 avg_stage2_home_score_queries_per_rpc=3.483622 avg_stage2_home_score_rpc_batch=226.584457 stage2_home_scored_neighbors=646824 home_scores_per_expansion=1.770752 stage2_migrations=71 home_match_rate=0.813158 stage2_final_edges=14552 stage2_cross_edges_stage1_home=2883 stage2_cross_edges_final_home=1580 cross_edge_reduction_ratio=0.451960 failed=0 rpc_timeouts=0 reverse_aggregate_batches=0 reverse_aggregate_logical_requests=0 reverse_aggregate_ops=0 avg_reverse_aggregate_logicals=0.000000 avg_reverse_aggregate_ops=0.000000 max_backlog=8 admission_window=65536 completion_outstanding=0 completion_incomplete=0 completed_behind_hole=0 completion_logical_full_failures=0 completion_physical_full_failures=0 pressure_yields=0 stage2_batches=117 avg_stage2_batch_size=3.247863 packing_target_batch=8 packing_admit_queue_avg=3.247863 packing_admit_queue_max=8 packing_batch_1_7=111 packing_batch_8=6 packing_assembly_batches=117 packing_assembly_wait_ms=2842.438639 packing_arrival_interval_us=25000 packing_waited_batches=111 packing_wait_ms=2737.111000 packing_target_flushes=6 packing_deadline_flushes=111 packing_cleanup_flushes=0 stage2_phase_search_attempts=117 stage2_phase_search_task_attempts=380 stage2_phase_search_elapsed_ms=1393.522979 avg_stage2_phase_search_us_per_task=3667.165734 stage2_phase_freeze_prune_attempts=117 stage2_phase_freeze_prune_task_attempts=380 stage2_phase_freeze_prune_elapsed_ms=131.515741 avg_stage2_phase_freeze_prune_us_per_task=346.094055 stage2_phase_reverse_prepare_attempts=117 stage2_phase_reverse_prepare_task_attempts=380 stage2_phase_reverse_prepare_elapsed_ms=560.644667 avg_stage2_phase_reverse_prepare_us_per_task=1475.380703 stage2_phase_placement_authority_attempts=117 stage2_phase_placement_authority_task_attempts=380 stage2_phase_placement_authority_elapsed_ms=55.301040 avg_stage2_phase_placement_authority_us_per_task=145.529053 stage2_phase_completion_handoff_attempts=117 stage2_phase_completion_handoff_task_attempts=380 stage2_phase_completion_handoff_elapsed_ms=0.162493 avg_stage2_phase_completion_handoff_us_per_task=0.427613 stage2_phase_finalize_attempts=117 stage2_phase_finalize_task_attempts=380 stage2_phase_finalize_elapsed_ms=0.411244 avg_stage2_phase_finalize_us_per_task=1.082221 maintenance_worker_idle_waits=37056 maintenance_worker_idle_ms=236866.280780 maintenance_lost_wake_avoided=357 maintenance_targeted_wakes=16203 maintenance_generic_wakes=380 maintenance_broadcast_wakes=0 maintenance_context_slots_scanned=384896 maintenance_ready_notifications=15221 maintenance_ready_stale_notifications=0 maintenance_ready_tickets_drained=12760 maintenance_ready_overflow_scans=0 maintenance_ready_fallback_scans=24251 stage2_search_lane_lease_limit=32 stage2_search_lane_lease_peak=4 stage2_search_lane_lease_blocked=0 maintenance_worker_observed_idle_ratio=0.986004 maintenance_worker_observed_busy_ratio=0.013996 physical_stage1_items=380 physical_stage1_total_ns=1665555668 physical_stage1_search_ns=1559996287 physical_stage1_prune_ns=73038900 physical_stage1_allocate_write_ns=23201638 physical_stage1_backlink_ns=8214922 physical_stage1_candidates=48637 physical_stage1_remote_frontier_items=367707 physical_stage1_neighbors=13932 peer_stage1_enqueued=608 peer_stage1_processed=608 peer_stage1_items=606 avg_peer_stage1_items=0.996711 peer_stage1_rate_per_sec=20.180779 peer_stage1_max_queue=1 peer_stage1_active_workers=0 peer_stage2_home_enqueued=12662 peer_stage2_home_processed=12662 peer_stage2_home_items=1465900 avg_peer_stage2_home_items=115.771600 peer_stage2_home_max_queue=2 peer_stage2_home_response_queue_drops=0 peer_stage2_home_response_send_wait_ms=65.380302 avg_peer_stage2_home_queue_wait_us=16.095492 avg_peer_stage2_home_execution_us=62.636673 peer_stage1_release_deferred_batches=2 peer_stage1_release_deferred_items=2 peer_stage1_duplicate_retry_responses=0 peer_stage1_admission_retry_responses=0 peer_stage1_retry_response_drops=0 peer_stage1_admission_waiters=0 peer_stage1_admission_waiter_items=0 peer_stage1_admission_owned_items=0 peer_stage1_admission_wake_coverage=0 peer_stage1_admission_parked=0 peer_stage1_admission_woken=0 peer_stage1_admission_reparked=0 peer_stage1_max_admission_waiters=0 peer_stage1_duplicate_coalesced=0 peer_reverse_enqueued=1379 peer_reverse_processed=1379 peer_reverse_remaining=0 peer_reverse_items_enqueued=4891 peer_reverse_items_processed=4891 peer_reverse_rate_per_sec=162.878198 peer_reverse_failed=1 peer_reverse_max_queue=2 reclaim_pending=2 reclaim_reused=69 dynamic_high_watermark=19028767552 stage2_remaining=0 cleanup_remaining=0 active_contexts=0 active_context_limit=32 repair_remaining=0 remaining=0
[STATUS]: storage-owner maintenance observation: enqueued=380 stage2_enqueued=380 cleanup_enqueued=0 stage2_tasks_done=380 stage2_finalized_live=380 cleanup_processed=0 stale=0 stage2_completion_ratio=1.000000 live_stage2_completion_ratio=1.000000 avg_stage2_delay_ms=50.383837 p99_stage2_delay_upper_ms=128.000000 p99_stage2_delay_over_30s=false stage2_delay_histogram=0,0,0,0,3,47,254,76,0,0,0,0,0,0,0,0,0,0 max_stage2_delay_ms=115.293046 compaction_batch_target=32 compaction_max_delay_ms=25.000000 stage2_rate_per_sec=10.847207 stage1_search_budget_exhausted=0 stage2_search_budget_exhausted=0 stage2_continuations=380 stage2_remote_frontier_items=367707 avg_stage2_remote_frontier=967.650000 stage2_remote_expansions=11958 avg_stage2_remote_expansions=31.468421 stage2_scored_candidates=735228 avg_stage2_scored_candidates=1934.810526 stage2_graph_read_waves=3598 avg_stage2_expansions_per_graph_wave=3.323513 stage2_graph_unique_reads=12490 stage2_graph_prefetch_issued=8147 stage2_graph_prefetch_hits=7615 stage2_graph_prefetch_wasted=532 stage2_graph_prefetch_promotion_ratio=0.934700 stage2_graph_issue_width_current=16 stage2_vector_read_waves=8057 avg_stage2_scores_per_vector_wave=91.253320 stage2_vector_unique_reads=441142 stage2_home_rpc_batches=5578 stage2_home_rpc_items=365282 avg_stage2_home_rpc_batch=65.486196 stage2_home_score_rpc_batches=1557 stage2_home_score_rpc_items=352792 stage2_home_score_rpc_queries=5424 stage2_home_score_rpc_request_bytes=9083176 stage2_home_score_rpc_response_bytes=11357816 avg_stage2_home_score_queries_per_rpc=3.483622 avg_stage2_home_score_rpc_batch=226.584457 stage2_home_scored_neighbors=646824 home_scores_per_expansion=1.770752 stage2_migrations=71 home_match_rate=0.813158 stage2_final_edges=14552 stage2_cross_edges_stage1_home=2883 stage2_cross_edges_final_home=1580 cross_edge_reduction_ratio=0.451960 failed=0 rpc_timeouts=0 reverse_aggregate_batches=0 reverse_aggregate_logical_requests=0 reverse_aggregate_ops=0 avg_reverse_aggregate_logicals=0.000000 avg_reverse_aggregate_ops=0.000000 max_backlog=8 admission_window=65536 completion_outstanding=0 completion_incomplete=0 completed_behind_hole=0 completion_logical_full_failures=0 completion_physical_full_failures=0 pressure_yields=0 stage2_batches=117 avg_stage2_batch_size=3.247863 packing_target_batch=8 packing_admit_queue_avg=3.247863 packing_admit_queue_max=8 packing_batch_1_7=111 packing_batch_8=6 packing_assembly_batches=117 packing_assembly_wait_ms=2842.438639 packing_arrival_interval_us=25000 packing_waited_batches=111 packing_wait_ms=2737.111000 packing_target_flushes=6 packing_deadline_flushes=111 packing_cleanup_flushes=0 stage2_phase_search_attempts=117 stage2_phase_search_task_attempts=380 stage2_phase_search_elapsed_ms=1393.522979 avg_stage2_phase_search_us_per_task=3667.165734 stage2_phase_freeze_prune_attempts=117 stage2_phase_freeze_prune_task_attempts=380 stage2_phase_freeze_prune_elapsed_ms=131.515741 avg_stage2_phase_freeze_prune_us_per_task=346.094055 stage2_phase_reverse_prepare_attempts=117 stage2_phase_reverse_prepare_task_attempts=380 stage2_phase_reverse_prepare_elapsed_ms=560.644667 avg_stage2_phase_reverse_prepare_us_per_task=1475.380703 stage2_phase_placement_authority_attempts=117 stage2_phase_placement_authority_task_attempts=380 stage2_phase_placement_authority_elapsed_ms=55.301040 avg_stage2_phase_placement_authority_us_per_task=145.529053 stage2_phase_completion_handoff_attempts=117 stage2_phase_completion_handoff_task_attempts=380 stage2_phase_completion_handoff_elapsed_ms=0.162493 avg_stage2_phase_completion_handoff_us_per_task=0.427613 stage2_phase_finalize_attempts=117 stage2_phase_finalize_task_attempts=380 stage2_phase_finalize_elapsed_ms=0.411244 avg_stage2_phase_finalize_us_per_task=1.082221 maintenance_worker_idle_waits=40960 maintenance_worker_idle_ms=276140.296272 maintenance_lost_wake_avoided=357 maintenance_targeted_wakes=16203 maintenance_generic_wakes=380 maintenance_broadcast_wakes=0 maintenance_context_slots_scanned=447360 maintenance_ready_notifications=15221 maintenance_ready_stale_notifications=0 maintenance_ready_tickets_drained=12760 maintenance_ready_overflow_scans=0 maintenance_ready_fallback_scans=28228 stage2_search_lane_lease_limit=32 stage2_search_lane_lease_peak=4 stage2_search_lane_lease_blocked=0 maintenance_worker_observed_idle_ratio=0.985313 maintenance_worker_observed_busy_ratio=0.014687 physical_stage1_items=380 physical_stage1_total_ns=1665555668 physical_stage1_search_ns=1559996287 physical_stage1_prune_ns=73038900 physical_stage1_allocate_write_ns=23201638 physical_stage1_backlink_ns=8214922 physical_stage1_candidates=48637 physical_stage1_remote_frontier_items=367707 physical_stage1_neighbors=13932 peer_stage1_enqueued=608 peer_stage1_processed=608 peer_stage1_items=606 avg_peer_stage1_items=0.996711 peer_stage1_rate_per_sec=17.298441 peer_stage1_max_queue=1 peer_stage1_active_workers=0 peer_stage2_home_enqueued=12662 peer_stage2_home_processed=12662 peer_stage2_home_items=1465900 avg_peer_stage2_home_items=115.771600 peer_stage2_home_max_queue=2 peer_stage2_home_response_queue_drops=0 peer_stage2_home_response_send_wait_ms=65.380302 avg_peer_stage2_home_queue_wait_us=16.095492 avg_peer_stage2_home_execution_us=62.636673 peer_stage1_release_deferred_batches=2 peer_stage1_release_deferred_items=2 peer_stage1_duplicate_retry_responses=0 peer_stage1_admission_retry_responses=0 peer_stage1_retry_response_drops=0 peer_stage1_admission_waiters=0 peer_stage1_admission_waiter_items=0 peer_stage1_admission_owned_items=0 peer_stage1_admission_wake_coverage=0 peer_stage1_admission_parked=0 peer_stage1_admission_woken=0 peer_stage1_admission_reparked=0 peer_stage1_max_admission_waiters=0 peer_stage1_duplicate_coalesced=0 peer_reverse_enqueued=1379 peer_reverse_processed=1379 peer_reverse_remaining=0 peer_reverse_items_enqueued=4891 peer_reverse_items_processed=4891 peer_reverse_rate_per_sec=139.614977 peer_reverse_failed=1 peer_reverse_max_queue=2 reclaim_pending=2 reclaim_reused=69 dynamic_high_watermark=19028767552 stage2_remaining=0 cleanup_remaining=0 active_contexts=0 active_context_limit=32 repair_remaining=0 remaining=0
[STATUS]: storage-owner maintenance observation: enqueued=380 stage2_enqueued=380 cleanup_enqueued=0 stage2_tasks_done=380 stage2_finalized_live=380 cleanup_processed=0 stale=0 stage2_completion_ratio=1.000000 live_stage2_completion_ratio=1.000000 avg_stage2_delay_ms=50.383837 p99_stage2_delay_upper_ms=128.000000 p99_stage2_delay_over_30s=false stage2_delay_histogram=0,0,0,0,3,47,254,76,0,0,0,0,0,0,0,0,0,0 max_stage2_delay_ms=115.293046 compaction_batch_target=32 compaction_max_delay_ms=25.000000 stage2_rate_per_sec=9.492151 stage1_search_budget_exhausted=0 stage2_search_budget_exhausted=0 stage2_continuations=380 stage2_remote_frontier_items=367707 avg_stage2_remote_frontier=967.650000 stage2_remote_expansions=11958 avg_stage2_remote_expansions=31.468421 stage2_scored_candidates=735228 avg_stage2_scored_candidates=1934.810526 stage2_graph_read_waves=3598 avg_stage2_expansions_per_graph_wave=3.323513 stage2_graph_unique_reads=12490 stage2_graph_prefetch_issued=8147 stage2_graph_prefetch_hits=7615 stage2_graph_prefetch_wasted=532 stage2_graph_prefetch_promotion_ratio=0.934700 stage2_graph_issue_width_current=16 stage2_vector_read_waves=8057 avg_stage2_scores_per_vector_wave=91.253320 stage2_vector_unique_reads=441142 stage2_home_rpc_batches=5578 stage2_home_rpc_items=365282 avg_stage2_home_rpc_batch=65.486196 stage2_home_score_rpc_batches=1557 stage2_home_score_rpc_items=352792 stage2_home_score_rpc_queries=5424 stage2_home_score_rpc_request_bytes=9083176 stage2_home_score_rpc_response_bytes=11357816 avg_stage2_home_score_queries_per_rpc=3.483622 avg_stage2_home_score_rpc_batch=226.584457 stage2_home_scored_neighbors=646824 home_scores_per_expansion=1.770752 stage2_migrations=71 home_match_rate=0.813158 stage2_final_edges=14552 stage2_cross_edges_stage1_home=2883 stage2_cross_edges_final_home=1580 cross_edge_reduction_ratio=0.451960 failed=0 rpc_timeouts=0 reverse_aggregate_batches=0 reverse_aggregate_logical_requests=0 reverse_aggregate_ops=0 avg_reverse_aggregate_logicals=0.000000 avg_reverse_aggregate_ops=0.000000 max_backlog=8 admission_window=65536 completion_outstanding=0 completion_incomplete=0 completed_behind_hole=0 completion_logical_full_failures=0 completion_physical_full_failures=0 pressure_yields=0 stage2_batches=117 avg_stage2_batch_size=3.247863 packing_target_batch=8 packing_admit_queue_avg=3.247863 packing_admit_queue_max=8 packing_batch_1_7=111 packing_batch_8=6 packing_assembly_batches=117 packing_assembly_wait_ms=2842.438639 packing_arrival_interval_us=25000 packing_waited_batches=111 packing_wait_ms=2737.111000 packing_target_flushes=6 packing_deadline_flushes=111 packing_cleanup_flushes=0 stage2_phase_search_attempts=117 stage2_phase_search_task_attempts=380 stage2_phase_search_elapsed_ms=1393.522979 avg_stage2_phase_search_us_per_task=3667.165734 stage2_phase_freeze_prune_attempts=117 stage2_phase_freeze_prune_task_attempts=380 stage2_phase_freeze_prune_elapsed_ms=131.515741 avg_stage2_phase_freeze_prune_us_per_task=346.094055 stage2_phase_reverse_prepare_attempts=117 stage2_phase_reverse_prepare_task_attempts=380 stage2_phase_reverse_prepare_elapsed_ms=560.644667 avg_stage2_phase_reverse_prepare_us_per_task=1475.380703 stage2_phase_placement_authority_attempts=117 stage2_phase_placement_authority_task_attempts=380 stage2_phase_placement_authority_elapsed_ms=55.301040 avg_stage2_phase_placement_authority_us_per_task=145.529053 stage2_phase_completion_handoff_attempts=117 stage2_phase_completion_handoff_task_attempts=380 stage2_phase_completion_handoff_elapsed_ms=0.162493 avg_stage2_phase_completion_handoff_us_per_task=0.427613 stage2_phase_finalize_attempts=117 stage2_phase_finalize_task_attempts=380 stage2_phase_finalize_elapsed_ms=0.411244 avg_stage2_phase_finalize_us_per_task=1.082221 maintenance_worker_idle_waits=44864 maintenance_worker_idle_ms=315414.098652 maintenance_lost_wake_avoided=357 maintenance_targeted_wakes=16203 maintenance_generic_wakes=380 maintenance_broadcast_wakes=0 maintenance_context_slots_scanned=509824 maintenance_ready_notifications=15221 maintenance_ready_stale_notifications=0 maintenance_ready_tickets_drained=12760 maintenance_ready_overflow_scans=0 maintenance_ready_fallback_scans=32204 stage2_search_lane_lease_limit=32 stage2_search_lane_lease_peak=4 stage2_search_lane_lease_blocked=0 maintenance_worker_observed_idle_ratio=0.984855 maintenance_worker_observed_busy_ratio=0.015145 physical_stage1_items=380 physical_stage1_total_ns=1665555668 physical_stage1_search_ns=1559996287 physical_stage1_prune_ns=73038900 physical_stage1_allocate_write_ns=23201638 physical_stage1_backlink_ns=8214922 physical_stage1_candidates=48637 physical_stage1_remote_frontier_items=367707 physical_stage1_neighbors=13932 peer_stage1_enqueued=608 peer_stage1_processed=608 peer_stage1_items=606 avg_peer_stage1_items=0.996711 peer_stage1_rate_per_sec=15.137483 peer_stage1_max_queue=1 peer_stage1_active_workers=0 peer_stage2_home_enqueued=12662 peer_stage2_home_processed=12662 peer_stage2_home_items=1465900 avg_peer_stage2_home_items=115.771600 peer_stage2_home_max_queue=2 peer_stage2_home_response_queue_drops=0 peer_stage2_home_response_send_wait_ms=65.380302 avg_peer_stage2_home_queue_wait_us=16.095492 avg_peer_stage2_home_execution_us=62.636673 peer_stage1_release_deferred_batches=2 peer_stage1_release_deferred_items=2 peer_stage1_duplicate_retry_responses=0 peer_stage1_admission_retry_responses=0 peer_stage1_retry_response_drops=0 peer_stage1_admission_waiters=0 peer_stage1_admission_waiter_items=0 peer_stage1_admission_owned_items=0 peer_stage1_admission_wake_coverage=0 peer_stage1_admission_parked=0 peer_stage1_admission_woken=0 peer_stage1_admission_reparked=0 peer_stage1_max_admission_waiters=0 peer_stage1_duplicate_coalesced=0 peer_reverse_enqueued=1379 peer_reverse_processed=1379 peer_reverse_remaining=0 peer_reverse_items_enqueued=4891 peer_reverse_items_processed=4891 peer_reverse_rate_per_sec=122.173976 peer_reverse_failed=1 peer_reverse_max_queue=2 reclaim_pending=2 reclaim_reused=69 dynamic_high_watermark=19028767552 stage2_remaining=0 cleanup_remaining=0 active_contexts=0 active_context_limit=32 repair_remaining=0 remaining=0
[STATUS]: storage-owner maintenance observation: enqueued=380 stage2_enqueued=380 cleanup_enqueued=0 stage2_tasks_done=380 stage2_finalized_live=380 cleanup_processed=0 stale=0 stage2_completion_ratio=1.000000 live_stage2_completion_ratio=1.000000 avg_stage2_delay_ms=50.383837 p99_stage2_delay_upper_ms=128.000000 p99_stage2_delay_over_30s=false stage2_delay_histogram=0,0,0,0,3,47,254,76,0,0,0,0,0,0,0,0,0,0 max_stage2_delay_ms=115.293046 compaction_batch_target=32 compaction_max_delay_ms=25.000000 stage2_rate_per_sec=8.438020 stage1_search_budget_exhausted=0 stage2_search_budget_exhausted=0 stage2_continuations=380 stage2_remote_frontier_items=367707 avg_stage2_remote_frontier=967.650000 stage2_remote_expansions=11958 avg_stage2_remote_expansions=31.468421 stage2_scored_candidates=735228 avg_stage2_scored_candidates=1934.810526 stage2_graph_read_waves=3598 avg_stage2_expansions_per_graph_wave=3.323513 stage2_graph_unique_reads=12490 stage2_graph_prefetch_issued=8147 stage2_graph_prefetch_hits=7615 stage2_graph_prefetch_wasted=532 stage2_graph_prefetch_promotion_ratio=0.934700 stage2_graph_issue_width_current=16 stage2_vector_read_waves=8057 avg_stage2_scores_per_vector_wave=91.253320 stage2_vector_unique_reads=441142 stage2_home_rpc_batches=5578 stage2_home_rpc_items=365282 avg_stage2_home_rpc_batch=65.486196 stage2_home_score_rpc_batches=1557 stage2_home_score_rpc_items=352792 stage2_home_score_rpc_queries=5424 stage2_home_score_rpc_request_bytes=9083176 stage2_home_score_rpc_response_bytes=11357816 avg_stage2_home_score_queries_per_rpc=3.483622 avg_stage2_home_score_rpc_batch=226.584457 stage2_home_scored_neighbors=646824 home_scores_per_expansion=1.770752 stage2_migrations=71 home_match_rate=0.813158 stage2_final_edges=14552 stage2_cross_edges_stage1_home=2883 stage2_cross_edges_final_home=1580 cross_edge_reduction_ratio=0.451960 failed=0 rpc_timeouts=0 reverse_aggregate_batches=0 reverse_aggregate_logical_requests=0 reverse_aggregate_ops=0 avg_reverse_aggregate_logicals=0.000000 avg_reverse_aggregate_ops=0.000000 max_backlog=8 admission_window=65536 completion_outstanding=0 completion_incomplete=0 completed_behind_hole=0 completion_logical_full_failures=0 completion_physical_full_failures=0 pressure_yields=0 stage2_batches=117 avg_stage2_batch_size=3.247863 packing_target_batch=8 packing_admit_queue_avg=3.247863 packing_admit_queue_max=8 packing_batch_1_7=111 packing_batch_8=6 packing_assembly_batches=117 packing_assembly_wait_ms=2842.438639 packing_arrival_interval_us=25000 packing_waited_batches=111 packing_wait_ms=2737.111000 packing_target_flushes=6 packing_deadline_flushes=111 packing_cleanup_flushes=0 stage2_phase_search_attempts=117 stage2_phase_search_task_attempts=380 stage2_phase_search_elapsed_ms=1393.522979 avg_stage2_phase_search_us_per_task=3667.165734 stage2_phase_freeze_prune_attempts=117 stage2_phase_freeze_prune_task_attempts=380 stage2_phase_freeze_prune_elapsed_ms=131.515741 avg_stage2_phase_freeze_prune_us_per_task=346.094055 stage2_phase_reverse_prepare_attempts=117 stage2_phase_reverse_prepare_task_attempts=380 stage2_phase_reverse_prepare_elapsed_ms=560.644667 avg_stage2_phase_reverse_prepare_us_per_task=1475.380703 stage2_phase_placement_authority_attempts=117 stage2_phase_placement_authority_task_attempts=380 stage2_phase_placement_authority_elapsed_ms=55.301040 avg_stage2_phase_placement_authority_us_per_task=145.529053 stage2_phase_completion_handoff_attempts=117 stage2_phase_completion_handoff_task_attempts=380 stage2_phase_completion_handoff_elapsed_ms=0.162493 avg_stage2_phase_completion_handoff_us_per_task=0.427613 stage2_phase_finalize_attempts=117 stage2_phase_finalize_task_attempts=380 stage2_phase_finalize_elapsed_ms=0.411244 avg_stage2_phase_finalize_us_per_task=1.082221 maintenance_worker_idle_waits=48896 maintenance_worker_idle_ms=355973.337625 maintenance_lost_wake_avoided=357 maintenance_targeted_wakes=16203 maintenance_generic_wakes=380 maintenance_broadcast_wakes=0 maintenance_context_slots_scanned=574336 maintenance_ready_notifications=15221 maintenance_ready_stale_notifications=0 maintenance_ready_tickets_drained=12760 maintenance_ready_overflow_scans=0 maintenance_ready_fallback_scans=36181 stage2_search_lane_lease_limit=32 stage2_search_lane_lease_peak=4 stage2_search_lane_lease_blocked=0 maintenance_worker_observed_idle_ratio=0.988062 maintenance_worker_observed_busy_ratio=0.011938 physical_stage1_items=380 physical_stage1_total_ns=1665555668 physical_stage1_search_ns=1559996287 physical_stage1_prune_ns=73038900 physical_stage1_allocate_write_ns=23201638 physical_stage1_backlink_ns=8214922 physical_stage1_candidates=48637 physical_stage1_remote_frontier_items=367707 physical_stage1_neighbors=13932 peer_stage1_enqueued=608 peer_stage1_processed=608 peer_stage1_items=606 avg_peer_stage1_items=0.996711 peer_stage1_rate_per_sec=13.456421 peer_stage1_max_queue=1 peer_stage1_active_workers=0 peer_stage2_home_enqueued=12662 peer_stage2_home_processed=12662 peer_stage2_home_items=1465900 avg_peer_stage2_home_items=115.771600 peer_stage2_home_max_queue=2 peer_stage2_home_response_queue_drops=0 peer_stage2_home_response_send_wait_ms=65.380302 avg_peer_stage2_home_queue_wait_us=16.095492 avg_peer_stage2_home_execution_us=62.636673 peer_stage1_release_deferred_batches=2 peer_stage1_release_deferred_items=2 peer_stage1_duplicate_retry_responses=0 peer_stage1_admission_retry_responses=0 peer_stage1_retry_response_drops=0 peer_stage1_admission_waiters=0 peer_stage1_admission_waiter_items=0 peer_stage1_admission_owned_items=0 peer_stage1_admission_wake_coverage=0 peer_stage1_admission_parked=0 peer_stage1_admission_woken=0 peer_stage1_admission_reparked=0 peer_stage1_max_admission_waiters=0 peer_stage1_duplicate_coalesced=0 peer_reverse_enqueued=1379 peer_reverse_processed=1379 peer_reverse_remaining=0 peer_reverse_items_enqueued=4891 peer_reverse_items_processed=4891 peer_reverse_rate_per_sec=108.606193 peer_reverse_failed=1 peer_reverse_max_queue=2 reclaim_pending=2 reclaim_reused=69 dynamic_high_watermark=19028767552 stage2_remaining=0 cleanup_remaining=0 active_contexts=0 active_context_limit=32 repair_remaining=0 remaining=0
[STATUS]: storage-owner maintenance observation: enqueued=380 stage2_enqueued=380 cleanup_enqueued=0 stage2_tasks_done=380 stage2_finalized_live=380 cleanup_processed=0 stale=0 stage2_completion_ratio=1.000000 live_stage2_completion_ratio=1.000000 avg_stage2_delay_ms=50.383837 p99_stage2_delay_upper_ms=128.000000 p99_stage2_delay_over_30s=false stage2_delay_histogram=0,0,0,0,3,47,254,76,0,0,0,0,0,0,0,0,0,0 max_stage2_delay_ms=115.293046 compaction_batch_target=32 compaction_max_delay_ms=25.000000 stage2_rate_per_sec=7.594676 stage1_search_budget_exhausted=0 stage2_search_budget_exhausted=0 stage2_continuations=380 stage2_remote_frontier_items=367707 avg_stage2_remote_frontier=967.650000 stage2_remote_expansions=11958 avg_stage2_remote_expansions=31.468421 stage2_scored_candidates=735228 avg_stage2_scored_candidates=1934.810526 stage2_graph_read_waves=3598 avg_stage2_expansions_per_graph_wave=3.323513 stage2_graph_unique_reads=12490 stage2_graph_prefetch_issued=8147 stage2_graph_prefetch_hits=7615 stage2_graph_prefetch_wasted=532 stage2_graph_prefetch_promotion_ratio=0.934700 stage2_graph_issue_width_current=16 stage2_vector_read_waves=8057 avg_stage2_scores_per_vector_wave=91.253320 stage2_vector_unique_reads=441142 stage2_home_rpc_batches=5578 stage2_home_rpc_items=365282 avg_stage2_home_rpc_batch=65.486196 stage2_home_score_rpc_batches=1557 stage2_home_score_rpc_items=352792 stage2_home_score_rpc_queries=5424 stage2_home_score_rpc_request_bytes=9083176 stage2_home_score_rpc_response_bytes=11357816 avg_stage2_home_score_queries_per_rpc=3.483622 avg_stage2_home_score_rpc_batch=226.584457 stage2_home_scored_neighbors=646824 home_scores_per_expansion=1.770752 stage2_migrations=71 home_match_rate=0.813158 stage2_final_edges=14552 stage2_cross_edges_stage1_home=2883 stage2_cross_edges_final_home=1580 cross_edge_reduction_ratio=0.451960 failed=0 rpc_timeouts=0 reverse_aggregate_batches=0 reverse_aggregate_logical_requests=0 reverse_aggregate_ops=0 avg_reverse_aggregate_logicals=0.000000 avg_reverse_aggregate_ops=0.000000 max_backlog=8 admission_window=65536 completion_outstanding=0 completion_incomplete=0 completed_behind_hole=0 completion_logical_full_failures=0 completion_physical_full_failures=0 pressure_yields=0 stage2_batches=117 avg_stage2_batch_size=3.247863 packing_target_batch=8 packing_admit_queue_avg=3.247863 packing_admit_queue_max=8 packing_batch_1_7=111 packing_batch_8=6 packing_assembly_batches=117 packing_assembly_wait_ms=2842.438639 packing_arrival_interval_us=25000 packing_waited_batches=111 packing_wait_ms=2737.111000 packing_target_flushes=6 packing_deadline_flushes=111 packing_cleanup_flushes=0 stage2_phase_search_attempts=117 stage2_phase_search_task_attempts=380 stage2_phase_search_elapsed_ms=1393.522979 avg_stage2_phase_search_us_per_task=3667.165734 stage2_phase_freeze_prune_attempts=117 stage2_phase_freeze_prune_task_attempts=380 stage2_phase_freeze_prune_elapsed_ms=131.515741 avg_stage2_phase_freeze_prune_us_per_task=346.094055 stage2_phase_reverse_prepare_attempts=117 stage2_phase_reverse_prepare_task_attempts=380 stage2_phase_reverse_prepare_elapsed_ms=560.644667 avg_stage2_phase_reverse_prepare_us_per_task=1475.380703 stage2_phase_placement_authority_attempts=117 stage2_phase_placement_authority_task_attempts=380 stage2_phase_placement_authority_elapsed_ms=55.301040 avg_stage2_phase_placement_authority_us_per_task=145.529053 stage2_phase_completion_handoff_attempts=117 stage2_phase_completion_handoff_task_attempts=380 stage2_phase_completion_handoff_elapsed_ms=0.162493 avg_stage2_phase_completion_handoff_us_per_task=0.427613 stage2_phase_finalize_attempts=117 stage2_phase_finalize_task_attempts=380 stage2_phase_finalize_elapsed_ms=0.411244 avg_stage2_phase_finalize_us_per_task=1.082221 maintenance_worker_idle_waits=52928 maintenance_worker_idle_ms=396543.485677 maintenance_lost_wake_avoided=357 maintenance_targeted_wakes=16203 maintenance_generic_wakes=380 maintenance_broadcast_wakes=0 maintenance_context_slots_scanned=638848 maintenance_ready_notifications=15221 maintenance_ready_stale_notifications=0 maintenance_ready_tickets_drained=12760 maintenance_ready_overflow_scans=0 maintenance_ready_fallback_scans=40154 stage2_search_lane_lease_limit=32 stage2_search_lane_lease_peak=4 stage2_search_lane_lease_blocked=0 maintenance_worker_observed_idle_ratio=0.990664 maintenance_worker_observed_busy_ratio=0.009336 physical_stage1_items=380 physical_stage1_total_ns=1665555668 physical_stage1_search_ns=1559996287 physical_stage1_prune_ns=73038900 physical_stage1_allocate_write_ns=23201638 physical_stage1_backlink_ns=8214922 physical_stage1_candidates=48637 physical_stage1_remote_frontier_items=367707 physical_stage1_neighbors=13932 peer_stage1_enqueued=608 peer_stage1_processed=608 peer_stage1_items=606 avg_peer_stage1_items=0.996711 peer_stage1_rate_per_sec=12.111509 peer_stage1_max_queue=1 peer_stage1_active_workers=0 peer_stage2_home_enqueued=12662 peer_stage2_home_processed=12662 peer_stage2_home_items=1465900 avg_peer_stage2_home_items=115.771600 peer_stage2_home_max_queue=2 peer_stage2_home_response_queue_drops=0 peer_stage2_home_response_send_wait_ms=65.380302 avg_peer_stage2_home_queue_wait_us=16.095492 avg_peer_stage2_home_execution_us=62.636673 peer_stage1_release_deferred_batches=2 peer_stage1_release_deferred_items=2 peer_stage1_duplicate_retry_responses=0 peer_stage1_admission_retry_responses=0 peer_stage1_retry_response_drops=0 peer_stage1_admission_waiters=0 peer_stage1_admission_waiter_items=0 peer_stage1_admission_owned_items=0 peer_stage1_admission_wake_coverage=0 peer_stage1_admission_parked=0 peer_stage1_admission_woken=0 peer_stage1_admission_reparked=0 peer_stage1_max_admission_waiters=0 peer_stage1_duplicate_coalesced=0 peer_reverse_enqueued=1379 peer_reverse_processed=1379 peer_reverse_remaining=0 peer_reverse_items_enqueued=4891 peer_reverse_items_processed=4891 peer_reverse_rate_per_sec=97.751471 peer_reverse_failed=1 peer_reverse_max_queue=2 reclaim_pending=2 reclaim_reused=69 dynamic_high_watermark=19028767552 stage2_remaining=0 cleanup_remaining=0 active_contexts=0 active_context_limit=32 repair_remaining=0 remaining=0
[STATUS]: storage-owner maintenance observation: enqueued=380 stage2_enqueued=380 cleanup_enqueued=0 stage2_tasks_done=380 stage2_finalized_live=380 cleanup_processed=0 stale=0 stage2_completion_ratio=1.000000 live_stage2_completion_ratio=1.000000 avg_stage2_delay_ms=50.383837 p99_stage2_delay_upper_ms=128.000000 p99_stage2_delay_over_30s=false stage2_delay_histogram=0,0,0,0,3,47,254,76,0,0,0,0,0,0,0,0,0,0 max_stage2_delay_ms=115.293046 compaction_batch_target=32 compaction_max_delay_ms=25.000000 stage2_rate_per_sec=6.904499 stage1_search_budget_exhausted=0 stage2_search_budget_exhausted=0 stage2_continuations=380 stage2_remote_frontier_items=367707 avg_stage2_remote_frontier=967.650000 stage2_remote_expansions=11958 avg_stage2_remote_expansions=31.468421 stage2_scored_candidates=735228 avg_stage2_scored_candidates=1934.810526 stage2_graph_read_waves=3598 avg_stage2_expansions_per_graph_wave=3.323513 stage2_graph_unique_reads=12490 stage2_graph_prefetch_issued=8147 stage2_graph_prefetch_hits=7615 stage2_graph_prefetch_wasted=532 stage2_graph_prefetch_promotion_ratio=0.934700 stage2_graph_issue_width_current=16 stage2_vector_read_waves=8057 avg_stage2_scores_per_vector_wave=91.253320 stage2_vector_unique_reads=441142 stage2_home_rpc_batches=5578 stage2_home_rpc_items=365282 avg_stage2_home_rpc_batch=65.486196 stage2_home_score_rpc_batches=1557 stage2_home_score_rpc_items=352792 stage2_home_score_rpc_queries=5424 stage2_home_score_rpc_request_bytes=9083176 stage2_home_score_rpc_response_bytes=11357816 avg_stage2_home_score_queries_per_rpc=3.483622 avg_stage2_home_score_rpc_batch=226.584457 stage2_home_scored_neighbors=646824 home_scores_per_expansion=1.770752 stage2_migrations=71 home_match_rate=0.813158 stage2_final_edges=14552 stage2_cross_edges_stage1_home=2883 stage2_cross_edges_final_home=1580 cross_edge_reduction_ratio=0.451960 failed=0 rpc_timeouts=0 reverse_aggregate_batches=0 reverse_aggregate_logical_requests=0 reverse_aggregate_ops=0 avg_reverse_aggregate_logicals=0.000000 avg_reverse_aggregate_ops=0.000000 max_backlog=8 admission_window=65536 completion_outstanding=0 completion_incomplete=0 completed_behind_hole=0 completion_logical_full_failures=0 completion_physical_full_failures=0 pressure_yields=0 stage2_batches=117 avg_stage2_batch_size=3.247863 packing_target_batch=8 packing_admit_queue_avg=3.247863 packing_admit_queue_max=8 packing_batch_1_7=111 packing_batch_8=6 packing_assembly_batches=117 packing_assembly_wait_ms=2842.438639 packing_arrival_interval_us=25000 packing_waited_batches=111 packing_wait_ms=2737.111000 packing_target_flushes=6 packing_deadline_flushes=111 packing_cleanup_flushes=0 stage2_phase_search_attempts=117 stage2_phase_search_task_attempts=380 stage2_phase_search_elapsed_ms=1393.522979 avg_stage2_phase_search_us_per_task=3667.165734 stage2_phase_freeze_prune_attempts=117 stage2_phase_freeze_prune_task_attempts=380 stage2_phase_freeze_prune_elapsed_ms=131.515741 avg_stage2_phase_freeze_prune_us_per_task=346.094055 stage2_phase_reverse_prepare_attempts=117 stage2_phase_reverse_prepare_task_attempts=380 stage2_phase_reverse_prepare_elapsed_ms=560.644667 avg_stage2_phase_reverse_prepare_us_per_task=1475.380703 stage2_phase_placement_authority_attempts=117 stage2_phase_placement_authority_task_attempts=380 stage2_phase_placement_authority_elapsed_ms=55.301040 avg_stage2_phase_placement_authority_us_per_task=145.529053 stage2_phase_completion_handoff_attempts=117 stage2_phase_completion_handoff_task_attempts=380 stage2_phase_completion_handoff_elapsed_ms=0.162493 avg_stage2_phase_completion_handoff_us_per_task=0.427613 stage2_phase_finalize_attempts=117 stage2_phase_finalize_task_attempts=380 stage2_phase_finalize_elapsed_ms=0.411244 avg_stage2_phase_finalize_us_per_task=1.082221 maintenance_worker_idle_waits=56960 maintenance_worker_idle_ms=437103.664178 maintenance_lost_wake_avoided=357 maintenance_targeted_wakes=16203 maintenance_generic_wakes=380 maintenance_broadcast_wakes=0 maintenance_context_slots_scanned=703360 maintenance_ready_notifications=15221 maintenance_ready_stale_notifications=0 maintenance_ready_tickets_drained=12760 maintenance_ready_overflow_scans=0 maintenance_ready_fallback_scans=44131 stage2_search_lane_lease_limit=32 stage2_search_lane_lease_peak=4 stage2_search_lane_lease_blocked=0 maintenance_worker_observed_idle_ratio=0.992757 maintenance_worker_observed_busy_ratio=0.007243 physical_stage1_items=380 physical_stage1_total_ns=1665555668 physical_stage1_search_ns=1559996287 physical_stage1_prune_ns=73038900 physical_stage1_allocate_write_ns=23201638 physical_stage1_backlink_ns=8214922 physical_stage1_candidates=48637 physical_stage1_remote_frontier_items=367707 physical_stage1_neighbors=13932 peer_stage1_enqueued=608 peer_stage1_processed=608 peer_stage1_items=606 avg_peer_stage1_items=0.996711 peer_stage1_rate_per_sec=11.010860 peer_stage1_max_queue=1 peer_stage1_active_workers=0 peer_stage2_home_enqueued=12662 peer_stage2_home_processed=12662 peer_stage2_home_items=1465900 avg_peer_stage2_home_items=115.771600 peer_stage2_home_max_queue=2 peer_stage2_home_response_queue_drops=0 peer_stage2_home_response_send_wait_ms=65.380302 avg_peer_stage2_home_queue_wait_us=16.095492 avg_peer_stage2_home_execution_us=62.636673 peer_stage1_release_deferred_batches=2 peer_stage1_release_deferred_items=2 peer_stage1_duplicate_retry_responses=0 peer_stage1_admission_retry_responses=0 peer_stage1_retry_response_drops=0 peer_stage1_admission_waiters=0 peer_stage1_admission_waiter_items=0 peer_stage1_admission_owned_items=0 peer_stage1_admission_wake_coverage=0 peer_stage1_admission_parked=0 peer_stage1_admission_woken=0 peer_stage1_admission_reparked=0 peer_stage1_max_admission_waiters=0 peer_stage1_duplicate_coalesced=0 peer_reverse_enqueued=1379 peer_reverse_processed=1379 peer_reverse_remaining=0 peer_reverse_items_enqueued=4891 peer_reverse_items_processed=4891 peer_reverse_rate_per_sec=88.868175 peer_reverse_failed=1 peer_reverse_max_queue=2 reclaim_pending=2 reclaim_reused=69 dynamic_high_watermark=19028767552 stage2_remaining=0 cleanup_remaining=0 active_contexts=0 active_context_limit=32 repair_remaining=0 remaining=0
[STATUS]: storage-owner maintenance observation: enqueued=380 stage2_enqueued=380 cleanup_enqueued=0 stage2_tasks_done=380 stage2_finalized_live=380 cleanup_processed=0 stale=0 stage2_completion_ratio=1.000000 live_stage2_completion_ratio=1.000000 avg_stage2_delay_ms=50.383837 p99_stage2_delay_upper_ms=128.000000 p99_stage2_delay_over_30s=false stage2_delay_histogram=0,0,0,0,3,47,254,76,0,0,0,0,0,0,0,0,0,0 max_stage2_delay_ms=115.293046 compaction_batch_target=32 compaction_max_delay_ms=25.000000 stage2_rate_per_sec=6.329349 stage1_search_budget_exhausted=0 stage2_search_budget_exhausted=0 stage2_continuations=380 stage2_remote_frontier_items=367707 avg_stage2_remote_frontier=967.650000 stage2_remote_expansions=11958 avg_stage2_remote_expansions=31.468421 stage2_scored_candidates=735228 avg_stage2_scored_candidates=1934.810526 stage2_graph_read_waves=3598 avg_stage2_expansions_per_graph_wave=3.323513 stage2_graph_unique_reads=12490 stage2_graph_prefetch_issued=8147 stage2_graph_prefetch_hits=7615 stage2_graph_prefetch_wasted=532 stage2_graph_prefetch_promotion_ratio=0.934700 stage2_graph_issue_width_current=16 stage2_vector_read_waves=8057 avg_stage2_scores_per_vector_wave=91.253320 stage2_vector_unique_reads=441142 stage2_home_rpc_batches=5578 stage2_home_rpc_items=365282 avg_stage2_home_rpc_batch=65.486196 stage2_home_score_rpc_batches=1557 stage2_home_score_rpc_items=352792 stage2_home_score_rpc_queries=5424 stage2_home_score_rpc_request_bytes=9083176 stage2_home_score_rpc_response_bytes=11357816 avg_stage2_home_score_queries_per_rpc=3.483622 avg_stage2_home_score_rpc_batch=226.584457 stage2_home_scored_neighbors=646824 home_scores_per_expansion=1.770752 stage2_migrations=71 home_match_rate=0.813158 stage2_final_edges=14552 stage2_cross_edges_stage1_home=2883 stage2_cross_edges_final_home=1580 cross_edge_reduction_ratio=0.451960 failed=0 rpc_timeouts=0 reverse_aggregate_batches=0 reverse_aggregate_logical_requests=0 reverse_aggregate_ops=0 avg_reverse_aggregate_logicals=0.000000 avg_reverse_aggregate_ops=0.000000 max_backlog=8 admission_window=65536 completion_outstanding=0 completion_incomplete=0 completed_behind_hole=0 completion_logical_full_failures=0 completion_physical_full_failures=0 pressure_yields=0 stage2_batches=117 avg_stage2_batch_size=3.247863 packing_target_batch=8 packing_admit_queue_avg=3.247863 packing_admit_queue_max=8 packing_batch_1_7=111 packing_batch_8=6 packing_assembly_batches=117 packing_assembly_wait_ms=2842.438639 packing_arrival_interval_us=25000 packing_waited_batches=111 packing_wait_ms=2737.111000 packing_target_flushes=6 packing_deadline_flushes=111 packing_cleanup_flushes=0 stage2_phase_search_attempts=117 stage2_phase_search_task_attempts=380 stage2_phase_search_elapsed_ms=1393.522979 avg_stage2_phase_search_us_per_task=3667.165734 stage2_phase_freeze_prune_attempts=117 stage2_phase_freeze_prune_task_attempts=380 stage2_phase_freeze_prune_elapsed_ms=131.515741 avg_stage2_phase_freeze_prune_us_per_task=346.094055 stage2_phase_reverse_prepare_attempts=117 stage2_phase_reverse_prepare_task_attempts=380 stage2_phase_reverse_prepare_elapsed_ms=560.644667 avg_stage2_phase_reverse_prepare_us_per_task=1475.380703 stage2_phase_placement_authority_attempts=117 stage2_phase_placement_authority_task_attempts=380 stage2_phase_placement_authority_elapsed_ms=55.301040 avg_stage2_phase_placement_authority_us_per_task=145.529053 stage2_phase_completion_handoff_attempts=117 stage2_phase_completion_handoff_task_attempts=380 stage2_phase_completion_handoff_elapsed_ms=0.162493 avg_stage2_phase_completion_handoff_us_per_task=0.427613 stage2_phase_finalize_attempts=117 stage2_phase_finalize_task_attempts=380 stage2_phase_finalize_elapsed_ms=0.411244 avg_stage2_phase_finalize_us_per_task=1.082221 maintenance_worker_idle_waits=60800 maintenance_worker_idle_ms=475732.917826 maintenance_lost_wake_avoided=357 maintenance_targeted_wakes=16203 maintenance_generic_wakes=380 maintenance_broadcast_wakes=0 maintenance_context_slots_scanned=764800 maintenance_ready_notifications=15221 maintenance_ready_stale_notifications=0 maintenance_ready_tickets_drained=12760 maintenance_ready_overflow_scans=0 maintenance_ready_fallback_scans=48107 stage2_search_lane_lease_limit=32 stage2_search_lane_lease_peak=4 stage2_search_lane_lease_blocked=0 maintenance_worker_observed_idle_ratio=0.990487 maintenance_worker_observed_busy_ratio=0.009513 physical_stage1_items=380 physical_stage1_total_ns=1665555668 physical_stage1_search_ns=1559996287 physical_stage1_prune_ns=73038900 physical_stage1_allocate_write_ns=23201638 physical_stage1_backlink_ns=8214922 physical_stage1_candidates=48637 physical_stage1_remote_frontier_items=367707 physical_stage1_neighbors=13932 peer_stage1_enqueued=608 peer_stage1_processed=608 peer_stage1_items=606 avg_peer_stage1_items=0.996711 peer_stage1_rate_per_sec=10.093647 peer_stage1_max_queue=1 peer_stage1_active_workers=0 peer_stage2_home_enqueued=12662 peer_stage2_home_processed=12662 peer_stage2_home_items=1465900 avg_peer_stage2_home_items=115.771600 peer_stage2_home_max_queue=2 peer_stage2_home_response_queue_drops=0 peer_stage2_home_response_send_wait_ms=65.380302 avg_peer_stage2_home_queue_wait_us=16.095492 avg_peer_stage2_home_execution_us=62.636673 peer_stage1_release_deferred_batches=2 peer_stage1_release_deferred_items=2 peer_stage1_duplicate_retry_responses=0 peer_stage1_admission_retry_responses=0 peer_stage1_retry_response_drops=0 peer_stage1_admission_waiters=0 peer_stage1_admission_waiter_items=0 peer_stage1_admission_owned_items=0 peer_stage1_admission_wake_coverage=0 peer_stage1_admission_parked=0 peer_stage1_admission_woken=0 peer_stage1_admission_reparked=0 peer_stage1_max_admission_waiters=0 peer_stage1_duplicate_coalesced=0 peer_reverse_enqueued=1379 peer_reverse_processed=1379 peer_reverse_remaining=0 peer_reverse_items_enqueued=4891 peer_reverse_items_processed=4891 peer_reverse_rate_per_sec=81.465390 peer_reverse_failed=1 peer_reverse_max_queue=2 reclaim_pending=2 reclaim_reused=69 dynamic_high_watermark=19028767552 stage2_remaining=0 cleanup_remaining=0 active_contexts=0 active_context_limit=32 repair_remaining=0 remaining=0
[STATUS]: storage-owner maintenance observation: enqueued=380 stage2_enqueued=380 cleanup_enqueued=0 stage2_tasks_done=380 stage2_finalized_live=380 cleanup_processed=0 stale=0 stage2_completion_ratio=1.000000 live_stage2_completion_ratio=1.000000 avg_stage2_delay_ms=50.383837 p99_stage2_delay_upper_ms=128.000000 p99_stage2_delay_over_30s=false stage2_delay_histogram=0,0,0,0,3,47,254,76,0,0,0,0,0,0,0,0,0,0 max_stage2_delay_ms=115.293046 compaction_batch_target=32 compaction_max_delay_ms=25.000000 stage2_rate_per_sec=5.842687 stage1_search_budget_exhausted=0 stage2_search_budget_exhausted=0 stage2_continuations=380 stage2_remote_frontier_items=367707 avg_stage2_remote_frontier=967.650000 stage2_remote_expansions=11958 avg_stage2_remote_expansions=31.468421 stage2_scored_candidates=735228 avg_stage2_scored_candidates=1934.810526 stage2_graph_read_waves=3598 avg_stage2_expansions_per_graph_wave=3.323513 stage2_graph_unique_reads=12490 stage2_graph_prefetch_issued=8147 stage2_graph_prefetch_hits=7615 stage2_graph_prefetch_wasted=532 stage2_graph_prefetch_promotion_ratio=0.934700 stage2_graph_issue_width_current=16 stage2_vector_read_waves=8057 avg_stage2_scores_per_vector_wave=91.253320 stage2_vector_unique_reads=441142 stage2_home_rpc_batches=5578 stage2_home_rpc_items=365282 avg_stage2_home_rpc_batch=65.486196 stage2_home_score_rpc_batches=1557 stage2_home_score_rpc_items=352792 stage2_home_score_rpc_queries=5424 stage2_home_score_rpc_request_bytes=9083176 stage2_home_score_rpc_response_bytes=11357816 avg_stage2_home_score_queries_per_rpc=3.483622 avg_stage2_home_score_rpc_batch=226.584457 stage2_home_scored_neighbors=646824 home_scores_per_expansion=1.770752 stage2_migrations=71 home_match_rate=0.813158 stage2_final_edges=14552 stage2_cross_edges_stage1_home=2883 stage2_cross_edges_final_home=1580 cross_edge_reduction_ratio=0.451960 failed=0 rpc_timeouts=0 reverse_aggregate_batches=0 reverse_aggregate_logical_requests=0 reverse_aggregate_ops=0 avg_reverse_aggregate_logicals=0.000000 avg_reverse_aggregate_ops=0.000000 max_backlog=8 admission_window=65536 completion_outstanding=0 completion_incomplete=0 completed_behind_hole=0 completion_logical_full_failures=0 completion_physical_full_failures=0 pressure_yields=0 stage2_batches=117 avg_stage2_batch_size=3.247863 packing_target_batch=8 packing_admit_queue_avg=3.247863 packing_admit_queue_max=8 packing_batch_1_7=111 packing_batch_8=6 packing_assembly_batches=117 packing_assembly_wait_ms=2842.438639 packing_arrival_interval_us=25000 packing_waited_batches=111 packing_wait_ms=2737.111000 packing_target_flushes=6 packing_deadline_flushes=111 packing_cleanup_flushes=0 stage2_phase_search_attempts=117 stage2_phase_search_task_attempts=380 stage2_phase_search_elapsed_ms=1393.522979 avg_stage2_phase_search_us_per_task=3667.165734 stage2_phase_freeze_prune_attempts=117 stage2_phase_freeze_prune_task_attempts=380 stage2_phase_freeze_prune_elapsed_ms=131.515741 avg_stage2_phase_freeze_prune_us_per_task=346.094055 stage2_phase_reverse_prepare_attempts=117 stage2_phase_reverse_prepare_task_attempts=380 stage2_phase_reverse_prepare_elapsed_ms=560.644667 avg_stage2_phase_reverse_prepare_us_per_task=1475.380703 stage2_phase_placement_authority_attempts=117 stage2_phase_placement_authority_task_attempts=380 stage2_phase_placement_authority_elapsed_ms=55.301040 avg_stage2_phase_placement_authority_us_per_task=145.529053 stage2_phase_completion_handoff_attempts=117 stage2_phase_completion_handoff_task_attempts=380 stage2_phase_completion_handoff_elapsed_ms=0.162493 avg_stage2_phase_completion_handoff_us_per_task=0.427613 stage2_phase_finalize_attempts=117 stage2_phase_finalize_task_attempts=380 stage2_phase_finalize_elapsed_ms=0.411244 avg_stage2_phase_finalize_us_per_task=1.082221 maintenance_worker_idle_waits=64832 maintenance_worker_idle_ms=516297.429481 maintenance_lost_wake_avoided=357 maintenance_targeted_wakes=16203 maintenance_generic_wakes=380 maintenance_broadcast_wakes=0 maintenance_context_slots_scanned=829312 maintenance_ready_notifications=15221 maintenance_ready_stale_notifications=0 maintenance_ready_tickets_drained=12760 maintenance_ready_overflow_scans=0 maintenance_ready_fallback_scans=52082 stage2_search_lane_lease_limit=32 stage2_search_lane_lease_peak=4 stage2_search_lane_lease_blocked=0 maintenance_worker_observed_idle_ratio=0.992291 maintenance_worker_observed_busy_ratio=0.007709 physical_stage1_items=380 physical_stage1_total_ns=1665555668 physical_stage1_search_ns=1559996287 physical_stage1_prune_ns=73038900 physical_stage1_allocate_write_ns=23201638 physical_stage1_backlink_ns=8214922 physical_stage1_candidates=48637 physical_stage1_remote_frontier_items=367707 physical_stage1_neighbors=13932 peer_stage1_enqueued=608 peer_stage1_processed=608 peer_stage1_items=606 avg_peer_stage1_items=0.996711 peer_stage1_rate_per_sec=9.317548 peer_stage1_max_queue=1 peer_stage1_active_workers=0 peer_stage2_home_enqueued=12662 peer_stage2_home_processed=12662 peer_stage2_home_items=1465900 avg_peer_stage2_home_items=115.771600 peer_stage2_home_max_queue=2 peer_stage2_home_response_queue_drops=0 peer_stage2_home_response_send_wait_ms=65.380302 avg_peer_stage2_home_queue_wait_us=16.095492 avg_peer_stage2_home_execution_us=62.636673 peer_stage1_release_deferred_batches=2 peer_stage1_release_deferred_items=2 peer_stage1_duplicate_retry_responses=0 peer_stage1_admission_retry_responses=0 peer_stage1_retry_response_drops=0 peer_stage1_admission_waiters=0 peer_stage1_admission_waiter_items=0 peer_stage1_admission_owned_items=0 peer_stage1_admission_wake_coverage=0 peer_stage1_admission_parked=0 peer_stage1_admission_woken=0 peer_stage1_admission_reparked=0 peer_stage1_max_admission_waiters=0 peer_stage1_duplicate_coalesced=0 peer_reverse_enqueued=1379 peer_reverse_processed=1379 peer_reverse_remaining=0 peer_reverse_items_enqueued=4891 peer_reverse_items_processed=4891 peer_reverse_rate_per_sec=75.201530 peer_reverse_failed=1 peer_reverse_max_queue=2 reclaim_pending=2 reclaim_reused=69 dynamic_high_watermark=19028767552 stage2_remaining=0 cleanup_remaining=0 active_contexts=0 active_context_limit=32 repair_remaining=0 remaining=0
[STATUS]: storage-owner maintenance observation: enqueued=380 stage2_enqueued=380 cleanup_enqueued=0 stage2_tasks_done=380 stage2_finalized_live=380 cleanup_processed=0 stale=0 stage2_completion_ratio=1.000000 live_stage2_completion_ratio=1.000000 avg_stage2_delay_ms=50.383837 p99_stage2_delay_upper_ms=128.000000 p99_stage2_delay_over_30s=false stage2_delay_histogram=0,0,0,0,3,47,254,76,0,0,0,0,0,0,0,0,0,0 max_stage2_delay_ms=115.293046 compaction_batch_target=32 compaction_max_delay_ms=25.000000 stage2_rate_per_sec=5.425553 stage1_search_budget_exhausted=0 stage2_search_budget_exhausted=0 stage2_continuations=380 stage2_remote_frontier_items=367707 avg_stage2_remote_frontier=967.650000 stage2_remote_expansions=11958 avg_stage2_remote_expansions=31.468421 stage2_scored_candidates=735228 avg_stage2_scored_candidates=1934.810526 stage2_graph_read_waves=3598 avg_stage2_expansions_per_graph_wave=3.323513 stage2_graph_unique_reads=12490 stage2_graph_prefetch_issued=8147 stage2_graph_prefetch_hits=7615 stage2_graph_prefetch_wasted=532 stage2_graph_prefetch_promotion_ratio=0.934700 stage2_graph_issue_width_current=16 stage2_vector_read_waves=8057 avg_stage2_scores_per_vector_wave=91.253320 stage2_vector_unique_reads=441142 stage2_home_rpc_batches=5578 stage2_home_rpc_items=365282 avg_stage2_home_rpc_batch=65.486196 stage2_home_score_rpc_batches=1557 stage2_home_score_rpc_items=352792 stage2_home_score_rpc_queries=5424 stage2_home_score_rpc_request_bytes=9083176 stage2_home_score_rpc_response_bytes=11357816 avg_stage2_home_score_queries_per_rpc=3.483622 avg_stage2_home_score_rpc_batch=226.584457 stage2_home_scored_neighbors=646824 home_scores_per_expansion=1.770752 stage2_migrations=71 home_match_rate=0.813158 stage2_final_edges=14552 stage2_cross_edges_stage1_home=2883 stage2_cross_edges_final_home=1580 cross_edge_reduction_ratio=0.451960 failed=0 rpc_timeouts=0 reverse_aggregate_batches=0 reverse_aggregate_logical_requests=0 reverse_aggregate_ops=0 avg_reverse_aggregate_logicals=0.000000 avg_reverse_aggregate_ops=0.000000 max_backlog=8 admission_window=65536 completion_outstanding=0 completion_incomplete=0 completed_behind_hole=0 completion_logical_full_failures=0 completion_physical_full_failures=0 pressure_yields=0 stage2_batches=117 avg_stage2_batch_size=3.247863 packing_target_batch=8 packing_admit_queue_avg=3.247863 packing_admit_queue_max=8 packing_batch_1_7=111 packing_batch_8=6 packing_assembly_batches=117 packing_assembly_wait_ms=2842.438639 packing_arrival_interval_us=25000 packing_waited_batches=111 packing_wait_ms=2737.111000 packing_target_flushes=6 packing_deadline_flushes=111 packing_cleanup_flushes=0 stage2_phase_search_attempts=117 stage2_phase_search_task_attempts=380 stage2_phase_search_elapsed_ms=1393.522979 avg_stage2_phase_search_us_per_task=3667.165734 stage2_phase_freeze_prune_attempts=117 stage2_phase_freeze_prune_task_attempts=380 stage2_phase_freeze_prune_elapsed_ms=131.515741 avg_stage2_phase_freeze_prune_us_per_task=346.094055 stage2_phase_reverse_prepare_attempts=117 stage2_phase_reverse_prepare_task_attempts=380 stage2_phase_reverse_prepare_elapsed_ms=560.644667 avg_stage2_phase_reverse_prepare_us_per_task=1475.380703 stage2_phase_placement_authority_attempts=117 stage2_phase_placement_authority_task_attempts=380 stage2_phase_placement_authority_elapsed_ms=55.301040 avg_stage2_phase_placement_authority_us_per_task=145.529053 stage2_phase_completion_handoff_attempts=117 stage2_phase_completion_handoff_task_attempts=380 stage2_phase_completion_handoff_elapsed_ms=0.162493 avg_stage2_phase_completion_handoff_us_per_task=0.427613 stage2_phase_finalize_attempts=117 stage2_phase_finalize_task_attempts=380 stage2_phase_finalize_elapsed_ms=0.411244 avg_stage2_phase_finalize_us_per_task=1.082221 maintenance_worker_idle_waits=68800 maintenance_worker_idle_ms=556222.667575 maintenance_lost_wake_avoided=357 maintenance_targeted_wakes=16203 maintenance_generic_wakes=380 maintenance_broadcast_wakes=0 maintenance_context_slots_scanned=892800 maintenance_ready_notifications=15221 maintenance_ready_stale_notifications=0 maintenance_ready_tickets_drained=12760 maintenance_ready_overflow_scans=0 maintenance_ready_fallback_scans=56056 stage2_search_lane_lease_limit=32 stage2_search_lane_lease_peak=4 stage2_search_lane_lease_blocked=0 maintenance_worker_observed_idle_ratio=0.992703 maintenance_worker_observed_busy_ratio=0.007297 physical_stage1_items=380 physical_stage1_total_ns=1665555668 physical_stage1_search_ns=1559996287 physical_stage1_prune_ns=73038900 physical_stage1_allocate_write_ns=23201638 physical_stage1_backlink_ns=8214922 physical_stage1_candidates=48637 physical_stage1_remote_frontier_items=367707 physical_stage1_neighbors=13932 peer_stage1_enqueued=608 peer_stage1_processed=608 peer_stage1_items=606 avg_peer_stage1_items=0.996711 peer_stage1_rate_per_sec=8.652330 peer_stage1_max_queue=1 peer_stage1_active_workers=0 peer_stage2_home_enqueued=12662 peer_stage2_home_processed=12662 peer_stage2_home_items=1465900 avg_peer_stage2_home_items=115.771600 peer_stage2_home_max_queue=2 peer_stage2_home_response_queue_drops=0 peer_stage2_home_response_send_wait_ms=65.380302 avg_peer_stage2_home_queue_wait_us=16.095492 avg_peer_stage2_home_execution_us=62.636673 peer_stage1_release_deferred_batches=2 peer_stage1_release_deferred_items=2 peer_stage1_duplicate_retry_responses=0 peer_stage1_admission_retry_responses=0 peer_stage1_retry_response_drops=0 peer_stage1_admission_waiters=0 peer_stage1_admission_waiter_items=0 peer_stage1_admission_owned_items=0 peer_stage1_admission_wake_coverage=0 peer_stage1_admission_parked=0 peer_stage1_admission_woken=0 peer_stage1_admission_reparked=0 peer_stage1_max_admission_waiters=0 peer_stage1_duplicate_coalesced=0 peer_reverse_enqueued=1379 peer_reverse_processed=1379 peer_reverse_remaining=0 peer_reverse_items_enqueued=4891 peer_reverse_items_processed=4891 peer_reverse_rate_per_sec=69.832581 peer_reverse_failed=1 peer_reverse_max_queue=2 reclaim_pending=2 reclaim_reused=69 dynamic_high_watermark=19028767552 stage2_remaining=0 cleanup_remaining=0 active_contexts=0 active_context_limit=32 repair_remaining=0 remaining=0
