[breakdown] concurrency clients=256 source=auto auto_required=256 auto_cap=512 gpu_query_slots=256 storage_rpc_inflight=80 (5x16) derivation=gpu_query_slots
[breakdown] performance query: /data/xjs/datasets/spacev1b/spacev100m/spacev100m_to_110m_query.i8bin [100000000,110000000)
[breakdown] unique performance-query budget rows=10000000 total_timed_seconds=25 max_average_query_qps_without_reuse=400000.0
[ 12%] Built target rdma_library
[ 18%] Built target dvstor_gpu_kernels
[ 81%] Built target dvstor_runtime
[ 93%] Built target dvstor_breakdown_support
[100%] Built target dvstor_breakdown_benchmark
[mn-memory] required=23 GiB source=metadata policy=20% of base nodes limiting_shard=4 dynamic_slots=4077777 record_bytes=992
[breakdown] profile=04_gpu_persistent_gpunetio command: /home/xjs/experiment/dvstor/build/dvstor_breakdown_benchmark --service-config /home/xjs/experiment/dvstor/experiment/spacev100m/program3/results/program3_20260831_193611/performance_late_c16/04_gpu_persistent_gpunetio/service_04_gpu_persistent_gpunetio_20260831_194340.ini --profile-name 04_gpu_persistent_gpunetio --system-variant-label full --workload query --warmup-ops 100 --measure-ops 1000 --warmup-seconds 5 --measure-seconds 20 --client-threads 256 --read-ratio 0.5 --mixed-mode fixed_threads --write-threads 0 --target-query-qps 0 --target-write-qps 0 --write-insert-ratio 1 --write-upsert-ratio 0 --write-delete-ratio 0 --report-json /home/xjs/experiment/dvstor/experiment/spacev100m/program3/results/program3_20260831_193611/performance_late_c16/04_gpu_persistent_gpunetio/spacev100m_04_gpu_persistent_gpunetio_20260831_194340.json --report-text /home/xjs/experiment/dvstor/experiment/spacev100m/program3/results/program3_20260831_193611/performance_late_c16/04_gpu_persistent_gpunetio/spacev100m_04_gpu_persistent_gpunetio_20260831_194340.txt --recall-query-file /data/xjs/index/dvstor_spacev100m/prepared/recall_query.i8bin --groundtruth-file /data/xjs/index/dvstor_spacev100m/prepared/recall_groundtruth.bin --recall-queries 1000 --recall-k 10 --recall-mode all --recall-base-id-limit 0 --performance-query-file /data/xjs/datasets/spacev1b/spacev100m/spacev100m_to_110m_query.i8bin --storage-maintenance-log /home/xjs/experiment/dvstor/experiment/spacev100m/logs/memory_node_1_04_gpu_persistent_gpunetio.log --storage-maintenance-log /home/xjs/experiment/dvstor/experiment/spacev100m/logs/memory_node_2_04_gpu_persistent_gpunetio.log --storage-maintenance-log /home/xjs/experiment/dvstor/experiment/spacev100m/logs/memory_node_3_04_gpu_persistent_gpunetio.log --storage-maintenance-log /home/xjs/experiment/dvstor/experiment/spacev100m/logs/memory_node_4_04_gpu_persistent_gpunetio.log --storage-maintenance-log /home/xjs/experiment/dvstor/experiment/spacev100m/logs/memory_node_5_04_gpu_persistent_gpunetio.log
============================================================
                        CLIENT
============================================================
connect to:                   [192.168.6.202:1234, 192.168.6.202:1235, 192.168.6.202:1236, 192.168.6.202:1237, 192.168.6.202:1238, ]
is initiator:                 true
TCP port:                     2234
QP handshake timeout (ms):    10000
IB device:                    <auto>
IB port:                      1
max outstanding CQEs:         64
max send work requests:       4096
max receive work requests:    4096
============================================================
index prefix:                     "/data/xjs/index/dvstor_spacev100m/index/spacev100m_R96_bw128_metis_pmd32_pq20_schema16"
threads:                          64
dimension:                        100
max vectors:                      100000000
vector ID namespace [0,N):        4294967295
K / R:                            10 / 96
vector data type:                 int8
--------------------------------------------------------------------
query engine:                     persistent_gpu_opq_pq
remote transport:                 GPU-initiated GPUNetIO
GPU device:                       1
GPU concurrent query slots:       256
GPU memory limit/reserve GiB:     40/4
GPU traversal/rerank width:       128/128
GPU max expansions:               384
GPU device stack bytes/thread:    4096
GPU graph commit/issue width:     16/16
dynamic graph access mode:        adaptive
GPU graph read policy:            live-extent
GPU dynamic graph extent:         true
GPU-RDMA progression mode:        manual
GPU Beam merge policy:            stable-run
query RDMA trace mode/rate:       off/1000
query RDMA trace output:          ""
GPU RDMA QPs per storage node:    32
GPU direct CQ timeout ms:         250
GPU persistent blocks/SM cap:     4
compute updates enabled:          false
storage update completion mode:   decoupled
storage update protocol:          centroid-home two-stage
storage RPC depth/batch:          16/32
storage batch max wait us:        10000
storage Stage2 batch max wait us: 25000
storage Stage2 initial delay ms:  0
Stage2 exact score-many:          true
Stage2 home RPC combining:        true
Stage2 graph issue width:         16
storage peer QPs per peer:        8
storage stage2 maintenance:       8 workers, backlog 65536
====================================================================
[breakdown] workload input preflight passed before service startup
1 device(s) found
Selected device: mlx5_0
Selected port state: 4, lid: 1, active_mtu: 5
interleaved policy
num_cores: 112
physical cores per socket: 28
hyperthreading enabled
local process CPU partition: rank 0/1 logical_cpus=112
[STATUS]: loaded schema-16 GPU index metadata from /data/xjs/index/dvstor_spacev100m/index/spacev100m_R96_bw128_metis_pmd32_pq20_schema16 (OPQ/PQ20, vector_data_type=int8)
client id: 0
number of clients: 1
connect to server 192.168.6.202:1234
pairing: 24939 -- 103200
connect to server 192.168.6.202:1235
pairing: 24940 -- 103201
connect to server 192.168.6.202:1236
pairing: 24941 -- 103202
connect to server 192.168.6.202:1237
pairing: 24942 -- 103203
connect to server 192.168.6.202:1238
pairing: 24943 -- 103204
[STATUS]: receive access tokens of remote memory regions
[STATUS]: compute updates disabled: update executor is not started
[STATUS]: search: GPU-persistent OPQ/PQ20 beam + final RDMA exact rerank
[gpu-search] synthesized navigation manifest in memory from metadata
[gpu-search] persistent PQ kernel specialization=PQ20 model_subquantizers=20
[gpu-search] graph-read-policy=live-extent extent_quantum=8 extent_source="/data/xjs/index/dvstor_spacev100m/index/spacev100m_R96_bw128_metis_pmd32_pq20_schema16.gextent8" extent_classes=100000000 extent_payload_bytes=100000000
[gpu-search] query routing=versioned centroid routes centroid_shards=5 live_entries_per_shard=4 start_shards=1
[gpu-search] device=NVIDIA A800 80GB PCIe cc=8.0 sm_count=108 global_memory=85119205376 gpudirect_rdma=1
[gpu-search] navigation budget codes=2000000000 dynamic_code_scratch=14680064 dynamic_code_arena=616458384 dynamic_code_arena_slots=25685766 dynamic_request_scratch=10485760 navigation_candidates=6291456 direct_queue_scratch=1866240 graph_scratch=16777216 graph_request_metadata=32768 speculative_graph_request_metadata=270336 graph_extent_classes=100000000 query_rdma_trace=0 centroid_route=528 shard_centroids=2000 explicit=3116937160 limit=38654705664 bytes
[STATUS]: exporting GPUNetIO QP resource=0 lane=0 server=0 qpn=24944 gpu_pci=0000:5C:00.0 ibdev=mlx5_0 handler=GPU_SM_DB
[STATUS]: exporting GPUNetIO QP resource=0 lane=0 server=1 qpn=24945 gpu_pci=0000:5C:00.0 ibdev=mlx5_0 handler=GPU_SM_DB
[STATUS]: exporting GPUNetIO QP resource=0 lane=0 server=2 qpn=24946 gpu_pci=0000:5C:00.0 ibdev=mlx5_0 handler=GPU_SM_DB
[STATUS]: exporting GPUNetIO QP resource=0 lane=0 server=3 qpn=24947 gpu_pci=0000:5C:00.0 ibdev=mlx5_0 handler=GPU_SM_DB
[STATUS]: exporting GPUNetIO QP resource=0 lane=0 server=4 qpn=24948 gpu_pci=0000:5C:00.0 ibdev=mlx5_0 handler=GPU_SM_DB
[STATUS]: exporting GPUNetIO QP resource=0 lane=1 server=0 qpn=24949 gpu_pci=0000:5C:00.0 ibdev=mlx5_0 handler=GPU_SM_DB
[STATUS]: exporting GPUNetIO QP resource=0 lane=1 server=1 qpn=24950 gpu_pci=0000:5C:00.0 ibdev=mlx5_0 handler=GPU_SM_DB
[STATUS]: exporting GPUNetIO QP resource=0 lane=1 server=2 qpn=24951 gpu_pci=0000:5C:00.0 ibdev=mlx5_0 handler=GPU_SM_DB
[STATUS]: exporting GPUNetIO QP resource=0 lane=1 server=3 qpn=24952 gpu_pci=0000:5C:00.0 ibdev=mlx5_0 handler=GPU_SM_DB
[STATUS]: exporting GPUNetIO QP resource=0 lane=1 server=4 qpn=24953 gpu_pci=0000:5C:00.0 ibdev=mlx5_0 handler=GPU_SM_DB
[STATUS]: exporting GPUNetIO QP resource=0 lane=2 server=0 qpn=24954 gpu_pci=0000:5C:00.0 ibdev=mlx5_0 handler=GPU_SM_DB
[STATUS]: exporting GPUNetIO QP resource=0 lane=2 server=1 qpn=24955 gpu_pci=0000:5C:00.0 ibdev=mlx5_0 handler=GPU_SM_DB
[STATUS]: exporting GPUNetIO QP resource=0 lane=2 server=2 qpn=24956 gpu_pci=0000:5C:00.0 ibdev=mlx5_0 handler=GPU_SM_DB
[STATUS]: exporting GPUNetIO QP resource=0 lane=2 server=3 qpn=24957 gpu_pci=0000:5C:00.0 ibdev=mlx5_0 handler=GPU_SM_DB
[STATUS]: exporting GPUNetIO QP resource=0 lane=2 server=4 qpn=24958 gpu_pci=0000:5C:00.0 ibdev=mlx5_0 handler=GPU_SM_DB
[STATUS]: exporting GPUNetIO QP resource=0 lane=3 server=0 qpn=24959 gpu_pci=0000:5C:00.0 ibdev=mlx5_0 handler=GPU_SM_DB
[STATUS]: exporting GPUNetIO QP resource=0 lane=3 server=1 qpn=24960 gpu_pci=0000:5C:00.0 ibdev=mlx5_0 handler=GPU_SM_DB
[STATUS]: exporting GPUNetIO QP resource=0 lane=3 server=2 qpn=24961 gpu_pci=0000:5C:00.0 ibdev=mlx5_0 handler=GPU_SM_DB
[STATUS]: exporting GPUNetIO QP resource=0 lane=3 server=3 qpn=24962 gpu_pci=0000:5C:00.0 ibdev=mlx5_0 handler=GPU_SM_DB
[STATUS]: exporting GPUNetIO QP resource=0 lane=3 server=4 qpn=24963 gpu_pci=0000:5C:00.0 ibdev=mlx5_0 handler=GPU_SM_DB
[STATUS]: exporting GPUNetIO QP resource=0 lane=4 server=0 qpn=24964 gpu_pci=0000:5C:00.0 ibdev=mlx5_0 handler=GPU_SM_DB
[STATUS]: exporting GPUNetIO QP resource=0 lane=4 server=1 qpn=24965 gpu_pci=0000:5C:00.0 ibdev=mlx5_0 handler=GPU_SM_DB
[STATUS]: exporting GPUNetIO QP resource=0 lane=4 server=2 qpn=24966 gpu_pci=0000:5C:00.0 ibdev=mlx5_0 handler=GPU_SM_DB
[STATUS]: exporting GPUNetIO QP resource=0 lane=4 server=3 qpn=24967 gpu_pci=0000:5C:00.0 ibdev=mlx5_0 handler=GPU_SM_DB
[STATUS]: exporting GPUNetIO QP resource=0 lane=4 server=4 qpn=24968 gpu_pci=0000:5C:00.0 ibdev=mlx5_0 handler=GPU_SM_DB
[STATUS]: exporting GPUNetIO QP resource=0 lane=5 server=0 qpn=24969 gpu_pci=0000:5C:00.0 ibdev=mlx5_0 handler=GPU_SM_DB
[STATUS]: exporting GPUNetIO QP resource=0 lane=5 server=1 qpn=24970 gpu_pci=0000:5C:00.0 ibdev=mlx5_0 handler=GPU_SM_DB
[STATUS]: exporting GPUNetIO QP resource=0 lane=5 server=2 qpn=24971 gpu_pci=0000:5C:00.0 ibdev=mlx5_0 handler=GPU_SM_DB
[STATUS]: exporting GPUNetIO QP resource=0 lane=5 server=3 qpn=24972 gpu_pci=0000:5C:00.0 ibdev=mlx5_0 handler=GPU_SM_DB
[STATUS]: exporting GPUNetIO QP resource=0 lane=5 server=4 qpn=24973 gpu_pci=0000:5C:00.0 ibdev=mlx5_0 handler=GPU_SM_DB
[STATUS]: exporting GPUNetIO QP resource=0 lane=6 server=0 qpn=24974 gpu_pci=0000:5C:00.0 ibdev=mlx5_0 handler=GPU_SM_DB
[STATUS]: exporting GPUNetIO QP resource=0 lane=6 server=1 qpn=24975 gpu_pci=0000:5C:00.0 ibdev=mlx5_0 handler=GPU_SM_DB
[STATUS]: exporting GPUNetIO QP resource=0 lane=6 server=2 qpn=24976 gpu_pci=0000:5C:00.0 ibdev=mlx5_0 handler=GPU_SM_DB
[STATUS]: exporting GPUNetIO QP resource=0 lane=6 server=3 qpn=24977 gpu_pci=0000:5C:00.0 ibdev=mlx5_0 handler=GPU_SM_DB
[STATUS]: exporting GPUNetIO QP resource=0 lane=6 server=4 qpn=24978 gpu_pci=0000:5C:00.0 ibdev=mlx5_0 handler=GPU_SM_DB
[STATUS]: exporting GPUNetIO QP resource=0 lane=7 server=0 qpn=24979 gpu_pci=0000:5C:00.0 ibdev=mlx5_0 handler=GPU_SM_DB
[STATUS]: exporting GPUNetIO QP resource=0 lane=7 server=1 qpn=24980 gpu_pci=0000:5C:00.0 ibdev=mlx5_0 handler=GPU_SM_DB
[STATUS]: exporting GPUNetIO QP resource=0 lane=7 server=2 qpn=24981 gpu_pci=0000:5C:00.0 ibdev=mlx5_0 handler=GPU_SM_DB
[STATUS]: exporting GPUNetIO QP resource=0 lane=7 server=3 qpn=24982 gpu_pci=0000:5C:00.0 ibdev=mlx5_0 handler=GPU_SM_DB
[STATUS]: exporting GPUNetIO QP resource=0 lane=7 server=4 qpn=24983 gpu_pci=0000:5C:00.0 ibdev=mlx5_0 handler=GPU_SM_DB
[STATUS]: exporting GPUNetIO QP resource=0 lane=8 server=0 qpn=24984 gpu_pci=0000:5C:00.0 ibdev=mlx5_0 handler=GPU_SM_DB
[STATUS]: exporting GPUNetIO QP resource=0 lane=8 server=1 qpn=24985 gpu_pci=0000:5C:00.0 ibdev=mlx5_0 handler=GPU_SM_DB
[STATUS]: exporting GPUNetIO QP resource=0 lane=8 server=2 qpn=24986 gpu_pci=0000:5C:00.0 ibdev=mlx5_0 handler=GPU_SM_DB
[STATUS]: exporting GPUNetIO QP resource=0 lane=8 server=3 qpn=24987 gpu_pci=0000:5C:00.0 ibdev=mlx5_0 handler=GPU_SM_DB
[STATUS]: exporting GPUNetIO QP resource=0 lane=8 server=4 qpn=24988 gpu_pci=0000:5C:00.0 ibdev=mlx5_0 handler=GPU_SM_DB
[STATUS]: exporting GPUNetIO QP resource=0 lane=9 server=0 qpn=24989 gpu_pci=0000:5C:00.0 ibdev=mlx5_0 handler=GPU_SM_DB
[STATUS]: exporting GPUNetIO QP resource=0 lane=9 server=1 qpn=24990 gpu_pci=0000:5C:00.0 ibdev=mlx5_0 handler=GPU_SM_DB
[STATUS]: exporting GPUNetIO QP resource=0 lane=9 server=2 qpn=24991 gpu_pci=0000:5C:00.0 ibdev=mlx5_0 handler=GPU_SM_DB
[STATUS]: exporting GPUNetIO QP resource=0 lane=9 server=3 qpn=24992 gpu_pci=0000:5C:00.0 ibdev=mlx5_0 handler=GPU_SM_DB
[STATUS]: exporting GPUNetIO QP resource=0 lane=9 server=4 qpn=24993 gpu_pci=0000:5C:00.0 ibdev=mlx5_0 handler=GPU_SM_DB
[STATUS]: exporting GPUNetIO QP resource=0 lane=10 server=0 qpn=24994 gpu_pci=0000:5C:00.0 ibdev=mlx5_0 handler=GPU_SM_DB
[STATUS]: exporting GPUNetIO QP resource=0 lane=10 server=1 qpn=24995 gpu_pci=0000:5C:00.0 ibdev=mlx5_0 handler=GPU_SM_DB
[STATUS]: exporting GPUNetIO QP resource=0 lane=10 server=2 qpn=24996 gpu_pci=0000:5C:00.0 ibdev=mlx5_0 handler=GPU_SM_DB
[STATUS]: exporting GPUNetIO QP resource=0 lane=10 server=3 qpn=24997 gpu_pci=0000:5C:00.0 ibdev=mlx5_0 handler=GPU_SM_DB
[STATUS]: exporting GPUNetIO QP resource=0 lane=10 server=4 qpn=24998 gpu_pci=0000:5C:00.0 ibdev=mlx5_0 handler=GPU_SM_DB
[STATUS]: exporting GPUNetIO QP resource=0 lane=11 server=0 qpn=24999 gpu_pci=0000:5C:00.0 ibdev=mlx5_0 handler=GPU_SM_DB
[STATUS]: exporting GPUNetIO QP resource=0 lane=11 server=1 qpn=25000 gpu_pci=0000:5C:00.0 ibdev=mlx5_0 handler=GPU_SM_DB
[STATUS]: exporting GPUNetIO QP resource=0 lane=11 server=2 qpn=25001 gpu_pci=0000:5C:00.0 ibdev=mlx5_0 handler=GPU_SM_DB
[STATUS]: exporting GPUNetIO QP resource=0 lane=11 server=3 qpn=25002 gpu_pci=0000:5C:00.0 ibdev=mlx5_0 handler=GPU_SM_DB
[STATUS]: exporting GPUNetIO QP resource=0 lane=11 server=4 qpn=25003 gpu_pci=0000:5C:00.0 ibdev=mlx5_0 handler=GPU_SM_DB
[STATUS]: exporting GPUNetIO QP resource=0 lane=12 server=0 qpn=25004 gpu_pci=0000:5C:00.0 ibdev=mlx5_0 handler=GPU_SM_DB
[STATUS]: exporting GPUNetIO QP resource=0 lane=12 server=1 qpn=25005 gpu_pci=0000:5C:00.0 ibdev=mlx5_0 handler=GPU_SM_DB
[STATUS]: exporting GPUNetIO QP resource=0 lane=12 server=2 qpn=25006 gpu_pci=0000:5C:00.0 ibdev=mlx5_0 handler=GPU_SM_DB
[STATUS]: exporting GPUNetIO QP resource=0 lane=12 server=3 qpn=25007 gpu_pci=0000:5C:00.0 ibdev=mlx5_0 handler=GPU_SM_DB
[STATUS]: exporting GPUNetIO QP resource=0 lane=12 server=4 qpn=25008 gpu_pci=0000:5C:00.0 ibdev=mlx5_0 handler=GPU_SM_DB
[STATUS]: exporting GPUNetIO QP resource=0 lane=13 server=0 qpn=25009 gpu_pci=0000:5C:00.0 ibdev=mlx5_0 handler=GPU_SM_DB
[STATUS]: exporting GPUNetIO QP resource=0 lane=13 server=1 qpn=25010 gpu_pci=0000:5C:00.0 ibdev=mlx5_0 handler=GPU_SM_DB
[STATUS]: exporting GPUNetIO QP resource=0 lane=13 server=2 qpn=25011 gpu_pci=0000:5C:00.0 ibdev=mlx5_0 handler=GPU_SM_DB
[STATUS]: exporting GPUNetIO QP resource=0 lane=13 server=3 qpn=25012 gpu_pci=0000:5C:00.0 ibdev=mlx5_0 handler=GPU_SM_DB
[STATUS]: exporting GPUNetIO QP resource=0 lane=13 server=4 qpn=25013 gpu_pci=0000:5C:00.0 ibdev=mlx5_0 handler=GPU_SM_DB
[STATUS]: exporting GPUNetIO QP resource=0 lane=14 server=0 qpn=25014 gpu_pci=0000:5C:00.0 ibdev=mlx5_0 handler=GPU_SM_DB
[STATUS]: exporting GPUNetIO QP resource=0 lane=14 server=1 qpn=25015 gpu_pci=0000:5C:00.0 ibdev=mlx5_0 handler=GPU_SM_DB
[STATUS]: exporting GPUNetIO QP resource=0 lane=14 server=2 qpn=25016 gpu_pci=0000:5C:00.0 ibdev=mlx5_0 handler=GPU_SM_DB
[STATUS]: exporting GPUNetIO QP resource=0 lane=14 server=3 qpn=25017 gpu_pci=0000:5C:00.0 ibdev=mlx5_0 handler=GPU_SM_DB
[STATUS]: exporting GPUNetIO QP resource=0 lane=14 server=4 qpn=25018 gpu_pci=0000:5C:00.0 ibdev=mlx5_0 handler=GPU_SM_DB
[STATUS]: exporting GPUNetIO QP resource=0 lane=15 server=0 qpn=25019 gpu_pci=0000:5C:00.0 ibdev=mlx5_0 handler=GPU_SM_DB
[STATUS]: exporting GPUNetIO QP resource=0 lane=15 server=1 qpn=25020 gpu_pci=0000:5C:00.0 ibdev=mlx5_0 handler=GPU_SM_DB
[STATUS]: exporting GPUNetIO QP resource=0 lane=15 server=2 qpn=25021 gpu_pci=0000:5C:00.0 ibdev=mlx5_0 handler=GPU_SM_DB
[STATUS]: exporting GPUNetIO QP resource=0 lane=15 server=3 qpn=25022 gpu_pci=0000:5C:00.0 ibdev=mlx5_0 handler=GPU_SM_DB
[STATUS]: exporting GPUNetIO QP resource=0 lane=15 server=4 qpn=25023 gpu_pci=0000:5C:00.0 ibdev=mlx5_0 handler=GPU_SM_DB
[STATUS]: exporting GPUNetIO QP resource=0 lane=16 server=0 qpn=25024 gpu_pci=0000:5C:00.0 ibdev=mlx5_0 handler=GPU_SM_DB
[STATUS]: exporting GPUNetIO QP resource=0 lane=16 server=1 qpn=25025 gpu_pci=0000:5C:00.0 ibdev=mlx5_0 handler=GPU_SM_DB
[STATUS]: exporting GPUNetIO QP resource=0 lane=16 server=2 qpn=25026 gpu_pci=0000:5C:00.0 ibdev=mlx5_0 handler=GPU_SM_DB
[STATUS]: exporting GPUNetIO QP resource=0 lane=16 server=3 qpn=25027 gpu_pci=0000:5C:00.0 ibdev=mlx5_0 handler=GPU_SM_DB
[STATUS]: exporting GPUNetIO QP resource=0 lane=16 server=4 qpn=25028 gpu_pci=0000:5C:00.0 ibdev=mlx5_0 handler=GPU_SM_DB
[STATUS]: exporting GPUNetIO QP resource=0 lane=17 server=0 qpn=25029 gpu_pci=0000:5C:00.0 ibdev=mlx5_0 handler=GPU_SM_DB
[STATUS]: exporting GPUNetIO QP resource=0 lane=17 server=1 qpn=25030 gpu_pci=0000:5C:00.0 ibdev=mlx5_0 handler=GPU_SM_DB
[STATUS]: exporting GPUNetIO QP resource=0 lane=17 server=2 qpn=25031 gpu_pci=0000:5C:00.0 ibdev=mlx5_0 handler=GPU_SM_DB
[STATUS]: exporting GPUNetIO QP resource=0 lane=17 server=3 qpn=25032 gpu_pci=0000:5C:00.0 ibdev=mlx5_0 handler=GPU_SM_DB
[STATUS]: exporting GPUNetIO QP resource=0 lane=17 server=4 qpn=25033 gpu_pci=0000:5C:00.0 ibdev=mlx5_0 handler=GPU_SM_DB
[STATUS]: exporting GPUNetIO QP resource=0 lane=18 server=0 qpn=25034 gpu_pci=0000:5C:00.0 ibdev=mlx5_0 handler=GPU_SM_DB
[STATUS]: exporting GPUNetIO QP resource=0 lane=18 server=1 qpn=25035 gpu_pci=0000:5C:00.0 ibdev=mlx5_0 handler=GPU_SM_DB
[STATUS]: exporting GPUNetIO QP resource=0 lane=18 server=2 qpn=25036 gpu_pci=0000:5C:00.0 ibdev=mlx5_0 handler=GPU_SM_DB
[STATUS]: exporting GPUNetIO QP resource=0 lane=18 server=3 qpn=25037 gpu_pci=0000:5C:00.0 ibdev=mlx5_0 handler=GPU_SM_DB
[STATUS]: exporting GPUNetIO QP resource=0 lane=18 server=4 qpn=25038 gpu_pci=0000:5C:00.0 ibdev=mlx5_0 handler=GPU_SM_DB
[STATUS]: exporting GPUNetIO QP resource=0 lane=19 server=0 qpn=25039 gpu_pci=0000:5C:00.0 ibdev=mlx5_0 handler=GPU_SM_DB
[STATUS]: exporting GPUNetIO QP resource=0 lane=19 server=1 qpn=25040 gpu_pci=0000:5C:00.0 ibdev=mlx5_0 handler=GPU_SM_DB
[STATUS]: exporting GPUNetIO QP resource=0 lane=19 server=2 qpn=25041 gpu_pci=0000:5C:00.0 ibdev=mlx5_0 handler=GPU_SM_DB
[STATUS]: exporting GPUNetIO QP resource=0 lane=19 server=3 qpn=25042 gpu_pci=0000:5C:00.0 ibdev=mlx5_0 handler=GPU_SM_DB
[STATUS]: exporting GPUNetIO QP resource=0 lane=19 server=4 qpn=25043 gpu_pci=0000:5C:00.0 ibdev=mlx5_0 handler=GPU_SM_DB
[STATUS]: exporting GPUNetIO QP resource=0 lane=20 server=0 qpn=25044 gpu_pci=0000:5C:00.0 ibdev=mlx5_0 handler=GPU_SM_DB
[STATUS]: exporting GPUNetIO QP resource=0 lane=20 server=1 qpn=25045 gpu_pci=0000:5C:00.0 ibdev=mlx5_0 handler=GPU_SM_DB
[STATUS]: exporting GPUNetIO QP resource=0 lane=20 server=2 qpn=25046 gpu_pci=0000:5C:00.0 ibdev=mlx5_0 handler=GPU_SM_DB
[STATUS]: exporting GPUNetIO QP resource=0 lane=20 server=3 qpn=25047 gpu_pci=0000:5C:00.0 ibdev=mlx5_0 handler=GPU_SM_DB
[STATUS]: exporting GPUNetIO QP resource=0 lane=20 server=4 qpn=25048 gpu_pci=0000:5C:00.0 ibdev=mlx5_0 handler=GPU_SM_DB
[STATUS]: exporting GPUNetIO QP resource=0 lane=21 server=0 qpn=25049 gpu_pci=0000:5C:00.0 ibdev=mlx5_0 handler=GPU_SM_DB
[STATUS]: exporting GPUNetIO QP resource=0 lane=21 server=1 qpn=25050 gpu_pci=0000:5C:00.0 ibdev=mlx5_0 handler=GPU_SM_DB
[STATUS]: exporting GPUNetIO QP resource=0 lane=21 server=2 qpn=25051 gpu_pci=0000:5C:00.0 ibdev=mlx5_0 handler=GPU_SM_DB
[STATUS]: exporting GPUNetIO QP resource=0 lane=21 server=3 qpn=25052 gpu_pci=0000:5C:00.0 ibdev=mlx5_0 handler=GPU_SM_DB
[STATUS]: exporting GPUNetIO QP resource=0 lane=21 server=4 qpn=25053 gpu_pci=0000:5C:00.0 ibdev=mlx5_0 handler=GPU_SM_DB
[STATUS]: exporting GPUNetIO QP resource=0 lane=22 server=0 qpn=25054 gpu_pci=0000:5C:00.0 ibdev=mlx5_0 handler=GPU_SM_DB
[STATUS]: exporting GPUNetIO QP resource=0 lane=22 server=1 qpn=25055 gpu_pci=0000:5C:00.0 ibdev=mlx5_0 handler=GPU_SM_DB
[STATUS]: exporting GPUNetIO QP resource=0 lane=22 server=2 qpn=25056 gpu_pci=0000:5C:00.0 ibdev=mlx5_0 handler=GPU_SM_DB
[STATUS]: exporting GPUNetIO QP resource=0 lane=22 server=3 qpn=25057 gpu_pci=0000:5C:00.0 ibdev=mlx5_0 handler=GPU_SM_DB
[STATUS]: exporting GPUNetIO QP resource=0 lane=22 server=4 qpn=25058 gpu_pci=0000:5C:00.0 ibdev=mlx5_0 handler=GPU_SM_DB
[STATUS]: exporting GPUNetIO QP resource=0 lane=23 server=0 qpn=25059 gpu_pci=0000:5C:00.0 ibdev=mlx5_0 handler=GPU_SM_DB
[STATUS]: exporting GPUNetIO QP resource=0 lane=23 server=1 qpn=25060 gpu_pci=0000:5C:00.0 ibdev=mlx5_0 handler=GPU_SM_DB
[STATUS]: exporting GPUNetIO QP resource=0 lane=23 server=2 qpn=25061 gpu_pci=0000:5C:00.0 ibdev=mlx5_0 handler=GPU_SM_DB
[STATUS]: exporting GPUNetIO QP resource=0 lane=23 server=3 qpn=25062 gpu_pci=0000:5C:00.0 ibdev=mlx5_0 handler=GPU_SM_DB
[STATUS]: exporting GPUNetIO QP resource=0 lane=23 server=4 qpn=25063 gpu_pci=0000:5C:00.0 ibdev=mlx5_0 handler=GPU_SM_DB
[STATUS]: exporting GPUNetIO QP resource=0 lane=24 server=0 qpn=25064 gpu_pci=0000:5C:00.0 ibdev=mlx5_0 handler=GPU_SM_DB
[STATUS]: exporting GPUNetIO QP resource=0 lane=24 server=1 qpn=25065 gpu_pci=0000:5C:00.0 ibdev=mlx5_0 handler=GPU_SM_DB
[STATUS]: exporting GPUNetIO QP resource=0 lane=24 server=2 qpn=25066 gpu_pci=0000:5C:00.0 ibdev=mlx5_0 handler=GPU_SM_DB
[STATUS]: exporting GPUNetIO QP resource=0 lane=24 server=3 qpn=25067 gpu_pci=0000:5C:00.0 ibdev=mlx5_0 handler=GPU_SM_DB
[STATUS]: exporting GPUNetIO QP resource=0 lane=24 server=4 qpn=25068 gpu_pci=0000:5C:00.0 ibdev=mlx5_0 handler=GPU_SM_DB
[STATUS]: exporting GPUNetIO QP resource=0 lane=25 server=0 qpn=25069 gpu_pci=0000:5C:00.0 ibdev=mlx5_0 handler=GPU_SM_DB
[STATUS]: exporting GPUNetIO QP resource=0 lane=25 server=1 qpn=25070 gpu_pci=0000:5C:00.0 ibdev=mlx5_0 handler=GPU_SM_DB
[STATUS]: exporting GPUNetIO QP resource=0 lane=25 server=2 qpn=25071 gpu_pci=0000:5C:00.0 ibdev=mlx5_0 handler=GPU_SM_DB
[STATUS]: exporting GPUNetIO QP resource=0 lane=25 server=3 qpn=25072 gpu_pci=0000:5C:00.0 ibdev=mlx5_0 handler=GPU_SM_DB
[STATUS]: exporting GPUNetIO QP resource=0 lane=25 server=4 qpn=25073 gpu_pci=0000:5C:00.0 ibdev=mlx5_0 handler=GPU_SM_DB
[STATUS]: exporting GPUNetIO QP resource=0 lane=26 server=0 qpn=25074 gpu_pci=0000:5C:00.0 ibdev=mlx5_0 handler=GPU_SM_DB
[STATUS]: exporting GPUNetIO QP resource=0 lane=26 server=1 qpn=25075 gpu_pci=0000:5C:00.0 ibdev=mlx5_0 handler=GPU_SM_DB
[STATUS]: exporting GPUNetIO QP resource=0 lane=26 server=2 qpn=25076 gpu_pci=0000:5C:00.0 ibdev=mlx5_0 handler=GPU_SM_DB
[STATUS]: exporting GPUNetIO QP resource=0 lane=26 server=3 qpn=25077 gpu_pci=0000:5C:00.0 ibdev=mlx5_0 handler=GPU_SM_DB
[STATUS]: exporting GPUNetIO QP resource=0 lane=26 server=4 qpn=25078 gpu_pci=0000:5C:00.0 ibdev=mlx5_0 handler=GPU_SM_DB
[STATUS]: exporting GPUNetIO QP resource=0 lane=27 server=0 qpn=25079 gpu_pci=0000:5C:00.0 ibdev=mlx5_0 handler=GPU_SM_DB
[STATUS]: exporting GPUNetIO QP resource=0 lane=27 server=1 qpn=25080 gpu_pci=0000:5C:00.0 ibdev=mlx5_0 handler=GPU_SM_DB
[STATUS]: exporting GPUNetIO QP resource=0 lane=27 server=2 qpn=25081 gpu_pci=0000:5C:00.0 ibdev=mlx5_0 handler=GPU_SM_DB
[STATUS]: exporting GPUNetIO QP resource=0 lane=27 server=3 qpn=25082 gpu_pci=0000:5C:00.0 ibdev=mlx5_0 handler=GPU_SM_DB
[STATUS]: exporting GPUNetIO QP resource=0 lane=27 server=4 qpn=25083 gpu_pci=0000:5C:00.0 ibdev=mlx5_0 handler=GPU_SM_DB
[STATUS]: exporting GPUNetIO QP resource=0 lane=28 server=0 qpn=25084 gpu_pci=0000:5C:00.0 ibdev=mlx5_0 handler=GPU_SM_DB
[STATUS]: exporting GPUNetIO QP resource=0 lane=28 server=1 qpn=25085 gpu_pci=0000:5C:00.0 ibdev=mlx5_0 handler=GPU_SM_DB
[STATUS]: exporting GPUNetIO QP resource=0 lane=28 server=2 qpn=25086 gpu_pci=0000:5C:00.0 ibdev=mlx5_0 handler=GPU_SM_DB
[STATUS]: exporting GPUNetIO QP resource=0 lane=28 server=3 qpn=25087 gpu_pci=0000:5C:00.0 ibdev=mlx5_0 handler=GPU_SM_DB
[STATUS]: exporting GPUNetIO QP resource=0 lane=28 server=4 qpn=25088 gpu_pci=0000:5C:00.0 ibdev=mlx5_0 handler=GPU_SM_DB
[STATUS]: exporting GPUNetIO QP resource=0 lane=29 server=0 qpn=25089 gpu_pci=0000:5C:00.0 ibdev=mlx5_0 handler=GPU_SM_DB
[STATUS]: exporting GPUNetIO QP resource=0 lane=29 server=1 qpn=25090 gpu_pci=0000:5C:00.0 ibdev=mlx5_0 handler=GPU_SM_DB
[STATUS]: exporting GPUNetIO QP resource=0 lane=29 server=2 qpn=25091 gpu_pci=0000:5C:00.0 ibdev=mlx5_0 handler=GPU_SM_DB
[STATUS]: exporting GPUNetIO QP resource=0 lane=29 server=3 qpn=25092 gpu_pci=0000:5C:00.0 ibdev=mlx5_0 handler=GPU_SM_DB
[STATUS]: exporting GPUNetIO QP resource=0 lane=29 server=4 qpn=25093 gpu_pci=0000:5C:00.0 ibdev=mlx5_0 handler=GPU_SM_DB
[STATUS]: exporting GPUNetIO QP resource=0 lane=30 server=0 qpn=25094 gpu_pci=0000:5C:00.0 ibdev=mlx5_0 handler=GPU_SM_DB
[STATUS]: exporting GPUNetIO QP resource=0 lane=30 server=1 qpn=25095 gpu_pci=0000:5C:00.0 ibdev=mlx5_0 handler=GPU_SM_DB
[STATUS]: exporting GPUNetIO QP resource=0 lane=30 server=2 qpn=25096 gpu_pci=0000:5C:00.0 ibdev=mlx5_0 handler=GPU_SM_DB
[STATUS]: exporting GPUNetIO QP resource=0 lane=30 server=3 qpn=25097 gpu_pci=0000:5C:00.0 ibdev=mlx5_0 handler=GPU_SM_DB
[STATUS]: exporting GPUNetIO QP resource=0 lane=30 server=4 qpn=25098 gpu_pci=0000:5C:00.0 ibdev=mlx5_0 handler=GPU_SM_DB
[STATUS]: exporting GPUNetIO QP resource=0 lane=31 server=0 qpn=25099 gpu_pci=0000:5C:00.0 ibdev=mlx5_0 handler=GPU_SM_DB
[STATUS]: exporting GPUNetIO QP resource=0 lane=31 server=1 qpn=25100 gpu_pci=0000:5C:00.0 ibdev=mlx5_0 handler=GPU_SM_DB
[STATUS]: exporting GPUNetIO QP resource=0 lane=31 server=2 qpn=25101 gpu_pci=0000:5C:00.0 ibdev=mlx5_0 handler=GPU_SM_DB
[STATUS]: exporting GPUNetIO QP resource=0 lane=31 server=3 qpn=25102 gpu_pci=0000:5C:00.0 ibdev=mlx5_0 handler=GPU_SM_DB
[STATUS]: exporting GPUNetIO QP resource=0 lane=31 server=4 qpn=25103 gpu_pci=0000:5C:00.0 ibdev=mlx5_0 handler=GPU_SM_DB
[STATUS]: GPUNetIO GPU MR registration=peer_memory bytes=2040528896
[STATUS]: GPUNetIO startup RDMA read probe passed for 160 QPs
[STATUS]: GPUNetIO RDMA Read implementation=manual_wqe_locked
1 device(s) found
Selected device: mlx5_0
Selected port state: 4, lid: 1, active_mtu: 5
pairing: 25104 -- 103365
pairing: 25105 -- 103370
pairing: 25106 -- 103371
pairing: 25107 -- 103372
pairing: 25108 -- 103373
pairing: 25109 -- 103374
pairing: 25110 -- 103375
pairing: 25111 -- 103376
pairing: 25112 -- 103377
pairing: 25113 -- 103378
pairing: 25114 -- 103379
pairing: 25115 -- 103380
pairing: 25116 -- 103381
pairing: 25117 -- 103382
pairing: 25118 -- 103383
pairing: 25119 -- 103384
pairing: 25120 -- 103385
pairing: 25121 -- 103386
pairing: 25122 -- 103387
pairing: 25123 -- 103388
pairing: 25124 -- 103389
pairing: 25125 -- 103390
pairing: 25126 -- 103391
pairing: 25127 -- 103392
pairing: 25128 -- 103393
pairing: 25129 -- 103394
pairing: 25130 -- 103395
pairing: 25131 -- 103396
pairing: 25132 -- 103397
pairing: 25133 -- 103398
pairing: 25134 -- 103399
pairing: 25135 -- 103400
pairing: 25136 -- 103366
pairing: 25137 -- 103401
pairing: 25138 -- 103402
pairing: 25139 -- 103403
pairing: 25140 -- 103404
pairing: 25141 -- 103405
pairing: 25142 -- 103406
pairing: 25143 -- 103407
pairing: 25144 -- 103408
pairing: 25145 -- 103409
pairing: 25146 -- 103410
pairing: 25147 -- 103411
pairing: 25148 -- 103412
pairing: 25149 -- 103413
pairing: 25150 -- 103414
pairing: 25151 -- 103415
pairing: 25152 -- 103416
pairing: 25153 -- 103417
pairing: 25154 -- 103418
pairing: 25155 -- 103419
pairing: 25156 -- 103420
pairing: 25157 -- 103421
pairing: 25158 -- 103422
pairing: 25159 -- 103423
pairing: 25160 -- 103424
pairing: 25161 -- 103425
pairing: 25162 -- 103426
pairing: 25163 -- 103427
pairing: 25164 -- 103428
pairing: 25165 -- 103429
pairing: 25166 -- 103430
pairing: 25167 -- 103431
pairing: 25168 -- 103367
pairing: 25169 -- 103432
pairing: 25170 -- 103433
pairing: 25171 -- 103434
pairing: 25172 -- 103435
pairing: 25173 -- 103436
pairing: 25174 -- 103437
pairing: 25175 -- 103438
pairing: 25176 -- 103439
pairing: 25177 -- 103440
pairing: 25178 -- 103441
pairing: 25179 -- 103442
pairing: 25180 -- 103443
pairing: 25181 -- 103444
pairing: 25182 -- 103445
pairing: 25183 -- 103446
pairing: 25184 -- 103447
pairing: 25185 -- 103448
pairing: 25186 -- 103449
pairing: 25187 -- 103450
pairing: 25188 -- 103451
pairing: 25189 -- 103452
pairing: 25190 -- 103453
pairing: 25191 -- 103454
pairing: 25192 -- 103455
pairing: 25193 -- 103456
pairing: 25194 -- 103457
pairing: 25195 -- 103458
pairing: 25196 -- 103459
pairing: 25197 -- 103460
pairing: 25198 -- 103461
pairing: 25199 -- 103462
pairing: 25200 -- 103368
pairing: 25201 -- 103463
pairing: 25202 -- 103464
pairing: 25203 -- 103465
pairing: 25204 -- 103466
pairing: 25205 -- 103467
pairing: 25206 -- 103468
pairing: 25207 -- 103469
pairing: 25208 -- 103470
pairing: 25209 -- 103471
pairing: 25210 -- 103472
pairing: 25211 -- 103473
pairing: 25212 -- 103474
pairing: 25213 -- 103475
pairing: 25214 -- 103476
pairing: 25215 -- 103477
pairing: 25216 -- 103478
pairing: 25217 -- 103479
pairing: 25218 -- 103480
pairing: 25219 -- 103481
pairing: 25220 -- 103482
pairing: 25221 -- 103483
pairing: 25222 -- 103484
pairing: 25223 -- 103485
pairing: 25224 -- 103486
pairing: 25225 -- 103487
pairing: 25226 -- 103488
pairing: 25227 -- 103489
pairing: 25228 -- 103490
pairing: 25229 -- 103491
pairing: 25230 -- 103492
pairing: 25231 -- 103493
pairing: 25232 -- 103369
pairing: 25233 -- 103494
pairing: 25234 -- 103495
pairing: 25235 -- 103496
pairing: 25236 -- 103497
pairing: 25237 -- 103498
pairing: 25238 -- 103499
pairing: 25239 -- 103500
pairing: 25240 -- 103501
pairing: 25241 -- 103502
pairing: 25242 -- 103503
pairing: 25243 -- 103504
pairing: 25244 -- 103505
pairing: 25245 -- 103506
pairing: 25246 -- 103507
pairing: 25247 -- 103508
pairing: 25248 -- 103509
pairing: 25249 -- 103510
pairing: 25250 -- 103511
pairing: 25251 -- 103512
pairing: 25252 -- 103513
pairing: 25253 -- 103514
pairing: 25254 -- 103515
pairing: 25255 -- 103516
pairing: 25256 -- 103517
pairing: 25257 -- 103518
pairing: 25258 -- 103519
pairing: 25259 -- 103520
pairing: 25260 -- 103521
pairing: 25261 -- 103522
pairing: 25262 -- 103523
pairing: 25263 -- 103524
[gpu-search] bootstrap=CPU-posted GPUDirect RDMA; queries=strict GPU-initiated GPUNetIO
[gpu-search] streamed 2000000000 PQ bytes directly into final GPU storage; ordinal audit passed for 15 entries
[gpu-search] persistent occupancy candidate threads=128 hardware_blocks_per_sm=3 configured_cap=4 effective_blocks_per_sm=3 grid_capacity=324 owner_blocks=40 query_blocks=256 resident_query_warps=1024 selected=true
[gpu-search] persistent occupancy candidate threads=256 hardware_blocks_per_sm=1 configured_cap=4 effective_blocks_per_sm=1 grid_capacity=108 owner_blocks=20 query_blocks=86 resident_query_warps=688 selected=false
[gpu-search] persistent kernel resources registers/thread=166 static_shared_bytes=49128 local_bytes/thread=920 max_threads/block=128
[gpu-search] unified persistent CTAs=40-owner+256-query+1-dispatch+1-control QP-owner-warps=160 threads/CTA=128 query_slots=256 resident_capacity=324 launched=298
[STATUS]: query engine: persistent GPU + GPUNetIO slots=256
[breakdown] preparing workload: workload=query
[breakdown] recall query data ready: count=10000 dtype=int8 vector_bytes=100
[breakdown] performance query data ready: count=10000000 dtype=int8 vector_bytes=100 policy=single_pass_no_reuse
[breakdown][recall] done 1000/1000 ops, avg_rate=34941.5 ops/s
[breakdown][recall] before_performance recall@10=0.8691 queries=1000
[breakdown] effective insert start id=100010000
[breakdown] starting warmup query
[gpu-search] slow query e2e_us=10054 gpu_us=10005 prepare_us=92 graph_us=5567 score_us=976 beam_us=2263 exact_us=745 beam_select_us=0 rdma_issue_us=372 rdma_wait_us=3867 graph_validation_us=1009 neighbor_decode_us=196 pq_score_us=467 visited_us=312 beam_merge_us=2263 graph_reads=309 graph_rereads=0 graph_bytes=164176 graph_extent_reads=309 graph_full_reads=0 graph_extent_fallbacks=0 graph_extent_underhints=0 graph_extent_promotions=0 dynamic_graph_short_reads=0 dynamic_graph_full_reads=0 dynamic_graph_bytes=0 dynamic_graph_fallbacks=0 dynamic_graph_promotions=0 dynamic_graph_demotions=0 logical_expansions=309 critical_graph_reads=309 speculative_graph_reads=0 speculative_promoted=0 speculative_stale=0 speculative_wasted_bytes=0 rdma_completion_latency_ns=20551680 rdma_completion_groups=170 issue_width_max=0 commit_width_max=16 critical_misses=309 certificate_rejects=0 graph_batches=51 graph_rounds=34 route_hits=0 exact_reads=128 exact_snapshot_trains=5 exact_snapshot_fallbacks=0 terminal_exact_cache_attempted=0 terminal_exact_cache_issued=0 terminal_exact_cache_promoted=0 terminal_exact_cache_misses=0 terminal_exact_cache_wasted_bytes=0 terminal_exact_cache_queue_rejects=0 dynamic_pq_reads=0 dynamic_pq_us=0 dynamic_pq_incarnation_rejects=0 dynamic_pq_arena_hits=0 dynamic_pq_batch_deduplicated=0
[breakdown][warmup-query] progress elapsed=5s/5s, completed=272884 ops, rate=54576.8 ops/s, interval_rate=54576.8 ops/s
[breakdown][warmup-query] done measurement_elapsed=5s/5s, measurement_completed=272884 ops, measurement_avg_rate=54576.8 ops/s, drain_elapsed=0.00639963s, drain_completed=256 ops
[breakdown] starting measure phase
[gpu-search] slow query e2e_us=10980 gpu_us=10939 prepare_us=89 graph_us=6868 score_us=896 beam_us=2351 exact_us=308 beam_select_us=0 rdma_issue_us=448 rdma_wait_us=5109 graph_validation_us=944 neighbor_decode_us=193 pq_score_us=419 visited_us=283 beam_merge_us=2351 graph_reads=363 graph_rereads=0 graph_bytes=145648 graph_extent_reads=363 graph_full_reads=0 graph_extent_fallbacks=0 graph_extent_underhints=0 graph_extent_promotions=0 dynamic_graph_short_reads=0 dynamic_graph_full_reads=0 dynamic_graph_bytes=0 dynamic_graph_fallbacks=0 dynamic_graph_promotions=0 dynamic_graph_demotions=0 logical_expansions=363 critical_graph_reads=363 speculative_graph_reads=0 speculative_promoted=0 speculative_stale=0 speculative_wasted_bytes=0 rdma_completion_latency_ns=27095040 rdma_completion_groups=205 issue_width_max=0 commit_width_max=16 critical_misses=363 certificate_rejects=0 graph_batches=42 graph_rounds=41 route_hits=0 exact_reads=128 exact_snapshot_trains=1 exact_snapshot_fallbacks=0 terminal_exact_cache_attempted=0 terminal_exact_cache_issued=0 terminal_exact_cache_promoted=0 terminal_exact_cache_misses=0 terminal_exact_cache_wasted_bytes=0 terminal_exact_cache_queue_rejects=0 dynamic_pq_reads=0 dynamic_pq_us=0 dynamic_pq_incarnation_rejects=0 dynamic_pq_arena_hits=0 dynamic_pq_batch_deduplicated=0
[breakdown][measure-query] progress elapsed=5s/20s, completed=273367 ops, rate=54673.4 ops/s, interval_rate=54673.4 ops/s
[gpu-search] slow query e2e_us=10196 gpu_us=10090 prepare_us=103 graph_us=6083 score_us=896 beam_us=2258 exact_us=358 beam_select_us=0 rdma_issue_us=397 rdma_wait_us=4415 graph_validation_us=904 neighbor_decode_us=178 pq_score_us=436 visited_us=281 beam_merge_us=2258 graph_reads=372 graph_rereads=0 graph_bytes=149376 graph_extent_reads=372 graph_full_reads=0 graph_extent_fallbacks=0 graph_extent_underhints=0 graph_extent_promotions=0 dynamic_graph_short_reads=0 dynamic_graph_full_reads=0 dynamic_graph_bytes=0 dynamic_graph_fallbacks=0 dynamic_graph_promotions=0 dynamic_graph_demotions=0 logical_expansions=372 critical_graph_reads=372 speculative_graph_reads=0 speculative_promoted=0 speculative_stale=0 speculative_wasted_bytes=0 rdma_completion_latency_ns=23413760 rdma_completion_groups=190 issue_width_max=0 commit_width_max=16 critical_misses=372 certificate_rejects=0 graph_batches=38 graph_rounds=38 route_hits=0 exact_reads=128 exact_snapshot_trains=1 exact_snapshot_fallbacks=0 terminal_exact_cache_attempted=0 terminal_exact_cache_issued=0 terminal_exact_cache_promoted=0 terminal_exact_cache_misses=0 terminal_exact_cache_wasted_bytes=0 terminal_exact_cache_queue_rejects=0 dynamic_pq_reads=0 dynamic_pq_us=0 dynamic_pq_incarnation_rejects=0 dynamic_pq_arena_hits=0 dynamic_pq_batch_deduplicated=0
[breakdown][measure-query] progress elapsed=10s/20s, completed=546820 ops, rate=54682 ops/s, interval_rate=54690.6 ops/s
[breakdown][measure-query] progress elapsed=15s/20s, completed=819824 ops, rate=54654.9 ops/s, interval_rate=54600.8 ops/s
[breakdown][measure-query] progress elapsed=20s/20s, completed=1092504 ops, rate=54625.2 ops/s, interval_rate=54536 ops/s
[breakdown][measure-query] done measurement_elapsed=20s/20s, measurement_completed=1092504 ops, measurement_avg_rate=54625.2 ops/s, drain_elapsed=0.0072353s, drain_completed=256 ops
[breakdown][static_gt_post_recall] done 1000/1000 ops, avg_rate=40265.2 ops/s
[breakdown][recall] after_performance recall@10=0.911 queries=1000
system_variant
  profile_name: 04_gpu_persistent_gpunetio
  label: full
  update_mutation_api: insert_upsert_erase
  storage_owner_update_completion_mode: decoupled
  gpu_dynamic_graph_access_mode: adaptive
  gpu_rdma_search_progression_mode: manual
  index_prefix: /data/xjs/index/dvstor_spacev100m/index/spacev100m_R96_bw128_metis_pmd32_pq20_schema16
  index_schema_version: 16
  index_build_fingerprint: 5346303778508711625
query_inputs
  recall_source: /data/xjs/index/dvstor_spacev100m/prepared/recall_query.i8bin
  recall_rows: 10000
  performance_source: /data/xjs/datasets/spacev1b/spacev100m/spacev100m_to_110m_query.i8bin
  performance_rows: 10000000
  performance_row_reuse_policy: single_pass_no_reuse
  performance_warmup/measure/total_rows_consumed: 273140/1092760/1365900
throughput
  duration_seconds: 20.0072
  total_ops_per_sec: 54618.5 (ops=1092760)
  query_ops_per_sec: 54618.5 (ops=1092760)
  effective_query_ops_per_sec: 54618.5
  write_ops_per_sec: 0 (ops=0)
  effective_write_ops_per_sec: 0
  insert_ops_per_sec: 0 (ops=0)
  client_drain_seconds: 0.00715321
  scheduled_query/write_ops: 0/0
  query/write_rate_attainment_ratio: 1/1
  nominal/effective_rate_basis: effective_wall_clock/wall_clock_including_client_drain
  query_head/tail_qps: 54654.9/54609.1
  query_tail_to_head_ratio: 0.999162
  query_min_5s_qps: 54536
  write_head/tail_qps: 0/0
  write_tail_to_head_ratio: 0
  write_min_5s_qps: 0
  zero_completion_windows: 0
  zero_query/write_windows: 0/0
stage2
  source: storage_logs
  shards observed/requested: 0/5
  p99_stage2_delay_upper_ms: unavailable
  remaining/max_backlog: 0/0
  completion_outstanding/admission_window: unavailable
  completion_incomplete/admission_window: unavailable
  completion admission stalls logical/physical: unavailable
  backlog_slope_per_sec: 0
  failures (hard): 0
  peer_reverse_retry_attempts: unavailable
  locality telemetry: unavailable
  search budget exhausted (stage1/stage2): unavailable
  execution batching: unavailable
  executor service demand: unavailable
recall
  recall@10: 0.8691
  queries: 1000
  mode/base_id_limit/search_width/insufficient_queries: all/0/10/0
  query_file: /data/xjs/index/dvstor_spacev100m/prepared/recall_query.i8bin
  groundtruth_file: /data/xjs/index/dvstor_spacev100m/prepared/recall_groundtruth.bin
static_gt_post_recall
  recall@10: 0.911
  queries: 1000
  mode/base_id_limit/search_width/insufficient_queries: all/0/10/0
  query_file: /data/xjs/index/dvstor_spacev100m/prepared/recall_query.i8bin
  groundtruth_file: /data/xjs/index/dvstor_spacev100m/prepared/recall_groundtruth.bin
gpu_persistent
  GPU memory explicit/base_pq/route GiB: 2.90287/1.86265/2.35438e-06
  average_batch_size: 1.25907
  average_submission_wait_us: 4.38021
  rdma_read_bytes: 127108569024
  owner WQE submitted/capacity/utilization: 528391866/23723972608/0.0222725
  owner critical/speculative batches: 31484886/0
  graph_route_hit_ratio/refreshes: 0/0
  graph snapshot reread records total/per_query: 0/0
  graph RDMA bytes total/per_query/per_parent: 109764282304/100447/486.808
  graph live/full/fallback/underhint/promotions reads: 225477364/0/0/0/0
  expanded parents/neighbor sum/average degree: 225477364/12389804662/54.9492
  expanded degree histogram (ceil(degree/8), overflow=13): [0,4393310,2202281,10556577,21759601,29485703,30833722,27985432,23666809,18929365,15267095,12108999,28288470,0]
  dynamic expanded parents/neighbor sum/average degree/share: 0/0/0/0
  dynamic expanded degree histogram (ceil(degree/8), overflow=13): [0,0,0,0,0,0,0,0,0,0,0,0,0,0]
  DynaExtent short/full/bytes/fallback/promotions/demotions: 0/0/0/0/0/0
  DynaExtent snapshot-attempts/nonfallback-full-attempts/short-physical-ratio/fallback-ratio/bytes-per-physical-read: 0/0/0/0/0
  ASFE logical expansions total/per_query: 225477364/206.337
  ASFE critical/speculative graph reads: 225477364/0
  ASFE critical/speculative graph bytes: 109764282304/0
  ASFE core reads/bytes/arrived/promoted/stale: 0/0/0/0/0
  ASFE core waves/ready waves/ready ratio: 0/0/0
  terminal exact cache attempts/rate: 0/0
  terminal exact cache issued/promoted/misses/rejects (total/per_query): 0/0, 0/0, 0/0, 0/0
  terminal exact cache promotion/waste ratio: 0/0
  terminal exact cache wasted bytes total/per_query: 0/0
  ASFE completion scoring batches/candidates (total/per_query/candidates_per_batch): 0/0, 0/0/0
  ASFE reusable exact certificates total/per_query: 0/0
  ASFE streamed runs/ordered scoring batches/candidates (total/per_query/candidates_per_batch): 0/0, 0/0, 0/0/0
  OOO ROB parents retired beyond an unresolved rank hole (total/per_query): 0/0
  ASFE reusable prefix ranks/full/issued certificates (total/per_query): 0/0, 0/0, 0/0
  ASFE certificate rejects total/per_query: 0/0
  ASFE speculative wasted bytes/ratio: 0/0
  ASFE speculative arrived/promoted/stale/queue_rejects: 0/0/0/0
  ASFE promotion/waste ratio: 0/0
  ASFE issue/commit epochs: 0/16996044
  ASFE average issue/commit width: 0/13.2665
  ASFE issue capacity/utilization: 0/0
  ASFE max issue/commit width: 0/16
  ASFE critical ROB hits/speculative wait ns/us_per_query: 0/0/0
  ASFE critical misses/ROB hit ratio: 225477364/0
  ASFE RDMA completion groups/avg us (critical/speculative): 84980220/93.8706 (0/0)
  GPU occupancy threads/registers/static_shared: 128/166/49128
  GPU occupancy active/effective blocks per SM: 3/3
  GPU persistent query/owner/total blocks: 256/40/298
  centroid route publications/shard_updates/live/snapshot_skips: 0/0/20/0
  centroid route probe_reads/body_reads/unchanged_polls/poll_us: 1570/0/314/63963
  centroid route query snapshot retries/timeouts: 0/0
  GPU query/prepare/graph/score/beam/exact us: 4611.68/95.7663/2249.82/578.988/1100.67/421.859
  exact snapshot train batches/fallbacks/success ratio: 3214957/0/1
  GPU graph commit/issue width: 16/16
  GPU graph read/dynamic extent: live-extent/1
  GPU Beam merge policy: stable-run
  Stage2 score-many/graph-issue/home-combining: 1/16/1
  GPU Beam merge total/prepare/sort/materialize us: 1100.67/38.6258/262.378/740.069
  dynamic PQ candidates/reads/bytes/incarnation_rejects: 0/0/0/0
  dynamic PQ reads/query and wait_us/query: 0/0
  dynamic PQ arena hits/batch_dedup/authoritative_avoidance: 0/0/0
  dynamic PQ arena publish success/race/capacity: 0/0/25685766
storage_owner_runtime
  submitted/completed batches: 0/0
  submitted/completed items: 0/0
  average batch / average RPC wall us / max RPC wall us: 0/0/0
query breakdown
  count: 1092760
  latency_ms: mean=4.68453 p50=4.62309 p95=5.7256 p99=6.40743 p999=7.43512
  fine_grained_breakdown: disabled
json: /home/xjs/experiment/dvstor/experiment/spacev100m/program3/results/program3_20260831_193611/performance_late_c16/04_gpu_persistent_gpunetio/spacev100m_04_gpu_persistent_gpunetio_20260831_194340.json
text: /home/xjs/experiment/dvstor/experiment/spacev100m/program3/results/program3_20260831_193611/performance_late_c16/04_gpu_persistent_gpunetio/spacev100m_04_gpu_persistent_gpunetio_20260831_194340.txt
