[breakdown] concurrency clients=256 source=auto auto_required=256 auto_cap=512 gpu_query_slots=256 storage_rpc_inflight=80 (5x16) derivation=gpu_query_slots
[breakdown] performance query: /data/xjs/datasets/deep1b/deep100m/deep100m_to_110m_query.fbin [100000000,110000000)
[breakdown] unique performance-query budget rows=10000000 total_timed_seconds=25 max_average_query_qps_without_reuse=400000.0
[ 12%] Built target rdma_library
[ 18%] Built target dvstor_gpu_kernels
[ 81%] Built target dvstor_runtime
[ 93%] Built target dvstor_breakdown_support
[100%] Built target dvstor_breakdown_benchmark
[mn-memory] required=30 GiB source=metadata policy=20% of base nodes limiting_shard=5 dynamic_slots=4114796 record_bytes=1296
[breakdown] profile=04_gpu_persistent_gpunetio command: /home/xjs/experiment/dvstor/build/dvstor_breakdown_benchmark --service-config /home/xjs/experiment/dvstor/experiment/deep100m/program3/results/program3_20260831_200109/performance_late_c16/04_gpu_persistent_gpunetio/service_04_gpu_persistent_gpunetio_20260831_201116.ini --profile-name 04_gpu_persistent_gpunetio --system-variant-label full --workload query --warmup-ops 100 --measure-ops 1000 --warmup-seconds 5 --measure-seconds 20 --client-threads 256 --read-ratio 0.5 --mixed-mode fixed_threads --write-threads 0 --target-query-qps 0 --target-write-qps 0 --write-insert-ratio 1 --write-upsert-ratio 0 --write-delete-ratio 0 --report-json /home/xjs/experiment/dvstor/experiment/deep100m/program3/results/program3_20260831_200109/performance_late_c16/04_gpu_persistent_gpunetio/deep100m_04_gpu_persistent_gpunetio_20260831_201116.json --report-text /home/xjs/experiment/dvstor/experiment/deep100m/program3/results/program3_20260831_200109/performance_late_c16/04_gpu_persistent_gpunetio/deep100m_04_gpu_persistent_gpunetio_20260831_201116.txt --recall-query-file /data/xjs/index/dvstor_deep100m/prepared/recall_query.fbin --groundtruth-file /data/xjs/index/dvstor_deep100m/prepared/recall_groundtruth.bin --recall-queries 1000 --recall-k 10 --recall-mode all --recall-base-id-limit 0 --performance-query-file /data/xjs/datasets/deep1b/deep100m/deep100m_to_110m_query.fbin --storage-maintenance-log /home/xjs/experiment/dvstor/experiment/deep100m/logs/memory_node_1_04_gpu_persistent_gpunetio.log --storage-maintenance-log /home/xjs/experiment/dvstor/experiment/deep100m/logs/memory_node_2_04_gpu_persistent_gpunetio.log --storage-maintenance-log /home/xjs/experiment/dvstor/experiment/deep100m/logs/memory_node_3_04_gpu_persistent_gpunetio.log --storage-maintenance-log /home/xjs/experiment/dvstor/experiment/deep100m/logs/memory_node_4_04_gpu_persistent_gpunetio.log --storage-maintenance-log /home/xjs/experiment/dvstor/experiment/deep100m/logs/memory_node_5_04_gpu_persistent_gpunetio.log
============================================================
                        CLIENT
============================================================
connect to:                   [192.168.6.202:1234, 192.168.6.202:1235, 192.168.6.202:1236, 192.168.6.202:1237, 192.168.6.202:1238, ]
is initiator:                 true
TCP port:                     2234
QP handshake timeout (ms):    10000
IB device:                    <auto>
IB port:                      1
max outstanding CQEs:         64
max send work requests:       4096
max receive work requests:    4096
============================================================
index prefix:                     "/data/xjs/index/dvstor_deep100m/index/deep100m_R96_bw128_metis_pmd32_pq32_schema16"
threads:                          64
dimension:                        96
max vectors:                      100000000
vector ID namespace [0,N):        4294967295
K / R:                            10 / 96
vector data type:                 float32
--------------------------------------------------------------------
query engine:                     persistent_gpu_opq_pq
remote transport:                 GPU-initiated GPUNetIO
GPU device:                       1
GPU concurrent query slots:       256
GPU memory limit/reserve GiB:     40/4
GPU traversal/rerank width:       128/128
GPU max expansions:               384
GPU device stack bytes/thread:    4096
GPU graph commit/issue width:     16/16
dynamic graph access mode:        adaptive
GPU graph read policy:            live-extent
GPU dynamic graph extent:         true
GPU-RDMA progression mode:        manual
GPU Beam merge policy:            stable-run
query RDMA trace mode/rate:       off/1000
query RDMA trace output:          ""
GPU RDMA QPs per storage node:    32
GPU direct CQ timeout ms:         250
GPU persistent blocks/SM cap:     4
compute updates enabled:          false
storage update completion mode:   decoupled
storage update protocol:          centroid-home two-stage
storage RPC depth/batch:          16/32
storage batch max wait us:        10000
storage Stage2 batch max wait us: 25000
storage Stage2 initial delay ms:  0
Stage2 exact score-many:          true
Stage2 home RPC combining:        true
Stage2 graph issue width:         16
storage peer QPs per peer:        8
storage stage2 maintenance:       8 workers, backlog 65536
====================================================================
[breakdown] workload input preflight passed before service startup
1 device(s) found
Selected device: mlx5_0
Selected port state: 4, lid: 1, active_mtu: 5
interleaved policy
num_cores: 112
physical cores per socket: 28
hyperthreading enabled
local process CPU partition: rank 0/1 logical_cpus=112
[STATUS]: loaded schema-16 GPU index metadata from /data/xjs/index/dvstor_deep100m/index/deep100m_R96_bw128_metis_pmd32_pq32_schema16 (OPQ/PQ32, vector_data_type=float32)
client id: 0
number of clients: 1
connect to server 192.168.6.202:1234
pairing: 28839 -- 109020
connect to server 192.168.6.202:1235
pairing: 28840 -- 109021
connect to server 192.168.6.202:1236
pairing: 28841 -- 109022
connect to server 192.168.6.202:1237
pairing: 28842 -- 109023
connect to server 192.168.6.202:1238
pairing: 28843 -- 109024
[STATUS]: receive access tokens of remote memory regions
[STATUS]: compute updates disabled: update executor is not started
[STATUS]: search: GPU-persistent OPQ/PQ32 beam + final RDMA exact rerank
[gpu-search] synthesized navigation manifest in memory from metadata
[gpu-search] persistent PQ kernel specialization=PQ32 model_subquantizers=32
[gpu-search] graph-read-policy=live-extent extent_quantum=8 extent_source="/data/xjs/index/dvstor_deep100m/index/deep100m_R96_bw128_metis_pmd32_pq32_schema16.gextent8" extent_classes=100000000 extent_payload_bytes=100000000
[gpu-search] query routing=versioned centroid routes centroid_shards=5 live_entries_per_shard=4 start_shards=1
[gpu-search] device=NVIDIA A800 80GB PCIe cc=8.0 sm_count=108 global_memory=85119205376 gpudirect_rdma=1
[gpu-search] navigation budget codes=3200000000 dynamic_code_scratch=20971520 dynamic_code_arena=918367920 dynamic_code_arena_slots=25510220 dynamic_request_scratch=10485760 navigation_candidates=6291456 direct_queue_scratch=1866240 graph_scratch=16777216 graph_request_metadata=32768 speculative_graph_request_metadata=270336 graph_extent_classes=100000000 query_rdma_trace=0 centroid_route=528 shard_centroids=1920 explicit=4646618456 limit=38654705664 bytes
[STATUS]: exporting GPUNetIO QP resource=0 lane=0 server=0 qpn=28844 gpu_pci=0000:5C:00.0 ibdev=mlx5_0 handler=GPU_SM_DB
[STATUS]: exporting GPUNetIO QP resource=0 lane=0 server=1 qpn=28845 gpu_pci=0000:5C:00.0 ibdev=mlx5_0 handler=GPU_SM_DB
[STATUS]: exporting GPUNetIO QP resource=0 lane=0 server=2 qpn=28846 gpu_pci=0000:5C:00.0 ibdev=mlx5_0 handler=GPU_SM_DB
[STATUS]: exporting GPUNetIO QP resource=0 lane=0 server=3 qpn=28847 gpu_pci=0000:5C:00.0 ibdev=mlx5_0 handler=GPU_SM_DB
[STATUS]: exporting GPUNetIO QP resource=0 lane=0 server=4 qpn=28848 gpu_pci=0000:5C:00.0 ibdev=mlx5_0 handler=GPU_SM_DB
[STATUS]: exporting GPUNetIO QP resource=0 lane=1 server=0 qpn=28849 gpu_pci=0000:5C:00.0 ibdev=mlx5_0 handler=GPU_SM_DB
[STATUS]: exporting GPUNetIO QP resource=0 lane=1 server=1 qpn=28850 gpu_pci=0000:5C:00.0 ibdev=mlx5_0 handler=GPU_SM_DB
[STATUS]: exporting GPUNetIO QP resource=0 lane=1 server=2 qpn=28851 gpu_pci=0000:5C:00.0 ibdev=mlx5_0 handler=GPU_SM_DB
[STATUS]: exporting GPUNetIO QP resource=0 lane=1 server=3 qpn=28852 gpu_pci=0000:5C:00.0 ibdev=mlx5_0 handler=GPU_SM_DB
[STATUS]: exporting GPUNetIO QP resource=0 lane=1 server=4 qpn=28853 gpu_pci=0000:5C:00.0 ibdev=mlx5_0 handler=GPU_SM_DB
[STATUS]: exporting GPUNetIO QP resource=0 lane=2 server=0 qpn=28854 gpu_pci=0000:5C:00.0 ibdev=mlx5_0 handler=GPU_SM_DB
[STATUS]: exporting GPUNetIO QP resource=0 lane=2 server=1 qpn=28855 gpu_pci=0000:5C:00.0 ibdev=mlx5_0 handler=GPU_SM_DB
[STATUS]: exporting GPUNetIO QP resource=0 lane=2 server=2 qpn=28856 gpu_pci=0000:5C:00.0 ibdev=mlx5_0 handler=GPU_SM_DB
[STATUS]: exporting GPUNetIO QP resource=0 lane=2 server=3 qpn=28857 gpu_pci=0000:5C:00.0 ibdev=mlx5_0 handler=GPU_SM_DB
[STATUS]: exporting GPUNetIO QP resource=0 lane=2 server=4 qpn=28858 gpu_pci=0000:5C:00.0 ibdev=mlx5_0 handler=GPU_SM_DB
[STATUS]: exporting GPUNetIO QP resource=0 lane=3 server=0 qpn=28859 gpu_pci=0000:5C:00.0 ibdev=mlx5_0 handler=GPU_SM_DB
[STATUS]: exporting GPUNetIO QP resource=0 lane=3 server=1 qpn=28860 gpu_pci=0000:5C:00.0 ibdev=mlx5_0 handler=GPU_SM_DB
[STATUS]: exporting GPUNetIO QP resource=0 lane=3 server=2 qpn=28861 gpu_pci=0000:5C:00.0 ibdev=mlx5_0 handler=GPU_SM_DB
[STATUS]: exporting GPUNetIO QP resource=0 lane=3 server=3 qpn=28862 gpu_pci=0000:5C:00.0 ibdev=mlx5_0 handler=GPU_SM_DB
[STATUS]: exporting GPUNetIO QP resource=0 lane=3 server=4 qpn=28863 gpu_pci=0000:5C:00.0 ibdev=mlx5_0 handler=GPU_SM_DB
[STATUS]: exporting GPUNetIO QP resource=0 lane=4 server=0 qpn=28864 gpu_pci=0000:5C:00.0 ibdev=mlx5_0 handler=GPU_SM_DB
[STATUS]: exporting GPUNetIO QP resource=0 lane=4 server=1 qpn=28865 gpu_pci=0000:5C:00.0 ibdev=mlx5_0 handler=GPU_SM_DB
[STATUS]: exporting GPUNetIO QP resource=0 lane=4 server=2 qpn=28866 gpu_pci=0000:5C:00.0 ibdev=mlx5_0 handler=GPU_SM_DB
[STATUS]: exporting GPUNetIO QP resource=0 lane=4 server=3 qpn=28867 gpu_pci=0000:5C:00.0 ibdev=mlx5_0 handler=GPU_SM_DB
[STATUS]: exporting GPUNetIO QP resource=0 lane=4 server=4 qpn=28868 gpu_pci=0000:5C:00.0 ibdev=mlx5_0 handler=GPU_SM_DB
[STATUS]: exporting GPUNetIO QP resource=0 lane=5 server=0 qpn=28869 gpu_pci=0000:5C:00.0 ibdev=mlx5_0 handler=GPU_SM_DB
[STATUS]: exporting GPUNetIO QP resource=0 lane=5 server=1 qpn=28870 gpu_pci=0000:5C:00.0 ibdev=mlx5_0 handler=GPU_SM_DB
[STATUS]: exporting GPUNetIO QP resource=0 lane=5 server=2 qpn=28871 gpu_pci=0000:5C:00.0 ibdev=mlx5_0 handler=GPU_SM_DB
[STATUS]: exporting GPUNetIO QP resource=0 lane=5 server=3 qpn=28872 gpu_pci=0000:5C:00.0 ibdev=mlx5_0 handler=GPU_SM_DB
[STATUS]: exporting GPUNetIO QP resource=0 lane=5 server=4 qpn=28873 gpu_pci=0000:5C:00.0 ibdev=mlx5_0 handler=GPU_SM_DB
[STATUS]: exporting GPUNetIO QP resource=0 lane=6 server=0 qpn=28874 gpu_pci=0000:5C:00.0 ibdev=mlx5_0 handler=GPU_SM_DB
[STATUS]: exporting GPUNetIO QP resource=0 lane=6 server=1 qpn=28875 gpu_pci=0000:5C:00.0 ibdev=mlx5_0 handler=GPU_SM_DB
[STATUS]: exporting GPUNetIO QP resource=0 lane=6 server=2 qpn=28876 gpu_pci=0000:5C:00.0 ibdev=mlx5_0 handler=GPU_SM_DB
[STATUS]: exporting GPUNetIO QP resource=0 lane=6 server=3 qpn=28877 gpu_pci=0000:5C:00.0 ibdev=mlx5_0 handler=GPU_SM_DB
[STATUS]: exporting GPUNetIO QP resource=0 lane=6 server=4 qpn=28878 gpu_pci=0000:5C:00.0 ibdev=mlx5_0 handler=GPU_SM_DB
[STATUS]: exporting GPUNetIO QP resource=0 lane=7 server=0 qpn=28879 gpu_pci=0000:5C:00.0 ibdev=mlx5_0 handler=GPU_SM_DB
[STATUS]: exporting GPUNetIO QP resource=0 lane=7 server=1 qpn=28880 gpu_pci=0000:5C:00.0 ibdev=mlx5_0 handler=GPU_SM_DB
[STATUS]: exporting GPUNetIO QP resource=0 lane=7 server=2 qpn=28881 gpu_pci=0000:5C:00.0 ibdev=mlx5_0 handler=GPU_SM_DB
[STATUS]: exporting GPUNetIO QP resource=0 lane=7 server=3 qpn=28882 gpu_pci=0000:5C:00.0 ibdev=mlx5_0 handler=GPU_SM_DB
[STATUS]: exporting GPUNetIO QP resource=0 lane=7 server=4 qpn=28883 gpu_pci=0000:5C:00.0 ibdev=mlx5_0 handler=GPU_SM_DB
[STATUS]: exporting GPUNetIO QP resource=0 lane=8 server=0 qpn=28884 gpu_pci=0000:5C:00.0 ibdev=mlx5_0 handler=GPU_SM_DB
[STATUS]: exporting GPUNetIO QP resource=0 lane=8 server=1 qpn=28885 gpu_pci=0000:5C:00.0 ibdev=mlx5_0 handler=GPU_SM_DB
[STATUS]: exporting GPUNetIO QP resource=0 lane=8 server=2 qpn=28886 gpu_pci=0000:5C:00.0 ibdev=mlx5_0 handler=GPU_SM_DB
[STATUS]: exporting GPUNetIO QP resource=0 lane=8 server=3 qpn=28887 gpu_pci=0000:5C:00.0 ibdev=mlx5_0 handler=GPU_SM_DB
[STATUS]: exporting GPUNetIO QP resource=0 lane=8 server=4 qpn=28888 gpu_pci=0000:5C:00.0 ibdev=mlx5_0 handler=GPU_SM_DB
[STATUS]: exporting GPUNetIO QP resource=0 lane=9 server=0 qpn=28889 gpu_pci=0000:5C:00.0 ibdev=mlx5_0 handler=GPU_SM_DB
[STATUS]: exporting GPUNetIO QP resource=0 lane=9 server=1 qpn=28890 gpu_pci=0000:5C:00.0 ibdev=mlx5_0 handler=GPU_SM_DB
[STATUS]: exporting GPUNetIO QP resource=0 lane=9 server=2 qpn=28891 gpu_pci=0000:5C:00.0 ibdev=mlx5_0 handler=GPU_SM_DB
[STATUS]: exporting GPUNetIO QP resource=0 lane=9 server=3 qpn=28892 gpu_pci=0000:5C:00.0 ibdev=mlx5_0 handler=GPU_SM_DB
[STATUS]: exporting GPUNetIO QP resource=0 lane=9 server=4 qpn=28893 gpu_pci=0000:5C:00.0 ibdev=mlx5_0 handler=GPU_SM_DB
[STATUS]: exporting GPUNetIO QP resource=0 lane=10 server=0 qpn=28894 gpu_pci=0000:5C:00.0 ibdev=mlx5_0 handler=GPU_SM_DB
[STATUS]: exporting GPUNetIO QP resource=0 lane=10 server=1 qpn=28895 gpu_pci=0000:5C:00.0 ibdev=mlx5_0 handler=GPU_SM_DB
[STATUS]: exporting GPUNetIO QP resource=0 lane=10 server=2 qpn=28896 gpu_pci=0000:5C:00.0 ibdev=mlx5_0 handler=GPU_SM_DB
[STATUS]: exporting GPUNetIO QP resource=0 lane=10 server=3 qpn=28897 gpu_pci=0000:5C:00.0 ibdev=mlx5_0 handler=GPU_SM_DB
[STATUS]: exporting GPUNetIO QP resource=0 lane=10 server=4 qpn=28898 gpu_pci=0000:5C:00.0 ibdev=mlx5_0 handler=GPU_SM_DB
[STATUS]: exporting GPUNetIO QP resource=0 lane=11 server=0 qpn=28899 gpu_pci=0000:5C:00.0 ibdev=mlx5_0 handler=GPU_SM_DB
[STATUS]: exporting GPUNetIO QP resource=0 lane=11 server=1 qpn=28900 gpu_pci=0000:5C:00.0 ibdev=mlx5_0 handler=GPU_SM_DB
[STATUS]: exporting GPUNetIO QP resource=0 lane=11 server=2 qpn=28901 gpu_pci=0000:5C:00.0 ibdev=mlx5_0 handler=GPU_SM_DB
[STATUS]: exporting GPUNetIO QP resource=0 lane=11 server=3 qpn=28902 gpu_pci=0000:5C:00.0 ibdev=mlx5_0 handler=GPU_SM_DB
[STATUS]: exporting GPUNetIO QP resource=0 lane=11 server=4 qpn=28903 gpu_pci=0000:5C:00.0 ibdev=mlx5_0 handler=GPU_SM_DB
[STATUS]: exporting GPUNetIO QP resource=0 lane=12 server=0 qpn=28904 gpu_pci=0000:5C:00.0 ibdev=mlx5_0 handler=GPU_SM_DB
[STATUS]: exporting GPUNetIO QP resource=0 lane=12 server=1 qpn=28905 gpu_pci=0000:5C:00.0 ibdev=mlx5_0 handler=GPU_SM_DB
[STATUS]: exporting GPUNetIO QP resource=0 lane=12 server=2 qpn=28906 gpu_pci=0000:5C:00.0 ibdev=mlx5_0 handler=GPU_SM_DB
[STATUS]: exporting GPUNetIO QP resource=0 lane=12 server=3 qpn=28907 gpu_pci=0000:5C:00.0 ibdev=mlx5_0 handler=GPU_SM_DB
[STATUS]: exporting GPUNetIO QP resource=0 lane=12 server=4 qpn=28908 gpu_pci=0000:5C:00.0 ibdev=mlx5_0 handler=GPU_SM_DB
[STATUS]: exporting GPUNetIO QP resource=0 lane=13 server=0 qpn=28909 gpu_pci=0000:5C:00.0 ibdev=mlx5_0 handler=GPU_SM_DB
[STATUS]: exporting GPUNetIO QP resource=0 lane=13 server=1 qpn=28910 gpu_pci=0000:5C:00.0 ibdev=mlx5_0 handler=GPU_SM_DB
[STATUS]: exporting GPUNetIO QP resource=0 lane=13 server=2 qpn=28911 gpu_pci=0000:5C:00.0 ibdev=mlx5_0 handler=GPU_SM_DB
[STATUS]: exporting GPUNetIO QP resource=0 lane=13 server=3 qpn=28912 gpu_pci=0000:5C:00.0 ibdev=mlx5_0 handler=GPU_SM_DB
[STATUS]: exporting GPUNetIO QP resource=0 lane=13 server=4 qpn=28913 gpu_pci=0000:5C:00.0 ibdev=mlx5_0 handler=GPU_SM_DB
[STATUS]: exporting GPUNetIO QP resource=0 lane=14 server=0 qpn=28914 gpu_pci=0000:5C:00.0 ibdev=mlx5_0 handler=GPU_SM_DB
[STATUS]: exporting GPUNetIO QP resource=0 lane=14 server=1 qpn=28915 gpu_pci=0000:5C:00.0 ibdev=mlx5_0 handler=GPU_SM_DB
[STATUS]: exporting GPUNetIO QP resource=0 lane=14 server=2 qpn=28916 gpu_pci=0000:5C:00.0 ibdev=mlx5_0 handler=GPU_SM_DB
[STATUS]: exporting GPUNetIO QP resource=0 lane=14 server=3 qpn=28917 gpu_pci=0000:5C:00.0 ibdev=mlx5_0 handler=GPU_SM_DB
[STATUS]: exporting GPUNetIO QP resource=0 lane=14 server=4 qpn=28918 gpu_pci=0000:5C:00.0 ibdev=mlx5_0 handler=GPU_SM_DB
[STATUS]: exporting GPUNetIO QP resource=0 lane=15 server=0 qpn=28919 gpu_pci=0000:5C:00.0 ibdev=mlx5_0 handler=GPU_SM_DB
[STATUS]: exporting GPUNetIO QP resource=0 lane=15 server=1 qpn=28920 gpu_pci=0000:5C:00.0 ibdev=mlx5_0 handler=GPU_SM_DB
[STATUS]: exporting GPUNetIO QP resource=0 lane=15 server=2 qpn=28921 gpu_pci=0000:5C:00.0 ibdev=mlx5_0 handler=GPU_SM_DB
[STATUS]: exporting GPUNetIO QP resource=0 lane=15 server=3 qpn=28922 gpu_pci=0000:5C:00.0 ibdev=mlx5_0 handler=GPU_SM_DB
[STATUS]: exporting GPUNetIO QP resource=0 lane=15 server=4 qpn=28923 gpu_pci=0000:5C:00.0 ibdev=mlx5_0 handler=GPU_SM_DB
[STATUS]: exporting GPUNetIO QP resource=0 lane=16 server=0 qpn=28924 gpu_pci=0000:5C:00.0 ibdev=mlx5_0 handler=GPU_SM_DB
[STATUS]: exporting GPUNetIO QP resource=0 lane=16 server=1 qpn=28925 gpu_pci=0000:5C:00.0 ibdev=mlx5_0 handler=GPU_SM_DB
[STATUS]: exporting GPUNetIO QP resource=0 lane=16 server=2 qpn=28926 gpu_pci=0000:5C:00.0 ibdev=mlx5_0 handler=GPU_SM_DB
[STATUS]: exporting GPUNetIO QP resource=0 lane=16 server=3 qpn=28927 gpu_pci=0000:5C:00.0 ibdev=mlx5_0 handler=GPU_SM_DB
[STATUS]: exporting GPUNetIO QP resource=0 lane=16 server=4 qpn=28928 gpu_pci=0000:5C:00.0 ibdev=mlx5_0 handler=GPU_SM_DB
[STATUS]: exporting GPUNetIO QP resource=0 lane=17 server=0 qpn=28929 gpu_pci=0000:5C:00.0 ibdev=mlx5_0 handler=GPU_SM_DB
[STATUS]: exporting GPUNetIO QP resource=0 lane=17 server=1 qpn=28930 gpu_pci=0000:5C:00.0 ibdev=mlx5_0 handler=GPU_SM_DB
[STATUS]: exporting GPUNetIO QP resource=0 lane=17 server=2 qpn=28931 gpu_pci=0000:5C:00.0 ibdev=mlx5_0 handler=GPU_SM_DB
[STATUS]: exporting GPUNetIO QP resource=0 lane=17 server=3 qpn=28932 gpu_pci=0000:5C:00.0 ibdev=mlx5_0 handler=GPU_SM_DB
[STATUS]: exporting GPUNetIO QP resource=0 lane=17 server=4 qpn=28933 gpu_pci=0000:5C:00.0 ibdev=mlx5_0 handler=GPU_SM_DB
[STATUS]: exporting GPUNetIO QP resource=0 lane=18 server=0 qpn=28934 gpu_pci=0000:5C:00.0 ibdev=mlx5_0 handler=GPU_SM_DB
[STATUS]: exporting GPUNetIO QP resource=0 lane=18 server=1 qpn=28935 gpu_pci=0000:5C:00.0 ibdev=mlx5_0 handler=GPU_SM_DB
[STATUS]: exporting GPUNetIO QP resource=0 lane=18 server=2 qpn=28936 gpu_pci=0000:5C:00.0 ibdev=mlx5_0 handler=GPU_SM_DB
[STATUS]: exporting GPUNetIO QP resource=0 lane=18 server=3 qpn=28937 gpu_pci=0000:5C:00.0 ibdev=mlx5_0 handler=GPU_SM_DB
[STATUS]: exporting GPUNetIO QP resource=0 lane=18 server=4 qpn=28938 gpu_pci=0000:5C:00.0 ibdev=mlx5_0 handler=GPU_SM_DB
[STATUS]: exporting GPUNetIO QP resource=0 lane=19 server=0 qpn=28939 gpu_pci=0000:5C:00.0 ibdev=mlx5_0 handler=GPU_SM_DB
[STATUS]: exporting GPUNetIO QP resource=0 lane=19 server=1 qpn=28940 gpu_pci=0000:5C:00.0 ibdev=mlx5_0 handler=GPU_SM_DB
[STATUS]: exporting GPUNetIO QP resource=0 lane=19 server=2 qpn=28941 gpu_pci=0000:5C:00.0 ibdev=mlx5_0 handler=GPU_SM_DB
[STATUS]: exporting GPUNetIO QP resource=0 lane=19 server=3 qpn=28942 gpu_pci=0000:5C:00.0 ibdev=mlx5_0 handler=GPU_SM_DB
[STATUS]: exporting GPUNetIO QP resource=0 lane=19 server=4 qpn=28943 gpu_pci=0000:5C:00.0 ibdev=mlx5_0 handler=GPU_SM_DB
[STATUS]: exporting GPUNetIO QP resource=0 lane=20 server=0 qpn=28944 gpu_pci=0000:5C:00.0 ibdev=mlx5_0 handler=GPU_SM_DB
[STATUS]: exporting GPUNetIO QP resource=0 lane=20 server=1 qpn=28945 gpu_pci=0000:5C:00.0 ibdev=mlx5_0 handler=GPU_SM_DB
[STATUS]: exporting GPUNetIO QP resource=0 lane=20 server=2 qpn=28946 gpu_pci=0000:5C:00.0 ibdev=mlx5_0 handler=GPU_SM_DB
[STATUS]: exporting GPUNetIO QP resource=0 lane=20 server=3 qpn=28947 gpu_pci=0000:5C:00.0 ibdev=mlx5_0 handler=GPU_SM_DB
[STATUS]: exporting GPUNetIO QP resource=0 lane=20 server=4 qpn=28948 gpu_pci=0000:5C:00.0 ibdev=mlx5_0 handler=GPU_SM_DB
[STATUS]: exporting GPUNetIO QP resource=0 lane=21 server=0 qpn=28949 gpu_pci=0000:5C:00.0 ibdev=mlx5_0 handler=GPU_SM_DB
[STATUS]: exporting GPUNetIO QP resource=0 lane=21 server=1 qpn=28950 gpu_pci=0000:5C:00.0 ibdev=mlx5_0 handler=GPU_SM_DB
[STATUS]: exporting GPUNetIO QP resource=0 lane=21 server=2 qpn=28951 gpu_pci=0000:5C:00.0 ibdev=mlx5_0 handler=GPU_SM_DB
[STATUS]: exporting GPUNetIO QP resource=0 lane=21 server=3 qpn=28952 gpu_pci=0000:5C:00.0 ibdev=mlx5_0 handler=GPU_SM_DB
[STATUS]: exporting GPUNetIO QP resource=0 lane=21 server=4 qpn=28953 gpu_pci=0000:5C:00.0 ibdev=mlx5_0 handler=GPU_SM_DB
[STATUS]: exporting GPUNetIO QP resource=0 lane=22 server=0 qpn=28954 gpu_pci=0000:5C:00.0 ibdev=mlx5_0 handler=GPU_SM_DB
[STATUS]: exporting GPUNetIO QP resource=0 lane=22 server=1 qpn=28955 gpu_pci=0000:5C:00.0 ibdev=mlx5_0 handler=GPU_SM_DB
[STATUS]: exporting GPUNetIO QP resource=0 lane=22 server=2 qpn=28956 gpu_pci=0000:5C:00.0 ibdev=mlx5_0 handler=GPU_SM_DB
[STATUS]: exporting GPUNetIO QP resource=0 lane=22 server=3 qpn=28957 gpu_pci=0000:5C:00.0 ibdev=mlx5_0 handler=GPU_SM_DB
[STATUS]: exporting GPUNetIO QP resource=0 lane=22 server=4 qpn=28958 gpu_pci=0000:5C:00.0 ibdev=mlx5_0 handler=GPU_SM_DB
[STATUS]: exporting GPUNetIO QP resource=0 lane=23 server=0 qpn=28959 gpu_pci=0000:5C:00.0 ibdev=mlx5_0 handler=GPU_SM_DB
[STATUS]: exporting GPUNetIO QP resource=0 lane=23 server=1 qpn=28960 gpu_pci=0000:5C:00.0 ibdev=mlx5_0 handler=GPU_SM_DB
[STATUS]: exporting GPUNetIO QP resource=0 lane=23 server=2 qpn=28961 gpu_pci=0000:5C:00.0 ibdev=mlx5_0 handler=GPU_SM_DB
[STATUS]: exporting GPUNetIO QP resource=0 lane=23 server=3 qpn=28962 gpu_pci=0000:5C:00.0 ibdev=mlx5_0 handler=GPU_SM_DB
[STATUS]: exporting GPUNetIO QP resource=0 lane=23 server=4 qpn=28963 gpu_pci=0000:5C:00.0 ibdev=mlx5_0 handler=GPU_SM_DB
[STATUS]: exporting GPUNetIO QP resource=0 lane=24 server=0 qpn=28964 gpu_pci=0000:5C:00.0 ibdev=mlx5_0 handler=GPU_SM_DB
[STATUS]: exporting GPUNetIO QP resource=0 lane=24 server=1 qpn=28965 gpu_pci=0000:5C:00.0 ibdev=mlx5_0 handler=GPU_SM_DB
[STATUS]: exporting GPUNetIO QP resource=0 lane=24 server=2 qpn=28966 gpu_pci=0000:5C:00.0 ibdev=mlx5_0 handler=GPU_SM_DB
[STATUS]: exporting GPUNetIO QP resource=0 lane=24 server=3 qpn=28967 gpu_pci=0000:5C:00.0 ibdev=mlx5_0 handler=GPU_SM_DB
[STATUS]: exporting GPUNetIO QP resource=0 lane=24 server=4 qpn=28968 gpu_pci=0000:5C:00.0 ibdev=mlx5_0 handler=GPU_SM_DB
[STATUS]: exporting GPUNetIO QP resource=0 lane=25 server=0 qpn=28969 gpu_pci=0000:5C:00.0 ibdev=mlx5_0 handler=GPU_SM_DB
[STATUS]: exporting GPUNetIO QP resource=0 lane=25 server=1 qpn=28970 gpu_pci=0000:5C:00.0 ibdev=mlx5_0 handler=GPU_SM_DB
[STATUS]: exporting GPUNetIO QP resource=0 lane=25 server=2 qpn=28971 gpu_pci=0000:5C:00.0 ibdev=mlx5_0 handler=GPU_SM_DB
[STATUS]: exporting GPUNetIO QP resource=0 lane=25 server=3 qpn=28972 gpu_pci=0000:5C:00.0 ibdev=mlx5_0 handler=GPU_SM_DB
[STATUS]: exporting GPUNetIO QP resource=0 lane=25 server=4 qpn=28973 gpu_pci=0000:5C:00.0 ibdev=mlx5_0 handler=GPU_SM_DB
[STATUS]: exporting GPUNetIO QP resource=0 lane=26 server=0 qpn=28974 gpu_pci=0000:5C:00.0 ibdev=mlx5_0 handler=GPU_SM_DB
[STATUS]: exporting GPUNetIO QP resource=0 lane=26 server=1 qpn=28975 gpu_pci=0000:5C:00.0 ibdev=mlx5_0 handler=GPU_SM_DB
[STATUS]: exporting GPUNetIO QP resource=0 lane=26 server=2 qpn=28976 gpu_pci=0000:5C:00.0 ibdev=mlx5_0 handler=GPU_SM_DB
[STATUS]: exporting GPUNetIO QP resource=0 lane=26 server=3 qpn=28977 gpu_pci=0000:5C:00.0 ibdev=mlx5_0 handler=GPU_SM_DB
[STATUS]: exporting GPUNetIO QP resource=0 lane=26 server=4 qpn=28978 gpu_pci=0000:5C:00.0 ibdev=mlx5_0 handler=GPU_SM_DB
[STATUS]: exporting GPUNetIO QP resource=0 lane=27 server=0 qpn=28979 gpu_pci=0000:5C:00.0 ibdev=mlx5_0 handler=GPU_SM_DB
[STATUS]: exporting GPUNetIO QP resource=0 lane=27 server=1 qpn=28980 gpu_pci=0000:5C:00.0 ibdev=mlx5_0 handler=GPU_SM_DB
[STATUS]: exporting GPUNetIO QP resource=0 lane=27 server=2 qpn=28981 gpu_pci=0000:5C:00.0 ibdev=mlx5_0 handler=GPU_SM_DB
[STATUS]: exporting GPUNetIO QP resource=0 lane=27 server=3 qpn=28982 gpu_pci=0000:5C:00.0 ibdev=mlx5_0 handler=GPU_SM_DB
[STATUS]: exporting GPUNetIO QP resource=0 lane=27 server=4 qpn=28983 gpu_pci=0000:5C:00.0 ibdev=mlx5_0 handler=GPU_SM_DB
[STATUS]: exporting GPUNetIO QP resource=0 lane=28 server=0 qpn=28984 gpu_pci=0000:5C:00.0 ibdev=mlx5_0 handler=GPU_SM_DB
[STATUS]: exporting GPUNetIO QP resource=0 lane=28 server=1 qpn=28985 gpu_pci=0000:5C:00.0 ibdev=mlx5_0 handler=GPU_SM_DB
[STATUS]: exporting GPUNetIO QP resource=0 lane=28 server=2 qpn=28986 gpu_pci=0000:5C:00.0 ibdev=mlx5_0 handler=GPU_SM_DB
[STATUS]: exporting GPUNetIO QP resource=0 lane=28 server=3 qpn=28987 gpu_pci=0000:5C:00.0 ibdev=mlx5_0 handler=GPU_SM_DB
[STATUS]: exporting GPUNetIO QP resource=0 lane=28 server=4 qpn=28988 gpu_pci=0000:5C:00.0 ibdev=mlx5_0 handler=GPU_SM_DB
[STATUS]: exporting GPUNetIO QP resource=0 lane=29 server=0 qpn=28989 gpu_pci=0000:5C:00.0 ibdev=mlx5_0 handler=GPU_SM_DB
[STATUS]: exporting GPUNetIO QP resource=0 lane=29 server=1 qpn=28990 gpu_pci=0000:5C:00.0 ibdev=mlx5_0 handler=GPU_SM_DB
[STATUS]: exporting GPUNetIO QP resource=0 lane=29 server=2 qpn=28991 gpu_pci=0000:5C:00.0 ibdev=mlx5_0 handler=GPU_SM_DB
[STATUS]: exporting GPUNetIO QP resource=0 lane=29 server=3 qpn=28992 gpu_pci=0000:5C:00.0 ibdev=mlx5_0 handler=GPU_SM_DB
[STATUS]: exporting GPUNetIO QP resource=0 lane=29 server=4 qpn=28993 gpu_pci=0000:5C:00.0 ibdev=mlx5_0 handler=GPU_SM_DB
[STATUS]: exporting GPUNetIO QP resource=0 lane=30 server=0 qpn=28994 gpu_pci=0000:5C:00.0 ibdev=mlx5_0 handler=GPU_SM_DB
[STATUS]: exporting GPUNetIO QP resource=0 lane=30 server=1 qpn=28995 gpu_pci=0000:5C:00.0 ibdev=mlx5_0 handler=GPU_SM_DB
[STATUS]: exporting GPUNetIO QP resource=0 lane=30 server=2 qpn=28996 gpu_pci=0000:5C:00.0 ibdev=mlx5_0 handler=GPU_SM_DB
[STATUS]: exporting GPUNetIO QP resource=0 lane=30 server=3 qpn=28997 gpu_pci=0000:5C:00.0 ibdev=mlx5_0 handler=GPU_SM_DB
[STATUS]: exporting GPUNetIO QP resource=0 lane=30 server=4 qpn=28998 gpu_pci=0000:5C:00.0 ibdev=mlx5_0 handler=GPU_SM_DB
[STATUS]: exporting GPUNetIO QP resource=0 lane=31 server=0 qpn=28999 gpu_pci=0000:5C:00.0 ibdev=mlx5_0 handler=GPU_SM_DB
[STATUS]: exporting GPUNetIO QP resource=0 lane=31 server=1 qpn=29000 gpu_pci=0000:5C:00.0 ibdev=mlx5_0 handler=GPU_SM_DB
[STATUS]: exporting GPUNetIO QP resource=0 lane=31 server=2 qpn=29001 gpu_pci=0000:5C:00.0 ibdev=mlx5_0 handler=GPU_SM_DB
[STATUS]: exporting GPUNetIO QP resource=0 lane=31 server=3 qpn=29002 gpu_pci=0000:5C:00.0 ibdev=mlx5_0 handler=GPU_SM_DB
[STATUS]: exporting GPUNetIO QP resource=0 lane=31 server=4 qpn=29003 gpu_pci=0000:5C:00.0 ibdev=mlx5_0 handler=GPU_SM_DB
[STATUS]: GPUNetIO GPU MR registration=peer_memory bytes=3265200128
[STATUS]: GPUNetIO startup RDMA read probe passed for 160 QPs
[STATUS]: GPUNetIO RDMA Read implementation=manual_wqe_locked
1 device(s) found
Selected device: mlx5_0
Selected port state: 4, lid: 1, active_mtu: 5
pairing: 29004 -- 109185
pairing: 29005 -- 109190
pairing: 29006 -- 109191
pairing: 29007 -- 109192
pairing: 29008 -- 109193
pairing: 29009 -- 109194
pairing: 29010 -- 109195
pairing: 29011 -- 109196
pairing: 29012 -- 109197
pairing: 29013 -- 109198
pairing: 29014 -- 109199
pairing: 29015 -- 109200
pairing: 29016 -- 109201
pairing: 29017 -- 109202
pairing: 29018 -- 109203
pairing: 29019 -- 109204
pairing: 29020 -- 109205
pairing: 29021 -- 109206
pairing: 29022 -- 109207
pairing: 29023 -- 109208
pairing: 29024 -- 109209
pairing: 29025 -- 109210
pairing: 29026 -- 109211
pairing: 29027 -- 109212
pairing: 29028 -- 109213
pairing: 29029 -- 109214
pairing: 29030 -- 109215
pairing: 29031 -- 109216
pairing: 29032 -- 109217
pairing: 29033 -- 109218
pairing: 29034 -- 109219
pairing: 29035 -- 109220
pairing: 29036 -- 109186
pairing: 29037 -- 109221
pairing: 29038 -- 109222
pairing: 29039 -- 109223
pairing: 29040 -- 109224
pairing: 29041 -- 109225
pairing: 29042 -- 109226
pairing: 29043 -- 109227
pairing: 29044 -- 109228
pairing: 29045 -- 109229
pairing: 29046 -- 109230
pairing: 29047 -- 109231
pairing: 29048 -- 109232
pairing: 29049 -- 109233
pairing: 29050 -- 109234
pairing: 29051 -- 109235
pairing: 29052 -- 109236
pairing: 29053 -- 109237
pairing: 29054 -- 109238
pairing: 29055 -- 109239
pairing: 29056 -- 109240
pairing: 29057 -- 109241
pairing: 29058 -- 109242
pairing: 29059 -- 109243
pairing: 29060 -- 109244
pairing: 29061 -- 109245
pairing: 29062 -- 109246
pairing: 29063 -- 109247
pairing: 29064 -- 109248
pairing: 29065 -- 109249
pairing: 29066 -- 109250
pairing: 29067 -- 109251
pairing: 29068 -- 109187
pairing: 29069 -- 109252
pairing: 29070 -- 109253
pairing: 29071 -- 109254
pairing: 29072 -- 109255
pairing: 29073 -- 109256
pairing: 29074 -- 109257
pairing: 29075 -- 109258
pairing: 29076 -- 109259
pairing: 29077 -- 109260
pairing: 29078 -- 109261
pairing: 29079 -- 109262
pairing: 29080 -- 109263
pairing: 29081 -- 109264
pairing: 29082 -- 109265
pairing: 29083 -- 109266
pairing: 29084 -- 109267
pairing: 29085 -- 109268
pairing: 29086 -- 109269
pairing: 29087 -- 109270
pairing: 29088 -- 109271
pairing: 29089 -- 109272
pairing: 29090 -- 109273
pairing: 29091 -- 109274
pairing: 29092 -- 109275
pairing: 29093 -- 109276
pairing: 29094 -- 109277
pairing: 29095 -- 109278
pairing: 29096 -- 109279
pairing: 29097 -- 109280
pairing: 29098 -- 109281
pairing: 29099 -- 109282
pairing: 29100 -- 109188
pairing: 29101 -- 109283
pairing: 29102 -- 109284
pairing: 29103 -- 109285
pairing: 29104 -- 109286
pairing: 29105 -- 109287
pairing: 29106 -- 109288
pairing: 29107 -- 109289
pairing: 29108 -- 109290
pairing: 29109 -- 109291
pairing: 29110 -- 109292
pairing: 29111 -- 109293
pairing: 29112 -- 109294
pairing: 29113 -- 109295
pairing: 29114 -- 109296
pairing: 29115 -- 109297
pairing: 29116 -- 109298
pairing: 29117 -- 109299
pairing: 29118 -- 109300
pairing: 29119 -- 109301
pairing: 29120 -- 109302
pairing: 29121 -- 109303
pairing: 29122 -- 109304
pairing: 29123 -- 109305
pairing: 29124 -- 109306
pairing: 29125 -- 109307
pairing: 29126 -- 109308
pairing: 29127 -- 109309
pairing: 29128 -- 109310
pairing: 29129 -- 109311
pairing: 29130 -- 109312
pairing: 29131 -- 109313
pairing: 29132 -- 109189
pairing: 29133 -- 109314
pairing: 29134 -- 109315
pairing: 29135 -- 109316
pairing: 29136 -- 109317
pairing: 29137 -- 109318
pairing: 29138 -- 109319
pairing: 29139 -- 109320
pairing: 29140 -- 109321
pairing: 29141 -- 109322
pairing: 29142 -- 109323
pairing: 29143 -- 109324
pairing: 29144 -- 109325
pairing: 29145 -- 109326
pairing: 29146 -- 109327
pairing: 29147 -- 109328
pairing: 29148 -- 109329
pairing: 29149 -- 109330
pairing: 29150 -- 109331
pairing: 29151 -- 109332
pairing: 29152 -- 109333
pairing: 29153 -- 109334
pairing: 29154 -- 109335
pairing: 29155 -- 109336
pairing: 29156 -- 109337
pairing: 29157 -- 109338
pairing: 29158 -- 109339
pairing: 29159 -- 109340
pairing: 29160 -- 109341
pairing: 29161 -- 109342
pairing: 29162 -- 109343
pairing: 29163 -- 109344
[gpu-search] bootstrap=CPU-posted GPUDirect RDMA; queries=strict GPU-initiated GPUNetIO
[gpu-search] streamed 3200000000 PQ bytes directly into final GPU storage; ordinal audit passed for 15 entries
[gpu-search] persistent occupancy candidate threads=128 hardware_blocks_per_sm=3 configured_cap=4 effective_blocks_per_sm=3 grid_capacity=324 owner_blocks=40 query_blocks=256 resident_query_warps=1024 selected=true
[gpu-search] persistent occupancy candidate threads=256 hardware_blocks_per_sm=1 configured_cap=4 effective_blocks_per_sm=1 grid_capacity=108 owner_blocks=20 query_blocks=86 resident_query_warps=688 selected=false
[gpu-search] persistent kernel resources registers/thread=166 static_shared_bytes=49120 local_bytes/thread=920 max_threads/block=128
[gpu-search] unified persistent CTAs=40-owner+256-query+1-dispatch+1-control QP-owner-warps=160 threads/CTA=128 query_slots=256 resident_capacity=324 launched=298
[STATUS]: query engine: persistent GPU + GPUNetIO slots=256
[breakdown] preparing workload: workload=query
[breakdown] recall query data ready: count=3334 dtype=float32 vector_bytes=384
[breakdown] performance query data ready: count=10000000 dtype=float32 vector_bytes=384 policy=single_pass_no_reuse
[breakdown][recall] done 1000/1000 ops, avg_rate=38151 ops/s
[breakdown][recall] before_performance recall@10=0.9235 queries=1000
[breakdown] effective insert start id=100010000
[breakdown] starting warmup query
[breakdown][warmup-query] progress elapsed=5s/5s, completed=292883 ops, rate=58576.6 ops/s, interval_rate=58576.6 ops/s
[breakdown][warmup-query] done measurement_elapsed=5s/5s, measurement_completed=292883 ops, measurement_avg_rate=58576.6 ops/s, drain_elapsed=0.00687959s, drain_completed=256 ops
[breakdown] starting measure phase
[breakdown][measure-query] progress elapsed=5s/20s, completed=292796 ops, rate=58559.2 ops/s, interval_rate=58559.2 ops/s
[breakdown][measure-query] progress elapsed=10s/20s, completed=585668 ops, rate=58566.8 ops/s, interval_rate=58574.4 ops/s
[breakdown][measure-query] progress elapsed=15s/20s, completed=878587 ops, rate=58572.5 ops/s, interval_rate=58583.8 ops/s
[breakdown][measure-query] progress elapsed=20s/20s, completed=1171280 ops, rate=58564 ops/s, interval_rate=58538.6 ops/s
[breakdown][measure-query] done measurement_elapsed=20s/20s, measurement_completed=1171280 ops, measurement_avg_rate=58564 ops/s, drain_elapsed=0.0069222s, drain_completed=254 ops
[breakdown][static_gt_post_recall] done 1000/1000 ops, avg_rate=41808.4 ops/s
[breakdown][recall] after_performance recall@10=0.9229 queries=1000
system_variant
  profile_name: 04_gpu_persistent_gpunetio
  label: full
  update_mutation_api: insert_upsert_erase
  storage_owner_update_completion_mode: decoupled
  gpu_dynamic_graph_access_mode: adaptive
  gpu_rdma_search_progression_mode: manual
  index_prefix: /data/xjs/index/dvstor_deep100m/index/deep100m_R96_bw128_metis_pmd32_pq32_schema16
  index_schema_version: 16
  index_build_fingerprint: 5290522073528400725
query_inputs
  recall_source: /data/xjs/index/dvstor_deep100m/prepared/recall_query.fbin
  recall_rows: 3334
  performance_source: /data/xjs/datasets/deep1b/deep100m/deep100m_to_110m_query.fbin
  performance_rows: 10000000
  performance_row_reuse_policy: single_pass_no_reuse
  performance_warmup/measure/total_rows_consumed: 293139/1171534/1464673
throughput
  duration_seconds: 20.0069
  total_ops_per_sec: 58556.6 (ops=1171534)
  query_ops_per_sec: 58556.6 (ops=1171534)
  effective_query_ops_per_sec: 58556.6
  write_ops_per_sec: 0 (ops=0)
  effective_write_ops_per_sec: 0
  insert_ops_per_sec: 0 (ops=0)
  client_drain_seconds: 0.00687452
  scheduled_query/write_ops: 0/0
  query/write_rate_attainment_ratio: 1/1
  nominal/effective_rate_basis: effective_wall_clock/wall_clock_including_client_drain
  query_head/tail_qps: 58572.5/58565.6
  query_tail_to_head_ratio: 0.999883
  query_min_5s_qps: 58538.6
  write_head/tail_qps: 0/0
  write_tail_to_head_ratio: 0
  write_min_5s_qps: 0
  zero_completion_windows: 0
  zero_query/write_windows: 0/0
stage2
  source: storage_logs
  shards observed/requested: 0/5
  p99_stage2_delay_upper_ms: unavailable
  remaining/max_backlog: 0/0
  completion_outstanding/admission_window: unavailable
  completion_incomplete/admission_window: unavailable
  completion admission stalls logical/physical: unavailable
  backlog_slope_per_sec: 0
  failures (hard): 0
  peer_reverse_retry_attempts: unavailable
  locality telemetry: unavailable
  search budget exhausted (stage1/stage2): unavailable
  execution batching: unavailable
  executor service demand: unavailable
recall
  recall@10: 0.9235
  queries: 1000
  mode/base_id_limit/search_width/insufficient_queries: all/0/10/0
  query_file: /data/xjs/index/dvstor_deep100m/prepared/recall_query.fbin
  groundtruth_file: /data/xjs/index/dvstor_deep100m/prepared/recall_groundtruth.bin
static_gt_post_recall
  recall@10: 0.9229
  queries: 1000
  mode/base_id_limit/search_width/insufficient_queries: all/0/10/0
  query_file: /data/xjs/index/dvstor_deep100m/prepared/recall_query.fbin
  groundtruth_file: /data/xjs/index/dvstor_deep100m/prepared/recall_groundtruth.bin
gpu_persistent
  GPU memory explicit/base_pq/route GiB: 4.3275/2.98023/2.27988e-06
  average_batch_size: 1.19325
  average_submission_wait_us: 3.06475
  rdma_read_bytes: 163264826048
  owner WQE submitted/capacity/utilization: 554229486/21071988736/0.0263017
  owner critical/speculative batches: 25273952/0
  graph_route_hit_ratio/refreshes: 0/0
  graph snapshot reread records total/per_query: 0/0
  graph RDMA bytes total/per_query/per_parent: 102082634432/87135.9/436.738
  graph live/full/fallback/underhint/promotions reads: 233738668/0/0/0/0
  expanded parents/neighbor sum/average degree: 233738668/11417287357/48.8464
  expanded degree histogram (ceil(degree/8), overflow=13): [0,516057,5859523,16778606,29342481,37430151,37763527,31585749,24391750,17736818,11794309,8001471,12538226,0]
  dynamic expanded parents/neighbor sum/average degree/share: 0/0/0/0
  dynamic expanded degree histogram (ceil(degree/8), overflow=13): [0,0,0,0,0,0,0,0,0,0,0,0,0,0]
  DynaExtent short/full/bytes/fallback/promotions/demotions: 0/0/0/0/0/0
  DynaExtent snapshot-attempts/nonfallback-full-attempts/short-physical-ratio/fallback-ratio/bytes-per-physical-read: 0/0/0/0/0
  ASFE logical expansions total/per_query: 233738668/199.515
  ASFE critical/speculative graph reads: 233738668/0
  ASFE critical/speculative graph bytes: 102082634432/0
  ASFE core reads/bytes/arrived/promoted/stale: 0/0/0/0/0
  ASFE core waves/ready waves/ready ratio: 0/0/0
  terminal exact cache attempts/rate: 0/0
  terminal exact cache issued/promoted/misses/rejects (total/per_query): 0/0, 0/0, 0/0, 0/0
  terminal exact cache promotion/waste ratio: 0/0
  terminal exact cache wasted bytes total/per_query: 0/0
  ASFE completion scoring batches/candidates (total/per_query/candidates_per_batch): 0/0, 0/0/0
  ASFE reusable exact certificates total/per_query: 0/0
  ASFE streamed runs/ordered scoring batches/candidates (total/per_query/candidates_per_batch): 0/0, 0/0, 0/0/0
  OOO ROB parents retired beyond an unresolved rank hole (total/per_query): 0/0
  ASFE reusable prefix ranks/full/issued certificates (total/per_query): 0/0, 0/0, 0/0
  ASFE certificate rejects total/per_query: 0/0
  ASFE speculative wasted bytes/ratio: 0/0
  ASFE speculative arrived/promoted/stale/queue_rejects: 0/0/0/0
  ASFE promotion/waste ratio: 0/0
  ASFE issue/commit epochs: 0/17506806
  ASFE average issue/commit width: 0/13.3513
  ASFE issue capacity/utilization: 0/0
  ASFE max issue/commit width: 0/16
  ASFE critical ROB hits/speculative wait ns/us_per_query: 0/0/0
  ASFE critical misses/ROB hit ratio: 233738668/0
  ASFE RDMA completion groups/avg us (critical/speculative): 87534030/80.5808 (0/0)
  GPU occupancy threads/registers/static_shared: 128/166/49120
  GPU occupancy active/effective blocks per SM: 3/3
  GPU persistent query/owner/total blocks: 256/40/298
  centroid route publications/shard_updates/live/snapshot_skips: 0/0/20/0
  centroid route probe_reads/body_reads/unchanged_polls/poll_us: 1570/0/314/63899
  centroid route query snapshot retries/timeouts: 0/0
  GPU query/prepare/graph/score/beam/exact us: 4291.01/110.213/1936.89/650.761/1035.12/396.142
  exact snapshot train batches/fallbacks/success ratio: 2134822/0/1
  GPU graph commit/issue width: 16/16
  GPU graph read/dynamic extent: live-extent/1
  GPU Beam merge policy: stable-run
  Stage2 score-many/graph-issue/home-combining: 1/16/1
  GPU Beam merge total/prepare/sort/materialize us: 1035.12/34.4475/235.622/708.33
  dynamic PQ candidates/reads/bytes/incarnation_rejects: 0/0/0/0
  dynamic PQ reads/query and wait_us/query: 0/0
  dynamic PQ arena hits/batch_dedup/authoritative_avoidance: 0/0/0
  dynamic PQ arena publish success/race/capacity: 0/0/25510220
storage_owner_runtime
  submitted/completed batches: 0/0
  submitted/completed items: 0/0
  average batch / average RPC wall us / max RPC wall us: 0/0/0
query breakdown
  count: 1171534
  latency_ms: mean=4.36936 p50=4.33214 p95=5.202 p99=5.68375 p999=6.43421
  fine_grained_breakdown: disabled
json: /home/xjs/experiment/dvstor/experiment/deep100m/program3/results/program3_20260831_200109/performance_late_c16/04_gpu_persistent_gpunetio/deep100m_04_gpu_persistent_gpunetio_20260831_201116.json
text: /home/xjs/experiment/dvstor/experiment/deep100m/program3/results/program3_20260831_200109/performance_late_c16/04_gpu_persistent_gpunetio/deep100m_04_gpu_persistent_gpunetio_20260831_201116.txt
