[breakdown] concurrency clients=256 source=auto auto_required=256 auto_cap=512 gpu_query_slots=256 storage_rpc_inflight=80 (5x16) derivation=gpu_query_slots
[breakdown] performance query: /data/xjs/datasets/sift1b/sift100m_to_110m_query.u8bin [100000000,110000000)
[breakdown] unique performance-query budget rows=10000000 total_timed_seconds=15 max_average_query_qps_without_reuse=666666.7
[ 15%] Built target rdma_library
[ 25%] Built target dvstor_gpu_kernels
[ 80%] Built target dvstor_runtime
[ 90%] Built target dvstor_breakdown_support
[100%] Built target dvstor_breakdown_benchmark
[mn-memory] auto=24 GiB source=metadata policy=20% of base nodes limiting_shard=2 dynamic_slots=4120200 record_bytes=1040
[breakdown] profile=04_gpu_persistent_gpunetio command: /home/xjs/experiment/dvstor/build/dvstor_breakdown_benchmark --service-config /home/xjs/experiment/dvstor/experiment/sift100m/program3/results/program3_20260823_023114/motivation_c1/04_gpu_persistent_gpunetio/service_04_gpu_persistent_gpunetio_20260823_023135.ini --profile-name 04_gpu_persistent_gpunetio --system-variant-label full --workload query --warmup-ops 100 --measure-ops 1000 --warmup-seconds 5 --measure-seconds 10 --client-threads 256 --read-ratio 0.5 --mixed-mode fixed_threads --write-threads 0 --target-query-qps 0 --target-write-qps 0 --write-insert-ratio 1 --write-upsert-ratio 0 --write-delete-ratio 0 --report-json /home/xjs/experiment/dvstor/experiment/sift100m/program3/results/program3_20260823_023114/motivation_c1/04_gpu_persistent_gpunetio/sift100m_04_gpu_persistent_gpunetio_20260823_023135.json --report-text /home/xjs/experiment/dvstor/experiment/sift100m/program3/results/program3_20260823_023114/motivation_c1/04_gpu_persistent_gpunetio/sift100m_04_gpu_persistent_gpunetio_20260823_023135.txt --recall-query-file /data/xjs/index/dvstor_sift100m/converted/query.u8bin --groundtruth-file /data/xjs/index/dvstor_sift100m/converted/groundtruth_100M.bin --recall-queries 1000 --recall-k 10 --recall-mode all --recall-base-id-limit 0 --performance-query-file /data/xjs/datasets/sift1b/sift100m_to_110m_query.u8bin --storage-maintenance-log /home/xjs/experiment/dvstor/experiment/logs/memory_node_1_04_gpu_persistent_gpunetio.log --storage-maintenance-log /home/xjs/experiment/dvstor/experiment/logs/memory_node_2_04_gpu_persistent_gpunetio.log --storage-maintenance-log /home/xjs/experiment/dvstor/experiment/logs/memory_node_3_04_gpu_persistent_gpunetio.log --storage-maintenance-log /home/xjs/experiment/dvstor/experiment/logs/memory_node_4_04_gpu_persistent_gpunetio.log --storage-maintenance-log /home/xjs/experiment/dvstor/experiment/logs/memory_node_5_04_gpu_persistent_gpunetio.log
============================================================
                        CLIENT
============================================================
connect to:                   [192.168.6.202:1234, 192.168.6.202:1235, 192.168.6.202:1236, 192.168.6.202:1237, 192.168.6.202:1238, ]
is initiator:                 true
TCP port:                     2234
IB device:                    <auto>
IB port:                      1
max outstanding CQEs:         64
max send work requests:       4096
max receive work requests:    4096
============================================================
index prefix:                     "/data/xjs/index/dvstor_sift100m/index/sift100m_R96_bw128_metis_pmd32_pq32_schema16"
threads:                          64
dimension:                        128
max vectors:                      100000000
vector ID namespace [0,N):        4294967295
K / R:                            10 / 96
vector data type:                 uint8
--------------------------------------------------------------------
query engine:                     persistent_gpu_opq_pq
remote transport:                 GPU-initiated GPUNetIO
GPU device:                       1
GPU concurrent query slots:       256
GPU memory limit/reserve GiB:     40/4
GPU traversal/rerank width:       128/128
GPU max expansions:               384
GPU graph commit/issue width:     1/1
dynamic graph access mode:        adaptive
GPU graph read policy:            live-extent
GPU dynamic graph extent:         true
GPU-RDMA progression mode:        manual
GPU Beam merge policy:            stable-run
query RDMA trace mode/rate:       off/1000
query RDMA trace output:          ""
GPU RDMA QPs per storage node:    32
GPU direct CQ timeout ms:         250
GPU persistent blocks/SM cap:     4
compute updates enabled:          false
storage update completion mode:   decoupled
storage update protocol:          centroid-home two-stage
storage RPC depth/batch:          16/32
storage batch max wait us:        10000
storage Stage2 batch max wait us: 25000
storage Stage2 initial delay ms:  0
Stage2 exact score-many:          true
Stage2 home RPC combining:        true
Stage2 graph issue width:         16
storage peer QPs per peer:        8
storage stage2 maintenance:       8 workers, backlog 65536
====================================================================
1 device(s) found
Selected device: mlx5_0
Selected port state: 4, lid: 1
interleaved policy
num_cores: 112
physical cores per socket: 28
hyperthreading enabled
local process CPU partition: rank 0/1 logical_cpus=112
client id: 0
number of clients: 1
connect to server 192.168.6.202:1234
pairing: 128021 -- 60067
connect to server 192.168.6.202:1235
pairing: 128022 -- 60068
connect to server 192.168.6.202:1236
pairing: 128023 -- 60069
connect to server 192.168.6.202:1237
pairing: 128024 -- 60070
connect to server 192.168.6.202:1238
pairing: 128025 -- 60071
[STATUS]: receive access tokens of remote memory regions
[STATUS]: loaded schema-16 GPU index metadata from /data/xjs/index/dvstor_sift100m/index/sift100m_R96_bw128_metis_pmd32_pq32_schema16 (OPQ/PQ32, vector_data_type=uint8)
[STATUS]: compute updates disabled: update executor is not started
[STATUS]: search: GPU-persistent OPQ/PQ32 beam + final RDMA exact rerank
[gpu-search] synthesized navigation manifest in memory from metadata
[gpu-search] graph-read-policy=live-extent extent_quantum=8 extent_source="/data/xjs/index/dvstor_sift100m/index/sift100m_R96_bw128_metis_pmd32_pq32_schema16.gextent8" extent_classes=100000000 extent_payload_bytes=100000000
[gpu-search] query routing=versioned centroid routes centroid_shards=5 live_entries_per_shard=4 start_shards=1
[gpu-search] navigation budget codes=3200000000 dynamic_code_scratch=20971520 dynamic_code_arena=915541956 dynamic_code_arena_slots=25431721 dynamic_request_scratch=10485760 navigation_candidates=6291456 direct_queue_scratch=1866240 graph_scratch=16777216 graph_request_metadata=32768 speculative_graph_request_metadata=270336 graph_extent_classes=100000000 query_rdma_trace=0 centroid_route=528 shard_centroids=2560 explicit=4627142892 limit=38654705664 bytes
[STATUS]: exporting GPUNetIO QP resource=0 lane=0 server=0 qpn=128026 gpu_pci=0000:5C:00.0 ibdev=mlx5_0 handler=GPU_SM_DB
[STATUS]: exporting GPUNetIO QP resource=0 lane=0 server=1 qpn=128027 gpu_pci=0000:5C:00.0 ibdev=mlx5_0 handler=GPU_SM_DB
[STATUS]: exporting GPUNetIO QP resource=0 lane=0 server=2 qpn=128028 gpu_pci=0000:5C:00.0 ibdev=mlx5_0 handler=GPU_SM_DB
[STATUS]: exporting GPUNetIO QP resource=0 lane=0 server=3 qpn=128029 gpu_pci=0000:5C:00.0 ibdev=mlx5_0 handler=GPU_SM_DB
[STATUS]: exporting GPUNetIO QP resource=0 lane=0 server=4 qpn=128030 gpu_pci=0000:5C:00.0 ibdev=mlx5_0 handler=GPU_SM_DB
[STATUS]: exporting GPUNetIO QP resource=0 lane=1 server=0 qpn=128031 gpu_pci=0000:5C:00.0 ibdev=mlx5_0 handler=GPU_SM_DB
[STATUS]: exporting GPUNetIO QP resource=0 lane=1 server=1 qpn=128032 gpu_pci=0000:5C:00.0 ibdev=mlx5_0 handler=GPU_SM_DB
[STATUS]: exporting GPUNetIO QP resource=0 lane=1 server=2 qpn=128033 gpu_pci=0000:5C:00.0 ibdev=mlx5_0 handler=GPU_SM_DB
[STATUS]: exporting GPUNetIO QP resource=0 lane=1 server=3 qpn=128034 gpu_pci=0000:5C:00.0 ibdev=mlx5_0 handler=GPU_SM_DB
[STATUS]: exporting GPUNetIO QP resource=0 lane=1 server=4 qpn=128035 gpu_pci=0000:5C:00.0 ibdev=mlx5_0 handler=GPU_SM_DB
[STATUS]: exporting GPUNetIO QP resource=0 lane=2 server=0 qpn=128036 gpu_pci=0000:5C:00.0 ibdev=mlx5_0 handler=GPU_SM_DB
[STATUS]: exporting GPUNetIO QP resource=0 lane=2 server=1 qpn=128037 gpu_pci=0000:5C:00.0 ibdev=mlx5_0 handler=GPU_SM_DB
[STATUS]: exporting GPUNetIO QP resource=0 lane=2 server=2 qpn=128038 gpu_pci=0000:5C:00.0 ibdev=mlx5_0 handler=GPU_SM_DB
[STATUS]: exporting GPUNetIO QP resource=0 lane=2 server=3 qpn=128039 gpu_pci=0000:5C:00.0 ibdev=mlx5_0 handler=GPU_SM_DB
[STATUS]: exporting GPUNetIO QP resource=0 lane=2 server=4 qpn=128040 gpu_pci=0000:5C:00.0 ibdev=mlx5_0 handler=GPU_SM_DB
[STATUS]: exporting GPUNetIO QP resource=0 lane=3 server=0 qpn=128041 gpu_pci=0000:5C:00.0 ibdev=mlx5_0 handler=GPU_SM_DB
[STATUS]: exporting GPUNetIO QP resource=0 lane=3 server=1 qpn=128042 gpu_pci=0000:5C:00.0 ibdev=mlx5_0 handler=GPU_SM_DB
[STATUS]: exporting GPUNetIO QP resource=0 lane=3 server=2 qpn=128043 gpu_pci=0000:5C:00.0 ibdev=mlx5_0 handler=GPU_SM_DB
[STATUS]: exporting GPUNetIO QP resource=0 lane=3 server=3 qpn=128044 gpu_pci=0000:5C:00.0 ibdev=mlx5_0 handler=GPU_SM_DB
[STATUS]: exporting GPUNetIO QP resource=0 lane=3 server=4 qpn=128045 gpu_pci=0000:5C:00.0 ibdev=mlx5_0 handler=GPU_SM_DB
[STATUS]: exporting GPUNetIO QP resource=0 lane=4 server=0 qpn=128046 gpu_pci=0000:5C:00.0 ibdev=mlx5_0 handler=GPU_SM_DB
[STATUS]: exporting GPUNetIO QP resource=0 lane=4 server=1 qpn=128047 gpu_pci=0000:5C:00.0 ibdev=mlx5_0 handler=GPU_SM_DB
[STATUS]: exporting GPUNetIO QP resource=0 lane=4 server=2 qpn=128048 gpu_pci=0000:5C:00.0 ibdev=mlx5_0 handler=GPU_SM_DB
[STATUS]: exporting GPUNetIO QP resource=0 lane=4 server=3 qpn=128049 gpu_pci=0000:5C:00.0 ibdev=mlx5_0 handler=GPU_SM_DB
[STATUS]: exporting GPUNetIO QP resource=0 lane=4 server=4 qpn=128050 gpu_pci=0000:5C:00.0 ibdev=mlx5_0 handler=GPU_SM_DB
[STATUS]: exporting GPUNetIO QP resource=0 lane=5 server=0 qpn=128051 gpu_pci=0000:5C:00.0 ibdev=mlx5_0 handler=GPU_SM_DB
[STATUS]: exporting GPUNetIO QP resource=0 lane=5 server=1 qpn=128052 gpu_pci=0000:5C:00.0 ibdev=mlx5_0 handler=GPU_SM_DB
[STATUS]: exporting GPUNetIO QP resource=0 lane=5 server=2 qpn=128053 gpu_pci=0000:5C:00.0 ibdev=mlx5_0 handler=GPU_SM_DB
[STATUS]: exporting GPUNetIO QP resource=0 lane=5 server=3 qpn=128054 gpu_pci=0000:5C:00.0 ibdev=mlx5_0 handler=GPU_SM_DB
[STATUS]: exporting GPUNetIO QP resource=0 lane=5 server=4 qpn=128055 gpu_pci=0000:5C:00.0 ibdev=mlx5_0 handler=GPU_SM_DB
[STATUS]: exporting GPUNetIO QP resource=0 lane=6 server=0 qpn=128056 gpu_pci=0000:5C:00.0 ibdev=mlx5_0 handler=GPU_SM_DB
[STATUS]: exporting GPUNetIO QP resource=0 lane=6 server=1 qpn=128057 gpu_pci=0000:5C:00.0 ibdev=mlx5_0 handler=GPU_SM_DB
[STATUS]: exporting GPUNetIO QP resource=0 lane=6 server=2 qpn=128058 gpu_pci=0000:5C:00.0 ibdev=mlx5_0 handler=GPU_SM_DB
[STATUS]: exporting GPUNetIO QP resource=0 lane=6 server=3 qpn=128059 gpu_pci=0000:5C:00.0 ibdev=mlx5_0 handler=GPU_SM_DB
[STATUS]: exporting GPUNetIO QP resource=0 lane=6 server=4 qpn=128060 gpu_pci=0000:5C:00.0 ibdev=mlx5_0 handler=GPU_SM_DB
[STATUS]: exporting GPUNetIO QP resource=0 lane=7 server=0 qpn=128061 gpu_pci=0000:5C:00.0 ibdev=mlx5_0 handler=GPU_SM_DB
[STATUS]: exporting GPUNetIO QP resource=0 lane=7 server=1 qpn=128062 gpu_pci=0000:5C:00.0 ibdev=mlx5_0 handler=GPU_SM_DB
[STATUS]: exporting GPUNetIO QP resource=0 lane=7 server=2 qpn=128063 gpu_pci=0000:5C:00.0 ibdev=mlx5_0 handler=GPU_SM_DB
[STATUS]: exporting GPUNetIO QP resource=0 lane=7 server=3 qpn=128064 gpu_pci=0000:5C:00.0 ibdev=mlx5_0 handler=GPU_SM_DB
[STATUS]: exporting GPUNetIO QP resource=0 lane=7 server=4 qpn=128065 gpu_pci=0000:5C:00.0 ibdev=mlx5_0 handler=GPU_SM_DB
[STATUS]: exporting GPUNetIO QP resource=0 lane=8 server=0 qpn=128066 gpu_pci=0000:5C:00.0 ibdev=mlx5_0 handler=GPU_SM_DB
[STATUS]: exporting GPUNetIO QP resource=0 lane=8 server=1 qpn=128067 gpu_pci=0000:5C:00.0 ibdev=mlx5_0 handler=GPU_SM_DB
[STATUS]: exporting GPUNetIO QP resource=0 lane=8 server=2 qpn=128068 gpu_pci=0000:5C:00.0 ibdev=mlx5_0 handler=GPU_SM_DB
[STATUS]: exporting GPUNetIO QP resource=0 lane=8 server=3 qpn=128069 gpu_pci=0000:5C:00.0 ibdev=mlx5_0 handler=GPU_SM_DB
[STATUS]: exporting GPUNetIO QP resource=0 lane=8 server=4 qpn=128070 gpu_pci=0000:5C:00.0 ibdev=mlx5_0 handler=GPU_SM_DB
[STATUS]: exporting GPUNetIO QP resource=0 lane=9 server=0 qpn=128071 gpu_pci=0000:5C:00.0 ibdev=mlx5_0 handler=GPU_SM_DB
[STATUS]: exporting GPUNetIO QP resource=0 lane=9 server=1 qpn=128072 gpu_pci=0000:5C:00.0 ibdev=mlx5_0 handler=GPU_SM_DB
[STATUS]: exporting GPUNetIO QP resource=0 lane=9 server=2 qpn=128073 gpu_pci=0000:5C:00.0 ibdev=mlx5_0 handler=GPU_SM_DB
[STATUS]: exporting GPUNetIO QP resource=0 lane=9 server=3 qpn=128074 gpu_pci=0000:5C:00.0 ibdev=mlx5_0 handler=GPU_SM_DB
[STATUS]: exporting GPUNetIO QP resource=0 lane=9 server=4 qpn=128075 gpu_pci=0000:5C:00.0 ibdev=mlx5_0 handler=GPU_SM_DB
[STATUS]: exporting GPUNetIO QP resource=0 lane=10 server=0 qpn=128076 gpu_pci=0000:5C:00.0 ibdev=mlx5_0 handler=GPU_SM_DB
[STATUS]: exporting GPUNetIO QP resource=0 lane=10 server=1 qpn=128077 gpu_pci=0000:5C:00.0 ibdev=mlx5_0 handler=GPU_SM_DB
[STATUS]: exporting GPUNetIO QP resource=0 lane=10 server=2 qpn=128078 gpu_pci=0000:5C:00.0 ibdev=mlx5_0 handler=GPU_SM_DB
[STATUS]: exporting GPUNetIO QP resource=0 lane=10 server=3 qpn=128079 gpu_pci=0000:5C:00.0 ibdev=mlx5_0 handler=GPU_SM_DB
[STATUS]: exporting GPUNetIO QP resource=0 lane=10 server=4 qpn=128080 gpu_pci=0000:5C:00.0 ibdev=mlx5_0 handler=GPU_SM_DB
[STATUS]: exporting GPUNetIO QP resource=0 lane=11 server=0 qpn=128081 gpu_pci=0000:5C:00.0 ibdev=mlx5_0 handler=GPU_SM_DB
[STATUS]: exporting GPUNetIO QP resource=0 lane=11 server=1 qpn=128082 gpu_pci=0000:5C:00.0 ibdev=mlx5_0 handler=GPU_SM_DB
[STATUS]: exporting GPUNetIO QP resource=0 lane=11 server=2 qpn=128083 gpu_pci=0000:5C:00.0 ibdev=mlx5_0 handler=GPU_SM_DB
[STATUS]: exporting GPUNetIO QP resource=0 lane=11 server=3 qpn=128084 gpu_pci=0000:5C:00.0 ibdev=mlx5_0 handler=GPU_SM_DB
[STATUS]: exporting GPUNetIO QP resource=0 lane=11 server=4 qpn=128085 gpu_pci=0000:5C:00.0 ibdev=mlx5_0 handler=GPU_SM_DB
[STATUS]: exporting GPUNetIO QP resource=0 lane=12 server=0 qpn=128086 gpu_pci=0000:5C:00.0 ibdev=mlx5_0 handler=GPU_SM_DB
[STATUS]: exporting GPUNetIO QP resource=0 lane=12 server=1 qpn=128087 gpu_pci=0000:5C:00.0 ibdev=mlx5_0 handler=GPU_SM_DB
[STATUS]: exporting GPUNetIO QP resource=0 lane=12 server=2 qpn=128088 gpu_pci=0000:5C:00.0 ibdev=mlx5_0 handler=GPU_SM_DB
[STATUS]: exporting GPUNetIO QP resource=0 lane=12 server=3 qpn=128089 gpu_pci=0000:5C:00.0 ibdev=mlx5_0 handler=GPU_SM_DB
[STATUS]: exporting GPUNetIO QP resource=0 lane=12 server=4 qpn=128090 gpu_pci=0000:5C:00.0 ibdev=mlx5_0 handler=GPU_SM_DB
[STATUS]: exporting GPUNetIO QP resource=0 lane=13 server=0 qpn=128091 gpu_pci=0000:5C:00.0 ibdev=mlx5_0 handler=GPU_SM_DB
[STATUS]: exporting GPUNetIO QP resource=0 lane=13 server=1 qpn=128092 gpu_pci=0000:5C:00.0 ibdev=mlx5_0 handler=GPU_SM_DB
[STATUS]: exporting GPUNetIO QP resource=0 lane=13 server=2 qpn=128093 gpu_pci=0000:5C:00.0 ibdev=mlx5_0 handler=GPU_SM_DB
[STATUS]: exporting GPUNetIO QP resource=0 lane=13 server=3 qpn=128094 gpu_pci=0000:5C:00.0 ibdev=mlx5_0 handler=GPU_SM_DB
[STATUS]: exporting GPUNetIO QP resource=0 lane=13 server=4 qpn=128095 gpu_pci=0000:5C:00.0 ibdev=mlx5_0 handler=GPU_SM_DB
[STATUS]: exporting GPUNetIO QP resource=0 lane=14 server=0 qpn=128096 gpu_pci=0000:5C:00.0 ibdev=mlx5_0 handler=GPU_SM_DB
[STATUS]: exporting GPUNetIO QP resource=0 lane=14 server=1 qpn=128097 gpu_pci=0000:5C:00.0 ibdev=mlx5_0 handler=GPU_SM_DB
[STATUS]: exporting GPUNetIO QP resource=0 lane=14 server=2 qpn=128098 gpu_pci=0000:5C:00.0 ibdev=mlx5_0 handler=GPU_SM_DB
[STATUS]: exporting GPUNetIO QP resource=0 lane=14 server=3 qpn=128099 gpu_pci=0000:5C:00.0 ibdev=mlx5_0 handler=GPU_SM_DB
[STATUS]: exporting GPUNetIO QP resource=0 lane=14 server=4 qpn=128100 gpu_pci=0000:5C:00.0 ibdev=mlx5_0 handler=GPU_SM_DB
[STATUS]: exporting GPUNetIO QP resource=0 lane=15 server=0 qpn=128101 gpu_pci=0000:5C:00.0 ibdev=mlx5_0 handler=GPU_SM_DB
[STATUS]: exporting GPUNetIO QP resource=0 lane=15 server=1 qpn=128102 gpu_pci=0000:5C:00.0 ibdev=mlx5_0 handler=GPU_SM_DB
[STATUS]: exporting GPUNetIO QP resource=0 lane=15 server=2 qpn=128103 gpu_pci=0000:5C:00.0 ibdev=mlx5_0 handler=GPU_SM_DB
[STATUS]: exporting GPUNetIO QP resource=0 lane=15 server=3 qpn=128104 gpu_pci=0000:5C:00.0 ibdev=mlx5_0 handler=GPU_SM_DB
[STATUS]: exporting GPUNetIO QP resource=0 lane=15 server=4 qpn=128105 gpu_pci=0000:5C:00.0 ibdev=mlx5_0 handler=GPU_SM_DB
[STATUS]: exporting GPUNetIO QP resource=0 lane=16 server=0 qpn=128106 gpu_pci=0000:5C:00.0 ibdev=mlx5_0 handler=GPU_SM_DB
[STATUS]: exporting GPUNetIO QP resource=0 lane=16 server=1 qpn=128107 gpu_pci=0000:5C:00.0 ibdev=mlx5_0 handler=GPU_SM_DB
[STATUS]: exporting GPUNetIO QP resource=0 lane=16 server=2 qpn=128108 gpu_pci=0000:5C:00.0 ibdev=mlx5_0 handler=GPU_SM_DB
[STATUS]: exporting GPUNetIO QP resource=0 lane=16 server=3 qpn=128109 gpu_pci=0000:5C:00.0 ibdev=mlx5_0 handler=GPU_SM_DB
[STATUS]: exporting GPUNetIO QP resource=0 lane=16 server=4 qpn=128110 gpu_pci=0000:5C:00.0 ibdev=mlx5_0 handler=GPU_SM_DB
[STATUS]: exporting GPUNetIO QP resource=0 lane=17 server=0 qpn=128111 gpu_pci=0000:5C:00.0 ibdev=mlx5_0 handler=GPU_SM_DB
[STATUS]: exporting GPUNetIO QP resource=0 lane=17 server=1 qpn=128112 gpu_pci=0000:5C:00.0 ibdev=mlx5_0 handler=GPU_SM_DB
[STATUS]: exporting GPUNetIO QP resource=0 lane=17 server=2 qpn=128113 gpu_pci=0000:5C:00.0 ibdev=mlx5_0 handler=GPU_SM_DB
[STATUS]: exporting GPUNetIO QP resource=0 lane=17 server=3 qpn=128114 gpu_pci=0000:5C:00.0 ibdev=mlx5_0 handler=GPU_SM_DB
[STATUS]: exporting GPUNetIO QP resource=0 lane=17 server=4 qpn=128115 gpu_pci=0000:5C:00.0 ibdev=mlx5_0 handler=GPU_SM_DB
[STATUS]: exporting GPUNetIO QP resource=0 lane=18 server=0 qpn=128116 gpu_pci=0000:5C:00.0 ibdev=mlx5_0 handler=GPU_SM_DB
[STATUS]: exporting GPUNetIO QP resource=0 lane=18 server=1 qpn=128117 gpu_pci=0000:5C:00.0 ibdev=mlx5_0 handler=GPU_SM_DB
[STATUS]: exporting GPUNetIO QP resource=0 lane=18 server=2 qpn=128118 gpu_pci=0000:5C:00.0 ibdev=mlx5_0 handler=GPU_SM_DB
[STATUS]: exporting GPUNetIO QP resource=0 lane=18 server=3 qpn=128119 gpu_pci=0000:5C:00.0 ibdev=mlx5_0 handler=GPU_SM_DB
[STATUS]: exporting GPUNetIO QP resource=0 lane=18 server=4 qpn=128120 gpu_pci=0000:5C:00.0 ibdev=mlx5_0 handler=GPU_SM_DB
[STATUS]: exporting GPUNetIO QP resource=0 lane=19 server=0 qpn=128121 gpu_pci=0000:5C:00.0 ibdev=mlx5_0 handler=GPU_SM_DB
[STATUS]: exporting GPUNetIO QP resource=0 lane=19 server=1 qpn=128122 gpu_pci=0000:5C:00.0 ibdev=mlx5_0 handler=GPU_SM_DB
[STATUS]: exporting GPUNetIO QP resource=0 lane=19 server=2 qpn=128123 gpu_pci=0000:5C:00.0 ibdev=mlx5_0 handler=GPU_SM_DB
[STATUS]: exporting GPUNetIO QP resource=0 lane=19 server=3 qpn=128124 gpu_pci=0000:5C:00.0 ibdev=mlx5_0 handler=GPU_SM_DB
[STATUS]: exporting GPUNetIO QP resource=0 lane=19 server=4 qpn=128125 gpu_pci=0000:5C:00.0 ibdev=mlx5_0 handler=GPU_SM_DB
[STATUS]: exporting GPUNetIO QP resource=0 lane=20 server=0 qpn=128126 gpu_pci=0000:5C:00.0 ibdev=mlx5_0 handler=GPU_SM_DB
[STATUS]: exporting GPUNetIO QP resource=0 lane=20 server=1 qpn=128127 gpu_pci=0000:5C:00.0 ibdev=mlx5_0 handler=GPU_SM_DB
[STATUS]: exporting GPUNetIO QP resource=0 lane=20 server=2 qpn=128128 gpu_pci=0000:5C:00.0 ibdev=mlx5_0 handler=GPU_SM_DB
[STATUS]: exporting GPUNetIO QP resource=0 lane=20 server=3 qpn=128129 gpu_pci=0000:5C:00.0 ibdev=mlx5_0 handler=GPU_SM_DB
[STATUS]: exporting GPUNetIO QP resource=0 lane=20 server=4 qpn=128130 gpu_pci=0000:5C:00.0 ibdev=mlx5_0 handler=GPU_SM_DB
[STATUS]: exporting GPUNetIO QP resource=0 lane=21 server=0 qpn=128131 gpu_pci=0000:5C:00.0 ibdev=mlx5_0 handler=GPU_SM_DB
[STATUS]: exporting GPUNetIO QP resource=0 lane=21 server=1 qpn=128132 gpu_pci=0000:5C:00.0 ibdev=mlx5_0 handler=GPU_SM_DB
[STATUS]: exporting GPUNetIO QP resource=0 lane=21 server=2 qpn=128133 gpu_pci=0000:5C:00.0 ibdev=mlx5_0 handler=GPU_SM_DB
[STATUS]: exporting GPUNetIO QP resource=0 lane=21 server=3 qpn=128134 gpu_pci=0000:5C:00.0 ibdev=mlx5_0 handler=GPU_SM_DB
[STATUS]: exporting GPUNetIO QP resource=0 lane=21 server=4 qpn=128135 gpu_pci=0000:5C:00.0 ibdev=mlx5_0 handler=GPU_SM_DB
[STATUS]: exporting GPUNetIO QP resource=0 lane=22 server=0 qpn=128136 gpu_pci=0000:5C:00.0 ibdev=mlx5_0 handler=GPU_SM_DB
[STATUS]: exporting GPUNetIO QP resource=0 lane=22 server=1 qpn=128137 gpu_pci=0000:5C:00.0 ibdev=mlx5_0 handler=GPU_SM_DB
[STATUS]: exporting GPUNetIO QP resource=0 lane=22 server=2 qpn=128138 gpu_pci=0000:5C:00.0 ibdev=mlx5_0 handler=GPU_SM_DB
[STATUS]: exporting GPUNetIO QP resource=0 lane=22 server=3 qpn=128139 gpu_pci=0000:5C:00.0 ibdev=mlx5_0 handler=GPU_SM_DB
[STATUS]: exporting GPUNetIO QP resource=0 lane=22 server=4 qpn=128140 gpu_pci=0000:5C:00.0 ibdev=mlx5_0 handler=GPU_SM_DB
[STATUS]: exporting GPUNetIO QP resource=0 lane=23 server=0 qpn=128141 gpu_pci=0000:5C:00.0 ibdev=mlx5_0 handler=GPU_SM_DB
[STATUS]: exporting GPUNetIO QP resource=0 lane=23 server=1 qpn=128142 gpu_pci=0000:5C:00.0 ibdev=mlx5_0 handler=GPU_SM_DB
[STATUS]: exporting GPUNetIO QP resource=0 lane=23 server=2 qpn=128143 gpu_pci=0000:5C:00.0 ibdev=mlx5_0 handler=GPU_SM_DB
[STATUS]: exporting GPUNetIO QP resource=0 lane=23 server=3 qpn=128144 gpu_pci=0000:5C:00.0 ibdev=mlx5_0 handler=GPU_SM_DB
[STATUS]: exporting GPUNetIO QP resource=0 lane=23 server=4 qpn=128145 gpu_pci=0000:5C:00.0 ibdev=mlx5_0 handler=GPU_SM_DB
[STATUS]: exporting GPUNetIO QP resource=0 lane=24 server=0 qpn=128146 gpu_pci=0000:5C:00.0 ibdev=mlx5_0 handler=GPU_SM_DB
[STATUS]: exporting GPUNetIO QP resource=0 lane=24 server=1 qpn=128147 gpu_pci=0000:5C:00.0 ibdev=mlx5_0 handler=GPU_SM_DB
[STATUS]: exporting GPUNetIO QP resource=0 lane=24 server=2 qpn=128148 gpu_pci=0000:5C:00.0 ibdev=mlx5_0 handler=GPU_SM_DB
[STATUS]: exporting GPUNetIO QP resource=0 lane=24 server=3 qpn=128149 gpu_pci=0000:5C:00.0 ibdev=mlx5_0 handler=GPU_SM_DB
[STATUS]: exporting GPUNetIO QP resource=0 lane=24 server=4 qpn=128150 gpu_pci=0000:5C:00.0 ibdev=mlx5_0 handler=GPU_SM_DB
[STATUS]: exporting GPUNetIO QP resource=0 lane=25 server=0 qpn=128151 gpu_pci=0000:5C:00.0 ibdev=mlx5_0 handler=GPU_SM_DB
[STATUS]: exporting GPUNetIO QP resource=0 lane=25 server=1 qpn=128152 gpu_pci=0000:5C:00.0 ibdev=mlx5_0 handler=GPU_SM_DB
[STATUS]: exporting GPUNetIO QP resource=0 lane=25 server=2 qpn=128153 gpu_pci=0000:5C:00.0 ibdev=mlx5_0 handler=GPU_SM_DB
[STATUS]: exporting GPUNetIO QP resource=0 lane=25 server=3 qpn=128154 gpu_pci=0000:5C:00.0 ibdev=mlx5_0 handler=GPU_SM_DB
[STATUS]: exporting GPUNetIO QP resource=0 lane=25 server=4 qpn=128155 gpu_pci=0000:5C:00.0 ibdev=mlx5_0 handler=GPU_SM_DB
[STATUS]: exporting GPUNetIO QP resource=0 lane=26 server=0 qpn=128156 gpu_pci=0000:5C:00.0 ibdev=mlx5_0 handler=GPU_SM_DB
[STATUS]: exporting GPUNetIO QP resource=0 lane=26 server=1 qpn=128157 gpu_pci=0000:5C:00.0 ibdev=mlx5_0 handler=GPU_SM_DB
[STATUS]: exporting GPUNetIO QP resource=0 lane=26 server=2 qpn=128158 gpu_pci=0000:5C:00.0 ibdev=mlx5_0 handler=GPU_SM_DB
[STATUS]: exporting GPUNetIO QP resource=0 lane=26 server=3 qpn=128159 gpu_pci=0000:5C:00.0 ibdev=mlx5_0 handler=GPU_SM_DB
[STATUS]: exporting GPUNetIO QP resource=0 lane=26 server=4 qpn=128160 gpu_pci=0000:5C:00.0 ibdev=mlx5_0 handler=GPU_SM_DB
[STATUS]: exporting GPUNetIO QP resource=0 lane=27 server=0 qpn=128161 gpu_pci=0000:5C:00.0 ibdev=mlx5_0 handler=GPU_SM_DB
[STATUS]: exporting GPUNetIO QP resource=0 lane=27 server=1 qpn=128162 gpu_pci=0000:5C:00.0 ibdev=mlx5_0 handler=GPU_SM_DB
[STATUS]: exporting GPUNetIO QP resource=0 lane=27 server=2 qpn=128163 gpu_pci=0000:5C:00.0 ibdev=mlx5_0 handler=GPU_SM_DB
[STATUS]: exporting GPUNetIO QP resource=0 lane=27 server=3 qpn=128164 gpu_pci=0000:5C:00.0 ibdev=mlx5_0 handler=GPU_SM_DB
[STATUS]: exporting GPUNetIO QP resource=0 lane=27 server=4 qpn=128165 gpu_pci=0000:5C:00.0 ibdev=mlx5_0 handler=GPU_SM_DB
[STATUS]: exporting GPUNetIO QP resource=0 lane=28 server=0 qpn=128166 gpu_pci=0000:5C:00.0 ibdev=mlx5_0 handler=GPU_SM_DB
[STATUS]: exporting GPUNetIO QP resource=0 lane=28 server=1 qpn=128167 gpu_pci=0000:5C:00.0 ibdev=mlx5_0 handler=GPU_SM_DB
[STATUS]: exporting GPUNetIO QP resource=0 lane=28 server=2 qpn=128168 gpu_pci=0000:5C:00.0 ibdev=mlx5_0 handler=GPU_SM_DB
[STATUS]: exporting GPUNetIO QP resource=0 lane=28 server=3 qpn=128169 gpu_pci=0000:5C:00.0 ibdev=mlx5_0 handler=GPU_SM_DB
[STATUS]: exporting GPUNetIO QP resource=0 lane=28 server=4 qpn=128170 gpu_pci=0000:5C:00.0 ibdev=mlx5_0 handler=GPU_SM_DB
[STATUS]: exporting GPUNetIO QP resource=0 lane=29 server=0 qpn=128171 gpu_pci=0000:5C:00.0 ibdev=mlx5_0 handler=GPU_SM_DB
[STATUS]: exporting GPUNetIO QP resource=0 lane=29 server=1 qpn=128172 gpu_pci=0000:5C:00.0 ibdev=mlx5_0 handler=GPU_SM_DB
[STATUS]: exporting GPUNetIO QP resource=0 lane=29 server=2 qpn=128173 gpu_pci=0000:5C:00.0 ibdev=mlx5_0 handler=GPU_SM_DB
[STATUS]: exporting GPUNetIO QP resource=0 lane=29 server=3 qpn=128174 gpu_pci=0000:5C:00.0 ibdev=mlx5_0 handler=GPU_SM_DB
[STATUS]: exporting GPUNetIO QP resource=0 lane=29 server=4 qpn=128175 gpu_pci=0000:5C:00.0 ibdev=mlx5_0 handler=GPU_SM_DB
[STATUS]: exporting GPUNetIO QP resource=0 lane=30 server=0 qpn=128176 gpu_pci=0000:5C:00.0 ibdev=mlx5_0 handler=GPU_SM_DB
[STATUS]: exporting GPUNetIO QP resource=0 lane=30 server=1 qpn=128177 gpu_pci=0000:5C:00.0 ibdev=mlx5_0 handler=GPU_SM_DB
[STATUS]: exporting GPUNetIO QP resource=0 lane=30 server=2 qpn=128178 gpu_pci=0000:5C:00.0 ibdev=mlx5_0 handler=GPU_SM_DB
[STATUS]: exporting GPUNetIO QP resource=0 lane=30 server=3 qpn=128179 gpu_pci=0000:5C:00.0 ibdev=mlx5_0 handler=GPU_SM_DB
[STATUS]: exporting GPUNetIO QP resource=0 lane=30 server=4 qpn=128180 gpu_pci=0000:5C:00.0 ibdev=mlx5_0 handler=GPU_SM_DB
[STATUS]: exporting GPUNetIO QP resource=0 lane=31 server=0 qpn=128181 gpu_pci=0000:5C:00.0 ibdev=mlx5_0 handler=GPU_SM_DB
[STATUS]: exporting GPUNetIO QP resource=0 lane=31 server=1 qpn=128182 gpu_pci=0000:5C:00.0 ibdev=mlx5_0 handler=GPU_SM_DB
[STATUS]: exporting GPUNetIO QP resource=0 lane=31 server=2 qpn=128183 gpu_pci=0000:5C:00.0 ibdev=mlx5_0 handler=GPU_SM_DB
[STATUS]: exporting GPUNetIO QP resource=0 lane=31 server=3 qpn=128184 gpu_pci=0000:5C:00.0 ibdev=mlx5_0 handler=GPU_SM_DB
[STATUS]: exporting GPUNetIO QP resource=0 lane=31 server=4 qpn=128185 gpu_pci=0000:5C:00.0 ibdev=mlx5_0 handler=GPU_SM_DB
[STATUS]: GPUNetIO GPU MR registration=peer_memory bytes=3248422912
[STATUS]: GPUNetIO startup RDMA read probe passed for 160 QPs
[STATUS]: GPUNetIO RDMA Read implementation=manual_wqe_locked
1 device(s) found
Selected device: mlx5_0
Selected port state: 4, lid: 1
pairing: 128186 -- 60232
pairing: 128187 -- 60237
pairing: 128188 -- 60238
pairing: 128189 -- 60239
pairing: 128190 -- 60240
pairing: 128191 -- 60241
pairing: 128192 -- 60242
pairing: 128193 -- 60243
pairing: 128194 -- 60244
pairing: 128195 -- 60245
pairing: 128196 -- 60246
pairing: 128197 -- 60247
pairing: 128198 -- 60248
pairing: 128199 -- 60249
pairing: 128200 -- 60250
pairing: 128201 -- 60251
pairing: 128202 -- 60252
pairing: 128203 -- 60253
pairing: 128204 -- 60254
pairing: 128205 -- 60255
pairing: 128206 -- 60256
pairing: 128207 -- 60257
pairing: 128208 -- 60258
pairing: 128209 -- 60259
pairing: 128210 -- 60260
pairing: 128211 -- 60261
pairing: 128212 -- 60262
pairing: 128213 -- 60263
pairing: 128214 -- 60264
pairing: 128215 -- 60265
pairing: 128216 -- 60266
pairing: 128217 -- 60267
pairing: 128218 -- 60233
pairing: 128219 -- 60268
pairing: 128220 -- 60269
pairing: 128221 -- 60270
pairing: 128222 -- 60271
pairing: 128223 -- 60272
pairing: 128224 -- 60273
pairing: 128225 -- 60274
pairing: 128226 -- 60275
pairing: 128227 -- 60276
pairing: 128228 -- 60277
pairing: 128229 -- 60278
pairing: 128230 -- 60279
pairing: 128231 -- 60280
pairing: 128232 -- 60281
pairing: 128233 -- 60282
pairing: 128234 -- 60283
pairing: 128235 -- 60284
pairing: 128236 -- 60285
pairing: 128237 -- 60286
pairing: 128238 -- 60287
pairing: 128239 -- 60288
pairing: 128240 -- 60289
pairing: 128241 -- 60290
pairing: 128242 -- 60291
pairing: 128243 -- 60292
pairing: 128244 -- 60293
pairing: 128245 -- 60294
pairing: 128246 -- 60295
pairing: 128247 -- 60296
pairing: 128248 -- 60297
pairing: 128249 -- 60298
pairing: 128250 -- 60234
pairing: 128251 -- 60299
pairing: 128252 -- 60300
pairing: 128253 -- 60301
pairing: 128254 -- 60302
pairing: 128255 -- 60303
pairing: 128256 -- 60304
pairing: 128257 -- 60305
pairing: 128258 -- 60306
pairing: 128259 -- 60307
pairing: 128260 -- 60308
pairing: 128261 -- 60309
pairing: 128262 -- 60310
pairing: 128263 -- 60311
pairing: 128264 -- 60312
pairing: 128265 -- 60313
pairing: 128266 -- 60314
pairing: 128267 -- 60315
pairing: 128268 -- 60316
pairing: 128269 -- 60317
pairing: 128270 -- 60318
pairing: 128271 -- 60319
pairing: 128272 -- 60320
pairing: 128273 -- 60321
pairing: 128274 -- 60322
pairing: 128275 -- 60323
pairing: 128276 -- 60324
pairing: 128277 -- 60325
pairing: 128278 -- 60326
pairing: 128279 -- 60327
pairing: 128280 -- 60328
pairing: 128281 -- 60329
pairing: 128282 -- 60235
pairing: 128283 -- 60330
pairing: 128284 -- 60331
pairing: 128285 -- 60332
pairing: 128286 -- 60333
pairing: 128287 -- 60334
pairing: 128288 -- 60335
pairing: 128289 -- 60336
pairing: 128290 -- 60337
pairing: 128291 -- 60338
pairing: 128292 -- 60339
pairing: 128293 -- 60340
pairing: 128294 -- 60341
pairing: 128295 -- 60342
pairing: 128296 -- 60343
pairing: 128297 -- 60344
pairing: 128298 -- 60345
pairing: 128299 -- 60346
pairing: 128300 -- 60347
pairing: 128301 -- 60348
pairing: 128302 -- 60349
pairing: 128303 -- 60350
pairing: 128304 -- 60351
pairing: 128305 -- 60352
pairing: 128306 -- 60353
pairing: 128307 -- 60354
pairing: 128308 -- 60355
pairing: 128309 -- 60356
pairing: 128310 -- 60357
pairing: 128311 -- 60358
pairing: 128312 -- 60359
pairing: 128313 -- 60360
pairing: 128314 -- 60236
pairing: 128315 -- 60361
pairing: 128316 -- 60362
pairing: 128317 -- 60363
pairing: 128318 -- 60364
pairing: 128319 -- 60365
pairing: 128320 -- 60366
pairing: 128321 -- 60367
pairing: 128322 -- 60368
pairing: 128323 -- 60369
pairing: 128324 -- 60370
pairing: 128325 -- 60371
pairing: 128326 -- 60372
pairing: 128327 -- 60373
pairing: 128328 -- 60374
pairing: 128329 -- 60375
pairing: 128330 -- 60376
pairing: 128331 -- 60377
pairing: 128332 -- 60378
pairing: 128333 -- 60379
pairing: 128334 -- 60380
pairing: 128335 -- 60381
pairing: 128336 -- 60382
pairing: 128337 -- 60383
pairing: 128338 -- 60384
pairing: 128339 -- 60385
pairing: 128340 -- 60386
pairing: 128341 -- 60387
pairing: 128342 -- 60388
pairing: 128343 -- 60389
pairing: 128344 -- 60390
pairing: 128345 -- 60391
[gpu-search] bootstrap=CPU-posted GPUDirect RDMA; queries=strict GPU-initiated GPUNetIO
[gpu-search] streamed 3200000000 PQ bytes directly into final GPU storage; ordinal audit passed for 15 entries
[gpu-search] ASFE device stack bytes/thread=2048
[gpu-search] persistent occupancy candidate threads=128 hardware_blocks_per_sm=3 configured_cap=4 effective_blocks_per_sm=3 grid_capacity=324 owner_blocks=40 query_blocks=256 resident_query_warps=1024 selected=true
[gpu-search] persistent occupancy candidate threads=256 hardware_blocks_per_sm=1 configured_cap=4 effective_blocks_per_sm=1 grid_capacity=108 owner_blocks=20 query_blocks=86 resident_query_warps=688 selected=false
[gpu-search] persistent kernel resources registers/thread=166 static_shared_bytes=49136 max_threads/block=128
[gpu-search] unified persistent CTAs=40-owner+256-query+1-dispatch+1-control QP-owner-warps=160 threads/CTA=128 query_slots=256 resident_capacity=324 launched=298
[STATUS]: query engine: persistent GPU + GPUNetIO slots=256
[breakdown] preparing workload: bootstrap_count=65536, workload=query
[breakdown] bootstrap vectors ready (synthetic)
[breakdown] recall query data ready: count=10000 dtype=uint8 vector_bytes=128
[breakdown] performance query data ready: count=10000000 dtype=uint8 vector_bytes=128 policy=single_pass_no_reuse
[gpu-search] slow query e2e_us=12058 gpu_us=11997 prepare_us=93 graph_us=1900 score_us=785 beam_us=3125 exact_us=201 beam_select_us=77 rdma_issue_us=1731 rdma_wait_us=2611 graph_validation_us=20 neighbor_decode_us=174 pq_score_us=467 visited_us=143 beam_merge_us=3125 graph_reads=134 graph_rereads=0 graph_bytes=30496 graph_extent_reads=134 graph_full_reads=0 graph_extent_fallbacks=0 graph_extent_underhints=0 graph_extent_promotions=0 dynamic_graph_short_reads=0 dynamic_graph_full_reads=0 dynamic_graph_bytes=0 dynamic_graph_fallbacks=0 dynamic_graph_promotions=0 dynamic_graph_demotions=0 logical_expansions=134 critical_graph_reads=134 speculative_graph_reads=0 speculative_promoted=0 speculative_stale=0 speculative_wasted_bytes=0 rdma_completion_latency_ns=5777408 rdma_completion_groups=142 issue_width_max=1 commit_width_max=1 critical_misses=2 certificate_rejects=0 graph_batches=134 graph_rounds=134 route_hits=0 exact_reads=128 exact_snapshot_trains=0 exact_snapshot_fallbacks=0 terminal_exact_cache_attempted=1 terminal_exact_cache_issued=128 terminal_exact_cache_promoted=128 terminal_exact_cache_misses=0 terminal_exact_cache_wasted_bytes=0 terminal_exact_cache_queue_rejects=0 dynamic_pq_reads=0 dynamic_pq_us=0 dynamic_pq_incarnation_rejects=0 dynamic_pq_arena_hits=0 dynamic_pq_batch_deduplicated=0
[gpu-search] slow query e2e_us=12433 gpu_us=12359 prepare_us=94 graph_us=1894 score_us=809 beam_us=2941 exact_us=164 beam_select_us=77 rdma_issue_us=1705 rdma_wait_us=3034 graph_validation_us=32 neighbor_decode_us=205 pq_score_us=454 visited_us=150 beam_merge_us=2941 graph_reads=134 graph_rereads=0 graph_bytes=43360 graph_extent_reads=134 graph_full_reads=0 graph_extent_fallbacks=0 graph_extent_underhints=0 graph_extent_promotions=0 dynamic_graph_short_reads=0 dynamic_graph_full_reads=0 dynamic_graph_bytes=0 dynamic_graph_fallbacks=0 dynamic_graph_promotions=0 dynamic_graph_demotions=0 logical_expansions=134 critical_graph_reads=134 speculative_graph_reads=0 speculative_promoted=0 speculative_stale=0 speculative_wasted_bytes=0 rdma_completion_latency_ns=6267904 rdma_completion_groups=142 issue_width_max=1 commit_width_max=1 critical_misses=2 certificate_rejects=0 graph_batches=134 graph_rounds=134 route_hits=0 exact_reads=128 exact_snapshot_trains=0 exact_snapshot_fallbacks=0 terminal_exact_cache_attempted=1 terminal_exact_cache_issued=128 terminal_exact_cache_promoted=128 terminal_exact_cache_misses=0 terminal_exact_cache_wasted_bytes=0 terminal_exact_cache_queue_rejects=0 dynamic_pq_reads=0 dynamic_pq_us=0 dynamic_pq_incarnation_rejects=0 dynamic_pq_arena_hits=0 dynamic_pq_batch_deduplicated=0
[gpu-search] slow query e2e_us=12566 gpu_us=12317 prepare_us=93 graph_us=2064 score_us=824 beam_us=2959 exact_us=168 beam_select_us=79 rdma_issue_us=1651 rdma_wait_us=2998 graph_validation_us=69 neighbor_decode_us=224 pq_score_us=446 visited_us=154 beam_merge_us=2959 graph_reads=133 graph_rereads=0 graph_bytes=44944 graph_extent_reads=133 graph_full_reads=0 graph_extent_fallbacks=0 graph_extent_underhints=0 graph_extent_promotions=0 dynamic_graph_short_reads=0 dynamic_graph_full_reads=0 dynamic_graph_bytes=0 dynamic_graph_fallbacks=0 dynamic_graph_promotions=0 dynamic_graph_demotions=0 logical_expansions=133 critical_graph_reads=133 speculative_graph_reads=0 speculative_promoted=0 speculative_stale=0 speculative_wasted_bytes=0 rdma_completion_latency_ns=6750208 rdma_completion_groups=153 issue_width_max=1 commit_width_max=1 critical_misses=5 certificate_rejects=0 graph_batches=133 graph_rounds=133 route_hits=0 exact_reads=128 exact_snapshot_trains=0 exact_snapshot_fallbacks=0 terminal_exact_cache_attempted=1 terminal_exact_cache_issued=128 terminal_exact_cache_promoted=128 terminal_exact_cache_misses=0 terminal_exact_cache_wasted_bytes=0 terminal_exact_cache_queue_rejects=0 dynamic_pq_reads=0 dynamic_pq_us=0 dynamic_pq_incarnation_rejects=0 dynamic_pq_arena_hits=0 dynamic_pq_batch_deduplicated=0
[gpu-search] slow query e2e_us=12811 gpu_us=12775 prepare_us=93 graph_us=2149 score_us=912 beam_us=2890 exact_us=210 beam_select_us=80 rdma_issue_us=1778 rdma_wait_us=2969 graph_validation_us=76 neighbor_decode_us=280 pq_score_us=458 visited_us=173 beam_merge_us=2890 graph_reads=132 graph_rereads=0 graph_bytes=54784 graph_extent_reads=132 graph_full_reads=0 graph_extent_fallbacks=0 graph_extent_underhints=0 graph_extent_promotions=0 dynamic_graph_short_reads=0 dynamic_graph_full_reads=0 dynamic_graph_bytes=0 dynamic_graph_fallbacks=0 dynamic_graph_promotions=0 dynamic_graph_demotions=0 logical_expansions=132 critical_graph_reads=132 speculative_graph_reads=0 speculative_promoted=0 speculative_stale=0 speculative_wasted_bytes=0 rdma_completion_latency_ns=6666240 rdma_completion_groups=152 issue_width_max=1 commit_width_max=1 critical_misses=5 certificate_rejects=0 graph_batches=132 graph_rounds=132 route_hits=0 exact_reads=128 exact_snapshot_trains=0 exact_snapshot_fallbacks=0 terminal_exact_cache_attempted=1 terminal_exact_cache_issued=128 terminal_exact_cache_promoted=128 terminal_exact_cache_misses=0 terminal_exact_cache_wasted_bytes=0 terminal_exact_cache_queue_rejects=0 dynamic_pq_reads=0 dynamic_pq_us=0 dynamic_pq_incarnation_rejects=0 dynamic_pq_arena_hits=0 dynamic_pq_batch_deduplicated=0
[gpu-search] slow query e2e_us=13034 gpu_us=12836 prepare_us=94 graph_us=1861 score_us=829 beam_us=3088 exact_us=223 beam_select_us=80 rdma_issue_us=1723 rdma_wait_us=3233 graph_validation_us=24 neighbor_decode_us=199 pq_score_us=474 visited_us=154 beam_merge_us=3088 graph_reads=134 graph_rereads=0 graph_bytes=36448 graph_extent_reads=134 graph_full_reads=0 graph_extent_fallbacks=0 graph_extent_underhints=0 graph_extent_promotions=0 dynamic_graph_short_reads=0 dynamic_graph_full_reads=0 dynamic_graph_bytes=0 dynamic_graph_fallbacks=0 dynamic_graph_promotions=0 dynamic_graph_demotions=0 logical_expansions=134 critical_graph_reads=134 speculative_graph_reads=0 speculative_promoted=0 speculative_stale=0 speculative_wasted_bytes=0 rdma_completion_latency_ns=6340608 rdma_completion_groups=138 issue_width_max=1 commit_width_max=1 critical_misses=1 certificate_rejects=0 graph_batches=134 graph_rounds=134 route_hits=0 exact_reads=128 exact_snapshot_trains=0 exact_snapshot_fallbacks=0 terminal_exact_cache_attempted=1 terminal_exact_cache_issued=128 terminal_exact_cache_promoted=128 terminal_exact_cache_misses=0 terminal_exact_cache_wasted_bytes=0 terminal_exact_cache_queue_rejects=0 dynamic_pq_reads=0 dynamic_pq_us=0 dynamic_pq_incarnation_rejects=0 dynamic_pq_arena_hits=0 dynamic_pq_batch_deduplicated=0
[gpu-search] slow query e2e_us=13074 gpu_us=12707 prepare_us=105 graph_us=1887 score_us=843 beam_us=3081 exact_us=181 beam_select_us=77 rdma_issue_us=1755 rdma_wait_us=2962 graph_validation_us=21 neighbor_decode_us=225 pq_score_us=453 visited_us=165 beam_merge_us=3081 graph_reads=133 graph_rereads=0 graph_bytes=47696 graph_extent_reads=133 graph_full_reads=0 graph_extent_fallbacks=0 graph_extent_underhints=0 graph_extent_promotions=0 dynamic_graph_short_reads=0 dynamic_graph_full_reads=0 dynamic_graph_bytes=0 dynamic_graph_fallbacks=0 dynamic_graph_promotions=0 dynamic_graph_demotions=0 logical_expansions=133 critical_graph_reads=133 speculative_graph_reads=0 speculative_promoted=0 speculative_stale=0 speculative_wasted_bytes=0 rdma_completion_latency_ns=5983232 rdma_completion_groups=137 issue_width_max=1 commit_width_max=1 critical_misses=1 certificate_rejects=0 graph_batches=133 graph_rounds=133 route_hits=0 exact_reads=128 exact_snapshot_trains=0 exact_snapshot_fallbacks=0 terminal_exact_cache_attempted=1 terminal_exact_cache_issued=128 terminal_exact_cache_promoted=128 terminal_exact_cache_misses=0 terminal_exact_cache_wasted_bytes=0 terminal_exact_cache_queue_rejects=0 dynamic_pq_reads=0 dynamic_pq_us=0 dynamic_pq_incarnation_rejects=0 dynamic_pq_arena_hits=0 dynamic_pq_batch_deduplicated=0
[gpu-search] slow query e2e_us=12853 gpu_us=12387 prepare_us=95 graph_us=1911 score_us=824 beam_us=3061 exact_us=214 beam_select_us=83 rdma_issue_us=1726 rdma_wait_us=2735 graph_validation_us=21 neighbor_decode_us=207 pq_score_us=467 visited_us=148 beam_merge_us=3061 graph_reads=135 graph_rereads=0 graph_bytes=36016 graph_extent_reads=135 graph_full_reads=0 graph_extent_fallbacks=0 graph_extent_underhints=0 graph_extent_promotions=0 dynamic_graph_short_reads=0 dynamic_graph_full_reads=0 dynamic_graph_bytes=0 dynamic_graph_fallbacks=0 dynamic_graph_promotions=0 dynamic_graph_demotions=0 logical_expansions=135 critical_graph_reads=135 speculative_graph_reads=0 speculative_promoted=0 speculative_stale=0 speculative_wasted_bytes=0 rdma_completion_latency_ns=6087680 rdma_completion_groups=143 issue_width_max=1 commit_width_max=1 critical_misses=2 certificate_rejects=0 graph_batches=135 graph_rounds=135 route_hits=0 exact_reads=128 exact_snapshot_trains=0 exact_snapshot_fallbacks=0 terminal_exact_cache_attempted=1 terminal_exact_cache_issued=128 terminal_exact_cache_promoted=128 terminal_exact_cache_misses=0 terminal_exact_cache_wasted_bytes=0 terminal_exact_cache_queue_rejects=0 dynamic_pq_reads=0 dynamic_pq_us=0 dynamic_pq_incarnation_rejects=0 dynamic_pq_arena_hits=0 dynamic_pq_batch_deduplicated=0
[gpu-search] slow query e2e_us=13916 gpu_us=13460 prepare_us=119 graph_us=1932 score_us=915 beam_us=2969 exact_us=160 beam_select_us=82 rdma_issue_us=1661 rdma_wait_us=3372 graph_validation_us=58 neighbor_decode_us=294 pq_score_us=437 visited_us=183 beam_merge_us=2969 graph_reads=136 graph_rereads=0 graph_bytes=73792 graph_extent_reads=136 graph_full_reads=0 graph_extent_fallbacks=0 graph_extent_underhints=0 graph_extent_promotions=0 dynamic_graph_short_reads=0 dynamic_graph_full_reads=0 dynamic_graph_bytes=0 dynamic_graph_fallbacks=0 dynamic_graph_promotions=0 dynamic_graph_demotions=0 logical_expansions=136 critical_graph_reads=136 speculative_graph_reads=0 speculative_promoted=0 speculative_stale=0 speculative_wasted_bytes=0 rdma_completion_latency_ns=6848512 rdma_completion_groups=148 issue_width_max=1 commit_width_max=1 critical_misses=3 certificate_rejects=0 graph_batches=136 graph_rounds=136 route_hits=0 exact_reads=128 exact_snapshot_trains=0 exact_snapshot_fallbacks=0 terminal_exact_cache_attempted=1 terminal_exact_cache_issued=128 terminal_exact_cache_promoted=128 terminal_exact_cache_misses=0 terminal_exact_cache_wasted_bytes=0 terminal_exact_cache_queue_rejects=0 dynamic_pq_reads=0 dynamic_pq_us=0 dynamic_pq_incarnation_rejects=0 dynamic_pq_arena_hits=0 dynamic_pq_batch_deduplicated=0
[gpu-search] slow query e2e_us=13631 gpu_us=12970 prepare_us=94 graph_us=1779 score_us=826 beam_us=3069 exact_us=206 beam_select_us=77 rdma_issue_us=1601 rdma_wait_us=3587 graph_validation_us=28 neighbor_decode_us=214 pq_score_us=456 visited_us=155 beam_merge_us=3069 graph_reads=133 graph_rereads=0 graph_bytes=42768 graph_extent_reads=133 graph_full_reads=0 graph_extent_fallbacks=0 graph_extent_underhints=0 graph_extent_promotions=0 dynamic_graph_short_reads=0 dynamic_graph_full_reads=0 dynamic_graph_bytes=0 dynamic_graph_fallbacks=0 dynamic_graph_promotions=0 dynamic_graph_demotions=0 logical_expansions=133 critical_graph_reads=133 speculative_graph_reads=0 speculative_promoted=0 speculative_stale=0 speculative_wasted_bytes=0 rdma_completion_latency_ns=6736896 rdma_completion_groups=141 issue_width_max=1 commit_width_max=1 critical_misses=2 certificate_rejects=0 graph_batches=133 graph_rounds=133 route_hits=0 exact_reads=128 exact_snapshot_trains=1 exact_snapshot_fallbacks=0 terminal_exact_cache_attempted=1 terminal_exact_cache_issued=128 terminal_exact_cache_promoted=126 terminal_exact_cache_misses=0 terminal_exact_cache_wasted_bytes=304 terminal_exact_cache_queue_rejects=0 dynamic_pq_reads=0 dynamic_pq_us=0 dynamic_pq_incarnation_rejects=0 dynamic_pq_arena_hits=0 dynamic_pq_batch_deduplicated=0
[gpu-search] slow query e2e_us=14010 gpu_us=13278 prepare_us=99 graph_us=1838 score_us=801 beam_us=3179 exact_us=213 beam_select_us=80 rdma_issue_us=1716 rdma_wait_us=3613 graph_validation_us=13 neighbor_decode_us=184 pq_score_us=467 visited_us=149 beam_merge_us=3179 graph_reads=137 graph_rereads=0 graph_bytes=30928 graph_extent_reads=137 graph_full_reads=0 graph_extent_fallbacks=0 graph_extent_underhints=0 graph_extent_promotions=0 dynamic_graph_short_reads=0 dynamic_graph_full_reads=0 dynamic_graph_bytes=0 dynamic_graph_fallbacks=0 dynamic_graph_promotions=0 dynamic_graph_demotions=0 logical_expansions=137 critical_graph_reads=137 speculative_graph_reads=0 speculative_promoted=0 speculative_stale=0 speculative_wasted_bytes=0 rdma_completion_latency_ns=6508544 rdma_completion_groups=141 issue_width_max=1 commit_width_max=1 critical_misses=1 certificate_rejects=0 graph_batches=137 graph_rounds=137 route_hits=0 exact_reads=128 exact_snapshot_trains=1 exact_snapshot_fallbacks=0 terminal_exact_cache_attempted=1 terminal_exact_cache_issued=128 terminal_exact_cache_promoted=125 terminal_exact_cache_misses=0 terminal_exact_cache_wasted_bytes=456 terminal_exact_cache_queue_rejects=0 dynamic_pq_reads=0 dynamic_pq_us=0 dynamic_pq_incarnation_rejects=0 dynamic_pq_arena_hits=0 dynamic_pq_batch_deduplicated=0
[gpu-search] slow query e2e_us=14215 gpu_us=13422 prepare_us=93 graph_us=1888 score_us=922 beam_us=2944 exact_us=143 beam_select_us=74 rdma_issue_us=1665 rdma_wait_us=3714 graph_validation_us=40 neighbor_decode_us=287 pq_score_us=444 visited_us=190 beam_merge_us=2944 graph_reads=133 graph_rereads=0 graph_bytes=75600 graph_extent_reads=133 graph_full_reads=0 graph_extent_fallbacks=0 graph_extent_underhints=0 graph_extent_promotions=0 dynamic_graph_short_reads=0 dynamic_graph_full_reads=0 dynamic_graph_bytes=0 dynamic_graph_fallbacks=0 dynamic_graph_promotions=0 dynamic_graph_demotions=0 logical_expansions=133 critical_graph_reads=133 speculative_graph_reads=0 speculative_promoted=0 speculative_stale=0 speculative_wasted_bytes=0 rdma_completion_latency_ns=7017472 rdma_completion_groups=141 issue_width_max=1 commit_width_max=1 critical_misses=2 certificate_rejects=0 graph_batches=133 graph_rounds=133 route_hits=0 exact_reads=128 exact_snapshot_trains=0 exact_snapshot_fallbacks=0 terminal_exact_cache_attempted=1 terminal_exact_cache_issued=128 terminal_exact_cache_promoted=128 terminal_exact_cache_misses=0 terminal_exact_cache_wasted_bytes=0 terminal_exact_cache_queue_rejects=0 dynamic_pq_reads=0 dynamic_pq_us=0 dynamic_pq_incarnation_rejects=0 dynamic_pq_arena_hits=0 dynamic_pq_batch_deduplicated=0
[gpu-search] slow query e2e_us=14045 gpu_us=13083 prepare_us=94 graph_us=1987 score_us=861 beam_us=3100 exact_us=186 beam_select_us=84 rdma_issue_us=1805 rdma_wait_us=3283 graph_validation_us=21 neighbor_decode_us=227 pq_score_us=476 visited_us=157 beam_merge_us=3100 graph_reads=135 graph_rereads=0 graph_bytes=44592 graph_extent_reads=135 graph_full_reads=0 graph_extent_fallbacks=0 graph_extent_underhints=0 graph_extent_promotions=0 dynamic_graph_short_reads=0 dynamic_graph_full_reads=0 dynamic_graph_bytes=0 dynamic_graph_fallbacks=0 dynamic_graph_promotions=0 dynamic_graph_demotions=0 logical_expansions=135 critical_graph_reads=135 speculative_graph_reads=0 speculative_promoted=0 speculative_stale=0 speculative_wasted_bytes=0 rdma_completion_latency_ns=6513664 rdma_completion_groups=143 issue_width_max=1 commit_width_max=1 critical_misses=2 certificate_rejects=0 graph_batches=135 graph_rounds=135 route_hits=0 exact_reads=128 exact_snapshot_trains=0 exact_snapshot_fallbacks=0 terminal_exact_cache_attempted=1 terminal_exact_cache_issued=128 terminal_exact_cache_promoted=128 terminal_exact_cache_misses=0 terminal_exact_cache_wasted_bytes=0 terminal_exact_cache_queue_rejects=0 dynamic_pq_reads=0 dynamic_pq_us=0 dynamic_pq_incarnation_rejects=0 dynamic_pq_arena_hits=0 dynamic_pq_batch_deduplicated=0
[gpu-search] slow query e2e_us=13589 gpu_us=12492 prepare_us=100 graph_us=1857 score_us=788 beam_us=2964 exact_us=187 beam_select_us=79 rdma_issue_us=1685 rdma_wait_us=3292 graph_validation_us=21 neighbor_decode_us=190 pq_score_us=449 visited_us=148 beam_merge_us=2964 graph_reads=136 graph_rereads=0 graph_bytes=34560 graph_extent_reads=136 graph_full_reads=0 graph_extent_fallbacks=0 graph_extent_underhints=0 graph_extent_promotions=0 dynamic_graph_short_reads=0 dynamic_graph_full_reads=0 dynamic_graph_bytes=0 dynamic_graph_fallbacks=0 dynamic_graph_promotions=0 dynamic_graph_demotions=0 logical_expansions=136 critical_graph_reads=136 speculative_graph_reads=0 speculative_promoted=0 speculative_stale=0 speculative_wasted_bytes=0 rdma_completion_latency_ns=6516736 rdma_completion_groups=144 issue_width_max=1 commit_width_max=1 critical_misses=2 certificate_rejects=0 graph_batches=136 graph_rounds=136 route_hits=0 exact_reads=128 exact_snapshot_trains=0 exact_snapshot_fallbacks=0 terminal_exact_cache_attempted=1 terminal_exact_cache_issued=128 terminal_exact_cache_promoted=128 terminal_exact_cache_misses=0 terminal_exact_cache_wasted_bytes=0 terminal_exact_cache_queue_rejects=0 dynamic_pq_reads=0 dynamic_pq_us=0 dynamic_pq_incarnation_rejects=0 dynamic_pq_arena_hits=0 dynamic_pq_batch_deduplicated=0
[gpu-search] slow query e2e_us=13941 gpu_us=12775 prepare_us=94 graph_us=1912 score_us=882 beam_us=3003 exact_us=189 beam_select_us=83 rdma_issue_us=1787 rdma_wait_us=2806 graph_validation_us=12 neighbor_decode_us=257 pq_score_us=457 visited_us=168 beam_merge_us=3003 graph_reads=133 graph_rereads=0 graph_bytes=53840 graph_extent_reads=133 graph_full_reads=0 graph_extent_fallbacks=0 graph_extent_underhints=0 graph_extent_promotions=0 dynamic_graph_short_reads=0 dynamic_graph_full_reads=0 dynamic_graph_bytes=0 dynamic_graph_fallbacks=0 dynamic_graph_promotions=0 dynamic_graph_demotions=0 logical_expansions=133 critical_graph_reads=133 speculative_graph_reads=0 speculative_promoted=0 speculative_stale=0 speculative_wasted_bytes=0 rdma_completion_latency_ns=5928960 rdma_completion_groups=137 issue_width_max=1 commit_width_max=1 critical_misses=1 certificate_rejects=0 graph_batches=133 graph_rounds=133 route_hits=0 exact_reads=128 exact_snapshot_trains=0 exact_snapshot_fallbacks=0 terminal_exact_cache_attempted=1 terminal_exact_cache_issued=128 terminal_exact_cache_promoted=128 terminal_exact_cache_misses=0 terminal_exact_cache_wasted_bytes=0 terminal_exact_cache_queue_rejects=0 dynamic_pq_reads=0 dynamic_pq_us=0 dynamic_pq_incarnation_rejects=0 dynamic_pq_arena_hits=0 dynamic_pq_batch_deduplicated=0
[gpu-search] slow query e2e_us=13011 gpu_us=11757 prepare_us=93 graph_us=1864 score_us=789 beam_us=2942 exact_us=197 beam_select_us=79 rdma_issue_us=1602 rdma_wait_us=2636 graph_validation_us=32 neighbor_decode_us=182 pq_score_us=457 visited_us=149 beam_merge_us=2942 graph_reads=132 graph_rereads=0 graph_bytes=36480 graph_extent_reads=132 graph_full_reads=0 graph_extent_fallbacks=0 graph_extent_underhints=0 graph_extent_promotions=0 dynamic_graph_short_reads=0 dynamic_graph_full_reads=0 dynamic_graph_bytes=0 dynamic_graph_fallbacks=0 dynamic_graph_promotions=0 dynamic_graph_demotions=0 logical_expansions=132 critical_graph_reads=132 speculative_graph_reads=0 speculative_promoted=0 speculative_stale=0 speculative_wasted_bytes=0 rdma_completion_latency_ns=6004736 rdma_completion_groups=144 issue_width_max=1 commit_width_max=1 critical_misses=3 certificate_rejects=0 graph_batches=132 graph_rounds=132 route_hits=0 exact_reads=128 exact_snapshot_trains=0 exact_snapshot_fallbacks=0 terminal_exact_cache_attempted=1 terminal_exact_cache_issued=128 terminal_exact_cache_promoted=128 terminal_exact_cache_misses=0 terminal_exact_cache_wasted_bytes=0 terminal_exact_cache_queue_rejects=0 dynamic_pq_reads=0 dynamic_pq_us=0 dynamic_pq_incarnation_rejects=0 dynamic_pq_arena_hits=0 dynamic_pq_batch_deduplicated=0
[gpu-search] slow query e2e_us=14722 gpu_us=13333 prepare_us=101 graph_us=1911 score_us=874 beam_us=3135 exact_us=194 beam_select_us=85 rdma_issue_us=1783 rdma_wait_us=3499 graph_validation_us=22 neighbor_decode_us=240 pq_score_us=464 visited_us=169 beam_merge_us=3135 graph_reads=133 graph_rereads=0 graph_bytes=47440 graph_extent_reads=133 graph_full_reads=0 graph_extent_fallbacks=0 graph_extent_underhints=0 graph_extent_promotions=0 dynamic_graph_short_reads=0 dynamic_graph_full_reads=0 dynamic_graph_bytes=0 dynamic_graph_fallbacks=0 dynamic_graph_promotions=0 dynamic_graph_demotions=0 logical_expansions=133 critical_graph_reads=133 speculative_graph_reads=0 speculative_promoted=0 speculative_stale=0 speculative_wasted_bytes=0 rdma_completion_latency_ns=6686720 rdma_completion_groups=137 issue_width_max=1 commit_width_max=1 critical_misses=1 certificate_rejects=0 graph_batches=133 graph_rounds=133 route_hits=0 exact_reads=128 exact_snapshot_trains=1 exact_snapshot_fallbacks=0 terminal_exact_cache_attempted=1 terminal_exact_cache_issued=128 terminal_exact_cache_promoted=127 terminal_exact_cache_misses=0 terminal_exact_cache_wasted_bytes=152 terminal_exact_cache_queue_rejects=0 dynamic_pq_reads=0 dynamic_pq_us=0 dynamic_pq_incarnation_rejects=0 dynamic_pq_arena_hits=0 dynamic_pq_batch_deduplicated=0
[breakdown][recall] done 1000/1000 ops, avg_rate=14985.9 ops/s
[breakdown][recall] before_performance recall@10=0.9308 queries=1000
[breakdown] effective insert start id=100010000
[breakdown] starting warmup query
[breakdown][warmup-query] progress elapsed=5s/5s, completed=90621 ops, rate=18124.2 ops/s, interval_rate=18124.2 ops/s
[breakdown][warmup-query] done measurement_elapsed=5s/5s, measurement_completed=90621 ops, measurement_avg_rate=18124.2 ops/s, drain_elapsed=0.0151696s, drain_completed=256 ops
[breakdown] starting measure phase
[breakdown][measure-query] progress elapsed=5s/10s, completed=90815 ops, rate=18163 ops/s, interval_rate=18163 ops/s
[breakdown][measure-query] progress elapsed=10s/10s, completed=181707 ops, rate=18170.7 ops/s, interval_rate=18178.4 ops/s
[breakdown][measure-query] done measurement_elapsed=10s/10s, measurement_completed=181707 ops, measurement_avg_rate=18170.7 ops/s, drain_elapsed=0.0167043s, drain_completed=257 ops
[breakdown][static_gt_post_recall] done 1000/1000 ops, avg_rate=15424.1 ops/s
[breakdown][recall] after_performance recall@10=0.9308 queries=1000
system_variant
  profile_name: 04_gpu_persistent_gpunetio
  label: full
  update_mutation_api: insert_upsert_erase
  storage_owner_update_completion_mode: decoupled
  gpu_dynamic_graph_access_mode: adaptive
  gpu_rdma_search_progression_mode: manual
  index_prefix: /data/xjs/index/dvstor_sift100m/index/sift100m_R96_bw128_metis_pmd32_pq32_schema16
  index_schema_version: 16
  index_build_fingerprint: 68737734120060254
query_inputs
  recall_source: /data/xjs/index/dvstor_sift100m/converted/query.u8bin
  recall_rows: 10000
  performance_source: /data/xjs/datasets/sift1b/sift100m_to_110m_query.u8bin
  performance_rows: 10000000
  performance_row_reuse_policy: single_pass_no_reuse
  performance_warmup/measure/total_rows_consumed: 90877/181964/272841
throughput
  duration_seconds: 10.0166
  total_ops_per_sec: 18166.3 (ops=181964)
  query_ops_per_sec: 18166.3 (ops=181964)
  effective_query_ops_per_sec: 18166.3
  write_ops_per_sec: 0 (ops=0)
  effective_write_ops_per_sec: 0
  insert_ops_per_sec: 0 (ops=0)
  client_drain_seconds: 0.0165667
  scheduled_query/write_ops: 0/0
  query/write_rate_attainment_ratio: 1/1
  nominal/effective_rate_basis: effective_wall_clock/wall_clock_including_client_drain
  query_head/tail_qps: 18170.7/18170.7
  query_tail_to_head_ratio: 1
  query_min_5s_qps: 18163
  write_head/tail_qps: 0/0
  write_tail_to_head_ratio: 0
  write_min_5s_qps: 0
  zero_completion_windows: 0
  zero_query/write_windows: 0/0
stage2
  source: storage_logs
  shards observed/requested: 0/5
  p99_stage2_delay_upper_ms: unavailable
  remaining/max_backlog: 0/0
  completion_outstanding/admission_window: unavailable
  completion_incomplete/admission_window: unavailable
  completion admission stalls logical/physical: unavailable
  backlog_slope_per_sec: 0
  failures (hard): 0
  peer_reverse_retry_attempts: unavailable
  locality telemetry: unavailable
  search budget exhausted (stage1/stage2): unavailable
  execution batching: unavailable
  executor service demand: unavailable
recall
  recall@10: 0.9308
  queries: 1000
  mode/base_id_limit/search_width/insufficient_queries: all/0/10/0
  query_file: /data/xjs/index/dvstor_sift100m/converted/query.u8bin
  groundtruth_file: /data/xjs/index/dvstor_sift100m/converted/groundtruth_100M.bin
static_gt_post_recall
  recall@10: 0.9308
  queries: 1000
  mode/base_id_limit/search_width/insufficient_queries: all/0/10/0
  query_file: /data/xjs/index/dvstor_sift100m/converted/query.u8bin
  groundtruth_file: /data/xjs/index/dvstor_sift100m/converted/groundtruth_100M.bin
gpu_persistent
  GPU memory explicit/base_pq/route GiB: 4.30936/2.98023/2.87592e-06
  average_batch_size: 1.088
  average_submission_wait_us: 3.38922
  rdma_read_bytes: 12866189168
  owner WQE submitted/capacity/utilization: 89549767/18854250496/0.00474958
  owner critical/speculative batches: 24807866/0
  graph_route_hit_ratio/refreshes: 0/0
  graph snapshot reread records total/per_query: 0/0
  graph RDMA bytes total/per_query/per_parent: 9325897584/51251.3/381.885
  graph live/full/fallback/underhint/promotions reads: 24420699/0/0/0/0
  expanded parents/neighbor sum/average degree: 24420699/1032701968/42.288
  expanded degree histogram (ceil(degree/8), overflow=13): [0,23652,763674,3010678,4599334,4643093,3803565,2720353,1821129,1159332,723499,514411,637979,0]
  dynamic expanded parents/neighbor sum/average degree/share: 0/0/0/0
  dynamic expanded degree histogram (ceil(degree/8), overflow=13): [0,0,0,0,0,0,0,0,0,0,0,0,0,0]
  DynaExtent short/full/bytes/fallback/promotions/demotions: 0/0/0/0/0/0
  DynaExtent snapshot-attempts/nonfallback-full-attempts/short-physical-ratio/fallback-ratio/bytes-per-physical-read: 0/0/0/0/0
  ASFE logical expansions total/per_query: 24420699/134.206
  ASFE critical/speculative graph reads: 24420699/0
  ASFE critical/speculative graph bytes: 9325897584/0
  ASFE core reads/bytes/arrived/promoted/stale: 23878172/9076892224/23878172/23878172/360563
  ASFE core waves/ready waves/ready ratio: 23878172/235385/0.00985775
  terminal exact cache attempts/rate: 181964/1
  terminal exact cache issued/promoted/misses/rejects (total/per_query): 23291392/128, 23224427/127.632, 0/0, 0/0
  terminal exact cache promotion/waste ratio: 0.997125/0.0028751
  terminal exact cache wasted bytes total/per_query: 10178680/55.9379
  ASFE completion scoring batches/candidates (total/per_query/candidates_per_batch): 24420699/134.206, 1032701968/5675.31/42.288
  ASFE reusable exact certificates total/per_query: 24420699/134.206
  ASFE streamed runs/ordered scoring batches/candidates (total/per_query/candidates_per_batch): 26048280/143.151, 0/0, 0/0/0
  OOO ROB parents retired beyond an unresolved rank hole (total/per_query): 0/0
  ASFE reusable prefix ranks/full/issued certificates (total/per_query): 24238735/133.206, 0/0, 23878172/131.225
  ASFE certificate rejects total/per_query: 0/0
  ASFE speculative wasted bytes/ratio: 0/0
  ASFE speculative arrived/promoted/stale/queue_rejects: 0/0/0/0
  ASFE promotion/waste ratio: 0/0
  ASFE issue/commit epochs: 24238735/24420699
  ASFE average issue/commit width: 1/1
  ASFE issue capacity/utilization: 1/1
  ASFE max issue/commit width: 1/1
  ASFE critical ROB hits/speculative wait ns/us_per_query: 23878172/652149164271/3583.95
  ASFE critical misses/ROB hit ratio: 542527/0.977784
  ASFE RDMA completion groups/avg us (critical/speculative): 26590807/49.3252 (0/0)
  GPU occupancy threads/registers/static_shared: 128/166/49136
  GPU occupancy active/effective blocks per SM: 3/3
  GPU persistent query/owner/total blocks: 256/40/298
  centroid route publications/shard_updates/live/snapshot_skips: 0/0/20/0
  centroid route probe_reads/body_reads/unchanged_polls/poll_us: 790/0/158/63909
  centroid route query snapshot retries/timeouts: 0/0
  GPU query/prepare/graph/score/beam/exact us: 14003.1/112.554/2120.87/948.616/3092.7/185.198
  exact snapshot train batches/fallbacks/success ratio: 40320/0/1
  GPU graph commit/issue width: 1/1
  GPU graph read/dynamic extent: live-extent/1
  GPU Beam merge policy: stable-run
  Stage2 score-many/graph-issue/home-combining: 1/16/1
  GPU Beam merge total/prepare/sort/materialize us: 3092.7/81.8098/1212.77/1798.11
  dynamic PQ candidates/reads/bytes/incarnation_rejects: 0/0/0/0
  dynamic PQ reads/query and wait_us/query: 0/0
  dynamic PQ arena hits/batch_dedup/authoritative_avoidance: 0/0/0
  dynamic PQ arena publish success/race/capacity: 0/0/25431721
storage_owner_runtime
  submitted/completed batches: 0/0
  submitted/completed items: 0/0
  average batch / average RPC wall us / max RPC wall us: 0/0/0
query breakdown
  count: 181964
  latency_ms: mean=14.0766 p50=13.9199 p95=15.6919 p99=16.8603 p999=18.4193
  fine_grained_breakdown: disabled
json: /home/xjs/experiment/dvstor/experiment/sift100m/program3/results/program3_20260823_023114/motivation_c1/04_gpu_persistent_gpunetio/sift100m_04_gpu_persistent_gpunetio_20260823_023135.json
text: /home/xjs/experiment/dvstor/experiment/sift100m/program3/results/program3_20260823_023114/motivation_c1/04_gpu_persistent_gpunetio/sift100m_04_gpu_persistent_gpunetio_20260823_023135.txt
