[breakdown] concurrency clients=512 source=auto auto_required=512 auto_cap=1024 gpu_query_slots=256 storage_rpc_inflight=80 (5x16) derivation=max(ceil(gpu_query_slots/read_ratio),ceil(shards_x_storage_rpc_depth/write_ratio))
[breakdown] fixed-thread offered split reads=256 writes=256 (READ_RATIO controls concurrent callers, not guaranteed completed-op ratio)
[breakdown] performance query: /data/xjs/datasets/sift1b/sift100m_to_110m_query.u8bin [100000000,110000000)
[breakdown] insert: /data/xjs/datasets/sift1b/sift110m_to_120m_insert.u8bin [110000000,120000000)
[breakdown] unique performance-query budget rows=10000000 total_timed_seconds=135 max_average_query_qps_without_reuse=74074.1
[ 15%] Built target rdma_library
[ 25%] Built target dvstor_gpu_kernels
[ 80%] Built target dvstor_runtime
[ 90%] Built target dvstor_breakdown_support
[100%] Built target dvstor_breakdown_benchmark
[mn-memory] auto=24 GiB source=metadata policy=20% of base nodes limiting_shard=2 dynamic_slots=4120200 record_bytes=1040
[breakdown] profile=04_gpu_persistent_gpunetio_baseline command: /home/xjs/experiment/dvstor/build/dvstor_breakdown_benchmark --service-config /home/xjs/experiment/dvstor/motivation/ablation/results/ablation_20260823_161520/baseline/04_gpu_persistent_gpunetio_baseline/service_04_gpu_persistent_gpunetio_baseline_20260823_161542.ini --profile-name 04_gpu_persistent_gpunetio_baseline --system-variant-label baseline --workload mixed --warmup-ops 100 --measure-ops 1000 --warmup-seconds 15 --measure-seconds 120 --client-threads 512 --read-ratio 0.5 --mixed-mode fixed_threads --write-threads 0 --target-query-qps 0 --target-write-qps 0 --write-insert-ratio 1 --write-upsert-ratio 0 --write-delete-ratio 0 --report-json /home/xjs/experiment/dvstor/motivation/ablation/results/ablation_20260823_161520/baseline/04_gpu_persistent_gpunetio_baseline/sift100m_04_gpu_persistent_gpunetio_baseline_20260823_161542.json --report-text /home/xjs/experiment/dvstor/motivation/ablation/results/ablation_20260823_161520/baseline/04_gpu_persistent_gpunetio_baseline/sift100m_04_gpu_persistent_gpunetio_baseline_20260823_161542.txt --recall-query-file /data/xjs/index/dvstor_sift100m/converted/query.u8bin --groundtruth-file /data/xjs/index/dvstor_sift100m/converted/groundtruth_100M.bin --recall-queries 1000 --recall-k 10 --recall-mode all --recall-base-id-limit 0 --performance-query-file /data/xjs/datasets/sift1b/sift100m_to_110m_query.u8bin --insert-start-id 111000000 --insert-file /data/xjs/datasets/sift1b/sift110m_to_120m_insert.u8bin --storage-maintenance-log /home/xjs/experiment/dvstor/experiment/logs/memory_node_1_04_gpu_persistent_gpunetio_baseline.log --storage-maintenance-log /home/xjs/experiment/dvstor/experiment/logs/memory_node_2_04_gpu_persistent_gpunetio_baseline.log --storage-maintenance-log /home/xjs/experiment/dvstor/experiment/logs/memory_node_3_04_gpu_persistent_gpunetio_baseline.log --storage-maintenance-log /home/xjs/experiment/dvstor/experiment/logs/memory_node_4_04_gpu_persistent_gpunetio_baseline.log --storage-maintenance-log /home/xjs/experiment/dvstor/experiment/logs/memory_node_5_04_gpu_persistent_gpunetio_baseline.log
============================================================
                        CLIENT
============================================================
connect to:                   [192.168.6.202:1234, 192.168.6.202:1235, 192.168.6.202:1236, 192.168.6.202:1237, 192.168.6.202:1238, ]
is initiator:                 true
TCP port:                     2234
IB device:                    <auto>
IB port:                      1
max outstanding CQEs:         64
max send work requests:       4096
max receive work requests:    4096
============================================================
index prefix:                     "/data/xjs/index/dvstor_sift100m/index/sift100m_R96_bw128_metis_pmd32_pq32_schema16"
threads:                          64
dimension:                        128
max vectors:                      100000000
vector ID namespace [0,N):        4294967295
K / R:                            10 / 96
vector data type:                 uint8
--------------------------------------------------------------------
query engine:                     host_orchestrated_cpu_rdma_finite_cuda
remote transport:                 CPU-posted one-sided RDMA
GPU device:                       1
GPU concurrent query slots:       256
GPU memory limit/reserve GiB:     40/4
GPU traversal/rerank width:       128/128
GPU max expansions:               384
GPU graph commit/issue width:     16/16
dynamic graph access mode:        fixed
GPU graph read policy:            fixed
GPU dynamic graph extent:         false
GPU-RDMA progression mode:        coupled
GPU Beam merge policy:            legacy
query RDMA trace mode/rate:       off/1000
query RDMA trace output:          ""
GPU RDMA QPs per storage node:    32
GPU direct CQ timeout ms:         250
GPU persistent blocks/SM cap:     4
compute updates enabled:          true
storage update completion mode:   coupled
storage update protocol:          single-owner synchronous exact
storage RPC depth/batch:          16/32
storage batch max wait us:        10000
storage Stage2 batch max wait us: 25000
storage Stage2 initial delay ms:  0
Stage2 exact score-many:          true
Stage2 home RPC combining:        true
Stage2 graph issue width:         16
storage peer QPs per peer:        8
storage stage2 maintenance:       8 workers, backlog 65536
====================================================================
1 device(s) found
Selected device: mlx5_0
Selected port state: 4, lid: 1
interleaved policy
num_cores: 112
physical cores per socket: 28
hyperthreading enabled
local process CPU partition: rank 0/1 logical_cpus=112
client id: 0
number of clients: 1
connect to server 192.168.6.202:1234
pairing: 236 -- 64917
connect to server 192.168.6.202:1235
pairing: 237 -- 64918
connect to server 192.168.6.202:1236
pairing: 238 -- 64919
connect to server 192.168.6.202:1237
pairing: 239 -- 64920
connect to server 192.168.6.202:1238
pairing: 240 -- 64921
[STATUS]: receive access tokens of remote memory regions
[STATUS]: loaded schema-16 GPU index metadata from /data/xjs/index/dvstor_sift100m/index/sift100m_R96_bw128_metis_pmd32_pq32_schema16 (OPQ/PQ32, vector_data_type=uint8)
[STATUS]: storage-owner authority: deterministic ID shard; physical placement: storage directory + centroid home
[STATUS]: search: CPU-orchestrated schema-v16 OPQ/PQ32 strict RDMA waves + finite CUDA scoring + exact rerank
1 device(s) found
Selected device: mlx5_0
Selected port state: 4, lid: 1
1 device(s) found
Selected device: mlx5_0
Selected port state: 4, lid: 1
pairing: 241 -- 64923
pairing: 242 -- 64927
pairing: 243 -- 64928
pairing: 244 -- 64929
pairing: 245 -- 64930
pairing: 246 -- 64931
pairing: 247 -- 64932
pairing: 248 -- 64933
pairing: 249 -- 64934
pairing: 250 -- 64935
pairing: 251 -- 64936
pairing: 252 -- 64937
pairing: 253 -- 64938
pairing: 254 -- 64939
pairing: 255 -- 64940
pairing: 256 -- 64941
pairing: 257 -- 64942
pairing: 258 -- 64943
pairing: 259 -- 64944
pairing: 260 -- 64945
pairing: 261 -- 64946
pairing: 262 -- 64947
pairing: 263 -- 64948
pairing: 264 -- 64949
pairing: 265 -- 64950
pairing: 266 -- 64951
pairing: 267 -- 64952
pairing: 268 -- 64953
pairing: 269 -- 64954
pairing: 270 -- 64955
pairing: 271 -- 64956
pairing: 272 -- 64957
pairing: 273 -- 64922
pairing: 274 -- 64959
pairing: 275 -- 64960
pairing: 276 -- 64961
pairing: 277 -- 64962
pairing: 278 -- 64963
pairing: 279 -- 64964
pairing: 280 -- 64965
pairing: 281 -- 64966
pairing: 282 -- 64967
pairing: 283 -- 64968
pairing: 284 -- 64969
pairing: 285 -- 64970
pairing: 286 -- 64971
pairing: 287 -- 64972
pairing: 288 -- 64973
pairing: 289 -- 64974
pairing: 290 -- 64975
pairing: 291 -- 64976
pairing: 292 -- 64977
pairing: 293 -- 64978
pairing: 294 -- 64979
pairing: 295 -- 64980
pairing: 296 -- 64981
pairing: 297 -- 64982
pairing: 298 -- 64983
pairing: 299 -- 64984
pairing: 300 -- 64985
pairing: 301 -- 64986
pairing: 302 -- 64987
pairing: 303 -- 64988
pairing: 304 -- 64989
pairing: 305 -- 64924
pairing: 306 -- 64991
pairing: 307 -- 64992
pairing: 308 -- 64993
pairing: 309 -- 64994
pairing: 310 -- 64995
pairing: 311 -- 64996
pairing: 312 -- 64997
pairing: 313 -- 64998
pairing: 314 -- 64999
pairing: 315 -- 65000
pairing: 316 -- 65001
pairing: 317 -- 65002
pairing: 318 -- 65003
pairing: 319 -- 65004
pairing: 320 -- 65005
pairing: 321 -- 65006
pairing: 322 -- 65007
pairing: 323 -- 65008
pairing: 324 -- 65009
pairing: 325 -- 65010
pairing: 326 -- 65011
pairing: 327 -- 65012
pairing: 328 -- 65013
pairing: 329 -- 65014
pairing: 330 -- 65015
pairing: 331 -- 65016
pairing: 332 -- 65017
pairing: 333 -- 65018
pairing: 334 -- 65019
pairing: 335 -- 65020
pairing: 336 -- 65021
pairing: 337 -- 64925
pairing: 338 -- 65023
pairing: 339 -- 65024
pairing: 340 -- 65025
pairing: 341 -- 65026
pairing: 342 -- 65027
pairing: 343 -- 65028
pairing: 344 -- 65029
pairing: 345 -- 65030
pairing: 346 -- 65031
pairing: 347 -- 65032
pairing: 348 -- 65033
pairing: 349 -- 65034
pairing: 350 -- 65035
pairing: 351 -- 65036
pairing: 352 -- 65037
pairing: 353 -- 65038
pairing: 354 -- 65039
pairing: 355 -- 65040
pairing: 356 -- 65041
pairing: 357 -- 65042
pairing: 358 -- 65043
pairing: 359 -- 65044
pairing: 360 -- 65045
pairing: 361 -- 65046
pairing: 362 -- 65047
pairing: 363 -- 65048
pairing: 364 -- 65049
pairing: 365 -- 65050
pairing: 366 -- 65051
pairing: 367 -- 65052
pairing: 368 -- 65053
pairing: 369 -- 64926
pairing: 370 -- 65055
pairing: 371 -- 65056
pairing: 372 -- 65057
pairing: 373 -- 65058
pairing: 374 -- 65059
pairing: 375 -- 65060
pairing: 376 -- 65061
pairing: 377 -- 65062
pairing: 378 -- 65063
pairing: 379 -- 65064
pairing: 380 -- 65065
pairing: 381 -- 65066
pairing: 382 -- 65067
pairing: 383 -- 65068
pairing: 384 -- 65069
pairing: 385 -- 65070
pairing: 386 -- 65071
pairing: 387 -- 65072
pairing: 388 -- 65073
pairing: 389 -- 65074
pairing: 390 -- 65075
pairing: 391 -- 65076
pairing: 392 -- 65077
pairing: 393 -- 65078
pairing: 394 -- 65079
pairing: 395 -- 65080
pairing: 396 -- 65081
pairing: 397 -- 65082
pairing: 398 -- 65083
pairing: 399 -- 65084
pairing: 400 -- 65085
pairing: 401 -- 64958
pairing: 402 -- 64990
pairing: 403 -- 65022
pairing: 404 -- 65054
pairing: 405 -- 65086
pairing: 406 -- 65087
pairing: 407 -- 65088
pairing: 408 -- 65089
pairing: 409 -- 65090
pairing: 410 -- 65091
pairing: 411 -- 65092
pairing: 412 -- 65093
pairing: 413 -- 65094
pairing: 414 -- 65095
pairing: 415 -- 65096
pairing: 416 -- 65097
pairing: 417 -- 65098
pairing: 418 -- 65099
pairing: 419 -- 65100
pairing: 420 -- 65101
pairing: 421 -- 65102
pairing: 422 -- 65103
pairing: 423 -- 65104
pairing: 424 -- 65105
pairing: 425 -- 65106
pairing: 426 -- 65107
pairing: 427 -- 65108
pairing: 428 -- 65109
pairing: 429 -- 65110
pairing: 430 -- 65111
pairing: 431 -- 65112
pairing: 432 -- 65113
pairing: 433 -- 65114
pairing: 434 -- 65115
pairing: 435 -- 65116
pairing: 436 -- 65117
pairing: 437 -- 65118
pairing: 438 -- 65119
pairing: 439 -- 65120
pairing: 440 -- 65121
pairing: 441 -- 65122
pairing: 442 -- 65123
pairing: 443 -- 65124
pairing: 444 -- 65125
pairing: 445 -- 65126
pairing: 446 -- 65127
pairing: 447 -- 65128
pairing: 448 -- 65129
pairing: 449 -- 65130
pairing: 450 -- 65131
pairing: 451 -- 65132
pairing: 452 -- 65133
pairing: 453 -- 65134
pairing: 454 -- 65135
pairing: 455 -- 65136
pairing: 456 -- 65137
pairing: 457 -- 65138
pairing: 458 -- 65139
pairing: 459 -- 65140
pairing: 460 -- 65141
pairing: 461 -- 65142
pairing: 462 -- 65143
pairing: 463 -- 65144
pairing: 464 -- 65145
pairing: 465 -- 65146
pairing: 466 -- 65147
pairing: 467 -- 65148
pairing: 468 -- 65149
pairing: 469 -- 65150
pairing: 470 -- 65151
pairing: 471 -- 65152
pairing: 472 -- 65153
pairing: 473 -- 65154
pairing: 474 -- 65155
pairing: 475 -- 65156
pairing: 476 -- 65157
pairing: 477 -- 65158
pairing: 478 -- 65159
pairing: 479 -- 65160
pairing: 480 -- 65161
pairing: 481 -- 65162
pairing: 482 -- 65163
pairing: 483 -- 65164
pairing: 484 -- 65165
pairing: 485 -- 65166
pairing: 486 -- 65167
pairing: 487 -- 65168
pairing: 488 -- 65169
pairing: 489 -- 65170
pairing: 490 -- 65171
pairing: 491 -- 65172
pairing: 492 -- 65173
pairing: 493 -- 65174
pairing: 494 -- 65175
pairing: 495 -- 65176
pairing: 496 -- 65177
pairing: 497 -- 65178
pairing: 498 -- 65179
pairing: 499 -- 65180
pairing: 500 -- 65181
pairing: 501 -- 65182
pairing: 502 -- 65183
pairing: 503 -- 65184
pairing: 504 -- 65185
pairing: 505 -- 65186
pairing: 506 -- 65187
pairing: 507 -- 65188
pairing: 508 -- 65189
pairing: 509 -- 65190
pairing: 510 -- 65191
pairing: 511 -- 65192
pairing: 512 -- 65193
pairing: 513 -- 65194
pairing: 514 -- 65195
pairing: 515 -- 65196
pairing: 516 -- 65197
pairing: 517 -- 65198
pairing: 518 -- 65199
pairing: 519 -- 65200
pairing: 520 -- 65201
pairing: 521 -- 65202
pairing: 522 -- 65203
pairing: 523 -- 65204
pairing: 524 -- 65205
pairing: 525 -- 65206
pairing: 526 -- 65207
pairing: 527 -- 65208
pairing: 528 -- 65209
pairing: 529 -- 65210
pairing: 530 -- 65211
pairing: 531 -- 65212
pairing: 532 -- 65213
pairing: 533 -- 65214
pairing: 534 -- 65215
pairing: 535 -- 65216
pairing: 536 -- 65217
pairing: 537 -- 65218
pairing: 538 -- 65219
pairing: 539 -- 65220
pairing: 540 -- 65221
pairing: 541 -- 65222
pairing: 542 -- 65223
pairing: 543 -- 65224
pairing: 544 -- 65225
pairing: 545 -- 65226
pairing: 546 -- 65227
pairing: 547 -- 65228
pairing: 548 -- 65229
pairing: 549 -- 65230
pairing: 550 -- 65231
pairing: 551 -- 65232
pairing: 552 -- 65233
pairing: 553 -- 65234
pairing: 554 -- 65235
pairing: 555 -- 65236
pairing: 556 -- 65237
pairing: 557 -- 65238
pairing: 558 -- 65239
pairing: 559 -- 65240
pairing: 560 -- 65241
[gpu-search] backend=host-orchestrated lanes=32 progression=strict-wave commit_width=16 graph_access=fixed persistent_kernel=no gpunetio_query_transport=no
[STATUS]: query engine: host-orchestrated RDMA lanes=32 persistent-kernel=off GPUNetIO-query=off
[STATUS]: storage-owner update cores: progress=28 response=0
[STATUS]: storage-owner acknowledgement=query-visible stage1 graph publication; submission=bounded authority rings; batching=authority-wide; progress=single work-conserving executor
[breakdown] mixed fixed thread split: reads=256, writes=256
[breakdown] preparing workload: bootstrap_count=131072, workload=mixed
[breakdown] insert-file vectors: count=10000000 dim=128 dtype=uint8
[breakdown] bootstrap vectors ready (synthetic)
[breakdown] recall query data ready: count=10000 dtype=uint8 vector_bytes=128
[breakdown] performance query data ready: count=10000000 dtype=uint8 vector_bytes=128 policy=single_pass_no_reuse
[breakdown][recall] done 1000/1000 ops, avg_rate=1536.41 ops/s
[breakdown][recall] before_performance recall@10=0.9401 queries=1000
[breakdown] effective insert start id=111000000
[breakdown] starting warmup mixed
[storage-owner] sender batch telemetry owner=2 batches=32 items=81 avg_batch=2.53125 full_batches=1 tail_escape_batches=30 max_wait_flush_batches=1 queue_visibility_stalls=0 partial_visible_batches=0 published=0
[storage-owner] sender completion telemetry owner=2 batches=32 items=81 avg_batch=2.53125 avg_rpc_wall_us=919.213 max_rpc_wall_us=17854.7 max_active_rpcs=3 max_published=49
[storage-owner] sender batch telemetry owner=0 batches=32 items=81 avg_batch=2.53125 full_batches=1 tail_escape_batches=30 max_wait_flush_batches=1 queue_visibility_stalls=0 partial_visible_batches=0 published=0
[storage-owner] sender completion telemetry owner=0 batches=32 items=81 avg_batch=2.53125 avg_rpc_wall_us=1381.19 max_rpc_wall_us=15107.2 max_active_rpcs=3 max_published=12
[storage-owner] sender batch telemetry owner=2 batches=64 items=134 avg_batch=2.09375 full_batches=1 tail_escape_batches=62 max_wait_flush_batches=1 queue_visibility_stalls=0 partial_visible_batches=0 published=0
[storage-owner] sender completion telemetry owner=2 batches=64 items=134 avg_batch=2.09375 avg_rpc_wall_us=509.657 max_rpc_wall_us=17854.7 max_active_rpcs=3 max_published=49
[storage-owner] sender batch telemetry owner=2 batches=128 items=206 avg_batch=1.60938 full_batches=1 tail_escape_batches=126 max_wait_flush_batches=1 queue_visibility_stalls=0 partial_visible_batches=0 published=0
[storage-owner] sender completion telemetry owner=2 batches=128 items=206 avg_batch=1.60938 avg_rpc_wall_us=270.292 max_rpc_wall_us=17854.7 max_active_rpcs=3 max_published=49
[storage-owner] sender batch telemetry owner=0 batches=64 items=114 avg_batch=1.78125 full_batches=1 tail_escape_batches=62 max_wait_flush_batches=1 queue_visibility_stalls=0 partial_visible_batches=0 published=0
[storage-owner] sender completion telemetry owner=0 batches=64 items=114 avg_batch=1.78125 avg_rpc_wall_us=705.112 max_rpc_wall_us=15107.2 max_active_rpcs=3 max_published=12
[storage-owner] sender batch telemetry owner=0 batches=128 items=219 avg_batch=1.71094 full_batches=1 tail_escape_batches=126 max_wait_flush_batches=1 queue_visibility_stalls=0 partial_visible_batches=0 published=0
[storage-owner] sender completion telemetry owner=0 batches=128 items=219 avg_batch=1.71094 avg_rpc_wall_us=371.465 max_rpc_wall_us=15107.2 max_active_rpcs=3 max_published=12
[storage-owner] sender batch telemetry owner=2 batches=256 items=509 avg_batch=1.98828 full_batches=1 tail_escape_batches=254 max_wait_flush_batches=1 queue_visibility_stalls=0 partial_visible_batches=0 published=0
[storage-owner] sender completion telemetry owner=2 batches=256 items=509 avg_batch=1.98828 avg_rpc_wall_us=164.227 max_rpc_wall_us=17854.7 max_active_rpcs=3 max_published=49
[storage-owner] sender batch telemetry owner=4 batches=32 items=81 avg_batch=2.53125 full_batches=1 tail_escape_batches=30 max_wait_flush_batches=1 queue_visibility_stalls=0 partial_visible_batches=0 published=0
[storage-owner] sender completion telemetry owner=4 batches=32 items=81 avg_batch=2.53125 avg_rpc_wall_us=1516.35 max_rpc_wall_us=17801.3 max_active_rpcs=3 max_published=48
[storage-owner] sender batch telemetry owner=3 batches=32 items=81 avg_batch=2.53125 full_batches=1 tail_escape_batches=30 max_wait_flush_batches=1 queue_visibility_stalls=0 partial_visible_batches=0 published=0
[storage-owner] sender completion telemetry owner=3 batches=32 items=81 avg_batch=2.53125 avg_rpc_wall_us=1902.53 max_rpc_wall_us=21907.5 max_active_rpcs=3 max_published=48
[storage-owner] sender batch telemetry owner=4 batches=64 items=129 avg_batch=2.01562 full_batches=1 tail_escape_batches=62 max_wait_flush_batches=1 queue_visibility_stalls=0 partial_visible_batches=0 published=0
[storage-owner] sender completion telemetry owner=4 batches=64 items=129 avg_batch=2.01562 avg_rpc_wall_us=802.656 max_rpc_wall_us=17801.3 max_active_rpcs=3 max_published=48
[storage-owner] sender batch telemetry owner=1 batches=32 items=82 avg_batch=2.5625 full_batches=1 tail_escape_batches=30 max_wait_flush_batches=1 queue_visibility_stalls=0 partial_visible_batches=0 published=0
[storage-owner] sender completion telemetry owner=1 batches=32 items=82 avg_batch=2.5625 avg_rpc_wall_us=1118.01 max_rpc_wall_us=26194.3 max_active_rpcs=2 max_published=51
[storage-owner] sender batch telemetry owner=0 batches=256 items=426 avg_batch=1.66406 full_batches=1 tail_escape_batches=254 max_wait_flush_batches=1 queue_visibility_stalls=0 partial_visible_batches=0 published=0
[storage-owner] sender completion telemetry owner=0 batches=256 items=426 avg_batch=1.66406 avg_rpc_wall_us=222.218 max_rpc_wall_us=15107.2 max_active_rpcs=3 max_published=12
[storage-owner] sender batch telemetry owner=4 batches=128 items=226 avg_batch=1.76562 full_batches=1 tail_escape_batches=126 max_wait_flush_batches=1 queue_visibility_stalls=0 partial_visible_batches=0 published=0
[storage-owner] sender completion telemetry owner=4 batches=128 items=226 avg_batch=1.76562 avg_rpc_wall_us=440.913 max_rpc_wall_us=17801.3 max_active_rpcs=3 max_published=48
[storage-owner] sender batch telemetry owner=2 batches=512 items=924 avg_batch=1.80469 full_batches=1 tail_escape_batches=510 max_wait_flush_batches=1 queue_visibility_stalls=0 partial_visible_batches=0 published=0
[storage-owner] sender completion telemetry owner=2 batches=512 items=924 avg_batch=1.80469 avg_rpc_wall_us=108.214 max_rpc_wall_us=17854.7 max_active_rpcs=3 max_published=49
[storage-owner] sender batch telemetry owner=4 batches=256 items=454 avg_batch=1.77344 full_batches=1 tail_escape_batches=254 max_wait_flush_batches=1 queue_visibility_stalls=0 partial_visible_batches=0 published=0
[storage-owner] sender completion telemetry owner=4 batches=256 items=454 avg_batch=1.77344 avg_rpc_wall_us=237.291 max_rpc_wall_us=17801.3 max_active_rpcs=3 max_published=48
[storage-owner] sender batch telemetry owner=0 batches=512 items=930 avg_batch=1.81641 full_batches=1 tail_escape_batches=510 max_wait_flush_batches=1 queue_visibility_stalls=0 partial_visible_batches=0 published=0
[storage-owner] sender completion telemetry owner=0 batches=512 items=930 avg_batch=1.81641 avg_rpc_wall_us=134.035 max_rpc_wall_us=15107.2 max_active_rpcs=3 max_published=12
[storage-owner] sender batch telemetry owner=3 batches=64 items=113 avg_batch=1.76562 full_batches=1 tail_escape_batches=62 max_wait_flush_batches=1 queue_visibility_stalls=0 partial_visible_batches=0 published=0
[storage-owner] sender completion telemetry owner=3 batches=64 items=113 avg_batch=1.76562 avg_rpc_wall_us=999.535 max_rpc_wall_us=21907.5 max_active_rpcs=3 max_published=48
[storage-owner] sender batch telemetry owner=1 batches=64 items=114 avg_batch=1.78125 full_batches=1 tail_escape_batches=62 max_wait_flush_batches=1 queue_visibility_stalls=0 partial_visible_batches=0 published=0
[storage-owner] sender completion telemetry owner=1 batches=64 items=114 avg_batch=1.78125 avg_rpc_wall_us=613.338 max_rpc_wall_us=26194.3 max_active_rpcs=2 max_published=51
[storage-owner] sender batch telemetry owner=4 batches=512 items=870 avg_batch=1.69922 full_batches=1 tail_escape_batches=510 max_wait_flush_batches=1 queue_visibility_stalls=0 partial_visible_batches=0 published=0
[storage-owner] sender completion telemetry owner=4 batches=512 items=870 avg_batch=1.69922 avg_rpc_wall_us=142.809 max_rpc_wall_us=17801.3 max_active_rpcs=3 max_published=48
[storage-owner] sender batch telemetry owner=2 batches=1024 items=2682 avg_batch=2.61914 full_batches=1 tail_escape_batches=1022 max_wait_flush_batches=1 queue_visibility_stalls=0 partial_visible_batches=0 published=0
[storage-owner] sender completion telemetry owner=2 batches=1024 items=2682 avg_batch=2.61914 avg_rpc_wall_us=92.1169 max_rpc_wall_us=17854.7 max_active_rpcs=3 max_published=49
[storage-owner] sender batch telemetry owner=0 batches=1024 items=2099 avg_batch=2.0498 full_batches=1 tail_escape_batches=1022 max_wait_flush_batches=1 queue_visibility_stalls=0 partial_visible_batches=0 published=0
[storage-owner] sender completion telemetry owner=0 batches=1024 items=2099 avg_batch=2.0498 avg_rpc_wall_us=93.4213 max_rpc_wall_us=15107.2 max_active_rpcs=3 max_published=12
[storage-owner] sender batch telemetry owner=3 batches=128 items=178 avg_batch=1.39062 full_batches=1 tail_escape_batches=126 max_wait_flush_batches=1 queue_visibility_stalls=0 partial_visible_batches=0 published=0
[storage-owner] sender completion telemetry owner=3 batches=128 items=178 avg_batch=1.39062 avg_rpc_wall_us=543.775 max_rpc_wall_us=21907.5 max_active_rpcs=3 max_published=48
[storage-owner] sender batch telemetry owner=4 batches=1024 items=1761 avg_batch=1.71973 full_batches=1 tail_escape_batches=1022 max_wait_flush_batches=1 queue_visibility_stalls=0 partial_visible_batches=0 published=0
[storage-owner] sender completion telemetry owner=4 batches=1024 items=1761 avg_batch=1.71973 avg_rpc_wall_us=103.929 max_rpc_wall_us=17801.3 max_active_rpcs=3 max_published=48
[storage-owner] sender batch telemetry owner=3 batches=256 items=321 avg_batch=1.25391 full_batches=1 tail_escape_batches=254 max_wait_flush_batches=1 queue_visibility_stalls=0 partial_visible_batches=0 published=0
[storage-owner] sender completion telemetry owner=3 batches=256 items=321 avg_batch=1.25391 avg_rpc_wall_us=293.467 max_rpc_wall_us=21907.5 max_active_rpcs=3 max_published=48
[storage-owner] sender batch telemetry owner=1 batches=128 items=178 avg_batch=1.39062 full_batches=1 tail_escape_batches=126 max_wait_flush_batches=1 queue_visibility_stalls=0 partial_visible_batches=0 published=0
[storage-owner] sender completion telemetry owner=1 batches=128 items=178 avg_batch=1.39062 avg_rpc_wall_us=371.748 max_rpc_wall_us=26194.3 max_active_rpcs=2 max_published=51
[storage-owner] sender batch telemetry owner=2 batches=2048 items=5946 avg_batch=2.90332 full_batches=1 tail_escape_batches=2046 max_wait_flush_batches=1 queue_visibility_stalls=0 partial_visible_batches=0 published=0
[storage-owner] sender completion telemetry owner=2 batches=2048 items=5946 avg_batch=2.90332 avg_rpc_wall_us=81.4347 max_rpc_wall_us=17854.7 max_active_rpcs=3 max_published=49
[storage-owner] sender batch telemetry owner=0 batches=2048 items=5343 avg_batch=2.60889 full_batches=1 tail_escape_batches=2046 max_wait_flush_batches=1 queue_visibility_stalls=0 partial_visible_batches=0 published=0
[storage-owner] sender completion telemetry owner=0 batches=2048 items=5343 avg_batch=2.60889 avg_rpc_wall_us=75.0099 max_rpc_wall_us=15107.2 max_active_rpcs=3 max_published=12
[storage-owner] sender batch telemetry owner=4 batches=2048 items=4205 avg_batch=2.05322 full_batches=1 tail_escape_batches=2046 max_wait_flush_batches=1 queue_visibility_stalls=0 partial_visible_batches=0 published=0
[storage-owner] sender completion telemetry owner=4 batches=2048 items=4205 avg_batch=2.05322 avg_rpc_wall_us=86.8556 max_rpc_wall_us=17801.3 max_active_rpcs=3 max_published=48
[storage-owner] sender batch telemetry owner=2 batches=4096 items=15624 avg_batch=3.81445 full_batches=1 tail_escape_batches=4094 max_wait_flush_batches=1 queue_visibility_stalls=0 partial_visible_batches=0 published=0
[storage-owner] sender completion telemetry owner=2 batches=4096 items=15624 avg_batch=3.81445 avg_rpc_wall_us=72.8119 max_rpc_wall_us=17854.7 max_active_rpcs=3 max_published=49
[storage-owner] sender batch telemetry owner=0 batches=4096 items=12106 avg_batch=2.95557 full_batches=1 tail_escape_batches=4094 max_wait_flush_batches=1 queue_visibility_stalls=0 partial_visible_batches=0 published=0
[storage-owner] sender completion telemetry owner=0 batches=4096 items=12106 avg_batch=2.95557 avg_rpc_wall_us=67.8975 max_rpc_wall_us=15107.2 max_active_rpcs=3 max_published=13
[storage-owner] sender batch telemetry owner=1 batches=256 items=306 avg_batch=1.19531 full_batches=1 tail_escape_batches=254 max_wait_flush_batches=1 queue_visibility_stalls=0 partial_visible_batches=0 published=0
[storage-owner] sender completion telemetry owner=1 batches=256 items=306 avg_batch=1.19531 avg_rpc_wall_us=244.895 max_rpc_wall_us=26194.3 max_active_rpcs=2 max_published=51
[breakdown][warmup-mixed] progress elapsed=5s/15s, completed=11176 ops, rate=2235.2 ops/s, interval_rate=2235.2 ops/s, interval_read_qps=1906.2, interval_write_qps=329
[storage-owner] sender batch telemetry owner=3 batches=512 items=583 avg_batch=1.13867 full_batches=1 tail_escape_batches=510 max_wait_flush_batches=1 queue_visibility_stalls=0 partial_visible_batches=0 published=0
[storage-owner] sender completion telemetry owner=3 batches=512 items=583 avg_batch=1.13867 avg_rpc_wall_us=216.493 max_rpc_wall_us=21907.5 max_active_rpcs=3 max_published=48
[storage-owner] sender batch telemetry owner=4 batches=4096 items=7849 avg_batch=1.91626 full_batches=1 tail_escape_batches=4094 max_wait_flush_batches=1 queue_visibility_stalls=0 partial_visible_batches=0 published=0
[storage-owner] sender completion telemetry owner=4 batches=4096 items=7849 avg_batch=1.91626 avg_rpc_wall_us=81.9272 max_rpc_wall_us=17801.3 max_active_rpcs=3 max_published=48
[storage-owner] sender batch telemetry owner=1 batches=512 items=562 avg_batch=1.09766 full_batches=1 tail_escape_batches=510 max_wait_flush_batches=1 queue_visibility_stalls=0 partial_visible_batches=0 published=0
[storage-owner] sender completion telemetry owner=1 batches=512 items=562 avg_batch=1.09766 avg_rpc_wall_us=205.926 max_rpc_wall_us=26194.3 max_active_rpcs=2 max_published=51
[storage-owner] sender batch telemetry owner=2 batches=8192 items=53377 avg_batch=6.51575 full_batches=150 tail_escape_batches=7984 max_wait_flush_batches=58 queue_visibility_stalls=0 partial_visible_batches=0 published=0
[storage-owner] sender completion telemetry owner=2 batches=8192 items=53377 avg_batch=6.51575 avg_rpc_wall_us=79.3848 max_rpc_wall_us=17854.7 max_active_rpcs=6 max_published=49
[storage-owner] sender batch telemetry owner=0 batches=8192 items=25054 avg_batch=3.05835 full_batches=1 tail_escape_batches=8190 max_wait_flush_batches=1 queue_visibility_stalls=0 partial_visible_batches=0 published=0
[storage-owner] sender completion telemetry owner=0 batches=8192 items=25054 avg_batch=3.05835 avg_rpc_wall_us=71.2328 max_rpc_wall_us=15107.2 max_active_rpcs=3 max_published=13
[breakdown][warmup-mixed] progress elapsed=10s/15s, completed=22016 ops, rate=2201.6 ops/s, interval_rate=2168 ops/s, interval_read_qps=1801.8, interval_write_qps=366.2
[storage-owner] sender batch telemetry owner=3 batches=1024 items=1095 avg_batch=1.06934 full_batches=1 tail_escape_batches=1022 max_wait_flush_batches=1 queue_visibility_stalls=0 partial_visible_batches=0 published=0
[storage-owner] sender completion telemetry owner=3 batches=1024 items=1095 avg_batch=1.06934 avg_rpc_wall_us=158.54 max_rpc_wall_us=21907.5 max_active_rpcs=3 max_published=48
[storage-owner] sender batch telemetry owner=1 batches=1024 items=1074 avg_batch=1.04883 full_batches=1 tail_escape_batches=1022 max_wait_flush_batches=1 queue_visibility_stalls=0 partial_visible_batches=0 published=0
[storage-owner] sender completion telemetry owner=1 batches=1024 items=1074 avg_batch=1.04883 avg_rpc_wall_us=158.129 max_rpc_wall_us=26194.3 max_active_rpcs=2 max_published=51
[breakdown][warmup-mixed] progress elapsed=15s/15s, completed=33573 ops, rate=2238.2 ops/s, interval_rate=2311.4 ops/s, interval_read_qps=1918.6, interval_write_qps=392.8
[breakdown][warmup-mixed] done measurement_elapsed=15s/15s, measurement_completed=33573 ops, measurement_avg_rate=2238.2 ops/s, drain_elapsed=2.71878s, drain_completed=512 ops
[breakdown][warmup] maintenance drain elapsed=6.9092e-05s complete=yes
[breakdown] starting measure phase
[storage-owner] sender batch telemetry owner=3 batches=2048 items=2888 avg_batch=1.41016 full_batches=2 tail_escape_batches=2044 max_wait_flush_batches=2 queue_visibility_stalls=0 partial_visible_batches=0 published=0
[storage-owner] sender completion telemetry owner=3 batches=2048 items=2888 avg_batch=1.41016 avg_rpc_wall_us=108.559 max_rpc_wall_us=21907.5 max_active_rpcs=3 max_published=48
[storage-owner] sender batch telemetry owner=1 batches=2048 items=2567 avg_batch=1.25342 full_batches=2 tail_escape_batches=2043 max_wait_flush_batches=3 queue_visibility_stalls=0 partial_visible_batches=0 published=0
[storage-owner] sender completion telemetry owner=1 batches=2048 items=2567 avg_batch=1.25342 avg_rpc_wall_us=116.838 max_rpc_wall_us=26194.3 max_active_rpcs=3 max_published=51
[storage-owner] sender batch telemetry owner=2 batches=16384 items=113421 avg_batch=6.92267 full_batches=431 tail_escape_batches=15795 max_wait_flush_batches=158 queue_visibility_stalls=0 partial_visible_batches=0 published=0
[storage-owner] sender completion telemetry owner=2 batches=16384 items=113421 avg_batch=6.92267 avg_rpc_wall_us=70.7107 max_rpc_wall_us=17854.7 max_active_rpcs=8 max_published=60
[storage-owner] sender batch telemetry owner=3 batches=4096 items=7524 avg_batch=1.83691 full_batches=2 tail_escape_batches=4092 max_wait_flush_batches=2 queue_visibility_stalls=0 partial_visible_batches=0 published=0
[storage-owner] sender completion telemetry owner=3 batches=4096 items=7524 avg_batch=1.83691 avg_rpc_wall_us=93.2881 max_rpc_wall_us=21907.5 max_active_rpcs=3 max_published=48
[breakdown][measure-mixed] progress elapsed=5s/120s, completed=11630 ops, rate=2326 ops/s, interval_rate=2326 ops/s, interval_read_qps=1924.2, interval_write_qps=401.8
[storage-owner] sender batch telemetry owner=1 batches=4096 items=6025 avg_batch=1.47095 full_batches=2 tail_escape_batches=4091 max_wait_flush_batches=3 queue_visibility_stalls=0 partial_visible_batches=0 published=0
[storage-owner] sender completion telemetry owner=1 batches=4096 items=6025 avg_batch=1.47095 avg_rpc_wall_us=110.988 max_rpc_wall_us=26194.3 max_active_rpcs=3 max_published=51
[storage-owner] sender batch telemetry owner=4 batches=8192 items=15789 avg_batch=1.92737 full_batches=2 tail_escape_batches=8187 max_wait_flush_batches=3 queue_visibility_stalls=0 partial_visible_batches=0 published=0
[storage-owner] sender completion telemetry owner=4 batches=8192 items=15789 avg_batch=1.92737 avg_rpc_wall_us=99.7769 max_rpc_wall_us=17801.3 max_active_rpcs=3 max_published=48
[storage-owner] sender batch telemetry owner=0 batches=16384 items=43587 avg_batch=2.66034 full_batches=2 tail_escape_batches=16380 max_wait_flush_batches=2 queue_visibility_stalls=0 partial_visible_batches=0 published=0
[storage-owner] sender completion telemetry owner=0 batches=16384 items=43587 avg_batch=2.66034 avg_rpc_wall_us=74.0366 max_rpc_wall_us=15107.2 max_active_rpcs=3 max_published=32
[storage-owner] sender batch telemetry owner=3 batches=8192 items=19864 avg_batch=2.4248 full_batches=2 tail_escape_batches=8188 max_wait_flush_batches=2 queue_visibility_stalls=0 partial_visible_batches=0 published=0
[storage-owner] sender completion telemetry owner=3 batches=8192 items=19864 avg_batch=2.4248 avg_rpc_wall_us=106.19 max_rpc_wall_us=21907.5 max_active_rpcs=3 max_published=48
[breakdown][measure-mixed] progress elapsed=10s/120s, completed=22527 ops, rate=2252.7 ops/s, interval_rate=2179.4 ops/s, interval_read_qps=1748.4, interval_write_qps=431
[storage-owner] sender batch telemetry owner=1 batches=8192 items=15586 avg_batch=1.90259 full_batches=2 tail_escape_batches=8187 max_wait_flush_batches=3 queue_visibility_stalls=0 partial_visible_batches=0 published=0
[storage-owner] sender completion telemetry owner=1 batches=8192 items=15586 avg_batch=1.90259 avg_rpc_wall_us=118.917 max_rpc_wall_us=26194.3 max_active_rpcs=3 max_published=51
[storage-owner] sender batch telemetry owner=4 batches=16384 items=42813 avg_batch=2.6131 full_batches=2 tail_escape_batches=16379 max_wait_flush_batches=3 queue_visibility_stalls=0 partial_visible_batches=0 published=0
[storage-owner] sender completion telemetry owner=4 batches=16384 items=42813 avg_batch=2.6131 avg_rpc_wall_us=105.74 max_rpc_wall_us=17801.3 max_active_rpcs=3 max_published=48
[breakdown][measure-mixed] progress elapsed=15s/120s, completed=33492 ops, rate=2232.8 ops/s, interval_rate=2193 ops/s, interval_read_qps=1774.2, interval_write_qps=418.8
[storage-owner] sender batch telemetry owner=3 batches=16384 items=46246 avg_batch=2.82263 full_batches=2 tail_escape_batches=16380 max_wait_flush_batches=2 queue_visibility_stalls=0 partial_visible_batches=0 published=0
[storage-owner] sender completion telemetry owner=3 batches=16384 items=46246 avg_batch=2.82263 avg_rpc_wall_us=108.269 max_rpc_wall_us=21907.5 max_active_rpcs=3 max_published=48
[storage-owner] sender batch telemetry owner=2 batches=32768 items=178075 avg_batch=5.43442 full_batches=431 tail_escape_batches=32179 max_wait_flush_batches=158 queue_visibility_stalls=0 partial_visible_batches=0 published=0
[storage-owner] sender completion telemetry owner=2 batches=32768 items=178075 avg_batch=5.43442 avg_rpc_wall_us=88.4312 max_rpc_wall_us=17854.7 max_active_rpcs=8 max_published=60
[breakdown][measure-mixed] progress elapsed=20s/120s, completed=44811 ops, rate=2240.55 ops/s, interval_rate=2263.8 ops/s, interval_read_qps=1833.2, interval_write_qps=430.6
[breakdown][measure-mixed] progress elapsed=25s/120s, completed=56585 ops, rate=2263.4 ops/s, interval_rate=2354.8 ops/s, interval_read_qps=1915.2, interval_write_qps=439.6
[breakdown][measure-mixed] progress elapsed=30s/120s, completed=68247 ops, rate=2274.9 ops/s, interval_rate=2332.4 ops/s, interval_read_qps=1935.2, interval_write_qps=397.2
[storage-owner] sender batch telemetry owner=3 batches=32768 items=101660 avg_batch=3.10242 full_batches=2 tail_escape_batches=32764 max_wait_flush_batches=2 queue_visibility_stalls=0 partial_visible_batches=0 published=0
[storage-owner] sender completion telemetry owner=3 batches=32768 items=101660 avg_batch=3.10242 avg_rpc_wall_us=89.9624 max_rpc_wall_us=21907.5 max_active_rpcs=3 max_published=48
[breakdown][measure-mixed] progress elapsed=35s/120s, completed=80445 ops, rate=2298.43 ops/s, interval_rate=2439.6 ops/s, interval_read_qps=2016.8, interval_write_qps=422.8
[breakdown][measure-mixed] progress elapsed=40s/120s, completed=92608 ops, rate=2315.2 ops/s, interval_rate=2432.6 ops/s, interval_read_qps=1998.6, interval_write_qps=434
[breakdown][measure-mixed] progress elapsed=45s/120s, completed=105013 ops, rate=2333.62 ops/s, interval_rate=2481 ops/s, interval_read_qps=2054.8, interval_write_qps=426.2
[breakdown][measure-mixed] progress elapsed=50s/120s, completed=117425 ops, rate=2348.5 ops/s, interval_rate=2482.4 ops/s, interval_read_qps=2040.4, interval_write_qps=442
[storage-owner] sender batch telemetry owner=2 batches=65536 items=416862 avg_batch=6.36081 full_batches=1062 tail_escape_batches=64043 max_wait_flush_batches=431 queue_visibility_stalls=0 partial_visible_batches=0 published=0
[storage-owner] sender completion telemetry owner=2 batches=65536 items=416862 avg_batch=6.36081 avg_rpc_wall_us=80.2697 max_rpc_wall_us=17854.7 max_active_rpcs=15 max_published=60
[breakdown][measure-mixed] progress elapsed=55s/120s, completed=129773 ops, rate=2359.51 ops/s, interval_rate=2469.6 ops/s, interval_read_qps=2040.4, interval_write_qps=429.2
[breakdown][measure-mixed] progress elapsed=60s/120s, completed=141875 ops, rate=2364.58 ops/s, interval_rate=2420.4 ops/s, interval_read_qps=1995.2, interval_write_qps=425.2
[storage-owner] sender batch telemetry owner=0 batches=32768 items=74632 avg_batch=2.27759 full_batches=2 tail_escape_batches=32764 max_wait_flush_batches=2 queue_visibility_stalls=0 partial_visible_batches=0 published=0
[storage-owner] sender completion telemetry owner=0 batches=32768 items=74632 avg_batch=2.27759 avg_rpc_wall_us=95.5943 max_rpc_wall_us=15107.2 max_active_rpcs=3 max_published=32
[breakdown][measure-mixed] progress elapsed=65s/120s, completed=154107 ops, rate=2370.88 ops/s, interval_rate=2446.4 ops/s, interval_read_qps=2042, interval_write_qps=404.4
[breakdown][measure-mixed] progress elapsed=70s/120s, completed=166098 ops, rate=2372.83 ops/s, interval_rate=2398.2 ops/s, interval_read_qps=2054.2, interval_write_qps=344
[storage-owner] sender batch telemetry owner=4 batches=32768 items=84067 avg_batch=2.56552 full_batches=2 tail_escape_batches=32763 max_wait_flush_batches=3 queue_visibility_stalls=0 partial_visible_batches=0 published=0
[storage-owner] sender completion telemetry owner=4 batches=32768 items=84067 avg_batch=2.56552 avg_rpc_wall_us=98.714 max_rpc_wall_us=17801.3 max_active_rpcs=3 max_published=48
[breakdown][measure-mixed] progress elapsed=75s/120s, completed=178516 ops, rate=2380.21 ops/s, interval_rate=2483.6 ops/s, interval_read_qps=2097.4, interval_write_qps=386.2
[breakdown][measure-mixed] progress elapsed=80s/120s, completed=190995 ops, rate=2387.44 ops/s, interval_rate=2495.8 ops/s, interval_read_qps=2092.8, interval_write_qps=403
[breakdown][measure-mixed] progress elapsed=85s/120s, completed=202917 ops, rate=2387.26 ops/s, interval_rate=2384.4 ops/s, interval_read_qps=2019.8, interval_write_qps=364.6
[breakdown][measure-mixed] progress elapsed=90s/120s, completed=215428 ops, rate=2393.64 ops/s, interval_rate=2502.2 ops/s, interval_read_qps=2117.8, interval_write_qps=384.4
[storage-owner] sender batch telemetry owner=1 batches=16384 items=25080 avg_batch=1.53076 full_batches=2 tail_escape_batches=16379 max_wait_flush_batches=3 queue_visibility_stalls=0 partial_visible_batches=0 published=0
[storage-owner] sender completion telemetry owner=1 batches=16384 items=25080 avg_batch=1.53076 avg_rpc_wall_us=132.71 max_rpc_wall_us=26194.3 max_active_rpcs=3 max_published=51
[breakdown][measure-mixed] progress elapsed=95s/120s, completed=228018 ops, rate=2400.19 ops/s, interval_rate=2518 ops/s, interval_read_qps=2082.8, interval_write_qps=435.2
[breakdown][measure-mixed] progress elapsed=100s/120s, completed=240547 ops, rate=2405.47 ops/s, interval_rate=2505.8 ops/s, interval_read_qps=2114.6, interval_write_qps=391.2
[breakdown][measure-mixed] progress elapsed=105s/120s, completed=252428 ops, rate=2404.08 ops/s, interval_rate=2376.2 ops/s, interval_read_qps=2067.8, interval_write_qps=308.4
[breakdown][measure-mixed] progress elapsed=110s/120s, completed=265027 ops, rate=2409.34 ops/s, interval_rate=2519.8 ops/s, interval_read_qps=2194.2, interval_write_qps=325.6
[breakdown][measure-mixed] progress elapsed=115s/120s, completed=277022 ops, rate=2408.89 ops/s, interval_rate=2399 ops/s, interval_read_qps=2094.6, interval_write_qps=304.4
[breakdown][measure-mixed] progress elapsed=120s/120s, completed=289434 ops, rate=2411.95 ops/s, interval_rate=2482.4 ops/s, interval_read_qps=2075.4, interval_write_qps=407
[breakdown][measure-mixed] done measurement_elapsed=120s/120s, measurement_completed=289434 ops, measurement_avg_rate=2411.95 ops/s, drain_elapsed=2.57054s, drain_completed=512 ops
[breakdown][measure] maintenance drain elapsed=6.6565e-05s complete=yes
[breakdown][measure-mixed] reads issued/completed=241906/241906, writes issued/completed=48040/48040 (insert=48040, upsert=0, delete=0)
[breakdown][static_gt_post_recall] done 1000/1000 ops, avg_rate=2564.84 ops/s
[breakdown][recall] after_performance recall@10=0.9393 queries=1000
system_variant
  profile_name: 04_gpu_persistent_gpunetio_baseline
  label: baseline
  update_mutation_api: append_only
  storage_owner_update_completion_mode: coupled
  gpu_dynamic_graph_access_mode: fixed
  gpu_rdma_search_progression_mode: coupled
  index_prefix: /data/xjs/index/dvstor_sift100m/index/sift100m_R96_bw128_metis_pmd32_pq32_schema16
  index_schema_version: 16
  index_build_fingerprint: 68737734120060254
query_inputs
  recall_source: /data/xjs/index/dvstor_sift100m/converted/query.u8bin
  recall_rows: 10000
  performance_source: /data/xjs/datasets/sift1b/sift100m_to_110m_query.u8bin
  performance_rows: 10000000
  performance_row_reuse_policy: single_pass_no_reuse
  performance_warmup/measure/total_rows_consumed: 28389/241906/270295
throughput
  duration_seconds: 122.57
  total_ops_per_sec: 2365.55 (ops=289946)
  query_ops_per_sec: 1973.61 (ops=241906)
  effective_query_ops_per_sec: 1973.61
  write_ops_per_sec: 391.938 (ops=48040)
  effective_write_ops_per_sec: 391.938
  insert_ops_per_sec: 391.938 (ops=48040)
  client_drain_seconds: 2.57048
  scheduled_query/write_ops: 0/0
  query/write_rate_attainment_ratio: 1/1
  nominal/effective_rate_basis: effective_wall_clock/wall_clock_including_client_drain
  write_mix_completed: insert=48040 upsert=0 delete=0
  query_head/tail_qps: 1815.6/2121.4
  query_tail_to_head_ratio: 1.16843
  query_min_5s_qps: 1748.4
  write_head/tail_qps: 417.2/345.667
  write_tail_to_head_ratio: 0.828539
  write_min_5s_qps: 304.4
  zero_completion_windows: 0
  zero_query/write_windows: 0/0
stage2
  source: in_band_control_page
  shards observed/requested: 5/5
  p99_stage2_delay_upper_ms: unavailable
  remaining/max_backlog: 0/0
  completion_outstanding/admission_window: 0/0 (max_per_shard=0)
  completion_incomplete/admission_window: 0/0 (max_per_shard=0, completed_behind_hole=0)
  completion admission stalls logical/physical: 0/0
  backlog_slope_per_sec: 0
  failures (hard): 0
  peer_reverse_retry_attempts: 0
  locality telemetry: home_match_rate=0 cross_edge_reduction=0 avg_frontier/expansions/scored=0/0/0
  search budget exhausted (stage1/stage2): 0/0
  execution batching: contexts=0 avg_items=0 graph_reads/wave=0 vector_reads/wave=0 pressure_yields=0
  ordered graph issue: issued/hit/wasted=0/0/0 promotion_ratio=0
  graph home RPC: batches/items/avg_items=0/0/0
  executor service demand: stage1_total/search/prune_us=0/0/0 stage1_candidates/frontier/neighbors=0/0/0 stage2_search/freeze/reverse_us=0/0/0
recall
  recall@10: 0.9401
  queries: 1000
  mode/base_id_limit/search_width/insufficient_queries: all/0/10/0
  query_file: /data/xjs/index/dvstor_sift100m/converted/query.u8bin
  groundtruth_file: /data/xjs/index/dvstor_sift100m/converted/groundtruth_100M.bin
static_gt_post_recall
  recall@10: 0.9393
  queries: 1000
  mode/base_id_limit/search_width/insufficient_queries: all/0/10/0
  query_file: /data/xjs/index/dvstor_sift100m/converted/query.u8bin
  groundtruth_file: /data/xjs/index/dvstor_sift100m/converted/groundtruth_100M.bin
gpu_persistent
  GPU memory explicit/base_pq/route GiB: 2.98392/2.98023/0
  average_batch_size: 1
  average_submission_wait_us: 111139
  rdma_read_bytes: 44353802464
  owner WQE submitted/capacity/utilization: 0/0/0
  owner critical/speculative batches: 0/0
  graph_route_hit_ratio/refreshes: 0.00508596/0
  graph snapshot reread records total/per_query: 0/0
  graph RDMA bytes total/per_query/per_parent: 39371531264/162755/832
  graph live/full/fallback/underhint/promotions reads: 0/47321552/0/0/0
  expanded parents/neighbor sum/average degree: 0/0/0
  expanded degree histogram (ceil(degree/8), overflow=13): [0,0,0,0,0,0,0,0,0,0,0,0,0,0]
  dynamic expanded parents/neighbor sum/average degree/share: 0/0/0/0
  dynamic expanded degree histogram (ceil(degree/8), overflow=13): [0,0,0,0,0,0,0,0,0,0,0,0,0,0]
  DynaExtent short/full/bytes/fallback/promotions/demotions: 0/14837/12344384/0/0/0
  DynaExtent snapshot-attempts/nonfallback-full-attempts/short-physical-ratio/fallback-ratio/bytes-per-physical-read: 14837/14837/0/0/832
  ASFE logical expansions total/per_query: 47321552/195.62
  ASFE critical/speculative graph reads: 47321552/0
  ASFE critical/speculative graph bytes: 39371531264/0
  ASFE core reads/bytes/arrived/promoted/stale: 0/0/0/0/0
  ASFE core waves/ready waves/ready ratio: 0/0/0
  terminal exact cache attempts/rate: 0/0
  terminal exact cache issued/promoted/misses/rejects (total/per_query): 0/0, 0/0, 0/0, 0/0
  terminal exact cache promotion/waste ratio: 0/0
  terminal exact cache wasted bytes total/per_query: 0/0
  ASFE completion scoring batches/candidates (total/per_query/candidates_per_batch): 3778950/15.6216, 1944340073/8037.59/514.519
  ASFE reusable exact certificates total/per_query: 0/0
  ASFE streamed runs/ordered scoring batches/candidates (total/per_query/candidates_per_batch): 0/0, 0/0, 0/0/0
  OOO ROB parents retired beyond an unresolved rank hole (total/per_query): 0/0
  ASFE reusable prefix ranks/full/issued certificates (total/per_query): 0/0, 0/0, 0/0
  ASFE certificate rejects total/per_query: 0/0
  ASFE speculative wasted bytes/ratio: 0/0
  ASFE speculative arrived/promoted/stale/queue_rejects: 0/0/0/0
  ASFE promotion/waste ratio: 0/0
  ASFE issue/commit epochs: 3537147/3537147
  ASFE average issue/commit width: 13.3785/13.3785
  ASFE issue capacity/utilization: 16/0.836153
  ASFE max issue/commit width: 16/16
  ASFE critical ROB hits/speculative wait ns/us_per_query: 0/0/0
  ASFE critical misses/ROB hit ratio: 47321552/0
  ASFE RDMA completion groups/avg us (critical/speculative): 10021833/66.5612 (0/0)
  GPU occupancy threads/registers/static_shared: 0/0/0
  GPU occupancy active/effective blocks per SM: 0/0
  GPU persistent query/owner/total blocks: 0/0/0
  centroid route publications/shard_updates/live/snapshot_skips: 1085/4577/20/79
  centroid route probe_reads/body_reads/unchanged_polls/poll_us: 6585/4959/153/16715
  centroid route query snapshot retries/timeouts: 0/0
  GPU query/prepare/graph/score/beam/exact us: 15839.9/49.9618/2633.98/9692.28/903.281/1223.6
  exact snapshot train batches/fallbacks/success ratio: 468250/468250/0
  GPU graph commit/issue width: 16/16
  GPU graph read/dynamic extent: fixed/0
  GPU Beam merge policy: legacy
  Stage2 score-many/graph-issue/home-combining: 1/16/1
  GPU Beam merge total/prepare/sort/materialize us: 898.922/0/0/0
  dynamic PQ candidates/reads/bytes/incarnation_rejects: 700908/700908/28036320/0
  dynamic PQ reads/query and wait_us/query: 2.89744/198.519
  dynamic PQ arena hits/batch_dedup/authoritative_avoidance: 0/0/0
  dynamic PQ arena publish success/race/capacity: 0/0/0
storage_owner_runtime
  submitted/completed batches: 250895/250895
  submitted/completed items: 1398652/1398652
  average batch / average RPC wall us / max RPC wall us: 5.57465/93.2275/15980.3
insert breakdown
  count: 48040
  latency_ms: mean=646.36 p50=42.7287 p95=3644.76 p99=6469.52 p999=10562.7
  fine_grained_breakdown: disabled
query breakdown
  count: 241906
  latency_ms: mean=127.042 p50=91.8841 p95=354.38 p99=539.091 p999=825.96
  fine_grained_breakdown: disabled
json: /home/xjs/experiment/dvstor/motivation/ablation/results/ablation_20260823_161520/baseline/04_gpu_persistent_gpunetio_baseline/sift100m_04_gpu_persistent_gpunetio_baseline_20260823_161542.json
text: /home/xjs/experiment/dvstor/motivation/ablation/results/ablation_20260823_161520/baseline/04_gpu_persistent_gpunetio_baseline/sift100m_04_gpu_persistent_gpunetio_baseline_20260823_161542.txt
