============================================================
                        SERVER
============================================================
num clients:                  1
TCP port:                     1236
IB device:                    <auto>
IB port:                      1
max outstanding CQEs:         64
max send work requests:       4096
max receive work requests:    4096
============================================================
index prefix:                     "/data/xjs/index/dvstor_sift100m/index/sift100m_R96_bw128_metis_pmd32_pq32_schema16"
storage shard:                    "/data/xjs/index/dvstor_sift100m/index/sift100m_R96_bw128_metis_pmd32_pq32_schema16_node3_of5.dat"
storage id:                       2
base vectors:                     100000000
vector ID namespace [0,N):        4294967295
registered memory GiB:            24
====================================================================
1 device(s) found
Selected device: ibp86s0
Selected port state: 4, lid: 8
interleaved policy
num_cores: 112
physical cores per socket: 28
hyperthreading enabled
local process CPU partition: rank 2/5 logical_cpus=22
pairing: 50199 -- 121193
[STATUS]: loaded index metadata from /data/xjs/index/dvstor_sift100m/index/sift100m_R96_bw128_metis_pmd32_pq32_schema16 (layout=plain, vector_data_type=uint8)
[STATUS]: storage-owner stage2 candidate width L=128 per shard
allocation size: 25769803776
allocated ALIGNED MEM (no hugepage) at 127151292547136 with buffer size 25769803776
[STATUS]: loading index (19261201856 Bytes) from /data/xjs/index/dvstor_sift100m/index/sift100m_R96_bw128_metis_pmd32_pq32_schema16_node3_of5.dat
[STATUS]: loaded GPU PQ codes (621329088 Bytes) at remote offset 19261205952
[STATUS]: storage-owner idmap loaded entries=20000000 format=owner_sharded_v2_bound immutable_base=true dynamic_shards=256 dynamic_reserved=65536
[STATUS]: compensated physical centroid restored on shard 2: vectors=19416534 entries=4
[STATUS]: register memory and distribute access token
[STATUS]: connect QPs of compute threads
[STATUS]: reserving 32 GPU/bootstrap QPs per compute node
pairing: 50202 -- 121198
pairing: 50209 -- 121203
pairing: 50214 -- 121208
pairing: 50219 -- 121213
pairing: 50224 -- 121218
pairing: 50229 -- 121223
pairing: 50234 -- 121228
pairing: 50239 -- 121233
pairing: 50244 -- 121238
pairing: 50249 -- 121243
pairing: 50254 -- 121248
pairing: 50259 -- 121253
pairing: 50264 -- 121258
pairing: 50269 -- 121263
pairing: 50274 -- 121268
pairing: 50279 -- 121273
pairing: 50284 -- 121278
pairing: 50289 -- 121283
pairing: 50294 -- 121288
pairing: 50299 -- 121293
pairing: 50304 -- 121298
pairing: 50309 -- 121303
pairing: 50314 -- 121308
pairing: 50319 -- 121313
pairing: 50324 -- 121318
pairing: 50329 -- 121323
pairing: 50334 -- 121328
pairing: 50339 -- 121333
pairing: 50344 -- 121338
pairing: 50349 -- 121343
pairing: 50354 -- 121348
pairing: 50359 -- 121353
[STATUS]: waiting for compute-node startup barrier
