============================================================
                        SERVER
============================================================
num clients:                  1
TCP port:                     1238
IB device:                    <auto>
IB port:                      1
max outstanding CQEs:         64
max send work requests:       4096
max receive work requests:    4096
============================================================
index prefix:                     "/data/xjs/index/dvstor_sift100m/index/sift100m_R96_bw128_metis_pmd32_pq32_schema16"
storage shard:                    "/data/xjs/index/dvstor_sift100m/index/sift100m_R96_bw128_metis_pmd32_pq32_schema16_node5_of5.dat"
storage id:                       4
base vectors:                     100000000
vector ID namespace [0,N):        4294967295
registered memory GiB:            24
====================================================================
1 device(s) found
Selected device: ibp86s0
Selected port state: 4, lid: 8
interleaved policy
num_cores: 112
physical cores per socket: 28
hyperthreading enabled
local process CPU partition: rank 4/5 logical_cpus=22
pairing: 50201 -- 121195
[STATUS]: loaded index metadata from /data/xjs/index/dvstor_sift100m/index/sift100m_R96_bw128_metis_pmd32_pq32_schema16 (layout=plain, vector_data_type=uint8)
[STATUS]: storage-owner stage2 candidate width L=128 per shard
allocation size: 25769803776
allocated ALIGNED MEM (no hugepage) at 125778868043840 with buffer size 25769803776
[STATUS]: loading index (19261201856 Bytes) from /data/xjs/index/dvstor_sift100m/index/sift100m_R96_bw128_metis_pmd32_pq32_schema16_node5_of5.dat
[STATUS]: loaded GPU PQ codes (621329088 Bytes) at remote offset 19261205952
[STATUS]: storage-owner idmap loaded entries=20000000 format=owner_sharded_v2_bound immutable_base=true dynamic_shards=256 dynamic_reserved=65536
[STATUS]: compensated physical centroid restored on shard 4: vectors=19416534 entries=4
[STATUS]: register memory and distribute access token
[STATUS]: connect QPs of compute threads
[STATUS]: reserving 32 GPU/bootstrap QPs per compute node
pairing: 50206 -- 121200
pairing: 50211 -- 121205
pairing: 50216 -- 121210
pairing: 50221 -- 121215
pairing: 50226 -- 121220
pairing: 50231 -- 121225
pairing: 50236 -- 121230
pairing: 50241 -- 121235
pairing: 50246 -- 121240
pairing: 50251 -- 121245
pairing: 50256 -- 121250
pairing: 50261 -- 121255
pairing: 50266 -- 121260
pairing: 50271 -- 121265
pairing: 50275 -- 121270
pairing: 50281 -- 121275
pairing: 50286 -- 121280
pairing: 50291 -- 121285
pairing: 50296 -- 121290
pairing: 50301 -- 121295
pairing: 50306 -- 121300
pairing: 50311 -- 121305
pairing: 50316 -- 121310
pairing: 50321 -- 121315
pairing: 50326 -- 121320
pairing: 50331 -- 121325
pairing: 50336 -- 121330
pairing: 50341 -- 121335
pairing: 50346 -- 121340
pairing: 50351 -- 121345
pairing: 50356 -- 121350
pairing: 50361 -- 121355
[STATUS]: waiting for compute-node startup barrier
