============================================================
                        SERVER
============================================================
num clients:                  1
TCP port:                     1237
IB device:                    <auto>
IB port:                      1
max outstanding CQEs:         64
max send work requests:       4096
max receive work requests:    4096
============================================================
index prefix:                     "/data/xjs/index/dvstor_sift100m/index/sift100m_R96_bw128_metis_pmd32_pq32_schema16"
storage shard:                    "/data/xjs/index/dvstor_sift100m/index/sift100m_R96_bw128_metis_pmd32_pq32_schema16_node4_of5.dat"
storage id:                       3
base vectors:                     100000000
vector ID namespace [0,N):        4294967295
registered memory GiB:            24
====================================================================
1 device(s) found
Selected device: ibp86s0
Selected port state: 4, lid: 8
interleaved policy
num_cores: 112
physical cores per socket: 28
hyperthreading enabled
local process CPU partition: rank 3/5 logical_cpus=22
pairing: 50200 -- 121194
[STATUS]: loaded index metadata from /data/xjs/index/dvstor_sift100m/index/sift100m_R96_bw128_metis_pmd32_pq32_schema16 (layout=plain, vector_data_type=uint8)
[STATUS]: storage-owner stage2 candidate width L=128 per shard
allocation size: 25769803776
allocated ALIGNED MEM (no hugepage) at 126255370338368 with buffer size 25769803776
[STATUS]: loading index (20436190144 Bytes) from /data/xjs/index/dvstor_sift100m/index/sift100m_R96_bw128_metis_pmd32_pq32_schema16_node4_of5.dat
[STATUS]: loaded GPU PQ codes (659231936 Bytes) at remote offset 20436194240
[STATUS]: storage-owner idmap loaded entries=20000000 format=owner_sharded_v2_bound immutable_base=true dynamic_shards=256 dynamic_reserved=65536
[STATUS]: compensated physical centroid restored on shard 3: vectors=20600998 entries=4
[STATUS]: register memory and distribute access token
[STATUS]: connect QPs of compute threads
[STATUS]: reserving 32 GPU/bootstrap QPs per compute node
pairing: 50204 -- 121199
pairing: 50210 -- 121204
pairing: 50215 -- 121209
pairing: 50220 -- 121214
pairing: 50225 -- 121219
pairing: 50230 -- 121224
pairing: 50235 -- 121229
pairing: 50240 -- 121234
pairing: 50245 -- 121239
pairing: 50250 -- 121244
pairing: 50255 -- 121249
pairing: 50260 -- 121254
pairing: 50265 -- 121259
pairing: 50270 -- 121264
pairing: 50276 -- 121269
pairing: 50280 -- 121274
pairing: 50285 -- 121279
pairing: 50290 -- 121284
pairing: 50295 -- 121289
pairing: 50300 -- 121294
pairing: 50305 -- 121299
pairing: 50310 -- 121304
pairing: 50315 -- 121309
pairing: 50320 -- 121314
pairing: 50325 -- 121319
pairing: 50330 -- 121324
pairing: 50335 -- 121329
pairing: 50340 -- 121334
pairing: 50345 -- 121339
pairing: 50350 -- 121344
pairing: 50355 -- 121349
pairing: 50360 -- 121354
[STATUS]: waiting for compute-node startup barrier
