============================================================
                        SERVER
============================================================
num clients:                  1
TCP port:                     1235
IB device:                    <auto>
IB port:                      1
max outstanding CQEs:         64
max send work requests:       4096
max receive work requests:    4096
============================================================
index prefix:                     "/data/xjs/index/dvstor_sift100m/index/sift100m_R96_bw128_metis_pmd32_pq32_schema16"
storage shard:                    "/data/xjs/index/dvstor_sift100m/index/sift100m_R96_bw128_metis_pmd32_pq32_schema16_node2_of5.dat"
storage id:                       1
base vectors:                     100000000
vector ID namespace [0,N):        4294967295
registered memory GiB:            24
====================================================================
1 device(s) found
Selected device: ibp86s0
Selected port state: 4, lid: 8
interleaved policy
num_cores: 112
physical cores per socket: 28
hyperthreading enabled
local process CPU partition: rank 1/5 logical_cpus=22
pairing: 50198 -- 121192
[STATUS]: loaded index metadata from /data/xjs/index/dvstor_sift100m/index/sift100m_R96_bw128_metis_pmd32_pq32_schema16 (layout=plain, vector_data_type=uint8)
[STATUS]: storage-owner stage2 candidate width L=128 per shard
allocation size: 25769803776
allocated ALIGNED MEM (no hugepage) at 125092145135680 with buffer size 25769803776
[STATUS]: loading index (20436190144 Bytes) from /data/xjs/index/dvstor_sift100m/index/sift100m_R96_bw128_metis_pmd32_pq32_schema16_node2_of5.dat
[STATUS]: loaded GPU PQ codes (659231936 Bytes) at remote offset 20436194240
[STATUS]: storage-owner idmap loaded entries=20000000 format=owner_sharded_v2_bound immutable_base=true dynamic_shards=256 dynamic_reserved=65536
[STATUS]: compensated physical centroid restored on shard 1: vectors=20600998 entries=4
[STATUS]: register memory and distribute access token
[STATUS]: connect QPs of compute threads
[STATUS]: reserving 32 GPU/bootstrap QPs per compute node
pairing: 50203 -- 121197
pairing: 50208 -- 121202
pairing: 50213 -- 121207
pairing: 50218 -- 121212
pairing: 50223 -- 121217
pairing: 50228 -- 121222
pairing: 50233 -- 121227
pairing: 50238 -- 121232
pairing: 50243 -- 121237
pairing: 50248 -- 121242
pairing: 50253 -- 121247
pairing: 50258 -- 121252
pairing: 50263 -- 121257
pairing: 50268 -- 121262
pairing: 50273 -- 121267
pairing: 50278 -- 121272
pairing: 50283 -- 121277
pairing: 50288 -- 121282
pairing: 50293 -- 121287
pairing: 50298 -- 121292
pairing: 50303 -- 121297
pairing: 50308 -- 121302
pairing: 50313 -- 121307
pairing: 50318 -- 121312
pairing: 50323 -- 121317
pairing: 50328 -- 121322
pairing: 50333 -- 121327
pairing: 50338 -- 121332
pairing: 50343 -- 121337
pairing: 50348 -- 121342
pairing: 50353 -- 121347
pairing: 50358 -- 121352
[STATUS]: waiting for compute-node startup barrier
