============================================================
                        SERVER
============================================================
num clients:                  1
TCP port:                     1236
QP handshake timeout (ms):    10000
IB device:                    <auto>
IB port:                      1
max outstanding CQEs:         64
max send work requests:       4096
max receive work requests:    4096
============================================================
index prefix:                     "/data/xjs/index/dvstor_spacev100m/index/spacev100m_R96_bw128_balanced_pmd32_pq20_schema16"
storage shard:                    "/data/xjs/index/dvstor_spacev100m/index/spacev100m_R96_bw128_balanced_pmd32_pq20_schema16_node3_of5.dat"
storage id:                       2
base vectors:                     100000000
vector ID namespace [0,N):        4294967295
registered memory GiB:            22
====================================================================
1 device(s) found
Selected device: ibp86s0
Selected port state: 4, lid: 8, active_mtu: 5
interleaved policy
num_cores: 112
physical cores per socket: 28
hyperthreading enabled
local process CPU partition: rank 2/5 logical_cpus=22
pairing: 77982 -- 8041
[STATUS]: loaded index metadata from /data/xjs/index/dvstor_spacev100m/index/spacev100m_R96_bw128_balanced_pmd32_pq20_schema16 (layout=plain, vector_data_type=int8)
[STATUS]: storage-owner stage2 candidate width L=128 per shard
allocation size: 23622320128
allocated ALIGNED MEM (no hugepage) at 130826964566080 with buffer size 23622320128
[STATUS]: loading index (19200000128 Bytes) from /data/xjs/index/dvstor_spacev100m/index/spacev100m_R96_bw128_balanced_pmd32_pq20_schema16_node3_of5.dat
[STATUS]: loaded GPU PQ codes (400000000 Bytes) at remote offset 19200004224
[STATUS]: storage-owner idmap loaded entries=20000000 format=owner_sharded_v2_bound immutable_base=true dynamic_shards=256 dynamic_reserved=65536
[STATUS]: compensated physical centroid restored on shard 2: vectors=20000000 entries=4
[STATUS]: register memory and distribute access token
[STATUS]: connect QPs of compute threads
[STATUS]: reserving 64 GPU/bootstrap QPs per compute node
pairing: 77986 -- 8046
pairing: 77992 -- 8051
pairing: 77997 -- 8056
pairing: 78002 -- 8061
pairing: 78007 -- 8066
pairing: 78012 -- 8071
pairing: 78016 -- 8076
pairing: 78022 -- 8081
pairing: 78027 -- 8086
pairing: 78032 -- 8091
pairing: 78037 -- 8096
pairing: 78042 -- 8101
pairing: 78047 -- 8106
pairing: 78052 -- 8111
pairing: 78057 -- 8116
pairing: 78062 -- 8121
pairing: 78067 -- 8126
pairing: 78072 -- 8131
pairing: 78077 -- 8136
pairing: 78082 -- 8141
pairing: 78087 -- 8146
pairing: 78092 -- 8151
pairing: 78097 -- 8156
pairing: 78102 -- 8161
pairing: 78107 -- 8166
pairing: 78112 -- 8171
pairing: 78117 -- 8176
pairing: 78122 -- 8181
pairing: 78127 -- 8186
pairing: 78132 -- 8191
pairing: 78137 -- 8196
pairing: 78142 -- 8201
pairing: 78147 -- 8268
pairing: 78212 -- 8269
pairing: 78213 -- 8270
pairing: 78214 -- 8271
pairing: 78215 -- 8272
pairing: 78216 -- 8273
pairing: 78217 -- 8274
pairing: 78218 -- 8275
pairing: 78219 -- 8276
pairing: 78220 -- 8277
pairing: 78221 -- 8278
pairing: 78222 -- 8279
pairing: 78223 -- 8280
pairing: 78224 -- 8281
pairing: 78225 -- 8282
pairing: 78226 -- 8283
pairing: 78227 -- 8284
pairing: 78228 -- 8285
pairing: 78229 -- 8286
pairing: 78230 -- 8287
pairing: 78231 -- 8288
pairing: 78232 -- 8289
pairing: 78233 -- 8290
pairing: 78234 -- 8291
pairing: 78235 -- 8292
pairing: 78236 -- 8293
pairing: 78237 -- 8294
pairing: 78238 -- 8295
pairing: 78239 -- 8296
pairing: 78240 -- 8297
pairing: 78241 -- 8298
pairing: 78242 -- 8299
[STATUS]: waiting for compute-node startup barrier
1 device(s) found
Selected device: ibp86s0
Selected port state: 4, lid: 8, active_mtu: 5
pairing: 78307 -- 78305
pairing: 78309 -- 78314
pairing: 78316 -- 78322
pairing: 78324 -- 78330
pairing: 78333 -- 78338
pairing: 78341 -- 78346
pairing: 78349 -- 78354
pairing: 78357 -- 78362
pairing: 78365 -- 78369
pairing: 78372 -- 78375
pairing: 78378 -- 78381
pairing: 78384 -- 78388
pairing: 78390 -- 78393
pairing: 78396 -- 78399
pairing: 78402 -- 78405
pairing: 78408 -- 78411
pairing: 78414 -- 78418
pairing: 78421 -- 78419
pairing: 78422 -- 78420
pairing: 78424 -- 78423
pairing: 78426 -- 78425
pairing: 78428 -- 78427
pairing: 78430 -- 78429
pairing: 78433 -- 78431
pairing: 78434 -- 78432
pairing: 78437 -- 78435
pairing: 78438 -- 78436
pairing: 78441 -- 78439
pairing: 78442 -- 78440
pairing: 78445 -- 78443
pairing: 78446 -- 78444
pairing: 78449 -- 78447
[STATUS]: storage-owner peer RDMA QPs per peer: 8
[STATUS]: storage-owner peer QP0 reserved for RPC; data RDMA uses QP1..7
allocated ALIGNED MEM (no hugepage) at 130825897115712 with buffer size 67108864
allocated ALIGNED MEM (no hugepage) at 130825857269824 with buffer size 39839040
[STATUS]: storage-owner peer RPC receive slots per peer: 64 (requested=64)
[STATUS]: storage-owner peer RPC concurrent sends per peer: 16
[STATUS]: storage-owner peer RPC send credits: Stage1/graph are split at depth >= 2; responses use a dedicated sync buffer
[STATUS]: storage-owner peer async response capacity: 32768
[STATUS]: storage-owner Stage2 home RPC combining: enabled logical_capacity=18432 aggregate_capacity=4608 byte_budget=33586224
allocated ALIGNED MEM (no hugepage) at 107804599698944 with buffer size 96256
allocated ALIGNED MEM (no hugepage) at 130826124193856 with buffer size 212992
allocated ALIGNED MEM (no hugepage) at 130826123776064 with buffer size 212992
[STATUS]: storage-owner peer reverse-update workers: 2
[STATUS]: storage-owner peer Stage1 workers: 3; Stage2-home workers: 1 (one reserved; shared lanes borrow authoritative work only)
[STATUS]: storage-owner physical control workers: cleanup=1 placement=1 (separate blocking domains)
[STATUS]: storage-owner peer progress threads: cq=1 response_dispatch=1
[STATUS]: storage-owner Stage1 artifact capacity: 67584 (64-way, per shard=1056) cleanup replay per shard=2048 active migration receipts=131072
[STATUS]: storage-owner peer reverse-update tuning: queue_depth=65536 coalesce_max=256
allocated ALIGNED MEM (no hugepage) at 130826115407936 with buffer size 855296
allocated ALIGNED MEM (no hugepage) at 130826112266304 with buffer size 855296
allocated ALIGNED MEM (no hugepage) at 130826111410240 with buffer size 855296
allocated ALIGNED MEM (no hugepage) at 130826108072000 with buffer size 855296
allocated ALIGNED MEM (no hugepage) at 130826107215936 with buffer size 855296
allocated ALIGNED MEM (no hugepage) at 130826103877696 with buffer size 855296
allocated ALIGNED MEM (no hugepage) at 130826103021632 with buffer size 855296
allocated ALIGNED MEM (no hugepage) at 130826099683392 with buffer size 855296
[STATUS]: storage-owner peer scratch: snapshot_slot=192 graph_slot=832 batch=256 lane_peak_rdma_wrs=56 lane_useful_wave_rdma_wrs=56 global_read_window=224 search_lanes_global=32 search_lanes_credit_derived=16 search_lane_lease_cap=32 search_lanes_physical_per_worker=4 ready_context_runtime_epoch=1 bytes_per_lane=213824 bytes_total=6842368
[STATUS]: storage-owner maintenance workers: 8 (configured=8, admission_baseline_workers=2, context_limit=32, semantic_execution_batch=8, work_conserving=true)
[STATUS]: storage-owner stage2 reverse outbox descriptors: 128 aggregates=128 wire_max_ops=3072 (shared per-peer work-conserving aggregation)
[STATUS]: storage-owner maintenance tuning: protocol=centroid-home-two-stage compaction_batch_target=32 packing_policy=deterministic_b8 packing_tail_wait_us=arrival_adaptive_capped_25000 packing_context_limit=8 backlog_limit=65536 admission_credit=bounded_accepted_backlog admission_window=65536 physical_completion_capacity=65536
[STATUS]: storage-owner peer RDMA read credits: per_data_qp=8 data_qps_per_peer=7 per_peer=56 global=224 shared_cq_read_budget=8095 ordered_snapshot_pairs_per_chain=4 (requested_per_data_qp=16)
[STATUS]: storage-owner online insert tuning: construction_beam=128 snapshot_batch=256 protocol=centroid-home-two-stage
[STATUS]: storage-owner stage1=physical-home local search and backlinks; stage2=generation-fenced home expand+score continuation
[STATUS]: storage-owner responses=foreground direct post; completion=repost by service poller
[STATUS]: storage-owner foreground pipeline: coordinators=12 cpu_lanes=3 (assigned_cpus=22, rpc_parallelism=16)
[STATUS]: storage-owner CPU plan: foreground_cpu=3 foreground_coordinators=12 maintenance=8 peer_stage1=4 (split into isolated Stage1/Stage2-home domains) peer_reverse=2 peer_cleanup=1 peer_placement=1 peer_progress=2 foreground_progress=1
[STATUS]: storage-owner insert runtime enabled on shard 2
