============================================================
                        SERVER
============================================================
num clients:                  1
TCP port:                     1234
QP handshake timeout (ms):    10000
IB device:                    <auto>
IB port:                      1
max outstanding CQEs:         64
max send work requests:       4096
max receive work requests:    4096
============================================================
index prefix:                     "/data/xjs/index/dvstor_spacev100m/index/spacev100m_R96_bw128_balanced_pmd32_pq20_schema16"
storage shard:                    "/data/xjs/index/dvstor_spacev100m/index/spacev100m_R96_bw128_balanced_pmd32_pq20_schema16_node1_of5.dat"
storage id:                       0
base vectors:                     100000000
vector ID namespace [0,N):        4294967295
registered memory GiB:            22
====================================================================
1 device(s) found
Selected device: ibp86s0
Selected port state: 4, lid: 8, active_mtu: 5
interleaved policy
num_cores: 112
physical cores per socket: 28
hyperthreading enabled
local process CPU partition: rank 0/5 logical_cpus=24
pairing: 77980 -- 8039
[STATUS]: loaded index metadata from /data/xjs/index/dvstor_spacev100m/index/spacev100m_R96_bw128_balanced_pmd32_pq20_schema16 (layout=plain, vector_data_type=int8)
[STATUS]: storage-owner stage2 candidate width L=128 per shard
allocation size: 23622320128
allocated ALIGNED MEM (no hugepage) at 131858538954816 with buffer size 23622320128
[STATUS]: loading index (19200000128 Bytes) from /data/xjs/index/dvstor_spacev100m/index/spacev100m_R96_bw128_balanced_pmd32_pq20_schema16_node1_of5.dat
[STATUS]: loaded GPU PQ codes (400000000 Bytes) at remote offset 19200004224
[STATUS]: storage-owner idmap loaded entries=20000000 format=owner_sharded_v2_bound immutable_base=true dynamic_shards=256 dynamic_reserved=65536
[STATUS]: compensated physical centroid restored on shard 0: vectors=20000000 entries=4
[STATUS]: register memory and distribute access token
[STATUS]: connect QPs of compute threads
[STATUS]: reserving 64 GPU/bootstrap QPs per compute node
pairing: 77987 -- 8044
pairing: 77990 -- 8049
pairing: 77995 -- 8054
pairing: 78000 -- 8059
pairing: 78005 -- 8064
pairing: 78010 -- 8069
pairing: 78015 -- 8074
pairing: 78020 -- 8079
pairing: 78025 -- 8084
pairing: 78030 -- 8089
pairing: 78035 -- 8094
pairing: 78040 -- 8099
pairing: 78045 -- 8104
pairing: 78050 -- 8109
pairing: 78055 -- 8114
pairing: 78060 -- 8119
pairing: 78065 -- 8124
pairing: 78070 -- 8129
pairing: 78075 -- 8134
pairing: 78080 -- 8139
pairing: 78085 -- 8144
pairing: 78090 -- 8149
pairing: 78095 -- 8154
pairing: 78100 -- 8159
pairing: 78105 -- 8164
pairing: 78110 -- 8169
pairing: 78115 -- 8174
pairing: 78120 -- 8179
pairing: 78125 -- 8184
pairing: 78130 -- 8189
pairing: 78135 -- 8194
pairing: 78140 -- 8199
pairing: 78145 -- 8204
pairing: 78150 -- 8205
pairing: 78151 -- 8206
pairing: 78152 -- 8207
pairing: 78153 -- 8208
pairing: 78154 -- 8209
pairing: 78155 -- 8210
pairing: 78156 -- 8211
pairing: 78157 -- 8212
pairing: 78158 -- 8213
pairing: 78159 -- 8214
pairing: 78160 -- 8215
pairing: 78161 -- 8216
pairing: 78162 -- 8217
pairing: 78163 -- 8218
pairing: 78164 -- 8219
pairing: 78165 -- 8220
pairing: 78166 -- 8221
pairing: 78167 -- 8222
pairing: 78168 -- 8223
pairing: 78169 -- 8224
pairing: 78170 -- 8225
pairing: 78171 -- 8226
pairing: 78172 -- 8227
pairing: 78173 -- 8228
pairing: 78174 -- 8229
pairing: 78175 -- 8230
pairing: 78176 -- 8231
pairing: 78177 -- 8232
pairing: 78178 -- 8233
pairing: 78179 -- 8234
pairing: 78180 -- 8235
[STATUS]: waiting for compute-node startup barrier
1 device(s) found
Selected device: ibp86s0
Selected port state: 4, lid: 8, active_mtu: 5
pairing: 78305 -- 78307
pairing: 78310 -- 78306
pairing: 78313 -- 78308
pairing: 78314 -- 78309
pairing: 78317 -- 78311
pairing: 78319 -- 78312
pairing: 78320 -- 78315
pairing: 78322 -- 78316
pairing: 78325 -- 78318
pairing: 78326 -- 78321
pairing: 78328 -- 78323
pairing: 78330 -- 78324
pairing: 78332 -- 78327
pairing: 78334 -- 78329
pairing: 78336 -- 78331
pairing: 78338 -- 78333
pairing: 78340 -- 78335
pairing: 78342 -- 78337
pairing: 78344 -- 78339
pairing: 78346 -- 78341
pairing: 78348 -- 78343
pairing: 78350 -- 78345
pairing: 78352 -- 78347
pairing: 78354 -- 78349
pairing: 78356 -- 78351
pairing: 78358 -- 78353
pairing: 78360 -- 78355
pairing: 78362 -- 78357
pairing: 78364 -- 78359
pairing: 78366 -- 78361
pairing: 78368 -- 78363
pairing: 78370 -- 78367
[STATUS]: storage-owner peer RDMA QPs per peer: 8
[STATUS]: storage-owner peer QP0 reserved for RPC; data RDMA uses QP1..7
allocated ALIGNED MEM (no hugepage) at 131857471504448 with buffer size 67108864
allocated ALIGNED MEM (no hugepage) at 131857431658560 with buffer size 39839040
[STATUS]: storage-owner peer RPC receive slots per peer: 64 (requested=64)
[STATUS]: storage-owner peer RPC concurrent sends per peer: 16
[STATUS]: storage-owner peer RPC send credits: Stage1/graph are split at depth >= 2; responses use a dedicated sync buffer
[STATUS]: storage-owner peer async response capacity: 32768
[STATUS]: storage-owner Stage2 home RPC combining: enabled logical_capacity=18432 aggregate_capacity=4608 byte_budget=33586224
allocated ALIGNED MEM (no hugepage) at 105768692688384 with buffer size 96256
allocated ALIGNED MEM (no hugepage) at 131857706487872 with buffer size 212992
allocated ALIGNED MEM (no hugepage) at 131857698783296 with buffer size 212992
[STATUS]: storage-owner peer reverse-update workers: 2
[STATUS]: storage-owner peer Stage1 workers: 4; Stage2-home workers: 1 (one reserved; shared lanes borrow authoritative work only)
[STATUS]: storage-owner physical control workers: cleanup=2 placement=1 (separate blocking domains)
[STATUS]: storage-owner peer progress threads: cq=1 response_dispatch=1
[STATUS]: storage-owner Stage1 artifact capacity: 67712 (64-way, per shard=1058) cleanup replay per shard=2048 active migration receipts=131072
[STATUS]: storage-owner peer reverse-update tuning: queue_depth=65536 coalesce_max=256
allocated ALIGNED MEM (no hugepage) at 131857690849344 with buffer size 855296
allocated ALIGNED MEM (no hugepage) at 131857689792576 with buffer size 855296
allocated ALIGNED MEM (no hugepage) at 131857686454336 with buffer size 855296
allocated ALIGNED MEM (no hugepage) at 131857682460736 with buffer size 855296
allocated ALIGNED MEM (no hugepage) at 131857681604672 with buffer size 855296
allocated ALIGNED MEM (no hugepage) at 131857678266432 with buffer size 855296
allocated ALIGNED MEM (no hugepage) at 131857677410368 with buffer size 855296
allocated ALIGNED MEM (no hugepage) at 131857674072128 with buffer size 855296
[STATUS]: storage-owner peer scratch: snapshot_slot=192 graph_slot=832 batch=256 lane_peak_rdma_wrs=56 lane_useful_wave_rdma_wrs=56 global_read_window=224 search_lanes_global=32 search_lanes_credit_derived=16 search_lane_lease_cap=32 search_lanes_physical_per_worker=4 ready_context_runtime_epoch=1 bytes_per_lane=213824 bytes_total=6842368
[STATUS]: storage-owner maintenance workers: 8 (configured=8, admission_baseline_workers=2, context_limit=32, semantic_execution_batch=8, work_conserving=true)
[STATUS]: storage-owner stage2 reverse outbox descriptors: 128 aggregates=128 wire_max_ops=3072 (shared per-peer work-conserving aggregation)
[STATUS]: storage-owner maintenance tuning: protocol=centroid-home-two-stage compaction_batch_target=32 packing_policy=deterministic_b8 packing_tail_wait_us=arrival_adaptive_capped_25000 packing_context_limit=8 backlog_limit=65536 admission_credit=bounded_accepted_backlog admission_window=65536 physical_completion_capacity=65536
[STATUS]: storage-owner peer RDMA read credits: per_data_qp=8 data_qps_per_peer=7 per_peer=56 global=224 shared_cq_read_budget=8095 ordered_snapshot_pairs_per_chain=4 (requested_per_data_qp=16)
[STATUS]: storage-owner online insert tuning: construction_beam=128 snapshot_batch=256 protocol=centroid-home-two-stage
[STATUS]: storage-owner stage1=physical-home local search and backlinks; stage2=generation-fenced home expand+score continuation
[STATUS]: storage-owner responses=foreground direct post; completion=repost by service poller
[STATUS]: storage-owner foreground pipeline: coordinators=12 cpu_lanes=3 (assigned_cpus=24, rpc_parallelism=16)
[STATUS]: storage-owner CPU plan: foreground_cpu=3 foreground_coordinators=12 maintenance=8 peer_stage1=5 (split into isolated Stage1/Stage2-home domains) peer_reverse=2 peer_cleanup=2 peer_placement=1 peer_progress=2 foreground_progress=1
[STATUS]: storage-owner insert runtime enabled on shard 0
