============================================================
                        CLIENT
============================================================
connect to:                   [192.168.6.202:1234, 192.168.6.202:1235, 192.168.6.202:1236, 192.168.6.202:1237, 192.168.6.202:1238, ]
is initiator:                 true
TCP port:                     2234
QP handshake timeout (ms):    10000
IB device:                    <auto>
IB port:                      1
max outstanding CQEs:         64
max send work requests:       4096
max receive work requests:    4096
============================================================
index prefix:                     "/data/xjs/index/dvstor_spacev100m/index/spacev100m_R96_bw128_metis_pmd32_pq20_schema16"
threads:                          64
dimension:                        100
max vectors:                      100000000
vector ID namespace [0,N):        4294967295
K / R:                            10 / 96
vector data type:                 int8
--------------------------------------------------------------------
query engine:                     persistent_gpu_opq_pq
remote transport:                 GPU-initiated GPUNetIO
GPU device:                       1
GPU concurrent query slots:       256
GPU memory limit/reserve GiB:     40/4
GPU traversal/rerank width:       128/128
GPU max expansions:               384
GPU device stack bytes/thread:    4096
GPU graph commit/issue width:     16/32
dynamic graph access mode:        adaptive
GPU graph read policy:            live-extent
GPU dynamic graph extent:         true
GPU-RDMA progression mode:        decoupled
GPU Beam merge policy:            stable-run
query RDMA trace mode/rate:       off/1000
query RDMA trace output:          ""
GPU RDMA QPs per storage node:    32
GPU direct CQ timeout ms:         250
GPU persistent blocks/SM cap:     4
compute updates enabled:          true
storage update completion mode:   decoupled
storage update protocol:          centroid-home two-stage
storage RPC depth/batch:          16/32
storage batch max wait us:        10000
storage Stage2 batch max wait us: 25000
storage Stage2 initial delay ms:  15000
Stage2 exact score-many:          true
Stage2 home RPC combining:        true
Stage2 graph issue width:         16
storage peer QPs per peer:        8
storage stage2 maintenance:       8 workers, backlog 65536
====================================================================
1 device(s) found
Selected device: mlx5_0
Selected port state: 4, lid: 1, active_mtu: 5
interleaved policy
num_cores: 112
physical cores per socket: 28
hyperthreading enabled
local process CPU partition: rank 0/1 logical_cpus=112
[STATUS]: loaded schema-16 GPU index metadata from /data/xjs/index/dvstor_spacev100m/index/spacev100m_R96_bw128_metis_pmd32_pq20_schema16 (OPQ/PQ20, vector_data_type=int8)
client id: 0
number of clients: 1
connect to server 192.168.6.202:1234
pairing: 22339 -- 99320
connect to server 192.168.6.202:1235
pairing: 22340 -- 99321
connect to server 192.168.6.202:1236
pairing: 22341 -- 99322
connect to server 192.168.6.202:1237
pairing: 22342 -- 99323
connect to server 192.168.6.202:1238
pairing: 22343 -- 99324
[STATUS]: receive access tokens of remote memory regions
[STATUS]: storage-owner authority: deterministic ID shard; physical placement: storage directory + centroid home
[STATUS]: search: GPU-persistent OPQ/PQ20 beam + final RDMA exact rerank
[gpu-search] ASFE device stack bytes/thread=4096 requested=4096
[gpu-search] synthesized navigation manifest in memory from metadata
[gpu-search] persistent PQ kernel specialization=PQ20 model_subquantizers=20
[gpu-search] graph-read-policy=live-extent extent_quantum=8 extent_source="/data/xjs/index/dvstor_spacev100m/index/spacev100m_R96_bw128_metis_pmd32_pq20_schema16.gextent8" extent_classes=100000000 extent_payload_bytes=100000000
[gpu-search] query routing=versioned centroid routes centroid_shards=5 live_entries_per_shard=4 start_shards=1
[gpu-search] device=NVIDIA A800 80GB PCIe cc=8.0 sm_count=108 global_memory=85119205376 gpudirect_rdma=1
[gpu-search] navigation budget codes=2000000000 dynamic_code_scratch=14680064 dynamic_code_arena=616458384 dynamic_code_arena_slots=25685766 dynamic_request_scratch=10485760 navigation_candidates=6291456 direct_queue_scratch=1866240 graph_scratch=16777216 graph_request_metadata=32768 speculative_graph_request_metadata=270336 graph_extent_classes=100000000 query_rdma_trace=0 centroid_route=528 shard_centroids=2000 explicit=3116937160 limit=38654705664 bytes
[STATUS]: exporting GPUNetIO QP resource=0 lane=0 server=0 qpn=22344 gpu_pci=0000:5C:00.0 ibdev=mlx5_0 handler=GPU_SM_DB
[STATUS]: exporting GPUNetIO QP resource=0 lane=0 server=1 qpn=22345 gpu_pci=0000:5C:00.0 ibdev=mlx5_0 handler=GPU_SM_DB
[STATUS]: exporting GPUNetIO QP resource=0 lane=0 server=2 qpn=22346 gpu_pci=0000:5C:00.0 ibdev=mlx5_0 handler=GPU_SM_DB
[STATUS]: exporting GPUNetIO QP resource=0 lane=0 server=3 qpn=22347 gpu_pci=0000:5C:00.0 ibdev=mlx5_0 handler=GPU_SM_DB
[STATUS]: exporting GPUNetIO QP resource=0 lane=0 server=4 qpn=22348 gpu_pci=0000:5C:00.0 ibdev=mlx5_0 handler=GPU_SM_DB
[STATUS]: exporting GPUNetIO QP resource=0 lane=1 server=0 qpn=22349 gpu_pci=0000:5C:00.0 ibdev=mlx5_0 handler=GPU_SM_DB
[STATUS]: exporting GPUNetIO QP resource=0 lane=1 server=1 qpn=22350 gpu_pci=0000:5C:00.0 ibdev=mlx5_0 handler=GPU_SM_DB
[STATUS]: exporting GPUNetIO QP resource=0 lane=1 server=2 qpn=22351 gpu_pci=0000:5C:00.0 ibdev=mlx5_0 handler=GPU_SM_DB
[STATUS]: exporting GPUNetIO QP resource=0 lane=1 server=3 qpn=22352 gpu_pci=0000:5C:00.0 ibdev=mlx5_0 handler=GPU_SM_DB
[STATUS]: exporting GPUNetIO QP resource=0 lane=1 server=4 qpn=22353 gpu_pci=0000:5C:00.0 ibdev=mlx5_0 handler=GPU_SM_DB
[STATUS]: exporting GPUNetIO QP resource=0 lane=2 server=0 qpn=22354 gpu_pci=0000:5C:00.0 ibdev=mlx5_0 handler=GPU_SM_DB
[STATUS]: exporting GPUNetIO QP resource=0 lane=2 server=1 qpn=22355 gpu_pci=0000:5C:00.0 ibdev=mlx5_0 handler=GPU_SM_DB
[STATUS]: exporting GPUNetIO QP resource=0 lane=2 server=2 qpn=22356 gpu_pci=0000:5C:00.0 ibdev=mlx5_0 handler=GPU_SM_DB
[STATUS]: exporting GPUNetIO QP resource=0 lane=2 server=3 qpn=22357 gpu_pci=0000:5C:00.0 ibdev=mlx5_0 handler=GPU_SM_DB
[STATUS]: exporting GPUNetIO QP resource=0 lane=2 server=4 qpn=22358 gpu_pci=0000:5C:00.0 ibdev=mlx5_0 handler=GPU_SM_DB
[STATUS]: exporting GPUNetIO QP resource=0 lane=3 server=0 qpn=22359 gpu_pci=0000:5C:00.0 ibdev=mlx5_0 handler=GPU_SM_DB
[STATUS]: exporting GPUNetIO QP resource=0 lane=3 server=1 qpn=22360 gpu_pci=0000:5C:00.0 ibdev=mlx5_0 handler=GPU_SM_DB
[STATUS]: exporting GPUNetIO QP resource=0 lane=3 server=2 qpn=22361 gpu_pci=0000:5C:00.0 ibdev=mlx5_0 handler=GPU_SM_DB
[STATUS]: exporting GPUNetIO QP resource=0 lane=3 server=3 qpn=22362 gpu_pci=0000:5C:00.0 ibdev=mlx5_0 handler=GPU_SM_DB
[STATUS]: exporting GPUNetIO QP resource=0 lane=3 server=4 qpn=22363 gpu_pci=0000:5C:00.0 ibdev=mlx5_0 handler=GPU_SM_DB
[STATUS]: exporting GPUNetIO QP resource=0 lane=4 server=0 qpn=22364 gpu_pci=0000:5C:00.0 ibdev=mlx5_0 handler=GPU_SM_DB
[STATUS]: exporting GPUNetIO QP resource=0 lane=4 server=1 qpn=22365 gpu_pci=0000:5C:00.0 ibdev=mlx5_0 handler=GPU_SM_DB
[STATUS]: exporting GPUNetIO QP resource=0 lane=4 server=2 qpn=22366 gpu_pci=0000:5C:00.0 ibdev=mlx5_0 handler=GPU_SM_DB
[STATUS]: exporting GPUNetIO QP resource=0 lane=4 server=3 qpn=22367 gpu_pci=0000:5C:00.0 ibdev=mlx5_0 handler=GPU_SM_DB
[STATUS]: exporting GPUNetIO QP resource=0 lane=4 server=4 qpn=22368 gpu_pci=0000:5C:00.0 ibdev=mlx5_0 handler=GPU_SM_DB
[STATUS]: exporting GPUNetIO QP resource=0 lane=5 server=0 qpn=22369 gpu_pci=0000:5C:00.0 ibdev=mlx5_0 handler=GPU_SM_DB
[STATUS]: exporting GPUNetIO QP resource=0 lane=5 server=1 qpn=22370 gpu_pci=0000:5C:00.0 ibdev=mlx5_0 handler=GPU_SM_DB
[STATUS]: exporting GPUNetIO QP resource=0 lane=5 server=2 qpn=22371 gpu_pci=0000:5C:00.0 ibdev=mlx5_0 handler=GPU_SM_DB
[STATUS]: exporting GPUNetIO QP resource=0 lane=5 server=3 qpn=22372 gpu_pci=0000:5C:00.0 ibdev=mlx5_0 handler=GPU_SM_DB
[STATUS]: exporting GPUNetIO QP resource=0 lane=5 server=4 qpn=22373 gpu_pci=0000:5C:00.0 ibdev=mlx5_0 handler=GPU_SM_DB
[STATUS]: exporting GPUNetIO QP resource=0 lane=6 server=0 qpn=22374 gpu_pci=0000:5C:00.0 ibdev=mlx5_0 handler=GPU_SM_DB
[STATUS]: exporting GPUNetIO QP resource=0 lane=6 server=1 qpn=22375 gpu_pci=0000:5C:00.0 ibdev=mlx5_0 handler=GPU_SM_DB
[STATUS]: exporting GPUNetIO QP resource=0 lane=6 server=2 qpn=22376 gpu_pci=0000:5C:00.0 ibdev=mlx5_0 handler=GPU_SM_DB
[STATUS]: exporting GPUNetIO QP resource=0 lane=6 server=3 qpn=22377 gpu_pci=0000:5C:00.0 ibdev=mlx5_0 handler=GPU_SM_DB
[STATUS]: exporting GPUNetIO QP resource=0 lane=6 server=4 qpn=22378 gpu_pci=0000:5C:00.0 ibdev=mlx5_0 handler=GPU_SM_DB
[STATUS]: exporting GPUNetIO QP resource=0 lane=7 server=0 qpn=22379 gpu_pci=0000:5C:00.0 ibdev=mlx5_0 handler=GPU_SM_DB
[STATUS]: exporting GPUNetIO QP resource=0 lane=7 server=1 qpn=22380 gpu_pci=0000:5C:00.0 ibdev=mlx5_0 handler=GPU_SM_DB
[STATUS]: exporting GPUNetIO QP resource=0 lane=7 server=2 qpn=22381 gpu_pci=0000:5C:00.0 ibdev=mlx5_0 handler=GPU_SM_DB
[STATUS]: exporting GPUNetIO QP resource=0 lane=7 server=3 qpn=22382 gpu_pci=0000:5C:00.0 ibdev=mlx5_0 handler=GPU_SM_DB
[STATUS]: exporting GPUNetIO QP resource=0 lane=7 server=4 qpn=22383 gpu_pci=0000:5C:00.0 ibdev=mlx5_0 handler=GPU_SM_DB
[STATUS]: exporting GPUNetIO QP resource=0 lane=8 server=0 qpn=22384 gpu_pci=0000:5C:00.0 ibdev=mlx5_0 handler=GPU_SM_DB
[STATUS]: exporting GPUNetIO QP resource=0 lane=8 server=1 qpn=22385 gpu_pci=0000:5C:00.0 ibdev=mlx5_0 handler=GPU_SM_DB
[STATUS]: exporting GPUNetIO QP resource=0 lane=8 server=2 qpn=22386 gpu_pci=0000:5C:00.0 ibdev=mlx5_0 handler=GPU_SM_DB
[STATUS]: exporting GPUNetIO QP resource=0 lane=8 server=3 qpn=22387 gpu_pci=0000:5C:00.0 ibdev=mlx5_0 handler=GPU_SM_DB
[STATUS]: exporting GPUNetIO QP resource=0 lane=8 server=4 qpn=22388 gpu_pci=0000:5C:00.0 ibdev=mlx5_0 handler=GPU_SM_DB
[STATUS]: exporting GPUNetIO QP resource=0 lane=9 server=0 qpn=22389 gpu_pci=0000:5C:00.0 ibdev=mlx5_0 handler=GPU_SM_DB
[STATUS]: exporting GPUNetIO QP resource=0 lane=9 server=1 qpn=22390 gpu_pci=0000:5C:00.0 ibdev=mlx5_0 handler=GPU_SM_DB
[STATUS]: exporting GPUNetIO QP resource=0 lane=9 server=2 qpn=22391 gpu_pci=0000:5C:00.0 ibdev=mlx5_0 handler=GPU_SM_DB
[STATUS]: exporting GPUNetIO QP resource=0 lane=9 server=3 qpn=22392 gpu_pci=0000:5C:00.0 ibdev=mlx5_0 handler=GPU_SM_DB
[STATUS]: exporting GPUNetIO QP resource=0 lane=9 server=4 qpn=22393 gpu_pci=0000:5C:00.0 ibdev=mlx5_0 handler=GPU_SM_DB
[STATUS]: exporting GPUNetIO QP resource=0 lane=10 server=0 qpn=22394 gpu_pci=0000:5C:00.0 ibdev=mlx5_0 handler=GPU_SM_DB
[STATUS]: exporting GPUNetIO QP resource=0 lane=10 server=1 qpn=22395 gpu_pci=0000:5C:00.0 ibdev=mlx5_0 handler=GPU_SM_DB
[STATUS]: exporting GPUNetIO QP resource=0 lane=10 server=2 qpn=22396 gpu_pci=0000:5C:00.0 ibdev=mlx5_0 handler=GPU_SM_DB
[STATUS]: exporting GPUNetIO QP resource=0 lane=10 server=3 qpn=22397 gpu_pci=0000:5C:00.0 ibdev=mlx5_0 handler=GPU_SM_DB
[STATUS]: exporting GPUNetIO QP resource=0 lane=10 server=4 qpn=22398 gpu_pci=0000:5C:00.0 ibdev=mlx5_0 handler=GPU_SM_DB
[STATUS]: exporting GPUNetIO QP resource=0 lane=11 server=0 qpn=22399 gpu_pci=0000:5C:00.0 ibdev=mlx5_0 handler=GPU_SM_DB
[STATUS]: exporting GPUNetIO QP resource=0 lane=11 server=1 qpn=22400 gpu_pci=0000:5C:00.0 ibdev=mlx5_0 handler=GPU_SM_DB
[STATUS]: exporting GPUNetIO QP resource=0 lane=11 server=2 qpn=22401 gpu_pci=0000:5C:00.0 ibdev=mlx5_0 handler=GPU_SM_DB
[STATUS]: exporting GPUNetIO QP resource=0 lane=11 server=3 qpn=22402 gpu_pci=0000:5C:00.0 ibdev=mlx5_0 handler=GPU_SM_DB
[STATUS]: exporting GPUNetIO QP resource=0 lane=11 server=4 qpn=22403 gpu_pci=0000:5C:00.0 ibdev=mlx5_0 handler=GPU_SM_DB
[STATUS]: exporting GPUNetIO QP resource=0 lane=12 server=0 qpn=22404 gpu_pci=0000:5C:00.0 ibdev=mlx5_0 handler=GPU_SM_DB
[STATUS]: exporting GPUNetIO QP resource=0 lane=12 server=1 qpn=22405 gpu_pci=0000:5C:00.0 ibdev=mlx5_0 handler=GPU_SM_DB
[STATUS]: exporting GPUNetIO QP resource=0 lane=12 server=2 qpn=22406 gpu_pci=0000:5C:00.0 ibdev=mlx5_0 handler=GPU_SM_DB
[STATUS]: exporting GPUNetIO QP resource=0 lane=12 server=3 qpn=22407 gpu_pci=0000:5C:00.0 ibdev=mlx5_0 handler=GPU_SM_DB
[STATUS]: exporting GPUNetIO QP resource=0 lane=12 server=4 qpn=22408 gpu_pci=0000:5C:00.0 ibdev=mlx5_0 handler=GPU_SM_DB
[STATUS]: exporting GPUNetIO QP resource=0 lane=13 server=0 qpn=22409 gpu_pci=0000:5C:00.0 ibdev=mlx5_0 handler=GPU_SM_DB
[STATUS]: exporting GPUNetIO QP resource=0 lane=13 server=1 qpn=22410 gpu_pci=0000:5C:00.0 ibdev=mlx5_0 handler=GPU_SM_DB
[STATUS]: exporting GPUNetIO QP resource=0 lane=13 server=2 qpn=22411 gpu_pci=0000:5C:00.0 ibdev=mlx5_0 handler=GPU_SM_DB
[STATUS]: exporting GPUNetIO QP resource=0 lane=13 server=3 qpn=22412 gpu_pci=0000:5C:00.0 ibdev=mlx5_0 handler=GPU_SM_DB
[STATUS]: exporting GPUNetIO QP resource=0 lane=13 server=4 qpn=22413 gpu_pci=0000:5C:00.0 ibdev=mlx5_0 handler=GPU_SM_DB
[STATUS]: exporting GPUNetIO QP resource=0 lane=14 server=0 qpn=22414 gpu_pci=0000:5C:00.0 ibdev=mlx5_0 handler=GPU_SM_DB
[STATUS]: exporting GPUNetIO QP resource=0 lane=14 server=1 qpn=22415 gpu_pci=0000:5C:00.0 ibdev=mlx5_0 handler=GPU_SM_DB
[STATUS]: exporting GPUNetIO QP resource=0 lane=14 server=2 qpn=22416 gpu_pci=0000:5C:00.0 ibdev=mlx5_0 handler=GPU_SM_DB
[STATUS]: exporting GPUNetIO QP resource=0 lane=14 server=3 qpn=22417 gpu_pci=0000:5C:00.0 ibdev=mlx5_0 handler=GPU_SM_DB
[STATUS]: exporting GPUNetIO QP resource=0 lane=14 server=4 qpn=22418 gpu_pci=0000:5C:00.0 ibdev=mlx5_0 handler=GPU_SM_DB
[STATUS]: exporting GPUNetIO QP resource=0 lane=15 server=0 qpn=22419 gpu_pci=0000:5C:00.0 ibdev=mlx5_0 handler=GPU_SM_DB
[STATUS]: exporting GPUNetIO QP resource=0 lane=15 server=1 qpn=22420 gpu_pci=0000:5C:00.0 ibdev=mlx5_0 handler=GPU_SM_DB
[STATUS]: exporting GPUNetIO QP resource=0 lane=15 server=2 qpn=22421 gpu_pci=0000:5C:00.0 ibdev=mlx5_0 handler=GPU_SM_DB
[STATUS]: exporting GPUNetIO QP resource=0 lane=15 server=3 qpn=22422 gpu_pci=0000:5C:00.0 ibdev=mlx5_0 handler=GPU_SM_DB
[STATUS]: exporting GPUNetIO QP resource=0 lane=15 server=4 qpn=22423 gpu_pci=0000:5C:00.0 ibdev=mlx5_0 handler=GPU_SM_DB
[STATUS]: exporting GPUNetIO QP resource=0 lane=16 server=0 qpn=22424 gpu_pci=0000:5C:00.0 ibdev=mlx5_0 handler=GPU_SM_DB
[STATUS]: exporting GPUNetIO QP resource=0 lane=16 server=1 qpn=22425 gpu_pci=0000:5C:00.0 ibdev=mlx5_0 handler=GPU_SM_DB
[STATUS]: exporting GPUNetIO QP resource=0 lane=16 server=2 qpn=22426 gpu_pci=0000:5C:00.0 ibdev=mlx5_0 handler=GPU_SM_DB
[STATUS]: exporting GPUNetIO QP resource=0 lane=16 server=3 qpn=22427 gpu_pci=0000:5C:00.0 ibdev=mlx5_0 handler=GPU_SM_DB
[STATUS]: exporting GPUNetIO QP resource=0 lane=16 server=4 qpn=22428 gpu_pci=0000:5C:00.0 ibdev=mlx5_0 handler=GPU_SM_DB
[STATUS]: exporting GPUNetIO QP resource=0 lane=17 server=0 qpn=22429 gpu_pci=0000:5C:00.0 ibdev=mlx5_0 handler=GPU_SM_DB
[STATUS]: exporting GPUNetIO QP resource=0 lane=17 server=1 qpn=22430 gpu_pci=0000:5C:00.0 ibdev=mlx5_0 handler=GPU_SM_DB
[STATUS]: exporting GPUNetIO QP resource=0 lane=17 server=2 qpn=22431 gpu_pci=0000:5C:00.0 ibdev=mlx5_0 handler=GPU_SM_DB
[STATUS]: exporting GPUNetIO QP resource=0 lane=17 server=3 qpn=22432 gpu_pci=0000:5C:00.0 ibdev=mlx5_0 handler=GPU_SM_DB
[STATUS]: exporting GPUNetIO QP resource=0 lane=17 server=4 qpn=22433 gpu_pci=0000:5C:00.0 ibdev=mlx5_0 handler=GPU_SM_DB
[STATUS]: exporting GPUNetIO QP resource=0 lane=18 server=0 qpn=22434 gpu_pci=0000:5C:00.0 ibdev=mlx5_0 handler=GPU_SM_DB
[STATUS]: exporting GPUNetIO QP resource=0 lane=18 server=1 qpn=22435 gpu_pci=0000:5C:00.0 ibdev=mlx5_0 handler=GPU_SM_DB
[STATUS]: exporting GPUNetIO QP resource=0 lane=18 server=2 qpn=22436 gpu_pci=0000:5C:00.0 ibdev=mlx5_0 handler=GPU_SM_DB
[STATUS]: exporting GPUNetIO QP resource=0 lane=18 server=3 qpn=22437 gpu_pci=0000:5C:00.0 ibdev=mlx5_0 handler=GPU_SM_DB
[STATUS]: exporting GPUNetIO QP resource=0 lane=18 server=4 qpn=22438 gpu_pci=0000:5C:00.0 ibdev=mlx5_0 handler=GPU_SM_DB
[STATUS]: exporting GPUNetIO QP resource=0 lane=19 server=0 qpn=22439 gpu_pci=0000:5C:00.0 ibdev=mlx5_0 handler=GPU_SM_DB
[STATUS]: exporting GPUNetIO QP resource=0 lane=19 server=1 qpn=22440 gpu_pci=0000:5C:00.0 ibdev=mlx5_0 handler=GPU_SM_DB
[STATUS]: exporting GPUNetIO QP resource=0 lane=19 server=2 qpn=22441 gpu_pci=0000:5C:00.0 ibdev=mlx5_0 handler=GPU_SM_DB
[STATUS]: exporting GPUNetIO QP resource=0 lane=19 server=3 qpn=22442 gpu_pci=0000:5C:00.0 ibdev=mlx5_0 handler=GPU_SM_DB
[STATUS]: exporting GPUNetIO QP resource=0 lane=19 server=4 qpn=22443 gpu_pci=0000:5C:00.0 ibdev=mlx5_0 handler=GPU_SM_DB
[STATUS]: exporting GPUNetIO QP resource=0 lane=20 server=0 qpn=22444 gpu_pci=0000:5C:00.0 ibdev=mlx5_0 handler=GPU_SM_DB
[STATUS]: exporting GPUNetIO QP resource=0 lane=20 server=1 qpn=22445 gpu_pci=0000:5C:00.0 ibdev=mlx5_0 handler=GPU_SM_DB
[STATUS]: exporting GPUNetIO QP resource=0 lane=20 server=2 qpn=22446 gpu_pci=0000:5C:00.0 ibdev=mlx5_0 handler=GPU_SM_DB
[STATUS]: exporting GPUNetIO QP resource=0 lane=20 server=3 qpn=22447 gpu_pci=0000:5C:00.0 ibdev=mlx5_0 handler=GPU_SM_DB
[STATUS]: exporting GPUNetIO QP resource=0 lane=20 server=4 qpn=22448 gpu_pci=0000:5C:00.0 ibdev=mlx5_0 handler=GPU_SM_DB
[STATUS]: exporting GPUNetIO QP resource=0 lane=21 server=0 qpn=22449 gpu_pci=0000:5C:00.0 ibdev=mlx5_0 handler=GPU_SM_DB
[STATUS]: exporting GPUNetIO QP resource=0 lane=21 server=1 qpn=22450 gpu_pci=0000:5C:00.0 ibdev=mlx5_0 handler=GPU_SM_DB
[STATUS]: exporting GPUNetIO QP resource=0 lane=21 server=2 qpn=22451 gpu_pci=0000:5C:00.0 ibdev=mlx5_0 handler=GPU_SM_DB
[STATUS]: exporting GPUNetIO QP resource=0 lane=21 server=3 qpn=22452 gpu_pci=0000:5C:00.0 ibdev=mlx5_0 handler=GPU_SM_DB
[STATUS]: exporting GPUNetIO QP resource=0 lane=21 server=4 qpn=22453 gpu_pci=0000:5C:00.0 ibdev=mlx5_0 handler=GPU_SM_DB
[STATUS]: exporting GPUNetIO QP resource=0 lane=22 server=0 qpn=22454 gpu_pci=0000:5C:00.0 ibdev=mlx5_0 handler=GPU_SM_DB
[STATUS]: exporting GPUNetIO QP resource=0 lane=22 server=1 qpn=22455 gpu_pci=0000:5C:00.0 ibdev=mlx5_0 handler=GPU_SM_DB
[STATUS]: exporting GPUNetIO QP resource=0 lane=22 server=2 qpn=22456 gpu_pci=0000:5C:00.0 ibdev=mlx5_0 handler=GPU_SM_DB
[STATUS]: exporting GPUNetIO QP resource=0 lane=22 server=3 qpn=22457 gpu_pci=0000:5C:00.0 ibdev=mlx5_0 handler=GPU_SM_DB
[STATUS]: exporting GPUNetIO QP resource=0 lane=22 server=4 qpn=22458 gpu_pci=0000:5C:00.0 ibdev=mlx5_0 handler=GPU_SM_DB
[STATUS]: exporting GPUNetIO QP resource=0 lane=23 server=0 qpn=22459 gpu_pci=0000:5C:00.0 ibdev=mlx5_0 handler=GPU_SM_DB
[STATUS]: exporting GPUNetIO QP resource=0 lane=23 server=1 qpn=22460 gpu_pci=0000:5C:00.0 ibdev=mlx5_0 handler=GPU_SM_DB
[STATUS]: exporting GPUNetIO QP resource=0 lane=23 server=2 qpn=22461 gpu_pci=0000:5C:00.0 ibdev=mlx5_0 handler=GPU_SM_DB
[STATUS]: exporting GPUNetIO QP resource=0 lane=23 server=3 qpn=22462 gpu_pci=0000:5C:00.0 ibdev=mlx5_0 handler=GPU_SM_DB
[STATUS]: exporting GPUNetIO QP resource=0 lane=23 server=4 qpn=22463 gpu_pci=0000:5C:00.0 ibdev=mlx5_0 handler=GPU_SM_DB
[STATUS]: exporting GPUNetIO QP resource=0 lane=24 server=0 qpn=22464 gpu_pci=0000:5C:00.0 ibdev=mlx5_0 handler=GPU_SM_DB
[STATUS]: exporting GPUNetIO QP resource=0 lane=24 server=1 qpn=22465 gpu_pci=0000:5C:00.0 ibdev=mlx5_0 handler=GPU_SM_DB
[STATUS]: exporting GPUNetIO QP resource=0 lane=24 server=2 qpn=22466 gpu_pci=0000:5C:00.0 ibdev=mlx5_0 handler=GPU_SM_DB
[STATUS]: exporting GPUNetIO QP resource=0 lane=24 server=3 qpn=22467 gpu_pci=0000:5C:00.0 ibdev=mlx5_0 handler=GPU_SM_DB
[STATUS]: exporting GPUNetIO QP resource=0 lane=24 server=4 qpn=22468 gpu_pci=0000:5C:00.0 ibdev=mlx5_0 handler=GPU_SM_DB
[STATUS]: exporting GPUNetIO QP resource=0 lane=25 server=0 qpn=22469 gpu_pci=0000:5C:00.0 ibdev=mlx5_0 handler=GPU_SM_DB
[STATUS]: exporting GPUNetIO QP resource=0 lane=25 server=1 qpn=22470 gpu_pci=0000:5C:00.0 ibdev=mlx5_0 handler=GPU_SM_DB
[STATUS]: exporting GPUNetIO QP resource=0 lane=25 server=2 qpn=22471 gpu_pci=0000:5C:00.0 ibdev=mlx5_0 handler=GPU_SM_DB
[STATUS]: exporting GPUNetIO QP resource=0 lane=25 server=3 qpn=22472 gpu_pci=0000:5C:00.0 ibdev=mlx5_0 handler=GPU_SM_DB
[STATUS]: exporting GPUNetIO QP resource=0 lane=25 server=4 qpn=22473 gpu_pci=0000:5C:00.0 ibdev=mlx5_0 handler=GPU_SM_DB
[STATUS]: exporting GPUNetIO QP resource=0 lane=26 server=0 qpn=22474 gpu_pci=0000:5C:00.0 ibdev=mlx5_0 handler=GPU_SM_DB
[STATUS]: exporting GPUNetIO QP resource=0 lane=26 server=1 qpn=22475 gpu_pci=0000:5C:00.0 ibdev=mlx5_0 handler=GPU_SM_DB
[STATUS]: exporting GPUNetIO QP resource=0 lane=26 server=2 qpn=22476 gpu_pci=0000:5C:00.0 ibdev=mlx5_0 handler=GPU_SM_DB
[STATUS]: exporting GPUNetIO QP resource=0 lane=26 server=3 qpn=22477 gpu_pci=0000:5C:00.0 ibdev=mlx5_0 handler=GPU_SM_DB
[STATUS]: exporting GPUNetIO QP resource=0 lane=26 server=4 qpn=22478 gpu_pci=0000:5C:00.0 ibdev=mlx5_0 handler=GPU_SM_DB
[STATUS]: exporting GPUNetIO QP resource=0 lane=27 server=0 qpn=22479 gpu_pci=0000:5C:00.0 ibdev=mlx5_0 handler=GPU_SM_DB
[STATUS]: exporting GPUNetIO QP resource=0 lane=27 server=1 qpn=22480 gpu_pci=0000:5C:00.0 ibdev=mlx5_0 handler=GPU_SM_DB
[STATUS]: exporting GPUNetIO QP resource=0 lane=27 server=2 qpn=22481 gpu_pci=0000:5C:00.0 ibdev=mlx5_0 handler=GPU_SM_DB
[STATUS]: exporting GPUNetIO QP resource=0 lane=27 server=3 qpn=22482 gpu_pci=0000:5C:00.0 ibdev=mlx5_0 handler=GPU_SM_DB
[STATUS]: exporting GPUNetIO QP resource=0 lane=27 server=4 qpn=22483 gpu_pci=0000:5C:00.0 ibdev=mlx5_0 handler=GPU_SM_DB
[STATUS]: exporting GPUNetIO QP resource=0 lane=28 server=0 qpn=22484 gpu_pci=0000:5C:00.0 ibdev=mlx5_0 handler=GPU_SM_DB
[STATUS]: exporting GPUNetIO QP resource=0 lane=28 server=1 qpn=22485 gpu_pci=0000:5C:00.0 ibdev=mlx5_0 handler=GPU_SM_DB
[STATUS]: exporting GPUNetIO QP resource=0 lane=28 server=2 qpn=22486 gpu_pci=0000:5C:00.0 ibdev=mlx5_0 handler=GPU_SM_DB
[STATUS]: exporting GPUNetIO QP resource=0 lane=28 server=3 qpn=22487 gpu_pci=0000:5C:00.0 ibdev=mlx5_0 handler=GPU_SM_DB
[STATUS]: exporting GPUNetIO QP resource=0 lane=28 server=4 qpn=22488 gpu_pci=0000:5C:00.0 ibdev=mlx5_0 handler=GPU_SM_DB
[STATUS]: exporting GPUNetIO QP resource=0 lane=29 server=0 qpn=22489 gpu_pci=0000:5C:00.0 ibdev=mlx5_0 handler=GPU_SM_DB
[STATUS]: exporting GPUNetIO QP resource=0 lane=29 server=1 qpn=22490 gpu_pci=0000:5C:00.0 ibdev=mlx5_0 handler=GPU_SM_DB
[STATUS]: exporting GPUNetIO QP resource=0 lane=29 server=2 qpn=22491 gpu_pci=0000:5C:00.0 ibdev=mlx5_0 handler=GPU_SM_DB
[STATUS]: exporting GPUNetIO QP resource=0 lane=29 server=3 qpn=22492 gpu_pci=0000:5C:00.0 ibdev=mlx5_0 handler=GPU_SM_DB
[STATUS]: exporting GPUNetIO QP resource=0 lane=29 server=4 qpn=22493 gpu_pci=0000:5C:00.0 ibdev=mlx5_0 handler=GPU_SM_DB
[STATUS]: exporting GPUNetIO QP resource=0 lane=30 server=0 qpn=22494 gpu_pci=0000:5C:00.0 ibdev=mlx5_0 handler=GPU_SM_DB
[STATUS]: exporting GPUNetIO QP resource=0 lane=30 server=1 qpn=22495 gpu_pci=0000:5C:00.0 ibdev=mlx5_0 handler=GPU_SM_DB
[STATUS]: exporting GPUNetIO QP resource=0 lane=30 server=2 qpn=22496 gpu_pci=0000:5C:00.0 ibdev=mlx5_0 handler=GPU_SM_DB
[STATUS]: exporting GPUNetIO QP resource=0 lane=30 server=3 qpn=22497 gpu_pci=0000:5C:00.0 ibdev=mlx5_0 handler=GPU_SM_DB
[STATUS]: exporting GPUNetIO QP resource=0 lane=30 server=4 qpn=22498 gpu_pci=0000:5C:00.0 ibdev=mlx5_0 handler=GPU_SM_DB
[STATUS]: exporting GPUNetIO QP resource=0 lane=31 server=0 qpn=22499 gpu_pci=0000:5C:00.0 ibdev=mlx5_0 handler=GPU_SM_DB
[STATUS]: exporting GPUNetIO QP resource=0 lane=31 server=1 qpn=22500 gpu_pci=0000:5C:00.0 ibdev=mlx5_0 handler=GPU_SM_DB
[STATUS]: exporting GPUNetIO QP resource=0 lane=31 server=2 qpn=22501 gpu_pci=0000:5C:00.0 ibdev=mlx5_0 handler=GPU_SM_DB
[STATUS]: exporting GPUNetIO QP resource=0 lane=31 server=3 qpn=22502 gpu_pci=0000:5C:00.0 ibdev=mlx5_0 handler=GPU_SM_DB
[STATUS]: exporting GPUNetIO QP resource=0 lane=31 server=4 qpn=22503 gpu_pci=0000:5C:00.0 ibdev=mlx5_0 handler=GPU_SM_DB
[STATUS]: GPUNetIO GPU MR registration=peer_memory bytes=2040528896
[STATUS]: GPUNetIO startup RDMA read probe passed for 160 QPs
[STATUS]: GPUNetIO RDMA Read implementation=manual_wqe_locked
1 device(s) found
Selected device: mlx5_0
Selected port state: 4, lid: 1, active_mtu: 5
pairing: 22504 -- 99485
pairing: 22505 -- 99490
pairing: 22506 -- 99491
pairing: 22507 -- 99492
pairing: 22508 -- 99493
pairing: 22509 -- 99494
pairing: 22510 -- 99495
pairing: 22511 -- 99496
pairing: 22512 -- 99497
pairing: 22513 -- 99498
pairing: 22514 -- 99499
pairing: 22515 -- 99500
pairing: 22516 -- 99501
pairing: 22517 -- 99502
pairing: 22518 -- 99503
pairing: 22519 -- 99504
pairing: 22520 -- 99505
pairing: 22521 -- 99506
pairing: 22522 -- 99507
pairing: 22523 -- 99508
pairing: 22524 -- 99509
pairing: 22525 -- 99510
pairing: 22526 -- 99511
pairing: 22527 -- 99512
pairing: 22528 -- 99513
pairing: 22529 -- 99514
pairing: 22530 -- 99515
pairing: 22531 -- 99516
pairing: 22532 -- 99517
pairing: 22533 -- 99518
pairing: 22534 -- 99519
pairing: 22535 -- 99520
pairing: 22536 -- 99486
pairing: 22537 -- 99521
pairing: 22538 -- 99522
pairing: 22539 -- 99523
pairing: 22540 -- 99524
pairing: 22541 -- 99525
pairing: 22542 -- 99526
pairing: 22543 -- 99527
pairing: 22544 -- 99528
pairing: 22545 -- 99529
pairing: 22546 -- 99530
pairing: 22547 -- 99531
pairing: 22548 -- 99532
pairing: 22549 -- 99533
pairing: 22550 -- 99534
pairing: 22551 -- 99535
pairing: 22552 -- 99536
pairing: 22553 -- 99537
pairing: 22554 -- 99538
pairing: 22555 -- 99539
pairing: 22556 -- 99540
pairing: 22557 -- 99541
pairing: 22558 -- 99542
pairing: 22559 -- 99543
pairing: 22560 -- 99544
pairing: 22561 -- 99545
pairing: 22562 -- 99546
pairing: 22563 -- 99547
pairing: 22564 -- 99548
pairing: 22565 -- 99549
pairing: 22566 -- 99550
pairing: 22567 -- 99551
pairing: 22568 -- 99487
pairing: 22569 -- 99552
pairing: 22570 -- 99553
pairing: 22571 -- 99554
pairing: 22572 -- 99555
pairing: 22573 -- 99556
pairing: 22574 -- 99557
pairing: 22575 -- 99558
pairing: 22576 -- 99559
pairing: 22577 -- 99560
pairing: 22578 -- 99561
pairing: 22579 -- 99562
pairing: 22580 -- 99563
pairing: 22581 -- 99564
pairing: 22582 -- 99565
pairing: 22583 -- 99566
pairing: 22584 -- 99567
pairing: 22585 -- 99568
pairing: 22586 -- 99569
pairing: 22587 -- 99570
pairing: 22588 -- 99571
pairing: 22589 -- 99572
pairing: 22590 -- 99573
pairing: 22591 -- 99574
pairing: 22592 -- 99575
pairing: 22593 -- 99576
pairing: 22594 -- 99577
pairing: 22595 -- 99578
pairing: 22596 -- 99579
pairing: 22597 -- 99580
pairing: 22598 -- 99581
pairing: 22599 -- 99582
pairing: 22600 -- 99488
pairing: 22601 -- 99583
pairing: 22602 -- 99584
pairing: 22603 -- 99585
pairing: 22604 -- 99586
pairing: 22605 -- 99587
pairing: 22606 -- 99588
pairing: 22607 -- 99589
pairing: 22608 -- 99590
pairing: 22609 -- 99591
pairing: 22610 -- 99592
pairing: 22611 -- 99593
pairing: 22612 -- 99594
pairing: 22613 -- 99595
pairing: 22614 -- 99596
pairing: 22615 -- 99597
pairing: 22616 -- 99598
pairing: 22617 -- 99599
pairing: 22618 -- 99600
pairing: 22619 -- 99601
pairing: 22620 -- 99602
pairing: 22621 -- 99603
pairing: 22622 -- 99604
pairing: 22623 -- 99605
pairing: 22624 -- 99606
pairing: 22625 -- 99607
pairing: 22626 -- 99608
pairing: 22627 -- 99609
pairing: 22628 -- 99610
pairing: 22629 -- 99611
pairing: 22630 -- 99612
pairing: 22631 -- 99613
pairing: 22632 -- 99489
pairing: 22633 -- 99614
pairing: 22634 -- 99615
pairing: 22635 -- 99616
pairing: 22636 -- 99617
pairing: 22637 -- 99618
pairing: 22638 -- 99619
pairing: 22639 -- 99620
pairing: 22640 -- 99621
pairing: 22641 -- 99622
pairing: 22642 -- 99623
pairing: 22643 -- 99624
pairing: 22644 -- 99625
pairing: 22645 -- 99626
pairing: 22646 -- 99627
pairing: 22647 -- 99628
pairing: 22648 -- 99629
pairing: 22649 -- 99630
pairing: 22650 -- 99631
pairing: 22651 -- 99632
pairing: 22652 -- 99633
pairing: 22653 -- 99634
pairing: 22654 -- 99635
pairing: 22655 -- 99636
pairing: 22656 -- 99637
pairing: 22657 -- 99638
pairing: 22658 -- 99639
pairing: 22659 -- 99640
pairing: 22660 -- 99641
pairing: 22661 -- 99642
pairing: 22662 -- 99643
pairing: 22663 -- 99644
[gpu-search] bootstrap=CPU-posted GPUDirect RDMA; queries=strict GPU-initiated GPUNetIO
[gpu-search] streamed 2000000000 PQ bytes directly into final GPU storage; ordinal audit passed for 15 entries
[gpu-search] persistent occupancy candidate threads=128 hardware_blocks_per_sm=3 configured_cap=4 effective_blocks_per_sm=3 grid_capacity=324 owner_blocks=40 query_blocks=256 resident_query_warps=1024 selected=true
[gpu-search] persistent occupancy candidate threads=256 hardware_blocks_per_sm=1 configured_cap=4 effective_blocks_per_sm=1 grid_capacity=108 owner_blocks=20 query_blocks=86 resident_query_warps=688 selected=false
[gpu-search] persistent kernel resources registers/thread=166 static_shared_bytes=49144 local_bytes/thread=1064 max_threads/block=128
[gpu-search] unified persistent CTAs=40-owner+256-query+1-dispatch+1-control QP-owner-warps=160 threads/CTA=128 query_slots=256 resident_capacity=324 launched=298
[STATUS]: query engine: persistent GPU + GPUNetIO slots=256
[STATUS]: storage-owner update cores: progress=28 response=0
[STATUS]: storage-owner acknowledgement=query-visible stage1 graph publication; submission=bounded authority rings; batching=authority-wide; progress=single work-conserving executor
[sift101m-long-insert] loading insert vectors: "/data/xjs/datasets/spacev1b/spacev100m/spacev110m_to_120m_insert.i8bin"
[sift101m-long-insert] insert rows=10000000 dim=100 dtype=int8 vector_bytes=100
[sift101m-long-insert] inserting ID range [101000000, 101001000)
[breakdown][insert-100m-to-101m] done 1000/1000 ops, avg_rate=1096.25 ops/s
[breakdown][stage1-only] done 1000/1000 ops, avg_rate=382.357 ops/s
[sift101m-long-insert][self-hit] stage1-only hit@10=0.796 queries=1000
[breakdown][settle-after-insert] progress elapsed=5s/30s, completed=4 ops, rate=0.8 ops/s, interval_rate=0.8 ops/s
[breakdown][settle-after-insert] progress elapsed=10s/30s, completed=9 ops, rate=0.9 ops/s, interval_rate=1 ops/s
[breakdown][settle-after-insert] progress elapsed=15s/30s, completed=14 ops, rate=0.933333 ops/s, interval_rate=1 ops/s
[breakdown][settle-after-insert] progress elapsed=20s/30s, completed=19 ops, rate=0.95 ops/s, interval_rate=1 ops/s
[breakdown][settle-after-insert] progress elapsed=25s/30s, completed=24 ops, rate=0.96 ops/s, interval_rate=1 ops/s
[breakdown][settle-after-insert] progress elapsed=30s/30s, completed=29 ops, rate=0.966667 ops/s, interval_rate=1 ops/s
[breakdown][settle-after-insert] done measurement_elapsed=30s/30s, measurement_completed=29 ops, measurement_avg_rate=0.966667 ops/s, drain_elapsed=0.00198958s, drain_completed=1 ops
[breakdown][stage2-finalized] done 1000/1000 ops, avg_rate=405.003 ops/s
[sift101m-long-insert][self-hit] stage2-finalized hit@10=0.996 queries=1000
sift101m long insert recall
  inserted: 1000/1000 in 0.912268s (1096.169270 inserts/s)
  stage1-only self-hit@10: 0.796000
  finalized self-hit@10: 0.996000
  Stage1/final result overlap@10: 0.969700
