============================================================
                        SERVER
============================================================
num clients:                  1
TCP port:                     1237
QP handshake timeout (ms):    10000
IB device:                    <auto>
IB port:                      1
max outstanding CQEs:         64
max send work requests:       4096
max receive work requests:    4096
============================================================
index prefix:                     "/data/xjs/index/dvstor_spacev100m/index/spacev100m_R96_bw128_metis_pmd32_pq20_schema16"
storage shard:                    "/data/xjs/index/dvstor_spacev100m/index/spacev100m_R96_bw128_metis_pmd32_pq20_schema16_node4_of5.dat"
storage id:                       3
base vectors:                     100000000
vector ID namespace [0,N):        4294967295
registered memory GiB:            23
====================================================================
1 device(s) found
Selected device: ibp86s0
Selected port state: 4, lid: 8, active_mtu: 5
interleaved policy
num_cores: 112
physical cores per socket: 28
hyperthreading enabled
local process CPU partition: rank 3/5 logical_cpus=22
pairing: 82833 -- 11292
[STATUS]: loaded index metadata from /data/xjs/index/dvstor_spacev100m/index/spacev100m_R96_bw128_metis_pmd32_pq20_schema16 (layout=plain, vector_data_type=int8)
[STATUS]: storage-owner stage2 candidate width L=128 per shard
allocation size: 24696061952
allocated ALIGNED MEM (no hugepage) at 127886474346560 with buffer size 24696061952
[STATUS]: loading index (19573328768 Bytes) from /data/xjs/index/dvstor_spacev100m/index/spacev100m_R96_bw128_metis_pmd32_pq20_schema16_node4_of5.dat
[STATUS]: loaded GPU PQ codes (407777680 Bytes) at remote offset 19573332864
[STATUS]: storage-owner idmap loaded entries=20000000 format=owner_sharded_v2_bound immutable_base=true dynamic_shards=256 dynamic_reserved=65536
[STATUS]: compensated physical centroid restored on shard 3: vectors=20388884 entries=4
[STATUS]: register memory and distribute access token
[STATUS]: connect QPs of compute threads
[STATUS]: reserving 64 GPU/bootstrap QPs per compute node
pairing: 82838 -- 11297
pairing: 82843 -- 11302
pairing: 82848 -- 11307
pairing: 82853 -- 11312
pairing: 82858 -- 11317
pairing: 82863 -- 11322
pairing: 82868 -- 11327
pairing: 82873 -- 11332
pairing: 82878 -- 11337
pairing: 82883 -- 11342
pairing: 82888 -- 11347
pairing: 82893 -- 11352
pairing: 82898 -- 11357
pairing: 82903 -- 11362
pairing: 82908 -- 11367
pairing: 82913 -- 11372
pairing: 82918 -- 11377
pairing: 82923 -- 11382
pairing: 82928 -- 11387
pairing: 82933 -- 11392
pairing: 82938 -- 11397
pairing: 82943 -- 11402
pairing: 82948 -- 11407
pairing: 82953 -- 11412
pairing: 82958 -- 11417
pairing: 82963 -- 11422
pairing: 82968 -- 11427
pairing: 82973 -- 11432
pairing: 82978 -- 11437
pairing: 82983 -- 11442
pairing: 82988 -- 11447
pairing: 82993 -- 11452
pairing: 82998 -- 11550
pairing: 83093 -- 11551
pairing: 83094 -- 11552
pairing: 83095 -- 11553
pairing: 83096 -- 11554
pairing: 83097 -- 11555
pairing: 83098 -- 11556
pairing: 83099 -- 11557
pairing: 83100 -- 11558
pairing: 83101 -- 11559
pairing: 83102 -- 11560
pairing: 83103 -- 11561
pairing: 83104 -- 11562
pairing: 83105 -- 11563
pairing: 83106 -- 11564
pairing: 83107 -- 11565
pairing: 83108 -- 11566
pairing: 83109 -- 11567
pairing: 83110 -- 11568
pairing: 83111 -- 11569
pairing: 83112 -- 11570
pairing: 83113 -- 11571
pairing: 83114 -- 11572
pairing: 83115 -- 11573
pairing: 83116 -- 11574
pairing: 83117 -- 11575
pairing: 83118 -- 11576
pairing: 83119 -- 11577
pairing: 83120 -- 11578
pairing: 83121 -- 11579
pairing: 83122 -- 11580
pairing: 83123 -- 11581
[STATUS]: waiting for compute-node startup barrier
1 device(s) found
Selected device: ibp86s0
Selected port state: 4, lid: 8, active_mtu: 5
pairing: 83158 -- 83163
pairing: 83164 -- 83171
pairing: 83172 -- 83179
pairing: 83180 -- 83186
pairing: 83188 -- 83194
pairing: 83197 -- 83203
pairing: 83205 -- 83210
pairing: 83212 -- 83219
pairing: 83221 -- 83222
pairing: 83226 -- 83229
pairing: 83232 -- 83235
pairing: 83238 -- 83241
pairing: 83243 -- 83247
pairing: 83249 -- 83253
pairing: 83256 -- 83259
pairing: 83262 -- 83265
pairing: 83268 -- 83264
pairing: 83269 -- 83271
pairing: 83272 -- 83274
pairing: 83276 -- 83279
pairing: 83280 -- 83282
pairing: 83284 -- 83286
pairing: 83288 -- 83291
pairing: 83292 -- 83294
pairing: 83296 -- 83300
pairing: 83301 -- 83302
pairing: 83303 -- 83304
pairing: 83305 -- 83306
pairing: 83307 -- 83308
pairing: 83309 -- 83310
pairing: 83311 -- 83312
pairing: 83313 -- 83314
[STATUS]: storage-owner peer RDMA QPs per peer: 8
[STATUS]: storage-owner peer QP0 reserved for RPC; data RDMA uses QP1..7
allocated ALIGNED MEM (no hugepage) at 127885406896192 with buffer size 67108864
allocated ALIGNED MEM (no hugepage) at 127885367050304 with buffer size 39839040
[STATUS]: storage-owner peer RPC receive slots per peer: 64 (requested=64)
[STATUS]: storage-owner peer RPC concurrent sends per peer: 16
[STATUS]: storage-owner peer RPC send credits: Stage1/graph are split at depth >= 2; responses use a dedicated sync buffer
[STATUS]: storage-owner peer async response capacity: 32768
[STATUS]: storage-owner Stage2 home RPC combining: enabled logical_capacity=18432 aggregate_capacity=4608 byte_budget=33586224
allocated ALIGNED MEM (no hugepage) at 93921163956736 with buffer size 96256
allocated ALIGNED MEM (no hugepage) at 127885638209600 with buffer size 212992
allocated ALIGNED MEM (no hugepage) at 127885637791808 with buffer size 212992
[STATUS]: storage-owner peer reverse-update workers: 2
[STATUS]: storage-owner peer Stage1 workers: 3; Stage2-home workers: 1 (one reserved; shared lanes borrow authoritative work only)
[STATUS]: storage-owner physical control workers: cleanup=1 placement=1 (separate blocking domains)
[STATUS]: storage-owner peer progress threads: cq=1 response_dispatch=1
[STATUS]: storage-owner Stage1 artifact capacity: 67584 (64-way, per shard=1056) cleanup replay per shard=2048 active migration receipts=131072
[STATUS]: storage-owner peer reverse-update tuning: queue_depth=65536 coalesce_max=256
allocated ALIGNED MEM (no hugepage) at 127885626241088 with buffer size 855296
allocated ALIGNED MEM (no hugepage) at 127885625385024 with buffer size 855296
allocated ALIGNED MEM (no hugepage) at 127885622046784 with buffer size 855296
allocated ALIGNED MEM (no hugepage) at 127885621190720 with buffer size 855296
allocated ALIGNED MEM (no hugepage) at 127885617852480 with buffer size 855296
allocated ALIGNED MEM (no hugepage) at 127885616795712 with buffer size 855296
allocated ALIGNED MEM (no hugepage) at 127885613457472 with buffer size 855296
allocated ALIGNED MEM (no hugepage) at 127885609463872 with buffer size 855296
[STATUS]: storage-owner peer scratch: snapshot_slot=192 graph_slot=832 batch=256 lane_peak_rdma_wrs=56 lane_useful_wave_rdma_wrs=56 global_read_window=224 search_lanes_global=32 search_lanes_credit_derived=16 search_lane_lease_cap=32 search_lanes_physical_per_worker=4 ready_context_runtime_epoch=1 bytes_per_lane=213824 bytes_total=6842368
[STATUS]: storage-owner maintenance workers: 8 (configured=8, admission_baseline_workers=2, context_limit=32, semantic_execution_batch=8, work_conserving=true)
[STATUS]: storage-owner stage2 reverse outbox descriptors: 128 aggregates=128 wire_max_ops=3072 (shared per-peer work-conserving aggregation)
[STATUS]: storage-owner maintenance tuning: protocol=centroid-home-two-stage compaction_batch_target=32 packing_policy=deterministic_b8 packing_tail_wait_us=arrival_adaptive_capped_25000 packing_context_limit=8 backlog_limit=65536 admission_credit=bounded_accepted_backlog admission_window=65536 physical_completion_capacity=65536
[STATUS]: storage-owner peer RDMA read credits: per_data_qp=8 data_qps_per_peer=7 per_peer=56 global=224 shared_cq_read_budget=8095 ordered_snapshot_pairs_per_chain=4 (requested_per_data_qp=16)
[STATUS]: storage-owner online insert tuning: construction_beam=128 snapshot_batch=256 protocol=centroid-home-two-stage
[STATUS]: storage-owner stage1=physical-home local search and backlinks; stage2=generation-fenced home expand+score continuation
[STATUS]: storage-owner responses=foreground direct post; completion=repost by service poller
[STATUS]: storage-owner foreground pipeline: coordinators=12 cpu_lanes=3 (assigned_cpus=22, rpc_parallelism=16)
[STATUS]: storage-owner CPU plan: foreground_cpu=3 foreground_coordinators=12 maintenance=8 peer_stage1=4 (split into isolated Stage1/Stage2-home domains) peer_reverse=2 peer_cleanup=1 peer_placement=1 peer_progress=2 foreground_progress=1
[STATUS]: storage-owner insert runtime enabled on shard 3
