============================================================
                        SERVER
============================================================
num clients:                  1
TCP port:                     1234
QP handshake timeout (ms):    10000
IB device:                    <auto>
IB port:                      1
max outstanding CQEs:         64
max send work requests:       4096
max receive work requests:    4096
============================================================
index prefix:                     "/data/xjs/index/dvstor_spacev100m/index/spacev100m_R96_bw128_metis_pmd32_pq20_schema16"
storage shard:                    "/data/xjs/index/dvstor_spacev100m/index/spacev100m_R96_bw128_metis_pmd32_pq20_schema16_node1_of5.dat"
storage id:                       0
base vectors:                     100000000
vector ID namespace [0,N):        4294967295
registered memory GiB:            23
====================================================================
1 device(s) found
Selected device: ibp86s0
Selected port state: 4, lid: 8, active_mtu: 5
interleaved policy
num_cores: 112
physical cores per socket: 28
hyperthreading enabled
local process CPU partition: rank 0/5 logical_cpus=24
pairing: 82830 -- 11289
[STATUS]: loaded index metadata from /data/xjs/index/dvstor_spacev100m/index/spacev100m_R96_bw128_metis_pmd32_pq20_schema16 (layout=plain, vector_data_type=int8)
[STATUS]: storage-owner stage2 candidate width L=128 per shard
allocation size: 24696061952
allocated ALIGNED MEM (no hugepage) at 125724335800384 with buffer size 24696061952
[STATUS]: loading index (18640080128 Bytes) from /data/xjs/index/dvstor_spacev100m/index/spacev100m_R96_bw128_metis_pmd32_pq20_schema16_node1_of5.dat
[STATUS]: loaded GPU PQ codes (388335000 Bytes) at remote offset 18640084224
[STATUS]: storage-owner idmap loaded entries=20000000 format=owner_sharded_v2_bound immutable_base=true dynamic_shards=256 dynamic_reserved=65536
[STATUS]: compensated physical centroid restored on shard 0: vectors=19416750 entries=4
[STATUS]: register memory and distribute access token
[STATUS]: connect QPs of compute threads
[STATUS]: reserving 64 GPU/bootstrap QPs per compute node
pairing: 82836 -- 11294
pairing: 82840 -- 11299
pairing: 82845 -- 11304
pairing: 82850 -- 11309
pairing: 82855 -- 11314
pairing: 82860 -- 11319
pairing: 82865 -- 11324
pairing: 82870 -- 11329
pairing: 82875 -- 11334
pairing: 82880 -- 11339
pairing: 82885 -- 11344
pairing: 82890 -- 11349
pairing: 82895 -- 11354
pairing: 82900 -- 11359
pairing: 82905 -- 11364
pairing: 82910 -- 11369
pairing: 82915 -- 11374
pairing: 82920 -- 11379
pairing: 82925 -- 11384
pairing: 82929 -- 11389
pairing: 82935 -- 11394
pairing: 82940 -- 11399
pairing: 82945 -- 11404
pairing: 82950 -- 11409
pairing: 82955 -- 11414
pairing: 82960 -- 11419
pairing: 82965 -- 11424
pairing: 82970 -- 11429
pairing: 82975 -- 11434
pairing: 82980 -- 11439
pairing: 82985 -- 11444
pairing: 82990 -- 11449
pairing: 82995 -- 11454
pairing: 83000 -- 11455
pairing: 83001 -- 11456
pairing: 83002 -- 11457
pairing: 83003 -- 11458
pairing: 83004 -- 11459
pairing: 83005 -- 11460
pairing: 83006 -- 11461
pairing: 83007 -- 11462
pairing: 83008 -- 11463
pairing: 83009 -- 11464
pairing: 83010 -- 11465
pairing: 83011 -- 11466
pairing: 83012 -- 11467
pairing: 83013 -- 11468
pairing: 83014 -- 11469
pairing: 83015 -- 11470
pairing: 83016 -- 11471
pairing: 83017 -- 11472
pairing: 83018 -- 11473
pairing: 83019 -- 11474
pairing: 83020 -- 11475
pairing: 83021 -- 11476
pairing: 83022 -- 11477
pairing: 83023 -- 11478
pairing: 83024 -- 11479
pairing: 83025 -- 11480
pairing: 83026 -- 11481
pairing: 83027 -- 11482
pairing: 83028 -- 11483
pairing: 83029 -- 11484
pairing: 83030 -- 11485
[STATUS]: waiting for compute-node startup barrier
1 device(s) found
Selected device: ibp86s0
Selected port state: 4, lid: 8, active_mtu: 5
pairing: 83157 -- 83156
pairing: 83160 -- 83155
pairing: 83163 -- 83158
pairing: 83165 -- 83159
pairing: 83166 -- 83161
pairing: 83169 -- 83162
pairing: 83171 -- 83164
pairing: 83173 -- 83167
pairing: 83175 -- 83168
pairing: 83176 -- 83170
pairing: 83179 -- 83172
pairing: 83181 -- 83174
pairing: 83182 -- 83177
pairing: 83185 -- 83178
pairing: 83186 -- 83180
pairing: 83189 -- 83183
pairing: 83190 -- 83184
pairing: 83192 -- 83187
pairing: 83194 -- 83188
pairing: 83196 -- 83191
pairing: 83198 -- 83193
pairing: 83200 -- 83195
pairing: 83203 -- 83197
pairing: 83204 -- 83199
pairing: 83206 -- 83201
pairing: 83209 -- 83202
pairing: 83210 -- 83205
pairing: 83213 -- 83207
pairing: 83214 -- 83208
pairing: 83216 -- 83211
pairing: 83219 -- 83212
pairing: 83220 -- 83217
[STATUS]: storage-owner peer RDMA QPs per peer: 8
[STATUS]: storage-owner peer QP0 reserved for RPC; data RDMA uses QP1..7
allocated ALIGNED MEM (no hugepage) at 125723268350016 with buffer size 67108864
allocated ALIGNED MEM (no hugepage) at 125723228504128 with buffer size 39839040
[STATUS]: storage-owner peer RPC receive slots per peer: 64 (requested=64)
[STATUS]: storage-owner peer RPC concurrent sends per peer: 16
[STATUS]: storage-owner peer RPC send credits: Stage1/graph are split at depth >= 2; responses use a dedicated sync buffer
[STATUS]: storage-owner peer async response capacity: 32768
[STATUS]: storage-owner Stage2 home RPC combining: enabled logical_capacity=18432 aggregate_capacity=4608 byte_budget=33586224
allocated ALIGNED MEM (no hugepage) at 104781029160256 with buffer size 96256
allocated ALIGNED MEM (no hugepage) at 125723503534144 with buffer size 212992
allocated ALIGNED MEM (no hugepage) at 125723499233344 with buffer size 212992
[STATUS]: storage-owner peer reverse-update workers: 2
[STATUS]: storage-owner peer Stage1 workers: 4; Stage2-home workers: 1 (one reserved; shared lanes borrow authoritative work only)
[STATUS]: storage-owner physical control workers: cleanup=2 placement=1 (separate blocking domains)
[STATUS]: storage-owner peer progress threads: cq=1 response_dispatch=1
[STATUS]: storage-owner Stage1 artifact capacity: 67712 (64-way, per shard=1058) cleanup replay per shard=2048 active migration receipts=131072
[STATUS]: storage-owner peer reverse-update tuning: queue_depth=65536 coalesce_max=256
allocated ALIGNED MEM (no hugepage) at 125723487694912 with buffer size 855296
allocated ALIGNED MEM (no hugepage) at 125723486838848 with buffer size 855296
allocated ALIGNED MEM (no hugepage) at 125723483500608 with buffer size 855296
allocated ALIGNED MEM (no hugepage) at 125723482443840 with buffer size 855296
allocated ALIGNED MEM (no hugepage) at 125723479105600 with buffer size 855296
allocated ALIGNED MEM (no hugepage) at 125723475112000 with buffer size 855296
allocated ALIGNED MEM (no hugepage) at 125723474255936 with buffer size 855296
allocated ALIGNED MEM (no hugepage) at 125723470917696 with buffer size 855296
[STATUS]: storage-owner peer scratch: snapshot_slot=192 graph_slot=832 batch=256 lane_peak_rdma_wrs=56 lane_useful_wave_rdma_wrs=56 global_read_window=224 search_lanes_global=32 search_lanes_credit_derived=16 search_lane_lease_cap=32 search_lanes_physical_per_worker=4 ready_context_runtime_epoch=1 bytes_per_lane=213824 bytes_total=6842368
[STATUS]: storage-owner maintenance workers: 8 (configured=8, admission_baseline_workers=2, context_limit=32, semantic_execution_batch=8, work_conserving=true)
[STATUS]: storage-owner stage2 reverse outbox descriptors: 128 aggregates=128 wire_max_ops=3072 (shared per-peer work-conserving aggregation)
[STATUS]: storage-owner maintenance tuning: protocol=centroid-home-two-stage compaction_batch_target=32 packing_policy=deterministic_b8 packing_tail_wait_us=arrival_adaptive_capped_25000 packing_context_limit=8 backlog_limit=65536 admission_credit=bounded_accepted_backlog admission_window=65536 physical_completion_capacity=65536
[STATUS]: storage-owner peer RDMA read credits: per_data_qp=8 data_qps_per_peer=7 per_peer=56 global=224 shared_cq_read_budget=8095 ordered_snapshot_pairs_per_chain=4 (requested_per_data_qp=16)
[STATUS]: storage-owner online insert tuning: construction_beam=128 snapshot_batch=256 protocol=centroid-home-two-stage
[STATUS]: storage-owner stage1=physical-home local search and backlinks; stage2=generation-fenced home expand+score continuation
[STATUS]: storage-owner responses=foreground direct post; completion=repost by service poller
[STATUS]: storage-owner foreground pipeline: coordinators=12 cpu_lanes=3 (assigned_cpus=24, rpc_parallelism=16)
[STATUS]: storage-owner CPU plan: foreground_cpu=3 foreground_coordinators=12 maintenance=8 peer_stage1=5 (split into isolated Stage1/Stage2-home domains) peer_reverse=2 peer_cleanup=2 peer_placement=1 peer_progress=2 foreground_progress=1
[STATUS]: storage-owner insert runtime enabled on shard 0
