============================================================
                        SERVER
============================================================
num clients:                  1
TCP port:                     1236
QP handshake timeout (ms):    10000
IB device:                    <auto>
IB port:                      1
max outstanding CQEs:         64
max send work requests:       4096
max receive work requests:    4096
============================================================
index prefix:                     "/data/xjs/index/dvstor_spacev100m/index/spacev100m_R96_bw128_metis_pmd32_pq20_schema16"
storage shard:                    "/data/xjs/index/dvstor_spacev100m/index/spacev100m_R96_bw128_metis_pmd32_pq20_schema16_node3_of5.dat"
storage id:                       2
base vectors:                     100000000
vector ID namespace [0,N):        4294967295
registered memory GiB:            23
====================================================================
1 device(s) found
Selected device: ibp86s0
Selected port state: 4, lid: 8, active_mtu: 5
interleaved policy
num_cores: 112
physical cores per socket: 28
hyperthreading enabled
local process CPU partition: rank 2/5 logical_cpus=22
pairing: 82832 -- 11291
[STATUS]: loaded index metadata from /data/xjs/index/dvstor_spacev100m/index/spacev100m_R96_bw128_metis_pmd32_pq20_schema16 (layout=plain, vector_data_type=int8)
[STATUS]: storage-owner stage2 candidate width L=128 per shard
allocation size: 24696061952
allocated ALIGNED MEM (no hugepage) at 126690994946112 with buffer size 24696061952
[STATUS]: loading index (19573325888 Bytes) from /data/xjs/index/dvstor_spacev100m/index/spacev100m_R96_bw128_metis_pmd32_pq20_schema16_node3_of5.dat
[STATUS]: loaded GPU PQ codes (407777620 Bytes) at remote offset 19573329984
[STATUS]: storage-owner idmap loaded entries=20000000 format=owner_sharded_v2_bound immutable_base=true dynamic_shards=256 dynamic_reserved=65536
[STATUS]: compensated physical centroid restored on shard 2: vectors=20388881 entries=4
[STATUS]: register memory and distribute access token
[STATUS]: connect QPs of compute threads
[STATUS]: reserving 64 GPU/bootstrap QPs per compute node
pairing: 82837 -- 11296
pairing: 82842 -- 11301
pairing: 82847 -- 11306
pairing: 82852 -- 11311
pairing: 82857 -- 11316
pairing: 82862 -- 11321
pairing: 82867 -- 11326
pairing: 82872 -- 11331
pairing: 82877 -- 11336
pairing: 82882 -- 11341
pairing: 82887 -- 11346
pairing: 82892 -- 11351
pairing: 82897 -- 11356
pairing: 82902 -- 11361
pairing: 82907 -- 11366
pairing: 82912 -- 11371
pairing: 82917 -- 11376
pairing: 82922 -- 11381
pairing: 82927 -- 11386
pairing: 82932 -- 11391
pairing: 82937 -- 11396
pairing: 82942 -- 11401
pairing: 82947 -- 11406
pairing: 82952 -- 11411
pairing: 82957 -- 11416
pairing: 82962 -- 11421
pairing: 82967 -- 11426
pairing: 82972 -- 11431
pairing: 82977 -- 11436
pairing: 82982 -- 11441
pairing: 82987 -- 11446
pairing: 82992 -- 11451
pairing: 82997 -- 11518
pairing: 83062 -- 11519
pairing: 83063 -- 11520
pairing: 83064 -- 11521
pairing: 83065 -- 11522
pairing: 83066 -- 11523
pairing: 83067 -- 11524
pairing: 83068 -- 11525
pairing: 83069 -- 11526
pairing: 83070 -- 11527
pairing: 83071 -- 11528
pairing: 83072 -- 11529
pairing: 83073 -- 11530
pairing: 83074 -- 11531
pairing: 83075 -- 11532
pairing: 83076 -- 11533
pairing: 83077 -- 11534
pairing: 83078 -- 11535
pairing: 83079 -- 11536
pairing: 83080 -- 11537
pairing: 83081 -- 11538
pairing: 83082 -- 11539
pairing: 83083 -- 11540
pairing: 83084 -- 11541
pairing: 83085 -- 11542
pairing: 83086 -- 11543
pairing: 83087 -- 11544
pairing: 83088 -- 11545
pairing: 83089 -- 11546
pairing: 83090 -- 11547
pairing: 83091 -- 11548
pairing: 83092 -- 11549
[STATUS]: waiting for compute-node startup barrier
1 device(s) found
Selected device: ibp86s0
Selected port state: 4, lid: 8, active_mtu: 5
pairing: 83156 -- 83157
pairing: 83159 -- 83165
pairing: 83167 -- 83173
pairing: 83174 -- 83181
pairing: 83183 -- 83189
pairing: 83191 -- 83196
pairing: 83199 -- 83204
pairing: 83207 -- 83213
pairing: 83215 -- 83218
pairing: 83223 -- 83225
pairing: 83228 -- 83231
pairing: 83234 -- 83237
pairing: 83240 -- 83244
pairing: 83246 -- 83250
pairing: 83252 -- 83255
pairing: 83258 -- 83261
pairing: 83264 -- 83268
pairing: 83271 -- 83269
pairing: 83273 -- 83270
pairing: 83274 -- 83272
pairing: 83277 -- 83275
pairing: 83279 -- 83276
pairing: 83281 -- 83278
pairing: 83282 -- 83280
pairing: 83285 -- 83283
pairing: 83286 -- 83284
pairing: 83289 -- 83287
pairing: 83291 -- 83288
pairing: 83293 -- 83290
pairing: 83294 -- 83292
pairing: 83297 -- 83295
pairing: 83299 -- 83298
[STATUS]: storage-owner peer RDMA QPs per peer: 8
[STATUS]: storage-owner peer QP0 reserved for RPC; data RDMA uses QP1..7
allocated ALIGNED MEM (no hugepage) at 126689927495744 with buffer size 67108864
allocated ALIGNED MEM (no hugepage) at 126689887649856 with buffer size 39839040
[STATUS]: storage-owner peer RPC receive slots per peer: 64 (requested=64)
[STATUS]: storage-owner peer RPC concurrent sends per peer: 16
[STATUS]: storage-owner peer RPC send credits: Stage1/graph are split at depth >= 2; responses use a dedicated sync buffer
[STATUS]: storage-owner peer async response capacity: 32768
[STATUS]: storage-owner Stage2 home RPC combining: enabled logical_capacity=18432 aggregate_capacity=4608 byte_budget=33586224
allocated ALIGNED MEM (no hugepage) at 100006453891584 with buffer size 96256
allocated ALIGNED MEM (no hugepage) at 126690158379072 with buffer size 212992
allocated ALIGNED MEM (no hugepage) at 126690154573888 with buffer size 212992
[STATUS]: storage-owner peer reverse-update workers: 2
[STATUS]: storage-owner peer Stage1 workers: 3; Stage2-home workers: 1 (one reserved; shared lanes borrow authoritative work only)
[STATUS]: storage-owner physical control workers: cleanup=1 placement=1 (separate blocking domains)
[STATUS]: storage-owner peer progress threads: cq=1 response_dispatch=1
[STATUS]: storage-owner Stage1 artifact capacity: 67584 (64-way, per shard=1056) cleanup replay per shard=2048 active migration receipts=131072
[STATUS]: storage-owner peer reverse-update tuning: queue_depth=65536 coalesce_max=256
allocated ALIGNED MEM (no hugepage) at 126690146840640 with buffer size 855296
allocated ALIGNED MEM (no hugepage) at 126690145783872 with buffer size 855296
allocated ALIGNED MEM (no hugepage) at 126690142445632 with buffer size 855296
allocated ALIGNED MEM (no hugepage) at 126690138452032 with buffer size 855296
allocated ALIGNED MEM (no hugepage) at 126690137595968 with buffer size 855296
allocated ALIGNED MEM (no hugepage) at 126690134257728 with buffer size 855296
allocated ALIGNED MEM (no hugepage) at 126690133401664 with buffer size 855296
allocated ALIGNED MEM (no hugepage) at 126690130063424 with buffer size 855296
[STATUS]: storage-owner peer scratch: snapshot_slot=192 graph_slot=832 batch=256 lane_peak_rdma_wrs=56 lane_useful_wave_rdma_wrs=56 global_read_window=224 search_lanes_global=32 search_lanes_credit_derived=16 search_lane_lease_cap=32 search_lanes_physical_per_worker=4 ready_context_runtime_epoch=1 bytes_per_lane=213824 bytes_total=6842368
[STATUS]: storage-owner maintenance workers: 8 (configured=8, admission_baseline_workers=2, context_limit=32, semantic_execution_batch=8, work_conserving=true)
[STATUS]: storage-owner stage2 reverse outbox descriptors: 128 aggregates=128 wire_max_ops=3072 (shared per-peer work-conserving aggregation)
[STATUS]: storage-owner maintenance tuning: protocol=centroid-home-two-stage compaction_batch_target=32 packing_policy=deterministic_b8 packing_tail_wait_us=arrival_adaptive_capped_25000 packing_context_limit=8 backlog_limit=65536 admission_credit=bounded_accepted_backlog admission_window=65536 physical_completion_capacity=65536
[STATUS]: storage-owner peer RDMA read credits: per_data_qp=8 data_qps_per_peer=7 per_peer=56 global=224 shared_cq_read_budget=8095 ordered_snapshot_pairs_per_chain=4 (requested_per_data_qp=16)
[STATUS]: storage-owner online insert tuning: construction_beam=128 snapshot_batch=256 protocol=centroid-home-two-stage
[STATUS]: storage-owner stage1=physical-home local search and backlinks; stage2=generation-fenced home expand+score continuation
[STATUS]: storage-owner responses=foreground direct post; completion=repost by service poller
[STATUS]: storage-owner foreground pipeline: coordinators=12 cpu_lanes=3 (assigned_cpus=22, rpc_parallelism=16)
[STATUS]: storage-owner CPU plan: foreground_cpu=3 foreground_coordinators=12 maintenance=8 peer_stage1=4 (split into isolated Stage1/Stage2-home domains) peer_reverse=2 peer_cleanup=1 peer_placement=1 peer_progress=2 foreground_progress=1
[STATUS]: storage-owner insert runtime enabled on shard 2
