[breakdown] concurrency clients=272 source=auto auto_required=272 auto_cap=512 gpu_query_slots=256 storage_rpc_inflight=80 (5x16) derivation=gpu_query_slots+dedicated_paced_write_threads
[breakdown] write-rate-limited split reads=256 writes=16 target_write_qps=500
[breakdown] performance query: /data/xjs/datasets/sift1b/sift100m_to_110m_query.u8bin [100000000,110000000)
[breakdown] insert: /data/xjs/datasets/sift1b/sift110m_to_120m_insert.u8bin [110000000,120000000)
[breakdown] unique performance-query budget rows=10000000 total_timed_seconds=25 max_average_query_qps_without_reuse=400000.0
[ 15%] Built target rdma_library
[ 25%] Built target dvstor_gpu_kernels
[ 80%] Built target dvstor_runtime
[ 90%] Built target dvstor_breakdown_support
[100%] Built target dvstor_breakdown_benchmark
[mn-memory] auto=24 GiB source=metadata policy=20% of base nodes limiting_shard=2 dynamic_slots=4120200 record_bytes=1040
[breakdown] profile=04_gpu_persistent_gpunetio command: /home/xjs/experiment/dvstor/build/dvstor_breakdown_benchmark --service-config /home/xjs/experiment/dvstor/experiment/sift100m/program2/results/program2_20260823_005102/live/04_gpu_persistent_gpunetio/service_04_gpu_persistent_gpunetio_20260823_005419.ini --profile-name 04_gpu_persistent_gpunetio --system-variant-label full --workload mixed --warmup-ops 100 --measure-ops 1000 --warmup-seconds 5 --measure-seconds 20 --client-threads 272 --read-ratio 0.5 --mixed-mode write_rate_limited --write-threads 16 --target-query-qps 0 --target-write-qps 500 --write-insert-ratio 1 --write-upsert-ratio 0 --write-delete-ratio 0 --report-json /home/xjs/experiment/dvstor/experiment/sift100m/program2/results/program2_20260823_005102/live/04_gpu_persistent_gpunetio/sift100m_04_gpu_persistent_gpunetio_20260823_005419.json --report-text /home/xjs/experiment/dvstor/experiment/sift100m/program2/results/program2_20260823_005102/live/04_gpu_persistent_gpunetio/sift100m_04_gpu_persistent_gpunetio_20260823_005419.txt --recall-query-file /data/xjs/index/dvstor_sift100m/converted/query.u8bin --groundtruth-file /data/xjs/index/dvstor_sift100m/converted/groundtruth_100M.bin --recall-queries 1000 --recall-k 10 --recall-mode all --recall-base-id-limit 0 --performance-query-file /data/xjs/datasets/sift1b/sift100m_to_110m_query.u8bin --insert-start-id 111000000 --insert-file /data/xjs/datasets/sift1b/sift110m_to_120m_insert.u8bin --storage-maintenance-log /home/xjs/experiment/dvstor/experiment/logs/memory_node_1_04_gpu_persistent_gpunetio.log --storage-maintenance-log /home/xjs/experiment/dvstor/experiment/logs/memory_node_2_04_gpu_persistent_gpunetio.log --storage-maintenance-log /home/xjs/experiment/dvstor/experiment/logs/memory_node_3_04_gpu_persistent_gpunetio.log --storage-maintenance-log /home/xjs/experiment/dvstor/experiment/logs/memory_node_4_04_gpu_persistent_gpunetio.log --storage-maintenance-log /home/xjs/experiment/dvstor/experiment/logs/memory_node_5_04_gpu_persistent_gpunetio.log
============================================================
                        CLIENT
============================================================
connect to:                   [192.168.6.202:1234, 192.168.6.202:1235, 192.168.6.202:1236, 192.168.6.202:1237, 192.168.6.202:1238, ]
is initiator:                 true
TCP port:                     2234
IB device:                    <auto>
IB port:                      1
max outstanding CQEs:         64
max send work requests:       4096
max receive work requests:    4096
============================================================
index prefix:                     "/data/xjs/index/dvstor_sift100m/index/sift100m_R96_bw128_metis_pmd32_pq32_schema16"
threads:                          64
dimension:                        128
max vectors:                      100000000
vector ID namespace [0,N):        4294967295
K / R:                            10 / 96
vector data type:                 uint8
--------------------------------------------------------------------
query engine:                     persistent_gpu_opq_pq
remote transport:                 GPU-initiated GPUNetIO
GPU device:                       1
GPU concurrent query slots:       256
GPU memory limit/reserve GiB:     40/4
GPU traversal/rerank width:       128/128
GPU max expansions:               384
GPU graph commit/issue width:     16/32
dynamic graph access mode:        manual
GPU graph read policy:            live-extent
GPU dynamic graph extent:         true
GPU-RDMA progression mode:        decoupled
GPU Beam merge policy:            stable-run
query RDMA trace mode/rate:       off/1000
query RDMA trace output:          ""
GPU RDMA QPs per storage node:    32
GPU direct CQ timeout ms:         250
GPU persistent blocks/SM cap:     4
compute updates enabled:          true
storage update completion mode:   decoupled
storage update protocol:          centroid-home two-stage
storage RPC depth/batch:          16/32
storage batch max wait us:        10000
storage Stage2 batch max wait us: 25000
storage Stage2 initial delay ms:  0
Stage2 exact score-many:          true
Stage2 home RPC combining:        true
Stage2 graph issue width:         16
storage peer QPs per peer:        8
storage stage2 maintenance:       8 workers, backlog 65536
====================================================================
1 device(s) found
Selected device: mlx5_0
Selected port state: 4, lid: 1
interleaved policy
num_cores: 112
physical cores per socket: 28
hyperthreading enabled
local process CPU partition: rank 0/1 logical_cpus=112
client id: 0
number of clients: 1
connect to server 192.168.6.202:1234
pairing: 123471 -- 53437
connect to server 192.168.6.202:1235
pairing: 123472 -- 53438
connect to server 192.168.6.202:1236
pairing: 123473 -- 53439
connect to server 192.168.6.202:1237
pairing: 123474 -- 53440
connect to server 192.168.6.202:1238
pairing: 123475 -- 53441
[STATUS]: receive access tokens of remote memory regions
[STATUS]: loaded schema-16 GPU index metadata from /data/xjs/index/dvstor_sift100m/index/sift100m_R96_bw128_metis_pmd32_pq32_schema16 (OPQ/PQ32, vector_data_type=uint8)
[STATUS]: storage-owner authority: deterministic ID shard; physical placement: storage directory + centroid home
[STATUS]: search: GPU-persistent OPQ/PQ32 beam + final RDMA exact rerank
[gpu-search] synthesized navigation manifest in memory from metadata
[gpu-search] graph-read-policy=live-extent extent_quantum=8 extent_source="/data/xjs/index/dvstor_sift100m/index/sift100m_R96_bw128_metis_pmd32_pq32_schema16.gextent8" extent_classes=100000000 extent_payload_bytes=100000000
[gpu-search] query routing=versioned centroid routes centroid_shards=5 live_entries_per_shard=4 start_shards=1
[gpu-search] navigation budget codes=3200000000 dynamic_code_scratch=20971520 dynamic_code_arena=915541956 dynamic_code_arena_slots=25431721 dynamic_request_scratch=10485760 navigation_candidates=6291456 direct_queue_scratch=1866240 graph_scratch=16777216 graph_request_metadata=32768 speculative_graph_request_metadata=270336 graph_extent_classes=100000000 query_rdma_trace=0 centroid_route=528 shard_centroids=2560 explicit=4627142892 limit=38654705664 bytes
[STATUS]: exporting GPUNetIO QP resource=0 lane=0 server=0 qpn=123476 gpu_pci=0000:5C:00.0 ibdev=mlx5_0 handler=GPU_SM_DB
[STATUS]: exporting GPUNetIO QP resource=0 lane=0 server=1 qpn=123477 gpu_pci=0000:5C:00.0 ibdev=mlx5_0 handler=GPU_SM_DB
[STATUS]: exporting GPUNetIO QP resource=0 lane=0 server=2 qpn=123478 gpu_pci=0000:5C:00.0 ibdev=mlx5_0 handler=GPU_SM_DB
[STATUS]: exporting GPUNetIO QP resource=0 lane=0 server=3 qpn=123479 gpu_pci=0000:5C:00.0 ibdev=mlx5_0 handler=GPU_SM_DB
[STATUS]: exporting GPUNetIO QP resource=0 lane=0 server=4 qpn=123480 gpu_pci=0000:5C:00.0 ibdev=mlx5_0 handler=GPU_SM_DB
[STATUS]: exporting GPUNetIO QP resource=0 lane=1 server=0 qpn=123481 gpu_pci=0000:5C:00.0 ibdev=mlx5_0 handler=GPU_SM_DB
[STATUS]: exporting GPUNetIO QP resource=0 lane=1 server=1 qpn=123482 gpu_pci=0000:5C:00.0 ibdev=mlx5_0 handler=GPU_SM_DB
[STATUS]: exporting GPUNetIO QP resource=0 lane=1 server=2 qpn=123483 gpu_pci=0000:5C:00.0 ibdev=mlx5_0 handler=GPU_SM_DB
[STATUS]: exporting GPUNetIO QP resource=0 lane=1 server=3 qpn=123484 gpu_pci=0000:5C:00.0 ibdev=mlx5_0 handler=GPU_SM_DB
[STATUS]: exporting GPUNetIO QP resource=0 lane=1 server=4 qpn=123485 gpu_pci=0000:5C:00.0 ibdev=mlx5_0 handler=GPU_SM_DB
[STATUS]: exporting GPUNetIO QP resource=0 lane=2 server=0 qpn=123486 gpu_pci=0000:5C:00.0 ibdev=mlx5_0 handler=GPU_SM_DB
[STATUS]: exporting GPUNetIO QP resource=0 lane=2 server=1 qpn=123487 gpu_pci=0000:5C:00.0 ibdev=mlx5_0 handler=GPU_SM_DB
[STATUS]: exporting GPUNetIO QP resource=0 lane=2 server=2 qpn=123488 gpu_pci=0000:5C:00.0 ibdev=mlx5_0 handler=GPU_SM_DB
[STATUS]: exporting GPUNetIO QP resource=0 lane=2 server=3 qpn=123489 gpu_pci=0000:5C:00.0 ibdev=mlx5_0 handler=GPU_SM_DB
[STATUS]: exporting GPUNetIO QP resource=0 lane=2 server=4 qpn=123490 gpu_pci=0000:5C:00.0 ibdev=mlx5_0 handler=GPU_SM_DB
[STATUS]: exporting GPUNetIO QP resource=0 lane=3 server=0 qpn=123491 gpu_pci=0000:5C:00.0 ibdev=mlx5_0 handler=GPU_SM_DB
[STATUS]: exporting GPUNetIO QP resource=0 lane=3 server=1 qpn=123492 gpu_pci=0000:5C:00.0 ibdev=mlx5_0 handler=GPU_SM_DB
[STATUS]: exporting GPUNetIO QP resource=0 lane=3 server=2 qpn=123493 gpu_pci=0000:5C:00.0 ibdev=mlx5_0 handler=GPU_SM_DB
[STATUS]: exporting GPUNetIO QP resource=0 lane=3 server=3 qpn=123494 gpu_pci=0000:5C:00.0 ibdev=mlx5_0 handler=GPU_SM_DB
[STATUS]: exporting GPUNetIO QP resource=0 lane=3 server=4 qpn=123495 gpu_pci=0000:5C:00.0 ibdev=mlx5_0 handler=GPU_SM_DB
[STATUS]: exporting GPUNetIO QP resource=0 lane=4 server=0 qpn=123496 gpu_pci=0000:5C:00.0 ibdev=mlx5_0 handler=GPU_SM_DB
[STATUS]: exporting GPUNetIO QP resource=0 lane=4 server=1 qpn=123497 gpu_pci=0000:5C:00.0 ibdev=mlx5_0 handler=GPU_SM_DB
[STATUS]: exporting GPUNetIO QP resource=0 lane=4 server=2 qpn=123498 gpu_pci=0000:5C:00.0 ibdev=mlx5_0 handler=GPU_SM_DB
[STATUS]: exporting GPUNetIO QP resource=0 lane=4 server=3 qpn=123499 gpu_pci=0000:5C:00.0 ibdev=mlx5_0 handler=GPU_SM_DB
[STATUS]: exporting GPUNetIO QP resource=0 lane=4 server=4 qpn=123500 gpu_pci=0000:5C:00.0 ibdev=mlx5_0 handler=GPU_SM_DB
[STATUS]: exporting GPUNetIO QP resource=0 lane=5 server=0 qpn=123501 gpu_pci=0000:5C:00.0 ibdev=mlx5_0 handler=GPU_SM_DB
[STATUS]: exporting GPUNetIO QP resource=0 lane=5 server=1 qpn=123502 gpu_pci=0000:5C:00.0 ibdev=mlx5_0 handler=GPU_SM_DB
[STATUS]: exporting GPUNetIO QP resource=0 lane=5 server=2 qpn=123503 gpu_pci=0000:5C:00.0 ibdev=mlx5_0 handler=GPU_SM_DB
[STATUS]: exporting GPUNetIO QP resource=0 lane=5 server=3 qpn=123504 gpu_pci=0000:5C:00.0 ibdev=mlx5_0 handler=GPU_SM_DB
[STATUS]: exporting GPUNetIO QP resource=0 lane=5 server=4 qpn=123505 gpu_pci=0000:5C:00.0 ibdev=mlx5_0 handler=GPU_SM_DB
[STATUS]: exporting GPUNetIO QP resource=0 lane=6 server=0 qpn=123506 gpu_pci=0000:5C:00.0 ibdev=mlx5_0 handler=GPU_SM_DB
[STATUS]: exporting GPUNetIO QP resource=0 lane=6 server=1 qpn=123507 gpu_pci=0000:5C:00.0 ibdev=mlx5_0 handler=GPU_SM_DB
[STATUS]: exporting GPUNetIO QP resource=0 lane=6 server=2 qpn=123508 gpu_pci=0000:5C:00.0 ibdev=mlx5_0 handler=GPU_SM_DB
[STATUS]: exporting GPUNetIO QP resource=0 lane=6 server=3 qpn=123509 gpu_pci=0000:5C:00.0 ibdev=mlx5_0 handler=GPU_SM_DB
[STATUS]: exporting GPUNetIO QP resource=0 lane=6 server=4 qpn=123510 gpu_pci=0000:5C:00.0 ibdev=mlx5_0 handler=GPU_SM_DB
[STATUS]: exporting GPUNetIO QP resource=0 lane=7 server=0 qpn=123511 gpu_pci=0000:5C:00.0 ibdev=mlx5_0 handler=GPU_SM_DB
[STATUS]: exporting GPUNetIO QP resource=0 lane=7 server=1 qpn=123512 gpu_pci=0000:5C:00.0 ibdev=mlx5_0 handler=GPU_SM_DB
[STATUS]: exporting GPUNetIO QP resource=0 lane=7 server=2 qpn=123513 gpu_pci=0000:5C:00.0 ibdev=mlx5_0 handler=GPU_SM_DB
[STATUS]: exporting GPUNetIO QP resource=0 lane=7 server=3 qpn=123514 gpu_pci=0000:5C:00.0 ibdev=mlx5_0 handler=GPU_SM_DB
[STATUS]: exporting GPUNetIO QP resource=0 lane=7 server=4 qpn=123515 gpu_pci=0000:5C:00.0 ibdev=mlx5_0 handler=GPU_SM_DB
[STATUS]: exporting GPUNetIO QP resource=0 lane=8 server=0 qpn=123516 gpu_pci=0000:5C:00.0 ibdev=mlx5_0 handler=GPU_SM_DB
[STATUS]: exporting GPUNetIO QP resource=0 lane=8 server=1 qpn=123517 gpu_pci=0000:5C:00.0 ibdev=mlx5_0 handler=GPU_SM_DB
[STATUS]: exporting GPUNetIO QP resource=0 lane=8 server=2 qpn=123518 gpu_pci=0000:5C:00.0 ibdev=mlx5_0 handler=GPU_SM_DB
[STATUS]: exporting GPUNetIO QP resource=0 lane=8 server=3 qpn=123519 gpu_pci=0000:5C:00.0 ibdev=mlx5_0 handler=GPU_SM_DB
[STATUS]: exporting GPUNetIO QP resource=0 lane=8 server=4 qpn=123520 gpu_pci=0000:5C:00.0 ibdev=mlx5_0 handler=GPU_SM_DB
[STATUS]: exporting GPUNetIO QP resource=0 lane=9 server=0 qpn=123521 gpu_pci=0000:5C:00.0 ibdev=mlx5_0 handler=GPU_SM_DB
[STATUS]: exporting GPUNetIO QP resource=0 lane=9 server=1 qpn=123522 gpu_pci=0000:5C:00.0 ibdev=mlx5_0 handler=GPU_SM_DB
[STATUS]: exporting GPUNetIO QP resource=0 lane=9 server=2 qpn=123523 gpu_pci=0000:5C:00.0 ibdev=mlx5_0 handler=GPU_SM_DB
[STATUS]: exporting GPUNetIO QP resource=0 lane=9 server=3 qpn=123524 gpu_pci=0000:5C:00.0 ibdev=mlx5_0 handler=GPU_SM_DB
[STATUS]: exporting GPUNetIO QP resource=0 lane=9 server=4 qpn=123525 gpu_pci=0000:5C:00.0 ibdev=mlx5_0 handler=GPU_SM_DB
[STATUS]: exporting GPUNetIO QP resource=0 lane=10 server=0 qpn=123526 gpu_pci=0000:5C:00.0 ibdev=mlx5_0 handler=GPU_SM_DB
[STATUS]: exporting GPUNetIO QP resource=0 lane=10 server=1 qpn=123527 gpu_pci=0000:5C:00.0 ibdev=mlx5_0 handler=GPU_SM_DB
[STATUS]: exporting GPUNetIO QP resource=0 lane=10 server=2 qpn=123528 gpu_pci=0000:5C:00.0 ibdev=mlx5_0 handler=GPU_SM_DB
[STATUS]: exporting GPUNetIO QP resource=0 lane=10 server=3 qpn=123529 gpu_pci=0000:5C:00.0 ibdev=mlx5_0 handler=GPU_SM_DB
[STATUS]: exporting GPUNetIO QP resource=0 lane=10 server=4 qpn=123530 gpu_pci=0000:5C:00.0 ibdev=mlx5_0 handler=GPU_SM_DB
[STATUS]: exporting GPUNetIO QP resource=0 lane=11 server=0 qpn=123531 gpu_pci=0000:5C:00.0 ibdev=mlx5_0 handler=GPU_SM_DB
[STATUS]: exporting GPUNetIO QP resource=0 lane=11 server=1 qpn=123532 gpu_pci=0000:5C:00.0 ibdev=mlx5_0 handler=GPU_SM_DB
[STATUS]: exporting GPUNetIO QP resource=0 lane=11 server=2 qpn=123533 gpu_pci=0000:5C:00.0 ibdev=mlx5_0 handler=GPU_SM_DB
[STATUS]: exporting GPUNetIO QP resource=0 lane=11 server=3 qpn=123534 gpu_pci=0000:5C:00.0 ibdev=mlx5_0 handler=GPU_SM_DB
[STATUS]: exporting GPUNetIO QP resource=0 lane=11 server=4 qpn=123535 gpu_pci=0000:5C:00.0 ibdev=mlx5_0 handler=GPU_SM_DB
[STATUS]: exporting GPUNetIO QP resource=0 lane=12 server=0 qpn=123536 gpu_pci=0000:5C:00.0 ibdev=mlx5_0 handler=GPU_SM_DB
[STATUS]: exporting GPUNetIO QP resource=0 lane=12 server=1 qpn=123537 gpu_pci=0000:5C:00.0 ibdev=mlx5_0 handler=GPU_SM_DB
[STATUS]: exporting GPUNetIO QP resource=0 lane=12 server=2 qpn=123538 gpu_pci=0000:5C:00.0 ibdev=mlx5_0 handler=GPU_SM_DB
[STATUS]: exporting GPUNetIO QP resource=0 lane=12 server=3 qpn=123539 gpu_pci=0000:5C:00.0 ibdev=mlx5_0 handler=GPU_SM_DB
[STATUS]: exporting GPUNetIO QP resource=0 lane=12 server=4 qpn=123540 gpu_pci=0000:5C:00.0 ibdev=mlx5_0 handler=GPU_SM_DB
[STATUS]: exporting GPUNetIO QP resource=0 lane=13 server=0 qpn=123541 gpu_pci=0000:5C:00.0 ibdev=mlx5_0 handler=GPU_SM_DB
[STATUS]: exporting GPUNetIO QP resource=0 lane=13 server=1 qpn=123542 gpu_pci=0000:5C:00.0 ibdev=mlx5_0 handler=GPU_SM_DB
[STATUS]: exporting GPUNetIO QP resource=0 lane=13 server=2 qpn=123543 gpu_pci=0000:5C:00.0 ibdev=mlx5_0 handler=GPU_SM_DB
[STATUS]: exporting GPUNetIO QP resource=0 lane=13 server=3 qpn=123544 gpu_pci=0000:5C:00.0 ibdev=mlx5_0 handler=GPU_SM_DB
[STATUS]: exporting GPUNetIO QP resource=0 lane=13 server=4 qpn=123545 gpu_pci=0000:5C:00.0 ibdev=mlx5_0 handler=GPU_SM_DB
[STATUS]: exporting GPUNetIO QP resource=0 lane=14 server=0 qpn=123546 gpu_pci=0000:5C:00.0 ibdev=mlx5_0 handler=GPU_SM_DB
[STATUS]: exporting GPUNetIO QP resource=0 lane=14 server=1 qpn=123547 gpu_pci=0000:5C:00.0 ibdev=mlx5_0 handler=GPU_SM_DB
[STATUS]: exporting GPUNetIO QP resource=0 lane=14 server=2 qpn=123548 gpu_pci=0000:5C:00.0 ibdev=mlx5_0 handler=GPU_SM_DB
[STATUS]: exporting GPUNetIO QP resource=0 lane=14 server=3 qpn=123549 gpu_pci=0000:5C:00.0 ibdev=mlx5_0 handler=GPU_SM_DB
[STATUS]: exporting GPUNetIO QP resource=0 lane=14 server=4 qpn=123550 gpu_pci=0000:5C:00.0 ibdev=mlx5_0 handler=GPU_SM_DB
[STATUS]: exporting GPUNetIO QP resource=0 lane=15 server=0 qpn=123551 gpu_pci=0000:5C:00.0 ibdev=mlx5_0 handler=GPU_SM_DB
[STATUS]: exporting GPUNetIO QP resource=0 lane=15 server=1 qpn=123552 gpu_pci=0000:5C:00.0 ibdev=mlx5_0 handler=GPU_SM_DB
[STATUS]: exporting GPUNetIO QP resource=0 lane=15 server=2 qpn=123553 gpu_pci=0000:5C:00.0 ibdev=mlx5_0 handler=GPU_SM_DB
[STATUS]: exporting GPUNetIO QP resource=0 lane=15 server=3 qpn=123554 gpu_pci=0000:5C:00.0 ibdev=mlx5_0 handler=GPU_SM_DB
[STATUS]: exporting GPUNetIO QP resource=0 lane=15 server=4 qpn=123555 gpu_pci=0000:5C:00.0 ibdev=mlx5_0 handler=GPU_SM_DB
[STATUS]: exporting GPUNetIO QP resource=0 lane=16 server=0 qpn=123556 gpu_pci=0000:5C:00.0 ibdev=mlx5_0 handler=GPU_SM_DB
[STATUS]: exporting GPUNetIO QP resource=0 lane=16 server=1 qpn=123557 gpu_pci=0000:5C:00.0 ibdev=mlx5_0 handler=GPU_SM_DB
[STATUS]: exporting GPUNetIO QP resource=0 lane=16 server=2 qpn=123558 gpu_pci=0000:5C:00.0 ibdev=mlx5_0 handler=GPU_SM_DB
[STATUS]: exporting GPUNetIO QP resource=0 lane=16 server=3 qpn=123559 gpu_pci=0000:5C:00.0 ibdev=mlx5_0 handler=GPU_SM_DB
[STATUS]: exporting GPUNetIO QP resource=0 lane=16 server=4 qpn=123560 gpu_pci=0000:5C:00.0 ibdev=mlx5_0 handler=GPU_SM_DB
[STATUS]: exporting GPUNetIO QP resource=0 lane=17 server=0 qpn=123561 gpu_pci=0000:5C:00.0 ibdev=mlx5_0 handler=GPU_SM_DB
[STATUS]: exporting GPUNetIO QP resource=0 lane=17 server=1 qpn=123562 gpu_pci=0000:5C:00.0 ibdev=mlx5_0 handler=GPU_SM_DB
[STATUS]: exporting GPUNetIO QP resource=0 lane=17 server=2 qpn=123563 gpu_pci=0000:5C:00.0 ibdev=mlx5_0 handler=GPU_SM_DB
[STATUS]: exporting GPUNetIO QP resource=0 lane=17 server=3 qpn=123564 gpu_pci=0000:5C:00.0 ibdev=mlx5_0 handler=GPU_SM_DB
[STATUS]: exporting GPUNetIO QP resource=0 lane=17 server=4 qpn=123565 gpu_pci=0000:5C:00.0 ibdev=mlx5_0 handler=GPU_SM_DB
[STATUS]: exporting GPUNetIO QP resource=0 lane=18 server=0 qpn=123566 gpu_pci=0000:5C:00.0 ibdev=mlx5_0 handler=GPU_SM_DB
[STATUS]: exporting GPUNetIO QP resource=0 lane=18 server=1 qpn=123567 gpu_pci=0000:5C:00.0 ibdev=mlx5_0 handler=GPU_SM_DB
[STATUS]: exporting GPUNetIO QP resource=0 lane=18 server=2 qpn=123568 gpu_pci=0000:5C:00.0 ibdev=mlx5_0 handler=GPU_SM_DB
[STATUS]: exporting GPUNetIO QP resource=0 lane=18 server=3 qpn=123569 gpu_pci=0000:5C:00.0 ibdev=mlx5_0 handler=GPU_SM_DB
[STATUS]: exporting GPUNetIO QP resource=0 lane=18 server=4 qpn=123570 gpu_pci=0000:5C:00.0 ibdev=mlx5_0 handler=GPU_SM_DB
[STATUS]: exporting GPUNetIO QP resource=0 lane=19 server=0 qpn=123571 gpu_pci=0000:5C:00.0 ibdev=mlx5_0 handler=GPU_SM_DB
[STATUS]: exporting GPUNetIO QP resource=0 lane=19 server=1 qpn=123572 gpu_pci=0000:5C:00.0 ibdev=mlx5_0 handler=GPU_SM_DB
[STATUS]: exporting GPUNetIO QP resource=0 lane=19 server=2 qpn=123573 gpu_pci=0000:5C:00.0 ibdev=mlx5_0 handler=GPU_SM_DB
[STATUS]: exporting GPUNetIO QP resource=0 lane=19 server=3 qpn=123574 gpu_pci=0000:5C:00.0 ibdev=mlx5_0 handler=GPU_SM_DB
[STATUS]: exporting GPUNetIO QP resource=0 lane=19 server=4 qpn=123575 gpu_pci=0000:5C:00.0 ibdev=mlx5_0 handler=GPU_SM_DB
[STATUS]: exporting GPUNetIO QP resource=0 lane=20 server=0 qpn=123576 gpu_pci=0000:5C:00.0 ibdev=mlx5_0 handler=GPU_SM_DB
[STATUS]: exporting GPUNetIO QP resource=0 lane=20 server=1 qpn=123577 gpu_pci=0000:5C:00.0 ibdev=mlx5_0 handler=GPU_SM_DB
[STATUS]: exporting GPUNetIO QP resource=0 lane=20 server=2 qpn=123578 gpu_pci=0000:5C:00.0 ibdev=mlx5_0 handler=GPU_SM_DB
[STATUS]: exporting GPUNetIO QP resource=0 lane=20 server=3 qpn=123579 gpu_pci=0000:5C:00.0 ibdev=mlx5_0 handler=GPU_SM_DB
[STATUS]: exporting GPUNetIO QP resource=0 lane=20 server=4 qpn=123580 gpu_pci=0000:5C:00.0 ibdev=mlx5_0 handler=GPU_SM_DB
[STATUS]: exporting GPUNetIO QP resource=0 lane=21 server=0 qpn=123581 gpu_pci=0000:5C:00.0 ibdev=mlx5_0 handler=GPU_SM_DB
[STATUS]: exporting GPUNetIO QP resource=0 lane=21 server=1 qpn=123582 gpu_pci=0000:5C:00.0 ibdev=mlx5_0 handler=GPU_SM_DB
[STATUS]: exporting GPUNetIO QP resource=0 lane=21 server=2 qpn=123583 gpu_pci=0000:5C:00.0 ibdev=mlx5_0 handler=GPU_SM_DB
[STATUS]: exporting GPUNetIO QP resource=0 lane=21 server=3 qpn=123584 gpu_pci=0000:5C:00.0 ibdev=mlx5_0 handler=GPU_SM_DB
[STATUS]: exporting GPUNetIO QP resource=0 lane=21 server=4 qpn=123585 gpu_pci=0000:5C:00.0 ibdev=mlx5_0 handler=GPU_SM_DB
[STATUS]: exporting GPUNetIO QP resource=0 lane=22 server=0 qpn=123586 gpu_pci=0000:5C:00.0 ibdev=mlx5_0 handler=GPU_SM_DB
[STATUS]: exporting GPUNetIO QP resource=0 lane=22 server=1 qpn=123587 gpu_pci=0000:5C:00.0 ibdev=mlx5_0 handler=GPU_SM_DB
[STATUS]: exporting GPUNetIO QP resource=0 lane=22 server=2 qpn=123588 gpu_pci=0000:5C:00.0 ibdev=mlx5_0 handler=GPU_SM_DB
[STATUS]: exporting GPUNetIO QP resource=0 lane=22 server=3 qpn=123589 gpu_pci=0000:5C:00.0 ibdev=mlx5_0 handler=GPU_SM_DB
[STATUS]: exporting GPUNetIO QP resource=0 lane=22 server=4 qpn=123590 gpu_pci=0000:5C:00.0 ibdev=mlx5_0 handler=GPU_SM_DB
[STATUS]: exporting GPUNetIO QP resource=0 lane=23 server=0 qpn=123591 gpu_pci=0000:5C:00.0 ibdev=mlx5_0 handler=GPU_SM_DB
[STATUS]: exporting GPUNetIO QP resource=0 lane=23 server=1 qpn=123592 gpu_pci=0000:5C:00.0 ibdev=mlx5_0 handler=GPU_SM_DB
[STATUS]: exporting GPUNetIO QP resource=0 lane=23 server=2 qpn=123593 gpu_pci=0000:5C:00.0 ibdev=mlx5_0 handler=GPU_SM_DB
[STATUS]: exporting GPUNetIO QP resource=0 lane=23 server=3 qpn=123594 gpu_pci=0000:5C:00.0 ibdev=mlx5_0 handler=GPU_SM_DB
[STATUS]: exporting GPUNetIO QP resource=0 lane=23 server=4 qpn=123595 gpu_pci=0000:5C:00.0 ibdev=mlx5_0 handler=GPU_SM_DB
[STATUS]: exporting GPUNetIO QP resource=0 lane=24 server=0 qpn=123596 gpu_pci=0000:5C:00.0 ibdev=mlx5_0 handler=GPU_SM_DB
[STATUS]: exporting GPUNetIO QP resource=0 lane=24 server=1 qpn=123597 gpu_pci=0000:5C:00.0 ibdev=mlx5_0 handler=GPU_SM_DB
[STATUS]: exporting GPUNetIO QP resource=0 lane=24 server=2 qpn=123598 gpu_pci=0000:5C:00.0 ibdev=mlx5_0 handler=GPU_SM_DB
[STATUS]: exporting GPUNetIO QP resource=0 lane=24 server=3 qpn=123599 gpu_pci=0000:5C:00.0 ibdev=mlx5_0 handler=GPU_SM_DB
[STATUS]: exporting GPUNetIO QP resource=0 lane=24 server=4 qpn=123600 gpu_pci=0000:5C:00.0 ibdev=mlx5_0 handler=GPU_SM_DB
[STATUS]: exporting GPUNetIO QP resource=0 lane=25 server=0 qpn=123601 gpu_pci=0000:5C:00.0 ibdev=mlx5_0 handler=GPU_SM_DB
[STATUS]: exporting GPUNetIO QP resource=0 lane=25 server=1 qpn=123602 gpu_pci=0000:5C:00.0 ibdev=mlx5_0 handler=GPU_SM_DB
[STATUS]: exporting GPUNetIO QP resource=0 lane=25 server=2 qpn=123603 gpu_pci=0000:5C:00.0 ibdev=mlx5_0 handler=GPU_SM_DB
[STATUS]: exporting GPUNetIO QP resource=0 lane=25 server=3 qpn=123604 gpu_pci=0000:5C:00.0 ibdev=mlx5_0 handler=GPU_SM_DB
[STATUS]: exporting GPUNetIO QP resource=0 lane=25 server=4 qpn=123605 gpu_pci=0000:5C:00.0 ibdev=mlx5_0 handler=GPU_SM_DB
[STATUS]: exporting GPUNetIO QP resource=0 lane=26 server=0 qpn=123606 gpu_pci=0000:5C:00.0 ibdev=mlx5_0 handler=GPU_SM_DB
[STATUS]: exporting GPUNetIO QP resource=0 lane=26 server=1 qpn=123607 gpu_pci=0000:5C:00.0 ibdev=mlx5_0 handler=GPU_SM_DB
[STATUS]: exporting GPUNetIO QP resource=0 lane=26 server=2 qpn=123608 gpu_pci=0000:5C:00.0 ibdev=mlx5_0 handler=GPU_SM_DB
[STATUS]: exporting GPUNetIO QP resource=0 lane=26 server=3 qpn=123609 gpu_pci=0000:5C:00.0 ibdev=mlx5_0 handler=GPU_SM_DB
[STATUS]: exporting GPUNetIO QP resource=0 lane=26 server=4 qpn=123610 gpu_pci=0000:5C:00.0 ibdev=mlx5_0 handler=GPU_SM_DB
[STATUS]: exporting GPUNetIO QP resource=0 lane=27 server=0 qpn=123611 gpu_pci=0000:5C:00.0 ibdev=mlx5_0 handler=GPU_SM_DB
[STATUS]: exporting GPUNetIO QP resource=0 lane=27 server=1 qpn=123612 gpu_pci=0000:5C:00.0 ibdev=mlx5_0 handler=GPU_SM_DB
[STATUS]: exporting GPUNetIO QP resource=0 lane=27 server=2 qpn=123613 gpu_pci=0000:5C:00.0 ibdev=mlx5_0 handler=GPU_SM_DB
[STATUS]: exporting GPUNetIO QP resource=0 lane=27 server=3 qpn=123614 gpu_pci=0000:5C:00.0 ibdev=mlx5_0 handler=GPU_SM_DB
[STATUS]: exporting GPUNetIO QP resource=0 lane=27 server=4 qpn=123615 gpu_pci=0000:5C:00.0 ibdev=mlx5_0 handler=GPU_SM_DB
[STATUS]: exporting GPUNetIO QP resource=0 lane=28 server=0 qpn=123616 gpu_pci=0000:5C:00.0 ibdev=mlx5_0 handler=GPU_SM_DB
[STATUS]: exporting GPUNetIO QP resource=0 lane=28 server=1 qpn=123617 gpu_pci=0000:5C:00.0 ibdev=mlx5_0 handler=GPU_SM_DB
[STATUS]: exporting GPUNetIO QP resource=0 lane=28 server=2 qpn=123618 gpu_pci=0000:5C:00.0 ibdev=mlx5_0 handler=GPU_SM_DB
[STATUS]: exporting GPUNetIO QP resource=0 lane=28 server=3 qpn=123619 gpu_pci=0000:5C:00.0 ibdev=mlx5_0 handler=GPU_SM_DB
[STATUS]: exporting GPUNetIO QP resource=0 lane=28 server=4 qpn=123620 gpu_pci=0000:5C:00.0 ibdev=mlx5_0 handler=GPU_SM_DB
[STATUS]: exporting GPUNetIO QP resource=0 lane=29 server=0 qpn=123621 gpu_pci=0000:5C:00.0 ibdev=mlx5_0 handler=GPU_SM_DB
[STATUS]: exporting GPUNetIO QP resource=0 lane=29 server=1 qpn=123622 gpu_pci=0000:5C:00.0 ibdev=mlx5_0 handler=GPU_SM_DB
[STATUS]: exporting GPUNetIO QP resource=0 lane=29 server=2 qpn=123623 gpu_pci=0000:5C:00.0 ibdev=mlx5_0 handler=GPU_SM_DB
[STATUS]: exporting GPUNetIO QP resource=0 lane=29 server=3 qpn=123624 gpu_pci=0000:5C:00.0 ibdev=mlx5_0 handler=GPU_SM_DB
[STATUS]: exporting GPUNetIO QP resource=0 lane=29 server=4 qpn=123625 gpu_pci=0000:5C:00.0 ibdev=mlx5_0 handler=GPU_SM_DB
[STATUS]: exporting GPUNetIO QP resource=0 lane=30 server=0 qpn=123626 gpu_pci=0000:5C:00.0 ibdev=mlx5_0 handler=GPU_SM_DB
[STATUS]: exporting GPUNetIO QP resource=0 lane=30 server=1 qpn=123627 gpu_pci=0000:5C:00.0 ibdev=mlx5_0 handler=GPU_SM_DB
[STATUS]: exporting GPUNetIO QP resource=0 lane=30 server=2 qpn=123628 gpu_pci=0000:5C:00.0 ibdev=mlx5_0 handler=GPU_SM_DB
[STATUS]: exporting GPUNetIO QP resource=0 lane=30 server=3 qpn=123629 gpu_pci=0000:5C:00.0 ibdev=mlx5_0 handler=GPU_SM_DB
[STATUS]: exporting GPUNetIO QP resource=0 lane=30 server=4 qpn=123630 gpu_pci=0000:5C:00.0 ibdev=mlx5_0 handler=GPU_SM_DB
[STATUS]: exporting GPUNetIO QP resource=0 lane=31 server=0 qpn=123631 gpu_pci=0000:5C:00.0 ibdev=mlx5_0 handler=GPU_SM_DB
[STATUS]: exporting GPUNetIO QP resource=0 lane=31 server=1 qpn=123632 gpu_pci=0000:5C:00.0 ibdev=mlx5_0 handler=GPU_SM_DB
[STATUS]: exporting GPUNetIO QP resource=0 lane=31 server=2 qpn=123633 gpu_pci=0000:5C:00.0 ibdev=mlx5_0 handler=GPU_SM_DB
[STATUS]: exporting GPUNetIO QP resource=0 lane=31 server=3 qpn=123634 gpu_pci=0000:5C:00.0 ibdev=mlx5_0 handler=GPU_SM_DB
[STATUS]: exporting GPUNetIO QP resource=0 lane=31 server=4 qpn=123635 gpu_pci=0000:5C:00.0 ibdev=mlx5_0 handler=GPU_SM_DB
[STATUS]: GPUNetIO GPU MR registration=peer_memory bytes=3248422912
[STATUS]: GPUNetIO startup RDMA read probe passed for 160 QPs
[STATUS]: GPUNetIO RDMA Read implementation=manual_wqe_locked
1 device(s) found
Selected device: mlx5_0
Selected port state: 4, lid: 1
pairing: 123636 -- 53602
pairing: 123637 -- 53607
pairing: 123638 -- 53608
pairing: 123639 -- 53609
pairing: 123640 -- 53610
pairing: 123641 -- 53611
pairing: 123642 -- 53612
pairing: 123643 -- 53613
pairing: 123644 -- 53614
pairing: 123645 -- 53615
pairing: 123646 -- 53616
pairing: 123647 -- 53617
pairing: 123648 -- 53618
pairing: 123649 -- 53619
pairing: 123650 -- 53620
pairing: 123651 -- 53621
pairing: 123652 -- 53622
pairing: 123653 -- 53623
pairing: 123654 -- 53624
pairing: 123655 -- 53625
pairing: 123656 -- 53626
pairing: 123657 -- 53627
pairing: 123658 -- 53628
pairing: 123659 -- 53629
pairing: 123660 -- 53630
pairing: 123661 -- 53631
pairing: 123662 -- 53632
pairing: 123663 -- 53633
pairing: 123664 -- 53634
pairing: 123665 -- 53635
pairing: 123666 -- 53636
pairing: 123667 -- 53637
pairing: 123668 -- 53603
pairing: 123669 -- 53638
pairing: 123670 -- 53639
pairing: 123671 -- 53640
pairing: 123672 -- 53641
pairing: 123673 -- 53642
pairing: 123674 -- 53643
pairing: 123675 -- 53644
pairing: 123676 -- 53645
pairing: 123677 -- 53646
pairing: 123678 -- 53647
pairing: 123679 -- 53648
pairing: 123680 -- 53649
pairing: 123681 -- 53650
pairing: 123682 -- 53651
pairing: 123683 -- 53652
pairing: 123684 -- 53653
pairing: 123685 -- 53654
pairing: 123686 -- 53655
pairing: 123687 -- 53656
pairing: 123688 -- 53657
pairing: 123689 -- 53658
pairing: 123690 -- 53659
pairing: 123691 -- 53660
pairing: 123692 -- 53661
pairing: 123693 -- 53662
pairing: 123694 -- 53663
pairing: 123695 -- 53664
pairing: 123696 -- 53665
pairing: 123697 -- 53666
pairing: 123698 -- 53667
pairing: 123699 -- 53668
pairing: 123700 -- 53604
pairing: 123701 -- 53669
pairing: 123702 -- 53670
pairing: 123703 -- 53671
pairing: 123704 -- 53672
pairing: 123705 -- 53673
pairing: 123706 -- 53674
pairing: 123707 -- 53675
pairing: 123708 -- 53676
pairing: 123709 -- 53677
pairing: 123710 -- 53678
pairing: 123711 -- 53679
pairing: 123712 -- 53680
pairing: 123713 -- 53681
pairing: 123714 -- 53682
pairing: 123715 -- 53683
pairing: 123716 -- 53684
pairing: 123717 -- 53685
pairing: 123718 -- 53686
pairing: 123719 -- 53687
pairing: 123720 -- 53688
pairing: 123721 -- 53689
pairing: 123722 -- 53690
pairing: 123723 -- 53691
pairing: 123724 -- 53692
pairing: 123725 -- 53693
pairing: 123726 -- 53694
pairing: 123727 -- 53695
pairing: 123728 -- 53696
pairing: 123729 -- 53697
pairing: 123730 -- 53698
pairing: 123731 -- 53699
pairing: 123732 -- 53605
pairing: 123733 -- 53700
pairing: 123734 -- 53701
pairing: 123735 -- 53702
pairing: 123736 -- 53703
pairing: 123737 -- 53704
pairing: 123738 -- 53705
pairing: 123739 -- 53706
pairing: 123740 -- 53707
pairing: 123741 -- 53708
pairing: 123742 -- 53709
pairing: 123743 -- 53710
pairing: 123744 -- 53711
pairing: 123745 -- 53712
pairing: 123746 -- 53713
pairing: 123747 -- 53714
pairing: 123748 -- 53715
pairing: 123749 -- 53716
pairing: 123750 -- 53717
pairing: 123751 -- 53718
pairing: 123752 -- 53719
pairing: 123753 -- 53720
pairing: 123754 -- 53721
pairing: 123755 -- 53722
pairing: 123756 -- 53723
pairing: 123757 -- 53724
pairing: 123758 -- 53725
pairing: 123759 -- 53726
pairing: 123760 -- 53727
pairing: 123761 -- 53728
pairing: 123762 -- 53729
pairing: 123763 -- 53730
pairing: 123764 -- 53606
pairing: 123765 -- 53731
pairing: 123766 -- 53732
pairing: 123767 -- 53733
pairing: 123768 -- 53734
pairing: 123769 -- 53735
pairing: 123770 -- 53736
pairing: 123771 -- 53737
pairing: 123772 -- 53738
pairing: 123773 -- 53739
pairing: 123774 -- 53740
pairing: 123775 -- 53741
pairing: 123776 -- 53742
pairing: 123777 -- 53743
pairing: 123778 -- 53744
pairing: 123779 -- 53745
pairing: 123780 -- 53746
pairing: 123781 -- 53747
pairing: 123782 -- 53748
pairing: 123783 -- 53749
pairing: 123784 -- 53750
pairing: 123785 -- 53751
pairing: 123786 -- 53752
pairing: 123787 -- 53753
pairing: 123788 -- 53754
pairing: 123789 -- 53755
pairing: 123790 -- 53756
pairing: 123791 -- 53757
pairing: 123792 -- 53758
pairing: 123793 -- 53759
pairing: 123794 -- 53760
pairing: 123795 -- 53761
[gpu-search] bootstrap=CPU-posted GPUDirect RDMA; queries=strict GPU-initiated GPUNetIO
[gpu-search] streamed 3200000000 PQ bytes directly into final GPU storage; ordinal audit passed for 15 entries
[gpu-search] ASFE device stack bytes/thread=2048
[gpu-search] persistent occupancy candidate threads=128 hardware_blocks_per_sm=3 configured_cap=4 effective_blocks_per_sm=3 grid_capacity=324 owner_blocks=40 query_blocks=256 resident_query_warps=1024 selected=true
[gpu-search] persistent occupancy candidate threads=256 hardware_blocks_per_sm=1 configured_cap=4 effective_blocks_per_sm=1 grid_capacity=108 owner_blocks=20 query_blocks=86 resident_query_warps=688 selected=false
[gpu-search] persistent kernel resources registers/thread=166 static_shared_bytes=49120 max_threads/block=128
[gpu-search] unified persistent CTAs=40-owner+256-query+1-dispatch+1-control QP-owner-warps=160 threads/CTA=128 query_slots=256 resident_capacity=324 launched=298
[STATUS]: query engine: persistent GPU + GPUNetIO slots=256
[STATUS]: storage-owner update cores: progress=28 response=0
[STATUS]: storage-owner acknowledgement=query-visible stage1 graph publication; submission=bounded authority rings; batching=authority-wide; progress=single work-conserving executor
[breakdown] mixed write-rate-limited thread split: reads=256, writes=16
[breakdown] preparing workload: bootstrap_count=69632, workload=mixed
[breakdown] insert-file vectors: count=10000000 dim=128 dtype=uint8
[breakdown] bootstrap vectors ready (synthetic)
[breakdown] recall query data ready: count=10000 dtype=uint8 vector_bytes=128
[breakdown] performance query data ready: count=10000000 dtype=uint8 vector_bytes=128 policy=single_pass_no_reuse
[breakdown][recall] done 1000/1000 ops, avg_rate=43150.9 ops/s
[breakdown][recall] before_performance recall@10=0.9401 queries=1000
[breakdown] effective insert start id=111000000
[breakdown] starting warmup mixed
[storage-owner] sender batch telemetry owner=0 batches=32 items=32 avg_batch=1 full_batches=0 tail_escape_batches=32 max_wait_flush_batches=0 queue_visibility_stalls=0 partial_visible_batches=0 published=0
[storage-owner] sender completion telemetry owner=0 batches=32 items=32 avg_batch=1 avg_rpc_wall_us=24.4455 max_rpc_wall_us=80.694 max_active_rpcs=1 max_published=1
[storage-owner] sender batch telemetry owner=1 batches=32 items=32 avg_batch=1 full_batches=0 tail_escape_batches=32 max_wait_flush_batches=0 queue_visibility_stalls=0 partial_visible_batches=0 published=0
[storage-owner] sender completion telemetry owner=1 batches=32 items=32 avg_batch=1 avg_rpc_wall_us=25.432 max_rpc_wall_us=61.011 max_active_rpcs=1 max_published=1
[storage-owner] sender batch telemetry owner=2 batches=32 items=32 avg_batch=1 full_batches=0 tail_escape_batches=32 max_wait_flush_batches=0 queue_visibility_stalls=0 partial_visible_batches=0 published=0
[storage-owner] sender completion telemetry owner=2 batches=32 items=32 avg_batch=1 avg_rpc_wall_us=26.9481 max_rpc_wall_us=108.211 max_active_rpcs=1 max_published=1
[storage-owner] sender batch telemetry owner=3 batches=32 items=32 avg_batch=1 full_batches=0 tail_escape_batches=32 max_wait_flush_batches=0 queue_visibility_stalls=0 partial_visible_batches=0 published=0
[storage-owner] sender completion telemetry owner=3 batches=32 items=32 avg_batch=1 avg_rpc_wall_us=26.2036 max_rpc_wall_us=68.959 max_active_rpcs=1 max_published=1
[storage-owner] sender batch telemetry owner=4 batches=32 items=32 avg_batch=1 full_batches=0 tail_escape_batches=32 max_wait_flush_batches=0 queue_visibility_stalls=0 partial_visible_batches=0 published=0
[storage-owner] sender completion telemetry owner=4 batches=32 items=32 avg_batch=1 avg_rpc_wall_us=28.0471 max_rpc_wall_us=128.674 max_active_rpcs=1 max_published=1
[storage-owner] sender batch telemetry owner=0 batches=64 items=64 avg_batch=1 full_batches=0 tail_escape_batches=64 max_wait_flush_batches=0 queue_visibility_stalls=0 partial_visible_batches=0 published=0
[storage-owner] sender completion telemetry owner=0 batches=64 items=64 avg_batch=1 avg_rpc_wall_us=26.145 max_rpc_wall_us=80.694 max_active_rpcs=1 max_published=1
[storage-owner] sender batch telemetry owner=1 batches=64 items=64 avg_batch=1 full_batches=0 tail_escape_batches=64 max_wait_flush_batches=0 queue_visibility_stalls=0 partial_visible_batches=0 published=0
[storage-owner] sender completion telemetry owner=1 batches=64 items=64 avg_batch=1 avg_rpc_wall_us=27.1346 max_rpc_wall_us=70.516 max_active_rpcs=1 max_published=1
[storage-owner] sender batch telemetry owner=2 batches=64 items=64 avg_batch=1 full_batches=0 tail_escape_batches=64 max_wait_flush_batches=0 queue_visibility_stalls=0 partial_visible_batches=0 published=0
[storage-owner] sender completion telemetry owner=2 batches=64 items=64 avg_batch=1 avg_rpc_wall_us=27.9846 max_rpc_wall_us=108.211 max_active_rpcs=1 max_published=1
[storage-owner] sender batch telemetry owner=3 batches=64 items=64 avg_batch=1 full_batches=0 tail_escape_batches=64 max_wait_flush_batches=0 queue_visibility_stalls=0 partial_visible_batches=0 published=0
[storage-owner] sender completion telemetry owner=3 batches=64 items=64 avg_batch=1 avg_rpc_wall_us=27.1347 max_rpc_wall_us=68.959 max_active_rpcs=1 max_published=1
[storage-owner] sender batch telemetry owner=4 batches=64 items=64 avg_batch=1 full_batches=0 tail_escape_batches=64 max_wait_flush_batches=0 queue_visibility_stalls=0 partial_visible_batches=0 published=0
[storage-owner] sender completion telemetry owner=4 batches=64 items=64 avg_batch=1 avg_rpc_wall_us=28.8977 max_rpc_wall_us=128.674 max_active_rpcs=1 max_published=1
[storage-owner] sender batch telemetry owner=0 batches=128 items=128 avg_batch=1 full_batches=0 tail_escape_batches=128 max_wait_flush_batches=0 queue_visibility_stalls=0 partial_visible_batches=0 published=0
[storage-owner] sender completion telemetry owner=0 batches=128 items=128 avg_batch=1 avg_rpc_wall_us=26.4999 max_rpc_wall_us=80.694 max_active_rpcs=1 max_published=1
[storage-owner] sender batch telemetry owner=1 batches=128 items=128 avg_batch=1 full_batches=0 tail_escape_batches=128 max_wait_flush_batches=0 queue_visibility_stalls=0 partial_visible_batches=0 published=0
[storage-owner] sender completion telemetry owner=1 batches=128 items=128 avg_batch=1 avg_rpc_wall_us=26.331 max_rpc_wall_us=70.516 max_active_rpcs=1 max_published=1
[storage-owner] sender batch telemetry owner=2 batches=128 items=128 avg_batch=1 full_batches=0 tail_escape_batches=128 max_wait_flush_batches=0 queue_visibility_stalls=0 partial_visible_batches=0 published=0
[storage-owner] sender completion telemetry owner=2 batches=128 items=128 avg_batch=1 avg_rpc_wall_us=26.9304 max_rpc_wall_us=108.211 max_active_rpcs=1 max_published=1
[storage-owner] sender batch telemetry owner=3 batches=128 items=128 avg_batch=1 full_batches=0 tail_escape_batches=128 max_wait_flush_batches=0 queue_visibility_stalls=0 partial_visible_batches=0 published=0
[storage-owner] sender completion telemetry owner=3 batches=128 items=128 avg_batch=1 avg_rpc_wall_us=26.4205 max_rpc_wall_us=68.959 max_active_rpcs=1 max_published=1
[storage-owner] sender batch telemetry owner=4 batches=128 items=128 avg_batch=1 full_batches=0 tail_escape_batches=128 max_wait_flush_batches=0 queue_visibility_stalls=0 partial_visible_batches=0 published=0
[storage-owner] sender completion telemetry owner=4 batches=128 items=128 avg_batch=1 avg_rpc_wall_us=29.6566 max_rpc_wall_us=128.674 max_active_rpcs=1 max_published=1
[gpu-search] slow query e2e_us=10194 gpu_us=4631 prepare_us=112 graph_us=327 score_us=514 beam_us=488 exact_us=562 beam_select_us=40 rdma_issue_us=231 rdma_wait_us=1675 graph_validation_us=40 neighbor_decode_us=104 pq_score_us=286 visited_us=123 beam_merge_us=488 graph_reads=200 graph_rereads=0 graph_bytes=76160 graph_extent_reads=200 graph_full_reads=0 graph_extent_fallbacks=0 graph_extent_underhints=0 graph_extent_promotions=0 dynamic_graph_short_reads=0 dynamic_graph_full_reads=0 dynamic_graph_bytes=0 dynamic_graph_fallbacks=0 dynamic_graph_promotions=0 dynamic_graph_demotions=0 logical_expansions=200 critical_graph_reads=200 speculative_graph_reads=0 speculative_promoted=0 speculative_stale=0 speculative_wasted_bytes=0 rdma_completion_latency_ns=3053568 rdma_completion_groups=28 issue_width_max=16 commit_width_max=16 critical_misses=4 certificate_rejects=0 graph_batches=24 graph_rounds=15 route_hits=0 exact_reads=128 exact_snapshot_trains=2 exact_snapshot_fallbacks=0 terminal_exact_cache_attempted=1 terminal_exact_cache_issued=128 terminal_exact_cache_promoted=119 terminal_exact_cache_misses=0 terminal_exact_cache_wasted_bytes=1368 terminal_exact_cache_queue_rejects=0 dynamic_pq_reads=0 dynamic_pq_us=0 dynamic_pq_incarnation_rejects=0 dynamic_pq_arena_hits=0 dynamic_pq_batch_deduplicated=0
[gpu-search] slow query e2e_us=10008 gpu_us=4320 prepare_us=97 graph_us=284 score_us=496 beam_us=444 exact_us=243 beam_select_us=30 rdma_issue_us=208 rdma_wait_us=1934 graph_validation_us=24 neighbor_decode_us=98 pq_score_us=275 visited_us=121 beam_merge_us=444 graph_reads=186 graph_rereads=0 graph_bytes=79072 graph_extent_reads=186 graph_full_reads=0 graph_extent_fallbacks=0 graph_extent_underhints=0 graph_extent_promotions=0 dynamic_graph_short_reads=0 dynamic_graph_full_reads=0 dynamic_graph_bytes=0 dynamic_graph_fallbacks=0 dynamic_graph_promotions=0 dynamic_graph_demotions=0 logical_expansions=186 critical_graph_reads=186 speculative_graph_reads=0 speculative_promoted=0 speculative_stale=0 speculative_wasted_bytes=0 rdma_completion_latency_ns=3108864 rdma_completion_groups=26 issue_width_max=16 commit_width_max=16 critical_misses=4 certificate_rejects=0 graph_batches=22 graph_rounds=14 route_hits=0 exact_reads=128 exact_snapshot_trains=1 exact_snapshot_fallbacks=0 terminal_exact_cache_attempted=1 terminal_exact_cache_issued=128 terminal_exact_cache_promoted=127 terminal_exact_cache_misses=0 terminal_exact_cache_wasted_bytes=152 terminal_exact_cache_queue_rejects=0 dynamic_pq_reads=0 dynamic_pq_us=0 dynamic_pq_incarnation_rejects=0 dynamic_pq_arena_hits=22 dynamic_pq_batch_deduplicated=0
[gpu-search] slow query e2e_us=10152 gpu_us=4463 prepare_us=102 graph_us=495 score_us=370 beam_us=400 exact_us=337 beam_select_us=32 rdma_issue_us=221 rdma_wait_us=2206 graph_validation_us=44 neighbor_decode_us=77 pq_score_us=205 visited_us=86 beam_merge_us=400 graph_reads=196 graph_rereads=0 graph_bytes=53504 graph_extent_reads=196 graph_full_reads=0 graph_extent_fallbacks=0 graph_extent_underhints=0 graph_extent_promotions=0 dynamic_graph_short_reads=0 dynamic_graph_full_reads=0 dynamic_graph_bytes=0 dynamic_graph_fallbacks=0 dynamic_graph_promotions=0 dynamic_graph_demotions=0 logical_expansions=196 critical_graph_reads=196 speculative_graph_reads=0 speculative_promoted=0 speculative_stale=0 speculative_wasted_bytes=0 rdma_completion_latency_ns=3390464 rdma_completion_groups=22 issue_width_max=16 commit_width_max=16 critical_misses=20 certificate_rejects=0 graph_batches=14 graph_rounds=14 route_hits=0 exact_reads=128 exact_snapshot_trains=1 exact_snapshot_fallbacks=0 terminal_exact_cache_attempted=1 terminal_exact_cache_issued=128 terminal_exact_cache_promoted=126 terminal_exact_cache_misses=0 terminal_exact_cache_wasted_bytes=304 terminal_exact_cache_queue_rejects=0 dynamic_pq_reads=0 dynamic_pq_us=0 dynamic_pq_incarnation_rejects=0 dynamic_pq_arena_hits=0 dynamic_pq_batch_deduplicated=0
[gpu-search] slow query e2e_us=10014 gpu_us=4281 prepare_us=117 graph_us=305 score_us=605 beam_us=543 exact_us=281 beam_select_us=29 rdma_issue_us=228 rdma_wait_us=1511 graph_validation_us=27 neighbor_decode_us=118 pq_score_us=343 visited_us=143 beam_merge_us=543 graph_reads=202 graph_rereads=0 graph_bytes=86944 graph_extent_reads=202 graph_full_reads=0 graph_extent_fallbacks=0 graph_extent_underhints=0 graph_extent_promotions=0 dynamic_graph_short_reads=0 dynamic_graph_full_reads=0 dynamic_graph_bytes=0 dynamic_graph_fallbacks=0 dynamic_graph_promotions=0 dynamic_graph_demotions=0 logical_expansions=202 critical_graph_reads=202 speculative_graph_reads=0 speculative_promoted=0 speculative_stale=0 speculative_wasted_bytes=0 rdma_completion_latency_ns=2774016 rdma_completion_groups=25 issue_width_max=16 commit_width_max=16 critical_misses=4 certificate_rejects=0 graph_batches=21 graph_rounds=15 route_hits=0 exact_reads=128 exact_snapshot_trains=1 exact_snapshot_fallbacks=0 terminal_exact_cache_attempted=1 terminal_exact_cache_issued=128 terminal_exact_cache_promoted=122 terminal_exact_cache_misses=0 terminal_exact_cache_wasted_bytes=912 terminal_exact_cache_queue_rejects=0 dynamic_pq_reads=0 dynamic_pq_us=0 dynamic_pq_incarnation_rejects=0 dynamic_pq_arena_hits=9 dynamic_pq_batch_deduplicated=0
[gpu-search] slow query e2e_us=10198 gpu_us=4327 prepare_us=121 graph_us=341 score_us=793 beam_us=644 exact_us=290 beam_select_us=52 rdma_issue_us=240 rdma_wait_us=1059 graph_validation_us=40 neighbor_decode_us=138 pq_score_us=449 visited_us=205 beam_merge_us=644 graph_reads=196 graph_rereads=0 graph_bytes=117760 graph_extent_reads=196 graph_full_reads=0 graph_extent_fallbacks=0 graph_extent_underhints=0 graph_extent_promotions=0 dynamic_graph_short_reads=1 dynamic_graph_full_reads=0 dynamic_graph_bytes=656 dynamic_graph_fallbacks=0 dynamic_graph_promotions=0 dynamic_graph_demotions=0 logical_expansions=196 critical_graph_reads=196 speculative_graph_reads=0 speculative_promoted=0 speculative_stale=0 speculative_wasted_bytes=0 rdma_completion_latency_ns=2371584 rdma_completion_groups=29 issue_width_max=16 commit_width_max=16 critical_misses=4 certificate_rejects=0 graph_batches=25 graph_rounds=16 route_hits=0 exact_reads=128 exact_snapshot_trains=2 exact_snapshot_fallbacks=0 terminal_exact_cache_attempted=1 terminal_exact_cache_issued=128 terminal_exact_cache_promoted=110 terminal_exact_cache_misses=0 terminal_exact_cache_wasted_bytes=2736 terminal_exact_cache_queue_rejects=0 dynamic_pq_reads=0 dynamic_pq_us=0 dynamic_pq_incarnation_rejects=0 dynamic_pq_arena_hits=12 dynamic_pq_batch_deduplicated=0
[gpu-search] slow query e2e_us=10248 gpu_us=4301 prepare_us=146 graph_us=367 score_us=815 beam_us=638 exact_us=351 beam_select_us=45 rdma_issue_us=246 rdma_wait_us=941 graph_validation_us=41 neighbor_decode_us=130 pq_score_us=474 visited_us=210 beam_merge_us=638 graph_reads=183 graph_rereads=0 graph_bytes=117104 graph_extent_reads=183 graph_full_reads=0 graph_extent_fallbacks=0 graph_extent_underhints=0 graph_extent_promotions=0 dynamic_graph_short_reads=0 dynamic_graph_full_reads=0 dynamic_graph_bytes=0 dynamic_graph_fallbacks=0 dynamic_graph_promotions=0 dynamic_graph_demotions=0 logical_expansions=183 critical_graph_reads=183 speculative_graph_reads=0 speculative_promoted=0 speculative_stale=0 speculative_wasted_bytes=0 rdma_completion_latency_ns=2202624 rdma_completion_groups=26 issue_width_max=16 commit_width_max=16 critical_misses=4 certificate_rejects=0 graph_batches=22 graph_rounds=15 route_hits=0 exact_reads=128 exact_snapshot_trains=1 exact_snapshot_fallbacks=0 terminal_exact_cache_attempted=1 terminal_exact_cache_issued=128 terminal_exact_cache_promoted=117 terminal_exact_cache_misses=0 terminal_exact_cache_wasted_bytes=1672 terminal_exact_cache_queue_rejects=0 dynamic_pq_reads=0 dynamic_pq_us=0 dynamic_pq_incarnation_rejects=0 dynamic_pq_arena_hits=36 dynamic_pq_batch_deduplicated=0
[gpu-search] slow query e2e_us=10595 gpu_us=4566 prepare_us=95 graph_us=1135 score_us=662 beam_us=580 exact_us=337 beam_select_us=37 rdma_issue_us=224 rdma_wait_us=1681 graph_validation_us=96 neighbor_decode_us=107 pq_score_us=387 visited_us=167 beam_merge_us=580 graph_reads=196 graph_rereads=0 graph_bytes=97216 graph_extent_reads=196 graph_full_reads=0 graph_extent_fallbacks=0 graph_extent_underhints=0 graph_extent_promotions=0 dynamic_graph_short_reads=0 dynamic_graph_full_reads=0 dynamic_graph_bytes=0 dynamic_graph_fallbacks=0 dynamic_graph_promotions=0 dynamic_graph_demotions=0 logical_expansions=196 critical_graph_reads=196 speculative_graph_reads=0 speculative_promoted=0 speculative_stale=0 speculative_wasted_bytes=0 rdma_completion_latency_ns=5198848 rdma_completion_groups=27 issue_width_max=16 commit_width_max=16 critical_misses=19 certificate_rejects=0 graph_batches=15 graph_rounds=15 route_hits=0 exact_reads=128 exact_snapshot_trains=1 exact_snapshot_fallbacks=0 terminal_exact_cache_attempted=1 terminal_exact_cache_issued=128 terminal_exact_cache_promoted=123 terminal_exact_cache_misses=0 terminal_exact_cache_wasted_bytes=760 terminal_exact_cache_queue_rejects=0 dynamic_pq_reads=0 dynamic_pq_us=0 dynamic_pq_incarnation_rejects=0 dynamic_pq_arena_hits=10 dynamic_pq_batch_deduplicated=0
[gpu-search] slow query e2e_us=10428 gpu_us=4208 prepare_us=116 graph_us=314 score_us=709 beam_us=602 exact_us=329 beam_select_us=52 rdma_issue_us=245 rdma_wait_us=1030 graph_validation_us=25 neighbor_decode_us=128 pq_score_us=396 visited_us=184 beam_merge_us=602 graph_reads=183 graph_rereads=0 graph_bytes=102832 graph_extent_reads=183 graph_full_reads=0 graph_extent_fallbacks=0 graph_extent_underhints=0 graph_extent_promotions=0 dynamic_graph_short_reads=0 dynamic_graph_full_reads=0 dynamic_graph_bytes=0 dynamic_graph_fallbacks=0 dynamic_graph_promotions=0 dynamic_graph_demotions=0 logical_expansions=183 critical_graph_reads=183 speculative_graph_reads=0 speculative_promoted=0 speculative_stale=0 speculative_wasted_bytes=0 rdma_completion_latency_ns=2650112 rdma_completion_groups=33 issue_width_max=16 commit_width_max=16 critical_misses=4 certificate_rejects=0 graph_batches=29 graph_rounds=16 route_hits=0 exact_reads=128 exact_snapshot_trains=2 exact_snapshot_fallbacks=0 terminal_exact_cache_attempted=1 terminal_exact_cache_issued=128 terminal_exact_cache_promoted=117 terminal_exact_cache_misses=0 terminal_exact_cache_wasted_bytes=1672 terminal_exact_cache_queue_rejects=0 dynamic_pq_reads=0 dynamic_pq_us=0 dynamic_pq_incarnation_rejects=0 dynamic_pq_arena_hits=9 dynamic_pq_batch_deduplicated=0
[gpu-search] slow query e2e_us=10390 gpu_us=4102 prepare_us=124 graph_us=326 score_us=594 beam_us=592 exact_us=508 beam_select_us=39 rdma_issue_us=239 rdma_wait_us=837 graph_validation_us=32 neighbor_decode_us=113 pq_score_us=345 visited_us=136 beam_merge_us=592 graph_reads=191 graph_rereads=0 graph_bytes=81712 graph_extent_reads=191 graph_full_reads=0 graph_extent_fallbacks=0 graph_extent_underhints=0 graph_extent_promotions=0 dynamic_graph_short_reads=0 dynamic_graph_full_reads=0 dynamic_graph_bytes=0 dynamic_graph_fallbacks=0 dynamic_graph_promotions=0 dynamic_graph_demotions=0 logical_expansions=191 critical_graph_reads=191 speculative_graph_reads=0 speculative_promoted=0 speculative_stale=0 speculative_wasted_bytes=0 rdma_completion_latency_ns=2563072 rdma_completion_groups=33 issue_width_max=16 commit_width_max=16 critical_misses=4 certificate_rejects=0 graph_batches=29 graph_rounds=15 route_hits=0 exact_reads=128 exact_snapshot_trains=2 exact_snapshot_fallbacks=0 terminal_exact_cache_attempted=1 terminal_exact_cache_issued=128 terminal_exact_cache_promoted=125 terminal_exact_cache_misses=0 terminal_exact_cache_wasted_bytes=456 terminal_exact_cache_queue_rejects=0 dynamic_pq_reads=0 dynamic_pq_us=0 dynamic_pq_incarnation_rejects=0 dynamic_pq_arena_hits=9 dynamic_pq_batch_deduplicated=0
[gpu-search] slow query e2e_us=10087 gpu_us=3616 prepare_us=104 graph_us=311 score_us=447 beam_us=442 exact_us=531 beam_select_us=40 rdma_issue_us=222 rdma_wait_us=1023 graph_validation_us=37 neighbor_decode_us=99 pq_score_us=237 visited_us=110 beam_merge_us=442 graph_reads=193 graph_rereads=0 graph_bytes=63632 graph_extent_reads=193 graph_full_reads=0 graph_extent_fallbacks=0 graph_extent_underhints=0 graph_extent_promotions=0 dynamic_graph_short_reads=7 dynamic_graph_full_reads=0 dynamic_graph_bytes=3056 dynamic_graph_fallbacks=0 dynamic_graph_promotions=0 dynamic_graph_demotions=0 logical_expansions=193 critical_graph_reads=193 speculative_graph_reads=0 speculative_promoted=0 speculative_stale=0 speculative_wasted_bytes=0 rdma_completion_latency_ns=1602560 rdma_completion_groups=19 issue_width_max=16 commit_width_max=16 critical_misses=4 certificate_rejects=0 graph_batches=15 graph_rounds=15 route_hits=0 exact_reads=128 exact_snapshot_trains=1 exact_snapshot_fallbacks=0 terminal_exact_cache_attempted=1 terminal_exact_cache_issued=128 terminal_exact_cache_promoted=124 terminal_exact_cache_misses=0 terminal_exact_cache_wasted_bytes=608 terminal_exact_cache_queue_rejects=0 dynamic_pq_reads=0 dynamic_pq_us=0 dynamic_pq_incarnation_rejects=0 dynamic_pq_arena_hits=20 dynamic_pq_batch_deduplicated=0
[gpu-search] slow query e2e_us=10518 gpu_us=3923 prepare_us=112 graph_us=370 score_us=651 beam_us=551 exact_us=256 beam_select_us=56 rdma_issue_us=280 rdma_wait_us=841 graph_validation_us=27 neighbor_decode_us=118 pq_score_us=375 visited_us=157 beam_merge_us=551 graph_reads=214 graph_rereads=0 graph_bytes=90464 graph_extent_reads=214 graph_full_reads=0 graph_extent_fallbacks=0 graph_extent_underhints=0 graph_extent_promotions=0 dynamic_graph_short_reads=0 dynamic_graph_full_reads=0 dynamic_graph_bytes=0 dynamic_graph_fallbacks=0 dynamic_graph_promotions=0 dynamic_graph_demotions=0 logical_expansions=214 critical_graph_reads=214 speculative_graph_reads=0 speculative_promoted=0 speculative_stale=0 speculative_wasted_bytes=0 rdma_completion_latency_ns=2647040 rdma_completion_groups=35 issue_width_max=16 commit_width_max=16 critical_misses=4 certificate_rejects=0 graph_batches=31 graph_rounds=17 route_hits=0 exact_reads=128 exact_snapshot_trains=2 exact_snapshot_fallbacks=0 terminal_exact_cache_attempted=1 terminal_exact_cache_issued=128 terminal_exact_cache_promoted=111 terminal_exact_cache_misses=0 terminal_exact_cache_wasted_bytes=2584 terminal_exact_cache_queue_rejects=0 dynamic_pq_reads=0 dynamic_pq_us=0 dynamic_pq_incarnation_rejects=0 dynamic_pq_arena_hits=22 dynamic_pq_batch_deduplicated=0
[gpu-search] slow query e2e_us=10757 gpu_us=4130 prepare_us=109 graph_us=532 score_us=650 beam_us=585 exact_us=491 beam_select_us=55 rdma_issue_us=302 rdma_wait_us=837 graph_validation_us=90 neighbor_decode_us=133 pq_score_us=360 visited_us=157 beam_merge_us=585 graph_reads=199 graph_rereads=0 graph_bytes=90672 graph_extent_reads=199 graph_full_reads=0 graph_extent_fallbacks=0 graph_extent_underhints=0 graph_extent_promotions=0 dynamic_graph_short_reads=0 dynamic_graph_full_reads=0 dynamic_graph_bytes=0 dynamic_graph_fallbacks=0 dynamic_graph_promotions=0 dynamic_graph_demotions=0 logical_expansions=199 critical_graph_reads=199 speculative_graph_reads=0 speculative_promoted=0 speculative_stale=0 speculative_wasted_bytes=0 rdma_completion_latency_ns=1775616 rdma_completion_groups=25 issue_width_max=16 commit_width_max=16 critical_misses=20 certificate_rejects=0 graph_batches=17 graph_rounds=17 route_hits=0 exact_reads=128 exact_snapshot_trains=1 exact_snapshot_fallbacks=0 terminal_exact_cache_attempted=1 terminal_exact_cache_issued=128 terminal_exact_cache_promoted=119 terminal_exact_cache_misses=0 terminal_exact_cache_wasted_bytes=1368 terminal_exact_cache_queue_rejects=0 dynamic_pq_reads=0 dynamic_pq_us=0 dynamic_pq_incarnation_rejects=0 dynamic_pq_arena_hits=22 dynamic_pq_batch_deduplicated=0
[gpu-search] slow query e2e_us=10501 gpu_us=3713 prepare_us=114 graph_us=298 score_us=552 beam_us=442 exact_us=554 beam_select_us=38 rdma_issue_us=200 rdma_wait_us=993 graph_validation_us=24 neighbor_decode_us=104 pq_score_us=312 visited_us=136 beam_merge_us=442 graph_reads=181 graph_rereads=0 graph_bytes=82384 graph_extent_reads=181 graph_full_reads=0 graph_extent_fallbacks=0 graph_extent_underhints=0 graph_extent_promotions=0 dynamic_graph_short_reads=0 dynamic_graph_full_reads=0 dynamic_graph_bytes=0 dynamic_graph_fallbacks=0 dynamic_graph_promotions=0 dynamic_graph_demotions=0 logical_expansions=181 critical_graph_reads=181 speculative_graph_reads=0 speculative_promoted=0 speculative_stale=0 speculative_wasted_bytes=0 rdma_completion_latency_ns=1619968 rdma_completion_groups=18 issue_width_max=16 commit_width_max=16 critical_misses=4 certificate_rejects=0 graph_batches=14 graph_rounds=14 route_hits=0 exact_reads=128 exact_snapshot_trains=1 exact_snapshot_fallbacks=0 terminal_exact_cache_attempted=1 terminal_exact_cache_issued=128 terminal_exact_cache_promoted=121 terminal_exact_cache_misses=0 terminal_exact_cache_wasted_bytes=1064 terminal_exact_cache_queue_rejects=0 dynamic_pq_reads=0 dynamic_pq_us=0 dynamic_pq_incarnation_rejects=0 dynamic_pq_arena_hits=20 dynamic_pq_batch_deduplicated=0
[gpu-search] slow query e2e_us=10688 gpu_us=3877 prepare_us=111 graph_us=320 score_us=633 beam_us=516 exact_us=229 beam_select_us=36 rdma_issue_us=219 rdma_wait_us=1148 graph_validation_us=30 neighbor_decode_us=113 pq_score_us=354 visited_us=166 beam_merge_us=516 graph_reads=193 graph_rereads=0 graph_bytes=95760 graph_extent_reads=193 graph_full_reads=0 graph_extent_fallbacks=0 graph_extent_underhints=0 graph_extent_promotions=0 dynamic_graph_short_reads=0 dynamic_graph_full_reads=0 dynamic_graph_bytes=0 dynamic_graph_fallbacks=0 dynamic_graph_promotions=0 dynamic_graph_demotions=0 logical_expansions=193 critical_graph_reads=193 speculative_graph_reads=0 speculative_promoted=0 speculative_stale=0 speculative_wasted_bytes=0 rdma_completion_latency_ns=2822144 rdma_completion_groups=33 issue_width_max=16 commit_width_max=16 critical_misses=4 certificate_rejects=0 graph_batches=29 graph_rounds=15 route_hits=0 exact_reads=128 exact_snapshot_trains=2 exact_snapshot_fallbacks=0 terminal_exact_cache_attempted=1 terminal_exact_cache_issued=128 terminal_exact_cache_promoted=122 terminal_exact_cache_misses=0 terminal_exact_cache_wasted_bytes=912 terminal_exact_cache_queue_rejects=0 dynamic_pq_reads=0 dynamic_pq_us=0 dynamic_pq_incarnation_rejects=0 dynamic_pq_arena_hits=10 dynamic_pq_batch_deduplicated=0
[gpu-search] slow query e2e_us=10417 gpu_us=3566 prepare_us=105 graph_us=301 score_us=524 beam_us=449 exact_us=364 beam_select_us=31 rdma_issue_us=222 rdma_wait_us=995 graph_validation_us=30 neighbor_decode_us=100 pq_score_us=296 visited_us=127 beam_merge_us=449 graph_reads=185 graph_rereads=0 graph_bytes=81360 graph_extent_reads=185 graph_full_reads=0 graph_extent_fallbacks=0 graph_extent_underhints=0 graph_extent_promotions=0 dynamic_graph_short_reads=0 dynamic_graph_full_reads=0 dynamic_graph_bytes=0 dynamic_graph_fallbacks=0 dynamic_graph_promotions=0 dynamic_graph_demotions=0 logical_expansions=185 critical_graph_reads=185 speculative_graph_reads=0 speculative_promoted=0 speculative_stale=0 speculative_wasted_bytes=0 rdma_completion_latency_ns=2157568 rdma_completion_groups=26 issue_width_max=16 commit_width_max=16 critical_misses=4 certificate_rejects=0 graph_batches=22 graph_rounds=14 route_hits=0 exact_reads=128 exact_snapshot_trains=1 exact_snapshot_fallbacks=0 terminal_exact_cache_attempted=1 terminal_exact_cache_issued=128 terminal_exact_cache_promoted=127 terminal_exact_cache_misses=0 terminal_exact_cache_wasted_bytes=152 terminal_exact_cache_queue_rejects=0 dynamic_pq_reads=0 dynamic_pq_us=0 dynamic_pq_incarnation_rejects=0 dynamic_pq_arena_hits=22 dynamic_pq_batch_deduplicated=0
[gpu-search] slow query e2e_us=10499 gpu_us=3535 prepare_us=106 graph_us=471 score_us=586 beam_us=494 exact_us=222 beam_select_us=24 rdma_issue_us=241 rdma_wait_us=772 graph_validation_us=76 neighbor_decode_us=104 pq_score_us=339 visited_us=143 beam_merge_us=494 graph_reads=181 graph_rereads=0 graph_bytes=87824 graph_extent_reads=181 graph_full_reads=0 graph_extent_fallbacks=0 graph_extent_underhints=0 graph_extent_promotions=0 dynamic_graph_short_reads=5 dynamic_graph_full_reads=0 dynamic_graph_bytes=3024 dynamic_graph_fallbacks=0 dynamic_graph_promotions=0 dynamic_graph_demotions=0 logical_expansions=181 critical_graph_reads=181 speculative_graph_reads=0 speculative_promoted=0 speculative_stale=0 speculative_wasted_bytes=0 rdma_completion_latency_ns=2768896 rdma_completion_groups=37 issue_width_max=16 commit_width_max=16 critical_misses=19 certificate_rejects=0 graph_batches=30 graph_rounds=13 route_hits=0 exact_reads=128 exact_snapshot_trains=0 exact_snapshot_fallbacks=0 terminal_exact_cache_attempted=1 terminal_exact_cache_issued=128 terminal_exact_cache_promoted=128 terminal_exact_cache_misses=0 terminal_exact_cache_wasted_bytes=0 terminal_exact_cache_queue_rejects=0 dynamic_pq_reads=0 dynamic_pq_us=0 dynamic_pq_incarnation_rejects=0 dynamic_pq_arena_hits=35 dynamic_pq_batch_deduplicated=0
[storage-owner] sender batch telemetry owner=0 batches=256 items=256 avg_batch=1 full_batches=0 tail_escape_batches=256 max_wait_flush_batches=0 queue_visibility_stalls=0 partial_visible_batches=0 published=0
[storage-owner] sender completion telemetry owner=0 batches=256 items=256 avg_batch=1 avg_rpc_wall_us=25.6733 max_rpc_wall_us=80.694 max_active_rpcs=1 max_published=1
[storage-owner] sender batch telemetry owner=1 batches=256 items=256 avg_batch=1 full_batches=0 tail_escape_batches=256 max_wait_flush_batches=0 queue_visibility_stalls=0 partial_visible_batches=0 published=0
[storage-owner] sender completion telemetry owner=1 batches=256 items=256 avg_batch=1 avg_rpc_wall_us=25.8759 max_rpc_wall_us=70.516 max_active_rpcs=1 max_published=1
[storage-owner] sender batch telemetry owner=2 batches=256 items=256 avg_batch=1 full_batches=0 tail_escape_batches=256 max_wait_flush_batches=0 queue_visibility_stalls=0 partial_visible_batches=0 published=0
[storage-owner] sender completion telemetry owner=2 batches=256 items=256 avg_batch=1 avg_rpc_wall_us=87.0285 max_rpc_wall_us=15624.7 max_active_rpcs=1 max_published=1
[storage-owner] sender batch telemetry owner=3 batches=256 items=256 avg_batch=1 full_batches=0 tail_escape_batches=256 max_wait_flush_batches=0 queue_visibility_stalls=0 partial_visible_batches=0 published=0
[storage-owner] sender completion telemetry owner=3 batches=256 items=256 avg_batch=1 avg_rpc_wall_us=26.2854 max_rpc_wall_us=68.959 max_active_rpcs=1 max_published=1
[storage-owner] sender batch telemetry owner=4 batches=256 items=256 avg_batch=1 full_batches=0 tail_escape_batches=256 max_wait_flush_batches=0 queue_visibility_stalls=0 partial_visible_batches=0 published=0
[storage-owner] sender completion telemetry owner=4 batches=256 items=256 avg_batch=1 avg_rpc_wall_us=28.7429 max_rpc_wall_us=128.674 max_active_rpcs=1 max_published=1
[breakdown][warmup-mixed] progress elapsed=5s/5s, completed=332606 ops, rate=66521.2 ops/s, interval_rate=66521.2 ops/s, interval_read_qps=66021.4, interval_write_qps=499.8
[breakdown][warmup-mixed] done measurement_elapsed=5s/5s, measurement_completed=332606 ops, measurement_avg_rate=66521.2 ops/s, drain_elapsed=0.0063362s, drain_completed=255 ops
[breakdown][warmup] maintenance drain elapsed=0.0315171s complete=yes
[breakdown] starting measure phase
[storage-owner] sender batch telemetry owner=4 batches=512 items=512 avg_batch=1 full_batches=0 tail_escape_batches=512 max_wait_flush_batches=0 queue_visibility_stalls=0 partial_visible_batches=0 published=0
[storage-owner] sender completion telemetry owner=4 batches=512 items=512 avg_batch=1 avg_rpc_wall_us=32.9732 max_rpc_wall_us=2144.28 max_active_rpcs=1 max_published=1
[storage-owner] sender batch telemetry owner=0 batches=512 items=512 avg_batch=1 full_batches=0 tail_escape_batches=512 max_wait_flush_batches=0 queue_visibility_stalls=0 partial_visible_batches=0 published=0
[storage-owner] sender completion telemetry owner=0 batches=512 items=512 avg_batch=1 avg_rpc_wall_us=26.2623 max_rpc_wall_us=80.694 max_active_rpcs=1 max_published=1
[storage-owner] sender batch telemetry owner=1 batches=512 items=512 avg_batch=1 full_batches=0 tail_escape_batches=512 max_wait_flush_batches=0 queue_visibility_stalls=0 partial_visible_batches=0 published=0
[storage-owner] sender completion telemetry owner=1 batches=512 items=512 avg_batch=1 avg_rpc_wall_us=49.8677 max_rpc_wall_us=11085 max_active_rpcs=1 max_published=1
[storage-owner] sender batch telemetry owner=2 batches=512 items=512 avg_batch=1 full_batches=0 tail_escape_batches=512 max_wait_flush_batches=0 queue_visibility_stalls=0 partial_visible_batches=0 published=0
[storage-owner] sender completion telemetry owner=2 batches=512 items=512 avg_batch=1 avg_rpc_wall_us=70.9352 max_rpc_wall_us=15624.7 max_active_rpcs=1 max_published=1
[storage-owner] sender batch telemetry owner=3 batches=512 items=512 avg_batch=1 full_batches=0 tail_escape_batches=512 max_wait_flush_batches=0 queue_visibility_stalls=0 partial_visible_batches=0 published=0
[storage-owner] sender completion telemetry owner=3 batches=512 items=512 avg_batch=1 avg_rpc_wall_us=59.9218 max_rpc_wall_us=16766.6 max_active_rpcs=1 max_published=1
[breakdown][measure-mixed] progress elapsed=5s/20s, completed=336222 ops, rate=67244.4 ops/s, interval_rate=67244.4 ops/s, interval_read_qps=66744.6, interval_write_qps=499.8
[storage-owner] sender batch telemetry owner=4 batches=1024 items=1024 avg_batch=1 full_batches=0 tail_escape_batches=1024 max_wait_flush_batches=0 queue_visibility_stalls=0 partial_visible_batches=0 published=0
[storage-owner] sender completion telemetry owner=4 batches=1024 items=1024 avg_batch=1 avg_rpc_wall_us=36.14 max_rpc_wall_us=3849.18 max_active_rpcs=1 max_published=1
[storage-owner] sender batch telemetry owner=0 batches=1024 items=1024 avg_batch=1 full_batches=0 tail_escape_batches=1024 max_wait_flush_batches=0 queue_visibility_stalls=0 partial_visible_batches=0 published=0
[storage-owner] sender completion telemetry owner=0 batches=1024 items=1024 avg_batch=1 avg_rpc_wall_us=27.2723 max_rpc_wall_us=1293.73 max_active_rpcs=1 max_published=1
[storage-owner] sender batch telemetry owner=1 batches=1024 items=1024 avg_batch=1 full_batches=0 tail_escape_batches=1024 max_wait_flush_batches=0 queue_visibility_stalls=0 partial_visible_batches=0 published=0
[storage-owner] sender completion telemetry owner=1 batches=1024 items=1024 avg_batch=1 avg_rpc_wall_us=40.2668 max_rpc_wall_us=11085 max_active_rpcs=1 max_published=1
[storage-owner] sender batch telemetry owner=2 batches=1024 items=1024 avg_batch=1 full_batches=0 tail_escape_batches=1024 max_wait_flush_batches=0 queue_visibility_stalls=0 partial_visible_batches=0 published=0
[storage-owner] sender completion telemetry owner=2 batches=1024 items=1024 avg_batch=1 avg_rpc_wall_us=54.4214 max_rpc_wall_us=15624.7 max_active_rpcs=1 max_published=1
[storage-owner] sender batch telemetry owner=3 batches=1024 items=1024 avg_batch=1 full_batches=0 tail_escape_batches=1024 max_wait_flush_batches=0 queue_visibility_stalls=0 partial_visible_batches=0 published=0
[storage-owner] sender completion telemetry owner=3 batches=1024 items=1024 avg_batch=1 avg_rpc_wall_us=53.3385 max_rpc_wall_us=16766.6 max_active_rpcs=1 max_published=1
[breakdown][measure-mixed] progress elapsed=10s/20s, completed=671903 ops, rate=67190.3 ops/s, interval_rate=67136.2 ops/s, interval_read_qps=66636.2, interval_write_qps=500
[breakdown][measure-mixed] progress elapsed=15s/20s, completed=1008111 ops, rate=67207.4 ops/s, interval_rate=67241.6 ops/s, interval_read_qps=66741.6, interval_write_qps=500
[storage-owner] sender batch telemetry owner=4 batches=2048 items=2048 avg_batch=1 full_batches=0 tail_escape_batches=2048 max_wait_flush_batches=0 queue_visibility_stalls=0 partial_visible_batches=0 published=0
[storage-owner] sender completion telemetry owner=4 batches=2048 items=2048 avg_batch=1 avg_rpc_wall_us=37.257 max_rpc_wall_us=8477.01 max_active_rpcs=1 max_published=1
[storage-owner] sender batch telemetry owner=0 batches=2048 items=2048 avg_batch=1 full_batches=0 tail_escape_batches=2048 max_wait_flush_batches=0 queue_visibility_stalls=0 partial_visible_batches=0 published=0
[storage-owner] sender completion telemetry owner=0 batches=2048 items=2048 avg_batch=1 avg_rpc_wall_us=30.6365 max_rpc_wall_us=4243.32 max_active_rpcs=1 max_published=1
[storage-owner] sender batch telemetry owner=1 batches=2048 items=2048 avg_batch=1 full_batches=0 tail_escape_batches=2048 max_wait_flush_batches=0 queue_visibility_stalls=0 partial_visible_batches=0 published=0
[storage-owner] sender completion telemetry owner=1 batches=2048 items=2048 avg_batch=1 avg_rpc_wall_us=40.4994 max_rpc_wall_us=11085 max_active_rpcs=1 max_published=1
[storage-owner] sender batch telemetry owner=2 batches=2048 items=2048 avg_batch=1 full_batches=0 tail_escape_batches=2048 max_wait_flush_batches=0 queue_visibility_stalls=0 partial_visible_batches=0 published=0
[storage-owner] sender completion telemetry owner=2 batches=2048 items=2048 avg_batch=1 avg_rpc_wall_us=56.9111 max_rpc_wall_us=15624.7 max_active_rpcs=1 max_published=1
[storage-owner] sender batch telemetry owner=3 batches=2048 items=2048 avg_batch=1 full_batches=0 tail_escape_batches=2048 max_wait_flush_batches=0 queue_visibility_stalls=0 partial_visible_batches=0 published=0
[storage-owner] sender completion telemetry owner=3 batches=2048 items=2048 avg_batch=1 avg_rpc_wall_us=47.0827 max_rpc_wall_us=16766.6 max_active_rpcs=1 max_published=1
[breakdown][measure-mixed] progress elapsed=20s/20s, completed=1346300 ops, rate=67315 ops/s, interval_rate=67637.8 ops/s, interval_read_qps=67137.8, interval_write_qps=500
[breakdown][measure-mixed] done measurement_elapsed=20s/20s, measurement_completed=1346300 ops, measurement_avg_rate=67315 ops/s, drain_elapsed=0.00640465s, drain_completed=255 ops
[breakdown][measure] maintenance drain elapsed=0.0477015s complete=yes
[breakdown] Stage2 telemetry publication observed=10001 expected=10000
[breakdown][measure-mixed] reads issued/completed=1336555/1336555, writes issued/completed=10000/10000 (insert=10000, upsert=0, delete=0)
[breakdown][static_gt_post_recall] done 1000/1000 ops, avg_rate=46007.9 ops/s
[breakdown][recall] after_performance recall@10=0.9388 queries=1000
system_variant
  profile_name: 04_gpu_persistent_gpunetio
  label: full
  update_mutation_api: insert_upsert_erase
  storage_owner_update_completion_mode: decoupled
  gpu_dynamic_graph_access_mode: manual
  gpu_rdma_search_progression_mode: decoupled
  index_prefix: /data/xjs/index/dvstor_sift100m/index/sift100m_R96_bw128_metis_pmd32_pq32_schema16
  index_schema_version: 16
  index_build_fingerprint: 68737734120060254
query_inputs
  recall_source: /data/xjs/index/dvstor_sift100m/converted/query.u8bin
  recall_rows: 10000
  performance_source: /data/xjs/datasets/sift1b/sift100m_to_110m_query.u8bin
  performance_rows: 10000000
  performance_row_reuse_policy: single_pass_no_reuse
  performance_warmup/measure/total_rows_consumed: 330361/1336555/1666916
throughput
  duration_seconds: 20.0063
  total_ops_per_sec: 67306.4 (ops=1346555)
  query_ops_per_sec: 66827.8 (ops=1336555)
  effective_query_ops_per_sec: 66806.5
  write_ops_per_sec: 500 (ops=10000)
  effective_write_ops_per_sec: 499.841
  insert_ops_per_sec: 500 (ops=10000)
  client_drain_seconds: 0.00634878
  scheduled_query/write_ops: 0/10000
  query/write_rate_attainment_ratio: 1/1
  nominal/effective_rate_basis: configured_schedule_window/wall_clock_including_client_drain
  write_mix_completed: insert=10000 upsert=0 delete=0
  query_head/tail_qps: 66707.5/66838.5
  query_tail_to_head_ratio: 1.00196
  query_min_5s_qps: 66636.2
  write_head/tail_qps: 499.933/500
  write_tail_to_head_ratio: 1.00013
  write_min_5s_qps: 499.8
  zero_completion_windows: 0
  zero_query/write_windows: 0/0
stage2
  source: in_band_control_page
  shards observed/requested: 5/5
  p99_stage2_delay_upper_ms: 256 (samples=10001)
  remaining/max_backlog: 19/25
  completion_outstanding/admission_window: 19/327680 (max_per_shard=8)
  completion_incomplete/admission_window: 19/327680 (max_per_shard=8, completed_behind_hole=0)
  completion admission stalls logical/physical: 0/0
  backlog_slope_per_sec: -1.24989
  failures (hard): 0
  peer_reverse_retry_attempts: 2
  locality telemetry: home_match_rate=0.890911 cross_edge_reduction=0.235216 avg_frontier/expansions/scored=622.17/21.3612/1176.66
  search budget exhausted (stage1/stage2): 0/0
  execution batching: contexts=2685 avg_items=3.71583 graph_reads/wave=5.83568 vector_reads/wave=70.902 pressure_yields=2
  ordered graph issue: issued/hit/wasted=172299/168374/3930 promotion_ratio=0.977191
  graph home RPC: batches/items/avg_items=40424/216988/5.3678
  executor service demand: stage1_total/search/prune_us=4354.49/3974.73/270.632 stage1_candidates/frontier/neighbors=127.993/621.797/43.6389 stage2_search/freeze/reverse_us=1993.61/300.254/1077.03
recall
  recall@10: 0.9401
  queries: 1000
  mode/base_id_limit/search_width/insufficient_queries: all/0/10/0
  query_file: /data/xjs/index/dvstor_sift100m/converted/query.u8bin
  groundtruth_file: /data/xjs/index/dvstor_sift100m/converted/groundtruth_100M.bin
static_gt_post_recall
  recall@10: 0.9388
  queries: 1000
  mode/base_id_limit/search_width/insufficient_queries: all/0/10/0
  query_file: /data/xjs/index/dvstor_sift100m/converted/query.u8bin
  groundtruth_file: /data/xjs/index/dvstor_sift100m/converted/groundtruth_100M.bin
gpu_persistent
  GPU memory explicit/base_pq/route GiB: 4.30936/2.98023/2.87592e-06
  average_batch_size: 1.24395
  average_submission_wait_us: 3.23708
  rdma_read_bytes: 133382067224
  owner WQE submitted/capacity/utilization: 631911668/24237015040/0.0260722
  owner critical/speculative batches: 31832270/155215
  graph_route_hit_ratio/refreshes: 0/0
  graph snapshot reread records total/per_query: 41262/0.0308719
  graph RDMA bytes total/per_query/per_parent: 107377524784/80339/419.228
  graph live/full/fallback/underhint/promotions reads: 256082027/50355/41262/41262/40951
  expanded parents/neighbor sum/average degree: 255935916/12023476979/46.9785
  expanded degree histogram (ceil(degree/8), overflow=13): [0,199766,6433470,25926311,41155386,42999257,37647881,29115625,21325023,15061333,10716732,8062833,17292296,3]
  dynamic expanded parents/neighbor sum/average degree/share: 3931431/163147637/41.4983/0.015361
  dynamic expanded degree histogram (ceil(degree/8), overflow=13): [0,20001,269899,563839,795979,476713,570806,401906,199053,226459,170824,133048,102904,0]
  DynaExtent short/full/bytes/fallback/promotions/demotions: 3933329/7076/1483274832/11/9/0
  DynaExtent snapshot-attempts/nonfallback-full-attempts/short-physical-ratio/fallback-ratio/bytes-per-physical-read: 3940405/7065/0.998204/2.79661e-06/376.427
  ASFE logical expansions total/per_query: 255935916/191.489
  ASFE critical/speculative graph reads: 255976596/155215
  ASFE critical/speculative graph bytes: 107297717200/79807584
  ASFE core reads/bytes/arrived/promoted/stale: 247726134/102008834112/247726134/247685443/2944933
  ASFE core waves/ready waves/ready ratio: 17741209/1164663/0.0656473
  terminal exact cache attempts/rate: 1336555/1
  terminal exact cache issued/promoted/misses/rejects (total/per_query): 171079040/128, 166185644/124.339, 0/0, 0/0
  terminal exact cache promotion/waste ratio: 0.971397/0.0286031
  terminal exact cache wasted bytes total/per_query: 743796192/556.502
  ASFE completion scoring batches/candidates (total/per_query/candidates_per_batch): 19219727/14.38, 12023476979/8995.87/625.58
  ASFE reusable exact certificates total/per_query: 19219727/14.38
  ASFE streamed runs/ordered scoring batches/candidates (total/per_query/candidates_per_batch): 37765137/28.2556, 0/0, 0/0/0
  OOO ROB parents retired beyond an unresolved rank hole (total/per_query): 33496573/25.0619
  ASFE reusable prefix ranks/full/issued certificates (total/per_query): 250757377/187.615, 0/0, 17741209/13.2738
  ASFE certificate rejects total/per_query: 0/0
  ASFE speculative wasted bytes/ratio: 79802672/0.999938
  ASFE speculative arrived/promoted/stale/queue_rejects: 155215/11/155204/11869
  ASFE promotion/waste ratio: 7.08694e-05/0.999929
  ASFE issue/commit epochs: 17883172/19219727
  ASFE average issue/commit width: 14.0219/13.3163
  ASFE issue capacity/utilization: 16.0094/0.875858
  ASFE max issue/commit width: 17/16
  ASFE critical ROB hits/speculative wait ns/us_per_query: 247685454/1344546765525/1005.98
  ASFE critical misses/ROB hit ratio: 8250462/0.967764
  ASFE RDMA completion groups/avg us (critical/speculative): 34326613/96.7997 (155215/102.21)
  GPU occupancy threads/registers/static_shared: 128/166/49120
  GPU occupancy active/effective blocks per SM: 3/3
  GPU persistent query/owner/total blocks: 256/40/298
  centroid route publications/shard_updates/live/snapshot_skips: 1661/3267/20/4
  centroid route probe_reads/body_reads/unchanged_polls/poll_us: 14360/3275/1207/8684
  centroid route query snapshot retries/timeouts: 10032/0
  GPU query/prepare/graph/score/beam/exact us: 3738.64/117.337/397.747/554.41/478.113/282.133
  exact snapshot train batches/fallbacks/success ratio: 1405019/0/1
  GPU graph commit/issue width: 16/32
  GPU graph read/dynamic extent: live-extent/1
  GPU Beam merge policy: stable-run
  Stage2 score-many/graph-issue/home-combining: 1/16/1
  GPU Beam merge total/prepare/sort/materialize us: 478.113/16.4068/229.681/232.024
  dynamic PQ candidates/reads/bytes/incarnation_rejects: 88782174/13209/528360/0
  dynamic PQ reads/query and wait_us/query: 0.00988287/1.75133
  dynamic PQ arena hits/batch_dedup/authoritative_avoidance: 88768965/0/0.999851
  dynamic PQ arena publish success/race/capacity: 9983/3226/25431721
storage_owner_runtime
  submitted/completed batches: 10000/10000
  submitted/completed items: 10000/10000
  average batch / average RPC wall us / max RPC wall us: 1/40.9583/13401.7
insert breakdown
  count: 10000
  latency_ms: mean=4.4105 p50=4.15078 p95=7.38326 p99=9.55855 p999=14.0272
  fine_grained_breakdown: disabled
query breakdown
  count: 1336555
  latency_ms: mean=3.82955 p50=3.77356 p95=4.86064 p99=5.41345 p999=6.17389
  fine_grained_breakdown: disabled
json: /home/xjs/experiment/dvstor/experiment/sift100m/program2/results/program2_20260823_005102/live/04_gpu_persistent_gpunetio/sift100m_04_gpu_persistent_gpunetio_20260823_005419.json
text: /home/xjs/experiment/dvstor/experiment/sift100m/program2/results/program2_20260823_005102/live/04_gpu_persistent_gpunetio/sift100m_04_gpu_persistent_gpunetio_20260823_005419.txt
