============================================================
                        SERVER
============================================================
num clients:                  1
TCP port:                     1235
QP handshake timeout (ms):    10000
IB device:                    <auto>
IB port:                      1
max outstanding CQEs:         64
max send work requests:       4096
max receive work requests:    4096
============================================================
index prefix:                     "/data/xjs/index/dvstor_spacev100m/index/spacev100m_R96_bw128_balanced_pmd32_pq20_schema16"
storage shard:                    "/data/xjs/index/dvstor_spacev100m/index/spacev100m_R96_bw128_balanced_pmd32_pq20_schema16_node2_of5.dat"
storage id:                       1
base vectors:                     100000000
vector ID namespace [0,N):        4294967295
registered memory GiB:            22
====================================================================
1 device(s) found
Selected device: ibp86s0
Selected port state: 4, lid: 8, active_mtu: 5
interleaved policy
num_cores: 112
physical cores per socket: 28
hyperthreading enabled
local process CPU partition: rank 1/5 logical_cpus=22
pairing: 74101 -- 5440
[STATUS]: loaded index metadata from /data/xjs/index/dvstor_spacev100m/index/spacev100m_R96_bw128_balanced_pmd32_pq20_schema16 (layout=plain, vector_data_type=int8)
[STATUS]: storage-owner stage2 candidate width L=128 per shard
allocation size: 23622320128
allocated ALIGNED MEM (no hugepage) at 126196064976960 with buffer size 23622320128
[STATUS]: loading index (19200000128 Bytes) from /data/xjs/index/dvstor_spacev100m/index/spacev100m_R96_bw128_balanced_pmd32_pq20_schema16_node2_of5.dat
[STATUS]: loaded GPU PQ codes (400000000 Bytes) at remote offset 19200004224
[STATUS]: storage-owner idmap loaded entries=20000000 format=owner_sharded_v2_bound immutable_base=true dynamic_shards=256 dynamic_reserved=65536
[STATUS]: compensated physical centroid restored on shard 1: vectors=20000000 entries=4
[STATUS]: register memory and distribute access token
[STATUS]: connect QPs of compute threads
[STATUS]: reserving 64 GPU/bootstrap QPs per compute node
pairing: 74106 -- 5445
pairing: 74111 -- 5450
pairing: 74116 -- 5455
pairing: 74121 -- 5460
pairing: 74126 -- 5465
pairing: 74131 -- 5470
pairing: 74136 -- 5475
pairing: 74141 -- 5480
pairing: 74146 -- 5485
pairing: 74151 -- 5490
pairing: 74156 -- 5495
pairing: 74161 -- 5500
pairing: 74166 -- 5505
pairing: 74171 -- 5510
pairing: 74176 -- 5515
pairing: 74181 -- 5520
pairing: 74186 -- 5525
pairing: 74191 -- 5530
pairing: 74196 -- 5535
pairing: 74201 -- 5540
pairing: 74206 -- 5545
pairing: 74211 -- 5550
pairing: 74216 -- 5555
pairing: 74221 -- 5560
pairing: 74226 -- 5565
pairing: 74231 -- 5570
pairing: 74236 -- 5575
pairing: 74241 -- 5580
pairing: 74246 -- 5585
pairing: 74251 -- 5590
pairing: 74256 -- 5595
pairing: 74261 -- 5600
pairing: 74266 -- 5636
pairing: 74301 -- 5637
pairing: 74302 -- 5638
pairing: 74303 -- 5639
pairing: 74304 -- 5640
pairing: 74305 -- 5641
pairing: 74306 -- 5642
pairing: 74307 -- 5643
pairing: 74308 -- 5644
pairing: 74309 -- 5645
pairing: 74310 -- 5646
pairing: 74311 -- 5647
pairing: 74312 -- 5648
pairing: 74313 -- 5649
pairing: 74314 -- 5650
pairing: 74315 -- 5651
pairing: 74316 -- 5652
pairing: 74317 -- 5653
pairing: 74318 -- 5654
pairing: 74319 -- 5655
pairing: 74320 -- 5656
pairing: 74321 -- 5657
pairing: 74322 -- 5658
pairing: 74323 -- 5659
pairing: 74324 -- 5660
pairing: 74325 -- 5661
pairing: 74326 -- 5662
pairing: 74327 -- 5663
pairing: 74328 -- 5664
pairing: 74329 -- 5665
pairing: 74330 -- 5666
pairing: 74331 -- 5667
[STATUS]: waiting for compute-node startup barrier
1 device(s) found
Selected device: ibp86s0
Selected port state: 4, lid: 8, active_mtu: 5
pairing: 74426 -- 74429
pairing: 74432 -- 74439
pairing: 74441 -- 74446
pairing: 74449 -- 74454
pairing: 74457 -- 74462
pairing: 74465 -- 74470
pairing: 74473 -- 74478
pairing: 74481 -- 74486
pairing: 74489 -- 74485
pairing: 74492 -- 74491
pairing: 74495 -- 74493
pairing: 74497 -- 74494
pairing: 74499 -- 74496
pairing: 74501 -- 74498
pairing: 74503 -- 74500
pairing: 74505 -- 74502
pairing: 74507 -- 74504
pairing: 74509 -- 74506
pairing: 74511 -- 74508
pairing: 74513 -- 74510
pairing: 74515 -- 74512
pairing: 74517 -- 74514
pairing: 74519 -- 74516
pairing: 74521 -- 74518
pairing: 74524 -- 74520
pairing: 74526 -- 74522
pairing: 74527 -- 74523
pairing: 74529 -- 74525
pairing: 74531 -- 74528
pairing: 74533 -- 74530
pairing: 74535 -- 74532
pairing: 74537 -- 74536
[STATUS]: storage-owner peer RDMA QPs per peer: 8
[STATUS]: storage-owner peer QP0 reserved for RPC; data RDMA uses QP1..7
allocated ALIGNED MEM (no hugepage) at 126194997526592 with buffer size 67108864
allocated ALIGNED MEM (no hugepage) at 126194957680704 with buffer size 39839040
[STATUS]: storage-owner peer RPC receive slots per peer: 64 (requested=64)
[STATUS]: storage-owner peer RPC concurrent sends per peer: 16
[STATUS]: storage-owner peer RPC send credits: Stage1/graph are split at depth >= 2; responses use a dedicated sync buffer
[STATUS]: storage-owner peer async response capacity: 32768
[STATUS]: storage-owner Stage2 home RPC combining: enabled logical_capacity=18432 aggregate_capacity=4608 byte_budget=33586224
allocated ALIGNED MEM (no hugepage) at 100989921539584 with buffer size 96256
allocated ALIGNED MEM (no hugepage) at 126195232510016 with buffer size 212992
allocated ALIGNED MEM (no hugepage) at 126195224805440 with buffer size 212992
[STATUS]: storage-owner peer reverse-update workers: 2
[STATUS]: storage-owner peer Stage1 workers: 3; Stage2-home workers: 1 (one reserved; shared lanes borrow authoritative work only)
[STATUS]: storage-owner physical control workers: cleanup=1 placement=1 (separate blocking domains)
[STATUS]: storage-owner peer progress threads: cq=1 response_dispatch=1
[STATUS]: storage-owner Stage1 artifact capacity: 67584 (64-way, per shard=1056) cleanup replay per shard=2048 active migration receipts=131072
[STATUS]: storage-owner peer reverse-update tuning: queue_depth=65536 coalesce_max=256
allocated ALIGNED MEM (no hugepage) at 126195216871488 with buffer size 855296
allocated ALIGNED MEM (no hugepage) at 126195216015424 with buffer size 855296
allocated ALIGNED MEM (no hugepage) at 126195212677184 with buffer size 855296
allocated ALIGNED MEM (no hugepage) at 126195211620416 with buffer size 855296
allocated ALIGNED MEM (no hugepage) at 126195208282176 with buffer size 855296
allocated ALIGNED MEM (no hugepage) at 126195204288576 with buffer size 855296
allocated ALIGNED MEM (no hugepage) at 126195203432512 with buffer size 855296
allocated ALIGNED MEM (no hugepage) at 126195200094272 with buffer size 855296
[STATUS]: storage-owner peer scratch: snapshot_slot=192 graph_slot=832 batch=256 lane_peak_rdma_wrs=56 lane_useful_wave_rdma_wrs=56 global_read_window=224 search_lanes_global=32 search_lanes_credit_derived=16 search_lane_lease_cap=32 search_lanes_physical_per_worker=4 ready_context_runtime_epoch=1 bytes_per_lane=213824 bytes_total=6842368
[STATUS]: storage-owner maintenance workers: 8 (configured=8, admission_baseline_workers=2, context_limit=32, semantic_execution_batch=8, work_conserving=true)
[STATUS]: storage-owner stage2 reverse outbox descriptors: 128 aggregates=128 wire_max_ops=3072 (shared per-peer work-conserving aggregation)
[STATUS]: storage-owner maintenance tuning: protocol=centroid-home-two-stage compaction_batch_target=32 packing_policy=deterministic_b8 packing_tail_wait_us=arrival_adaptive_capped_25000 packing_context_limit=8 backlog_limit=65536 admission_credit=bounded_accepted_backlog admission_window=65536 physical_completion_capacity=65536
[STATUS]: storage-owner peer RDMA read credits: per_data_qp=8 data_qps_per_peer=7 per_peer=56 global=224 shared_cq_read_budget=8095 ordered_snapshot_pairs_per_chain=4 (requested_per_data_qp=16)
[STATUS]: storage-owner online insert tuning: construction_beam=128 snapshot_batch=256 protocol=centroid-home-two-stage
[STATUS]: storage-owner stage1=physical-home local search and backlinks; stage2=generation-fenced home expand+score continuation
[STATUS]: storage-owner responses=foreground direct post; completion=repost by service poller
[STATUS]: storage-owner foreground pipeline: coordinators=12 cpu_lanes=3 (assigned_cpus=22, rpc_parallelism=16)
[STATUS]: storage-owner CPU plan: foreground_cpu=3 foreground_coordinators=12 maintenance=8 peer_stage1=4 (split into isolated Stage1/Stage2-home domains) peer_reverse=2 peer_cleanup=1 peer_placement=1 peer_progress=2 foreground_progress=1
[STATUS]: storage-owner insert runtime enabled on shard 1
[STATUS]: storage-owner maintenance observation: enqueued=145 stage2_enqueued=145 cleanup_enqueued=0 stage2_tasks_done=128 stage2_finalized_live=128 cleanup_processed=0 stale=0 stage2_completion_ratio=0.882759 live_stage2_completion_ratio=0.882759 avg_stage2_delay_ms=244.488727 p99_stage2_delay_upper_ms=512.000000 p99_stage2_delay_over_30s=false stage2_delay_histogram=0,0,0,0,0,0,0,15,62,51,0,0,0,0,0,0,0,0 max_stage2_delay_ms=493.421441 compaction_batch_target=32 compaction_max_delay_ms=25.000000 stage2_rate_per_sec=25.480048 stage1_search_budget_exhausted=0 stage2_search_budget_exhausted=0 stage2_continuations=144 stage2_remote_frontier_items=950612 avg_stage2_remote_frontier=6601.472222 stage2_remote_expansions=14834 avg_stage2_remote_expansions=103.013889 stage2_scored_candidates=1375775 avg_stage2_scored_candidates=9553.993056 stage2_graph_read_waves=3628 avg_stage2_expansions_per_graph_wave=4.088754 stage2_graph_unique_reads=15366 stage2_graph_prefetch_issued=10033 stage2_graph_prefetch_hits=9515 stage2_graph_prefetch_wasted=489 stage2_graph_prefetch_promotion_ratio=0.951120 stage2_graph_issue_width_current=16 stage2_vector_read_waves=6492 avg_stage2_scores_per_vector_wave=211.918515 stage2_vector_unique_reads=1261271 stage2_home_rpc_batches=8429 stage2_home_rpc_items=931101 avg_stage2_home_rpc_batch=110.463993 stage2_home_score_rpc_batches=3611 stage2_home_score_rpc_items=915735 stage2_home_score_rpc_queries=13997 stage2_home_score_rpc_request_bytes=23550952 stage2_home_score_rpc_response_bytes=29448168 avg_stage2_home_score_queries_per_rpc=3.876212 avg_stage2_home_score_rpc_batch=253.595957 stage2_home_scored_neighbors=1030181 home_scores_per_expansion=1.106412 stage2_migrations=124 home_match_rate=0.031250 stage2_final_edges=4845 stage2_cross_edges_stage1_home=4268 stage2_cross_edges_final_home=3399 cross_edge_reduction_ratio=0.203608 failed=0 rpc_timeouts=0 reverse_aggregate_batches=0 reverse_aggregate_logical_requests=0 reverse_aggregate_ops=0 avg_reverse_aggregate_logicals=0.000000 avg_reverse_aggregate_ops=0.000000 max_backlog=8 admission_window=65536 completion_outstanding=18 completion_incomplete=17 completed_behind_hole=1 completion_logical_full_failures=0 completion_physical_full_failures=0 pressure_yields=121 stage2_batches=46 avg_stage2_batch_size=3.130435 packing_target_batch=8 packing_admit_queue_avg=3.130435 packing_admit_queue_max=8 packing_batch_1_7=45 packing_batch_8=1 packing_assembly_batches=46 packing_assembly_wait_ms=1143.912030 packing_arrival_interval_us=11241 packing_waited_batches=45 packing_wait_ms=1125.000000 packing_target_flushes=1 packing_deadline_flushes=45 packing_cleanup_flushes=0 stage2_phase_search_attempts=43 stage2_phase_search_task_attempts=130 stage2_phase_search_elapsed_ms=6337.374287 avg_stage2_phase_search_us_per_task=48749.032977 stage2_phase_freeze_prune_attempts=43 stage2_phase_freeze_prune_task_attempts=130 stage2_phase_freeze_prune_elapsed_ms=187.250906 avg_stage2_phase_freeze_prune_us_per_task=1440.391585 stage2_phase_reverse_prepare_attempts=42 stage2_phase_reverse_prepare_task_attempts=128 stage2_phase_reverse_prepare_elapsed_ms=1098.867054 avg_stage2_phase_reverse_prepare_us_per_task=8584.898859 stage2_phase_placement_authority_attempts=42 stage2_phase_placement_authority_task_attempts=128 stage2_phase_placement_authority_elapsed_ms=337.923254 avg_stage2_phase_placement_authority_us_per_task=2640.025422 stage2_phase_completion_handoff_attempts=42 stage2_phase_completion_handoff_task_attempts=128 stage2_phase_completion_handoff_elapsed_ms=0.060070 avg_stage2_phase_completion_handoff_us_per_task=0.469297 stage2_phase_finalize_attempts=42 stage2_phase_finalize_task_attempts=128 stage2_phase_finalize_elapsed_ms=0.231766 avg_stage2_phase_finalize_us_per_task=1.810672 maintenance_worker_idle_waits=14272 maintenance_worker_idle_ms=36015.365600 maintenance_lost_wake_avoided=2247 maintenance_targeted_wakes=30737 maintenance_generic_wakes=145 maintenance_broadcast_wakes=0 maintenance_context_slots_scanned=132592 maintenance_ready_notifications=15053 maintenance_ready_stale_notifications=0 maintenance_ready_tickets_drained=12783 maintenance_ready_overflow_scans=0 maintenance_ready_fallback_scans=8467 stage2_search_lane_lease_limit=32 stage2_search_lane_lease_peak=8 stage2_search_lane_lease_blocked=0 maintenance_worker_observed_idle_ratio=0.896165 maintenance_worker_observed_busy_ratio=0.103835 physical_stage1_items=145 physical_stage1_total_ns=993646467 physical_stage1_search_ns=944427758 physical_stage1_prune_ns=33252355 physical_stage1_allocate_write_ns=11112918 physical_stage1_backlink_ns=4188407 physical_stage1_candidates=18560 physical_stage1_remote_frontier_items=957402 physical_stage1_neighbors=5066 peer_stage1_enqueued=233 peer_stage1_processed=233 peer_stage1_items=232 avg_peer_stage1_items=0.995708 peer_stage1_rate_per_sec=46.182587 peer_stage1_max_queue=3 peer_stage1_active_workers=0 peer_stage2_home_enqueued=11192 peer_stage2_home_processed=11192 peer_stage2_home_items=1287534 avg_peer_stage2_home_items=115.040565 peer_stage2_home_max_queue=15 peer_stage2_home_response_queue_drops=0 peer_stage2_home_response_send_wait_ms=85.666330 avg_peer_stage2_home_queue_wait_us=14.561819 avg_peer_stage2_home_execution_us=60.721172 peer_stage1_release_deferred_batches=1 peer_stage1_release_deferred_items=1 peer_stage1_duplicate_retry_responses=0 peer_stage1_admission_retry_responses=0 peer_stage1_retry_response_drops=0 peer_stage1_admission_waiters=0 peer_stage1_admission_waiter_items=0 peer_stage1_admission_owned_items=0 peer_stage1_admission_wake_coverage=0 peer_stage1_admission_parked=0 peer_stage1_admission_woken=0 peer_stage1_admission_reparked=0 peer_stage1_max_admission_waiters=0 peer_stage1_duplicate_coalesced=0 peer_reverse_enqueued=309 peer_reverse_processed=309 peer_reverse_remaining=0 peer_reverse_items_enqueued=5508 peer_reverse_items_processed=5508 peer_reverse_rate_per_sec=1096.438327 peer_reverse_failed=7 peer_reverse_max_queue=2 reclaim_pending=24 reclaim_reused=100 dynamic_high_watermark=19600237408 stage2_remaining=1 cleanup_remaining=0 active_contexts=4 active_context_limit=32 repair_remaining=0 remaining=17
[STATUS]: storage-owner maintenance observation: enqueued=332 stage2_enqueued=332 cleanup_enqueued=0 stage2_tasks_done=330 stage2_finalized_live=330 cleanup_processed=0 stale=0 stage2_completion_ratio=0.993976 live_stage2_completion_ratio=0.993976 avg_stage2_delay_ms=199.475960 p99_stage2_delay_upper_ms=512.000000 p99_stage2_delay_over_30s=false stage2_delay_histogram=0,0,0,0,0,0,20,88,133,89,0,0,0,0,0,0,0,0 max_stage2_delay_ms=493.421441 compaction_batch_target=32 compaction_max_delay_ms=25.000000 stage2_rate_per_sec=32.922342 stage1_search_budget_exhausted=0 stage2_search_budget_exhausted=0 stage2_continuations=332 stage2_remote_frontier_items=2102266 avg_stage2_remote_frontier=6332.126506 stage2_remote_expansions=37466 avg_stage2_remote_expansions=112.849398 stage2_scored_candidates=3221280 avg_stage2_scored_candidates=9702.650602 stage2_graph_read_waves=9845 avg_stage2_expansions_per_graph_wave=3.805587 stage2_graph_unique_reads=38857 stage2_graph_prefetch_issued=25412 stage2_graph_prefetch_hits=24173 stage2_graph_prefetch_wasted=1213 stage2_graph_prefetch_promotion_ratio=0.952218 stage2_graph_issue_width_current=16 stage2_vector_read_waves=18627 avg_stage2_scores_per_vector_wave=172.936061 stage2_vector_unique_reads=2941001 stage2_home_rpc_batches=20597 stage2_home_rpc_items=2135248 avg_stage2_home_rpc_batch=103.667913 stage2_home_score_rpc_batches=8300 stage2_home_score_rpc_items=2096391 stage2_home_score_rpc_queries=28042 stage2_home_score_rpc_request_bytes=53516788 stage2_home_score_rpc_response_bytes=67417224 avg_stage2_home_score_queries_per_rpc=3.378554 avg_stage2_home_score_rpc_batch=252.577229 stage2_home_scored_neighbors=2376543 home_scores_per_expansion=1.113006 stage2_migrations=312 home_match_rate=0.054545 stage2_final_edges=12706 stage2_cross_edges_stage1_home=11122 stage2_cross_edges_final_home=8907 cross_edge_reduction_ratio=0.199155 failed=0 rpc_timeouts=0 reverse_aggregate_batches=0 reverse_aggregate_logical_requests=0 reverse_aggregate_ops=0 avg_reverse_aggregate_logicals=0.000000 avg_reverse_aggregate_ops=0.000000 max_backlog=8 admission_window=65536 completion_outstanding=2 completion_incomplete=2 completed_behind_hole=0 completion_logical_full_failures=0 completion_physical_full_failures=0 pressure_yields=760 stage2_batches=130 avg_stage2_batch_size=2.553846 packing_target_batch=8 packing_admit_queue_avg=2.553846 packing_admit_queue_max=8 packing_batch_1_7=129 packing_batch_8=1 packing_assembly_batches=130 packing_assembly_wait_ms=3248.201053 packing_arrival_interval_us=23269 packing_waited_batches=129 packing_wait_ms=3225.000000 packing_target_flushes=1 packing_deadline_flushes=129 packing_cleanup_flushes=0 stage2_phase_search_attempts=129 stage2_phase_search_task_attempts=330 stage2_phase_search_elapsed_ms=13115.908598 avg_stage2_phase_search_us_per_task=39745.177570 stage2_phase_freeze_prune_attempts=129 stage2_phase_freeze_prune_task_attempts=330 stage2_phase_freeze_prune_elapsed_ms=404.119724 avg_stage2_phase_freeze_prune_us_per_task=1224.605224 stage2_phase_reverse_prepare_attempts=129 stage2_phase_reverse_prepare_task_attempts=330 stage2_phase_reverse_prepare_elapsed_ms=2934.791137 avg_stage2_phase_reverse_prepare_us_per_task=8893.306476 stage2_phase_placement_authority_attempts=129 stage2_phase_placement_authority_task_attempts=330 stage2_phase_placement_authority_elapsed_ms=877.422677 avg_stage2_phase_placement_authority_us_per_task=2658.856597 stage2_phase_completion_handoff_attempts=129 stage2_phase_completion_handoff_task_attempts=330 stage2_phase_completion_handoff_elapsed_ms=0.187371 avg_stage2_phase_completion_handoff_us_per_task=0.567791 stage2_phase_finalize_attempts=129 stage2_phase_finalize_task_attempts=330 stage2_phase_finalize_elapsed_ms=0.623417 avg_stage2_phase_finalize_us_per_task=1.889142 maintenance_worker_idle_waits=40704 maintenance_worker_idle_ms=72755.957281 maintenance_lost_wake_avoided=5373 maintenance_targeted_wakes=71864 maintenance_generic_wakes=332 maintenance_broadcast_wakes=0 maintenance_context_slots_scanned=302208 maintenance_ready_notifications=39852 maintenance_ready_stale_notifications=0 maintenance_ready_tickets_drained=34295 maintenance_ready_overflow_scans=0 maintenance_ready_fallback_scans=19026 stage2_search_lane_lease_limit=32 stage2_search_lane_lease_peak=8 stage2_search_lane_lease_blocked=0 maintenance_worker_observed_idle_ratio=0.907309 maintenance_worker_observed_busy_ratio=0.092691 physical_stage1_items=332 physical_stage1_total_ns=1855502771 physical_stage1_search_ns=1762610541 physical_stage1_prune_ns=62560640 physical_stage1_allocate_write_ns=21339732 physical_stage1_backlink_ns=7838458 physical_stage1_candidates=42494 physical_stage1_remote_frontier_items=2102266 physical_stage1_neighbors=11592 peer_stage1_enqueued=538 peer_stage1_processed=538 peer_stage1_items=530 avg_peer_stage1_items=0.985130 peer_stage1_rate_per_sec=52.875276 peer_stage1_max_queue=3 peer_stage1_active_workers=0 peer_stage2_home_enqueued=41497 peer_stage2_home_processed=41497 peer_stage2_home_items=4676779 avg_peer_stage2_home_items=112.701617 peer_stage2_home_max_queue=23 peer_stage2_home_response_queue_drops=0 peer_stage2_home_response_send_wait_ms=346.239938 avg_peer_stage2_home_queue_wait_us=15.319570 avg_peer_stage2_home_execution_us=53.375642 peer_stage1_release_deferred_batches=8 peer_stage1_release_deferred_items=8 peer_stage1_duplicate_retry_responses=0 peer_stage1_admission_retry_responses=0 peer_stage1_retry_response_drops=0 peer_stage1_admission_waiters=0 peer_stage1_admission_waiter_items=0 peer_stage1_admission_owned_items=0 peer_stage1_admission_wake_coverage=0 peer_stage1_admission_parked=0 peer_stage1_admission_woken=0 peer_stage1_admission_reparked=0 peer_stage1_max_admission_waiters=0 peer_stage1_duplicate_coalesced=0 peer_reverse_enqueued=1181 peer_reverse_processed=1180 peer_reverse_remaining=1 peer_reverse_items_enqueued=25728 peer_reverse_items_processed=25648 peer_reverse_rate_per_sec=2558.764314 peer_reverse_failed=26 peer_reverse_max_queue=16 reclaim_pending=0 reclaim_reused=312 dynamic_high_watermark=19600749280 stage2_remaining=0 cleanup_remaining=0 active_contexts=1 active_context_limit=32 repair_remaining=0 remaining=2
[STATUS]: storage-owner maintenance observation: enqueued=473 stage2_enqueued=473 cleanup_enqueued=0 stage2_tasks_done=471 stage2_finalized_live=471 cleanup_processed=0 stale=0 stage2_completion_ratio=0.995772 live_stage2_completion_ratio=0.995772 avg_stage2_delay_ms=162.329858 p99_stage2_delay_upper_ms=512.000000 p99_stage2_delay_over_30s=false stage2_delay_histogram=0,0,0,0,0,0,73,171,138,89,0,0,0,0,0,0,0,0 max_stage2_delay_ms=493.421441 compaction_batch_target=32 compaction_max_delay_ms=25.000000 stage2_rate_per_sec=31.350691 stage1_search_budget_exhausted=0 stage2_search_budget_exhausted=0 stage2_continuations=473 stage2_remote_frontier_items=2912921 avg_stage2_remote_frontier=6158.395349 stage2_remote_expansions=53331 avg_stage2_remote_expansions=112.750529 stage2_scored_candidates=4469688 avg_stage2_scored_candidates=9449.657505 stage2_graph_read_waves=14762 avg_stage2_expansions_per_graph_wave=3.612722 stage2_graph_unique_reads=55145 stage2_graph_prefetch_issued=35978 stage2_graph_prefetch_hits=34291 stage2_graph_prefetch_wasted=1668 stage2_graph_prefetch_promotion_ratio=0.953614 stage2_graph_issue_width_current=16 stage2_vector_read_waves=30173 avg_stage2_scores_per_vector_wave=148.135353 stage2_vector_unique_reads=4080035 stage2_home_rpc_batches=29369 stage2_home_rpc_items=2954287 avg_stage2_home_rpc_batch=100.592019 stage2_home_score_rpc_batches=11577 stage2_home_score_rpc_items=2899142 stage2_home_score_rpc_queries=35512 stage2_home_score_rpc_request_bytes=73686268 stage2_home_score_rpc_response_bytes=93237296 avg_stage2_home_score_queries_per_rpc=3.067461 avg_stage2_home_score_rpc_batch=250.422562 stage2_home_scored_neighbors=3288621 home_scores_per_expansion=1.113169 stage2_migrations=443 home_match_rate=0.059448 stage2_final_edges=18673 stage2_cross_edges_stage1_home=16294 stage2_cross_edges_final_home=13101 cross_edge_reduction_ratio=0.195962 failed=0 rpc_timeouts=0 reverse_aggregate_batches=0 reverse_aggregate_logical_requests=0 reverse_aggregate_ops=0 avg_reverse_aggregate_logicals=0.000000 avg_reverse_aggregate_ops=0.000000 max_backlog=8 admission_window=65536 completion_outstanding=2 completion_incomplete=2 completed_behind_hole=0 completion_logical_full_failures=0 completion_physical_full_failures=0 pressure_yields=760 stage2_batches=203 avg_stage2_batch_size=2.330049 packing_target_batch=8 packing_admit_queue_avg=2.330049 packing_admit_queue_max=8 packing_batch_1_7=202 packing_batch_8=1 packing_assembly_batches=203 packing_assembly_wait_ms=5077.325082 packing_arrival_interval_us=20320 packing_waited_batches=202 packing_wait_ms=5050.000000 packing_target_flushes=1 packing_deadline_flushes=202 packing_cleanup_flushes=0 stage2_phase_search_attempts=202 stage2_phase_search_task_attempts=471 stage2_phase_search_elapsed_ms=15294.191858 avg_stage2_phase_search_us_per_task=32471.744921 stage2_phase_freeze_prune_attempts=202 stage2_phase_freeze_prune_task_attempts=471 stage2_phase_freeze_prune_elapsed_ms=489.139442 avg_stage2_phase_freeze_prune_us_per_task=1038.512616 stage2_phase_reverse_prepare_attempts=202 stage2_phase_reverse_prepare_task_attempts=471 stage2_phase_reverse_prepare_elapsed_ms=3268.037396 avg_stage2_phase_reverse_prepare_us_per_task=6938.508272 stage2_phase_placement_authority_attempts=202 stage2_phase_placement_authority_task_attempts=471 stage2_phase_placement_authority_elapsed_ms=933.158202 avg_stage2_phase_placement_authority_us_per_task=1981.227605 stage2_phase_completion_handoff_attempts=202 stage2_phase_completion_handoff_task_attempts=471 stage2_phase_completion_handoff_elapsed_ms=0.269273 avg_stage2_phase_completion_handoff_us_per_task=0.571705 stage2_phase_finalize_attempts=202 stage2_phase_finalize_task_attempts=471 stage2_phase_finalize_elapsed_ms=0.862463 avg_stage2_phase_finalize_us_per_task=1.831132 maintenance_worker_idle_waits=62656 maintenance_worker_idle_ms=111350.100000 maintenance_lost_wake_avoided=6305 maintenance_targeted_wakes=93989 maintenance_generic_wakes=473 maintenance_broadcast_wakes=0 maintenance_context_slots_scanned=386928 maintenance_ready_notifications=60456 maintenance_ready_stale_notifications=0 maintenance_ready_tickets_drained=52788 maintenance_ready_overflow_scans=0 maintenance_ready_fallback_scans=24325 stage2_search_lane_lease_limit=32 stage2_search_lane_lease_peak=8 stage2_search_lane_lease_blocked=0 maintenance_worker_observed_idle_ratio=0.926460 maintenance_worker_observed_busy_ratio=0.073540 physical_stage1_items=473 physical_stage1_total_ns=2462840563 physical_stage1_search_ns=2336008914 physical_stage1_prune_ns=86296111 physical_stage1_allocate_write_ns=28592861 physical_stage1_backlink_ns=10419556 physical_stage1_candidates=60538 physical_stage1_remote_frontier_items=2912921 physical_stage1_neighbors=17250 peer_stage1_enqueued=766 peer_stage1_processed=766 peer_stage1_items=758 avg_peer_stage1_items=0.989556 peer_stage1_rate_per_sec=50.453978 peer_stage1_max_queue=3 peer_stage1_active_workers=0 peer_stage2_home_enqueued=73847 peer_stage2_home_processed=73847 peer_stage2_home_items=8180771 avg_peer_stage2_home_items=110.780005 peer_stage2_home_max_queue=23 peer_stage2_home_response_queue_drops=0 peer_stage2_home_response_send_wait_ms=519.125308 avg_peer_stage2_home_queue_wait_us=13.769382 avg_peer_stage2_home_execution_us=50.264127 peer_stage1_release_deferred_batches=8 peer_stage1_release_deferred_items=8 peer_stage1_duplicate_retry_responses=0 peer_stage1_admission_retry_responses=0 peer_stage1_retry_response_drops=0 peer_stage1_admission_waiters=0 peer_stage1_admission_waiter_items=0 peer_stage1_admission_owned_items=0 peer_stage1_admission_wake_coverage=0 peer_stage1_admission_parked=0 peer_stage1_admission_woken=0 peer_stage1_admission_reparked=0 peer_stage1_max_admission_waiters=0 peer_stage1_duplicate_coalesced=0 peer_reverse_enqueued=2059 peer_reverse_processed=2059 peer_reverse_remaining=0 peer_reverse_items_enqueued=48829 peer_reverse_items_processed=48829 peer_reverse_rate_per_sec=3250.154731 peer_reverse_failed=48 peer_reverse_max_queue=16 reclaim_pending=1 reclaim_reused=442 dynamic_high_watermark=19601369280 stage2_remaining=0 cleanup_remaining=0 active_contexts=1 active_context_limit=32 repair_remaining=0 remaining=2
[STATUS]: storage-owner maintenance observation: enqueued=740 stage2_enqueued=740 cleanup_enqueued=0 stage2_tasks_done=735 stage2_finalized_live=735 cleanup_processed=0 stale=0 stage2_completion_ratio=0.993243 live_stage2_completion_ratio=0.993243 avg_stage2_delay_ms=138.222793 p99_stage2_delay_upper_ms=512.000000 p99_stage2_delay_over_30s=false stage2_delay_histogram=0,0,0,0,0,0,131,330,185,89,0,0,0,0,0,0,0,0 max_stage2_delay_ms=493.421441 compaction_batch_target=32 compaction_max_delay_ms=25.000000 stage2_rate_per_sec=36.706694 stage1_search_budget_exhausted=0 stage2_search_budget_exhausted=0 stage2_continuations=739 stage2_remote_frontier_items=4347653 avg_stage2_remote_frontier=5883.156969 stage2_remote_expansions=83000 avg_stage2_remote_expansions=112.313938 stage2_scored_candidates=6626804 avg_stage2_scored_candidates=8967.258457 stage2_graph_read_waves=22825 avg_stage2_expansions_per_graph_wave=3.636364 stage2_graph_unique_reads=85653 stage2_graph_prefetch_issued=56442 stage2_graph_prefetch_hits=53997 stage2_graph_prefetch_wasted=2401 stage2_graph_prefetch_promotion_ratio=0.957428 stage2_graph_issue_width_current=16 stage2_vector_read_waves=48281 avg_stage2_scores_per_vector_wave=137.254904 stage2_vector_unique_reads=6056496 stage2_home_rpc_batches=44653 stage2_home_rpc_items=4410597 avg_stage2_home_rpc_batch=98.774931 stage2_home_score_rpc_batches=17389 stage2_home_score_rpc_items=4324944 stage2_home_score_rpc_queries=52338 stage2_home_score_rpc_request_bytes=109865564 stage2_home_score_rpc_response_bytes=139097112 avg_stage2_home_score_queries_per_rpc=3.009834 avg_stage2_home_score_rpc_batch=248.717235 stage2_home_scored_neighbors=4895007 home_scores_per_expansion=1.109829 stage2_migrations=688 home_match_rate=0.063946 stage2_final_edges=29172 stage2_cross_edges_stage1_home=25340 stage2_cross_edges_final_home=20479 cross_edge_reduction_ratio=0.191831 failed=0 rpc_timeouts=0 reverse_aggregate_batches=0 reverse_aggregate_logical_requests=0 reverse_aggregate_ops=0 avg_reverse_aggregate_logicals=0.000000 avg_reverse_aggregate_ops=0.000000 max_backlog=8 admission_window=65536 completion_outstanding=5 completion_incomplete=5 completed_behind_hole=0 completion_logical_full_failures=0 completion_physical_full_failures=0 pressure_yields=851 stage2_batches=309 avg_stage2_batch_size=2.391586 packing_target_batch=8 packing_admit_queue_avg=2.391586 packing_admit_queue_max=8 packing_batch_1_7=308 packing_batch_8=1 packing_assembly_batches=309 packing_assembly_wait_ms=7732.588317 packing_arrival_interval_us=15745 packing_waited_batches=308 packing_wait_ms=7700.000000 packing_target_flushes=1 packing_deadline_flushes=308 packing_cleanup_flushes=0 stage2_phase_search_attempts=308 stage2_phase_search_task_attempts=735 stage2_phase_search_elapsed_ms=20248.589618 avg_stage2_phase_search_us_per_task=27549.101521 stage2_phase_freeze_prune_attempts=308 stage2_phase_freeze_prune_task_attempts=735 stage2_phase_freeze_prune_elapsed_ms=646.579397 avg_stage2_phase_freeze_prune_us_per_task=879.699860 stage2_phase_reverse_prepare_attempts=308 stage2_phase_reverse_prepare_task_attempts=735 stage2_phase_reverse_prepare_elapsed_ms=3836.927971 avg_stage2_phase_reverse_prepare_us_per_task=5220.310165 stage2_phase_placement_authority_attempts=308 stage2_phase_placement_authority_task_attempts=735 stage2_phase_placement_authority_elapsed_ms=1091.752782 avg_stage2_phase_placement_authority_us_per_task=1485.377935 stage2_phase_completion_handoff_attempts=308 stage2_phase_completion_handoff_task_attempts=735 stage2_phase_completion_handoff_elapsed_ms=0.399542 avg_stage2_phase_completion_handoff_us_per_task=0.543595 stage2_phase_finalize_attempts=308 stage2_phase_finalize_task_attempts=735 stage2_phase_finalize_elapsed_ms=1.244883 avg_stage2_phase_finalize_us_per_task=1.693718 maintenance_worker_idle_waits=92224 maintenance_worker_idle_ms=149116.094009 maintenance_lost_wake_avoided=7910 maintenance_targeted_wakes=131622 maintenance_generic_wakes=740 maintenance_broadcast_wakes=0 maintenance_context_slots_scanned=493280 maintenance_ready_notifications=94250 maintenance_ready_stale_notifications=0 maintenance_ready_tickets_drained=82432 maintenance_ready_overflow_scans=0 maintenance_ready_fallback_scans=30907 stage2_search_lane_lease_limit=32 stage2_search_lane_lease_peak=8 stage2_search_lane_lease_blocked=0 maintenance_worker_observed_idle_ratio=0.930877 maintenance_worker_observed_busy_ratio=0.069123 physical_stage1_items=740 physical_stage1_total_ns=3583683904 physical_stage1_search_ns=3392664703 physical_stage1_prune_ns=130381674 physical_stage1_allocate_write_ns=43055813 physical_stage1_backlink_ns=15396740 physical_stage1_candidates=94711 physical_stage1_remote_frontier_items=4355065 physical_stage1_neighbors=27511 peer_stage1_enqueued=1205 peer_stage1_processed=1204 peer_stage1_items=1192 avg_peer_stage1_items=0.990033 peer_stage1_rate_per_sec=59.529768 peer_stage1_max_queue=3 peer_stage1_active_workers=2 peer_stage2_home_enqueued=103302 peer_stage2_home_processed=103301 peer_stage2_home_items=11332109 avg_peer_stage2_home_items=109.699896 peer_stage2_home_max_queue=23 peer_stage2_home_response_queue_drops=0 peer_stage2_home_response_send_wait_ms=682.944864 avg_peer_stage2_home_queue_wait_us=13.235329 avg_peer_stage2_home_execution_us=48.922109 peer_stage1_release_deferred_batches=12 peer_stage1_release_deferred_items=12 peer_stage1_duplicate_retry_responses=0 peer_stage1_admission_retry_responses=0 peer_stage1_retry_response_drops=0 peer_stage1_admission_waiters=0 peer_stage1_admission_waiter_items=0 peer_stage1_admission_owned_items=0 peer_stage1_admission_wake_coverage=0 peer_stage1_admission_parked=0 peer_stage1_admission_woken=0 peer_stage1_admission_reparked=0 peer_stage1_max_admission_waiters=0 peer_stage1_duplicate_coalesced=0 peer_reverse_enqueued=2891 peer_reverse_processed=2891 peer_reverse_remaining=0 peer_reverse_items_enqueued=69101 peer_reverse_items_processed=69101 peer_reverse_rate_per_sec=3450.978629 peer_reverse_failed=60 peer_reverse_max_queue=16 reclaim_pending=0 reclaim_reused=688 dynamic_high_watermark=19601944640 stage2_remaining=1 cleanup_remaining=0 active_contexts=1 active_context_limit=32 repair_remaining=0 remaining=5
[STATUS]: storage-owner maintenance observation: enqueued=1034 stage2_enqueued=1034 cleanup_enqueued=0 stage2_tasks_done=1025 stage2_finalized_live=1025 cleanup_processed=0 stale=0 stage2_completion_ratio=0.991296 live_stage2_completion_ratio=0.991296 avg_stage2_delay_ms=126.040678 p99_stage2_delay_upper_ms=512.000000 p99_stage2_delay_over_30s=false stage2_delay_histogram=0,0,0,0,0,0,178,536,222,89,0,0,0,0,0,0,0,0 max_stage2_delay_ms=493.421441 compaction_batch_target=32 compaction_max_delay_ms=25.000000 stage2_rate_per_sec=40.961192 stage1_search_budget_exhausted=0 stage2_search_budget_exhausted=0 stage2_continuations=1031 stage2_remote_frontier_items=5890687 avg_stage2_remote_frontier=5713.566440 stage2_remote_expansions=115751 avg_stage2_remote_expansions=112.270611 stage2_scored_candidates=8923805 avg_stage2_scored_candidates=8655.484966 stage2_graph_read_waves=31441 avg_stage2_expansions_per_graph_wave=3.681530 stage2_graph_unique_reads=118946 stage2_graph_prefetch_issued=79091 stage2_graph_prefetch_hits=75962 stage2_graph_prefetch_wasted=3098 stage2_graph_prefetch_promotion_ratio=0.960815 stage2_graph_issue_width_current=16 stage2_vector_read_waves=68890 avg_stage2_scores_per_vector_wave=129.537016 stage2_vector_unique_reads=8164978 stage2_home_rpc_batches=61049 stage2_home_rpc_items=5978296 avg_stage2_home_rpc_batch=97.926190 stage2_home_score_rpc_batches=23718 stage2_home_score_rpc_items=5859350 stage2_home_score_rpc_queries=72161 stage2_home_score_rpc_request_bytes=148975120 stage2_home_score_rpc_response_bytes=188453888 avg_stage2_home_score_queries_per_rpc=3.042457 avg_stage2_home_score_rpc_batch=247.042331 stage2_home_scored_neighbors=6617878 home_scores_per_expansion=1.106984 stage2_migrations=949 home_match_rate=0.074146 stage2_final_edges=40617 stage2_cross_edges_stage1_home=35074 stage2_cross_edges_final_home=28574 cross_edge_reduction_ratio=0.185322 failed=0 rpc_timeouts=0 reverse_aggregate_batches=0 reverse_aggregate_logical_requests=0 reverse_aggregate_ops=0 avg_reverse_aggregate_logicals=0.000000 avg_reverse_aggregate_ops=0.000000 max_backlog=8 admission_window=65536 completion_outstanding=9 completion_incomplete=9 completed_behind_hole=0 completion_logical_full_failures=0 completion_physical_full_failures=0 pressure_yields=851 stage2_batches=420 avg_stage2_batch_size=2.454762 packing_target_batch=8 packing_admit_queue_avg=2.454762 packing_admit_queue_max=8 packing_batch_1_7=418 packing_batch_8=2 packing_assembly_batches=420 packing_assembly_wait_ms=10504.390946 packing_arrival_interval_us=14601 packing_waited_batches=418 packing_wait_ms=10450.000000 packing_target_flushes=2 packing_deadline_flushes=418 packing_cleanup_flushes=0 stage2_phase_search_attempts=419 stage2_phase_search_task_attempts=1029 stage2_phase_search_elapsed_ms=25568.581294 avg_stage2_phase_search_us_per_task=24847.989596 stage2_phase_freeze_prune_attempts=418 stage2_phase_freeze_prune_task_attempts=1025 stage2_phase_freeze_prune_elapsed_ms=815.111604 avg_stage2_phase_freeze_prune_us_per_task=795.230833 stage2_phase_reverse_prepare_attempts=418 stage2_phase_reverse_prepare_task_attempts=1025 stage2_phase_reverse_prepare_elapsed_ms=4316.660965 avg_stage2_phase_reverse_prepare_us_per_task=4211.376551 stage2_phase_placement_authority_attempts=418 stage2_phase_placement_authority_task_attempts=1025 stage2_phase_placement_authority_elapsed_ms=1207.400248 avg_stage2_phase_placement_authority_us_per_task=1177.951461 stage2_phase_completion_handoff_attempts=418 stage2_phase_completion_handoff_task_attempts=1025 stage2_phase_completion_handoff_elapsed_ms=0.535727 avg_stage2_phase_completion_handoff_us_per_task=0.522660 stage2_phase_finalize_attempts=418 stage2_phase_finalize_task_attempts=1025 stage2_phase_finalize_elapsed_ms=1.650384 avg_stage2_phase_finalize_us_per_task=1.610131 maintenance_worker_idle_waits=125120 maintenance_worker_idle_ms=185593.339458 maintenance_lost_wake_avoided=9786 maintenance_targeted_wakes=173562 maintenance_generic_wakes=1034 maintenance_broadcast_wakes=0 maintenance_context_slots_scanned=605168 maintenance_ready_notifications=131566 maintenance_ready_stale_notifications=0 maintenance_ready_tickets_drained=115385 maintenance_ready_overflow_scans=0 maintenance_ready_fallback_scans=37972 stage2_search_lane_lease_limit=32 stage2_search_lane_lease_peak=8 stage2_search_lane_lease_blocked=0 maintenance_worker_observed_idle_ratio=0.927088 maintenance_worker_observed_busy_ratio=0.072912 physical_stage1_items=1034 physical_stage1_total_ns=4794782083 physical_stage1_search_ns=4530526702 physical_stage1_prune_ns=180510282 physical_stage1_allocate_write_ns=59778063 physical_stage1_backlink_ns=20869217 physical_stage1_candidates=132342 physical_stage1_remote_frontier_items=5909184 physical_stage1_neighbors=38937 peer_stage1_enqueued=1680 peer_stage1_processed=1680 peer_stage1_items=1664 avg_peer_stage1_items=0.990476 peer_stage1_rate_per_sec=66.496998 peer_stage1_max_queue=3 peer_stage1_active_workers=0 peer_stage2_home_enqueued=131833 peer_stage2_home_processed=131833 peer_stage2_home_items=14296594 avg_peer_stage2_home_items=108.444729 peer_stage2_home_max_queue=23 peer_stage2_home_response_queue_drops=0 peer_stage2_home_response_send_wait_ms=843.878936 avg_peer_stage2_home_queue_wait_us=12.975222 avg_peer_stage2_home_execution_us=47.964383 peer_stage1_release_deferred_batches=17 peer_stage1_release_deferred_items=17 peer_stage1_duplicate_retry_responses=0 peer_stage1_admission_retry_responses=0 peer_stage1_retry_response_drops=0 peer_stage1_admission_waiters=0 peer_stage1_admission_waiter_items=0 peer_stage1_admission_owned_items=0 peer_stage1_admission_wake_coverage=0 peer_stage1_admission_parked=0 peer_stage1_admission_woken=0 peer_stage1_admission_reparked=0 peer_stage1_max_admission_waiters=0 peer_stage1_duplicate_coalesced=0 peer_reverse_enqueued=3691 peer_reverse_processed=3691 peer_reverse_remaining=0 peer_reverse_items_enqueued=88394 peer_reverse_items_processed=88394 peer_reverse_rate_per_sec=3532.413260 peer_reverse_failed=72 peer_reverse_max_queue=16 reclaim_pending=0 reclaim_reused=949 dynamic_high_watermark=19602502144 stage2_remaining=3 cleanup_remaining=0 active_contexts=2 active_context_limit=32 repair_remaining=0 remaining=9
[STATUS]: storage-owner maintenance observation: enqueued=1197 stage2_enqueued=1197 cleanup_enqueued=0 stage2_tasks_done=1197 stage2_finalized_live=1197 cleanup_processed=0 stale=0 stage2_completion_ratio=1.000000 live_stage2_completion_ratio=1.000000 avg_stage2_delay_ms=121.403081 p99_stage2_delay_upper_ms=512.000000 p99_stage2_delay_over_30s=false stage2_delay_histogram=0,0,0,0,0,0,216,637,255,89,0,0,0,0,0,0,0,0 max_stage2_delay_ms=493.421441 compaction_batch_target=32 compaction_max_delay_ms=25.000000 stage2_rate_per_sec=39.868546 stage1_search_budget_exhausted=0 stage2_search_budget_exhausted=0 stage2_continuations=1197 stage2_remote_frontier_items=6789256 avg_stage2_remote_frontier=5671.893066 stage2_remote_expansions=134582 avg_stage2_remote_expansions=112.432749 stage2_scored_candidates=10265287 avg_stage2_scored_candidates=8575.845447 stage2_graph_read_waves=36713 avg_stage2_expansions_per_graph_wave=3.665786 stage2_graph_unique_reads=138112 stage2_graph_prefetch_issued=91985 stage2_graph_prefetch_hits=88455 stage2_graph_prefetch_wasted=3530 stage2_graph_prefetch_promotion_ratio=0.961624 stage2_graph_issue_width_current=16 stage2_vector_read_waves=81900 avg_stage2_scores_per_vector_wave=125.339280 stage2_vector_unique_reads=9395597 stage2_home_rpc_batches=70823 stage2_home_rpc_items=6889802 avg_stage2_home_rpc_batch=97.281985 stage2_home_score_rpc_batches=27497 stage2_home_score_rpc_items=6751690 stage2_home_score_rpc_queries=83527 stage2_home_score_rpc_request_bytes=171707208 stage2_home_score_rpc_response_bytes=217162232 avg_stage2_home_score_queries_per_rpc=3.037677 avg_stage2_home_score_rpc_batch=245.542786 stage2_home_scored_neighbors=7621019 home_scores_per_expansion=1.106130 stage2_migrations=1111 home_match_rate=0.071846 stage2_final_edges=47370 stage2_cross_edges_stage1_home=40893 stage2_cross_edges_final_home=33346 cross_edge_reduction_ratio=0.184555 failed=0 rpc_timeouts=0 reverse_aggregate_batches=0 reverse_aggregate_logical_requests=0 reverse_aggregate_ops=0 avg_reverse_aggregate_logicals=0.000000 avg_reverse_aggregate_ops=0.000000 max_backlog=8 admission_window=65536 completion_outstanding=0 completion_incomplete=0 completed_behind_hole=0 completion_logical_full_failures=0 completion_physical_full_failures=0 pressure_yields=851 stage2_batches=487 avg_stage2_batch_size=2.457906 packing_target_batch=8 packing_admit_queue_avg=2.457906 packing_admit_queue_max=8 packing_batch_1_7=485 packing_batch_8=2 packing_assembly_batches=487 packing_assembly_wait_ms=12182.660953 packing_arrival_interval_us=11083 packing_waited_batches=485 packing_wait_ms=12125.000000 packing_target_flushes=2 packing_deadline_flushes=485 packing_cleanup_flushes=0 stage2_phase_search_attempts=487 stage2_phase_search_task_attempts=1197 stage2_phase_search_elapsed_ms=28571.617300 avg_stage2_phase_search_us_per_task=23869.354470 stage2_phase_freeze_prune_attempts=487 stage2_phase_freeze_prune_task_attempts=1197 stage2_phase_freeze_prune_elapsed_ms=911.166025 avg_stage2_phase_freeze_prune_us_per_task=761.208041 stage2_phase_reverse_prepare_attempts=487 stage2_phase_reverse_prepare_task_attempts=1197 stage2_phase_reverse_prepare_elapsed_ms=4604.675874 avg_stage2_phase_reverse_prepare_us_per_task=3846.847013 stage2_phase_placement_authority_attempts=487 stage2_phase_placement_authority_task_attempts=1197 stage2_phase_placement_authority_elapsed_ms=1268.187827 avg_stage2_phase_placement_authority_us_per_task=1059.471869 stage2_phase_completion_handoff_attempts=487 stage2_phase_completion_handoff_task_attempts=1197 stage2_phase_completion_handoff_elapsed_ms=0.621750 avg_stage2_phase_completion_handoff_us_per_task=0.519424 stage2_phase_finalize_attempts=487 stage2_phase_finalize_task_attempts=1197 stage2_phase_finalize_elapsed_ms=1.903216 avg_stage2_phase_finalize_us_per_task=1.589988 maintenance_worker_idle_waits=147584 maintenance_worker_idle_ms=222816.878684 maintenance_lost_wake_avoided=10824 maintenance_targeted_wakes=199080 maintenance_generic_wakes=1197 maintenance_broadcast_wakes=0 maintenance_context_slots_scanned=695008 maintenance_ready_notifications=154540 maintenance_ready_stale_notifications=0 maintenance_ready_tickets_drained=135817 maintenance_ready_overflow_scans=0 maintenance_ready_fallback_scans=43649 stage2_search_lane_lease_limit=32 stage2_search_lane_lease_peak=8 stage2_search_lane_lease_blocked=0 maintenance_worker_observed_idle_ratio=0.927672 maintenance_worker_observed_busy_ratio=0.072328 physical_stage1_items=1197 physical_stage1_total_ns=5462492754 physical_stage1_search_ns=5158568944 physical_stage1_prune_ns=207345878 physical_stage1_allocate_write_ns=68689040 physical_stage1_backlink_ns=24259820 physical_stage1_candidates=153200 physical_stage1_remote_frontier_items=6789256 physical_stage1_neighbors=45240 peer_stage1_enqueued=1949 peer_stage1_processed=1949 peer_stage1_items=1928 avg_peer_stage1_items=0.989225 peer_stage1_rate_per_sec=64.216004 peer_stage1_max_queue=3 peer_stage1_active_workers=0 peer_stage2_home_enqueued=151092 peer_stage2_home_processed=151092 peer_stage2_home_items=16249892 avg_peer_stage2_home_items=107.549652 peer_stage2_home_max_queue=23 peer_stage2_home_response_queue_drops=0 peer_stage2_home_response_send_wait_ms=966.694278 avg_peer_stage2_home_queue_wait_us=12.987708 avg_peer_stage2_home_execution_us=47.456341 peer_stage1_release_deferred_batches=22 peer_stage1_release_deferred_items=22 peer_stage1_duplicate_retry_responses=0 peer_stage1_admission_retry_responses=0 peer_stage1_retry_response_drops=0 peer_stage1_admission_waiters=0 peer_stage1_admission_waiter_items=0 peer_stage1_admission_owned_items=0 peer_stage1_admission_wake_coverage=0 peer_stage1_admission_parked=0 peer_stage1_admission_woken=0 peer_stage1_admission_reparked=0 peer_stage1_max_admission_waiters=0 peer_stage1_duplicate_coalesced=0 peer_reverse_enqueued=4265 peer_reverse_processed=4265 peer_reverse_remaining=0 peer_reverse_items_enqueued=101995 peer_reverse_items_processed=101995 peer_reverse_rate_per_sec=3397.153164 peer_reverse_failed=95 peer_reverse_max_queue=16 reclaim_pending=0 reclaim_reused=1111 dynamic_high_watermark=19602881088 stage2_remaining=0 cleanup_remaining=0 active_contexts=0 active_context_limit=32 repair_remaining=0 remaining=0
[STATUS]: storage-owner maintenance observation: enqueued=1197 stage2_enqueued=1197 cleanup_enqueued=0 stage2_tasks_done=1197 stage2_finalized_live=1197 cleanup_processed=0 stale=0 stage2_completion_ratio=1.000000 live_stage2_completion_ratio=1.000000 avg_stage2_delay_ms=121.403081 p99_stage2_delay_upper_ms=512.000000 p99_stage2_delay_over_30s=false stage2_delay_histogram=0,0,0,0,0,0,216,637,255,89,0,0,0,0,0,0,0,0 max_stage2_delay_ms=493.421441 compaction_batch_target=32 compaction_max_delay_ms=25.000000 stage2_rate_per_sec=34.174664 stage1_search_budget_exhausted=0 stage2_search_budget_exhausted=0 stage2_continuations=1197 stage2_remote_frontier_items=6789256 avg_stage2_remote_frontier=5671.893066 stage2_remote_expansions=134582 avg_stage2_remote_expansions=112.432749 stage2_scored_candidates=10265287 avg_stage2_scored_candidates=8575.845447 stage2_graph_read_waves=36713 avg_stage2_expansions_per_graph_wave=3.665786 stage2_graph_unique_reads=138112 stage2_graph_prefetch_issued=91985 stage2_graph_prefetch_hits=88455 stage2_graph_prefetch_wasted=3530 stage2_graph_prefetch_promotion_ratio=0.961624 stage2_graph_issue_width_current=16 stage2_vector_read_waves=81900 avg_stage2_scores_per_vector_wave=125.339280 stage2_vector_unique_reads=9395597 stage2_home_rpc_batches=70823 stage2_home_rpc_items=6889802 avg_stage2_home_rpc_batch=97.281985 stage2_home_score_rpc_batches=27497 stage2_home_score_rpc_items=6751690 stage2_home_score_rpc_queries=83527 stage2_home_score_rpc_request_bytes=171707208 stage2_home_score_rpc_response_bytes=217162232 avg_stage2_home_score_queries_per_rpc=3.037677 avg_stage2_home_score_rpc_batch=245.542786 stage2_home_scored_neighbors=7621019 home_scores_per_expansion=1.106130 stage2_migrations=1111 home_match_rate=0.071846 stage2_final_edges=47370 stage2_cross_edges_stage1_home=40893 stage2_cross_edges_final_home=33346 cross_edge_reduction_ratio=0.184555 failed=0 rpc_timeouts=0 reverse_aggregate_batches=0 reverse_aggregate_logical_requests=0 reverse_aggregate_ops=0 avg_reverse_aggregate_logicals=0.000000 avg_reverse_aggregate_ops=0.000000 max_backlog=8 admission_window=65536 completion_outstanding=0 completion_incomplete=0 completed_behind_hole=0 completion_logical_full_failures=0 completion_physical_full_failures=0 pressure_yields=851 stage2_batches=487 avg_stage2_batch_size=2.457906 packing_target_batch=8 packing_admit_queue_avg=2.457906 packing_admit_queue_max=8 packing_batch_1_7=485 packing_batch_8=2 packing_assembly_batches=487 packing_assembly_wait_ms=12182.660953 packing_arrival_interval_us=11083 packing_waited_batches=485 packing_wait_ms=12125.000000 packing_target_flushes=2 packing_deadline_flushes=485 packing_cleanup_flushes=0 stage2_phase_search_attempts=487 stage2_phase_search_task_attempts=1197 stage2_phase_search_elapsed_ms=28571.617300 avg_stage2_phase_search_us_per_task=23869.354470 stage2_phase_freeze_prune_attempts=487 stage2_phase_freeze_prune_task_attempts=1197 stage2_phase_freeze_prune_elapsed_ms=911.166025 avg_stage2_phase_freeze_prune_us_per_task=761.208041 stage2_phase_reverse_prepare_attempts=487 stage2_phase_reverse_prepare_task_attempts=1197 stage2_phase_reverse_prepare_elapsed_ms=4604.675874 avg_stage2_phase_reverse_prepare_us_per_task=3846.847013 stage2_phase_placement_authority_attempts=487 stage2_phase_placement_authority_task_attempts=1197 stage2_phase_placement_authority_elapsed_ms=1268.187827 avg_stage2_phase_placement_authority_us_per_task=1059.471869 stage2_phase_completion_handoff_attempts=487 stage2_phase_completion_handoff_task_attempts=1197 stage2_phase_completion_handoff_elapsed_ms=0.621750 avg_stage2_phase_completion_handoff_us_per_task=0.519424 stage2_phase_finalize_attempts=487 stage2_phase_finalize_task_attempts=1197 stage2_phase_finalize_elapsed_ms=1.903216 avg_stage2_phase_finalize_us_per_task=1.589988 maintenance_worker_idle_waits=151488 maintenance_worker_idle_ms=262102.249643 maintenance_lost_wake_avoided=10824 maintenance_targeted_wakes=199080 maintenance_generic_wakes=1197 maintenance_broadcast_wakes=0 maintenance_context_slots_scanned=757472 maintenance_ready_notifications=154540 maintenance_ready_stale_notifications=0 maintenance_ready_tickets_drained=135817 maintenance_ready_overflow_scans=0 maintenance_ready_fallback_scans=47624 stage2_search_lane_lease_limit=32 stage2_search_lane_lease_peak=8 stage2_search_lane_lease_blocked=0 maintenance_worker_observed_idle_ratio=0.935386 maintenance_worker_observed_busy_ratio=0.064614 physical_stage1_items=1197 physical_stage1_total_ns=5462492754 physical_stage1_search_ns=5158568944 physical_stage1_prune_ns=207345878 physical_stage1_allocate_write_ns=68689040 physical_stage1_backlink_ns=24259820 physical_stage1_candidates=153200 physical_stage1_remote_frontier_items=6789256 physical_stage1_neighbors=45240 peer_stage1_enqueued=1949 peer_stage1_processed=1949 peer_stage1_items=1928 avg_peer_stage1_items=0.989225 peer_stage1_rate_per_sec=55.044906 peer_stage1_max_queue=3 peer_stage1_active_workers=0 peer_stage2_home_enqueued=151092 peer_stage2_home_processed=151092 peer_stage2_home_items=16249892 avg_peer_stage2_home_items=107.549652 peer_stage2_home_max_queue=23 peer_stage2_home_response_queue_drops=0 peer_stage2_home_response_send_wait_ms=966.694278 avg_peer_stage2_home_queue_wait_us=12.987708 avg_peer_stage2_home_execution_us=47.456341 peer_stage1_release_deferred_batches=22 peer_stage1_release_deferred_items=22 peer_stage1_duplicate_retry_responses=0 peer_stage1_admission_retry_responses=0 peer_stage1_retry_response_drops=0 peer_stage1_admission_waiters=0 peer_stage1_admission_waiter_items=0 peer_stage1_admission_owned_items=0 peer_stage1_admission_wake_coverage=0 peer_stage1_admission_parked=0 peer_stage1_admission_woken=0 peer_stage1_admission_reparked=0 peer_stage1_max_admission_waiters=0 peer_stage1_duplicate_coalesced=0 peer_reverse_enqueued=4265 peer_reverse_processed=4265 peer_reverse_remaining=0 peer_reverse_items_enqueued=101995 peer_reverse_items_processed=101995 peer_reverse_rate_per_sec=2911.984006 peer_reverse_failed=95 peer_reverse_max_queue=16 reclaim_pending=0 reclaim_reused=1111 dynamic_high_watermark=19602881088 stage2_remaining=0 cleanup_remaining=0 active_contexts=0 active_context_limit=32 repair_remaining=0 remaining=0
[STATUS]: storage-owner maintenance observation: enqueued=1197 stage2_enqueued=1197 cleanup_enqueued=0 stage2_tasks_done=1197 stage2_finalized_live=1197 cleanup_processed=0 stale=0 stage2_completion_ratio=1.000000 live_stage2_completion_ratio=1.000000 avg_stage2_delay_ms=121.403081 p99_stage2_delay_upper_ms=512.000000 p99_stage2_delay_over_30s=false stage2_delay_histogram=0,0,0,0,0,0,216,637,255,89,0,0,0,0,0,0,0,0 max_stage2_delay_ms=493.421441 compaction_batch_target=32 compaction_max_delay_ms=25.000000 stage2_rate_per_sec=29.905220 stage1_search_budget_exhausted=0 stage2_search_budget_exhausted=0 stage2_continuations=1197 stage2_remote_frontier_items=6789256 avg_stage2_remote_frontier=5671.893066 stage2_remote_expansions=134582 avg_stage2_remote_expansions=112.432749 stage2_scored_candidates=10265287 avg_stage2_scored_candidates=8575.845447 stage2_graph_read_waves=36713 avg_stage2_expansions_per_graph_wave=3.665786 stage2_graph_unique_reads=138112 stage2_graph_prefetch_issued=91985 stage2_graph_prefetch_hits=88455 stage2_graph_prefetch_wasted=3530 stage2_graph_prefetch_promotion_ratio=0.961624 stage2_graph_issue_width_current=16 stage2_vector_read_waves=81900 avg_stage2_scores_per_vector_wave=125.339280 stage2_vector_unique_reads=9395597 stage2_home_rpc_batches=70823 stage2_home_rpc_items=6889802 avg_stage2_home_rpc_batch=97.281985 stage2_home_score_rpc_batches=27497 stage2_home_score_rpc_items=6751690 stage2_home_score_rpc_queries=83527 stage2_home_score_rpc_request_bytes=171707208 stage2_home_score_rpc_response_bytes=217162232 avg_stage2_home_score_queries_per_rpc=3.037677 avg_stage2_home_score_rpc_batch=245.542786 stage2_home_scored_neighbors=7621019 home_scores_per_expansion=1.106130 stage2_migrations=1111 home_match_rate=0.071846 stage2_final_edges=47370 stage2_cross_edges_stage1_home=40893 stage2_cross_edges_final_home=33346 cross_edge_reduction_ratio=0.184555 failed=0 rpc_timeouts=0 reverse_aggregate_batches=0 reverse_aggregate_logical_requests=0 reverse_aggregate_ops=0 avg_reverse_aggregate_logicals=0.000000 avg_reverse_aggregate_ops=0.000000 max_backlog=8 admission_window=65536 completion_outstanding=0 completion_incomplete=0 completed_behind_hole=0 completion_logical_full_failures=0 completion_physical_full_failures=0 pressure_yields=851 stage2_batches=487 avg_stage2_batch_size=2.457906 packing_target_batch=8 packing_admit_queue_avg=2.457906 packing_admit_queue_max=8 packing_batch_1_7=485 packing_batch_8=2 packing_assembly_batches=487 packing_assembly_wait_ms=12182.660953 packing_arrival_interval_us=11083 packing_waited_batches=485 packing_wait_ms=12125.000000 packing_target_flushes=2 packing_deadline_flushes=485 packing_cleanup_flushes=0 stage2_phase_search_attempts=487 stage2_phase_search_task_attempts=1197 stage2_phase_search_elapsed_ms=28571.617300 avg_stage2_phase_search_us_per_task=23869.354470 stage2_phase_freeze_prune_attempts=487 stage2_phase_freeze_prune_task_attempts=1197 stage2_phase_freeze_prune_elapsed_ms=911.166025 avg_stage2_phase_freeze_prune_us_per_task=761.208041 stage2_phase_reverse_prepare_attempts=487 stage2_phase_reverse_prepare_task_attempts=1197 stage2_phase_reverse_prepare_elapsed_ms=4604.675874 avg_stage2_phase_reverse_prepare_us_per_task=3846.847013 stage2_phase_placement_authority_attempts=487 stage2_phase_placement_authority_task_attempts=1197 stage2_phase_placement_authority_elapsed_ms=1268.187827 avg_stage2_phase_placement_authority_us_per_task=1059.471869 stage2_phase_completion_handoff_attempts=487 stage2_phase_completion_handoff_task_attempts=1197 stage2_phase_completion_handoff_elapsed_ms=0.621750 avg_stage2_phase_completion_handoff_us_per_task=0.519424 stage2_phase_finalize_attempts=487 stage2_phase_finalize_task_attempts=1197 stage2_phase_finalize_elapsed_ms=1.903216 avg_stage2_phase_finalize_us_per_task=1.589988 maintenance_worker_idle_waits=155456 maintenance_worker_idle_ms=302025.027703 maintenance_lost_wake_avoided=10824 maintenance_targeted_wakes=199080 maintenance_generic_wakes=1197 maintenance_broadcast_wakes=0 maintenance_context_slots_scanned=820960 maintenance_ready_notifications=154540 maintenance_ready_stale_notifications=0 maintenance_ready_tickets_drained=135817 maintenance_ready_overflow_scans=0 maintenance_ready_fallback_scans=51599 stage2_search_lane_lease_limit=32 stage2_search_lane_lease_peak=8 stage2_search_lane_lease_blocked=0 maintenance_worker_observed_idle_ratio=0.943204 maintenance_worker_observed_busy_ratio=0.056796 physical_stage1_items=1197 physical_stage1_total_ns=5462492754 physical_stage1_search_ns=5158568944 physical_stage1_prune_ns=207345878 physical_stage1_allocate_write_ns=68689040 physical_stage1_backlink_ns=24259820 physical_stage1_candidates=153200 physical_stage1_remote_frontier_items=6789256 physical_stage1_neighbors=45240 peer_stage1_enqueued=1949 peer_stage1_processed=1949 peer_stage1_items=1928 avg_peer_stage1_items=0.989225 peer_stage1_rate_per_sec=48.168140 peer_stage1_max_queue=3 peer_stage1_active_workers=0 peer_stage2_home_enqueued=151092 peer_stage2_home_processed=151092 peer_stage2_home_items=16249892 avg_peer_stage2_home_items=107.549652 peer_stage2_home_max_queue=23 peer_stage2_home_response_queue_drops=0 peer_stage2_home_response_send_wait_ms=966.694278 avg_peer_stage2_home_queue_wait_us=12.987708 avg_peer_stage2_home_execution_us=47.456341 peer_stage1_release_deferred_batches=22 peer_stage1_release_deferred_items=22 peer_stage1_duplicate_retry_responses=0 peer_stage1_admission_retry_responses=0 peer_stage1_retry_response_drops=0 peer_stage1_admission_waiters=0 peer_stage1_admission_waiter_items=0 peer_stage1_admission_owned_items=0 peer_stage1_admission_wake_coverage=0 peer_stage1_admission_parked=0 peer_stage1_admission_woken=0 peer_stage1_admission_reparked=0 peer_stage1_max_admission_waiters=0 peer_stage1_duplicate_coalesced=0 peer_reverse_enqueued=4265 peer_reverse_processed=4265 peer_reverse_remaining=0 peer_reverse_items_enqueued=101995 peer_reverse_items_processed=101995 peer_reverse_rate_per_sec=2548.189566 peer_reverse_failed=95 peer_reverse_max_queue=16 reclaim_pending=0 reclaim_reused=1111 dynamic_high_watermark=19602881088 stage2_remaining=0 cleanup_remaining=0 active_contexts=0 active_context_limit=32 repair_remaining=0 remaining=0
